Java HotSpot(TM) 64-Bit Server VM (25.101-b13) for windows-amd64 JRE (1.8.0_101-b13), built on Jun 22 2016 01:21:29 by "java_re" with MS VC++ 10.0 (VS2010)
Memory: 4k page, physical 16664920k(10401828k free), swap 18872148k(10467692k free)
CommandLine flags: -XX:InitialHeapSize=266638720 -XX:MaxHeapSize=2147483648 -XX:MaxNewSize=348966912 -XX:MaxTenuringThreshold=6 -XX:OldPLABSize=16 -XX:+PrintGC -XX:+PrintGCDetails -XX:+PrintGCTimeStamps -XX:+UseCompressedClassPointers -XX:+UseCompressedOops -XX:+UseConcMarkSweepGC -XX:-UseLargePagesIndividualAllocation -XX:+UseParNewGC 
10.220: [GC (Allocation Failure) 10.220: [ParNew: 69952K->8704K(78656K), 0.0220627 secs] 69952K->19361K(253440K), 0.0222625 secs] [Times: user=0.01 sys=0.05, real=0.02 secs] 
10.311: [GC (Allocation Failure) 10.312: [ParNew: 78455K->8704K(78656K), 0.0279168 secs] 89112K->42157K(253440K), 0.0279816 secs] [Times: user=0.06 sys=0.00, real=0.03 secs] 
10.402: [GC (Allocation Failure) 10.402: [ParNew: 78434K->8704K(78656K), 0.0235471 secs] 111887K->64634K(253440K), 0.0236378 secs] [Times: user=0.13 sys=0.00, real=0.02 secs] 
10.486: [GC (Allocation Failure) 10.486: [ParNew: 78474K->8704K(78656K), 0.0222837 secs] 134405K->87607K(253440K), 0.0223735 secs] [Times: user=0.06 sys=0.00, real=0.02 secs] 
10.568: [GC (Allocation Failure) 10.568: [ParNew: 78656K->8704K(78656K), 0.0210514 secs] 157559K->110626K(253440K), 0.0211264 secs] [Times: user=0.06 sys=0.00, real=0.02 secs] 
10.589: [GC (CMS Initial Mark) [1 CMS-initial-mark: 101922K(174784K)] 110855K(253440K), 0.0080881 secs] [Times: user=0.02 sys=0.00, real=0.01 secs] 
10.597: [CMS-concurrent-mark-start]
10.658: [GC (Allocation Failure) 10.658: [ParNew: 78656K->8704K(78656K), 0.0220838 secs] 180578K->133680K(253440K), 0.0221547 secs] [Times: user=0.05 sys=0.01, real=0.02 secs] 
10.723: [CMS-concurrent-mark: 0.103/0.125 secs] [Times: user=0.25 sys=0.03, real=0.13 secs] 
10.723: [CMS-concurrent-preclean-start]
10.723: [CMS-concurrent-preclean: 0.001/0.001 secs] [Times: user=0.00 sys=0.00, real=0.00 secs] 
10.723: [CMS-concurrent-abortable-preclean-start]
10.741: [GC (Allocation Failure) 10.741: [ParNew: 78656K->8704K(78656K), 0.0216650 secs] 203632K->156974K(253440K), 0.0217346 secs] [Times: user=0.06 sys=0.00, real=0.02 secs] 
10.800: [CMS-concurrent-abortable-preclean: 0.044/0.077 secs] [Times: user=0.20 sys=0.00, real=0.08 secs] 
10.801: [GC (CMS Final Remark) [YG occupancy: 52717 K (78656 K)]10.801: [Rescan (parallel) , 0.0191289 secs]10.820: [weak refs processing, 0.0000141 secs]10.820: [class unloading, 0.0011511 secs]10.821: [scrub symbol table, 0.0009173 secs]10.822: [scrub string table, 0.0001899 secs][1 CMS-remark: 148270K(174784K)] 200987K(253440K), 0.0215976 secs] [Times: user=0.03 sys=0.00, real=0.02 secs] 
10.822: [CMS-concurrent-sweep-start]
10.823: [CMS-concurrent-sweep: 0.001/0.001 secs] [Times: user=0.00 sys=0.00, real=0.00 secs] 
10.823: [CMS-concurrent-reset-start]
10.825: [CMS-concurrent-reset: 0.002/0.002 secs] [Times: user=0.00 sys=0.00, real=0.00 secs] 
10.844: [GC (Allocation Failure) 10.844: [ParNew: 78656K->8704K(78656K), 0.0187129 secs] 226904K->180029K(325740K), 0.0187905 secs] [Times: user=0.06 sys=0.00, real=0.02 secs] 
10.863: [GC (CMS Initial Mark) [1 CMS-initial-mark: 171325K(247084K)] 180206K(325740K), 0.0071881 secs] [Times: user=0.00 sys=0.00, real=0.01 secs] 
10.871: [CMS-concurrent-mark-start]
10.930: [GC (Allocation Failure) 10.931: [ParNew: 78656K->8704K(78656K), 0.0209949 secs] 249981K->203165K(325740K), 0.0210687 secs] [Times: user=0.09 sys=0.01, real=0.02 secs] 
11.013: [GC (Allocation Failure) 11.013: [ParNew: 78656K->8704K(78656K), 0.0200969 secs] 273117K->226469K(325740K), 0.0201726 secs] [Times: user=0.11 sys=0.02, real=0.02 secs] 
11.082: [CMS-concurrent-mark: 0.169/0.211 secs] [Times: user=0.53 sys=0.03, real=0.21 secs] 
11.082: [CMS-concurrent-preclean-start]
11.082: [CMS-concurrent-preclean: 0.001/0.001 secs] [Times: user=0.00 sys=0.00, real=0.00 secs] 
11.082: [CMS-concurrent-abortable-preclean-start]
11.092: [GC (Allocation Failure) 11.092: [ParNew: 78656K->8704K(78656K), 0.0177510 secs] 296421K->249529K(325740K), 0.0178754 secs] [Times: user=0.05 sys=0.02, real=0.02 secs] 
11.171: [GC (Allocation Failure) 11.171: [ParNew: 78527K->8704K(78656K), 0.0171518 secs] 319353K->272678K(343232K), 0.0172279 secs] [Times: user=0.03 sys=0.03, real=0.02 secs] 
11.188: [CMS-concurrent-abortable-preclean: 0.042/0.105 secs] [Times: user=0.19 sys=0.05, real=0.11 secs] 
11.188: [GC (CMS Final Remark) [YG occupancy: 9130 K (78656 K)]11.188: [Rescan (parallel) , 0.0082302 secs]11.196: [weak refs processing, 0.0000141 secs]11.196: [class unloading, 0.0009683 secs]11.197: [scrub symbol table, 0.0009176 secs]11.198: [scrub string table, 0.0001947 secs][1 CMS-remark: 263974K(264576K)] 273105K(343232K), 0.0104134 secs] [Times: user=0.00 sys=0.00, real=0.01 secs] 
11.198: [CMS-concurrent-sweep-start]
11.199: [CMS-concurrent-sweep: 0.001/0.001 secs] [Times: user=0.00 sys=0.00, real=0.00 secs] 
11.200: [CMS-concurrent-reset-start]
11.201: [CMS-concurrent-reset: 0.002/0.002 secs] [Times: user=0.03 sys=0.00, real=0.00 secs] 
11.260: [GC (Allocation Failure) 11.260: [ParNew: 78497K->8704K(78656K), 0.0171243 secs] 342472K->295828K(518616K), 0.0172102 secs] [Times: user=0.06 sys=0.00, real=0.02 secs] 
11.336: [GC (Allocation Failure) 11.336: [ParNew: 78656K->8704K(78656K), 0.0194272 secs] 365780K->318976K(518616K), 0.0194974 secs] [Times: user=0.05 sys=0.00, real=0.02 secs] 
11.356: [GC (CMS Initial Mark) [1 CMS-initial-mark: 310272K(439960K)] 319430K(518616K), 0.0074524 secs] [Times: user=0.02 sys=0.00, real=0.01 secs] 
11.363: [CMS-concurrent-mark-start]
11.485: [GC (Allocation Failure) 11.485: [ParNew: 78656K->8704K(78656K), 0.0218558 secs] 388928K->342358K(518616K), 0.0219386 secs] [Times: user=0.06 sys=0.00, real=0.02 secs] 
11.586: [GC (Allocation Failure) 11.586: [ParNew: 78656K->8704K(78656K), 0.0226724 secs] 412310K->364982K(518616K), 0.0227529 secs] [Times: user=0.13 sys=0.00, real=0.02 secs] 
11.692: [CMS-concurrent-mark: 0.283/0.329 secs] [Times: user=0.91 sys=0.00, real=0.33 secs] 
11.692: [CMS-concurrent-preclean-start]
11.692: [GC (Allocation Failure) 11.692: [ParNew: 78656K->8704K(78656K), 0.0280252 secs] 434934K->388163K(518616K), 0.0280788 secs] [Times: user=0.13 sys=0.00, real=0.03 secs] 
11.721: [CMS-concurrent-preclean: 0.029/0.029 secs] [Times: user=0.13 sys=0.00, real=0.03 secs] 
11.722: [GC (CMS Final Remark) [YG occupancy: 10154 K (78656 K)]11.722: [Rescan (parallel) , 0.0094923 secs]11.732: [weak refs processing, 0.0000154 secs]11.732: [class unloading, 0.0012656 secs]11.733: [scrub symbol table, 0.0014196 secs]11.734: [scrub string table, 0.0002236 secs][1 CMS-remark: 379459K(439960K)] 389614K(518616K), 0.0127013 secs] [Times: user=0.02 sys=0.00, real=0.01 secs] 
11.735: [CMS-concurrent-sweep-start]
11.736: [CMS-concurrent-sweep: 0.001/0.001 secs] [Times: user=0.00 sys=0.00, real=0.00 secs] 
11.737: [CMS-concurrent-reset-start]
11.738: [CMS-concurrent-reset: 0.002/0.002 secs] [Times: user=0.00 sys=0.00, real=0.00 secs] 
11.795: [GC (Allocation Failure) 11.795: [ParNew: 78656K->8704K(78656K), 0.0256386 secs] 458115K->411407K(711092K), 0.0257133 secs] [Times: user=0.05 sys=0.01, real=0.03 secs] 
11.881: [GC (Allocation Failure) 11.881: [ParNew: 78548K->8704K(78656K), 0.0248307 secs] 481251K->434581K(711092K), 0.0249076 secs] [Times: user=0.13 sys=0.00, real=0.02 secs] 
11.966: [GC (Allocation Failure) 11.966: [ParNew: 78656K->8704K(78656K), 0.0245102 secs] 504533K->457697K(711092K), 0.0245850 secs] [Times: user=0.13 sys=0.00, real=0.02 secs] 
12.049: [GC (Allocation Failure) 12.049: [ParNew: 78656K->8704K(78656K), 0.0242251 secs] 527649K->480913K(711092K), 0.0242992 secs] [Times: user=0.06 sys=0.00, real=0.02 secs] 
12.135: [GC (Allocation Failure) 12.135: [ParNew: 78656K->8704K(78656K), 0.0251732 secs] 550865K->504065K(711092K), 0.0252560 secs] [Times: user=0.13 sys=0.00, real=0.03 secs] 
12.160: [GC (CMS Initial Mark) [1 CMS-initial-mark: 495361K(632436K)] 504345K(711092K), 0.0079511 secs] [Times: user=0.00 sys=0.00, real=0.01 secs] 
12.168: [CMS-concurrent-mark-start]
12.228: [GC (Allocation Failure) 12.228: [ParNew: 78386K->8704K(78656K), 0.0252534 secs] 573748K->527260K(711092K), 0.0253294 secs] [Times: user=0.13 sys=0.00, real=0.03 secs] 
12.313: [GC (Allocation Failure) 12.313: [ParNew: 78656K->8704K(78656K), 0.0242838 secs] 597212K->550352K(711092K), 0.0243614 secs] [Times: user=0.06 sys=0.00, real=0.02 secs] 
12.406: [GC (Allocation Failure) 12.406: [ParNew: 78656K->8704K(78656K), 0.0285894 secs] 620304K->573533K(711092K), 0.0286648 secs] [Times: user=0.06 sys=0.00, real=0.03 secs] 
12.496: [GC (Allocation Failure) 12.496: [ParNew: 78650K->8704K(78656K), 0.0246247 secs] 643480K->596635K(711092K), 0.0247033 secs] [Times: user=0.13 sys=0.00, real=0.02 secs] 
12.581: [GC (Allocation Failure) 12.581: [ParNew: 78656K->8704K(78656K), 0.0274014 secs] 666587K->619830K(711092K), 0.0274809 secs] [Times: user=0.11 sys=0.02, real=0.03 secs] 
12.669: [GC (Allocation Failure) 12.669: [ParNew: 78534K->8704K(78656K), 0.0241847 secs] 689660K->643024K(713244K), 0.0242604 secs] [Times: user=0.11 sys=0.01, real=0.02 secs] 
12.754: [GC (Allocation Failure) 12.754: [ParNew: 78656K->8704K(78656K), 0.0246915 secs] 712976K->666219K(736488K), 0.0247652 secs] [Times: user=0.06 sys=0.00, real=0.03 secs] 
12.838: [GC (Allocation Failure) 12.839: [ParNew: 78649K->8704K(78656K), 0.0240202 secs] 736165K->689387K(759788K), 0.0241003 secs] [Times: user=0.13 sys=0.00, real=0.02 secs] 
12.895: [CMS-concurrent-mark: 0.521/0.726 secs] [Times: user=1.83 sys=0.03, real=0.73 secs] 
12.895: [CMS-concurrent-preclean-start]
12.895: [CMS-concurrent-preclean: 0.001/0.001 secs] [Times: user=0.00 sys=0.00, real=0.00 secs] 
12.895: [CMS-concurrent-abortable-preclean-start]
12.922: [GC (Allocation Failure) 12.922: [ParNew: 78656K->8704K(78656K), 0.0235769 secs] 759339K->712589K(782908K), 0.0236529 secs] [Times: user=0.05 sys=0.02, real=0.02 secs] 
12.977: [CMS-concurrent-abortable-preclean: 0.038/0.081 secs] [Times: user=0.14 sys=0.02, real=0.08 secs] 
12.979: [GC (CMS Final Remark) [YG occupancy: 46408 K (78656 K)]12.979: [Rescan (parallel) , 0.0124893 secs]12.991: [weak refs processing, 0.0000141 secs]12.991: [class unloading, 0.0014924 secs]12.993: [scrub symbol table, 0.0009709 secs]12.994: [scrub string table, 0.0002037 secs][1 CMS-remark: 703885K(704252K)] 750293K(782908K), 0.0152851 secs] [Times: user=0.06 sys=0.00, real=0.02 secs] 
12.994: [CMS-concurrent-sweep-start]
12.995: [CMS-concurrent-sweep: 0.001/0.001 secs] [Times: user=0.00 sys=0.00, real=0.00 secs] 
12.996: [CMS-concurrent-reset-start]
12.998: [CMS-concurrent-reset: 0.002/0.002 secs] [Times: user=0.00 sys=0.00, real=0.00 secs] 
13.022: [GC (Allocation Failure) 13.022: [ParNew: 78656K->8704K(78656K), 0.0243948 secs] 782538K->735843K(1251796K), 0.0244644 secs] [Times: user=0.13 sys=0.00, real=0.02 secs] 
13.106: [GC (Allocation Failure) 13.106: [ParNew: 78436K->8704K(78656K), 0.0234178 secs] 805576K->758902K(1251796K), 0.0234929 secs] [Times: user=0.13 sys=0.00, real=0.02 secs] 
13.188: [GC (Allocation Failure) 13.188: [ParNew: 78656K->8702K(78656K), 0.0238300 secs] 828854K->782157K(1251796K), 0.0239047 secs] [Times: user=0.06 sys=0.00, real=0.02 secs] 
13.272: [GC (Allocation Failure) 13.272: [ParNew: 78654K->8704K(78656K), 0.0232581 secs] 852109K->805335K(1251796K), 0.0233302 secs] [Times: user=0.11 sys=0.02, real=0.02 secs] 
13.357: [GC (Allocation Failure) 13.358: [ParNew: 78508K->8689K(78656K), 0.0223414 secs] 875139K->828539K(1251796K), 0.0224161 secs] [Times: user=0.13 sys=0.00, real=0.02 secs] 
13.442: [GC (Allocation Failure) 13.442: [ParNew: 78641K->8701K(78656K), 0.0344634 secs] 898491K->851630K(1251796K), 0.0345304 secs] [Times: user=0.08 sys=0.00, real=0.04 secs] 
13.539: [GC (Allocation Failure) 13.539: [ParNew: 78653K->8704K(78656K), 0.0261258 secs] 921582K->874799K(1251796K), 0.0262114 secs] [Times: user=0.08 sys=0.00, real=0.03 secs] 
13.630: [GC (Allocation Failure) 13.630: [ParNew: 78656K->8704K(78656K), 0.0531577 secs] 944751K->898031K(1251796K), 0.0532318 secs] [Times: user=0.14 sys=0.00, real=0.05 secs] 
13.741: [GC (Allocation Failure) 13.741: [ParNew: 78656K->8704K(78656K), 0.0199461 secs] 967983K->921247K(1251796K), 0.0200183 secs] [Times: user=0.06 sys=0.00, real=0.02 secs] 
13.820: [GC (Allocation Failure) 13.820: [ParNew: 78656K->8704K(78656K), 0.0183245 secs] 991199K->944448K(1251796K), 0.0184002 secs] [Times: user=0.06 sys=0.00, real=0.02 secs] 
13.899: [GC (Allocation Failure) 13.899: [ParNew: 78656K->8704K(78656K), 0.0192989 secs] 1014400K->967667K(1251796K), 0.0193678 secs] [Times: user=0.06 sys=0.00, real=0.02 secs] 
13.919: [GC (CMS Initial Mark) [1 CMS-initial-mark: 958963K(1173140K)] 967753K(1251796K), 0.0109738 secs] [Times: user=0.02 sys=0.00, real=0.01 secs] 
13.930: [CMS-concurrent-mark-start]
13.989: [GC (Allocation Failure) 13.990: [ParNew: 78656K->8701K(78656K), 0.0192049 secs] 1037619K->990894K(1251796K), 0.0192799 secs] [Times: user=0.06 sys=0.00, real=0.02 secs] 
14.069: [GC (Allocation Failure) 14.069: [ParNew: 78653K->8703K(78656K), 0.0183912 secs] 1060846K->1014066K(1251796K), 0.0184694 secs] [Times: user=0.06 sys=0.00, real=0.02 secs] 
14.148: [GC (Allocation Failure) 14.148: [ParNew: 78655K->8704K(78656K), 0.0264828 secs] 1084018K->1037293K(1251796K), 0.0265604 secs] [Times: user=0.13 sys=0.00, real=0.03 secs] 
14.235: [GC (Allocation Failure) 14.235: [ParNew: 78656K->8703K(78656K), 0.0263266 secs] 1107245K->1060507K(1251796K), 0.0264004 secs] [Times: user=0.05 sys=0.02, real=0.03 secs] 
14.321: [GC (Allocation Failure) 14.321: [ParNew: 78655K->8702K(78656K), 0.0257470 secs] 1130459K->1083686K(1251796K), 0.0258282 secs] [Times: user=0.13 sys=0.00, real=0.03 secs] 
14.411: [GC (Allocation Failure) 14.412: [ParNew: 78654K->8704K(78656K), 0.0276878 secs] 1153638K->1106833K(1251796K), 0.0277702 secs] [Times: user=0.13 sys=0.00, real=0.03 secs] 
14.499: [GC (Allocation Failure) 14.499: [ParNew: 78656K->8704K(78656K), 0.0243893 secs] 1176785K->1129982K(1251796K), 0.0244660 secs] [Times: user=0.06 sys=0.00, real=0.02 secs] 
14.588: [GC (Allocation Failure) 14.588: [ParNew: 78656K->8701K(78656K), 0.0317294 secs] 1199934K->1153184K(1251796K), 0.0317904 secs] [Times: user=0.08 sys=0.00, real=0.03 secs] 
14.717: [GC (Allocation Failure) 14.717: [ParNew: 78653K->8702K(78656K), 0.0225521 secs] 1223136K->1176380K(1251796K), 0.0226118 secs] [Times: user=0.06 sys=0.00, real=0.02 secs] 
14.800: [GC (Allocation Failure) 14.800: [ParNew: 78654K->8703K(78656K), 0.0226301 secs] 1246332K->1199568K(1269880K), 0.0227054 secs] [Times: user=0.05 sys=0.02, real=0.02 secs] 
14.884: [GC (Allocation Failure) 14.884: [ParNew: 78655K->8704K(78656K), 0.0217233 secs] 1269520K->1222815K(1293092K), 0.0217997 secs] [Times: user=0.11 sys=0.01, real=0.02 secs] 
14.978: [GC (Allocation Failure) 14.978: [ParNew: 78656K->8704K(78656K), 0.0215133 secs] 1292767K->1246062K(1316372K), 0.0215761 secs] [Times: user=0.13 sys=0.00, real=0.02 secs] 
15.060: [GC (Allocation Failure) 15.060: [ParNew: 78656K->8704K(78656K), 0.0214651 secs] 1316014K->1269236K(1339496K), 0.0215373 secs] [Times: user=0.13 sys=0.00, real=0.02 secs] 
15.142: [GC (Allocation Failure) 15.142: [ParNew: 78656K->8704K(78656K), 0.0202338 secs] 1339188K->1292385K(1362720K), 0.0203070 secs] [Times: user=0.06 sys=0.00, real=0.02 secs] 
15.222: [GC (Allocation Failure) 15.222: [ParNew: 78656K->8704K(78656K), 0.0209828 secs] 1362337K->1315563K(1385812K), 0.0210453 secs] [Times: user=0.06 sys=0.00, real=0.02 secs] 
15.289: [CMS-concurrent-mark: 1.004/1.359 secs] [Times: user=3.27 sys=0.06, real=1.36 secs] 
15.289: [CMS-concurrent-preclean-start]
15.290: [CMS-concurrent-preclean: 0.001/0.001 secs] [Times: user=0.00 sys=0.00, real=0.00 secs] 
15.290: [CMS-concurrent-abortable-preclean-start]
15.304: [GC (Allocation Failure) 15.304: [ParNew: 78656K->8704K(78656K), 0.0202101 secs] 1385515K->1338748K(1409124K), 0.0202829 secs] [Times: user=0.05 sys=0.02, real=0.02 secs] 
15.386: [GC (Allocation Failure) 15.386: [ParNew: 78656K->8703K(78656K), 0.0190201 secs] 1408700K->1361881K(1432208K), 0.0190926 secs] [Times: user=0.11 sys=0.01, real=0.02 secs] 
15.405: [CMS-concurrent-abortable-preclean: 0.046/0.115 secs] [Times: user=0.31 sys=0.03, real=0.11 secs] 
15.405: [GC (CMS Final Remark) [YG occupancy: 10559 K (78656 K)]15.405: [Rescan (parallel) , 0.0086837 secs]15.414: [weak refs processing, 0.0000151 secs]15.414: [class unloading, 0.0015450 secs]15.416: [scrub symbol table, 0.0012310 secs]15.417: [scrub string table, 0.0002239 secs][1 CMS-remark: 1353178K(1353552K)] 1363738K(1432208K), 0.0118574 secs] [Times: user=0.00 sys=0.00, real=0.01 secs] 
15.417: [CMS-concurrent-sweep-start]
15.420: [CMS-concurrent-sweep: 0.003/0.003 secs] [Times: user=0.03 sys=0.00, real=0.00 secs] 
15.421: [CMS-concurrent-reset-start]
15.423: [CMS-concurrent-reset: 0.002/0.002 secs] [Times: user=0.00 sys=0.00, real=0.00 secs] 
15.479: [GC (Allocation Failure) 15.479: [ParNew: 78655K->8704K(78656K), 0.0189034 secs] 1431829K->1385045K(1835072K), 0.0189781 secs] [Times: user=0.06 sys=0.00, real=0.02 secs] 
15.560: [GC (Allocation Failure) 15.560: [ParNew: 78460K->8690K(78656K), 0.0203512 secs] 1454802K->1408228K(1835072K), 0.0204327 secs] [Times: user=0.13 sys=0.00, real=0.02 secs] 
15.580: [GC (CMS Initial Mark) [1 CMS-initial-mark: 1399538K(1756416K)] 1408508K(1835072K), 0.0108856 secs] [Times: user=0.00 sys=0.00, real=0.01 secs] 
15.591: [CMS-concurrent-mark-start]
15.652: [GC (Allocation Failure) 15.652: [ParNew: 78642K->8703K(78656K), 0.0195234 secs] 1478180K->1431407K(1835072K), 0.0195981 secs] [Times: user=0.08 sys=0.03, real=0.02 secs] 
15.730: [GC (Allocation Failure) 15.730: [ParNew: 78655K->8685K(78656K), 0.0273956 secs] 1501359K->1454646K(1835072K), 0.0274729 secs] [Times: user=0.13 sys=0.00, real=0.03 secs] 
15.818: [GC (Allocation Failure) 15.818: [ParNew: 78226K->8702K(78656K), 0.0272198 secs] 1524187K->1477733K(1835072K), 0.0272968 secs] [Times: user=0.13 sys=0.00, real=0.03 secs] 
15.905: [GC (Allocation Failure) 15.905: [ParNew: 78654K->8702K(78656K), 0.0274149 secs] 1547685K->1500893K(1835072K), 0.0274896 secs] [Times: user=0.06 sys=0.00, real=0.03 secs] 
15.993: [GC (Allocation Failure) 15.993: [ParNew: 78654K->8704K(78656K), 0.0264263 secs] 1570845K->1524037K(1835072K), 0.0265011 secs] [Times: user=0.13 sys=0.00, real=0.03 secs] 
16.080: [GC (Allocation Failure) 16.080: [ParNew: 78656K->8704K(78656K), 0.0270473 secs] 1593989K->1547181K(1835072K), 0.0271211 secs] [Times: user=0.06 sys=0.00, real=0.03 secs] 
16.167: [GC (Allocation Failure) 16.167: [ParNew: 78656K->8704K(78656K), 0.0270373 secs] 1617133K->1570327K(1835072K), 0.0271098 secs] [Times: user=0.13 sys=0.00, real=0.03 secs] 
16.255: [GC (Allocation Failure) 16.255: [ParNew: 78656K->8704K(78656K), 0.0269998 secs] 1640279K->1593551K(1835072K), 0.0270745 secs] [Times: user=0.13 sys=0.00, real=0.03 secs] 
16.342: [GC (Allocation Failure) 16.342: [ParNew: 78656K->8704K(78656K), 0.0281840 secs] 1663503K->1616800K(1835072K), 0.0282558 secs] [Times: user=0.03 sys=0.03, real=0.03 secs] 
16.435: [GC (Allocation Failure) 16.435: [ParNew: 78656K->8690K(78656K), 0.0301071 secs] 1686752K->1639878K(1835072K), 0.0301880 secs] [Times: user=0.09 sys=0.01, real=0.03 secs] 
16.525: [GC (Allocation Failure) 16.525: [ParNew: 78642K->8702K(78656K), 0.0238508 secs] 1709830K->1663026K(1835072K), 0.0239278 secs] [Times: user=0.11 sys=0.02, real=0.02 secs] 
16.609: [GC (Allocation Failure) 16.609: [ParNew: 78585K->8703K(78656K), 0.0312788 secs] 1732909K->1686198K(1835072K), 0.0313574 secs] [Times: user=0.13 sys=0.00, real=0.03 secs] 
16.700: [GC (Allocation Failure) 16.700: [ParNew: 78655K->8704K(78656K), 0.0227224 secs] 1756150K->1709417K(1835072K), 0.0227991 secs] [Times: user=0.13 sys=0.00, real=0.02 secs] 
16.800: [GC (Allocation Failure) 16.800: [ParNew: 78601K->8702K(78656K), 0.0230785 secs] 1779315K->1732635K(1835072K), 0.0231426 secs] [Times: user=0.06 sys=0.00, real=0.02 secs] 
16.909: [GC (Allocation Failure) 16.909: [ParNew: 78625K->8704K(78656K), 0.0227273 secs] 1802558K->1755754K(1835072K), 0.0227952 secs] [Times: user=0.06 sys=0.00, real=0.02 secs] 
16.991: [GC (Allocation Failure) 16.991: [ParNew: 78562K->78562K(78656K), 0.0000231 secs]16.992: [CMS17.201: [CMS-concurrent-mark: 1.216/1.610 secs] [Times: user=3.64 sys=0.09, real=1.61 secs] 
 (concurrent mode failure): 1747050K->1225400K(1756416K), 1.3109306 secs] 1825613K->1225400K(1835072K), [Metaspace: 9162K->9162K(1058816K)], 1.3112677 secs] [Times: user=1.31 sys=0.00, real=1.31 secs] 
18.573: [GC (Allocation Failure) 18.573: [ParNew: 272640K->34048K(306688K), 0.0606495 secs] 1498040K->1315446K(2063104K), 0.0607246 secs] [Times: user=0.19 sys=0.01, real=0.06 secs] 
18.864: [GC (Allocation Failure) 18.864: [ParNew: 306688K->34048K(306688K), 0.0973235 secs] 1588086K->1405862K(2063104K), 0.0973960 secs] [Times: user=0.36 sys=0.02, real=0.10 secs] 
19.189: [GC (Allocation Failure) 19.189: [ParNew: 306688K->34048K(306688K), 0.0902178 secs] 1678502K->1496250K(2063104K), 0.0902980 secs] [Times: user=0.30 sys=0.02, real=0.09 secs] 
19.279: [GC (CMS Initial Mark) [1 CMS-initial-mark: 1462202K(1756416K)] 1496307K(2063104K), 0.0087161 secs] [Times: user=0.00 sys=0.00, real=0.01 secs] 
19.288: [CMS-concurrent-mark-start]
19.521: [GC (Allocation Failure) 19.521: [ParNew: 306425K->34048K(306688K), 0.1081818 secs] 1768627K->1586224K(2063104K), 0.1082600 secs] [Times: user=0.42 sys=0.00, real=0.11 secs] 
19.860: [GC (Allocation Failure) 19.860: [ParNew: 306688K->34048K(306688K), 0.1000683 secs] 1858864K->1676671K(2063104K), 0.1001415 secs] [Times: user=0.36 sys=0.00, real=0.10 secs] 
20.188: [GC (Allocation Failure) 20.189: [ParNew: 306688K->34048K(306688K), 0.0988152 secs] 1949311K->1767092K(2063104K), 0.0988884 secs] [Times: user=0.36 sys=0.00, real=0.10 secs] 
20.519: [GC (Allocation Failure) 20.519: [ParNew: 306688K->306688K(306688K), 0.0000170 secs]20.519: [CMS20.753: [CMS-concurrent-mark: 1.156/1.465 secs] [Times: user=3.27 sys=0.00, real=1.46 secs] 
 (concurrent mode failure): 1733044K->1198299K(1756416K), 1.2904793 secs] 2039732K->1198299K(2063104K), [Metaspace: 9213K->9213K(1058816K)], 1.2905899 secs] [Times: user=1.28 sys=0.00, real=1.29 secs] 
22.057: [GC (Allocation Failure) 22.057: [ParNew: 272640K->34048K(306688K), 0.0483928 secs] 1470939K->1288833K(2063104K), 0.0484698 secs] [Times: user=0.19 sys=0.00, real=0.05 secs] 
22.336: [GC (Allocation Failure) 22.336: [ParNew: 306688K->34048K(306688K), 0.0959119 secs] 1561473K->1379287K(2063104K), 0.0959786 secs] [Times: user=0.36 sys=0.00, real=0.10 secs] 
22.665: [GC (Allocation Failure) 22.666: [ParNew: 306688K->34048K(306688K), 0.0867092 secs] 1651927K->1469647K(2063104K), 0.0868273 secs] [Times: user=0.38 sys=0.00, real=0.09 secs] 
22.752: [GC (CMS Initial Mark) [1 CMS-initial-mark: 1435599K(1756416K)] 1469704K(2063104K), 0.0106081 secs] [Times: user=0.00 sys=0.00, real=0.01 secs] 
22.763: [CMS-concurrent-mark-start]
22.992: [GC (Allocation Failure) 22.992: [ParNew: 306688K->34048K(306688K), 0.0947784 secs] 1742287K->1560022K(2063104K), 0.0948470 secs] [Times: user=0.38 sys=0.00, real=0.10 secs] 
23.314: [GC (Allocation Failure) 23.314: [ParNew: 306688K->34048K(306688K), 0.0832821 secs] 1832662K->1650411K(2063104K), 0.0833604 secs] [Times: user=0.31 sys=0.00, real=0.08 secs] 
23.633: [GC (Allocation Failure) 23.633: [ParNew: 306688K->34048K(306688K), 0.0999737 secs] 1923051K->1740919K(2063104K), 0.1000485 secs] [Times: user=0.44 sys=0.00, real=0.10 secs] 
23.965: [GC (Allocation Failure) 23.965: [ParNew: 306688K->306688K(306688K), 0.0000273 secs]23.965: [CMS24.150: [CMS-concurrent-mark: 1.107/1.387 secs] [Times: user=3.16 sys=0.00, real=1.39 secs] 
 (concurrent mode failure): 1706871K->1201436K(1756416K), 1.2434057 secs] 2013559K->1201436K(2063104K), [Metaspace: 9222K->9222K(1058816K)], 1.2435394 secs] [Times: user=1.25 sys=0.00, real=1.24 secs] 
25.444: [GC (Allocation Failure) 25.445: [ParNew: 272640K->34048K(306688K), 0.0518279 secs] 1474076K->1292836K(2063104K), 0.0519328 secs] [Times: user=0.19 sys=0.00, real=0.05 secs] 
25.722: [GC (Allocation Failure) 25.722: [ParNew: 306688K->34048K(306688K), 0.0939923 secs] 1565476K->1383103K(2063104K), 0.0940638 secs] [Times: user=0.36 sys=0.00, real=0.09 secs] 
26.045: [GC (Allocation Failure) 26.045: [ParNew: 306688K->34048K(306688K), 0.0713814 secs] 1655743K->1473509K(2063104K), 0.0714623 secs] [Times: user=0.30 sys=0.00, real=0.07 secs] 
26.116: [GC (CMS Initial Mark) [1 CMS-initial-mark: 1439461K(1756416K)] 1473637K(2063104K), 0.0100638 secs] [Times: user=0.06 sys=0.00, real=0.01 secs] 
26.127: [CMS-concurrent-mark-start]
26.357: [GC (Allocation Failure) 26.357: [ParNew: 306688K->34048K(306688K), 0.0848910 secs] 1746149K->1563687K(2063104K), 0.0849708 secs] [Times: user=0.33 sys=0.00, real=0.09 secs] 
26.675: [GC (Allocation Failure) 26.675: [ParNew: 306688K->34048K(306688K), 0.0748044 secs] 1836327K->1654262K(2063104K), 0.0748852 secs] [Times: user=0.31 sys=0.00, real=0.08 secs] 
26.977: [GC (Allocation Failure) 26.977: [ParNew: 306688K->34048K(306688K), 0.0794214 secs] 1926902K->1744490K(2063104K), 0.0794968 secs] [Times: user=0.31 sys=0.00, real=0.08 secs] 
27.331: [GC (Allocation Failure) 27.331: [ParNew: 306688K->306688K(306688K), 0.0000215 secs]27.331: [CMS27.459: [CMS-concurrent-mark: 1.092/1.332 secs] [Times: user=2.91 sys=0.00, real=1.33 secs] 
 (concurrent mode failure): 1710442K->1200744K(1756416K), 1.1875137 secs] 2017130K->1200744K(2063104K), [Metaspace: 9232K->9232K(1058816K)], 1.1876279 secs] [Times: user=1.16 sys=0.00, real=1.19 secs] 
28.751: [GC (Allocation Failure) 28.751: [ParNew: 272640K->34048K(306688K), 0.0483902 secs] 1473384K->1292179K(2063104K), 0.0484653 secs] [Times: user=0.19 sys=0.00, real=0.05 secs] 
29.027: [GC (Allocation Failure) 29.027: [ParNew: 306688K->34048K(306688K), 0.0894468 secs] 1564819K->1381737K(2063104K), 0.0895138 secs] [Times: user=0.36 sys=0.00, real=0.09 secs] 
29.344: [GC (Allocation Failure) 29.344: [ParNew: 306688K->34048K(306688K), 0.0695770 secs] 1654377K->1472768K(2063104K), 0.0696555 secs] [Times: user=0.25 sys=0.00, real=0.07 secs] 
29.414: [GC (CMS Initial Mark) [1 CMS-initial-mark: 1438720K(1756416K)] 1478245K(2063104K), 0.0076843 secs] [Times: user=0.06 sys=0.00, real=0.01 secs] 
29.422: [CMS-concurrent-mark-start]
29.654: [GC (Allocation Failure) 29.654: [ParNew: 306688K->34048K(306688K), 0.0937010 secs] 1745408K->1562675K(2063104K), 0.0937735 secs] [Times: user=0.38 sys=0.00, real=0.09 secs] 
29.979: [GC (Allocation Failure) 29.979: [ParNew: 306688K->34048K(306688K), 0.0733331 secs] 1835315K->1653690K(2063104K), 0.0734108 secs] [Times: user=0.31 sys=0.00, real=0.07 secs] 
30.284: [GC (Allocation Failure) 30.284: [ParNew: 306688K->34048K(306688K), 0.0927780 secs] 1926330K->1743190K(2063104K), 0.0928482 secs] [Times: user=0.38 sys=0.00, real=0.09 secs] 
30.610: [GC (Allocation Failure) 30.610: [ParNew: 306688K->306688K(306688K), 0.0000176 secs]30.610: [CMS30.789: [CMS-concurrent-mark: 1.104/1.367 secs] [Times: user=3.06 sys=0.00, real=1.37 secs] 
 (concurrent mode failure): 1709142K->1218641K(1756416K), 1.2401117 secs] 2015830K->1218641K(2063104K), [Metaspace: 9258K->9258K(1058816K)], 1.2402118 secs] [Times: user=1.23 sys=0.00, real=1.24 secs] 
32.082: [GC (Allocation Failure) 32.082: [ParNew: 272640K->34048K(306688K), 0.0510953 secs] 1491281K->1309927K(2063104K), 0.0511698 secs] [Times: user=0.19 sys=0.00, real=0.05 secs] 
32.378: [GC (Allocation Failure) 32.378: [ParNew: 306688K->34048K(306688K), 0.0988537 secs] 1582567K->1399807K(2063104K), 0.0989275 secs] [Times: user=0.33 sys=0.00, real=0.10 secs] 
32.705: [GC (Allocation Failure) 32.705: [ParNew: 306688K->34048K(306688K), 0.0714106 secs] 1672447K->1490585K(2063104K), 0.0714866 secs] [Times: user=0.25 sys=0.00, real=0.07 secs] 
32.777: [GC (CMS Initial Mark) [1 CMS-initial-mark: 1456537K(1756416K)] 1496016K(2063104K), 0.0110902 secs] [Times: user=0.06 sys=0.00, real=0.01 secs] 
32.788: [CMS-concurrent-mark-start]
33.015: [GC (Allocation Failure) 33.015: [ParNew: 306688K->34048K(306688K), 0.0896613 secs] 1763225K->1580746K(2063104K), 0.0897348 secs] [Times: user=0.31 sys=0.00, real=0.09 secs] 
33.335: [GC (Allocation Failure) 33.335: [ParNew: 306688K->34048K(306688K), 0.0615222 secs] 1853386K->1671249K(2063104K), 0.0616044 secs] [Times: user=0.25 sys=0.00, real=0.06 secs] 
33.629: [GC (Allocation Failure) 33.629: [ParNew: 306688K->34048K(306688K), 0.0653400 secs] 1943889K->1761092K(2063104K), 0.0654234 secs] [Times: user=0.25 sys=0.00, real=0.07 secs] 
33.921: [GC (Allocation Failure) 33.921: [ParNew: 306688K->306688K(306688K), 0.0000173 secs]33.922: [CMS34.100: [CMS-concurrent-mark: 1.095/1.312 secs] [Times: user=2.86 sys=0.00, real=1.31 secs] 
 (concurrent mode failure): 1727044K->1229773K(1756416K), 1.2510473 secs] 2033732K->1229773K(2063104K), [Metaspace: 9269K->9269K(1058816K)], 1.2511486 secs] [Times: user=1.25 sys=0.00, real=1.25 secs] 
35.401: [GC (Allocation Failure) 35.401: [ParNew: 272640K->34048K(306688K), 0.0570560 secs] 1502413K->1321116K(2063104K), 0.0571474 secs] [Times: user=0.22 sys=0.00, real=0.06 secs] 
35.689: [GC (Allocation Failure) 35.689: [ParNew: 306688K->34048K(306688K), 0.0952063 secs] 1593756K->1411342K(2063104K), 0.0952765 secs] [Times: user=0.36 sys=0.00, real=0.10 secs] 
36.011: [GC (Allocation Failure) 36.011: [ParNew: 306688K->34048K(306688K), 0.0705450 secs] 1683982K->1501803K(2063104K), 0.0706219 secs] [Times: user=0.31 sys=0.00, real=0.07 secs] 
36.081: [GC (CMS Initial Mark) [1 CMS-initial-mark: 1467755K(1756416K)] 1501829K(2063104K), 0.0085769 secs] [Times: user=0.00 sys=0.00, real=0.01 secs] 
36.090: [CMS-concurrent-mark-start]
36.318: [GC (Allocation Failure) 36.318: [ParNew: 306688K->34048K(306688K), 0.0785801 secs] 1774443K->1592169K(2063104K), 0.0786545 secs] [Times: user=0.31 sys=0.00, real=0.08 secs] 
36.630: [GC (Allocation Failure) 36.630: [ParNew: 306688K->34048K(306688K), 0.0700523 secs] 1864809K->1682591K(2063104K), 0.0701341 secs] [Times: user=0.25 sys=0.00, real=0.07 secs] 
36.928: [GC (Allocation Failure) 36.928: [ParNew: 306688K->34048K(306688K), 0.0756146 secs] 1955231K->1772466K(2063104K), 0.0756851 secs] [Times: user=0.28 sys=0.00, real=0.08 secs] 
37.233: [GC (Allocation Failure) 37.233: [ParNew: 306688K->306688K(306688K), 0.0000186 secs]37.233: [CMS37.425: [CMS-concurrent-mark: 1.110/1.335 secs] [Times: user=2.92 sys=0.00, real=1.34 secs] 
 (concurrent mode failure): 1738418K->1216103K(1756416K), 1.2518777 secs] 2045106K->1216103K(2063104K), [Metaspace: 9279K->9279K(1058816K)], 1.2519762 secs] [Times: user=1.24 sys=0.00, real=1.25 secs] 
38.715: [GC (Allocation Failure) 38.715: [ParNew: 272640K->34048K(306688K), 0.0498900 secs] 1488743K->1307068K(2063104K), 0.0499721 secs] [Times: user=0.25 sys=0.00, real=0.05 secs] 
38.993: [GC (Allocation Failure) 38.993: [ParNew: 306688K->34048K(306688K), 0.0888922 secs] 1579708K->1397697K(2063104K), 0.0889612 secs] [Times: user=0.38 sys=0.00, real=0.09 secs] 
39.311: [GC (Allocation Failure) 39.311: [ParNew: 306688K->34048K(306688K), 0.0693576 secs] 1670337K->1487834K(2063104K), 0.0694323 secs] [Times: user=0.25 sys=0.00, real=0.07 secs] 
39.381: [GC (CMS Initial Mark) [1 CMS-initial-mark: 1453786K(1756416K)] 1488255K(2063104K), 0.0105058 secs] [Times: user=0.03 sys=0.00, real=0.01 secs] 
39.391: [CMS-concurrent-mark-start]
39.623: [GC (Allocation Failure) 39.623: [ParNew: 306688K->34048K(306688K), 0.0866483 secs] 1760474K->1578259K(2063104K), 0.0867195 secs] [Times: user=0.30 sys=0.00, real=0.09 secs] 
39.939: [GC (Allocation Failure) 39.939: [ParNew: 306688K->34048K(306688K), 0.0739570 secs] 1850899K->1668977K(2063104K), 0.0740317 secs] [Times: user=0.22 sys=0.00, real=0.07 secs] 
40.242: [GC (Allocation Failure) 40.242: [ParNew: 306688K->34048K(306688K), 0.0966945 secs] 1941617K->1758932K(2063104K), 0.0967602 secs] [Times: user=0.38 sys=0.00, real=0.10 secs] 
40.570: [GC (Allocation Failure) 40.570: [ParNew: 306688K->306688K(306688K), 0.0000282 secs]40.570: [CMS40.765: [CMS-concurrent-mark: 1.113/1.373 secs] [Times: user=2.97 sys=0.00, real=1.37 secs] 
 (concurrent mode failure): 1724884K->1195387K(1756416K), 1.2340430 secs] 2031572K->1195387K(2063104K), [Metaspace: 9309K->9309K(1058816K)], 1.2341652 secs] [Times: user=1.22 sys=0.00, real=1.23 secs] 
42.034: [GC (Allocation Failure) 42.034: [ParNew: 272640K->34048K(306688K), 0.0481477 secs] 1468027K->1286010K(2063104K), 0.0482250 secs] [Times: user=0.19 sys=0.00, real=0.05 secs] 
42.313: [GC (Allocation Failure) 42.313: [ParNew: 306688K->34048K(306688K), 0.0933774 secs] 1558650K->1376912K(2063104K), 0.0934541 secs] [Times: user=0.38 sys=0.00, real=0.09 secs] 
42.658: [GC (Allocation Failure) 42.658: [ParNew: 306688K->34048K(306688K), 0.0767397 secs] 1649552K->1467120K(2063104K), 0.0768074 secs] [Times: user=0.28 sys=0.00, real=0.08 secs] 
42.735: [GC (CMS Initial Mark) [1 CMS-initial-mark: 1433072K(1756416K)] 1467539K(2063104K), 0.0106598 secs] [Times: user=0.00 sys=0.00, real=0.01 secs] 
42.746: [CMS-concurrent-mark-start]
42.975: [GC (Allocation Failure) 42.975: [ParNew: 306688K->34048K(306688K), 0.0604561 secs] 1739760K->1557621K(2063104K), 0.0605369 secs] [Times: user=0.25 sys=0.00, real=0.06 secs] 
43.264: [GC (Allocation Failure) 43.264: [ParNew: 306688K->34048K(306688K), 0.0666368 secs] 1830261K->1648015K(2063104K), 0.0667192 secs] [Times: user=0.25 sys=0.00, real=0.07 secs] 
43.572: [GC (Allocation Failure) 43.572: [ParNew: 306688K->34048K(306688K), 0.0709552 secs] 1920655K->1738243K(2063104K), 0.0710296 secs] [Times: user=0.30 sys=0.00, real=0.07 secs] 
43.870: [GC (Allocation Failure) 43.870: [ParNew: 306688K->306688K(306688K), 0.0000180 secs]43.870: [CMS44.044: [CMS-concurrent-mark: 1.097/1.298 secs] [Times: user=2.78 sys=0.00, real=1.30 secs] 
 (concurrent mode failure): 1704195K->1206910K(1756416K), 1.2216711 secs] 2010883K->1206910K(2063104K), [Metaspace: 9347K->9347K(1058816K)], 1.2217946 secs] [Times: user=1.24 sys=0.00, real=1.22 secs] 
45.322: [GC (Allocation Failure) 45.322: [ParNew: 272640K->34048K(306688K), 0.0544647 secs] 1479550K->1298091K(2063104K), 0.0545359 secs] [Times: user=0.25 sys=0.00, real=0.05 secs] 
45.612: [GC (Allocation Failure) 45.612: [ParNew: 306688K->34048K(306688K), 0.0936132 secs] 1570731K->1388487K(2063104K), 0.0936863 secs] [Times: user=0.38 sys=0.00, real=0.09 secs] 
45.936: [GC (Allocation Failure) 45.936: [ParNew: 306688K->34048K(306688K), 0.0807820 secs] 1661127K->1478936K(2063104K), 0.0808352 secs] [Times: user=0.30 sys=0.00, real=0.08 secs] 
46.017: [GC (CMS Initial Mark) [1 CMS-initial-mark: 1444888K(1756416K)] 1479064K(2063104K), 0.0097075 secs] [Times: user=0.00 sys=0.00, real=0.01 secs] 
46.027: [CMS-concurrent-mark-start]
46.257: [GC (Allocation Failure) 46.257: [ParNew: 306688K->34048K(306688K), 0.0641632 secs] 1751576K->1569464K(2063104K), 0.0642402 secs] [Times: user=0.25 sys=0.00, real=0.06 secs] 
46.562: [GC (Allocation Failure) 46.562: [ParNew: 306688K->34048K(306688K), 0.0620720 secs] 1842104K->1659623K(2063104K), 0.0621528 secs] [Times: user=0.25 sys=0.00, real=0.06 secs] 
46.856: [GC (Allocation Failure) 46.856: [ParNew: 306688K->34048K(306688K), 0.0676981 secs] 1932263K->1750401K(2063104K), 0.0677735 secs] [Times: user=0.30 sys=0.00, real=0.07 secs] 
47.155: [GC (Allocation Failure) 47.155: [ParNew: 306688K->306688K(306688K), 0.0000183 secs]47.155: [CMS47.301: [CMS-concurrent-mark: 1.078/1.274 secs] [Times: user=2.80 sys=0.00, real=1.27 secs] 
 (concurrent mode failure): 1716353K->1203559K(1756416K), 1.1975198 secs] 2023041K->1203559K(2063104K), [Metaspace: 9353K->9353K(1058816K)], 1.1976288 secs] [Times: user=1.19 sys=0.00, real=1.20 secs] 
48.590: [GC (Allocation Failure) 48.590: [ParNew: 272640K->34048K(306688K), 0.0501941 secs] 1476199K->1294642K(2063104K), 0.0502704 secs] [Times: user=0.25 sys=0.00, real=0.05 secs] 
48.869: [GC (Allocation Failure) 48.869: [ParNew: 306688K->34048K(306688K), 0.0901379 secs] 1567282K->1385006K(2063104K), 0.0902050 secs] [Times: user=0.36 sys=0.00, real=0.09 secs] 
49.193: [GC (Allocation Failure) 49.194: [ParNew: 306688K->34048K(306688K), 0.0628700 secs] 1657646K->1475153K(2063104K), 0.0629466 secs] [Times: user=0.25 sys=0.00, real=0.06 secs] 
49.257: [GC (CMS Initial Mark) [1 CMS-initial-mark: 1441105K(1756416K)] 1475170K(2063104K), 0.0076188 secs] [Times: user=0.06 sys=0.00, real=0.01 secs] 
49.264: [CMS-concurrent-mark-start]
49.494: [GC (Allocation Failure) 49.494: [ParNew: 306688K->34048K(306688K), 0.0744394 secs] 1747793K->1565503K(2063104K), 0.0745205 secs] [Times: user=0.30 sys=0.00, real=0.07 secs] 
49.801: [GC (Allocation Failure) 49.801: [ParNew: 306688K->34048K(306688K), 0.0847563 secs] 1838143K->1655864K(2063104K), 0.0848531 secs] [Times: user=0.31 sys=0.00, real=0.09 secs] 
50.115: [GC (Allocation Failure) 50.115: [ParNew: 306688K->34048K(306688K), 0.0788688 secs] 1928504K->1746877K(2063104K), 0.0789458 secs] [Times: user=0.31 sys=0.00, real=0.08 secs] 
50.423: [GC (Allocation Failure) 50.424: [ParNew: 306688K->306688K(306688K), 0.0000189 secs]50.424: [CMS50.615: [CMS-concurrent-mark: 1.110/1.350 secs] [Times: user=2.95 sys=0.00, real=1.35 secs] 
 (concurrent mode failure): 1712829K->1219317K(1756416K), 1.2530631 secs] 2019517K->1219317K(2063104K), [Metaspace: 9357K->9357K(1058816K)], 1.2531744 secs] [Times: user=1.23 sys=0.00, real=1.25 secs] 
51.910: [GC (Allocation Failure) 51.910: [ParNew: 272640K->34048K(306688K), 0.0510119 secs] 1491957K->1310556K(2063104K), 0.0510902 secs] [Times: user=0.19 sys=0.00, real=0.05 secs] 
52.191: [GC (Allocation Failure) 52.191: [ParNew: 306688K->34048K(306688K), 0.0930801 secs] 1583196K->1401226K(2063104K), 0.0931721 secs] [Times: user=0.38 sys=0.00, real=0.09 secs] 
52.517: [GC (Allocation Failure) 52.517: [ParNew: 306688K->34048K(306688K), 0.0688720 secs] 1673866K->1491716K(2063104K), 0.0689506 secs] [Times: user=0.25 sys=0.00, real=0.07 secs] 
52.586: [GC (CMS Initial Mark) [1 CMS-initial-mark: 1457668K(1756416K)] 1491856K(2063104K), 0.0120123 secs] [Times: user=0.06 sys=0.00, real=0.01 secs] 
52.599: [CMS-concurrent-mark-start]
52.866: [GC (Allocation Failure) 52.866: [ParNew: 306688K->34048K(306688K), 0.0881122 secs] 1764356K->1581773K(2063104K), 0.0881875 secs] [Times: user=0.38 sys=0.00, real=0.09 secs] 
53.184: [GC (Allocation Failure) 53.184: [ParNew: 306688K->34048K(306688K), 0.0947617 secs] 1854413K->1672302K(2063104K), 0.0948316 secs] [Times: user=0.38 sys=0.00, real=0.10 secs] 
53.512: [GC (Allocation Failure) 53.512: [ParNew: 306688K->34048K(306688K), 0.0691392 secs] 1944942K->1762419K(2063104K), 0.0692209 secs] [Times: user=0.31 sys=0.00, real=0.07 secs] 
53.810: [GC (Allocation Failure) 53.811: [ParNew: 306688K->306688K(306688K), 0.0000186 secs]53.811: [CMS53.967: [CMS-concurrent-mark: 1.115/1.368 secs] [Times: user=3.06 sys=0.00, real=1.37 secs] 
 (concurrent mode failure): 1728371K->1209846K(1756416K), 1.2133072 secs] 2035059K->1209846K(2063104K), [Metaspace: 9365K->9365K(1058816K)], 1.2134060 secs] [Times: user=1.20 sys=0.00, real=1.21 secs] 
55.252: [GC (Allocation Failure) 55.252: [ParNew: 272640K->34048K(306688K), 0.0462111 secs] 1482486K->1300816K(2063104K), 0.0462923 secs] [Times: user=0.19 sys=0.00, real=0.05 secs] 
55.528: [GC (Allocation Failure) 55.528: [ParNew: 306688K->34048K(306688K), 0.0901633 secs] 1573456K->1391292K(2063104K), 0.0902345 secs] [Times: user=0.38 sys=0.00, real=0.09 secs] 
55.847: [GC (Allocation Failure) 55.847: [ParNew: 306688K->34048K(306688K), 0.0724530 secs] 1663932K->1481904K(2063104K), 0.0725355 secs] [Times: user=0.25 sys=0.00, real=0.07 secs] 
55.920: [GC (CMS Initial Mark) [1 CMS-initial-mark: 1447856K(1756416K)] 1487357K(2063104K), 0.0087007 secs] [Times: user=0.06 sys=0.00, real=0.01 secs] 
55.928: [CMS-concurrent-mark-start]
56.155: [GC (Allocation Failure) 56.155: [ParNew: 306688K->34048K(306688K), 0.0695468 secs] 1754544K->1572484K(2063104K), 0.0696228 secs] [Times: user=0.23 sys=0.00, real=0.07 secs] 
56.456: [GC (Allocation Failure) 56.456: [ParNew: 306688K->34048K(306688K), 0.0764899 secs] 1845124K->1662344K(2063104K), 0.0765691 secs] [Times: user=0.31 sys=0.00, real=0.08 secs] 
56.762: [GC (Allocation Failure) 56.762: [ParNew: 306688K->34048K(306688K), 0.0622051 secs] 1934984K->1752842K(2063104K), 0.0622862 secs] [Times: user=0.25 sys=0.00, real=0.06 secs] 
57.052: [GC (Allocation Failure) 57.052: [ParNew: 306636K->306636K(306688K), 0.0000180 secs]57.052: [CMS57.234: [CMS-concurrent-mark: 1.097/1.306 secs] [Times: user=2.83 sys=0.00, real=1.31 secs] 
 (concurrent mode failure): 1718794K->1213972K(1756416K), 1.2485654 secs] 2025431K->1213972K(2063104K), [Metaspace: 9383K->9383K(1058816K)], 1.2486770 secs] [Times: user=1.23 sys=0.00, real=1.25 secs] 
58.532: [GC (Allocation Failure) 58.532: [ParNew: 272640K->34048K(306688K), 0.0514164 secs] 1486612K->1305069K(2063104K), 0.0514915 secs] [Times: user=0.17 sys=0.00, real=0.05 secs] 
58.812: [GC (Allocation Failure) 58.812: [ParNew: 306688K->34048K(306688K), 0.0952098 secs] 1577709K->1395434K(2063104K), 0.0952823 secs] [Times: user=0.36 sys=0.02, real=0.10 secs] 
Heap
 par new generation   total 306688K, used 101321K [0x0000000080000000, 0x0000000094cc0000, 0x0000000094cc0000)
  eden space 272640K,  24% used [0x0000000080000000, 0x00000000841b26d0, 0x0000000090a40000)
  from space 34048K, 100% used [0x0000000090a40000, 0x0000000092b80000, 0x0000000092b80000)
  to   space 34048K,   0% used [0x0000000092b80000, 0x0000000092b80000, 0x0000000094cc0000)
 concurrent mark-sweep generation total 1756416K, used 1361386K [0x0000000094cc0000, 0x0000000100000000, 0x0000000100000000)
 Metaspace       used 9409K, capacity 9800K, committed 9984K, reserved 1058816K
  class space    used 1107K, capacity 1197K, committed 1280K, reserved 1048576K
