Java HotSpot(TM) 64-Bit Server VM (25.101-b13) for windows-amd64 JRE (1.8.0_101-b13), built on Jun 22 2016 01:21:29 by "java_re" with MS VC++ 10.0 (VS2010)
Memory: 4k page, physical 16664920k(10448868k free), swap 18872148k(10477608k free)
CommandLine flags: -XX:InitialHeapSize=266638720 -XX:MaxHeapSize=2147483648 -XX:+PrintGC -XX:+PrintGCDetails -XX:+PrintGCTimeStamps -XX:+UseCompressedClassPointers -XX:+UseCompressedOops -XX:-UseLargePagesIndividualAllocation -XX:+UseParallelGC 
10.187: [GC (Allocation Failure) [PSYoungGen: 65536K->10750K(76288K)] 65536K->18243K(251392K), 0.0102511 secs] [Times: user=0.00 sys=0.05, real=0.01 secs] 
10.260: [GC (Allocation Failure) [PSYoungGen: 76286K->10744K(76288K)] 83779K->39278K(251392K), 0.0186487 secs] [Times: user=0.06 sys=0.00, real=0.02 secs] 
10.337: [GC (Allocation Failure) [PSYoungGen: 76280K->10746K(76288K)] 104814K->60959K(251392K), 0.0180182 secs] [Times: user=0.05 sys=0.01, real=0.02 secs] 
10.409: [GC (Allocation Failure) [PSYoungGen: 76282K->10745K(141824K)] 126495K->82361K(316928K), 0.0263747 secs] [Times: user=0.09 sys=0.00, real=0.03 secs] 
10.552: [GC (Allocation Failure) [PSYoungGen: 141817K->10745K(141824K)] 213433K->125680K(316928K), 0.0491825 secs] [Times: user=0.16 sys=0.00, real=0.05 secs] 
10.712: [GC (Allocation Failure) [PSYoungGen: 141817K->53104K(309760K)] 256752K->168039K(484864K), 0.0411656 secs] [Times: user=0.11 sys=0.02, real=0.04 secs] 
10.980: [GC (Allocation Failure) [PSYoungGen: 307568K->62957K(317440K)] 422503K->252180K(506880K), 0.0782388 secs] [Times: user=0.25 sys=0.03, real=0.08 secs] 
11.059: [Full GC (Ergonomics) [PSYoungGen: 62957K->62425K(317440K)] [ParOldGen: 189222K->189308K(356352K)] 252180K->251734K(673792K), [Metaspace: 9072K->9072K(1058816K)], 4.4519830 secs] [Times: user=8.53 sys=0.03, real=4.45 secs] 
15.733: [GC (Allocation Failure) [PSYoungGen: 316889K->109561K(463872K)] 506198K->334581K(820224K), 0.0930993 secs] [Times: user=0.33 sys=0.02, real=0.09 secs] 
16.119: [GC (Allocation Failure) [PSYoungGen: 463865K->143871K(555008K)] 688885K->451881K(911360K), 0.1369476 secs] [Times: user=0.47 sys=0.05, real=0.14 secs] 
16.256: [Full GC (Ergonomics) [PSYoungGen: 143871K->95872K(555008K)] [ParOldGen: 308009K->355923K(613376K)] 451881K->451796K(1168384K), [Metaspace: 9080K->9080K(1058816K)], 3.5007459 secs] [Times: user=5.88 sys=0.00, real=3.50 secs] 
20.105: [GC (Allocation Failure) [PSYoungGen: 507008K->143865K(376832K)] 862932K->586740K(990208K), 0.1202464 secs] [Times: user=0.44 sys=0.06, real=0.12 secs] 
20.413: [GC (Allocation Failure) [PSYoungGen: 376825K->77306K(465920K)] 819700K->664007K(1079296K), 0.1221124 secs] [Times: user=0.45 sys=0.03, real=0.12 secs] 
20.535: [Full GC (Ergonomics) [PSYoungGen: 77306K->50469K(465920K)] [ParOldGen: 586700K->613266K(996864K)] 664007K->663736K(1462784K), [Metaspace: 9088K->9088K(1058816K)], 4.5342545 secs] [Times: user=8.26 sys=0.02, real=4.54 secs] 
25.266: [GC (Allocation Failure) [PSYoungGen: 283429K->127321K(462848K)] 896696K->740587K(1459712K), 0.0711075 secs] [Times: user=0.31 sys=0.00, real=0.07 secs] 
25.529: [GC (Allocation Failure) [PSYoungGen: 360281K->204611K(464384K)] 973547K->817878K(1461248K), 0.0943595 secs] [Times: user=0.38 sys=0.00, real=0.09 secs] 
25.816: [GC (Allocation Failure) [PSYoungGen: 437571K->154334K(465920K)] 1050838K->894683K(1462784K), 0.1209979 secs] [Times: user=0.38 sys=0.05, real=0.12 secs] 
26.133: [GC (Allocation Failure) [PSYoungGen: 387294K->77453K(465920K)] 1127643K->971852K(1462784K), 0.1264514 secs] [Times: user=0.34 sys=0.06, real=0.13 secs] 
26.260: [Full GC (Ergonomics) [PSYoungGen: 77453K->0K(465920K)] [ParOldGen: 894399K->971653K(1398272K)] 971852K->971653K(1864192K), [Metaspace: 9109K->9109K(1058816K)], 5.6356741 secs] [Times: user=10.58 sys=0.03, real=5.63 secs] 
32.089: [GC (Allocation Failure) [PSYoungGen: 232960K->77398K(465920K)] 1204613K->1049051K(1864192K), 0.0246860 secs] [Times: user=0.13 sys=0.00, real=0.02 secs] 
32.309: [GC (Allocation Failure) [PSYoungGen: 310358K->77533K(465920K)] 1282011K->1126237K(1864192K), 0.0541481 secs] [Times: user=0.24 sys=0.00, real=0.05 secs] 
32.554: [GC (Allocation Failure) [PSYoungGen: 310493K->77531K(449536K)] 1359197K->1203558K(1847808K), 0.0560187 secs] [Times: user=0.17 sys=0.02, real=0.06 secs] 
32.806: [GC (Allocation Failure) [PSYoungGen: 310463K->154619K(457728K)] 1436490K->1280653K(1856000K), 0.0504834 secs] [Times: user=0.19 sys=0.00, real=0.05 secs] 
33.048: [GC (Allocation Failure) [PSYoungGen: 387579K->231869K(465408K)] 1513613K->1357903K(1863680K), 0.0760418 secs] [Times: user=0.30 sys=0.01, real=0.08 secs] 
33.314: [GC (Allocation Failure) [PSYoungGen: 464829K->154533K(465920K)] 1590863K->1435093K(1864192K), 0.1118388 secs] [Times: user=0.42 sys=0.08, real=0.11 secs] 
33.426: [Full GC (Ergonomics) [PSYoungGen: 154533K->0K(465920K)] [ParOldGen: 1280559K->1213900K(1398272K)] 1435093K->1213900K(1864192K), [Metaspace: 9141K->9141K(1058816K)], 7.0435628 secs] [Times: user=10.34 sys=0.00, real=7.04 secs] 
40.671: [Full GC (Ergonomics) [PSYoungGen: 232960K->0K(465920K)] [ParOldGen: 1213900K->1218948K(1398272K)] 1446860K->1218948K(1864192K), [Metaspace: 9162K->9162K(1058816K)], 2.2655322 secs] [Times: user=3.80 sys=0.00, real=2.27 secs] 
43.135: [Full GC (Ergonomics) [PSYoungGen: 232960K->0K(465920K)] [ParOldGen: 1218948K->1225605K(1398272K)] 1451908K->1225605K(1864192K), [Metaspace: 9167K->9167K(1058816K)], 2.8813439 secs] [Times: user=4.63 sys=0.00, real=2.88 secs] 
46.209: [Full GC (Ergonomics) [PSYoungGen: 232960K->0K(465920K)] [ParOldGen: 1225605K->1214394K(1398272K)] 1458565K->1214394K(1864192K), [Metaspace: 9169K->9169K(1058816K)], 2.2781651 secs] [Times: user=3.72 sys=0.00, real=2.28 secs] 
48.683: [Full GC (Ergonomics) [PSYoungGen: 232818K->0K(465920K)] [ParOldGen: 1214394K->1217867K(1398272K)] 1447213K->1217867K(1864192K), [Metaspace: 9185K->9185K(1058816K)], 1.9586413 secs] [Times: user=3.34 sys=0.00, real=1.96 secs] 
50.836: [Full GC (Ergonomics) [PSYoungGen: 232960K->0K(465920K)] [ParOldGen: 1217867K->1218919K(1398272K)] 1450827K->1218919K(1864192K), [Metaspace: 9200K->9200K(1058816K)], 2.3603661 secs] [Times: user=3.94 sys=0.00, real=2.36 secs] 
53.391: [Full GC (Ergonomics) [PSYoungGen: 232960K->0K(465920K)] [ParOldGen: 1218919K->1219631K(1398272K)] 1451879K->1219631K(1864192K), [Metaspace: 9201K->9201K(1058816K)], 2.2404202 secs] [Times: user=3.69 sys=0.00, real=2.24 secs] 
55.831: [Full GC (Ergonomics) [PSYoungGen: 232960K->0K(465920K)] [ParOldGen: 1219631K->1202554K(1398272K)] 1452591K->1202554K(1864192K), [Metaspace: 9210K->9210K(1058816K)], 2.1299587 secs] [Times: user=3.58 sys=0.00, real=2.13 secs] 
58.157: [GC (Allocation Failure) [PSYoungGen: 232960K->77339K(465920K)] 1435514K->1279894K(1864192K), 0.0248643 secs] [Times: user=0.13 sys=0.00, real=0.03 secs] 
58.370: [GC (Allocation Failure) [PSYoungGen: 310299K->77560K(465920K)] 1512854K->1357232K(1864192K), 0.0478424 secs] [Times: user=0.19 sys=0.00, real=0.05 secs] 
58.418: [Full GC (Ergonomics) [PSYoungGen: 77560K->0K(465920K)] [ParOldGen: 1279672K->1209600K(1398272K)] 1357232K->1209600K(1864192K), [Metaspace: 9223K->9223K(1058816K)], 3.2843031 secs] [Times: user=5.20 sys=0.00, real=3.28 secs] 
61.896: [GC (Allocation Failure) [PSYoungGen: 232960K->77482K(465920K)] 1442560K->1287082K(1864192K), 0.0254766 secs] [Times: user=0.06 sys=0.00, real=0.03 secs] 
62.112: [GC (Allocation Failure) [PSYoungGen: 310388K->77304K(465920K)] 1519988K->1364321K(1864192K), 0.0491183 secs] [Times: user=0.25 sys=0.00, real=0.05 secs] 
62.161: [Full GC (Ergonomics) [PSYoungGen: 77304K->0K(465920K)] [ParOldGen: 1287016K->1195608K(1398272K)] 1364321K->1195608K(1864192K), [Metaspace: 9230K->9230K(1058816K)], 3.5421302 secs] [Times: user=5.52 sys=0.00, real=3.54 secs] 
65.893: [GC (Allocation Failure) [PSYoungGen: 232960K->75760K(456704K)] 1428568K->1271369K(1854976K), 0.0243665 secs] [Times: user=0.13 sys=0.00, real=0.03 secs] 
66.105: [GC (Allocation Failure) [PSYoungGen: 308640K->153077K(461312K)] 1504249K->1348686K(1859584K), 0.0478575 secs] [Times: user=0.19 sys=0.00, real=0.05 secs] 
66.342: [GC (Allocation Failure) [PSYoungGen: 386037K->77412K(462848K)] 1581646K->1425910K(1861120K), 0.0783306 secs] [Times: user=0.25 sys=0.06, real=0.08 secs] 
66.421: [Full GC (Ergonomics) [PSYoungGen: 77412K->0K(462848K)] [ParOldGen: 1348498K->1213388K(1398272K)] 1425910K->1213388K(1861120K), [Metaspace: 9235K->9235K(1058816K)], 4.2513109 secs] [Times: user=6.50 sys=0.00, real=4.25 secs] 
70.872: [Full GC (Ergonomics) [PSYoungGen: 237568K->0K(462848K)] [ParOldGen: 1213388K->1219767K(1398272K)] 1450956K->1219767K(1861120K), [Metaspace: 9248K->9248K(1058816K)], 2.2094648 secs] [Times: user=3.72 sys=0.00, real=2.21 secs] 
73.278: [Full GC (Ergonomics) [PSYoungGen: 237568K->0K(462848K)] [ParOldGen: 1219767K->1225358K(1398272K)] 1457335K->1225358K(1861120K), [Metaspace: 9249K->9249K(1058816K)], 1.9975486 secs] [Times: user=3.38 sys=0.00, real=2.00 secs] 
75.471: [Full GC (Ergonomics) [PSYoungGen: 237568K->0K(462848K)] [ParOldGen: 1225358K->1207704K(1398272K)] 1462926K->1207704K(1861120K), [Metaspace: 9255K->9255K(1058816K)], 2.1765463 secs] [Times: user=3.63 sys=0.00, real=2.18 secs] 
77.844: [GC (Allocation Failure) [PSYoungGen: 237568K->78888K(464384K)] 1445272K->1286600K(1862656K), 0.0257153 secs] [Times: user=0.13 sys=0.00, real=0.03 secs] 
78.063: [GC (Allocation Failure) [PSYoungGen: 316447K->157677K(457216K)] 1524159K->1365389K(1855488K), 0.0510536 secs] [Times: user=0.20 sys=0.02, real=0.05 secs] 
78.308: [GC (Allocation Failure) [PSYoungGen: 395757K->227822K(465920K)] 1603469K->1444214K(1864192K), 0.0748185 secs] [Times: user=0.31 sys=0.00, real=0.08 secs] 
78.576: [GC (Allocation Failure) [PSYoungGen: 465902K->227940K(465920K)] 1682294K->1523115K(1864192K), 0.1016547 secs] [Times: user=0.42 sys=0.00, real=0.10 secs] 
78.678: [Full GC (Ergonomics) [PSYoungGen: 227940K->0K(465920K)] [ParOldGen: 1295175K->1212386K(1398272K)] 1523115K->1212386K(1864192K), [Metaspace: 9278K->9278K(1058816K)], 5.0129572 secs] [Times: user=7.70 sys=0.00, real=5.01 secs] 
83.884: [GC (Allocation Failure) [PSYoungGen: 232960K->77590K(465920K)] 1445346K->1289985K(1864192K), 0.0274565 secs] [Times: user=0.13 sys=0.00, real=0.03 secs] 
84.102: [GC (Allocation Failure) [PSYoungGen: 310550K->77454K(465920K)] 1522945K->1367277K(1864192K), 0.0496036 secs] [Times: user=0.19 sys=0.00, real=0.05 secs] 
84.152: [Full GC (Ergonomics) [PSYoungGen: 77454K->0K(465920K)] [ParOldGen: 1289823K->1225225K(1398272K)] 1367277K->1225225K(1864192K), [Metaspace: 9308K->9308K(1058816K)], 3.2632286 secs] [Times: user=5.22 sys=0.00, real=3.26 secs] 
87.611: [GC (Allocation Failure) [PSYoungGen: 232960K->77178K(465920K)] 1458185K->1302411K(1864192K), 0.0272048 secs] [Times: user=0.13 sys=0.00, real=0.03 secs] 
87.834: [GC (Allocation Failure) [PSYoungGen: 310138K->77377K(465920K)] 1535371K->1379602K(1864192K), 0.0506274 secs] [Times: user=0.19 sys=0.00, real=0.05 secs] 
87.885: [Full GC (Ergonomics) [PSYoungGen: 77377K->0K(465920K)] [ParOldGen: 1302225K->1232249K(1398272K)] 1379602K->1232249K(1864192K), [Metaspace: 9313K->9313K(1058816K)], 3.3995889 secs] [Times: user=5.28 sys=0.00, real=3.40 secs] 
91.477: [GC (Allocation Failure) [PSYoungGen: 232960K->77503K(465920K)] 1465209K->1309760K(1864192K), 0.0274800 secs] [Times: user=0.09 sys=0.00, real=0.03 secs] 
91.695: [GC (Allocation Failure) [PSYoungGen: 310463K->77402K(465920K)] 1542720K->1387033K(1864192K), 0.0569155 secs] [Times: user=0.17 sys=0.00, real=0.06 secs] 
91.751: [Full GC (Ergonomics) [PSYoungGen: 77402K->0K(465920K)] [ParOldGen: 1309630K->1222124K(1398272K)] 1387033K->1222124K(1864192K), [Metaspace: 9326K->9326K(1058816K)], 3.6982288 secs] [Times: user=5.78 sys=0.00, real=3.70 secs] 
95.644: [GC (Allocation Failure) [PSYoungGen: 232831K->77214K(310272K)] 1454955K->1299346K(1708544K), 0.0257829 secs] [Times: user=0.06 sys=0.00, real=0.03 secs] 
95.860: [GC (Allocation Failure) [PSYoungGen: 309953K->154429K(462848K)] 1532085K->1376561K(1861120K), 0.0508015 secs] [Times: user=0.25 sys=0.00, real=0.05 secs] 
96.107: [GC (Allocation Failure) [PSYoungGen: 385853K->77024K(464384K)] 1607985K->1453333K(1862656K), 0.0744670 secs] [Times: user=0.28 sys=0.03, real=0.08 secs] 
96.182: [Full GC (Ergonomics) [PSYoungGen: 77024K->0K(464384K)] [ParOldGen: 1376309K->1207269K(1398272K)] 1453333K->1207269K(1862656K), [Metaspace: 9333K->9333K(1058816K)], 4.2474326 secs] [Times: user=6.61 sys=0.00, real=4.25 secs] 
100.623: [GC (Allocation Failure) [PSYoungGen: 231309K->76904K(452096K)] 1438578K->1284174K(1850368K), 0.0268680 secs] [Times: user=0.13 sys=0.00, real=0.03 secs] 
100.845: [GC (Allocation Failure) [PSYoungGen: 312936K->155121K(458240K)] 1520206K->1362391K(1856512K), 0.0499448 secs] [Times: user=0.25 sys=0.00, real=0.05 secs] 
101.093: [GC (Allocation Failure) [PSYoungGen: 391153K->229850K(462848K)] 1598423K->1440625K(1861120K), 0.0825021 secs] [Times: user=0.34 sys=0.00, real=0.08 secs] 
101.365: [GC (Allocation Failure) [PSYoungGen: 462552K->230343K(465920K)] 1673326K->1517790K(1864192K), 0.1004709 secs] [Times: user=0.36 sys=0.00, real=0.10 secs] 
101.466: [Full GC (Ergonomics) [PSYoungGen: 230343K->0K(465920K)] [ParOldGen: 1287447K->1206868K(1398272K)] 1517790K->1206868K(1864192K), [Metaspace: 9338K->9338K(1058816K)], 5.4455733 secs] [Times: user=8.13 sys=0.00, real=5.45 secs] 
107.102: [GC (Allocation Failure) [PSYoungGen: 232960K->77307K(465920K)] 1439828K->1284175K(1864192K), 0.0248852 secs] [Times: user=0.06 sys=0.00, real=0.02 secs] 
107.316: [GC (Allocation Failure) [PSYoungGen: 310267K->77556K(465920K)] 1517135K->1361515K(1864192K), 0.0501540 secs] [Times: user=0.17 sys=0.00, real=0.05 secs] 
107.366: [Full GC (Ergonomics) [PSYoungGen: 77556K->0K(465920K)] [ParOldGen: 1283958K->1217957K(1398272K)] 1361515K->1217957K(1864192K), [Metaspace: 9341K->9341K(1058816K)], 3.4003343 secs] [Times: user=5.42 sys=0.00, real=3.40 secs] 
110.963: [GC (Allocation Failure) [PSYoungGen: 232960K->77275K(465920K)] 1450917K->1295241K(1864192K), 0.0286590 secs] [Times: user=0.09 sys=0.02, real=0.03 secs] 
111.181: [GC (Allocation Failure) [PSYoungGen: 310096K->77445K(465920K)] 1528061K->1372460K(1864192K), 0.0514324 secs] [Times: user=0.19 sys=0.00, real=0.05 secs] 
111.233: [Full GC (Ergonomics) [PSYoungGen: 77445K->0K(465920K)] [ParOldGen: 1295015K->1204841K(1398272K)] 1372460K->1204841K(1864192K), [Metaspace: 9345K->9345K(1058816K)], 3.4429365 secs] [Times: user=5.30 sys=0.00, real=3.44 secs] 
114.865: [GC (Allocation Failure) [PSYoungGen: 232960K->77435K(465920K)] 1437801K->1282285K(1864192K), 0.0261935 secs] [Times: user=0.06 sys=0.00, real=0.03 secs] 
115.080: [GC (Allocation Failure) [PSYoungGen: 310395K->77348K(465920K)] 1515245K->1359489K(1864192K), 0.0508080 secs] [Times: user=0.25 sys=0.00, real=0.05 secs] 
115.130: [Full GC (Ergonomics) [PSYoungGen: 77348K->0K(465920K)] [ParOldGen: 1282141K->1209431K(1398272K)] 1359489K->1209431K(1864192K), [Metaspace: 9346K->9346K(1058816K)], 3.1128774 secs] [Times: user=4.92 sys=0.00, real=3.11 secs] 
118.433: [GC (Allocation Failure) [PSYoungGen: 232960K->77393K(464896K)] 1442391K->1286824K(1863168K), 0.0270608 secs] [Times: user=0.13 sys=0.00, real=0.03 secs] 
118.649: [GC (Allocation Failure) [PSYoungGen: 310115K->154469K(465408K)] 1519547K->1363900K(1863680K), 0.0510386 secs] [Times: user=0.19 sys=0.00, real=0.05 secs] 
118.893: [GC (Allocation Failure) [PSYoungGen: 387429K->77590K(462848K)] 1596860K->1441144K(1861120K), 0.0763959 secs] [Times: user=0.31 sys=0.00, real=0.08 secs] 
118.969: [Full GC (Ergonomics) [PSYoungGen: 77590K->0K(462848K)] [ParOldGen: 1363553K->1196021K(1398272K)] 1441144K->1196021K(1861120K), [Metaspace: 9351K->9351K(1058816K)], 4.8224353 secs] [Times: user=7.31 sys=0.00, real=4.82 secs] 
123.981: [GC (Allocation Failure) [PSYoungGen: 233095K->77248K(310784K)] 1429116K->1273277K(1709056K), 0.0266473 secs] [Times: user=0.13 sys=0.00, real=0.03 secs] 
124.197: [GC (Allocation Failure) [PSYoungGen: 310720K->154540K(454656K)] 1506749K->1350569K(1852928K), 0.0521329 secs] [Times: user=0.19 sys=0.00, real=0.05 secs] 
124.438: [GC (Allocation Failure) [PSYoungGen: 385964K->230336K(461824K)] 1581993K->1427199K(1860096K), 0.0749811 secs] [Times: user=0.30 sys=0.00, real=0.08 secs] 
124.702: [GC (Allocation Failure) [PSYoungGen: 461760K->230142K(465920K)] 1658623K->1503938K(1864192K), 0.1000225 secs] [Times: user=0.41 sys=0.00, real=0.10 secs] 
124.802: [Full GC (Ergonomics) [PSYoungGen: 230142K->0K(465920K)] [ParOldGen: 1273795K->1203712K(1398272K)] 1503938K->1203712K(1864192K), [Metaspace: 9356K->9356K(1058816K)], 4.7636782 secs] [Times: user=7.25 sys=0.00, real=4.76 secs] 
129.756: [GC (Allocation Failure) [PSYoungGen: 232960K->75868K(465920K)] 1436672K->1279589K(1864192K), 0.0254433 secs] [Times: user=0.06 sys=0.00, real=0.03 secs] 
129.972: [GC (Allocation Failure) [PSYoungGen: 308828K->77359K(465920K)] 1512549K->1356886K(1864192K), 0.0469812 secs] [Times: user=0.14 sys=0.00, real=0.05 secs] 
130.019: [Full GC (Ergonomics) [PSYoungGen: 77359K->0K(465920K)] [ParOldGen: 1279527K->1211718K(1398272K)] 1356886K->1211718K(1864192K), [Metaspace: 9377K->9377K(1058816K)], 3.3343240 secs] [Times: user=5.30 sys=0.00, real=3.33 secs] 
133.546: [GC (Allocation Failure) [PSYoungGen: 232960K->77083K(465920K)] 1444678K->1288809K(1864192K), 0.0281699 secs] [Times: user=0.13 sys=0.00, real=0.03 secs] 
133.763: [GC (Allocation Failure) [PSYoungGen: 310043K->77242K(465920K)] 1521769K->1365936K(1864192K), 0.0507217 secs] [Times: user=0.19 sys=0.00, real=0.05 secs] 
133.814: [Full GC (Ergonomics) [PSYoungGen: 77242K->0K(465920K)] [ParOldGen: 1288694K->1219578K(1398272K)] 1365936K->1219578K(1864192K), [Metaspace: 9389K->9389K(1058816K)], 3.3395030 secs] [Times: user=5.23 sys=0.00, real=3.34 secs] 
137.343: [GC (Allocation Failure) [PSYoungGen: 232960K->77250K(465920K)] 1452538K->1296837K(1864192K), 0.0283341 secs] [Times: user=0.13 sys=0.00, real=0.03 secs] 
137.563: [GC (Allocation Failure) [PSYoungGen: 310210K->77476K(465920K)] 1529797K->1373993K(1864192K), 0.0506880 secs] [Times: user=0.24 sys=0.00, real=0.05 secs] 
137.614: [Full GC (Ergonomics) [PSYoungGen: 77476K->0K(465920K)] [ParOldGen: 1296516K->1211983K(1398272K)] 1373993K->1211983K(1864192K), [Metaspace: 9393K->9393K(1058816K)], 3.7918314 secs] [Times: user=5.89 sys=0.00, real=3.79 secs] 
141.596: [GC (Allocation Failure) [PSYoungGen: 232762K->77414K(465920K)] 1444746K->1289397K(1864192K), 0.0264568 secs] [Times: user=0.06 sys=0.02, real=0.03 secs] 
141.812: [GC (Allocation Failure) [PSYoungGen: 310374K->154636K(465920K)] 1522357K->1366620K(1864192K), 0.0522253 secs] [Times: user=0.25 sys=0.00, real=0.05 secs] 
142.051: [GC (Allocation Failure) [PSYoungGen: 387596K->77347K(310784K)] 1599580K->1443837K(1709056K), 0.0790083 secs] [Times: user=0.27 sys=0.00, real=0.08 secs] 
142.130: [Full GC (Ergonomics) [PSYoungGen: 77347K->0K(310784K)] [ParOldGen: 1366490K->1202736K(1398272K)] 1443837K->1202736K(1709056K), [Metaspace: 9394K->9394K(1058816K)], 4.0039291 secs] [Times: user=6.14 sys=0.00, real=4.00 secs] 
146.326: [GC (Allocation Failure) [PSYoungGen: 232960K->77322K(461312K)] 1435696K->1280058K(1859584K), 0.0248884 secs] [Times: user=0.13 sys=0.00, real=0.03 secs] 
146.545: [GC (Allocation Failure) [PSYoungGen: 316938K->156753K(462848K)] 1519674K->1359489K(1861120K), 0.0493880 secs] [Times: user=0.19 sys=0.00, real=0.05 secs] 
146.789: [GC (Allocation Failure) [PSYoungGen: 396369K->231367K(464384K)] 1599105K->1438278K(1862656K), 0.0757579 secs] [Times: user=0.27 sys=0.03, real=0.08 secs] 
147.058: [GC (Allocation Failure) [PSYoungGen: 464327K->231366K(465920K)] 1671238K->1515541K(1864192K), 0.1012817 secs] [Times: user=0.36 sys=0.00, real=0.10 secs] 
147.159: [Full GC (Ergonomics) [PSYoungGen: 231366K->0K(465920K)] [ParOldGen: 1284174K->1231475K(1398272K)] 1515541K->1231475K(1864192K), [Metaspace: 9396K->9396K(1058816K)], 5.0653121 secs] [Times: user=7.61 sys=0.00, real=5.06 secs] 
152.420: [Full GC (Ergonomics) [PSYoungGen: 232960K->0K(465920K)] [ParOldGen: 1231475K->1212117K(1398272K)] 1464435K->1212117K(1864192K), [Metaspace: 9409K->9409K(1058816K)], 2.3477601 secs] [Times: user=3.88 sys=0.00, real=2.35 secs] 
154.973: [GC (Allocation Failure) [PSYoungGen: 232960K->77197K(465920K)] 1445077K->1289315K(1864192K), 0.0252136 secs] [Times: user=0.06 sys=0.00, real=0.02 secs] 
155.203: [GC (Allocation Failure) [PSYoungGen: 310157K->77637K(465920K)] 1522275K->1366645K(1864192K), 0.0494224 secs] [Times: user=0.17 sys=0.00, real=0.05 secs] 
155.252: [Full GC (Ergonomics) [PSYoungGen: 77637K->0K(465920K)] [ParOldGen: 1289008K->1221739K(1398272K)] 1366645K->1221739K(1864192K), [Metaspace: 9415K->9415K(1058816K)], 3.2874948 secs] [Times: user=5.22 sys=0.00, real=3.29 secs] 
158.735: [GC (Allocation Failure) [PSYoungGen: 232960K->77342K(465920K)] 1454699K->1299081K(1864192K), 0.0261611 secs] [Times: user=0.13 sys=0.00, real=0.03 secs] 
158.956: [GC (Allocation Failure) [PSYoungGen: 310302K->77485K(465920K)] 1532041K->1376355K(1864192K), 0.0521746 secs] [Times: user=0.22 sys=0.00, real=0.05 secs] 
159.008: [Full GC (Ergonomics) [PSYoungGen: 77485K->0K(465920K)] [ParOldGen: 1298869K->1233107K(1398272K)] 1376355K->1233107K(1864192K), [Metaspace: 9415K->9415K(1058816K)], 3.0267650 secs] [Times: user=4.77 sys=0.00, real=3.03 secs] 
162.230: [Full GC (Ergonomics) [PSYoungGen: 232891K->0K(465920K)] [ParOldGen: 1233107K->1239457K(1398272K)] 1465998K->1239457K(1864192K), [Metaspace: 9415K->9415K(1058816K)], 2.4569740 secs] [Times: user=3.91 sys=0.00, real=2.46 secs] 
164.880: [Full GC (Ergonomics) [PSYoungGen: 232960K->0K(465920K)] [ParOldGen: 1239457K->1216315K(1398272K)] 1472417K->1216315K(1864192K), [Metaspace: 9419K->9419K(1058816K)], 2.1310469 secs] [Times: user=3.58 sys=0.00, real=2.13 secs] 
167.201: [GC (Allocation Failure) [PSYoungGen: 232960K->77546K(465920K)] 1449275K->1293861K(1864192K), 0.0258840 secs] [Times: user=0.11 sys=0.00, real=0.03 secs] 
167.413: [GC (Allocation Failure) [PSYoungGen: 310506K->77493K(465920K)] 1526821K->1371126K(1864192K), 0.0500998 secs] [Times: user=0.19 sys=0.00, real=0.05 secs] 
167.464: [Full GC (Ergonomics) [PSYoungGen: 77493K->0K(465920K)] [ParOldGen: 1293632K->1228432K(1398272K)] 1371126K->1228432K(1864192K), [Metaspace: 9421K->9421K(1058816K)], 3.1436517 secs] [Times: user=5.03 sys=0.00, real=3.14 secs] 
170.804: [GC (Allocation Failure) [PSYoungGen: 232960K->77474K(465920K)] 1461392K->1305906K(1864192K), 0.0270871 secs] [Times: user=0.06 sys=0.00, real=0.03 secs] 
171.022: [GC (Allocation Failure) [PSYoungGen: 310434K->77349K(310784K)] 1538866K->1383112K(1709056K), 0.0536465 secs] [Times: user=0.19 sys=0.00, real=0.05 secs] 
171.076: [Full GC (Ergonomics) [PSYoungGen: 77349K->0K(310784K)] [ParOldGen: 1305763K->1239271K(1398272K)] 1383112K->1239271K(1709056K), [Metaspace: 9421K->9421K(1058816K)], 3.2366041 secs] [Times: user=5.06 sys=0.00, real=3.24 secs] 
174.504: [Full GC (Ergonomics) [PSYoungGen: 232960K->0K(310784K)] [ParOldGen: 1239271K->1218362K(1398272K)] 1472231K->1218362K(1709056K), [Metaspace: 9430K->9430K(1058816K)], 1.9766194 secs] [Times: user=3.38 sys=0.02, real=1.98 secs] 
176.672: [GC (Allocation Failure) [PSYoungGen: 232960K->77295K(451072K)] 1451322K->1295658K(1849344K), 0.0263442 secs] [Times: user=0.13 sys=0.00, real=0.03 secs] 
176.894: [GC (Allocation Failure) [PSYoungGen: 315375K->156247K(454656K)] 1533738K->1374609K(1852928K), 0.0519042 secs] [Times: user=0.25 sys=0.00, real=0.05 secs] 
177.142: [GC (Allocation Failure) [PSYoungGen: 394327K->226298K(459264K)] 1612689K->1453566K(1857536K), 0.0781115 secs] [Times: user=0.30 sys=0.00, real=0.08 secs] 
177.409: [GC (Allocation Failure) [PSYoungGen: 459258K->226548K(465920K)] 1686526K->1530793K(1864192K), 0.1032241 secs] [Times: user=0.42 sys=0.00, real=0.10 secs] 
177.513: [Full GC (Ergonomics) [PSYoungGen: 226548K->0K(465920K)] [ParOldGen: 1304245K->1213327K(1398272K)] 1530793K->1213327K(1864192K), [Metaspace: 9432K->9432K(1058816K)], 4.8963772 secs] [Times: user=7.48 sys=0.01, real=4.90 secs] 
182.603: [GC (Allocation Failure) [PSYoungGen: 232960K->77473K(465920K)] 1446287K->1290800K(1864192K), 0.0286853 secs] [Times: user=0.09 sys=0.00, real=0.03 secs] 
182.825: [GC (Allocation Failure) [PSYoungGen: 310433K->77441K(465920K)] 1523760K->1368173K(1864192K), 0.0508205 secs] [Times: user=0.19 sys=0.00, real=0.05 secs] 
182.876: [Full GC (Ergonomics) [PSYoungGen: 77441K->0K(465920K)] [ParOldGen: 1290731K->1196688K(1398272K)] 1368173K->1196688K(1864192K), [Metaspace: 9434K->9434K(1058816K)], 3.5857424 secs] [Times: user=5.61 sys=0.00, real=3.59 secs] 
186.652: [GC (Allocation Failure) [PSYoungGen: 232960K->77187K(465920K)] 1429648K->1273884K(1864192K), 0.0243300 secs] [Times: user=0.13 sys=0.00, real=0.02 secs] 
186.864: [GC (Allocation Failure) [PSYoungGen: 310147K->77355K(465920K)] 1506844K->1350913K(1864192K), 0.0486119 secs] [Times: user=0.19 sys=0.00, real=0.05 secs] 
186.913: [Full GC (Ergonomics) [PSYoungGen: 77355K->0K(465920K)] [ParOldGen: 1273558K->1207205K(1398272K)] 1350913K->1207205K(1864192K), [Metaspace: 9434K->9434K(1058816K)], 3.5831646 secs] [Times: user=5.45 sys=0.02, real=3.58 secs] 
190.694: [GC (Allocation Failure) [PSYoungGen: 232960K->76017K(465920K)] 1440165K->1283222K(1864192K), 0.0267432 secs] [Times: user=0.06 sys=0.00, real=0.03 secs] 
190.918: [GC (Allocation Failure) [PSYoungGen: 308977K->77399K(465920K)] 1516182K->1360467K(1864192K), 0.0530127 secs] [Times: user=0.19 sys=0.00, real=0.05 secs] 
190.971: [Full GC (Ergonomics) [PSYoungGen: 77399K->0K(465920K)] [ParOldGen: 1283068K->1213992K(1398272K)] 1360467K->1213992K(1864192K), [Metaspace: 9435K->9435K(1058816K)], 3.3848641 secs] [Times: user=5.41 sys=0.00, real=3.38 secs] 
194.549: [GC (Allocation Failure) [PSYoungGen: 232633K->77021K(455680K)] 1446626K->1291013K(1853952K), 0.0288312 secs] [Times: user=0.13 sys=0.00, real=0.03 secs] 
194.769: [GC (Allocation Failure) [PSYoungGen: 309981K->154149K(460800K)] 1523973K->1368141K(1859072K), 0.0508763 secs] [Times: user=0.25 sys=0.00, real=0.05 secs] 
195.009: [GC (Allocation Failure) [PSYoungGen: 387109K->77460K(463872K)] 1601101K->1445424K(1862144K), 0.0776195 secs] [Times: user=0.30 sys=0.00, real=0.08 secs] 
195.087: [Full GC (Ergonomics) [PSYoungGen: 77460K->0K(463872K)] [ParOldGen: 1367964K->1206679K(1398272K)] 1445424K->1206679K(1862144K), [Metaspace: 9435K->9435K(1058816K)], 4.2192364 secs] [Times: user=6.56 sys=0.00, real=4.22 secs] 
199.503: [GC (Allocation Failure) [PSYoungGen: 238080K->78888K(317440K)] 1444759K->1285568K(1715712K), 0.0272346 secs] [Times: user=0.06 sys=0.00, real=0.03 secs] 
199.725: [GC (Allocation Failure) [PSYoungGen: 316968K->157750K(454144K)] 1523648K->1364429K(1852416K), 0.0502935 secs] [Times: user=0.19 sys=0.00, real=0.05 secs] 
199.968: [GC (Allocation Failure) [PSYoungGen: 393270K->227828K(463360K)] 1599949K->1442301K(1861632K), 0.0796934 secs] [Times: user=0.31 sys=0.00, real=0.08 secs] 
200.244: [GC (Allocation Failure) [PSYoungGen: 463348K->227139K(465920K)] 1677821K->1520419K(1864192K), 0.1028880 secs] [Times: user=0.36 sys=0.00, real=0.10 secs] 
200.347: [Full GC (Ergonomics) [PSYoungGen: 227139K->0K(465920K)] [ParOldGen: 1293279K->1209501K(1398272K)] 1520419K->1209501K(1864192K), [Metaspace: 9435K->9435K(1058816K)], 4.9204262 secs] [Times: user=7.48 sys=0.00, real=4.92 secs] 
205.462: [GC (Allocation Failure) [PSYoungGen: 232960K->77257K(465920K)] 1442461K->1286758K(1864192K), 0.0275268 secs] [Times: user=0.09 sys=0.00, real=0.03 secs] 
205.680: [GC (Allocation Failure) [PSYoungGen: 310217K->77528K(465920K)] 1519718K->1364047K(1864192K), 0.0492229 secs] [Times: user=0.17 sys=0.00, real=0.05 secs] 
205.730: [Full GC (Ergonomics) [PSYoungGen: 77528K->0K(465920K)] [ParOldGen: 1286518K->1198934K(1398272K)] 1364047K->1198934K(1864192K), [Metaspace: 9435K->9435K(1058816K)], 3.2843281 secs] [Times: user=5.24 sys=0.00, real=3.28 secs] 
209.208: [GC (Allocation Failure) [PSYoungGen: 232738K->77213K(465920K)] 1431673K->1276148K(1864192K), 0.0255328 secs] [Times: user=0.06 sys=0.00, real=0.03 secs] 
209.428: [GC (Allocation Failure) [PSYoungGen: 310173K->77574K(465920K)] 1509108K->1353357K(1864192K), 0.0505866 secs] [Times: user=0.19 sys=0.00, real=0.05 secs] 
209.479: [Full GC (Ergonomics) [PSYoungGen: 77574K->0K(465920K)] [ParOldGen: 1275782K->1215613K(1398272K)] 1353357K->1215613K(1864192K), [Metaspace: 9435K->9435K(1058816K)], 3.4978881 secs] [Times: user=5.39 sys=0.00, real=3.50 secs] 
213.173: [GC (Allocation Failure) [PSYoungGen: 232960K->77639K(465920K)] 1448573K->1293253K(1864192K), 0.0302066 secs] [Times: user=0.11 sys=0.00, real=0.03 secs] 
213.395: [GC (Allocation Failure) [PSYoungGen: 310599K->77308K(465920K)] 1526213K->1370457K(1864192K), 0.0491321 secs] [Times: user=0.19 sys=0.00, real=0.05 secs] 
213.444: [Full GC (Ergonomics) [PSYoungGen: 77308K->0K(465920K)] [ParOldGen: 1293149K->1224444K(1398272K)] 1370457K->1224444K(1864192K), [Metaspace: 9435K->9435K(1058816K)], 3.6094822 secs] [Times: user=5.67 sys=0.00, real=3.61 secs] 
217.251: [GC (Allocation Failure) [PSYoungGen: 232960K->77337K(310784K)] 1457404K->1301782K(1709056K), 0.0289095 secs] [Times: user=0.13 sys=0.00, real=0.03 secs] 
217.472: [GC (Allocation Failure) [PSYoungGen: 310297K->154634K(463872K)] 1534742K->1379079K(1862144K), 0.0553567 secs] [Times: user=0.19 sys=0.00, real=0.06 secs] 
217.718: [GC (Allocation Failure) [PSYoungGen: 386570K->77033K(309248K)] 1611015K->1455990K(1707520K), 0.0770540 secs] [Times: user=0.28 sys=0.03, real=0.08 secs] 
217.795: [Full GC (Ergonomics) [PSYoungGen: 77033K->0K(309248K)] [ParOldGen: 1378956K->1214322K(1398272K)] 1455990K->1214322K(1707520K), [Metaspace: 9435K->9435K(1058816K)], 4.3292185 secs] [Times: user=6.67 sys=0.00, real=4.33 secs] 
222.316: [Full GC (Ergonomics) [PSYoungGen: 231936K->0K(309248K)] [ParOldGen: 1214322K->1218382K(1398272K)] 1446258K->1218382K(1707520K), [Metaspace: 9435K->9435K(1058816K)], 1.8635640 secs] [Times: user=3.27 sys=0.00, real=1.86 secs] 
224.370: [Full GC (Ergonomics) [PSYoungGen: 231936K->0K(309248K)] [ParOldGen: 1218382K->1199521K(1398272K)] 1450318K->1199521K(1707520K), [Metaspace: 9435K->9435K(1058816K)], 2.3239067 secs] [Times: user=3.81 sys=0.00, real=2.32 secs] 
226.887: [GC (Allocation Failure) [PSYoungGen: 231936K->76951K(457216K)] 1431457K->1276480K(1855488K), 0.0250747 secs] [Times: user=0.13 sys=0.00, real=0.02 secs] 
227.105: [GC (Allocation Failure) [PSYoungGen: 315031K->155906K(460800K)] 1514560K->1355444K(1859072K), 0.0496203 secs] [Times: user=0.19 sys=0.00, real=0.05 secs] 
227.352: [GC (Allocation Failure) [PSYoungGen: 393986K->230393K(463360K)] 1593524K->1434434K(1861632K), 0.0750773 secs] [Times: user=0.31 sys=0.00, real=0.07 secs] 
227.617: [GC (Allocation Failure) [PSYoungGen: 463353K->230794K(465920K)] 1667394K->1511586K(1864192K), 0.1033184 secs] [Times: user=0.34 sys=0.00, real=0.10 secs] 
227.721: [Full GC (Ergonomics) [PSYoungGen: 230794K->0K(465920K)] [ParOldGen: 1280791K->1201356K(1398272K)] 1511586K->1201356K(1864192K), [Metaspace: 9440K->9440K(1058816K)], 5.0387834 secs] [Times: user=7.80 sys=0.00, real=5.04 secs] 
232.951: [GC (Allocation Failure) [PSYoungGen: 232960K->77534K(465920K)] 1434316K->1278891K(1864192K), 0.0266608 secs] [Times: user=0.13 sys=0.00, real=0.03 secs] 
Heap
 PSYoungGen      total 465920K, used 177994K [0x00000000d5580000, 0x0000000100000000, 0x0000000100000000)
  eden space 232960K, 43% used [0x00000000d5580000,0x00000000db79b110,0x00000000e3900000)
  from space 232960K, 33% used [0x00000000f1c80000,0x00000000f6837988,0x0000000100000000)
  to   space 232960K, 0% used [0x00000000e3900000,0x00000000e3900000,0x00000000f1c80000)
 ParOldGen       total 1398272K, used 1201356K [0x0000000080000000, 0x00000000d5580000, 0x00000000d5580000)
  object space 1398272K, 85% used [0x0000000080000000,0x00000000c9533360,0x00000000d5580000)
 Metaspace       used 9455K, capacity 9864K, committed 9984K, reserved 1058816K
  class space    used 1108K, capacity 1197K, committed 1280K, reserved 1048576K
