Java HotSpot(TM) 64-Bit Server VM (25.101-b13) for windows-amd64 JRE (1.8.0_101-b13), built on Jun 22 2016 01:21:29 by "java_re" with MS VC++ 10.0 (VS2010)
Memory: 4k page, physical 16664920k(10376308k free), swap 18872148k(10434764k free)
CommandLine flags: -XX:InitialHeapSize=266638720 -XX:MaxHeapSize=2147483648 -XX:+PrintGC -XX:+PrintGCDetails -XX:+PrintGCTimeStamps -XX:+UseCompressedClassPointers -XX:+UseCompressedOops -XX:+UseG1GC -XX:-UseLargePagesIndividualAllocation 
10.138: [GC pause (G1 Evacuation Pause) (young), 0.0084961 secs]
   [Parallel Time: 7.0 ms, GC Workers: 4]
      [GC Worker Start (ms): Min: 10138.3, Avg: 10138.3, Max: 10138.4, Diff: 0.1]
      [Ext Root Scanning (ms): Min: 1.0, Avg: 1.2, Max: 1.9, Diff: 0.9, Sum: 5.0]
      [Update RS (ms): Min: 0.0, Avg: 0.0, Max: 0.0, Diff: 0.0, Sum: 0.0]
         [Processed Buffers: Min: 0, Avg: 0.0, Max: 0, Diff: 0, Sum: 0]
      [Scan RS (ms): Min: 0.0, Avg: 0.0, Max: 0.0, Diff: 0.0, Sum: 0.0]
      [Code Root Scanning (ms): Min: 0.0, Avg: 0.1, Max: 0.4, Diff: 0.4, Sum: 0.5]
      [Object Copy (ms): Min: 5.0, Avg: 5.5, Max: 5.9, Diff: 0.9, Sum: 22.0]
      [Termination (ms): Min: 0.0, Avg: 0.0, Max: 0.0, Diff: 0.0, Sum: 0.0]
         [Termination Attempts: Min: 6, Avg: 8.5, Max: 11, Diff: 5, Sum: 34]
      [GC Worker Other (ms): Min: 0.0, Avg: 0.0, Max: 0.1, Diff: 0.0, Sum: 0.1]
      [GC Worker Total (ms): Min: 6.9, Avg: 6.9, Max: 6.9, Diff: 0.1, Sum: 27.6]
      [GC Worker End (ms): Min: 10145.2, Avg: 10145.2, Max: 10145.2, Diff: 0.0]
   [Code Root Fixup: 0.1 ms]
   [Code Root Purge: 0.0 ms]
   [Clear CT: 0.2 ms]
   [Other: 1.2 ms]
      [Choose CSet: 0.0 ms]
      [Ref Proc: 0.7 ms]
      [Ref Enq: 0.0 ms]
      [Redirty Cards: 0.3 ms]
      [Humongous Register: 0.0 ms]
      [Humongous Reclaim: 0.0 ms]
      [Free CSet: 0.0 ms]
   [Eden: 14.0M(14.0M)->0.0B(16.0M) Survivors: 0.0B->2048.0K Heap: 14.0M(256.0M)->3565.0K(256.0M)]
 [Times: user=0.00 sys=0.00, real=0.01 secs] 
10.173: [GC pause (G1 Evacuation Pause) (young), 0.0164164 secs]
   [Parallel Time: 16.0 ms, GC Workers: 4]
      [GC Worker Start (ms): Min: 10173.5, Avg: 10173.6, Max: 10173.6, Diff: 0.1]
      [Ext Root Scanning (ms): Min: 0.2, Avg: 0.3, Max: 0.6, Diff: 0.4, Sum: 1.2]
      [Update RS (ms): Min: 0.0, Avg: 0.2, Max: 0.3, Diff: 0.3, Sum: 0.7]
         [Processed Buffers: Min: 0, Avg: 1.3, Max: 3, Diff: 3, Sum: 5]
      [Scan RS (ms): Min: 0.4, Avg: 0.5, Max: 0.6, Diff: 0.2, Sum: 2.0]
      [Code Root Scanning (ms): Min: 0.0, Avg: 0.1, Max: 0.3, Diff: 0.3, Sum: 0.3]
      [Object Copy (ms): Min: 14.3, Avg: 14.6, Max: 14.7, Diff: 0.5, Sum: 58.4]
      [Termination (ms): Min: 0.0, Avg: 0.0, Max: 0.0, Diff: 0.0, Sum: 0.0]
         [Termination Attempts: Min: 25, Avg: 31.5, Max: 36, Diff: 11, Sum: 126]
      [GC Worker Other (ms): Min: 0.0, Avg: 0.0, Max: 0.0, Diff: 0.0, Sum: 0.0]
      [GC Worker Total (ms): Min: 15.6, Avg: 15.7, Max: 15.7, Diff: 0.1, Sum: 62.7]
      [GC Worker End (ms): Min: 10189.2, Avg: 10189.2, Max: 10189.2, Diff: 0.0]
   [Code Root Fixup: 0.1 ms]
   [Code Root Purge: 0.0 ms]
   [Clear CT: 0.0 ms]
   [Other: 0.3 ms]
      [Choose CSet: 0.0 ms]
      [Ref Proc: 0.1 ms]
      [Ref Enq: 0.0 ms]
      [Redirty Cards: 0.1 ms]
      [Humongous Register: 0.0 ms]
      [Humongous Reclaim: 0.0 ms]
      [Free CSet: 0.0 ms]
   [Eden: 16.0M(16.0M)->0.0B(18.0M) Survivors: 2048.0K->3072.0K Heap: 19.5M(256.0M)->10.4M(256.0M)]
 [Times: user=0.06 sys=0.00, real=0.02 secs] 
10.210: [GC pause (G1 Evacuation Pause) (young), 0.0052627 secs]
   [Parallel Time: 4.8 ms, GC Workers: 4]
      [GC Worker Start (ms): Min: 10210.0, Avg: 10210.0, Max: 10210.1, Diff: 0.0]
      [Ext Root Scanning (ms): Min: 0.2, Avg: 0.2, Max: 0.2, Diff: 0.0, Sum: 0.8]
      [Update RS (ms): Min: 0.2, Avg: 0.3, Max: 0.4, Diff: 0.3, Sum: 1.4]
         [Processed Buffers: Min: 1, Avg: 2.0, Max: 5, Diff: 4, Sum: 8]
      [Scan RS (ms): Min: 0.0, Avg: 0.0, Max: 0.0, Diff: 0.0, Sum: 0.0]
      [Code Root Scanning (ms): Min: 0.0, Avg: 0.0, Max: 0.0, Diff: 0.0, Sum: 0.0]
      [Object Copy (ms): Min: 4.1, Avg: 4.2, Max: 4.4, Diff: 0.2, Sum: 16.8]
      [Termination (ms): Min: 0.0, Avg: 0.0, Max: 0.0, Diff: 0.0, Sum: 0.0]
         [Termination Attempts: Min: 4, Avg: 6.0, Max: 8, Diff: 4, Sum: 24]
      [GC Worker Other (ms): Min: 0.0, Avg: 0.0, Max: 0.0, Diff: 0.0, Sum: 0.0]
      [GC Worker Total (ms): Min: 4.7, Avg: 4.8, Max: 4.8, Diff: 0.0, Sum: 19.1]
      [GC Worker End (ms): Min: 10214.8, Avg: 10214.8, Max: 10214.8, Diff: 0.0]
   [Code Root Fixup: 0.0 ms]
   [Code Root Purge: 0.0 ms]
   [Clear CT: 0.1 ms]
   [Other: 0.3 ms]
      [Choose CSet: 0.0 ms]
      [Ref Proc: 0.0 ms]
      [Ref Enq: 0.0 ms]
      [Redirty Cards: 0.1 ms]
      [Humongous Register: 0.0 ms]
      [Humongous Reclaim: 0.0 ms]
      [Free CSet: 0.0 ms]
   [Eden: 18.0M(18.0M)->0.0B(150.0M) Survivors: 3072.0K->3072.0K Heap: 28.4M(256.0M)->16.3M(256.0M)]
 [Times: user=0.06 sys=0.00, real=0.00 secs] 
10.389: [GC pause (G1 Evacuation Pause) (young), 0.0638345 secs]
   [Parallel Time: 63.5 ms, GC Workers: 4]
      [GC Worker Start (ms): Min: 10388.6, Avg: 10388.6, Max: 10388.6, Diff: 0.0]
      [Ext Root Scanning (ms): Min: 0.2, Avg: 0.2, Max: 0.2, Diff: 0.0, Sum: 0.8]
      [Update RS (ms): Min: 0.5, Avg: 0.5, Max: 0.6, Diff: 0.0, Sum: 2.2]
         [Processed Buffers: Min: 1, Avg: 2.8, Max: 5, Diff: 4, Sum: 11]
      [Scan RS (ms): Min: 0.0, Avg: 0.0, Max: 0.0, Diff: 0.0, Sum: 0.1]
      [Code Root Scanning (ms): Min: 0.0, Avg: 0.0, Max: 0.0, Diff: 0.0, Sum: 0.0]
      [Object Copy (ms): Min: 62.7, Avg: 62.7, Max: 62.7, Diff: 0.0, Sum: 250.8]
      [Termination (ms): Min: 0.0, Avg: 0.0, Max: 0.0, Diff: 0.0, Sum: 0.0]
         [Termination Attempts: Min: 3, Avg: 4.5, Max: 7, Diff: 4, Sum: 18]
      [GC Worker Other (ms): Min: 0.0, Avg: 0.0, Max: 0.0, Diff: 0.0, Sum: 0.0]
      [GC Worker Total (ms): Min: 63.4, Avg: 63.5, Max: 63.5, Diff: 0.0, Sum: 253.9]
      [GC Worker End (ms): Min: 10452.1, Avg: 10452.1, Max: 10452.1, Diff: 0.0]
   [Code Root Fixup: 0.0 ms]
   [Code Root Purge: 0.0 ms]
   [Clear CT: 0.0 ms]
   [Other: 0.3 ms]
      [Choose CSet: 0.0 ms]
      [Ref Proc: 0.0 ms]
      [Ref Enq: 0.0 ms]
      [Redirty Cards: 0.1 ms]
      [Humongous Register: 0.0 ms]
      [Humongous Reclaim: 0.0 ms]
      [Free CSet: 0.1 ms]
   [Eden: 150.0M(150.0M)->0.0B(15.0M) Survivors: 3072.0K->20.0M Heap: 166.3M(256.0M)->70.3M(256.0M)]
 [Times: user=0.23 sys=0.02, real=0.06 secs] 
10.485: [GC pause (G1 Evacuation Pause) (young), 0.0455780 secs]
   [Parallel Time: 45.3 ms, GC Workers: 4]
      [GC Worker Start (ms): Min: 10485.5, Avg: 10485.5, Max: 10485.5, Diff: 0.0]
      [Ext Root Scanning (ms): Min: 0.2, Avg: 0.2, Max: 0.2, Diff: 0.0, Sum: 0.8]
      [Update RS (ms): Min: 0.6, Avg: 0.7, Max: 0.8, Diff: 0.2, Sum: 2.9]
         [Processed Buffers: Min: 2, Avg: 2.3, Max: 3, Diff: 1, Sum: 9]
      [Scan RS (ms): Min: 5.1, Avg: 5.4, Max: 5.7, Diff: 0.6, Sum: 21.7]
      [Code Root Scanning (ms): Min: 0.0, Avg: 0.0, Max: 0.0, Diff: 0.0, Sum: 0.0]
      [Object Copy (ms): Min: 38.6, Avg: 38.8, Max: 39.0, Diff: 0.3, Sum: 155.4]
      [Termination (ms): Min: 0.0, Avg: 0.1, Max: 0.1, Diff: 0.1, Sum: 0.2]
         [Termination Attempts: Min: 14, Avg: 606.5, Max: 926, Diff: 912, Sum: 2426]
      [GC Worker Other (ms): Min: 0.0, Avg: 0.0, Max: 0.0, Diff: 0.0, Sum: 0.1]
      [GC Worker Total (ms): Min: 45.2, Avg: 45.2, Max: 45.2, Diff: 0.0, Sum: 181.0]
      [GC Worker End (ms): Min: 10530.8, Avg: 10530.8, Max: 10530.8, Diff: 0.0]
   [Code Root Fixup: 0.0 ms]
   [Code Root Purge: 0.0 ms]
   [Clear CT: 0.0 ms]
   [Other: 0.3 ms]
      [Choose CSet: 0.0 ms]
      [Ref Proc: 0.1 ms]
      [Ref Enq: 0.0 ms]
      [Redirty Cards: 0.1 ms]
      [Humongous Register: 0.0 ms]
      [Humongous Reclaim: 0.0 ms]
      [Free CSet: 0.0 ms]
   [Eden: 15.0M(15.0M)->0.0B(7168.0K) Survivors: 20.0M->5120.0K Heap: 85.3M(256.0M)->75.4M(256.0M)]
 [Times: user=0.19 sys=0.00, real=0.05 secs] 
10.560: [GC pause (G1 Evacuation Pause) (young), 0.0048457 secs]
   [Parallel Time: 4.7 ms, GC Workers: 4]
      [GC Worker Start (ms): Min: 10559.9, Avg: 10559.9, Max: 10559.9, Diff: 0.0]
      [Ext Root Scanning (ms): Min: 0.2, Avg: 0.2, Max: 0.2, Diff: 0.0, Sum: 0.8]
      [Update RS (ms): Min: 0.5, Avg: 0.7, Max: 0.9, Diff: 0.4, Sum: 2.7]
         [Processed Buffers: Min: 2, Avg: 2.8, Max: 5, Diff: 3, Sum: 11]
      [Scan RS (ms): Min: 0.0, Avg: 0.0, Max: 0.0, Diff: 0.0, Sum: 0.0]
      [Code Root Scanning (ms): Min: 0.0, Avg: 0.0, Max: 0.0, Diff: 0.0, Sum: 0.0]
      [Object Copy (ms): Min: 3.5, Avg: 3.8, Max: 3.9, Diff: 0.4, Sum: 15.1]
      [Termination (ms): Min: 0.0, Avg: 0.0, Max: 0.0, Diff: 0.0, Sum: 0.0]
         [Termination Attempts: Min: 27, Avg: 34.8, Max: 43, Diff: 16, Sum: 139]
      [GC Worker Other (ms): Min: 0.0, Avg: 0.0, Max: 0.0, Diff: 0.0, Sum: 0.0]
      [GC Worker Total (ms): Min: 4.6, Avg: 4.7, Max: 4.7, Diff: 0.0, Sum: 18.6]
      [GC Worker End (ms): Min: 10564.6, Avg: 10564.6, Max: 10564.6, Diff: 0.0]
   [Code Root Fixup: 0.0 ms]
   [Code Root Purge: 0.0 ms]
   [Clear CT: 0.0 ms]
   [Other: 0.1 ms]
      [Choose CSet: 0.0 ms]
      [Ref Proc: 0.0 ms]
      [Ref Enq: 0.0 ms]
      [Redirty Cards: 0.0 ms]
      [Humongous Register: 0.0 ms]
      [Humongous Reclaim: 0.0 ms]
      [Free CSet: 0.0 ms]
   [Eden: 7168.0K(7168.0K)->0.0B(25.0M) Survivors: 5120.0K->2048.0K Heap: 82.4M(256.0M)->78.5M(256.0M)]
 [Times: user=0.00 sys=0.00, real=0.01 secs] 
10.589: [GC pause (G1 Evacuation Pause) (young), 0.0080900 secs]
   [Parallel Time: 7.9 ms, GC Workers: 4]
      [GC Worker Start (ms): Min: 10589.4, Avg: 10589.4, Max: 10589.4, Diff: 0.0]
      [Ext Root Scanning (ms): Min: 0.2, Avg: 0.2, Max: 0.2, Diff: 0.0, Sum: 0.8]
      [Update RS (ms): Min: 0.7, Avg: 0.8, Max: 1.0, Diff: 0.3, Sum: 3.3]
         [Processed Buffers: Min: 2, Avg: 2.8, Max: 4, Diff: 2, Sum: 11]
      [Scan RS (ms): Min: 0.0, Avg: 0.0, Max: 0.0, Diff: 0.0, Sum: 0.0]
      [Code Root Scanning (ms): Min: 0.0, Avg: 0.0, Max: 0.0, Diff: 0.0, Sum: 0.0]
      [Object Copy (ms): Min: 6.7, Avg: 6.9, Max: 7.0, Diff: 0.3, Sum: 27.5]
      [Termination (ms): Min: 0.0, Avg: 0.0, Max: 0.0, Diff: 0.0, Sum: 0.0]
         [Termination Attempts: Min: 12, Avg: 16.8, Max: 21, Diff: 9, Sum: 67]
      [GC Worker Other (ms): Min: 0.0, Avg: 0.0, Max: 0.0, Diff: 0.0, Sum: 0.0]
      [GC Worker Total (ms): Min: 7.9, Avg: 7.9, Max: 7.9, Diff: 0.0, Sum: 31.6]
      [GC Worker End (ms): Min: 10597.3, Avg: 10597.3, Max: 10597.3, Diff: 0.0]
   [Code Root Fixup: 0.0 ms]
   [Code Root Purge: 0.0 ms]
   [Clear CT: 0.0 ms]
   [Other: 0.1 ms]
      [Choose CSet: 0.0 ms]
      [Ref Proc: 0.0 ms]
      [Ref Enq: 0.0 ms]
      [Redirty Cards: 0.0 ms]
      [Humongous Register: 0.0 ms]
      [Humongous Reclaim: 0.0 ms]
      [Free CSet: 0.0 ms]
   [Eden: 25.0M(25.0M)->0.0B(52.0M) Survivors: 2048.0K->4096.0K Heap: 103.5M(256.0M)->87.3M(256.0M)]
 [Times: user=0.00 sys=0.00, real=0.01 secs] 
10.645: [GC pause (G1 Evacuation Pause) (young), 0.0304195 secs]
   [Parallel Time: 30.2 ms, GC Workers: 4]
      [GC Worker Start (ms): Min: 10645.3, Avg: 10645.3, Max: 10645.3, Diff: 0.0]
      [Ext Root Scanning (ms): Min: 0.2, Avg: 0.2, Max: 0.2, Diff: 0.0, Sum: 0.8]
      [Update RS (ms): Min: 1.0, Avg: 1.1, Max: 1.3, Diff: 0.3, Sum: 4.5]
         [Processed Buffers: Min: 2, Avg: 2.8, Max: 3, Diff: 1, Sum: 11]
      [Scan RS (ms): Min: 0.0, Avg: 0.0, Max: 0.0, Diff: 0.0, Sum: 0.0]
      [Code Root Scanning (ms): Min: 0.0, Avg: 0.0, Max: 0.0, Diff: 0.0, Sum: 0.0]
      [Object Copy (ms): Min: 28.6, Avg: 28.8, Max: 28.9, Diff: 0.3, Sum: 115.2]
      [Termination (ms): Min: 0.0, Avg: 0.0, Max: 0.0, Diff: 0.0, Sum: 0.0]
         [Termination Attempts: Min: 1, Avg: 2.3, Max: 3, Diff: 2, Sum: 9]
      [GC Worker Other (ms): Min: 0.0, Avg: 0.0, Max: 0.0, Diff: 0.0, Sum: 0.0]
      [GC Worker Total (ms): Min: 30.1, Avg: 30.2, Max: 30.2, Diff: 0.0, Sum: 120.6]
      [GC Worker End (ms): Min: 10675.4, Avg: 10675.4, Max: 10675.4, Diff: 0.0]
   [Code Root Fixup: 0.0 ms]
   [Code Root Purge: 0.0 ms]
   [Clear CT: 0.0 ms]
   [Other: 0.2 ms]
      [Choose CSet: 0.0 ms]
      [Ref Proc: 0.1 ms]
      [Ref Enq: 0.0 ms]
      [Redirty Cards: 0.0 ms]
      [Humongous Register: 0.0 ms]
      [Humongous Reclaim: 0.0 ms]
      [Free CSet: 0.0 ms]
   [Eden: 52.0M(52.0M)->0.0B(69.0M) Survivors: 4096.0K->7168.0K Heap: 139.3M(256.0M)->106.4M(256.0M)]
 [Times: user=0.13 sys=0.00, real=0.03 secs] 
10.746: [GC pause (G1 Evacuation Pause) (young), 0.0463064 secs]
   [Parallel Time: 46.0 ms, GC Workers: 4]
      [GC Worker Start (ms): Min: 10746.1, Avg: 10746.1, Max: 10746.1, Diff: 0.1]
      [Ext Root Scanning (ms): Min: 0.2, Avg: 0.2, Max: 0.2, Diff: 0.1, Sum: 0.8]
      [Update RS (ms): Min: 1.2, Avg: 1.3, Max: 1.4, Diff: 0.2, Sum: 5.1]
         [Processed Buffers: Min: 2, Avg: 3.5, Max: 6, Diff: 4, Sum: 14]
      [Scan RS (ms): Min: 5.8, Avg: 6.0, Max: 6.0, Diff: 0.2, Sum: 23.8]
      [Code Root Scanning (ms): Min: 0.0, Avg: 0.0, Max: 0.0, Diff: 0.0, Sum: 0.0]
      [Object Copy (ms): Min: 38.5, Avg: 38.5, Max: 38.5, Diff: 0.0, Sum: 154.1]
      [Termination (ms): Min: 0.0, Avg: 0.0, Max: 0.0, Diff: 0.0, Sum: 0.0]
         [Termination Attempts: Min: 18, Avg: 27.3, Max: 33, Diff: 15, Sum: 109]
      [GC Worker Other (ms): Min: 0.0, Avg: 0.0, Max: 0.0, Diff: 0.0, Sum: 0.1]
      [GC Worker Total (ms): Min: 45.9, Avg: 46.0, Max: 46.0, Diff: 0.1, Sum: 183.9]
      [GC Worker End (ms): Min: 10792.1, Avg: 10792.1, Max: 10792.1, Diff: 0.0]
   [Code Root Fixup: 0.0 ms]
   [Code Root Purge: 0.0 ms]
   [Clear CT: 0.0 ms]
   [Other: 0.2 ms]
      [Choose CSet: 0.0 ms]
      [Ref Proc: 0.0 ms]
      [Ref Enq: 0.0 ms]
      [Redirty Cards: 0.1 ms]
      [Humongous Register: 0.0 ms]
      [Humongous Reclaim: 0.0 ms]
      [Free CSet: 0.1 ms]
   [Eden: 69.0M(69.0M)->0.0B(30.0M) Survivors: 7168.0K->10.0M Heap: 175.4M(256.0M)->130.4M(256.0M)]
 [Times: user=0.19 sys=0.00, real=0.05 secs] 
10.838: [GC pause (G1 Evacuation Pause) (young) (initial-mark), 0.0308657 secs]
   [Parallel Time: 30.6 ms, GC Workers: 4]
      [GC Worker Start (ms): Min: 10837.8, Avg: 10837.8, Max: 10837.8, Diff: 0.0]
      [Ext Root Scanning (ms): Min: 0.3, Avg: 0.3, Max: 0.4, Diff: 0.0, Sum: 1.3]
      [Update RS (ms): Min: 1.3, Avg: 1.5, Max: 1.8, Diff: 0.5, Sum: 5.9]
         [Processed Buffers: Min: 3, Avg: 3.5, Max: 4, Diff: 1, Sum: 14]
      [Scan RS (ms): Min: 4.4, Avg: 4.7, Max: 4.8, Diff: 0.4, Sum: 18.7]
      [Code Root Scanning (ms): Min: 0.0, Avg: 0.0, Max: 0.0, Diff: 0.0, Sum: 0.0]
      [Object Copy (ms): Min: 24.1, Avg: 24.1, Max: 24.2, Diff: 0.1, Sum: 96.4]
      [Termination (ms): Min: 0.0, Avg: 0.0, Max: 0.0, Diff: 0.0, Sum: 0.0]
         [Termination Attempts: Min: 29, Avg: 30.8, Max: 34, Diff: 5, Sum: 123]
      [GC Worker Other (ms): Min: 0.0, Avg: 0.0, Max: 0.0, Diff: 0.0, Sum: 0.0]
      [GC Worker Total (ms): Min: 30.6, Avg: 30.6, Max: 30.6, Diff: 0.0, Sum: 122.4]
      [GC Worker End (ms): Min: 10868.4, Avg: 10868.4, Max: 10868.4, Diff: 0.0]
   [Code Root Fixup: 0.0 ms]
   [Code Root Purge: 0.0 ms]
   [Clear CT: 0.0 ms]
   [Other: 0.2 ms]
      [Choose CSet: 0.0 ms]
      [Ref Proc: 0.0 ms]
      [Ref Enq: 0.0 ms]
      [Redirty Cards: 0.0 ms]
      [Humongous Register: 0.0 ms]
      [Humongous Reclaim: 0.0 ms]
      [Free CSet: 0.0 ms]
   [Eden: 30.0M(30.0M)->0.0B(65.0M) Survivors: 10.0M->5120.0K Heap: 160.4M(256.0M)->142.5M(256.0M)]
 [Times: user=0.13 sys=0.00, real=0.03 secs] 
10.869: [GC concurrent-root-region-scan-start]
10.889: [GC concurrent-root-region-scan-end, 0.0205222 secs]
10.889: [GC concurrent-mark-start]
10.941: [GC pause (G1 Evacuation Pause) (young), 0.0350712 secs]
   [Parallel Time: 34.9 ms, GC Workers: 4]
      [GC Worker Start (ms): Min: 10940.9, Avg: 10940.9, Max: 10940.9, Diff: 0.0]
      [Ext Root Scanning (ms): Min: 0.2, Avg: 0.2, Max: 0.2, Diff: 0.0, Sum: 0.8]
      [Update RS (ms): Min: 1.5, Avg: 1.6, Max: 1.7, Diff: 0.1, Sum: 6.4]
         [Processed Buffers: Min: 3, Avg: 3.8, Max: 6, Diff: 3, Sum: 15]
      [Scan RS (ms): Min: 0.0, Avg: 0.0, Max: 0.0, Diff: 0.0, Sum: 0.0]
      [Code Root Scanning (ms): Min: 0.0, Avg: 0.0, Max: 0.0, Diff: 0.0, Sum: 0.0]
      [Object Copy (ms): Min: 32.9, Avg: 33.0, Max: 33.0, Diff: 0.1, Sum: 131.9]
      [Termination (ms): Min: 0.0, Avg: 0.0, Max: 0.0, Diff: 0.0, Sum: 0.0]
         [Termination Attempts: Min: 22, Avg: 28.5, Max: 35, Diff: 13, Sum: 114]
      [GC Worker Other (ms): Min: 0.0, Avg: 0.0, Max: 0.0, Diff: 0.0, Sum: 0.1]
      [GC Worker Total (ms): Min: 34.8, Avg: 34.8, Max: 34.8, Diff: 0.0, Sum: 139.3]
      [GC Worker End (ms): Min: 10975.7, Avg: 10975.7, Max: 10975.7, Diff: 0.0]
   [Code Root Fixup: 0.0 ms]
   [Code Root Purge: 0.0 ms]
   [Clear CT: 0.0 ms]
   [Other: 0.2 ms]
      [Choose CSet: 0.0 ms]
      [Ref Proc: 0.0 ms]
      [Ref Enq: 0.0 ms]
      [Redirty Cards: 0.0 ms]
      [Humongous Register: 0.0 ms]
      [Humongous Reclaim: 0.0 ms]
      [Free CSet: 0.0 ms]
   [Eden: 65.0M(65.0M)->0.0B(46.0M) Survivors: 5120.0K->9216.0K Heap: 207.5M(256.0M)->166.9M(256.0M)]
 [Times: user=0.14 sys=0.00, real=0.04 secs] 
11.030: [GC pause (G1 Evacuation Pause) (young), 0.0457820 secs]
   [Parallel Time: 42.4 ms, GC Workers: 4]
      [GC Worker Start (ms): Min: 11030.4, Avg: 11030.4, Max: 11030.4, Diff: 0.0]
      [Ext Root Scanning (ms): Min: 0.2, Avg: 0.2, Max: 0.2, Diff: 0.0, Sum: 0.8]
      [Update RS (ms): Min: 1.5, Avg: 1.7, Max: 1.8, Diff: 0.2, Sum: 6.7]
         [Processed Buffers: Min: 3, Avg: 4.0, Max: 6, Diff: 3, Sum: 16]
      [Scan RS (ms): Min: 7.2, Avg: 7.3, Max: 7.4, Diff: 0.1, Sum: 29.3]
      [Code Root Scanning (ms): Min: 0.0, Avg: 0.0, Max: 0.0, Diff: 0.0, Sum: 0.0]
      [Object Copy (ms): Min: 33.0, Avg: 33.1, Max: 33.2, Diff: 0.2, Sum: 132.5]
      [Termination (ms): Min: 0.0, Avg: 0.0, Max: 0.0, Diff: 0.0, Sum: 0.0]
         [Termination Attempts: Min: 14, Avg: 16.8, Max: 20, Diff: 6, Sum: 67]
      [GC Worker Other (ms): Min: 0.0, Avg: 0.0, Max: 0.0, Diff: 0.0, Sum: 0.0]
      [GC Worker Total (ms): Min: 42.3, Avg: 42.3, Max: 42.3, Diff: 0.0, Sum: 169.3]
      [GC Worker End (ms): Min: 11072.8, Avg: 11072.8, Max: 11072.8, Diff: 0.0]
   [Code Root Fixup: 0.0 ms]
   [Code Root Purge: 0.0 ms]
   [Clear CT: 0.0 ms]
   [Other: 3.4 ms]
      [Choose CSet: 0.0 ms]
      [Ref Proc: 0.0 ms]
      [Ref Enq: 0.0 ms]
      [Redirty Cards: 0.1 ms]
      [Humongous Register: 0.0 ms]
      [Humongous Reclaim: 0.0 ms]
      [Free CSet: 0.1 ms]
   [Eden: 46.0M(46.0M)->0.0B(27.0M) Survivors: 9216.0K->7168.0K Heap: 212.9M(256.0M)->183.3M(512.0M)]
 [Times: user=0.19 sys=0.00, real=0.05 secs] 
11.124: [GC pause (G1 Evacuation Pause) (young), 0.0183206 secs]
   [Parallel Time: 14.4 ms, GC Workers: 4]
      [GC Worker Start (ms): Min: 11124.0, Avg: 11124.0, Max: 11124.0, Diff: 0.0]
      [Ext Root Scanning (ms): Min: 0.2, Avg: 0.2, Max: 0.2, Diff: 0.0, Sum: 0.8]
      [Update RS (ms): Min: 2.0, Avg: 2.2, Max: 2.6, Diff: 0.5, Sum: 8.9]
         [Processed Buffers: Min: 4, Avg: 4.3, Max: 5, Diff: 1, Sum: 17]
      [Scan RS (ms): Min: 1.5, Avg: 1.8, Max: 2.0, Diff: 0.5, Sum: 7.3]
      [Code Root Scanning (ms): Min: 0.0, Avg: 0.0, Max: 0.0, Diff: 0.0, Sum: 0.0]
      [Object Copy (ms): Min: 10.1, Avg: 10.1, Max: 10.1, Diff: 0.0, Sum: 40.4]
      [Termination (ms): Min: 0.0, Avg: 0.0, Max: 0.0, Diff: 0.0, Sum: 0.0]
         [Termination Attempts: Min: 12, Avg: 15.5, Max: 19, Diff: 7, Sum: 62]
      [GC Worker Other (ms): Min: 0.0, Avg: 0.0, Max: 0.0, Diff: 0.0, Sum: 0.0]
      [GC Worker Total (ms): Min: 14.4, Avg: 14.4, Max: 14.4, Diff: 0.0, Sum: 57.5]
      [GC Worker End (ms): Min: 11138.4, Avg: 11138.4, Max: 11138.4, Diff: 0.0]
   [Code Root Fixup: 0.0 ms]
   [Code Root Purge: 0.0 ms]
   [Clear CT: 0.0 ms]
   [Other: 3.9 ms]
      [Choose CSet: 0.0 ms]
      [Ref Proc: 0.0 ms]
      [Ref Enq: 0.0 ms]
      [Redirty Cards: 0.0 ms]
      [Humongous Register: 0.0 ms]
      [Humongous Reclaim: 0.0 ms]
      [Free CSet: 0.0 ms]
   [Eden: 27.0M(27.0M)->0.0B(218.0M) Survivors: 7168.0K->5120.0K Heap: 210.3M(512.0M)->191.7M(820.0M)]
 [Times: user=0.06 sys=0.00, real=0.02 secs] 
11.164: [GC concurrent-mark-end, 0.2751300 secs]
11.165: [GC remark 11.165: [Finalize Marking, 0.0000860 secs] 11.165: [GC ref-proc, 0.0000619 secs] 11.165: [Unloading, 0.0010822 secs], 0.0016233 secs]
 [Times: user=0.00 sys=0.00, real=0.00 secs] 
11.166: [GC cleanup 203M->203M(820M), 0.0003948 secs]
 [Times: user=0.00 sys=0.00, real=0.00 secs] 
11.387: [GC pause (G1 Evacuation Pause) (young), 0.1080175 secs]
   [Parallel Time: 104.4 ms, GC Workers: 4]
      [GC Worker Start (ms): Min: 11387.0, Avg: 11387.0, Max: 11387.1, Diff: 0.1]
      [Ext Root Scanning (ms): Min: 0.2, Avg: 0.2, Max: 0.3, Diff: 0.1, Sum: 0.9]
      [Update RS (ms): Min: 2.0, Avg: 2.1, Max: 2.2, Diff: 0.3, Sum: 8.4]
         [Processed Buffers: Min: 4, Avg: 5.3, Max: 9, Diff: 5, Sum: 21]
      [Scan RS (ms): Min: 0.0, Avg: 0.0, Max: 0.1, Diff: 0.1, Sum: 0.1]
      [Code Root Scanning (ms): Min: 0.0, Avg: 0.0, Max: 0.0, Diff: 0.0, Sum: 0.0]
      [Object Copy (ms): Min: 101.9, Avg: 101.9, Max: 102.0, Diff: 0.2, Sum: 407.8]
      [Termination (ms): Min: 0.0, Avg: 0.0, Max: 0.0, Diff: 0.0, Sum: 0.0]
         [Termination Attempts: Min: 15, Avg: 17.3, Max: 21, Diff: 6, Sum: 69]
      [GC Worker Other (ms): Min: 0.0, Avg: 0.0, Max: 0.0, Diff: 0.0, Sum: 0.1]
      [GC Worker Total (ms): Min: 104.3, Avg: 104.3, Max: 104.4, Diff: 0.1, Sum: 417.3]
      [GC Worker End (ms): Min: 11491.4, Avg: 11491.4, Max: 11491.4, Diff: 0.0]
   [Code Root Fixup: 0.0 ms]
   [Code Root Purge: 0.0 ms]
   [Clear CT: 0.1 ms]
   [Other: 3.5 ms]
      [Choose CSet: 0.0 ms]
      [Ref Proc: 0.0 ms]
      [Ref Enq: 0.0 ms]
      [Redirty Cards: 0.1 ms]
      [Humongous Register: 0.0 ms]
      [Humongous Reclaim: 0.0 ms]
      [Free CSet: 0.1 ms]
   [Eden: 218.0M(218.0M)->0.0B(40.0M) Survivors: 5120.0K->28.0M Heap: 409.7M(820.0M)->268.8M(1066.0M)]
 [Times: user=0.39 sys=0.00, real=0.11 secs] 
11.575: [GC pause (G1 Evacuation Pause) (young), 0.0805138 secs]
   [Parallel Time: 77.4 ms, GC Workers: 4]
      [GC Worker Start (ms): Min: 11575.4, Avg: 11575.4, Max: 11575.4, Diff: 0.0]
      [Ext Root Scanning (ms): Min: 0.2, Avg: 0.2, Max: 0.2, Diff: 0.0, Sum: 0.8]
      [Update RS (ms): Min: 2.2, Avg: 2.5, Max: 2.7, Diff: 0.5, Sum: 9.8]
         [Processed Buffers: Min: 4, Avg: 4.8, Max: 6, Diff: 2, Sum: 19]
      [Scan RS (ms): Min: 12.7, Avg: 12.9, Max: 13.2, Diff: 0.5, Sum: 51.8]
      [Code Root Scanning (ms): Min: 0.0, Avg: 0.0, Max: 0.0, Diff: 0.0, Sum: 0.0]
      [Object Copy (ms): Min: 61.6, Avg: 61.7, Max: 61.8, Diff: 0.1, Sum: 246.8]
      [Termination (ms): Min: 0.0, Avg: 0.1, Max: 0.1, Diff: 0.1, Sum: 0.2]
         [Termination Attempts: Min: 16, Avg: 565.0, Max: 868, Diff: 852, Sum: 2260]
      [GC Worker Other (ms): Min: 0.0, Avg: 0.0, Max: 0.0, Diff: 0.0, Sum: 0.0]
      [GC Worker Total (ms): Min: 77.3, Avg: 77.4, Max: 77.4, Diff: 0.0, Sum: 309.4]
      [GC Worker End (ms): Min: 11652.8, Avg: 11652.8, Max: 11652.8, Diff: 0.0]
   [Code Root Fixup: 0.0 ms]
   [Code Root Purge: 0.0 ms]
   [Clear CT: 0.0 ms]
   [Other: 3.1 ms]
      [Choose CSet: 0.0 ms]
      [Ref Proc: 0.0 ms]
      [Ref Enq: 0.0 ms]
      [Redirty Cards: 0.1 ms]
      [Humongous Register: 0.0 ms]
      [Humongous Reclaim: 0.0 ms]
      [Free CSet: 0.1 ms]
   [Eden: 40.0M(40.0M)->0.0B(54.0M) Survivors: 28.0M->9216.0K Heap: 308.8M(1066.0M)->283.9M(1263.0M)]
 [Times: user=0.28 sys=0.02, real=0.08 secs] 
11.746: [GC pause (G1 Evacuation Pause) (young), 0.0370175 secs]
   [Parallel Time: 34.6 ms, GC Workers: 4]
      [GC Worker Start (ms): Min: 11745.9, Avg: 11746.5, Max: 11748.3, Diff: 2.4]
      [Ext Root Scanning (ms): Min: 0.0, Avg: 0.2, Max: 0.2, Diff: 0.2, Sum: 0.6]
      [Update RS (ms): Min: 1.2, Avg: 2.7, Max: 3.4, Diff: 2.3, Sum: 10.8]
         [Processed Buffers: Min: 2, Avg: 5.0, Max: 6, Diff: 4, Sum: 20]
      [Scan RS (ms): Min: 1.1, Avg: 1.2, Max: 1.4, Diff: 0.3, Sum: 4.9]
      [Code Root Scanning (ms): Min: 0.0, Avg: 0.0, Max: 0.0, Diff: 0.0, Sum: 0.0]
      [Object Copy (ms): Min: 29.9, Avg: 29.9, Max: 29.9, Diff: 0.0, Sum: 119.6]
      [Termination (ms): Min: 0.0, Avg: 0.0, Max: 0.0, Diff: 0.0, Sum: 0.0]
         [Termination Attempts: Min: 18, Avg: 22.3, Max: 25, Diff: 7, Sum: 89]
      [GC Worker Other (ms): Min: 0.0, Avg: 0.0, Max: 0.0, Diff: 0.0, Sum: 0.0]
      [GC Worker Total (ms): Min: 32.2, Avg: 34.0, Max: 34.6, Diff: 2.4, Sum: 136.0]
      [GC Worker End (ms): Min: 11780.5, Avg: 11780.5, Max: 11780.5, Diff: 0.0]
   [Code Root Fixup: 0.0 ms]
   [Code Root Purge: 0.0 ms]
   [Clear CT: 0.0 ms]
   [Other: 2.4 ms]
      [Choose CSet: 0.0 ms]
      [Ref Proc: 0.0 ms]
      [Ref Enq: 0.0 ms]
      [Redirty Cards: 0.0 ms]
      [Humongous Register: 0.0 ms]
      [Humongous Reclaim: 0.0 ms]
      [Free CSet: 0.1 ms]
   [Eden: 54.0M(54.0M)->0.0B(113.0M) Survivors: 9216.0K->8192.0K Heap: 337.9M(1263.0M)->302.4M(1420.0M)]
 [Times: user=0.13 sys=0.00, real=0.04 secs] 
11.923: [GC pause (G1 Evacuation Pause) (young), 0.0588229 secs]
   [Parallel Time: 56.7 ms, GC Workers: 4]
      [GC Worker Start (ms): Min: 11923.1, Avg: 11923.1, Max: 11923.2, Diff: 0.0]
      [Ext Root Scanning (ms): Min: 0.2, Avg: 0.2, Max: 0.2, Diff: 0.0, Sum: 0.8]
      [Update RS (ms): Min: 2.1, Avg: 2.2, Max: 2.4, Diff: 0.3, Sum: 8.9]
         [Processed Buffers: Min: 4, Avg: 5.5, Max: 7, Diff: 3, Sum: 22]
      [Scan RS (ms): Min: 0.0, Avg: 0.0, Max: 0.0, Diff: 0.0, Sum: 0.1]
      [Code Root Scanning (ms): Min: 0.0, Avg: 0.0, Max: 0.0, Diff: 0.0, Sum: 0.0]
      [Object Copy (ms): Min: 54.1, Avg: 54.2, Max: 54.3, Diff: 0.2, Sum: 216.9]
      [Termination (ms): Min: 0.0, Avg: 0.0, Max: 0.0, Diff: 0.0, Sum: 0.0]
         [Termination Attempts: Min: 3, Avg: 4.3, Max: 6, Diff: 3, Sum: 17]
      [GC Worker Other (ms): Min: 0.0, Avg: 0.0, Max: 0.0, Diff: 0.0, Sum: 0.1]
      [GC Worker Total (ms): Min: 56.7, Avg: 56.7, Max: 56.7, Diff: 0.0, Sum: 226.7]
      [GC Worker End (ms): Min: 11979.8, Avg: 11979.8, Max: 11979.8, Diff: 0.0]
   [Code Root Fixup: 0.0 ms]
   [Code Root Purge: 0.0 ms]
   [Clear CT: 0.0 ms]
   [Other: 2.1 ms]
      [Choose CSet: 0.0 ms]
      [Ref Proc: 0.0 ms]
      [Ref Enq: 0.0 ms]
      [Redirty Cards: 0.1 ms]
      [Humongous Register: 0.0 ms]
      [Humongous Reclaim: 0.0 ms]
      [Free CSet: 0.1 ms]
   [Eden: 113.0M(113.0M)->0.0B(108.0M) Survivors: 8192.0K->16.0M Heap: 415.4M(1420.0M)->342.4M(1546.0M)]
 [Times: user=0.23 sys=0.02, real=0.06 secs] 
12.110: [GC pause (G1 Evacuation Pause) (young), 0.0801537 secs]
   [Parallel Time: 78.3 ms, GC Workers: 4]
      [GC Worker Start (ms): Min: 12110.4, Avg: 12110.4, Max: 12110.5, Diff: 0.0]
      [Ext Root Scanning (ms): Min: 0.2, Avg: 0.2, Max: 0.2, Diff: 0.0, Sum: 0.8]
      [Update RS (ms): Min: 2.6, Avg: 2.9, Max: 3.0, Diff: 0.4, Sum: 11.5]
         [Processed Buffers: Min: 5, Avg: 5.3, Max: 6, Diff: 1, Sum: 21]
      [Scan RS (ms): Min: 4.0, Avg: 4.2, Max: 4.5, Diff: 0.4, Sum: 16.9]
      [Code Root Scanning (ms): Min: 0.0, Avg: 0.0, Max: 0.0, Diff: 0.0, Sum: 0.0]
      [Object Copy (ms): Min: 70.9, Avg: 70.9, Max: 71.0, Diff: 0.1, Sum: 283.7]
      [Termination (ms): Min: 0.0, Avg: 0.0, Max: 0.0, Diff: 0.0, Sum: 0.1]
         [Termination Attempts: Min: 1, Avg: 1.0, Max: 1, Diff: 0, Sum: 4]
      [GC Worker Other (ms): Min: 0.0, Avg: 0.0, Max: 0.0, Diff: 0.0, Sum: 0.0]
      [GC Worker Total (ms): Min: 78.2, Avg: 78.2, Max: 78.2, Diff: 0.0, Sum: 313.0]
      [GC Worker End (ms): Min: 12188.7, Avg: 12188.7, Max: 12188.7, Diff: 0.0]
   [Code Root Fixup: 0.0 ms]
   [Code Root Purge: 0.0 ms]
   [Clear CT: 0.0 ms]
   [Other: 1.8 ms]
      [Choose CSet: 0.0 ms]
      [Ref Proc: 0.1 ms]
      [Ref Enq: 0.0 ms]
      [Redirty Cards: 0.1 ms]
      [Humongous Register: 0.0 ms]
      [Humongous Reclaim: 0.0 ms]
      [Free CSet: 0.1 ms]
   [Eden: 108.0M(108.0M)->0.0B(178.0M) Survivors: 16.0M->16.0M Heap: 450.4M(1546.0M)->381.8M(1647.0M)]
 [Times: user=0.31 sys=0.00, real=0.08 secs] 
12.396: [GC pause (G1 Evacuation Pause) (young), 0.1252021 secs]
   [Parallel Time: 123.4 ms, GC Workers: 4]
      [GC Worker Start (ms): Min: 12395.7, Avg: 12395.7, Max: 12395.8, Diff: 0.1]
      [Ext Root Scanning (ms): Min: 0.2, Avg: 0.2, Max: 0.3, Diff: 0.1, Sum: 1.0]
      [Update RS (ms): Min: 3.5, Avg: 3.6, Max: 3.6, Diff: 0.1, Sum: 14.2]
         [Processed Buffers: Min: 5, Avg: 6.5, Max: 8, Diff: 3, Sum: 26]
      [Scan RS (ms): Min: 14.7, Avg: 14.8, Max: 14.8, Diff: 0.1, Sum: 59.1]
      [Code Root Scanning (ms): Min: 0.0, Avg: 0.0, Max: 0.0, Diff: 0.0, Sum: 0.0]
      [Object Copy (ms): Min: 104.7, Avg: 104.7, Max: 104.7, Diff: 0.0, Sum: 418.8]
      [Termination (ms): Min: 0.0, Avg: 0.0, Max: 0.0, Diff: 0.0, Sum: 0.0]
         [Termination Attempts: Min: 6, Avg: 14.0, Max: 19, Diff: 13, Sum: 56]
      [GC Worker Other (ms): Min: 0.0, Avg: 0.0, Max: 0.0, Diff: 0.0, Sum: 0.1]
      [GC Worker Total (ms): Min: 123.3, Avg: 123.3, Max: 123.3, Diff: 0.1, Sum: 493.2]
      [GC Worker End (ms): Min: 12519.0, Avg: 12519.0, Max: 12519.0, Diff: 0.0]
   [Code Root Fixup: 0.0 ms]
   [Code Root Purge: 0.0 ms]
   [Clear CT: 0.1 ms]
   [Other: 1.8 ms]
      [Choose CSet: 0.0 ms]
      [Ref Proc: 0.0 ms]
      [Ref Enq: 0.0 ms]
      [Redirty Cards: 0.2 ms]
      [Humongous Register: 0.0 ms]
      [Humongous Reclaim: 0.0 ms]
      [Free CSet: 0.1 ms]
   [Eden: 170.0M(66.0M)->0.0B(236.0M) Survivors: 16.0M->11.0M Heap: 551.8M(1647.0M)->442.8M(1728.0M)]
 [Times: user=0.47 sys=0.00, real=0.13 secs] 
12.696: [GC pause (G1 Evacuation Pause) (young), 0.0767724 secs]
   [Parallel Time: 75.3 ms, GC Workers: 4]
      [GC Worker Start (ms): Min: 12696.1, Avg: 12696.1, Max: 12696.1, Diff: 0.0]
      [Ext Root Scanning (ms): Min: 0.2, Avg: 0.2, Max: 0.2, Diff: 0.0, Sum: 0.8]
      [Update RS (ms): Min: 3.4, Avg: 3.7, Max: 3.8, Diff: 0.4, Sum: 14.9]
         [Processed Buffers: Min: 6, Avg: 6.5, Max: 8, Diff: 2, Sum: 26]
      [Scan RS (ms): Min: 10.8, Avg: 10.9, Max: 11.2, Diff: 0.4, Sum: 43.7]
      [Code Root Scanning (ms): Min: 0.0, Avg: 0.0, Max: 0.0, Diff: 0.0, Sum: 0.0]
      [Object Copy (ms): Min: 60.3, Avg: 60.4, Max: 60.4, Diff: 0.0, Sum: 241.4]
      [Termination (ms): Min: 0.0, Avg: 0.0, Max: 0.0, Diff: 0.0, Sum: 0.0]
         [Termination Attempts: Min: 28, Avg: 32.3, Max: 37, Diff: 9, Sum: 129]
      [GC Worker Other (ms): Min: 0.0, Avg: 0.0, Max: 0.0, Diff: 0.0, Sum: 0.1]
      [GC Worker Total (ms): Min: 75.2, Avg: 75.2, Max: 75.3, Diff: 0.0, Sum: 300.9]
      [GC Worker End (ms): Min: 12771.3, Avg: 12771.3, Max: 12771.3, Diff: 0.0]
   [Code Root Fixup: 0.0 ms]
   [Code Root Purge: 0.0 ms]
   [Clear CT: 0.1 ms]
   [Other: 1.4 ms]
      [Choose CSet: 0.0 ms]
      [Ref Proc: 0.0 ms]
      [Ref Enq: 0.0 ms]
      [Redirty Cards: 0.1 ms]
      [Humongous Register: 0.0 ms]
      [Humongous Reclaim: 0.0 ms]
      [Free CSet: 0.1 ms]
   [Eden: 107.0M(75.0M)->0.0B(230.0M) Survivors: 11.0M->11.0M Heap: 549.8M(1728.0M)->481.0M(1792.0M)]
 [Times: user=0.25 sys=0.00, real=0.08 secs] 
13.033: [GC pause (G1 Evacuation Pause) (young), 0.1364459 secs]
   [Parallel Time: 135.0 ms, GC Workers: 4]
      [GC Worker Start (ms): Min: 13033.6, Avg: 13033.6, Max: 13033.7, Diff: 0.1]
      [Ext Root Scanning (ms): Min: 0.2, Avg: 0.2, Max: 0.2, Diff: 0.1, Sum: 0.8]
      [Update RS (ms): Min: 3.3, Avg: 3.4, Max: 3.6, Diff: 0.3, Sum: 13.6]
         [Processed Buffers: Min: 6, Avg: 6.8, Max: 8, Diff: 2, Sum: 27]
      [Scan RS (ms): Min: 4.9, Avg: 5.0, Max: 5.0, Diff: 0.1, Sum: 19.9]
      [Code Root Scanning (ms): Min: 0.0, Avg: 0.0, Max: 0.0, Diff: 0.0, Sum: 0.0]
      [Object Copy (ms): Min: 126.2, Avg: 126.4, Max: 126.4, Diff: 0.2, Sum: 505.5]
      [Termination (ms): Min: 0.0, Avg: 0.0, Max: 0.0, Diff: 0.0, Sum: 0.0]
         [Termination Attempts: Min: 14, Avg: 14.8, Max: 16, Diff: 2, Sum: 59]
      [GC Worker Other (ms): Min: 0.0, Avg: 0.0, Max: 0.0, Diff: 0.0, Sum: 0.1]
      [GC Worker Total (ms): Min: 134.9, Avg: 135.0, Max: 135.0, Diff: 0.1, Sum: 539.9]
      [GC Worker End (ms): Min: 13168.6, Avg: 13168.6, Max: 13168.6, Diff: 0.0]
   [Code Root Fixup: 0.0 ms]
   [Code Root Purge: 0.0 ms]
   [Clear CT: 0.1 ms]
   [Other: 1.4 ms]
      [Choose CSet: 0.0 ms]
      [Ref Proc: 0.0 ms]
      [Ref Enq: 0.0 ms]
      [Redirty Cards: 0.1 ms]
      [Humongous Register: 0.0 ms]
      [Humongous Reclaim: 0.0 ms]
      [Free CSet: 0.1 ms]
   [Eden: 230.0M(230.0M)->0.0B(204.0M) Survivors: 11.0M->31.0M Heap: 711.0M(1792.0M)->563.9M(1844.0M)]
 [Times: user=0.56 sys=0.00, real=0.14 secs] 
13.297: [GC pause (G1 Evacuation Pause) (young), 0.1120778 secs]
   [Parallel Time: 110.9 ms, GC Workers: 4]
      [GC Worker Start (ms): Min: 13296.7, Avg: 13296.7, Max: 13296.8, Diff: 0.1]
      [Ext Root Scanning (ms): Min: 0.2, Avg: 0.2, Max: 0.2, Diff: 0.1, Sum: 0.9]
      [Update RS (ms): Min: 4.0, Avg: 4.2, Max: 4.3, Diff: 0.3, Sum: 16.6]
         [Processed Buffers: Min: 7, Avg: 7.3, Max: 8, Diff: 1, Sum: 29]
      [Scan RS (ms): Min: 25.2, Avg: 25.4, Max: 25.5, Diff: 0.3, Sum: 101.5]
      [Code Root Scanning (ms): Min: 0.0, Avg: 0.0, Max: 0.0, Diff: 0.0, Sum: 0.0]
      [Object Copy (ms): Min: 81.1, Avg: 81.1, Max: 81.1, Diff: 0.0, Sum: 324.3]
      [Termination (ms): Min: 0.0, Avg: 0.0, Max: 0.0, Diff: 0.0, Sum: 0.0]
         [Termination Attempts: Min: 28, Avg: 30.8, Max: 33, Diff: 5, Sum: 123]
      [GC Worker Other (ms): Min: 0.0, Avg: 0.0, Max: 0.0, Diff: 0.0, Sum: 0.1]
      [GC Worker Total (ms): Min: 110.8, Avg: 110.8, Max: 110.8, Diff: 0.1, Sum: 443.3]
      [GC Worker End (ms): Min: 13407.6, Avg: 13407.6, Max: 13407.6, Diff: 0.0]
   [Code Root Fixup: 0.0 ms]
   [Code Root Purge: 0.0 ms]
   [Clear CT: 0.1 ms]
   [Other: 1.1 ms]
      [Choose CSet: 0.0 ms]
      [Ref Proc: 0.0 ms]
      [Ref Enq: 0.0 ms]
      [Redirty Cards: 0.2 ms]
      [Humongous Register: 0.0 ms]
      [Humongous Reclaim: 0.0 ms]
      [Free CSet: 0.1 ms]
   [Eden: 73.0M(61.0M)->0.0B(233.0M) Survivors: 31.0M->12.0M Heap: 636.9M(1844.0M)->590.9M(1885.0M)]
 [Times: user=0.41 sys=0.02, real=0.11 secs] 
13.707: [GC pause (G1 Evacuation Pause) (young), 0.1169873 secs]
   [Parallel Time: 115.9 ms, GC Workers: 4]
      [GC Worker Start (ms): Min: 13707.2, Avg: 13707.2, Max: 13707.2, Diff: 0.1]
      [Ext Root Scanning (ms): Min: 0.2, Avg: 0.2, Max: 0.2, Diff: 0.1, Sum: 0.8]
      [Update RS (ms): Min: 6.6, Avg: 6.8, Max: 7.1, Diff: 0.5, Sum: 27.1]
         [Processed Buffers: Min: 11, Avg: 12.3, Max: 14, Diff: 3, Sum: 49]
      [Scan RS (ms): Min: 1.9, Avg: 2.2, Max: 2.4, Diff: 0.5, Sum: 8.7]
      [Code Root Scanning (ms): Min: 0.0, Avg: 0.0, Max: 0.0, Diff: 0.0, Sum: 0.0]
      [Object Copy (ms): Min: 106.6, Avg: 106.6, Max: 106.6, Diff: 0.0, Sum: 426.5]
      [Termination (ms): Min: 0.0, Avg: 0.0, Max: 0.0, Diff: 0.0, Sum: 0.0]
         [Termination Attempts: Min: 1, Avg: 2.3, Max: 4, Diff: 3, Sum: 9]
      [GC Worker Other (ms): Min: 0.0, Avg: 0.0, Max: 0.0, Diff: 0.0, Sum: 0.1]
      [GC Worker Total (ms): Min: 115.8, Avg: 115.8, Max: 115.9, Diff: 0.1, Sum: 463.3]
      [GC Worker End (ms): Min: 13823.0, Avg: 13823.0, Max: 13823.0, Diff: 0.0]
   [Code Root Fixup: 0.0 ms]
   [Code Root Purge: 0.0 ms]
   [Clear CT: 0.1 ms]
   [Other: 1.0 ms]
      [Choose CSet: 0.0 ms]
      [Ref Proc: 0.0 ms]
      [Ref Enq: 0.0 ms]
      [Redirty Cards: 0.1 ms]
      [Humongous Register: 0.0 ms]
      [Humongous Reclaim: 0.0 ms]
      [Free CSet: 0.1 ms]
   [Eden: 233.0M(233.0M)->0.0B(220.0M) Survivors: 12.0M->31.0M Heap: 823.9M(1885.0M)->676.7M(1918.0M)]
 [Times: user=0.48 sys=0.00, real=0.12 secs] 
13.963: [GC pause (G1 Evacuation Pause) (young), 0.1258009 secs]
   [Parallel Time: 124.8 ms, GC Workers: 4]
      [GC Worker Start (ms): Min: 13962.6, Avg: 13962.6, Max: 13962.6, Diff: 0.1]
      [Ext Root Scanning (ms): Min: 0.2, Avg: 0.2, Max: 0.2, Diff: 0.1, Sum: 0.8]
      [Update RS (ms): Min: 4.4, Avg: 4.5, Max: 4.6, Diff: 0.2, Sum: 18.1]
         [Processed Buffers: Min: 8, Avg: 8.8, Max: 10, Diff: 2, Sum: 35]
      [Scan RS (ms): Min: 15.8, Avg: 15.9, Max: 16.0, Diff: 0.2, Sum: 63.5]
      [Code Root Scanning (ms): Min: 0.0, Avg: 0.0, Max: 0.0, Diff: 0.0, Sum: 0.0]
      [Object Copy (ms): Min: 104.0, Avg: 104.1, Max: 104.1, Diff: 0.1, Sum: 416.3]
      [Termination (ms): Min: 0.0, Avg: 0.0, Max: 0.1, Diff: 0.1, Sum: 0.1]
         [Termination Attempts: Min: 14, Avg: 402.8, Max: 552, Diff: 538, Sum: 1611]
      [GC Worker Other (ms): Min: 0.0, Avg: 0.0, Max: 0.0, Diff: 0.0, Sum: 0.1]
      [GC Worker Total (ms): Min: 124.7, Avg: 124.7, Max: 124.8, Diff: 0.1, Sum: 498.9]
      [GC Worker End (ms): Min: 14087.3, Avg: 14087.3, Max: 14087.3, Diff: 0.0]
   [Code Root Fixup: 0.0 ms]
   [Code Root Purge: 0.0 ms]
   [Clear CT: 0.1 ms]
   [Other: 1.0 ms]
      [Choose CSet: 0.0 ms]
      [Ref Proc: 0.1 ms]
      [Ref Enq: 0.0 ms]
      [Redirty Cards: 0.1 ms]
      [Humongous Register: 0.0 ms]
      [Humongous Reclaim: 0.0 ms]
      [Free CSet: 0.1 ms]
   [Eden: 107.0M(107.0M)->0.0B(231.0M) Survivors: 31.0M->18.0M Heap: 783.7M(1918.0M)->715.4M(1944.0M)]
 [Times: user=0.50 sys=0.00, real=0.13 secs] 
14.349: [GC pause (G1 Evacuation Pause) (young), 0.1337306 secs]
   [Parallel Time: 132.8 ms, GC Workers: 4]
      [GC Worker Start (ms): Min: 14349.0, Avg: 14349.0, Max: 14349.1, Diff: 0.1]
      [Ext Root Scanning (ms): Min: 0.2, Avg: 0.2, Max: 0.3, Diff: 0.1, Sum: 0.9]
      [Update RS (ms): Min: 4.9, Avg: 5.0, Max: 5.2, Diff: 0.3, Sum: 20.1]
         [Processed Buffers: Min: 9, Avg: 9.5, Max: 10, Diff: 1, Sum: 38]
      [Scan RS (ms): Min: 6.2, Avg: 6.4, Max: 6.7, Diff: 0.5, Sum: 25.8]
      [Code Root Scanning (ms): Min: 0.0, Avg: 0.0, Max: 0.0, Diff: 0.0, Sum: 0.0]
      [Object Copy (ms): Min: 120.9, Avg: 121.1, Max: 121.2, Diff: 0.3, Sum: 484.3]
      [Termination (ms): Min: 0.0, Avg: 0.0, Max: 0.0, Diff: 0.0, Sum: 0.0]
         [Termination Attempts: Min: 1, Avg: 1.3, Max: 2, Diff: 1, Sum: 5]
      [GC Worker Other (ms): Min: 0.0, Avg: 0.0, Max: 0.0, Diff: 0.0, Sum: 0.1]
      [GC Worker Total (ms): Min: 132.7, Avg: 132.8, Max: 132.8, Diff: 0.1, Sum: 531.0]
      [GC Worker End (ms): Min: 14481.8, Avg: 14481.8, Max: 14481.8, Diff: 0.0]
   [Code Root Fixup: 0.0 ms]
   [Code Root Purge: 0.0 ms]
   [Clear CT: 0.1 ms]
   [Other: 0.8 ms]
      [Choose CSet: 0.0 ms]
      [Ref Proc: 0.0 ms]
      [Ref Enq: 0.0 ms]
      [Redirty Cards: 0.1 ms]
      [Humongous Register: 0.1 ms]
      [Humongous Reclaim: 0.0 ms]
      [Free CSet: 0.2 ms]
   [Eden: 231.0M(231.0M)->0.0B(230.0M) Survivors: 18.0M->32.0M Heap: 946.4M(1944.0M)->797.5M(1965.0M)]
 [Times: user=0.55 sys=0.00, real=0.13 secs] 
14.741: [GC pause (G1 Evacuation Pause) (young), 0.1616506 secs]
   [Parallel Time: 160.7 ms, GC Workers: 4]
      [GC Worker Start (ms): Min: 14740.8, Avg: 14740.9, Max: 14740.9, Diff: 0.1]
      [Ext Root Scanning (ms): Min: 0.2, Avg: 0.2, Max: 0.3, Diff: 0.1, Sum: 0.9]
      [Update RS (ms): Min: 6.7, Avg: 6.9, Max: 7.1, Diff: 0.3, Sum: 27.5]
         [Processed Buffers: Min: 13, Avg: 14.0, Max: 15, Diff: 2, Sum: 56]
      [Scan RS (ms): Min: 16.1, Avg: 16.4, Max: 16.9, Diff: 0.8, Sum: 65.8]
      [Code Root Scanning (ms): Min: 0.0, Avg: 0.0, Max: 0.0, Diff: 0.0, Sum: 0.0]
      [Object Copy (ms): Min: 136.7, Avg: 137.1, Max: 137.2, Diff: 0.5, Sum: 548.3]
      [Termination (ms): Min: 0.0, Avg: 0.0, Max: 0.0, Diff: 0.0, Sum: 0.0]
         [Termination Attempts: Min: 11, Avg: 14.3, Max: 20, Diff: 9, Sum: 57]
      [GC Worker Other (ms): Min: 0.0, Avg: 0.0, Max: 0.0, Diff: 0.0, Sum: 0.1]
      [GC Worker Total (ms): Min: 160.6, Avg: 160.6, Max: 160.7, Diff: 0.1, Sum: 642.6]
      [GC Worker End (ms): Min: 14901.5, Avg: 14901.5, Max: 14901.5, Diff: 0.0]
   [Code Root Fixup: 0.0 ms]
   [Code Root Purge: 0.0 ms]
   [Clear CT: 0.1 ms]
   [Other: 0.8 ms]
      [Choose CSet: 0.0 ms]
      [Ref Proc: 0.0 ms]
      [Ref Enq: 0.0 ms]
      [Redirty Cards: 0.2 ms]
      [Humongous Register: 0.0 ms]
      [Humongous Reclaim: 0.0 ms]
      [Free CSet: 0.2 ms]
   [Eden: 230.0M(230.0M)->0.0B(233.0M) Survivors: 32.0M->33.0M Heap: 1027.5M(1965.0M)->879.8M(1982.0M)]
 [Times: user=0.66 sys=0.02, real=0.16 secs] 
15.185: [GC pause (G1 Evacuation Pause) (young), 0.1835327 secs]
   [Parallel Time: 182.6 ms, GC Workers: 4]
      [GC Worker Start (ms): Min: 15184.7, Avg: 15184.7, Max: 15184.8, Diff: 0.1]
      [Ext Root Scanning (ms): Min: 0.2, Avg: 3.3, Max: 12.4, Diff: 12.2, Sum: 13.1]
      [Update RS (ms): Min: 0.0, Avg: 6.0, Max: 8.1, Diff: 8.1, Sum: 23.8]
         [Processed Buffers: Min: 0, Avg: 11.0, Max: 16, Diff: 16, Sum: 44]
      [Scan RS (ms): Min: 18.9, Avg: 22.0, Max: 23.2, Diff: 4.3, Sum: 88.1]
      [Code Root Scanning (ms): Min: 0.0, Avg: 0.0, Max: 0.0, Diff: 0.0, Sum: 0.0]
      [Object Copy (ms): Min: 151.3, Avg: 151.3, Max: 151.3, Diff: 0.0, Sum: 605.1]
      [Termination (ms): Min: 0.0, Avg: 0.0, Max: 0.0, Diff: 0.0, Sum: 0.0]
         [Termination Attempts: Min: 7, Avg: 11.5, Max: 16, Diff: 9, Sum: 46]
      [GC Worker Other (ms): Min: 0.0, Avg: 0.0, Max: 0.0, Diff: 0.0, Sum: 0.1]
      [GC Worker Total (ms): Min: 182.5, Avg: 182.5, Max: 182.6, Diff: 0.0, Sum: 730.2]
      [GC Worker End (ms): Min: 15367.3, Avg: 15367.3, Max: 15367.3, Diff: 0.0]
   [Code Root Fixup: 0.0 ms]
   [Code Root Purge: 0.0 ms]
   [Clear CT: 0.1 ms]
   [Other: 0.8 ms]
      [Choose CSet: 0.0 ms]
      [Ref Proc: 0.1 ms]
      [Ref Enq: 0.0 ms]
      [Redirty Cards: 0.2 ms]
      [Humongous Register: 0.0 ms]
      [Humongous Reclaim: 0.0 ms]
      [Free CSet: 0.2 ms]
   [Eden: 233.0M(233.0M)->0.0B(215.0M) Survivors: 33.0M->34.0M Heap: 1112.8M(1982.0M)->966.5M(1996.0M)]
 [Times: user=0.70 sys=0.01, real=0.18 secs] 
15.636: [GC pause (G1 Evacuation Pause) (young) (initial-mark), 0.1471891 secs]
   [Parallel Time: 146.3 ms, GC Workers: 4]
      [GC Worker Start (ms): Min: 15636.1, Avg: 15636.1, Max: 15636.1, Diff: 0.0]
      [Ext Root Scanning (ms): Min: 0.2, Avg: 0.3, Max: 0.3, Diff: 0.1, Sum: 1.1]
      [Update RS (ms): Min: 6.1, Avg: 6.2, Max: 6.3, Diff: 0.2, Sum: 24.6]
         [Processed Buffers: Min: 11, Avg: 12.3, Max: 14, Diff: 3, Sum: 49]
      [Scan RS (ms): Min: 8.9, Avg: 9.0, Max: 9.1, Diff: 0.2, Sum: 36.1]
      [Code Root Scanning (ms): Min: 0.0, Avg: 0.0, Max: 0.0, Diff: 0.0, Sum: 0.0]
      [Object Copy (ms): Min: 130.8, Avg: 130.8, Max: 130.8, Diff: 0.0, Sum: 523.2]
      [Termination (ms): Min: 0.0, Avg: 0.0, Max: 0.0, Diff: 0.0, Sum: 0.0]
         [Termination Attempts: Min: 3, Avg: 3.8, Max: 5, Diff: 2, Sum: 15]
      [GC Worker Other (ms): Min: 0.0, Avg: 0.0, Max: 0.0, Diff: 0.0, Sum: 0.1]
      [GC Worker Total (ms): Min: 146.2, Avg: 146.3, Max: 146.3, Diff: 0.0, Sum: 585.1]
      [GC Worker End (ms): Min: 15782.3, Avg: 15782.3, Max: 15782.3, Diff: 0.0]
   [Code Root Fixup: 0.0 ms]
   [Code Root Purge: 0.0 ms]
   [Clear CT: 0.1 ms]
   [Other: 0.8 ms]
      [Choose CSet: 0.0 ms]
      [Ref Proc: 0.0 ms]
      [Ref Enq: 0.0 ms]
      [Redirty Cards: 0.2 ms]
      [Humongous Register: 0.0 ms]
      [Humongous Reclaim: 0.0 ms]
      [Free CSet: 0.1 ms]
   [Eden: 215.0M(215.0M)->0.0B(244.0M) Survivors: 34.0M->32.0M Heap: 1181.5M(1996.0M)->1042.8M(2007.0M)]
 [Times: user=0.55 sys=0.00, real=0.15 secs] 
15.783: [GC concurrent-root-region-scan-start]
15.862: [GC concurrent-root-region-scan-end, 0.0784303 secs]
15.862: [GC concurrent-mark-start]
16.080: [GC pause (G1 Evacuation Pause) (young), 0.1741661 secs]
   [Parallel Time: 173.4 ms, GC Workers: 4]
      [GC Worker Start (ms): Min: 16080.6, Avg: 16080.6, Max: 16080.6, Diff: 0.0]
      [Ext Root Scanning (ms): Min: 0.2, Avg: 0.2, Max: 0.2, Diff: 0.0, Sum: 0.8]
      [Update RS (ms): Min: 7.0, Avg: 7.2, Max: 7.4, Diff: 0.5, Sum: 28.6]
         [Processed Buffers: Min: 12, Avg: 12.8, Max: 14, Diff: 2, Sum: 51]
      [Scan RS (ms): Min: 11.4, Avg: 11.6, Max: 11.9, Diff: 0.5, Sum: 46.3]
      [Code Root Scanning (ms): Min: 0.0, Avg: 0.0, Max: 0.0, Diff: 0.0, Sum: 0.0]
      [Object Copy (ms): Min: 154.1, Avg: 154.3, Max: 154.5, Diff: 0.4, Sum: 617.3]
      [Termination (ms): Min: 0.0, Avg: 0.0, Max: 0.0, Diff: 0.0, Sum: 0.0]
         [Termination Attempts: Min: 18, Avg: 21.3, Max: 26, Diff: 8, Sum: 85]
      [GC Worker Other (ms): Min: 0.0, Avg: 0.0, Max: 0.0, Diff: 0.0, Sum: 0.1]
      [GC Worker Total (ms): Min: 173.3, Avg: 173.3, Max: 173.3, Diff: 0.0, Sum: 693.2]
      [GC Worker End (ms): Min: 16253.9, Avg: 16253.9, Max: 16253.9, Diff: 0.0]
   [Code Root Fixup: 0.0 ms]
   [Code Root Purge: 0.0 ms]
   [Clear CT: 0.1 ms]
   [Other: 0.7 ms]
      [Choose CSet: 0.0 ms]
      [Ref Proc: 0.1 ms]
      [Ref Enq: 0.0 ms]
      [Redirty Cards: 0.2 ms]
      [Humongous Register: 0.0 ms]
      [Humongous Reclaim: 0.0 ms]
      [Free CSet: 0.2 ms]
   [Eden: 244.0M(244.0M)->0.0B(223.0M) Survivors: 32.0M->35.0M Heap: 1286.8M(2007.0M)->1131.4M(2016.0M)]
 [Times: user=0.67 sys=0.00, real=0.18 secs] 
16.523: [GC pause (G1 Evacuation Pause) (young), 0.1784146 secs]
   [Parallel Time: 177.6 ms, GC Workers: 4]
      [GC Worker Start (ms): Min: 16523.1, Avg: 16523.1, Max: 16523.1, Diff: 0.0]
      [Ext Root Scanning (ms): Min: 0.2, Avg: 0.2, Max: 0.2, Diff: 0.0, Sum: 0.8]
      [Update RS (ms): Min: 7.6, Avg: 7.8, Max: 8.0, Diff: 0.4, Sum: 31.1]
         [Processed Buffers: Min: 13, Avg: 14.3, Max: 15, Diff: 2, Sum: 57]
      [Scan RS (ms): Min: 7.2, Avg: 7.4, Max: 7.6, Diff: 0.4, Sum: 29.7]
      [Code Root Scanning (ms): Min: 0.0, Avg: 0.0, Max: 0.0, Diff: 0.0, Sum: 0.0]
      [Object Copy (ms): Min: 162.1, Avg: 162.2, Max: 162.2, Diff: 0.1, Sum: 648.7]
      [Termination (ms): Min: 0.0, Avg: 0.0, Max: 0.0, Diff: 0.0, Sum: 0.0]
         [Termination Attempts: Min: 1, Avg: 17.8, Max: 27, Diff: 26, Sum: 71]
      [GC Worker Other (ms): Min: 0.0, Avg: 0.0, Max: 0.0, Diff: 0.0, Sum: 0.1]
      [GC Worker Total (ms): Min: 177.6, Avg: 177.6, Max: 177.6, Diff: 0.0, Sum: 710.4]
      [GC Worker End (ms): Min: 16700.7, Avg: 16700.7, Max: 16700.7, Diff: 0.0]
   [Code Root Fixup: 0.0 ms]
   [Code Root Purge: 0.0 ms]
   [Clear CT: 0.1 ms]
   [Other: 0.7 ms]
      [Choose CSet: 0.0 ms]
      [Ref Proc: 0.0 ms]
      [Ref Enq: 0.0 ms]
      [Redirty Cards: 0.2 ms]
      [Humongous Register: 0.0 ms]
      [Humongous Reclaim: 0.0 ms]
      [Free CSet: 0.2 ms]
   [Eden: 223.0M(223.0M)->0.0B(248.0M) Survivors: 35.0M->33.0M Heap: 1354.4M(2016.0M)->1213.4M(2023.0M)]
 [Times: user=0.61 sys=0.09, real=0.18 secs] 
17.032: [GC pause (G1 Evacuation Pause) (young), 0.1836433 secs]
   [Parallel Time: 182.9 ms, GC Workers: 4]
      [GC Worker Start (ms): Min: 17032.2, Avg: 17032.2, Max: 17032.2, Diff: 0.0]
      [Ext Root Scanning (ms): Min: 0.2, Avg: 0.2, Max: 0.2, Diff: 0.0, Sum: 0.8]
      [Update RS (ms): Min: 8.7, Avg: 8.8, Max: 9.0, Diff: 0.3, Sum: 35.1]
         [Processed Buffers: Min: 14, Avg: 15.3, Max: 17, Diff: 3, Sum: 61]
      [Scan RS (ms): Min: 5.2, Avg: 5.5, Max: 5.8, Diff: 0.6, Sum: 22.0]
      [Code Root Scanning (ms): Min: 0.0, Avg: 0.0, Max: 0.0, Diff: 0.0, Sum: 0.0]
      [Object Copy (ms): Min: 168.1, Avg: 168.3, Max: 168.4, Diff: 0.4, Sum: 673.4]
      [Termination (ms): Min: 0.0, Avg: 0.0, Max: 0.0, Diff: 0.0, Sum: 0.0]
         [Termination Attempts: Min: 13, Avg: 18.5, Max: 21, Diff: 8, Sum: 74]
      [GC Worker Other (ms): Min: 0.0, Avg: 0.0, Max: 0.0, Diff: 0.0, Sum: 0.1]
      [GC Worker Total (ms): Min: 182.8, Avg: 182.9, Max: 182.9, Diff: 0.0, Sum: 731.4]
      [GC Worker End (ms): Min: 17215.1, Avg: 17215.1, Max: 17215.1, Diff: 0.0]
   [Code Root Fixup: 0.0 ms]
   [Code Root Purge: 0.0 ms]
   [Clear CT: 0.1 ms]
   [Other: 0.7 ms]
      [Choose CSet: 0.0 ms]
      [Ref Proc: 0.0 ms]
      [Ref Enq: 0.0 ms]
      [Redirty Cards: 0.2 ms]
      [Humongous Register: 0.0 ms]
      [Humongous Reclaim: 0.0 ms]
      [Free CSet: 0.2 ms]
   [Eden: 248.0M(248.0M)->0.0B(247.0M) Survivors: 33.0M->36.0M Heap: 1461.4M(2023.0M)->1303.8M(2028.0M)]
 [Times: user=0.69 sys=0.03, real=0.18 secs] 
17.504: [GC pause (G1 Evacuation Pause) (young), 0.1780849 secs]
   [Parallel Time: 177.4 ms, GC Workers: 4]
      [GC Worker Start (ms): Min: 17504.3, Avg: 17504.3, Max: 17504.3, Diff: 0.0]
      [Ext Root Scanning (ms): Min: 0.2, Avg: 0.2, Max: 0.2, Diff: 0.0, Sum: 0.8]
      [Update RS (ms): Min: 10.1, Avg: 10.3, Max: 10.6, Diff: 0.5, Sum: 41.2]
         [Processed Buffers: Min: 15, Avg: 17.0, Max: 19, Diff: 4, Sum: 68]
      [Scan RS (ms): Min: 3.1, Avg: 3.3, Max: 3.5, Diff: 0.5, Sum: 13.3]
      [Code Root Scanning (ms): Min: 0.0, Avg: 0.0, Max: 0.0, Diff: 0.0, Sum: 0.0]
      [Object Copy (ms): Min: 163.5, Avg: 163.5, Max: 163.5, Diff: 0.0, Sum: 653.9]
      [Termination (ms): Min: 0.0, Avg: 0.0, Max: 0.0, Diff: 0.0, Sum: 0.0]
         [Termination Attempts: Min: 4, Avg: 6.3, Max: 9, Diff: 5, Sum: 25]
      [GC Worker Other (ms): Min: 0.0, Avg: 0.0, Max: 0.0, Diff: 0.0, Sum: 0.1]
      [GC Worker Total (ms): Min: 177.3, Avg: 177.3, Max: 177.3, Diff: 0.0, Sum: 709.3]
      [GC Worker End (ms): Min: 17681.6, Avg: 17681.6, Max: 17681.6, Diff: 0.0]
   [Code Root Fixup: 0.0 ms]
   [Code Root Purge: 0.0 ms]
   [Clear CT: 0.1 ms]
   [Other: 0.6 ms]
      [Choose CSet: 0.0 ms]
      [Ref Proc: 0.0 ms]
      [Ref Enq: 0.0 ms]
      [Redirty Cards: 0.2 ms]
      [Humongous Register: 0.0 ms]
      [Humongous Reclaim: 0.0 ms]
      [Free CSet: 0.2 ms]
   [Eden: 247.0M(247.0M)->0.0B(252.0M) Survivors: 36.0M->36.0M Heap: 1550.8M(2028.0M)->1393.5M(2032.0M)]
 [Times: user=0.70 sys=0.05, real=0.18 secs] 
17.856: [GC concurrent-mark-end, 1.9946700 secs]
17.856: [GC remark 17.856: [Finalize Marking, 0.0000831 secs] 17.857: [GC ref-proc, 0.0000702 secs] 17.857: [Unloading, 0.0012358 secs], 0.0034980 secs]
 [Times: user=0.00 sys=0.00, real=0.00 secs] 
17.860: [GC cleanup 1518M->1518M(2032M), 0.0015588 secs]
 [Times: user=0.00 sys=0.00, real=0.00 secs] 
17.977: [GC pause (G1 Evacuation Pause) (young), 0.1765489 secs]
   [Parallel Time: 175.8 ms, GC Workers: 4]
      [GC Worker Start (ms): Min: 17977.4, Avg: 17979.0, Max: 17983.6, Diff: 6.2]
      [Ext Root Scanning (ms): Min: 0.0, Avg: 0.2, Max: 0.3, Diff: 0.2, Sum: 0.7]
      [Update RS (ms): Min: 6.0, Avg: 10.4, Max: 12.0, Diff: 6.0, Sum: 41.7]
         [Processed Buffers: Min: 10, Avg: 18.5, Max: 22, Diff: 12, Sum: 74]
      [Scan RS (ms): Min: 6.3, Avg: 6.4, Max: 6.5, Diff: 0.2, Sum: 25.7]
      [Code Root Scanning (ms): Min: 0.0, Avg: 0.0, Max: 0.0, Diff: 0.0, Sum: 0.0]
      [Object Copy (ms): Min: 157.1, Avg: 157.2, Max: 157.2, Diff: 0.0, Sum: 628.6]
      [Termination (ms): Min: 0.0, Avg: 0.0, Max: 0.0, Diff: 0.0, Sum: 0.0]
         [Termination Attempts: Min: 8, Avg: 10.3, Max: 12, Diff: 4, Sum: 41]
      [GC Worker Other (ms): Min: 0.0, Avg: 0.0, Max: 0.0, Diff: 0.0, Sum: 0.1]
      [GC Worker Total (ms): Min: 169.6, Avg: 174.2, Max: 175.8, Diff: 6.2, Sum: 696.9]
      [GC Worker End (ms): Min: 18153.2, Avg: 18153.2, Max: 18153.2, Diff: 0.0]
   [Code Root Fixup: 0.0 ms]
   [Code Root Purge: 0.0 ms]
   [Clear CT: 0.1 ms]
   [Other: 0.6 ms]
      [Choose CSet: 0.0 ms]
      [Ref Proc: 0.0 ms]
      [Ref Enq: 0.0 ms]
      [Redirty Cards: 0.2 ms]
      [Humongous Register: 0.0 ms]
      [Humongous Reclaim: 0.0 ms]
      [Free CSet: 0.2 ms]
   [Eden: 252.0M(252.0M)->0.0B(65.0M) Survivors: 36.0M->36.0M Heap: 1645.5M(2032.0M)->1485.4M(2036.0M)]
 [Times: user=0.66 sys=0.02, real=0.18 secs] 
18.288: [GC pause (G1 Evacuation Pause) (mixed), 0.0986850 secs]
   [Parallel Time: 98.1 ms, GC Workers: 4]
      [GC Worker Start (ms): Min: 18288.4, Avg: 18288.4, Max: 18288.4, Diff: 0.0]
      [Ext Root Scanning (ms): Min: 0.2, Avg: 0.2, Max: 0.2, Diff: 0.0, Sum: 0.8]
      [Update RS (ms): Min: 10.8, Avg: 11.0, Max: 11.2, Diff: 0.4, Sum: 44.0]
         [Processed Buffers: Min: 19, Avg: 20.0, Max: 21, Diff: 2, Sum: 80]
      [Scan RS (ms): Min: 5.2, Avg: 5.4, Max: 5.6, Diff: 0.4, Sum: 21.7]
      [Code Root Scanning (ms): Min: 0.0, Avg: 0.0, Max: 0.0, Diff: 0.0, Sum: 0.0]
      [Object Copy (ms): Min: 81.4, Avg: 81.4, Max: 81.4, Diff: 0.0, Sum: 325.6]
      [Termination (ms): Min: 0.0, Avg: 0.0, Max: 0.0, Diff: 0.0, Sum: 0.0]
         [Termination Attempts: Min: 23, Avg: 28.8, Max: 35, Diff: 12, Sum: 115]
      [GC Worker Other (ms): Min: 0.0, Avg: 0.0, Max: 0.0, Diff: 0.0, Sum: 0.1]
      [GC Worker Total (ms): Min: 98.0, Avg: 98.1, Max: 98.1, Diff: 0.0, Sum: 392.2]
      [GC Worker End (ms): Min: 18386.5, Avg: 18386.5, Max: 18386.5, Diff: 0.0]
   [Code Root Fixup: 0.0 ms]
   [Code Root Purge: 0.0 ms]
   [Clear CT: 0.1 ms]
   [Other: 0.5 ms]
      [Choose CSet: 0.0 ms]
      [Ref Proc: 0.0 ms]
      [Ref Enq: 0.0 ms]
      [Redirty Cards: 0.1 ms]
      [Humongous Register: 0.0 ms]
      [Humongous Reclaim: 0.0 ms]
      [Free CSet: 0.1 ms]
   [Eden: 65.0M(65.0M)->0.0B(244.0M) Survivors: 36.0M->13.0M Heap: 1550.4M(2036.0M)->1501.9M(2039.0M)]
 [Times: user=0.44 sys=0.00, real=0.10 secs] 
18.655: [GC pause (G1 Evacuation Pause) (young), 0.1351226 secs]
   [Parallel Time: 134.5 ms, GC Workers: 4]
      [GC Worker Start (ms): Min: 18655.6, Avg: 18655.6, Max: 18655.6, Diff: 0.0]
      [Ext Root Scanning (ms): Min: 0.2, Avg: 0.2, Max: 0.2, Diff: 0.0, Sum: 0.8]
      [Update RS (ms): Min: 12.6, Avg: 12.7, Max: 12.8, Diff: 0.2, Sum: 50.7]
         [Processed Buffers: Min: 22, Avg: 22.3, Max: 23, Diff: 1, Sum: 89]
      [Scan RS (ms): Min: 0.0, Avg: 0.0, Max: 0.1, Diff: 0.1, Sum: 0.1]
      [Code Root Scanning (ms): Min: 0.0, Avg: 0.0, Max: 0.0, Diff: 0.0, Sum: 0.0]
      [Object Copy (ms): Min: 121.5, Avg: 121.5, Max: 121.6, Diff: 0.1, Sum: 486.2]
      [Termination (ms): Min: 0.0, Avg: 0.0, Max: 0.0, Diff: 0.0, Sum: 0.0]
         [Termination Attempts: Min: 21, Avg: 24.3, Max: 30, Diff: 9, Sum: 97]
      [GC Worker Other (ms): Min: 0.0, Avg: 0.0, Max: 0.0, Diff: 0.0, Sum: 0.1]
      [GC Worker Total (ms): Min: 134.5, Avg: 134.5, Max: 134.5, Diff: 0.0, Sum: 537.9]
      [GC Worker End (ms): Min: 18790.1, Avg: 18790.1, Max: 18790.1, Diff: 0.0]
   [Code Root Fixup: 0.0 ms]
   [Code Root Purge: 0.0 ms]
   [Clear CT: 0.1 ms]
   [Other: 0.5 ms]
      [Choose CSet: 0.0 ms]
      [Ref Proc: 0.0 ms]
      [Ref Enq: 0.0 ms]
      [Redirty Cards: 0.1 ms]
      [Humongous Register: 0.0 ms]
      [Humongous Reclaim: 0.0 ms]
      [Free CSet: 0.2 ms]
   [Eden: 244.0M(244.0M)->0.0B(179.0M) Survivors: 13.0M->33.0M Heap: 1745.9M(2039.0M)->1591.4M(2041.0M)]
 [Times: user=0.53 sys=0.03, real=0.13 secs] 
18.974: [GC pause (G1 Evacuation Pause) (young) (initial-mark), 0.1517522 secs]
   [Parallel Time: 151.0 ms, GC Workers: 4]
      [GC Worker Start (ms): Min: 18974.5, Avg: 18974.5, Max: 18974.6, Diff: 0.1]
      [Ext Root Scanning (ms): Min: 0.3, Avg: 0.3, Max: 0.3, Diff: 0.1, Sum: 1.2]
      [Update RS (ms): Min: 12.7, Avg: 12.9, Max: 13.0, Diff: 0.3, Sum: 51.4]
         [Processed Buffers: Min: 23, Avg: 23.8, Max: 24, Diff: 1, Sum: 95]
      [Scan RS (ms): Min: 16.9, Avg: 17.2, Max: 17.4, Diff: 0.5, Sum: 68.7]
      [Code Root Scanning (ms): Min: 0.0, Avg: 0.0, Max: 0.0, Diff: 0.0, Sum: 0.0]
      [Object Copy (ms): Min: 120.4, Avg: 120.6, Max: 120.7, Diff: 0.2, Sum: 482.2]
      [Termination (ms): Min: 0.0, Avg: 0.0, Max: 0.0, Diff: 0.0, Sum: 0.0]
         [Termination Attempts: Min: 1, Avg: 1.0, Max: 1, Diff: 0, Sum: 4]
      [GC Worker Other (ms): Min: 0.0, Avg: 0.0, Max: 0.0, Diff: 0.0, Sum: 0.1]
      [GC Worker Total (ms): Min: 150.9, Avg: 150.9, Max: 151.0, Diff: 0.1, Sum: 603.7]
      [GC Worker End (ms): Min: 19125.5, Avg: 19125.5, Max: 19125.5, Diff: 0.0]
   [Code Root Fixup: 0.0 ms]
   [Code Root Purge: 0.0 ms]
   [Clear CT: 0.1 ms]
   [Other: 0.7 ms]
      [Choose CSet: 0.0 ms]
      [Ref Proc: 0.0 ms]
      [Ref Enq: 0.0 ms]
      [Redirty Cards: 0.2 ms]
      [Humongous Register: 0.0 ms]
      [Humongous Reclaim: 0.0 ms]
      [Free CSet: 0.2 ms]
   [Eden: 179.0M(179.0M)->0.0B(133.0M) Survivors: 33.0M->27.0M Heap: 1770.4M(2041.0M)->1656.1M(2043.0M)]
 [Times: user=0.61 sys=0.02, real=0.15 secs] 
19.126: [GC concurrent-root-region-scan-start]
19.180: [GC concurrent-root-region-scan-end, 0.0538749 secs]
19.180: [GC concurrent-mark-start]
19.341: [GC pause (G1 Evacuation Pause) (young), 0.1257701 secs]
   [Parallel Time: 125.3 ms, GC Workers: 4]
      [GC Worker Start (ms): Min: 19340.7, Avg: 19340.7, Max: 19340.7, Diff: 0.0]
      [Ext Root Scanning (ms): Min: 0.2, Avg: 0.2, Max: 0.2, Diff: 0.0, Sum: 0.8]
      [Update RS (ms): Min: 16.2, Avg: 16.3, Max: 16.4, Diff: 0.2, Sum: 65.2]
         [Processed Buffers: Min: 25, Avg: 26.0, Max: 27, Diff: 2, Sum: 104]
      [Scan RS (ms): Min: 4.7, Avg: 4.9, Max: 4.9, Diff: 0.2, Sum: 19.4]
      [Code Root Scanning (ms): Min: 0.0, Avg: 0.0, Max: 0.0, Diff: 0.0, Sum: 0.0]
      [Object Copy (ms): Min: 103.8, Avg: 103.9, Max: 103.9, Diff: 0.1, Sum: 415.4]
      [Termination (ms): Min: 0.0, Avg: 0.0, Max: 0.0, Diff: 0.0, Sum: 0.0]
         [Termination Attempts: Min: 21, Avg: 27.3, Max: 33, Diff: 12, Sum: 109]
      [GC Worker Other (ms): Min: 0.0, Avg: 0.0, Max: 0.0, Diff: 0.0, Sum: 0.1]
      [GC Worker Total (ms): Min: 125.2, Avg: 125.2, Max: 125.3, Diff: 0.0, Sum: 501.0]
      [GC Worker End (ms): Min: 19465.9, Avg: 19465.9, Max: 19465.9, Diff: 0.0]
   [Code Root Fixup: 0.0 ms]
   [Code Root Purge: 0.0 ms]
   [Clear CT: 0.1 ms]
   [Other: 0.4 ms]
      [Choose CSet: 0.0 ms]
      [Ref Proc: 0.0 ms]
      [Ref Enq: 0.0 ms]
      [Redirty Cards: 0.1 ms]
      [Humongous Register: 0.0 ms]
      [Humongous Reclaim: 0.0 ms]
      [Free CSet: 0.1 ms]
   [Eden: 133.0M(133.0M)->0.0B(97.0M) Survivors: 27.0M->20.0M Heap: 1789.1M(2043.0M)->1706.1M(2044.0M)]
 [Times: user=0.50 sys=0.00, real=0.13 secs] 
19.590: [GC pause (G1 Evacuation Pause) (young), 0.1031478 secs]
   [Parallel Time: 102.7 ms, GC Workers: 4]
      [GC Worker Start (ms): Min: 19589.7, Avg: 19589.7, Max: 19589.7, Diff: 0.0]
      [Ext Root Scanning (ms): Min: 0.2, Avg: 0.2, Max: 0.2, Diff: 0.0, Sum: 0.8]
      [Update RS (ms): Min: 23.8, Avg: 23.9, Max: 24.2, Diff: 0.4, Sum: 95.8]
         [Processed Buffers: Min: 39, Avg: 39.8, Max: 41, Diff: 2, Sum: 159]
      [Scan RS (ms): Min: 6.3, Avg: 6.5, Max: 6.7, Diff: 0.4, Sum: 26.1]
      [Code Root Scanning (ms): Min: 0.0, Avg: 0.0, Max: 0.0, Diff: 0.0, Sum: 0.0]
      [Object Copy (ms): Min: 71.9, Avg: 72.0, Max: 72.0, Diff: 0.1, Sum: 287.8]
      [Termination (ms): Min: 0.0, Avg: 0.0, Max: 0.0, Diff: 0.0, Sum: 0.0]
         [Termination Attempts: Min: 21, Avg: 25.8, Max: 30, Diff: 9, Sum: 103]
      [GC Worker Other (ms): Min: 0.0, Avg: 0.0, Max: 0.0, Diff: 0.0, Sum: 0.1]
      [GC Worker Total (ms): Min: 102.6, Avg: 102.7, Max: 102.7, Diff: 0.0, Sum: 410.6]
      [GC Worker End (ms): Min: 19692.4, Avg: 19692.4, Max: 19692.4, Diff: 0.0]
   [Code Root Fixup: 0.0 ms]
   [Code Root Purge: 0.0 ms]
   [Clear CT: 0.0 ms]
   [Other: 0.4 ms]
      [Choose CSet: 0.0 ms]
      [Ref Proc: 0.0 ms]
      [Ref Enq: 0.0 ms]
      [Redirty Cards: 0.1 ms]
      [Humongous Register: 0.0 ms]
      [Humongous Reclaim: 0.0 ms]
      [Free CSet: 0.1 ms]
   [Eden: 97.0M(97.0M)->0.0B(87.0M) Survivors: 20.0M->15.0M Heap: 1803.1M(2044.0M)->1741.5M(2045.0M)]
 [Times: user=0.34 sys=0.03, real=0.10 secs] 
19.789: [GC pause (G1 Evacuation Pause) (young), 0.0741074 secs]
   [Parallel Time: 73.7 ms, GC Workers: 4]
      [GC Worker Start (ms): Min: 19788.8, Avg: 19788.8, Max: 19788.9, Diff: 0.0]
      [Ext Root Scanning (ms): Min: 0.2, Avg: 0.2, Max: 0.2, Diff: 0.0, Sum: 0.8]
      [Update RS (ms): Min: 15.4, Avg: 15.6, Max: 16.0, Diff: 0.6, Sum: 62.4]
         [Processed Buffers: Min: 25, Avg: 25.8, Max: 27, Diff: 2, Sum: 103]
      [Scan RS (ms): Min: 0.6, Avg: 1.0, Max: 1.2, Diff: 0.6, Sum: 4.0]
      [Code Root Scanning (ms): Min: 0.0, Avg: 0.0, Max: 0.0, Diff: 0.0, Sum: 0.0]
      [Object Copy (ms): Min: 56.8, Avg: 56.9, Max: 56.9, Diff: 0.0, Sum: 227.4]
      [Termination (ms): Min: 0.0, Avg: 0.0, Max: 0.0, Diff: 0.0, Sum: 0.0]
         [Termination Attempts: Min: 24, Avg: 31.0, Max: 39, Diff: 15, Sum: 124]
      [GC Worker Other (ms): Min: 0.0, Avg: 0.0, Max: 0.0, Diff: 0.0, Sum: 0.0]
      [GC Worker Total (ms): Min: 73.7, Avg: 73.7, Max: 73.7, Diff: 0.0, Sum: 294.7]
      [GC Worker End (ms): Min: 19862.5, Avg: 19862.5, Max: 19862.5, Diff: 0.0]
   [Code Root Fixup: 0.0 ms]
   [Code Root Purge: 0.0 ms]
   [Clear CT: 0.0 ms]
   [Other: 0.4 ms]
      [Choose CSet: 0.0 ms]
      [Ref Proc: 0.0 ms]
      [Ref Enq: 0.0 ms]
      [Redirty Cards: 0.1 ms]
      [Humongous Register: 0.0 ms]
      [Humongous Reclaim: 0.0 ms]
      [Free CSet: 0.1 ms]
   [Eden: 87.0M(87.0M)->0.0B(89.0M) Survivors: 15.0M->13.0M Heap: 1828.5M(2045.0M)->1773.9M(2046.0M)]
 [Times: user=0.25 sys=0.00, real=0.07 secs] 
19.957: [GC pause (G1 Evacuation Pause) (young), 0.0718395 secs]
   [Parallel Time: 71.4 ms, GC Workers: 4]
      [GC Worker Start (ms): Min: 19957.6, Avg: 19957.6, Max: 19957.6, Diff: 0.0]
      [Ext Root Scanning (ms): Min: 0.2, Avg: 0.2, Max: 0.2, Diff: 0.0, Sum: 0.8]
      [Update RS (ms): Min: 15.9, Avg: 15.9, Max: 16.0, Diff: 0.1, Sum: 63.7]
         [Processed Buffers: Min: 27, Avg: 28.5, Max: 32, Diff: 5, Sum: 114]
      [Scan RS (ms): Min: 0.6, Avg: 0.6, Max: 0.7, Diff: 0.1, Sum: 2.6]
      [Code Root Scanning (ms): Min: 0.0, Avg: 0.0, Max: 0.0, Diff: 0.0, Sum: 0.0]
      [Object Copy (ms): Min: 54.6, Avg: 54.6, Max: 54.6, Diff: 0.0, Sum: 218.4]
      [Termination (ms): Min: 0.0, Avg: 0.0, Max: 0.0, Diff: 0.0, Sum: 0.0]
         [Termination Attempts: Min: 5, Avg: 9.8, Max: 13, Diff: 8, Sum: 39]
      [GC Worker Other (ms): Min: 0.0, Avg: 0.0, Max: 0.0, Diff: 0.0, Sum: 0.0]
      [GC Worker Total (ms): Min: 71.4, Avg: 71.4, Max: 71.4, Diff: 0.0, Sum: 285.5]
      [GC Worker End (ms): Min: 20029.0, Avg: 20029.0, Max: 20029.0, Diff: 0.0]
   [Code Root Fixup: 0.0 ms]
   [Code Root Purge: 0.0 ms]
   [Clear CT: 0.0 ms]
   [Other: 0.4 ms]
      [Choose CSet: 0.0 ms]
      [Ref Proc: 0.0 ms]
      [Ref Enq: 0.0 ms]
      [Redirty Cards: 0.1 ms]
      [Humongous Register: 0.0 ms]
      [Humongous Reclaim: 0.0 ms]
      [Free CSet: 0.1 ms]
   [Eden: 89.0M(89.0M)->0.0B(89.0M) Survivors: 13.0M->13.0M Heap: 1862.9M(2046.0M)->1806.9M(2047.0M)]
 [Times: user=0.31 sys=0.00, real=0.07 secs] 
20.121: [GC pause (G1 Evacuation Pause) (young), 0.0965142 secs]
   [Parallel Time: 96.1 ms, GC Workers: 4]
      [GC Worker Start (ms): Min: 20121.0, Avg: 20121.0, Max: 20121.0, Diff: 0.0]
      [Ext Root Scanning (ms): Min: 0.2, Avg: 0.2, Max: 0.2, Diff: 0.0, Sum: 0.8]
      [Update RS (ms): Min: 20.0, Avg: 20.2, Max: 20.5, Diff: 0.5, Sum: 80.7]
         [Processed Buffers: Min: 30, Avg: 30.8, Max: 31, Diff: 1, Sum: 123]
      [Scan RS (ms): Min: 0.4, Avg: 0.7, Max: 0.9, Diff: 0.5, Sum: 2.7]
      [Code Root Scanning (ms): Min: 0.0, Avg: 0.0, Max: 0.0, Diff: 0.0, Sum: 0.0]
      [Object Copy (ms): Min: 74.9, Avg: 75.0, Max: 75.0, Diff: 0.1, Sum: 299.8]
      [Termination (ms): Min: 0.0, Avg: 0.0, Max: 0.1, Diff: 0.1, Sum: 0.2]
         [Termination Attempts: Min: 1, Avg: 496.5, Max: 767, Diff: 766, Sum: 1986]
      [GC Worker Other (ms): Min: 0.0, Avg: 0.0, Max: 0.0, Diff: 0.0, Sum: 0.0]
      [GC Worker Total (ms): Min: 96.0, Avg: 96.1, Max: 96.1, Diff: 0.0, Sum: 384.2]
      [GC Worker End (ms): Min: 20217.1, Avg: 20217.1, Max: 20217.1, Diff: 0.0]
   [Code Root Fixup: 0.0 ms]
   [Code Root Purge: 0.0 ms]
   [Clear CT: 0.0 ms]
   [Other: 0.4 ms]
      [Choose CSet: 0.0 ms]
      [Ref Proc: 0.0 ms]
      [Ref Enq: 0.0 ms]
      [Redirty Cards: 0.1 ms]
      [Humongous Register: 0.0 ms]
      [Humongous Reclaim: 0.0 ms]
      [Free CSet: 0.1 ms]
   [Eden: 89.0M(89.0M)->0.0B(89.0M) Survivors: 13.0M->13.0M Heap: 1895.9M(2047.0M)->1839.9M(2048.0M)]
 [Times: user=0.36 sys=0.00, real=0.10 secs] 
20.311: [GC pause (G1 Evacuation Pause) (young), 0.0479643 secs]
   [Parallel Time: 47.7 ms, GC Workers: 4]
      [GC Worker Start (ms): Min: 20311.5, Avg: 20311.6, Max: 20311.6, Diff: 0.0]
      [Ext Root Scanning (ms): Min: 0.2, Avg: 0.2, Max: 0.2, Diff: 0.0, Sum: 0.8]
      [Update RS (ms): Min: 15.1, Avg: 15.2, Max: 15.3, Diff: 0.1, Sum: 60.7]
         [Processed Buffers: Min: 26, Avg: 27.8, Max: 29, Diff: 3, Sum: 111]
      [Scan RS (ms): Min: 0.1, Avg: 0.2, Max: 0.3, Diff: 0.2, Sum: 0.8]
      [Code Root Scanning (ms): Min: 0.0, Avg: 0.0, Max: 0.0, Diff: 0.0, Sum: 0.0]
      [Object Copy (ms): Min: 32.0, Avg: 32.0, Max: 32.1, Diff: 0.0, Sum: 128.2]
      [Termination (ms): Min: 0.0, Avg: 0.0, Max: 0.0, Diff: 0.0, Sum: 0.0]
         [Termination Attempts: Min: 14, Avg: 17.3, Max: 21, Diff: 7, Sum: 69]
      [GC Worker Other (ms): Min: 0.0, Avg: 0.0, Max: 0.0, Diff: 0.0, Sum: 0.0]
      [GC Worker Total (ms): Min: 47.6, Avg: 47.6, Max: 47.7, Diff: 0.0, Sum: 190.6]
      [GC Worker End (ms): Min: 20359.2, Avg: 20359.2, Max: 20359.2, Diff: 0.0]
   [Code Root Fixup: 0.0 ms]
   [Code Root Purge: 0.0 ms]
   [Clear CT: 0.0 ms]
   [Other: 0.3 ms]
      [Choose CSet: 0.0 ms]
      [Ref Proc: 0.0 ms]
      [Ref Enq: 0.0 ms]
      [Redirty Cards: 0.1 ms]
      [Humongous Register: 0.0 ms]
      [Humongous Reclaim: 0.0 ms]
      [Free CSet: 0.1 ms]
   [Eden: 89.0M(89.0M)->0.0B(89.0M) Survivors: 13.0M->13.0M Heap: 1928.9M(2048.0M)->1872.2M(2048.0M)]
 [Times: user=0.19 sys=0.00, real=0.05 secs] 
20.442: [GC pause (G1 Evacuation Pause) (young), 0.0822606 secs]
   [Parallel Time: 81.9 ms, GC Workers: 4]
      [GC Worker Start (ms): Min: 20442.2, Avg: 20442.2, Max: 20442.2, Diff: 0.0]
      [Ext Root Scanning (ms): Min: 0.2, Avg: 0.2, Max: 0.2, Diff: 0.0, Sum: 0.8]
      [Update RS (ms): Min: 15.2, Avg: 15.3, Max: 15.4, Diff: 0.2, Sum: 61.2]
         [Processed Buffers: Min: 29, Avg: 30.5, Max: 33, Diff: 4, Sum: 122]
      [Scan RS (ms): Min: 0.3, Avg: 0.5, Max: 1.0, Diff: 0.7, Sum: 2.1]
      [Code Root Scanning (ms): Min: 0.0, Avg: 0.0, Max: 0.0, Diff: 0.0, Sum: 0.0]
      [Object Copy (ms): Min: 65.4, Avg: 65.9, Max: 66.1, Diff: 0.7, Sum: 263.5]
      [Termination (ms): Min: 0.0, Avg: 0.0, Max: 0.0, Diff: 0.0, Sum: 0.0]
         [Termination Attempts: Min: 4, Avg: 7.8, Max: 13, Diff: 9, Sum: 31]
      [GC Worker Other (ms): Min: 0.0, Avg: 0.0, Max: 0.0, Diff: 0.0, Sum: 0.0]
      [GC Worker Total (ms): Min: 81.9, Avg: 81.9, Max: 81.9, Diff: 0.0, Sum: 327.7]
      [GC Worker End (ms): Min: 20524.2, Avg: 20524.2, Max: 20524.2, Diff: 0.0]
   [Code Root Fixup: 0.0 ms]
   [Code Root Purge: 0.0 ms]
   [Clear CT: 0.0 ms]
   [Other: 0.3 ms]
      [Choose CSet: 0.0 ms]
      [Ref Proc: 0.0 ms]
      [Ref Enq: 0.0 ms]
      [Redirty Cards: 0.1 ms]
      [Humongous Register: 0.0 ms]
      [Humongous Reclaim: 0.0 ms]
      [Free CSet: 0.1 ms]
   [Eden: 89.0M(89.0M)->0.0B(89.0M) Survivors: 13.0M->13.0M Heap: 1961.2M(2048.0M)->1905.5M(2048.0M)]
 [Times: user=0.33 sys=0.00, real=0.08 secs] 
20.606: [GC pause (G1 Evacuation Pause) (young), 0.0804750 secs]
   [Parallel Time: 80.1 ms, GC Workers: 4]
      [GC Worker Start (ms): Min: 20605.9, Avg: 20605.9, Max: 20606.0, Diff: 0.1]
      [Ext Root Scanning (ms): Min: 0.2, Avg: 0.2, Max: 0.2, Diff: 0.1, Sum: 0.8]
      [Update RS (ms): Min: 28.3, Avg: 28.5, Max: 28.7, Diff: 0.4, Sum: 113.8]
         [Processed Buffers: Min: 47, Avg: 48.3, Max: 52, Diff: 5, Sum: 193]
      [Scan RS (ms): Min: 0.0, Avg: 0.0, Max: 0.0, Diff: 0.0, Sum: 0.0]
      [Code Root Scanning (ms): Min: 0.0, Avg: 0.0, Max: 0.0, Diff: 0.0, Sum: 0.0]
      [Object Copy (ms): Min: 51.2, Avg: 51.4, Max: 51.5, Diff: 0.3, Sum: 205.5]
      [Termination (ms): Min: 0.0, Avg: 0.0, Max: 0.0, Diff: 0.0, Sum: 0.0]
         [Termination Attempts: Min: 15, Avg: 35.0, Max: 49, Diff: 34, Sum: 140]
      [GC Worker Other (ms): Min: 0.0, Avg: 0.0, Max: 0.0, Diff: 0.0, Sum: 0.0]
      [GC Worker Total (ms): Min: 80.0, Avg: 80.1, Max: 80.1, Diff: 0.1, Sum: 320.3]
      [GC Worker End (ms): Min: 20686.0, Avg: 20686.0, Max: 20686.0, Diff: 0.0]
   [Code Root Fixup: 0.0 ms]
   [Code Root Purge: 0.0 ms]
   [Clear CT: 0.0 ms]
   [Other: 0.3 ms]
      [Choose CSet: 0.0 ms]
      [Ref Proc: 0.0 ms]
      [Ref Enq: 0.0 ms]
      [Redirty Cards: 0.1 ms]
      [Humongous Register: 0.0 ms]
      [Humongous Reclaim: 0.0 ms]
      [Free CSet: 0.1 ms]
   [Eden: 89.0M(89.0M)->0.0B(89.0M) Survivors: 13.0M->13.0M Heap: 1994.5M(2048.0M)->1938.8M(2048.0M)]
 [Times: user=0.31 sys=0.00, real=0.08 secs] 
20.783: [GC pause (G1 Evacuation Pause) (young) (to-space exhausted), 0.1032241 secs]
   [Parallel Time: 95.4 ms, GC Workers: 4]
      [GC Worker Start (ms): Min: 20782.8, Avg: 20782.8, Max: 20782.8, Diff: 0.1]
      [Ext Root Scanning (ms): Min: 0.2, Avg: 0.2, Max: 0.2, Diff: 0.1, Sum: 0.8]
      [Update RS (ms): Min: 18.7, Avg: 18.9, Max: 19.2, Diff: 0.5, Sum: 75.8]
         [Processed Buffers: Min: 28, Avg: 29.5, Max: 30, Diff: 2, Sum: 118]
      [Scan RS (ms): Min: 0.0, Avg: 0.0, Max: 0.0, Diff: 0.0, Sum: 0.1]
      [Code Root Scanning (ms): Min: 0.0, Avg: 0.0, Max: 0.0, Diff: 0.0, Sum: 0.0]
      [Object Copy (ms): Min: 75.6, Avg: 76.1, Max: 76.3, Diff: 0.6, Sum: 304.2]
      [Termination (ms): Min: 0.0, Avg: 0.2, Max: 0.4, Diff: 0.4, Sum: 0.6]
         [Termination Attempts: Min: 1, Avg: 6.3, Max: 9, Diff: 8, Sum: 25]
      [GC Worker Other (ms): Min: 0.0, Avg: 0.0, Max: 0.0, Diff: 0.0, Sum: 0.0]
      [GC Worker Total (ms): Min: 95.4, Avg: 95.4, Max: 95.4, Diff: 0.1, Sum: 381.5]
      [GC Worker End (ms): Min: 20878.2, Avg: 20878.2, Max: 20878.2, Diff: 0.0]
   [Code Root Fixup: 0.0 ms]
   [Code Root Purge: 0.0 ms]
   [Clear CT: 0.0 ms]
   [Other: 7.8 ms]
      [Evacuation Failure: 7.4 ms]
      [Choose CSet: 0.0 ms]
      [Ref Proc: 0.0 ms]
      [Ref Enq: 0.0 ms]
      [Redirty Cards: 0.1 ms]
      [Humongous Register: 0.0 ms]
      [Humongous Reclaim: 0.0 ms]
      [Free CSet: 0.0 ms]
   [Eden: 89.0M(89.0M)->0.0B(96.0M) Survivors: 13.0M->6144.0K Heap: 2027.8M(2048.0M)->2012.0M(2048.0M)]
 [Times: user=0.30 sys=0.00, real=0.10 secs] 
20.937: [GC pause (G1 Evacuation Pause) (young) (to-space exhausted), 0.0500161 secs]
   [Parallel Time: 42.6 ms, GC Workers: 4]
      [GC Worker Start (ms): Min: 20936.6, Avg: 20936.6, Max: 20936.7, Diff: 0.0]
      [Ext Root Scanning (ms): Min: 0.2, Avg: 0.2, Max: 0.2, Diff: 0.0, Sum: 0.8]
      [Update RS (ms): Min: 0.0, Avg: 12.6, Max: 16.9, Diff: 16.9, Sum: 50.2]
         [Processed Buffers: Min: 0, Avg: 32.3, Max: 45, Diff: 45, Sum: 129]
      [Scan RS (ms): Min: 0.0, Avg: 0.0, Max: 0.0, Diff: 0.0, Sum: 0.0]
      [Code Root Scanning (ms): Min: 0.0, Avg: 0.0, Max: 0.0, Diff: 0.0, Sum: 0.0]
      [Object Copy (ms): Min: 25.0, Avg: 29.6, Max: 42.3, Diff: 17.4, Sum: 118.3]
      [Termination (ms): Min: 0.0, Avg: 0.2, Max: 0.6, Diff: 0.6, Sum: 0.8]
         [Termination Attempts: Min: 1, Avg: 1.0, Max: 1, Diff: 0, Sum: 4]
      [GC Worker Other (ms): Min: 0.0, Avg: 0.0, Max: 0.0, Diff: 0.0, Sum: 0.0]
      [GC Worker Total (ms): Min: 42.5, Avg: 42.6, Max: 42.6, Diff: 0.0, Sum: 170.2]
      [GC Worker End (ms): Min: 20979.2, Avg: 20979.2, Max: 20979.2, Diff: 0.0]
   [Code Root Fixup: 0.0 ms]
   [Code Root Purge: 0.0 ms]
   [Clear CT: 0.0 ms]
   [Other: 7.4 ms]
      [Evacuation Failure: 7.2 ms]
      [Choose CSet: 0.0 ms]
      [Ref Proc: 0.0 ms]
      [Ref Enq: 0.0 ms]
      [Redirty Cards: 0.0 ms]
      [Humongous Register: 0.0 ms]
      [Humongous Reclaim: 0.0 ms]
      [Free CSet: 0.0 ms]
   [Eden: 36.0M(96.0M)->0.0B(102.0M) Survivors: 6144.0K->0.0B Heap: 2048.0M(2048.0M)->2043.0M(2048.0M)]
 [Times: user=0.09 sys=0.00, real=0.05 secs] 
20.992: [GC pause (G1 Evacuation Pause) (young) (to-space exhausted), 0.0191693 secs]
   [Parallel Time: 17.8 ms, GC Workers: 4]
      [GC Worker Start (ms): Min: 20991.9, Avg: 20991.9, Max: 20991.9, Diff: 0.0]
      [Ext Root Scanning (ms): Min: 0.2, Avg: 0.2, Max: 0.2, Diff: 0.0, Sum: 0.8]
      [Update RS (ms): Min: 14.0, Avg: 14.5, Max: 15.0, Diff: 1.0, Sum: 58.2]
         [Processed Buffers: Min: 32, Avg: 34.8, Max: 38, Diff: 6, Sum: 139]
      [Scan RS (ms): Min: 0.0, Avg: 0.0, Max: 0.0, Diff: 0.0, Sum: 0.0]
      [Code Root Scanning (ms): Min: 0.0, Avg: 0.0, Max: 0.0, Diff: 0.0, Sum: 0.0]
      [Object Copy (ms): Min: 0.9, Avg: 2.2, Max: 3.1, Diff: 2.1, Sum: 8.8]
      [Termination (ms): Min: 0.0, Avg: 0.8, Max: 1.7, Diff: 1.7, Sum: 3.2]
         [Termination Attempts: Min: 1, Avg: 1.0, Max: 1, Diff: 0, Sum: 4]
      [GC Worker Other (ms): Min: 0.0, Avg: 0.0, Max: 0.0, Diff: 0.0, Sum: 0.0]
      [GC Worker Total (ms): Min: 17.7, Avg: 17.7, Max: 17.8, Diff: 0.0, Sum: 71.0]
      [GC Worker End (ms): Min: 21009.7, Avg: 21009.7, Max: 21009.7, Diff: 0.0]
   [Code Root Fixup: 0.0 ms]
   [Code Root Purge: 0.0 ms]
   [Clear CT: 0.0 ms]
   [Other: 1.4 ms]
      [Evacuation Failure: 1.2 ms]
      [Choose CSet: 0.0 ms]
      [Ref Proc: 0.0 ms]
      [Ref Enq: 0.0 ms]
      [Redirty Cards: 0.0 ms]
      [Humongous Register: 0.0 ms]
      [Humongous Reclaim: 0.0 ms]
      [Free CSet: 0.0 ms]
   [Eden: 5120.0K(102.0M)->0.0B(102.0M) Survivors: 0.0B->0.0B Heap: 2048.0M(2048.0M)->2048.0M(2048.0M)]
 [Times: user=0.09 sys=0.00, real=0.02 secs] 
21.012: [Full GC (Allocation Failure)  2048M->1176M(2048M), 1.6391037 secs]
   [Eden: 0.0B(102.0M)->0.0B(383.0M) Survivors: 0.0B->0.0B Heap: 2048.0M(2048.0M)->1176.6M(2048.0M)], [Metaspace: 9197K->9038K(1058816K)]
 [Times: user=3.24 sys=0.00, real=1.64 secs] 
22.651: [GC concurrent-mark-abort]
23.005: [GC pause (G1 Evacuation Pause) (young), 0.1754488 secs]
   [Parallel Time: 174.7 ms, GC Workers: 4]
      [GC Worker Start (ms): Min: 23004.9, Avg: 23004.9, Max: 23004.9, Diff: 0.1]
      [Ext Root Scanning (ms): Min: 0.2, Avg: 0.2, Max: 0.3, Diff: 0.1, Sum: 0.8]
      [Update RS (ms): Min: 0.0, Avg: 0.0, Max: 0.1, Diff: 0.1, Sum: 0.2]
         [Processed Buffers: Min: 0, Avg: 1.5, Max: 4, Diff: 4, Sum: 6]
      [Scan RS (ms): Min: 0.0, Avg: 0.0, Max: 0.1, Diff: 0.1, Sum: 0.2]
      [Code Root Scanning (ms): Min: 0.0, Avg: 0.0, Max: 0.0, Diff: 0.0, Sum: 0.0]
      [Object Copy (ms): Min: 174.3, Avg: 174.3, Max: 174.4, Diff: 0.1, Sum: 697.3]
      [Termination (ms): Min: 0.0, Avg: 0.0, Max: 0.0, Diff: 0.0, Sum: 0.0]
         [Termination Attempts: Min: 7, Avg: 9.5, Max: 11, Diff: 4, Sum: 38]
      [GC Worker Other (ms): Min: 0.0, Avg: 0.0, Max: 0.0, Diff: 0.0, Sum: 0.1]
      [GC Worker Total (ms): Min: 174.6, Avg: 174.7, Max: 174.7, Diff: 0.1, Sum: 698.6]
      [GC Worker End (ms): Min: 23179.6, Avg: 23179.6, Max: 23179.6, Diff: 0.0]
   [Code Root Fixup: 0.0 ms]
   [Code Root Purge: 0.0 ms]
   [Clear CT: 0.1 ms]
   [Other: 0.6 ms]
      [Choose CSet: 0.0 ms]
      [Ref Proc: 0.0 ms]
      [Ref Enq: 0.0 ms]
      [Redirty Cards: 0.2 ms]
      [Humongous Register: 0.0 ms]
      [Humongous Reclaim: 0.0 ms]
      [Free CSet: 0.2 ms]
   [Eden: 383.0M(383.0M)->0.0B(253.0M) Survivors: 0.0B->48.0M Heap: 1559.6M(2048.0M)->1314.0M(2048.0M)]
 [Times: user=0.75 sys=0.00, real=0.17 secs] 
23.274: [GC pause (G1 Evacuation Pause) (young) (initial-mark), 0.1266711 secs]
   [Parallel Time: 126.0 ms, GC Workers: 4]
      [GC Worker Start (ms): Min: 23273.8, Avg: 23273.9, Max: 23273.9, Diff: 0.0]
      [Ext Root Scanning (ms): Min: 0.3, Avg: 0.3, Max: 0.3, Diff: 0.0, Sum: 1.1]
      [Update RS (ms): Min: 20.7, Avg: 20.8, Max: 21.1, Diff: 0.4, Sum: 83.3]
         [Processed Buffers: Min: 35, Avg: 35.8, Max: 37, Diff: 2, Sum: 143]
      [Scan RS (ms): Min: 10.6, Avg: 10.9, Max: 11.0, Diff: 0.3, Sum: 43.5]
      [Code Root Scanning (ms): Min: 0.0, Avg: 0.0, Max: 0.0, Diff: 0.0, Sum: 0.0]
      [Object Copy (ms): Min: 94.0, Avg: 94.0, Max: 94.0, Diff: 0.0, Sum: 376.1]
      [Termination (ms): Min: 0.0, Avg: 0.0, Max: 0.0, Diff: 0.0, Sum: 0.0]
         [Termination Attempts: Min: 15, Avg: 16.5, Max: 18, Diff: 3, Sum: 66]
      [GC Worker Other (ms): Min: 0.0, Avg: 0.0, Max: 0.0, Diff: 0.0, Sum: 0.1]
      [GC Worker Total (ms): Min: 126.0, Avg: 126.0, Max: 126.0, Diff: 0.0, Sum: 504.0]
      [GC Worker End (ms): Min: 23399.9, Avg: 23399.9, Max: 23399.9, Diff: 0.0]
   [Code Root Fixup: 0.0 ms]
   [Code Root Purge: 0.0 ms]
   [Clear CT: 0.1 ms]
   [Other: 0.6 ms]
      [Choose CSet: 0.0 ms]
      [Ref Proc: 0.0 ms]
      [Ref Enq: 0.0 ms]
      [Redirty Cards: 0.1 ms]
      [Humongous Register: 0.0 ms]
      [Humongous Reclaim: 0.0 ms]
      [Free CSet: 0.1 ms]
   [Eden: 76.0M(76.0M)->0.0B(223.0M) Survivors: 48.0M->16.0M Heap: 1390.0M(2048.0M)->1341.5M(2048.0M)]
 [Times: user=0.50 sys=0.00, real=0.13 secs] 
23.400: [GC concurrent-root-region-scan-start]
23.439: [GC concurrent-root-region-scan-end, 0.0380502 secs]
23.439: [GC concurrent-mark-start]
23.640: [GC pause (G1 Evacuation Pause) (young), 0.1723350 secs]
   [Parallel Time: 171.8 ms, GC Workers: 4]
      [GC Worker Start (ms): Min: 23639.7, Avg: 23639.8, Max: 23639.8, Diff: 0.1]
      [Ext Root Scanning (ms): Min: 0.2, Avg: 0.2, Max: 0.2, Diff: 0.1, Sum: 0.8]
      [Update RS (ms): Min: 31.1, Avg: 31.5, Max: 32.5, Diff: 1.3, Sum: 126.0]
         [Processed Buffers: Min: 53, Avg: 55.0, Max: 57, Diff: 4, Sum: 220]
      [Scan RS (ms): Min: 0.7, Avg: 3.4, Max: 8.8, Diff: 8.0, Sum: 13.5]
      [Code Root Scanning (ms): Min: 0.0, Avg: 0.0, Max: 0.0, Diff: 0.0, Sum: 0.0]
      [Object Copy (ms): Min: 131.7, Avg: 134.9, Max: 136.0, Diff: 4.3, Sum: 539.5]
      [Termination (ms): Min: 0.0, Avg: 1.8, Max: 2.4, Diff: 2.4, Sum: 7.3]
         [Termination Attempts: Min: 1, Avg: 849.8, Max: 1268, Diff: 1267, Sum: 3399]
      [GC Worker Other (ms): Min: 0.0, Avg: 0.0, Max: 0.0, Diff: 0.0, Sum: 0.0]
      [GC Worker Total (ms): Min: 171.8, Avg: 171.8, Max: 171.8, Diff: 0.1, Sum: 687.2]
      [GC Worker End (ms): Min: 23811.6, Avg: 23811.6, Max: 23811.6, Diff: 0.0]
   [Code Root Fixup: 0.0 ms]
   [Code Root Purge: 0.0 ms]
   [Clear CT: 0.1 ms]
   [Other: 0.4 ms]
      [Choose CSet: 0.0 ms]
      [Ref Proc: 0.0 ms]
      [Ref Enq: 0.0 ms]
      [Redirty Cards: 0.1 ms]
      [Humongous Register: 0.0 ms]
      [Humongous Reclaim: 0.0 ms]
      [Free CSet: 0.1 ms]
   [Eden: 223.0M(223.0M)->0.0B(167.0M) Survivors: 16.0M->30.0M Heap: 1564.5M(2048.0M)->1420.6M(2048.0M)]
 [Times: user=0.64 sys=0.00, real=0.17 secs] 
23.939: [GC pause (G1 Evacuation Pause) (young), 0.1221127 secs]
   [Parallel Time: 121.6 ms, GC Workers: 4]
      [GC Worker Start (ms): Min: 23939.4, Avg: 23939.4, Max: 23939.4, Diff: 0.0]
      [Ext Root Scanning (ms): Min: 0.2, Avg: 0.2, Max: 0.2, Diff: 0.0, Sum: 0.8]
      [Update RS (ms): Min: 16.0, Avg: 16.1, Max: 16.2, Diff: 0.2, Sum: 64.5]
         [Processed Buffers: Min: 28, Avg: 29.3, Max: 31, Diff: 3, Sum: 117]
      [Scan RS (ms): Min: 17.9, Avg: 18.0, Max: 18.1, Diff: 0.3, Sum: 72.0]
      [Code Root Scanning (ms): Min: 0.0, Avg: 0.0, Max: 0.0, Diff: 0.0, Sum: 0.0]
      [Object Copy (ms): Min: 87.2, Avg: 87.2, Max: 87.2, Diff: 0.0, Sum: 348.9]
      [Termination (ms): Min: 0.0, Avg: 0.0, Max: 0.0, Diff: 0.0, Sum: 0.1]
         [Termination Attempts: Min: 1, Avg: 328.3, Max: 559, Diff: 558, Sum: 1313]
      [GC Worker Other (ms): Min: 0.0, Avg: 0.0, Max: 0.0, Diff: 0.0, Sum: 0.0]
      [GC Worker Total (ms): Min: 121.6, Avg: 121.6, Max: 121.6, Diff: 0.0, Sum: 486.3]
      [GC Worker End (ms): Min: 24060.9, Avg: 24060.9, Max: 24060.9, Diff: 0.0]
   [Code Root Fixup: 0.0 ms]
   [Code Root Purge: 0.0 ms]
   [Clear CT: 0.1 ms]
   [Other: 0.4 ms]
      [Choose CSet: 0.0 ms]
      [Ref Proc: 0.0 ms]
      [Ref Enq: 0.0 ms]
      [Redirty Cards: 0.1 ms]
      [Humongous Register: 0.1 ms]
      [Humongous Reclaim: 0.0 ms]
      [Free CSet: 0.1 ms]
   [Eden: 111.0M(111.0M)->0.0B(138.0M) Survivors: 30.0M->18.0M Heap: 1531.6M(2048.0M)->1459.8M(2048.0M)]
 [Times: user=0.48 sys=0.02, real=0.12 secs] 
24.222: [GC pause (G1 Evacuation Pause) (young), 0.1028973 secs]
   [Parallel Time: 102.5 ms, GC Workers: 4]
      [GC Worker Start (ms): Min: 24222.3, Avg: 24222.3, Max: 24222.3, Diff: 0.0]
      [Ext Root Scanning (ms): Min: 0.2, Avg: 0.2, Max: 0.2, Diff: 0.0, Sum: 0.8]
      [Update RS (ms): Min: 16.1, Avg: 16.3, Max: 16.3, Diff: 0.2, Sum: 65.0]
         [Processed Buffers: Min: 30, Avg: 31.5, Max: 34, Diff: 4, Sum: 126]
      [Scan RS (ms): Min: 3.3, Avg: 3.3, Max: 3.4, Diff: 0.2, Sum: 13.3]
      [Code Root Scanning (ms): Min: 0.0, Avg: 0.0, Max: 0.0, Diff: 0.0, Sum: 0.0]
      [Object Copy (ms): Min: 82.6, Avg: 82.7, Max: 82.7, Diff: 0.0, Sum: 330.6]
      [Termination (ms): Min: 0.0, Avg: 0.0, Max: 0.0, Diff: 0.0, Sum: 0.0]
         [Termination Attempts: Min: 16, Avg: 20.8, Max: 24, Diff: 8, Sum: 83]
      [GC Worker Other (ms): Min: 0.0, Avg: 0.0, Max: 0.0, Diff: 0.0, Sum: 0.1]
      [GC Worker Total (ms): Min: 102.4, Avg: 102.4, Max: 102.5, Diff: 0.0, Sum: 409.8]
      [GC Worker End (ms): Min: 24324.8, Avg: 24324.8, Max: 24324.8, Diff: 0.0]
   [Code Root Fixup: 0.0 ms]
   [Code Root Purge: 0.0 ms]
   [Clear CT: 0.1 ms]
   [Other: 0.4 ms]
      [Choose CSet: 0.0 ms]
      [Ref Proc: 0.0 ms]
      [Ref Enq: 0.0 ms]
      [Redirty Cards: 0.1 ms]
      [Humongous Register: 0.0 ms]
      [Humongous Reclaim: 0.0 ms]
      [Free CSet: 0.1 ms]
   [Eden: 138.0M(138.0M)->0.0B(102.0M) Survivors: 18.0M->20.0M Heap: 1597.8M(2048.0M)->1511.2M(2048.0M)]
 [Times: user=0.44 sys=0.00, real=0.10 secs] 
24.427: [GC pause (G1 Evacuation Pause) (young), 0.0974120 secs]
   [Parallel Time: 97.0 ms, GC Workers: 4]
      [GC Worker Start (ms): Min: 24426.8, Avg: 24426.8, Max: 24426.8, Diff: 0.0]
      [Ext Root Scanning (ms): Min: 0.2, Avg: 0.2, Max: 0.2, Diff: 0.0, Sum: 0.8]
      [Update RS (ms): Min: 21.1, Avg: 21.2, Max: 21.4, Diff: 0.3, Sum: 84.7]
         [Processed Buffers: Min: 33, Avg: 34.5, Max: 35, Diff: 2, Sum: 138]
      [Scan RS (ms): Min: 0.6, Avg: 0.8, Max: 0.9, Diff: 0.3, Sum: 3.1]
      [Code Root Scanning (ms): Min: 0.0, Avg: 0.0, Max: 0.0, Diff: 0.0, Sum: 0.0]
      [Object Copy (ms): Min: 74.8, Avg: 74.9, Max: 74.9, Diff: 0.0, Sum: 299.4]
      [Termination (ms): Min: 0.0, Avg: 0.0, Max: 0.0, Diff: 0.0, Sum: 0.0]
         [Termination Attempts: Min: 8, Avg: 13.3, Max: 18, Diff: 10, Sum: 53]
      [GC Worker Other (ms): Min: 0.0, Avg: 0.0, Max: 0.0, Diff: 0.0, Sum: 0.1]
      [GC Worker Total (ms): Min: 97.0, Avg: 97.0, Max: 97.0, Diff: 0.0, Sum: 388.0]
      [GC Worker End (ms): Min: 24523.8, Avg: 24523.8, Max: 24523.8, Diff: 0.0]
   [Code Root Fixup: 0.0 ms]
   [Code Root Purge: 0.0 ms]
   [Clear CT: 0.0 ms]
   [Other: 0.3 ms]
      [Choose CSet: 0.0 ms]
      [Ref Proc: 0.0 ms]
      [Ref Enq: 0.0 ms]
      [Redirty Cards: 0.1 ms]
      [Humongous Register: 0.0 ms]
      [Humongous Reclaim: 0.0 ms]
      [Free CSet: 0.1 ms]
   [Eden: 102.0M(102.0M)->0.0B(86.0M) Survivors: 20.0M->16.0M Heap: 1613.2M(2048.0M)->1549.1M(2048.0M)]
 [Times: user=0.42 sys=0.00, real=0.10 secs] 
24.611: [GC pause (G1 Evacuation Pause) (young), 0.0890404 secs]
   [Parallel Time: 88.6 ms, GC Workers: 4]
      [GC Worker Start (ms): Min: 24611.2, Avg: 24611.2, Max: 24611.2, Diff: 0.0]
      [Ext Root Scanning (ms): Min: 0.2, Avg: 0.2, Max: 0.2, Diff: 0.0, Sum: 0.8]
      [Update RS (ms): Min: 33.1, Avg: 33.2, Max: 33.3, Diff: 0.3, Sum: 132.8]
         [Processed Buffers: Min: 57, Avg: 58.3, Max: 59, Diff: 2, Sum: 233]
      [Scan RS (ms): Min: 0.0, Avg: 0.0, Max: 0.0, Diff: 0.0, Sum: 0.0]
      [Code Root Scanning (ms): Min: 0.0, Avg: 0.0, Max: 0.0, Diff: 0.0, Sum: 0.0]
      [Object Copy (ms): Min: 55.1, Avg: 55.2, Max: 55.3, Diff: 0.2, Sum: 220.7]
      [Termination (ms): Min: 0.0, Avg: 0.0, Max: 0.0, Diff: 0.0, Sum: 0.0]
         [Termination Attempts: Min: 8, Avg: 11.3, Max: 15, Diff: 7, Sum: 45]
      [GC Worker Other (ms): Min: 0.0, Avg: 0.0, Max: 0.0, Diff: 0.0, Sum: 0.1]
      [GC Worker Total (ms): Min: 88.6, Avg: 88.6, Max: 88.6, Diff: 0.0, Sum: 354.4]
      [GC Worker End (ms): Min: 24699.8, Avg: 24699.8, Max: 24699.8, Diff: 0.0]
   [Code Root Fixup: 0.0 ms]
   [Code Root Purge: 0.0 ms]
   [Clear CT: 0.0 ms]
   [Other: 0.3 ms]
      [Choose CSet: 0.0 ms]
      [Ref Proc: 0.0 ms]
      [Ref Enq: 0.0 ms]
      [Redirty Cards: 0.1 ms]
      [Humongous Register: 0.0 ms]
      [Humongous Reclaim: 0.0 ms]
      [Free CSet: 0.1 ms]
   [Eden: 86.0M(86.0M)->0.0B(89.0M) Survivors: 16.0M->13.0M Heap: 1635.1M(2048.0M)->1580.0M(2048.0M)]
 [Times: user=0.36 sys=0.00, real=0.09 secs] 
24.796: [GC pause (G1 Evacuation Pause) (young), 0.0783171 secs]
   [Parallel Time: 77.9 ms, GC Workers: 4]
      [GC Worker Start (ms): Min: 24796.2, Avg: 24796.3, Max: 24796.3, Diff: 0.0]
      [Ext Root Scanning (ms): Min: 0.2, Avg: 0.2, Max: 0.2, Diff: 0.0, Sum: 0.8]
      [Update RS (ms): Min: 16.9, Avg: 16.9, Max: 17.0, Diff: 0.1, Sum: 67.7]
         [Processed Buffers: Min: 27, Avg: 27.8, Max: 29, Diff: 2, Sum: 111]
      [Scan RS (ms): Min: 0.1, Avg: 0.2, Max: 0.2, Diff: 0.1, Sum: 0.8]
      [Code Root Scanning (ms): Min: 0.0, Avg: 0.0, Max: 0.0, Diff: 0.0, Sum: 0.0]
      [Object Copy (ms): Min: 60.5, Avg: 60.6, Max: 60.6, Diff: 0.0, Sum: 242.2]
      [Termination (ms): Min: 0.0, Avg: 0.0, Max: 0.0, Diff: 0.0, Sum: 0.0]
         [Termination Attempts: Min: 11, Avg: 13.5, Max: 17, Diff: 6, Sum: 54]
      [GC Worker Other (ms): Min: 0.0, Avg: 0.0, Max: 0.0, Diff: 0.0, Sum: 0.0]
      [GC Worker Total (ms): Min: 77.9, Avg: 77.9, Max: 77.9, Diff: 0.0, Sum: 311.5]
      [GC Worker End (ms): Min: 24874.1, Avg: 24874.1, Max: 24874.1, Diff: 0.0]
   [Code Root Fixup: 0.0 ms]
   [Code Root Purge: 0.0 ms]
   [Clear CT: 0.0 ms]
   [Other: 0.3 ms]
      [Choose CSet: 0.0 ms]
      [Ref Proc: 0.0 ms]
      [Ref Enq: 0.0 ms]
      [Redirty Cards: 0.1 ms]
      [Humongous Register: 0.0 ms]
      [Humongous Reclaim: 0.0 ms]
      [Free CSet: 0.1 ms]
   [Eden: 89.0M(89.0M)->0.0B(89.0M) Survivors: 13.0M->13.0M Heap: 1669.0M(2048.0M)->1611.9M(2048.0M)]
 [Times: user=0.31 sys=0.00, real=0.08 secs] 
24.966: [GC pause (G1 Evacuation Pause) (young), 0.0757518 secs]
   [Parallel Time: 75.4 ms, GC Workers: 4]
      [GC Worker Start (ms): Min: 24966.0, Avg: 24966.0, Max: 24966.0, Diff: 0.0]
      [Ext Root Scanning (ms): Min: 0.2, Avg: 0.2, Max: 0.2, Diff: 0.0, Sum: 0.8]
      [Update RS (ms): Min: 17.7, Avg: 17.7, Max: 17.8, Diff: 0.1, Sum: 70.9]
         [Processed Buffers: Min: 30, Avg: 30.0, Max: 30, Diff: 0, Sum: 120]
      [Scan RS (ms): Min: 0.0, Avg: 0.0, Max: 0.1, Diff: 0.1, Sum: 0.1]
      [Code Root Scanning (ms): Min: 0.0, Avg: 0.0, Max: 0.0, Diff: 0.0, Sum: 0.0]
      [Object Copy (ms): Min: 57.4, Avg: 57.4, Max: 57.5, Diff: 0.1, Sum: 229.7]
      [Termination (ms): Min: 0.0, Avg: 0.0, Max: 0.0, Diff: 0.0, Sum: 0.0]
         [Termination Attempts: Min: 11, Avg: 15.3, Max: 21, Diff: 10, Sum: 61]
      [GC Worker Other (ms): Min: 0.0, Avg: 0.0, Max: 0.0, Diff: 0.0, Sum: 0.0]
      [GC Worker Total (ms): Min: 75.4, Avg: 75.4, Max: 75.4, Diff: 0.0, Sum: 301.5]
      [GC Worker End (ms): Min: 25041.4, Avg: 25041.4, Max: 25041.4, Diff: 0.0]
   [Code Root Fixup: 0.0 ms]
   [Code Root Purge: 0.0 ms]
   [Clear CT: 0.0 ms]
   [Other: 0.3 ms]
      [Choose CSet: 0.0 ms]
      [Ref Proc: 0.0 ms]
      [Ref Enq: 0.0 ms]
      [Redirty Cards: 0.1 ms]
      [Humongous Register: 0.0 ms]
      [Humongous Reclaim: 0.0 ms]
      [Free CSet: 0.1 ms]
   [Eden: 89.0M(89.0M)->0.0B(89.0M) Survivors: 13.0M->13.0M Heap: 1700.9M(2048.0M)->1645.4M(2048.0M)]
 [Times: user=0.31 sys=0.00, real=0.08 secs] 
25.122: [GC pause (G1 Evacuation Pause) (young), 0.0861338 secs]
   [Parallel Time: 85.8 ms, GC Workers: 4]
      [GC Worker Start (ms): Min: 25122.3, Avg: 25122.3, Max: 25122.3, Diff: 0.0]
      [Ext Root Scanning (ms): Min: 0.2, Avg: 0.2, Max: 0.2, Diff: 0.0, Sum: 0.8]
      [Update RS (ms): Min: 26.1, Avg: 26.2, Max: 26.4, Diff: 0.2, Sum: 104.9]
         [Processed Buffers: Min: 45, Avg: 45.5, Max: 46, Diff: 1, Sum: 182]
      [Scan RS (ms): Min: 0.0, Avg: 0.0, Max: 0.0, Diff: 0.0, Sum: 0.1]
      [Code Root Scanning (ms): Min: 0.0, Avg: 0.0, Max: 0.0, Diff: 0.0, Sum: 0.0]
      [Object Copy (ms): Min: 59.1, Avg: 59.3, Max: 59.3, Diff: 0.2, Sum: 237.0]
      [Termination (ms): Min: 0.0, Avg: 0.0, Max: 0.1, Diff: 0.1, Sum: 0.1]
         [Termination Attempts: Min: 6, Avg: 10.5, Max: 15, Diff: 9, Sum: 42]
      [GC Worker Other (ms): Min: 0.0, Avg: 0.0, Max: 0.0, Diff: 0.0, Sum: 0.0]
      [GC Worker Total (ms): Min: 85.7, Avg: 85.7, Max: 85.8, Diff: 0.0, Sum: 342.9]
      [GC Worker End (ms): Min: 25208.0, Avg: 25208.0, Max: 25208.0, Diff: 0.0]
   [Code Root Fixup: 0.0 ms]
   [Code Root Purge: 0.0 ms]
   [Clear CT: 0.0 ms]
   [Other: 0.3 ms]
      [Choose CSet: 0.0 ms]
      [Ref Proc: 0.0 ms]
      [Ref Enq: 0.0 ms]
      [Redirty Cards: 0.1 ms]
      [Humongous Register: 0.0 ms]
      [Humongous Reclaim: 0.0 ms]
      [Free CSet: 0.1 ms]
   [Eden: 89.0M(89.0M)->0.0B(89.0M) Survivors: 13.0M->13.0M Heap: 1734.4M(2048.0M)->1678.5M(2048.0M)]
 [Times: user=0.31 sys=0.00, real=0.09 secs] 
25.289: [GC pause (G1 Evacuation Pause) (young), 0.0660309 secs]
   [Parallel Time: 65.7 ms, GC Workers: 4]
      [GC Worker Start (ms): Min: 25288.8, Avg: 25288.8, Max: 25288.8, Diff: 0.0]
      [Ext Root Scanning (ms): Min: 0.2, Avg: 0.2, Max: 0.2, Diff: 0.0, Sum: 0.8]
      [Update RS (ms): Min: 16.8, Avg: 16.9, Max: 17.0, Diff: 0.2, Sum: 67.5]
         [Processed Buffers: Min: 29, Avg: 29.5, Max: 31, Diff: 2, Sum: 118]
      [Scan RS (ms): Min: 0.0, Avg: 0.1, Max: 0.2, Diff: 0.2, Sum: 0.5]
      [Code Root Scanning (ms): Min: 0.0, Avg: 0.0, Max: 0.0, Diff: 0.0, Sum: 0.0]
      [Object Copy (ms): Min: 48.4, Avg: 48.4, Max: 48.4, Diff: 0.0, Sum: 193.7]
      [Termination (ms): Min: 0.0, Avg: 0.0, Max: 0.0, Diff: 0.0, Sum: 0.0]
         [Termination Attempts: Min: 17, Avg: 18.8, Max: 21, Diff: 4, Sum: 75]
      [GC Worker Other (ms): Min: 0.0, Avg: 0.0, Max: 0.0, Diff: 0.0, Sum: 0.0]
      [GC Worker Total (ms): Min: 65.6, Avg: 65.6, Max: 65.6, Diff: 0.0, Sum: 262.5]
      [GC Worker End (ms): Min: 25354.4, Avg: 25354.4, Max: 25354.4, Diff: 0.0]
   [Code Root Fixup: 0.0 ms]
   [Code Root Purge: 0.0 ms]
   [Clear CT: 0.0 ms]
   [Other: 0.3 ms]
      [Choose CSet: 0.0 ms]
      [Ref Proc: 0.0 ms]
      [Ref Enq: 0.0 ms]
      [Redirty Cards: 0.1 ms]
      [Humongous Register: 0.0 ms]
      [Humongous Reclaim: 0.0 ms]
      [Free CSet: 0.1 ms]
   [Eden: 89.0M(89.0M)->0.0B(89.0M) Survivors: 13.0M->13.0M Heap: 1767.5M(2048.0M)->1708.0M(2048.0M)]
 [Times: user=0.26 sys=0.00, real=0.07 secs] 
25.435: [GC pause (G1 Evacuation Pause) (young), 0.0765389 secs]
   [Parallel Time: 76.2 ms, GC Workers: 4]
      [GC Worker Start (ms): Min: 25435.5, Avg: 25435.5, Max: 25435.5, Diff: 0.0]
      [Ext Root Scanning (ms): Min: 0.2, Avg: 0.2, Max: 0.2, Diff: 0.0, Sum: 0.8]
      [Update RS (ms): Min: 20.0, Avg: 20.3, Max: 20.5, Diff: 0.5, Sum: 81.1]
         [Processed Buffers: Min: 32, Avg: 32.3, Max: 33, Diff: 1, Sum: 129]
      [Scan RS (ms): Min: 0.0, Avg: 0.0, Max: 0.1, Diff: 0.1, Sum: 0.2]
      [Code Root Scanning (ms): Min: 0.0, Avg: 0.0, Max: 0.0, Diff: 0.0, Sum: 0.0]
      [Object Copy (ms): Min: 55.4, Avg: 55.6, Max: 55.8, Diff: 0.3, Sum: 222.5]
      [Termination (ms): Min: 0.0, Avg: 0.0, Max: 0.0, Diff: 0.0, Sum: 0.0]
         [Termination Attempts: Min: 1, Avg: 1.8, Max: 3, Diff: 2, Sum: 7]
      [GC Worker Other (ms): Min: 0.0, Avg: 0.0, Max: 0.0, Diff: 0.0, Sum: 0.0]
      [GC Worker Total (ms): Min: 76.1, Avg: 76.1, Max: 76.2, Diff: 0.0, Sum: 304.6]
      [GC Worker End (ms): Min: 25511.6, Avg: 25511.6, Max: 25511.6, Diff: 0.0]
   [Code Root Fixup: 0.0 ms]
   [Code Root Purge: 0.0 ms]
   [Clear CT: 0.0 ms]
   [Other: 0.3 ms]
      [Choose CSet: 0.0 ms]
      [Ref Proc: 0.1 ms]
      [Ref Enq: 0.0 ms]
      [Redirty Cards: 0.1 ms]
      [Humongous Register: 0.0 ms]
      [Humongous Reclaim: 0.0 ms]
      [Free CSet: 0.1 ms]
   [Eden: 89.0M(89.0M)->0.0B(89.0M) Survivors: 13.0M->13.0M Heap: 1797.0M(2048.0M)->1742.1M(2048.0M)]
 [Times: user=0.31 sys=0.00, real=0.08 secs] 
25.601: [GC pause (G1 Evacuation Pause) (young) (to-space exhausted), 0.0957188 secs]
   [Parallel Time: 89.3 ms, GC Workers: 4]
      [GC Worker Start (ms): Min: 25601.4, Avg: 25601.4, Max: 25601.4, Diff: 0.0]
      [Ext Root Scanning (ms): Min: 0.2, Avg: 0.2, Max: 0.2, Diff: 0.0, Sum: 0.8]
      [Update RS (ms): Min: 27.8, Avg: 27.9, Max: 28.0, Diff: 0.1, Sum: 111.5]
         [Processed Buffers: Min: 48, Avg: 48.0, Max: 48, Diff: 0, Sum: 192]
      [Scan RS (ms): Min: 0.0, Avg: 0.0, Max: 0.0, Diff: 0.0, Sum: 0.1]
      [Code Root Scanning (ms): Min: 0.0, Avg: 0.0, Max: 0.0, Diff: 0.0, Sum: 0.0]
      [Object Copy (ms): Min: 59.4, Avg: 60.3, Max: 61.3, Diff: 1.9, Sum: 241.2]
      [Termination (ms): Min: 0.0, Avg: 0.9, Max: 1.9, Diff: 1.9, Sum: 3.7]
         [Termination Attempts: Min: 1, Avg: 1.0, Max: 1, Diff: 0, Sum: 4]
      [GC Worker Other (ms): Min: 0.0, Avg: 0.0, Max: 0.0, Diff: 0.0, Sum: 0.0]
      [GC Worker Total (ms): Min: 89.3, Avg: 89.3, Max: 89.3, Diff: 0.0, Sum: 357.2]
      [GC Worker End (ms): Min: 25690.7, Avg: 25690.7, Max: 25690.7, Diff: 0.0]
   [Code Root Fixup: 0.0 ms]
   [Code Root Purge: 0.0 ms]
   [Clear CT: 0.0 ms]
   [Other: 6.3 ms]
      [Evacuation Failure: 6.0 ms]
      [Choose CSet: 0.0 ms]
      [Ref Proc: 0.1 ms]
      [Ref Enq: 0.0 ms]
      [Redirty Cards: 0.1 ms]
      [Humongous Register: 0.0 ms]
      [Humongous Reclaim: 0.0 ms]
      [Free CSet: 0.1 ms]
   [Eden: 89.0M(89.0M)->0.0B(89.0M) Survivors: 13.0M->13.0M Heap: 1831.1M(2048.0M)->1810.6M(2048.0M)]
 [Times: user=0.31 sys=0.00, real=0.10 secs] 
25.755: [GC pause (G1 Evacuation Pause) (young) (to-space exhausted), 0.0875768 secs]
   [Parallel Time: 76.7 ms, GC Workers: 4]
      [GC Worker Start (ms): Min: 25755.1, Avg: 25755.1, Max: 25755.1, Diff: 0.0]
      [Ext Root Scanning (ms): Min: 0.2, Avg: 0.2, Max: 0.2, Diff: 0.0, Sum: 0.8]
      [Update RS (ms): Min: 0.0, Avg: 11.9, Max: 16.1, Diff: 16.1, Sum: 47.5]
         [Processed Buffers: Min: 0, Avg: 26.5, Max: 37, Diff: 37, Sum: 106]
      [Scan RS (ms): Min: 0.0, Avg: 2.8, Max: 3.9, Diff: 3.9, Sum: 11.2]
      [Code Root Scanning (ms): Min: 0.0, Avg: 0.0, Max: 0.0, Diff: 0.0, Sum: 0.0]
      [Object Copy (ms): Min: 56.8, Avg: 61.7, Max: 76.4, Diff: 19.6, Sum: 247.0]
      [Termination (ms): Min: 0.0, Avg: 0.0, Max: 0.0, Diff: 0.0, Sum: 0.0]
         [Termination Attempts: Min: 1, Avg: 33.8, Max: 50, Diff: 49, Sum: 135]
      [GC Worker Other (ms): Min: 0.0, Avg: 0.0, Max: 0.0, Diff: 0.0, Sum: 0.1]
      [GC Worker Total (ms): Min: 76.6, Avg: 76.6, Max: 76.6, Diff: 0.0, Sum: 306.6]
      [GC Worker End (ms): Min: 25831.8, Avg: 25831.8, Max: 25831.8, Diff: 0.0]
   [Code Root Fixup: 0.0 ms]
   [Code Root Purge: 0.0 ms]
   [Clear CT: 0.0 ms]
   [Other: 10.9 ms]
      [Evacuation Failure: 10.5 ms]
      [Choose CSet: 0.0 ms]
      [Ref Proc: 0.0 ms]
      [Ref Enq: 0.0 ms]
      [Redirty Cards: 0.2 ms]
      [Humongous Register: 0.0 ms]
      [Humongous Reclaim: 0.0 ms]
      [Free CSet: 0.1 ms]
   [Eden: 45.0M(89.0M)->0.0B(102.0M) Survivors: 13.0M->0.0B Heap: 1855.6M(2048.0M)->1851.6M(2048.0M)]
 [Times: user=0.24 sys=0.00, real=0.09 secs] 
25.857: [GC pause (G1 Evacuation Pause) (young) (to-space exhausted), 0.0238540 secs]
   [Parallel Time: 22.7 ms, GC Workers: 4]
      [GC Worker Start (ms): Min: 25857.2, Avg: 25857.2, Max: 25857.3, Diff: 0.1]
      [Ext Root Scanning (ms): Min: 0.1, Avg: 0.2, Max: 0.3, Diff: 0.1, Sum: 0.8]
      [Update RS (ms): Min: 19.5, Avg: 19.7, Max: 19.8, Diff: 0.3, Sum: 78.7]
         [Processed Buffers: Min: 40, Avg: 44.3, Max: 49, Diff: 9, Sum: 177]
      [Scan RS (ms): Min: 0.0, Avg: 0.0, Max: 0.0, Diff: 0.0, Sum: 0.0]
      [Code Root Scanning (ms): Min: 0.0, Avg: 0.0, Max: 0.0, Diff: 0.0, Sum: 0.0]
      [Object Copy (ms): Min: 1.0, Avg: 1.8, Max: 2.7, Diff: 1.7, Sum: 7.3]
      [Termination (ms): Min: 0.0, Avg: 0.8, Max: 1.9, Diff: 1.9, Sum: 3.3]
         [Termination Attempts: Min: 1, Avg: 1.0, Max: 1, Diff: 0, Sum: 4]
      [GC Worker Other (ms): Min: 0.0, Avg: 0.0, Max: 0.0, Diff: 0.0, Sum: 0.0]
      [GC Worker Total (ms): Min: 22.5, Avg: 22.5, Max: 22.6, Diff: 0.1, Sum: 90.2]
      [GC Worker End (ms): Min: 25879.8, Avg: 25879.8, Max: 25879.8, Diff: 0.0]
   [Code Root Fixup: 0.0 ms]
   [Code Root Purge: 0.0 ms]
   [Clear CT: 0.1 ms]
   [Other: 1.0 ms]
      [Evacuation Failure: 0.7 ms]
      [Choose CSet: 0.0 ms]
      [Ref Proc: 0.1 ms]
      [Ref Enq: 0.0 ms]
      [Redirty Cards: 0.1 ms]
      [Humongous Register: 0.1 ms]
      [Humongous Reclaim: 0.0 ms]
      [Free CSet: 0.0 ms]
   [Eden: 4096.0K(102.0M)->0.0B(102.0M) Survivors: 0.0B->0.0B Heap: 1855.6M(2048.0M)->1855.6M(2048.0M)]
 [Times: user=0.06 sys=0.00, real=0.02 secs] 
25.881: [Full GC (Allocation Failure)  1855M->1166M(2048M), 1.6500814 secs]
   [Eden: 0.0B(102.0M)->0.0B(321.0M) Survivors: 0.0B->0.0B Heap: 1855.6M(2048.0M)->1166.8M(2048.0M)], [Metaspace: 9130K->9130K(1058816K)]
 [Times: user=3.20 sys=0.00, real=1.65 secs] 
27.532: [GC concurrent-mark-abort]
27.834: [GC pause (G1 Evacuation Pause) (young), 0.1426510 secs]
   [Parallel Time: 142.1 ms, GC Workers: 4]
      [GC Worker Start (ms): Min: 27834.0, Avg: 27834.0, Max: 27834.1, Diff: 0.0]
      [Ext Root Scanning (ms): Min: 0.2, Avg: 0.2, Max: 0.2, Diff: 0.1, Sum: 0.8]
      [Update RS (ms): Min: 0.0, Avg: 0.0, Max: 0.1, Diff: 0.1, Sum: 0.1]
         [Processed Buffers: Min: 0, Avg: 1.3, Max: 3, Diff: 3, Sum: 5]
      [Scan RS (ms): Min: 0.0, Avg: 0.0, Max: 0.1, Diff: 0.1, Sum: 0.2]
      [Code Root Scanning (ms): Min: 0.0, Avg: 0.0, Max: 0.0, Diff: 0.0, Sum: 0.0]
      [Object Copy (ms): Min: 141.7, Avg: 141.7, Max: 141.7, Diff: 0.0, Sum: 566.7]
      [Termination (ms): Min: 0.0, Avg: 0.0, Max: 0.0, Diff: 0.0, Sum: 0.0]
         [Termination Attempts: Min: 7, Avg: 8.0, Max: 9, Diff: 2, Sum: 32]
      [GC Worker Other (ms): Min: 0.0, Avg: 0.0, Max: 0.0, Diff: 0.0, Sum: 0.1]
      [GC Worker Total (ms): Min: 142.0, Avg: 142.0, Max: 142.0, Diff: 0.1, Sum: 568.0]
      [GC Worker End (ms): Min: 27976.0, Avg: 27976.0, Max: 27976.0, Diff: 0.0]
   [Code Root Fixup: 0.0 ms]
   [Code Root Purge: 0.0 ms]
   [Clear CT: 0.1 ms]
   [Other: 0.5 ms]
      [Choose CSet: 0.0 ms]
      [Ref Proc: 0.0 ms]
      [Ref Enq: 0.0 ms]
      [Redirty Cards: 0.1 ms]
      [Humongous Register: 0.0 ms]
      [Humongous Reclaim: 0.0 ms]
      [Free CSet: 0.2 ms]
   [Eden: 321.0M(321.0M)->0.0B(269.0M) Survivors: 0.0B->41.0M Heap: 1487.8M(2048.0M)->1283.6M(2048.0M)]
 [Times: user=0.58 sys=0.00, real=0.14 secs] 
28.133: [GC pause (G1 Evacuation Pause) (young) (initial-mark), 0.1638685 secs]
   [Parallel Time: 163.2 ms, GC Workers: 4]
      [GC Worker Start (ms): Min: 28132.8, Avg: 28132.9, Max: 28132.9, Diff: 0.1]
      [Ext Root Scanning (ms): Min: 0.2, Avg: 0.3, Max: 0.3, Diff: 0.0, Sum: 1.0]
      [Update RS (ms): Min: 17.9, Avg: 18.1, Max: 18.3, Diff: 0.4, Sum: 72.5]
         [Processed Buffers: Min: 30, Avg: 31.8, Max: 34, Diff: 4, Sum: 127]
      [Scan RS (ms): Min: 9.2, Avg: 9.4, Max: 9.6, Diff: 0.5, Sum: 37.5]
      [Code Root Scanning (ms): Min: 0.0, Avg: 0.0, Max: 0.0, Diff: 0.0, Sum: 0.0]
      [Object Copy (ms): Min: 135.3, Avg: 135.4, Max: 135.4, Diff: 0.0, Sum: 541.5]
      [Termination (ms): Min: 0.0, Avg: 0.0, Max: 0.0, Diff: 0.0, Sum: 0.1]
         [Termination Attempts: Min: 21, Avg: 275.8, Max: 385, Diff: 364, Sum: 1103]
      [GC Worker Other (ms): Min: 0.0, Avg: 0.0, Max: 0.0, Diff: 0.0, Sum: 0.1]
      [GC Worker Total (ms): Min: 163.1, Avg: 163.1, Max: 163.2, Diff: 0.0, Sum: 652.6]
      [GC Worker End (ms): Min: 28296.0, Avg: 28296.0, Max: 28296.0, Diff: 0.0]
   [Code Root Fixup: 0.0 ms]
   [Code Root Purge: 0.0 ms]
   [Clear CT: 0.1 ms]
   [Other: 0.6 ms]
      [Choose CSet: 0.0 ms]
      [Ref Proc: 0.0 ms]
      [Ref Enq: 0.0 ms]
      [Redirty Cards: 0.2 ms]
      [Humongous Register: 0.0 ms]
      [Humongous Reclaim: 0.0 ms]
      [Free CSet: 0.2 ms]
   [Eden: 149.0M(62.0M)->0.0B(234.0M) Survivors: 41.0M->13.0M Heap: 1432.6M(2048.0M)->1339.1M(2048.0M)]
 [Times: user=0.63 sys=0.00, real=0.16 secs] 
28.297: [GC concurrent-root-region-scan-start]
28.320: [GC concurrent-root-region-scan-end, 0.0234348 secs]
28.320: [GC concurrent-mark-start]
28.567: [GC pause (G1 Evacuation Pause) (young), 0.1414209 secs]
   [Parallel Time: 140.9 ms, GC Workers: 4]
      [GC Worker Start (ms): Min: 28567.5, Avg: 28567.5, Max: 28567.5, Diff: 0.0]
      [Ext Root Scanning (ms): Min: 0.2, Avg: 0.2, Max: 0.2, Diff: 0.0, Sum: 0.8]
      [Update RS (ms): Min: 17.9, Avg: 18.1, Max: 18.3, Diff: 0.3, Sum: 72.2]
         [Processed Buffers: Min: 34, Avg: 35.3, Max: 36, Diff: 2, Sum: 141]
      [Scan RS (ms): Min: 4.3, Avg: 4.4, Max: 4.5, Diff: 0.2, Sum: 17.6]
      [Code Root Scanning (ms): Min: 0.0, Avg: 0.0, Max: 0.0, Diff: 0.0, Sum: 0.0]
      [Object Copy (ms): Min: 118.0, Avg: 118.2, Max: 118.3, Diff: 0.2, Sum: 472.6]
      [Termination (ms): Min: 0.0, Avg: 0.0, Max: 0.0, Diff: 0.0, Sum: 0.0]
         [Termination Attempts: Min: 6, Avg: 9.5, Max: 14, Diff: 8, Sum: 38]
      [GC Worker Other (ms): Min: 0.0, Avg: 0.0, Max: 0.0, Diff: 0.0, Sum: 0.1]
      [GC Worker Total (ms): Min: 140.8, Avg: 140.8, Max: 140.8, Diff: 0.0, Sum: 563.3]
      [GC Worker End (ms): Min: 28708.3, Avg: 28708.3, Max: 28708.3, Diff: 0.0]
   [Code Root Fixup: 0.0 ms]
   [Code Root Purge: 0.0 ms]
   [Clear CT: 0.1 ms]
   [Other: 0.5 ms]
      [Choose CSet: 0.0 ms]
      [Ref Proc: 0.0 ms]
      [Ref Enq: 0.0 ms]
      [Redirty Cards: 0.1 ms]
      [Humongous Register: 0.0 ms]
      [Humongous Reclaim: 0.0 ms]
      [Free CSet: 0.2 ms]
   [Eden: 234.0M(234.0M)->0.0B(169.0M) Survivors: 13.0M->31.0M Heap: 1573.1M(2048.0M)->1422.8M(2048.0M)]
 [Times: user=0.55 sys=0.00, real=0.14 secs] 
28.886: [GC pause (G1 Evacuation Pause) (young), 0.1497868 secs]
   [Parallel Time: 149.2 ms, GC Workers: 4]
      [GC Worker Start (ms): Min: 28885.9, Avg: 28885.9, Max: 28885.9, Diff: 0.0]
      [Ext Root Scanning (ms): Min: 0.2, Avg: 0.2, Max: 0.2, Diff: 0.0, Sum: 0.8]
      [Update RS (ms): Min: 21.2, Avg: 21.2, Max: 21.3, Diff: 0.1, Sum: 84.9]
         [Processed Buffers: Min: 37, Avg: 38.3, Max: 39, Diff: 2, Sum: 153]
      [Scan RS (ms): Min: 7.9, Avg: 8.0, Max: 8.0, Diff: 0.1, Sum: 32.0]
      [Code Root Scanning (ms): Min: 0.0, Avg: 0.0, Max: 0.0, Diff: 0.0, Sum: 0.0]
      [Object Copy (ms): Min: 119.7, Avg: 119.7, Max: 119.7, Diff: 0.0, Sum: 478.8]
      [Termination (ms): Min: 0.0, Avg: 0.0, Max: 0.0, Diff: 0.0, Sum: 0.0]
         [Termination Attempts: Min: 16, Avg: 19.5, Max: 25, Diff: 9, Sum: 78]
      [GC Worker Other (ms): Min: 0.0, Avg: 0.0, Max: 0.0, Diff: 0.0, Sum: 0.1]
      [GC Worker Total (ms): Min: 149.1, Avg: 149.2, Max: 149.2, Diff: 0.0, Sum: 596.6]
      [GC Worker End (ms): Min: 29035.1, Avg: 29035.1, Max: 29035.1, Diff: 0.0]
   [Code Root Fixup: 0.0 ms]
   [Code Root Purge: 0.0 ms]
   [Clear CT: 0.1 ms]
   [Other: 0.5 ms]
      [Choose CSet: 0.0 ms]
      [Ref Proc: 0.1 ms]
      [Ref Enq: 0.0 ms]
      [Redirty Cards: 0.2 ms]
      [Humongous Register: 0.0 ms]
      [Humongous Reclaim: 0.0 ms]
      [Free CSet: 0.1 ms]
   [Eden: 169.0M(169.0M)->0.0B(124.0M) Survivors: 31.0M->25.0M Heap: 1591.8M(2048.0M)->1484.4M(2048.0M)]
 [Times: user=0.56 sys=0.00, real=0.15 secs] 
29.190: [GC pause (G1 Evacuation Pause) (young), 0.1180644 secs]
   [Parallel Time: 117.5 ms, GC Workers: 4]
      [GC Worker Start (ms): Min: 29190.5, Avg: 29190.5, Max: 29190.5, Diff: 0.0]
      [Ext Root Scanning (ms): Min: 0.2, Avg: 0.2, Max: 0.2, Diff: 0.0, Sum: 0.8]
      [Update RS (ms): Min: 19.2, Avg: 19.3, Max: 19.4, Diff: 0.3, Sum: 77.1]
         [Processed Buffers: Min: 33, Avg: 34.3, Max: 35, Diff: 2, Sum: 137]
      [Scan RS (ms): Min: 5.6, Avg: 5.7, Max: 5.8, Diff: 0.3, Sum: 22.9]
      [Code Root Scanning (ms): Min: 0.0, Avg: 0.0, Max: 0.0, Diff: 0.0, Sum: 0.0]
      [Object Copy (ms): Min: 92.2, Avg: 92.2, Max: 92.2, Diff: 0.0, Sum: 368.8]
      [Termination (ms): Min: 0.0, Avg: 0.0, Max: 0.1, Diff: 0.0, Sum: 0.2]
         [Termination Attempts: Min: 11, Avg: 80.0, Max: 113, Diff: 102, Sum: 320]
      [GC Worker Other (ms): Min: 0.0, Avg: 0.0, Max: 0.0, Diff: 0.0, Sum: 0.0]
      [GC Worker Total (ms): Min: 117.4, Avg: 117.5, Max: 117.5, Diff: 0.0, Sum: 469.8]
      [GC Worker End (ms): Min: 29307.9, Avg: 29307.9, Max: 29307.9, Diff: 0.0]
   [Code Root Fixup: 0.0 ms]
   [Code Root Purge: 0.0 ms]
   [Clear CT: 0.1 ms]
   [Other: 0.5 ms]
      [Choose CSet: 0.0 ms]
      [Ref Proc: 0.1 ms]
      [Ref Enq: 0.0 ms]
      [Redirty Cards: 0.1 ms]
      [Humongous Register: 0.0 ms]
      [Humongous Reclaim: 0.0 ms]
      [Free CSet: 0.1 ms]
   [Eden: 124.0M(124.0M)->0.0B(90.0M) Survivors: 25.0M->19.0M Heap: 1608.4M(2048.0M)->1530.8M(2048.0M)]
 [Times: user=0.50 sys=0.00, real=0.12 secs] 
29.420: [GC pause (G1 Evacuation Pause) (young), 0.0844868 secs]
   [Parallel Time: 84.0 ms, GC Workers: 4]
      [GC Worker Start (ms): Min: 29419.6, Avg: 29419.6, Max: 29419.6, Diff: 0.0]
      [Ext Root Scanning (ms): Min: 0.2, Avg: 0.2, Max: 0.2, Diff: 0.0, Sum: 0.8]
      [Update RS (ms): Min: 18.8, Avg: 18.9, Max: 19.0, Diff: 0.3, Sum: 75.6]
         [Processed Buffers: Min: 36, Avg: 37.3, Max: 39, Diff: 3, Sum: 149]
      [Scan RS (ms): Min: 3.8, Avg: 3.9, Max: 4.0, Diff: 0.2, Sum: 15.7]
      [Code Root Scanning (ms): Min: 0.0, Avg: 0.0, Max: 0.0, Diff: 0.0, Sum: 0.0]
      [Object Copy (ms): Min: 60.9, Avg: 60.9, Max: 60.9, Diff: 0.0, Sum: 243.7]
      [Termination (ms): Min: 0.0, Avg: 0.0, Max: 0.0, Diff: 0.0, Sum: 0.0]
         [Termination Attempts: Min: 7, Avg: 8.5, Max: 10, Diff: 3, Sum: 34]
      [GC Worker Other (ms): Min: 0.0, Avg: 0.0, Max: 0.0, Diff: 0.0, Sum: 0.1]
      [GC Worker Total (ms): Min: 84.0, Avg: 84.0, Max: 84.0, Diff: 0.0, Sum: 335.9]
      [GC Worker End (ms): Min: 29503.6, Avg: 29503.6, Max: 29503.6, Diff: 0.0]
   [Code Root Fixup: 0.0 ms]
   [Code Root Purge: 0.0 ms]
   [Clear CT: 0.1 ms]
   [Other: 0.4 ms]
      [Choose CSet: 0.0 ms]
      [Ref Proc: 0.0 ms]
      [Ref Enq: 0.0 ms]
      [Redirty Cards: 0.1 ms]
      [Humongous Register: 0.0 ms]
      [Humongous Reclaim: 0.0 ms]
      [Free CSet: 0.1 ms]
   [Eden: 90.0M(90.0M)->0.0B(88.0M) Survivors: 19.0M->14.0M Heap: 1620.8M(2048.0M)->1563.2M(2048.0M)]
 [Times: user=0.30 sys=0.00, real=0.09 secs] 
29.610: [GC pause (G1 Evacuation Pause) (young), 0.0910479 secs]
   [Parallel Time: 90.7 ms, GC Workers: 4]
      [GC Worker Start (ms): Min: 29609.6, Avg: 29609.7, Max: 29609.7, Diff: 0.0]
      [Ext Root Scanning (ms): Min: 0.2, Avg: 0.2, Max: 0.2, Diff: 0.0, Sum: 0.8]
      [Update RS (ms): Min: 30.8, Avg: 30.9, Max: 31.0, Diff: 0.2, Sum: 123.4]
         [Processed Buffers: Min: 55, Avg: 55.3, Max: 56, Diff: 1, Sum: 221]
      [Scan RS (ms): Min: 0.0, Avg: 0.0, Max: 0.0, Diff: 0.0, Sum: 0.0]
      [Code Root Scanning (ms): Min: 0.0, Avg: 0.0, Max: 0.0, Diff: 0.0, Sum: 0.0]
      [Object Copy (ms): Min: 59.4, Avg: 59.5, Max: 59.6, Diff: 0.2, Sum: 238.2]
      [Termination (ms): Min: 0.0, Avg: 0.0, Max: 0.0, Diff: 0.0, Sum: 0.0]
         [Termination Attempts: Min: 11, Avg: 14.0, Max: 17, Diff: 6, Sum: 56]
      [GC Worker Other (ms): Min: 0.0, Avg: 0.0, Max: 0.0, Diff: 0.0, Sum: 0.1]
      [GC Worker Total (ms): Min: 90.6, Avg: 90.6, Max: 90.6, Diff: 0.0, Sum: 362.5]
      [GC Worker End (ms): Min: 29700.3, Avg: 29700.3, Max: 29700.3, Diff: 0.0]
   [Code Root Fixup: 0.0 ms]
   [Code Root Purge: 0.0 ms]
   [Clear CT: 0.0 ms]
   [Other: 0.3 ms]
      [Choose CSet: 0.0 ms]
      [Ref Proc: 0.0 ms]
      [Ref Enq: 0.0 ms]
      [Redirty Cards: 0.1 ms]
      [Humongous Register: 0.0 ms]
      [Humongous Reclaim: 0.0 ms]
      [Free CSet: 0.1 ms]
   [Eden: 88.0M(88.0M)->0.0B(89.0M) Survivors: 14.0M->13.0M Heap: 1651.2M(2048.0M)->1597.2M(2048.0M)]
 [Times: user=0.36 sys=0.00, real=0.09 secs] 
29.783: [GC pause (G1 Evacuation Pause) (young), 0.0805911 secs]
   [Parallel Time: 80.2 ms, GC Workers: 4]
      [GC Worker Start (ms): Min: 29783.5, Avg: 29783.5, Max: 29783.5, Diff: 0.0]
      [Ext Root Scanning (ms): Min: 0.2, Avg: 0.2, Max: 0.2, Diff: 0.0, Sum: 0.8]
      [Update RS (ms): Min: 22.8, Avg: 23.1, Max: 23.2, Diff: 0.4, Sum: 92.3]
         [Processed Buffers: Min: 36, Avg: 36.5, Max: 37, Diff: 1, Sum: 146]
      [Scan RS (ms): Min: 0.0, Avg: 0.0, Max: 0.0, Diff: 0.0, Sum: 0.1]
      [Code Root Scanning (ms): Min: 0.0, Avg: 0.0, Max: 0.0, Diff: 0.0, Sum: 0.0]
      [Object Copy (ms): Min: 56.7, Avg: 56.9, Max: 57.1, Diff: 0.3, Sum: 227.4]
      [Termination (ms): Min: 0.0, Avg: 0.0, Max: 0.0, Diff: 0.0, Sum: 0.0]
         [Termination Attempts: Min: 11, Avg: 13.5, Max: 15, Diff: 4, Sum: 54]
      [GC Worker Other (ms): Min: 0.0, Avg: 0.0, Max: 0.0, Diff: 0.0, Sum: 0.0]
      [GC Worker Total (ms): Min: 80.1, Avg: 80.1, Max: 80.2, Diff: 0.0, Sum: 320.6]
      [GC Worker End (ms): Min: 29863.7, Avg: 29863.7, Max: 29863.7, Diff: 0.0]
   [Code Root Fixup: 0.0 ms]
   [Code Root Purge: 0.0 ms]
   [Clear CT: 0.0 ms]
   [Other: 0.4 ms]
      [Choose CSet: 0.0 ms]
      [Ref Proc: 0.0 ms]
      [Ref Enq: 0.0 ms]
      [Redirty Cards: 0.1 ms]
      [Humongous Register: 0.0 ms]
      [Humongous Reclaim: 0.0 ms]
      [Free CSet: 0.1 ms]
   [Eden: 89.0M(89.0M)->0.0B(89.0M) Survivors: 13.0M->13.0M Heap: 1686.2M(2048.0M)->1628.2M(2048.0M)]
 [Times: user=0.31 sys=0.00, real=0.08 secs] 
29.948: [GC pause (G1 Evacuation Pause) (young), 0.0704285 secs]
   [Parallel Time: 70.1 ms, GC Workers: 4]
      [GC Worker Start (ms): Min: 29948.1, Avg: 29948.3, Max: 29948.7, Diff: 0.6]
      [Ext Root Scanning (ms): Min: 0.0, Avg: 0.2, Max: 0.2, Diff: 0.2, Sum: 0.7]
      [Update RS (ms): Min: 17.7, Avg: 17.7, Max: 17.7, Diff: 0.1, Sum: 70.8]
         [Processed Buffers: Min: 32, Avg: 32.5, Max: 33, Diff: 1, Sum: 130]
      [Scan RS (ms): Min: 0.0, Avg: 0.0, Max: 0.0, Diff: 0.0, Sum: 0.0]
      [Code Root Scanning (ms): Min: 0.0, Avg: 0.0, Max: 0.0, Diff: 0.0, Sum: 0.0]
      [Object Copy (ms): Min: 51.7, Avg: 52.0, Max: 52.2, Diff: 0.4, Sum: 208.2]
      [Termination (ms): Min: 0.0, Avg: 0.0, Max: 0.0, Diff: 0.0, Sum: 0.0]
         [Termination Attempts: Min: 7, Avg: 10.0, Max: 13, Diff: 6, Sum: 40]
      [GC Worker Other (ms): Min: 0.0, Avg: 0.0, Max: 0.0, Diff: 0.0, Sum: 0.0]
      [GC Worker Total (ms): Min: 69.5, Avg: 69.9, Max: 70.1, Diff: 0.6, Sum: 279.7]
      [GC Worker End (ms): Min: 30018.2, Avg: 30018.2, Max: 30018.2, Diff: 0.0]
   [Code Root Fixup: 0.0 ms]
   [Code Root Purge: 0.0 ms]
   [Clear CT: 0.0 ms]
   [Other: 0.3 ms]
      [Choose CSet: 0.0 ms]
      [Ref Proc: 0.0 ms]
      [Ref Enq: 0.0 ms]
      [Redirty Cards: 0.1 ms]
      [Humongous Register: 0.0 ms]
      [Humongous Reclaim: 0.0 ms]
      [Free CSet: 0.1 ms]
   [Eden: 89.0M(89.0M)->0.0B(89.0M) Survivors: 13.0M->13.0M Heap: 1717.2M(2048.0M)->1661.4M(2048.0M)]
 [Times: user=0.25 sys=0.00, real=0.07 secs] 
30.099: [GC pause (G1 Evacuation Pause) (young), 0.0882408 secs]
   [Parallel Time: 87.9 ms, GC Workers: 4]
      [GC Worker Start (ms): Min: 30099.0, Avg: 30099.0, Max: 30099.0, Diff: 0.0]
      [Ext Root Scanning (ms): Min: 0.2, Avg: 0.2, Max: 0.2, Diff: 0.0, Sum: 0.8]
      [Update RS (ms): Min: 26.1, Avg: 26.2, Max: 26.4, Diff: 0.3, Sum: 104.8]
         [Processed Buffers: Min: 45, Avg: 46.5, Max: 47, Diff: 2, Sum: 186]
      [Scan RS (ms): Min: 0.0, Avg: 0.0, Max: 0.0, Diff: 0.0, Sum: 0.0]
      [Code Root Scanning (ms): Min: 0.0, Avg: 0.0, Max: 0.0, Diff: 0.0, Sum: 0.0]
      [Object Copy (ms): Min: 61.3, Avg: 61.5, Max: 61.6, Diff: 0.3, Sum: 245.8]
      [Termination (ms): Min: 0.0, Avg: 0.0, Max: 0.0, Diff: 0.0, Sum: 0.1]
         [Termination Attempts: Min: 14, Avg: 137.3, Max: 217, Diff: 203, Sum: 549]
      [GC Worker Other (ms): Min: 0.0, Avg: 0.0, Max: 0.0, Diff: 0.0, Sum: 0.0]
      [GC Worker Total (ms): Min: 87.9, Avg: 87.9, Max: 87.9, Diff: 0.0, Sum: 351.5]
      [GC Worker End (ms): Min: 30186.9, Avg: 30186.9, Max: 30186.9, Diff: 0.0]
   [Code Root Fixup: 0.0 ms]
   [Code Root Purge: 0.0 ms]
   [Clear CT: 0.0 ms]
   [Other: 0.3 ms]
      [Choose CSet: 0.0 ms]
      [Ref Proc: 0.0 ms]
      [Ref Enq: 0.0 ms]
      [Redirty Cards: 0.1 ms]
      [Humongous Register: 0.0 ms]
      [Humongous Reclaim: 0.0 ms]
      [Free CSet: 0.1 ms]
   [Eden: 89.0M(89.0M)->0.0B(89.0M) Survivors: 13.0M->13.0M Heap: 1750.4M(2048.0M)->1693.6M(2048.0M)]
 [Times: user=0.38 sys=0.00, real=0.09 secs] 
30.269: [GC pause (G1 Evacuation Pause) (young), 0.0564838 secs]
   [Parallel Time: 56.1 ms, GC Workers: 4]
      [GC Worker Start (ms): Min: 30269.0, Avg: 30269.0, Max: 30269.0, Diff: 0.0]
      [Ext Root Scanning (ms): Min: 0.2, Avg: 0.2, Max: 0.2, Diff: 0.0, Sum: 0.8]
      [Update RS (ms): Min: 22.7, Avg: 22.9, Max: 23.1, Diff: 0.4, Sum: 91.8]
         [Processed Buffers: Min: 45, Avg: 46.5, Max: 48, Diff: 3, Sum: 186]
      [Scan RS (ms): Min: 0.0, Avg: 0.0, Max: 0.0, Diff: 0.0, Sum: 0.0]
      [Code Root Scanning (ms): Min: 0.0, Avg: 0.0, Max: 0.0, Diff: 0.0, Sum: 0.0]
      [Object Copy (ms): Min: 32.8, Avg: 32.9, Max: 33.1, Diff: 0.3, Sum: 131.8]
      [Termination (ms): Min: 0.0, Avg: 0.0, Max: 0.0, Diff: 0.0, Sum: 0.0]
         [Termination Attempts: Min: 14, Avg: 20.0, Max: 24, Diff: 10, Sum: 80]
      [GC Worker Other (ms): Min: 0.0, Avg: 0.0, Max: 0.0, Diff: 0.0, Sum: 0.1]
      [GC Worker Total (ms): Min: 56.1, Avg: 56.1, Max: 56.1, Diff: 0.0, Sum: 224.4]
      [GC Worker End (ms): Min: 30325.1, Avg: 30325.1, Max: 30325.1, Diff: 0.0]
   [Code Root Fixup: 0.0 ms]
   [Code Root Purge: 0.0 ms]
   [Clear CT: 0.0 ms]
   [Other: 0.3 ms]
      [Choose CSet: 0.0 ms]
      [Ref Proc: 0.0 ms]
      [Ref Enq: 0.0 ms]
      [Redirty Cards: 0.1 ms]
      [Humongous Register: 0.0 ms]
      [Humongous Reclaim: 0.0 ms]
      [Free CSet: 0.1 ms]
   [Eden: 89.0M(89.0M)->0.0B(89.0M) Survivors: 13.0M->13.0M Heap: 1782.6M(2048.0M)->1725.4M(2048.0M)]
 [Times: user=0.25 sys=0.00, real=0.06 secs] 
30.409: [GC pause (G1 Evacuation Pause) (young) (to-space exhausted), 0.0818475 secs]
   [Parallel Time: 80.4 ms, GC Workers: 4]
      [GC Worker Start (ms): Min: 30408.9, Avg: 30409.0, Max: 30409.0, Diff: 0.0]
      [Ext Root Scanning (ms): Min: 0.2, Avg: 0.2, Max: 0.2, Diff: 0.0, Sum: 0.8]
      [Update RS (ms): Min: 14.9, Avg: 15.0, Max: 15.2, Diff: 0.4, Sum: 59.9]
         [Processed Buffers: Min: 28, Avg: 28.8, Max: 30, Diff: 2, Sum: 115]
      [Scan RS (ms): Min: 0.2, Avg: 0.5, Max: 0.6, Diff: 0.4, Sum: 2.1]
      [Code Root Scanning (ms): Min: 0.0, Avg: 0.0, Max: 0.0, Diff: 0.0, Sum: 0.0]
      [Object Copy (ms): Min: 64.7, Avg: 64.7, Max: 64.7, Diff: 0.0, Sum: 258.8]
      [Termination (ms): Min: 0.0, Avg: 0.0, Max: 0.0, Diff: 0.0, Sum: 0.0]
         [Termination Attempts: Min: 10, Avg: 11.5, Max: 13, Diff: 3, Sum: 46]
      [GC Worker Other (ms): Min: 0.0, Avg: 0.0, Max: 0.0, Diff: 0.0, Sum: 0.0]
      [GC Worker Total (ms): Min: 80.4, Avg: 80.4, Max: 80.4, Diff: 0.0, Sum: 321.6]
      [GC Worker End (ms): Min: 30489.4, Avg: 30489.4, Max: 30489.4, Diff: 0.0]
   [Code Root Fixup: 0.0 ms]
   [Code Root Purge: 0.0 ms]
   [Clear CT: 0.0 ms]
   [Other: 1.4 ms]
      [Evacuation Failure: 1.1 ms]
      [Choose CSet: 0.0 ms]
      [Ref Proc: 0.0 ms]
      [Ref Enq: 0.0 ms]
      [Redirty Cards: 0.1 ms]
      [Humongous Register: 0.0 ms]
      [Humongous Reclaim: 0.0 ms]
      [Free CSet: 0.1 ms]
   [Eden: 89.0M(89.0M)->0.0B(89.0M) Survivors: 13.0M->13.0M Heap: 1814.4M(2048.0M)->1764.8M(2048.0M)]
 [Times: user=0.31 sys=0.00, real=0.08 secs] 
30.581: [GC pause (G1 Evacuation Pause) (young) (to-space exhausted), 0.1132084 secs]
   [Parallel Time: 100.6 ms, GC Workers: 4]
      [GC Worker Start (ms): Min: 30580.8, Avg: 30580.8, Max: 30580.8, Diff: 0.0]
      [Ext Root Scanning (ms): Min: 0.2, Avg: 0.2, Max: 0.2, Diff: 0.0, Sum: 0.8]
      [Update RS (ms): Min: 12.6, Avg: 12.6, Max: 12.7, Diff: 0.1, Sum: 50.5]
         [Processed Buffers: Min: 25, Avg: 31.8, Max: 38, Diff: 13, Sum: 127]
      [Scan RS (ms): Min: 1.8, Avg: 1.8, Max: 1.9, Diff: 0.1, Sum: 7.3]
      [Code Root Scanning (ms): Min: 0.0, Avg: 0.0, Max: 0.0, Diff: 0.0, Sum: 0.0]
      [Object Copy (ms): Min: 84.2, Avg: 85.2, Max: 85.9, Diff: 1.7, Sum: 340.8]
      [Termination (ms): Min: 0.0, Avg: 0.7, Max: 1.7, Diff: 1.7, Sum: 2.8]
         [Termination Attempts: Min: 1, Avg: 1.0, Max: 1, Diff: 0, Sum: 4]
      [GC Worker Other (ms): Min: 0.0, Avg: 0.0, Max: 0.0, Diff: 0.0, Sum: 0.0]
      [GC Worker Total (ms): Min: 100.5, Avg: 100.5, Max: 100.5, Diff: 0.0, Sum: 402.2]
      [GC Worker End (ms): Min: 30681.3, Avg: 30681.3, Max: 30681.3, Diff: 0.0]
   [Code Root Fixup: 0.0 ms]
   [Code Root Purge: 0.0 ms]
   [Clear CT: 0.1 ms]
   [Other: 12.5 ms]
      [Evacuation Failure: 12.0 ms]
      [Choose CSet: 0.0 ms]
      [Ref Proc: 0.1 ms]
      [Ref Enq: 0.0 ms]
      [Redirty Cards: 0.1 ms]
      [Humongous Register: 0.0 ms]
      [Humongous Reclaim: 0.0 ms]
      [Free CSet: 0.1 ms]
   [Eden: 89.0M(89.0M)->0.0B(101.0M) Survivors: 13.0M->1024.0K Heap: 1853.8M(2048.0M)->1844.8M(2048.0M)]
 [Times: user=0.19 sys=0.00, real=0.11 secs] 
30.722: [GC pause (G1 Evacuation Pause) (young) (to-space exhausted), 0.0327093 secs]
   [Parallel Time: 30.2 ms, GC Workers: 4]
      [GC Worker Start (ms): Min: 30721.7, Avg: 30721.8, Max: 30721.8, Diff: 0.0]
      [Ext Root Scanning (ms): Min: 0.2, Avg: 0.2, Max: 0.2, Diff: 0.0, Sum: 0.9]
      [Update RS (ms): Min: 16.8, Avg: 17.1, Max: 17.5, Diff: 0.8, Sum: 68.6]
         [Processed Buffers: Min: 40, Avg: 43.3, Max: 46, Diff: 6, Sum: 173]
      [Scan RS (ms): Min: 1.6, Avg: 1.7, Max: 1.8, Diff: 0.2, Sum: 6.9]
      [Code Root Scanning (ms): Min: 0.0, Avg: 0.0, Max: 0.0, Diff: 0.0, Sum: 0.0]
      [Object Copy (ms): Min: 9.8, Avg: 10.5, Max: 11.4, Diff: 1.6, Sum: 42.2]
      [Termination (ms): Min: 0.0, Avg: 0.5, Max: 1.0, Diff: 1.0, Sum: 2.1]
         [Termination Attempts: Min: 1, Avg: 1.0, Max: 1, Diff: 0, Sum: 4]
      [GC Worker Other (ms): Min: 0.0, Avg: 0.0, Max: 0.0, Diff: 0.0, Sum: 0.0]
      [GC Worker Total (ms): Min: 30.2, Avg: 30.2, Max: 30.2, Diff: 0.0, Sum: 120.7]
      [GC Worker End (ms): Min: 30751.9, Avg: 30751.9, Max: 30751.9, Diff: 0.0]
   [Code Root Fixup: 0.0 ms]
   [Code Root Purge: 0.0 ms]
   [Clear CT: 0.0 ms]
   [Other: 2.5 ms]
      [Evacuation Failure: 2.3 ms]
      [Choose CSet: 0.0 ms]
      [Ref Proc: 0.0 ms]
      [Ref Enq: 0.0 ms]
      [Redirty Cards: 0.0 ms]
      [Humongous Register: 0.0 ms]
      [Humongous Reclaim: 0.0 ms]
      [Free CSet: 0.0 ms]
   [Eden: 13.0M(101.0M)->0.0B(102.0M) Survivors: 1024.0K->0.0B Heap: 1857.8M(2048.0M)->1856.8M(2048.0M)]
 [Times: user=0.08 sys=0.00, real=0.03 secs] 
30.756: [GC pause (G1 Evacuation Pause) (young) (to-space exhausted), 0.0184752 secs]
   [Parallel Time: 17.8 ms, GC Workers: 4]
      [GC Worker Start (ms): Min: 30756.0, Avg: 30756.1, Max: 30756.5, Diff: 0.6]
      [Ext Root Scanning (ms): Min: 0.0, Avg: 0.2, Max: 0.2, Diff: 0.2, Sum: 0.6]
      [Update RS (ms): Min: 16.9, Avg: 17.2, Max: 17.5, Diff: 0.7, Sum: 69.0]
         [Processed Buffers: Min: 37, Avg: 39.3, Max: 42, Diff: 5, Sum: 157]
      [Scan RS (ms): Min: 0.0, Avg: 0.0, Max: 0.0, Diff: 0.0, Sum: 0.0]
      [Code Root Scanning (ms): Min: 0.0, Avg: 0.0, Max: 0.0, Diff: 0.0, Sum: 0.0]
      [Object Copy (ms): Min: 0.0, Avg: 0.2, Max: 0.4, Diff: 0.4, Sum: 0.9]
      [Termination (ms): Min: 0.0, Avg: 0.0, Max: 0.0, Diff: 0.0, Sum: 0.1]
         [Termination Attempts: Min: 1, Avg: 1.0, Max: 1, Diff: 0, Sum: 4]
      [GC Worker Other (ms): Min: 0.0, Avg: 0.0, Max: 0.0, Diff: 0.0, Sum: 0.0]
      [GC Worker Total (ms): Min: 17.2, Avg: 17.7, Max: 17.8, Diff: 0.6, Sum: 70.6]
      [GC Worker End (ms): Min: 30773.8, Avg: 30773.8, Max: 30773.8, Diff: 0.0]
   [Code Root Fixup: 0.0 ms]
   [Code Root Purge: 0.0 ms]
   [Clear CT: 0.0 ms]
   [Other: 0.6 ms]
      [Evacuation Failure: 0.5 ms]
      [Choose CSet: 0.0 ms]
      [Ref Proc: 0.0 ms]
      [Ref Enq: 0.0 ms]
      [Redirty Cards: 0.0 ms]
      [Humongous Register: 0.0 ms]
      [Humongous Reclaim: 0.0 ms]
      [Free CSet: 0.0 ms]
   [Eden: 1024.0K(102.0M)->0.0B(102.0M) Survivors: 0.0B->0.0B Heap: 1857.8M(2048.0M)->1857.8M(2048.0M)]
 [Times: user=0.11 sys=0.00, real=0.02 secs] 
30.775: [Full GC (Allocation Failure)  1857M->1189M(2048M), 1.6052696 secs]
   [Eden: 0.0B(102.0M)->0.0B(345.0M) Survivors: 0.0B->0.0B Heap: 1857.8M(2048.0M)->1189.1M(2048.0M)], [Metaspace: 9165K->9165K(1058816K)]
 [Times: user=3.11 sys=0.00, real=1.61 secs] 
32.380: [GC concurrent-mark-abort]
32.697: [GC pause (G1 Evacuation Pause) (young), 0.1591401 secs]
   [Parallel Time: 158.5 ms, GC Workers: 4]
      [GC Worker Start (ms): Min: 32697.3, Avg: 32697.3, Max: 32697.3, Diff: 0.0]
      [Ext Root Scanning (ms): Min: 0.2, Avg: 0.2, Max: 0.2, Diff: 0.0, Sum: 0.8]
      [Update RS (ms): Min: 0.0, Avg: 0.0, Max: 0.1, Diff: 0.1, Sum: 0.1]
         [Processed Buffers: Min: 0, Avg: 1.0, Max: 2, Diff: 2, Sum: 4]
      [Scan RS (ms): Min: 0.0, Avg: 0.0, Max: 0.1, Diff: 0.0, Sum: 0.2]
      [Code Root Scanning (ms): Min: 0.0, Avg: 0.0, Max: 0.0, Diff: 0.0, Sum: 0.0]
      [Object Copy (ms): Min: 158.2, Avg: 158.2, Max: 158.2, Diff: 0.0, Sum: 632.7]
      [Termination (ms): Min: 0.0, Avg: 0.0, Max: 0.0, Diff: 0.0, Sum: 0.0]
         [Termination Attempts: Min: 9, Avg: 10.8, Max: 14, Diff: 5, Sum: 43]
      [GC Worker Other (ms): Min: 0.0, Avg: 0.0, Max: 0.0, Diff: 0.0, Sum: 0.1]
      [GC Worker Total (ms): Min: 158.5, Avg: 158.5, Max: 158.5, Diff: 0.0, Sum: 633.9]
      [GC Worker End (ms): Min: 32855.8, Avg: 32855.8, Max: 32855.8, Diff: 0.0]
   [Code Root Fixup: 0.0 ms]
   [Code Root Purge: 0.0 ms]
   [Clear CT: 0.1 ms]
   [Other: 0.5 ms]
      [Choose CSet: 0.0 ms]
      [Ref Proc: 0.0 ms]
      [Ref Enq: 0.0 ms]
      [Redirty Cards: 0.1 ms]
      [Humongous Register: 0.0 ms]
      [Humongous Reclaim: 0.0 ms]
      [Free CSet: 0.2 ms]
   [Eden: 345.0M(345.0M)->0.0B(246.0M) Survivors: 0.0B->44.0M Heap: 1534.1M(2048.0M)->1314.8M(2048.0M)]
 [Times: user=0.63 sys=0.00, real=0.16 secs] 
33.043: [GC pause (G1 Evacuation Pause) (young) (initial-mark), 0.1741466 secs]
   [Parallel Time: 173.5 ms, GC Workers: 4]
      [GC Worker Start (ms): Min: 33043.0, Avg: 33043.0, Max: 33043.0, Diff: 0.0]
      [Ext Root Scanning (ms): Min: 0.3, Avg: 0.3, Max: 0.3, Diff: 0.0, Sum: 1.2]
      [Update RS (ms): Min: 20.1, Avg: 20.2, Max: 20.4, Diff: 0.2, Sum: 80.9]
         [Processed Buffers: Min: 40, Avg: 41.5, Max: 44, Diff: 4, Sum: 166]
      [Scan RS (ms): Min: 6.0, Avg: 6.1, Max: 6.2, Diff: 0.2, Sum: 24.5]
      [Code Root Scanning (ms): Min: 0.0, Avg: 0.0, Max: 0.0, Diff: 0.0, Sum: 0.0]
      [Object Copy (ms): Min: 146.7, Avg: 146.7, Max: 146.7, Diff: 0.0, Sum: 586.9]
      [Termination (ms): Min: 0.0, Avg: 0.0, Max: 0.0, Diff: 0.0, Sum: 0.1]
         [Termination Attempts: Min: 15, Avg: 136.8, Max: 190, Diff: 175, Sum: 547]
      [GC Worker Other (ms): Min: 0.0, Avg: 0.0, Max: 0.0, Diff: 0.0, Sum: 0.1]
      [GC Worker Total (ms): Min: 173.4, Avg: 173.4, Max: 173.4, Diff: 0.0, Sum: 693.7]
      [GC Worker End (ms): Min: 33216.4, Avg: 33216.4, Max: 33216.4, Diff: 0.0]
   [Code Root Fixup: 0.0 ms]
   [Code Root Purge: 0.0 ms]
   [Clear CT: 0.1 ms]
   [Other: 0.6 ms]
      [Choose CSet: 0.0 ms]
      [Ref Proc: 0.0 ms]
      [Ref Enq: 0.0 ms]
      [Redirty Cards: 0.2 ms]
      [Humongous Register: 0.0 ms]
      [Humongous Reclaim: 0.0 ms]
      [Free CSet: 0.2 ms]
   [Eden: 184.0M(184.0M)->0.0B(196.0M) Survivors: 44.0M->29.0M Heap: 1498.8M(2048.0M)->1379.5M(2048.0M)]
 [Times: user=0.69 sys=0.00, real=0.17 secs] 
33.217: [GC concurrent-root-region-scan-start]
33.264: [GC concurrent-root-region-scan-end, 0.0467031 secs]
33.264: [GC concurrent-mark-start]
33.451: [GC pause (G1 Evacuation Pause) (young), 0.1730715 secs]
   [Parallel Time: 172.5 ms, GC Workers: 4]
      [GC Worker Start (ms): Min: 33451.2, Avg: 33451.3, Max: 33451.3, Diff: 0.0]
      [Ext Root Scanning (ms): Min: 0.2, Avg: 0.2, Max: 0.2, Diff: 0.0, Sum: 0.8]
      [Update RS (ms): Min: 20.5, Avg: 20.6, Max: 20.6, Diff: 0.1, Sum: 82.3]
         [Processed Buffers: Min: 36, Avg: 37.3, Max: 38, Diff: 2, Sum: 149]
      [Scan RS (ms): Min: 6.0, Avg: 6.0, Max: 6.1, Diff: 0.1, Sum: 24.1]
      [Code Root Scanning (ms): Min: 0.0, Avg: 0.0, Max: 0.0, Diff: 0.0, Sum: 0.0]
      [Object Copy (ms): Min: 145.6, Avg: 145.6, Max: 145.7, Diff: 0.1, Sum: 582.6]
      [Termination (ms): Min: 0.0, Avg: 0.0, Max: 0.0, Diff: 0.0, Sum: 0.0]
         [Termination Attempts: Min: 22, Avg: 27.8, Max: 33, Diff: 11, Sum: 111]
      [GC Worker Other (ms): Min: 0.0, Avg: 0.0, Max: 0.0, Diff: 0.0, Sum: 0.1]
      [GC Worker Total (ms): Min: 172.5, Avg: 172.5, Max: 172.5, Diff: 0.0, Sum: 689.9]
      [GC Worker End (ms): Min: 33623.7, Avg: 33623.7, Max: 33623.7, Diff: 0.0]
   [Code Root Fixup: 0.0 ms]
   [Code Root Purge: 0.0 ms]
   [Clear CT: 0.1 ms]
   [Other: 0.5 ms]
      [Choose CSet: 0.0 ms]
      [Ref Proc: 0.0 ms]
      [Ref Enq: 0.0 ms]
      [Redirty Cards: 0.2 ms]
      [Humongous Register: 0.0 ms]
      [Humongous Reclaim: 0.0 ms]
      [Free CSet: 0.1 ms]
   [Eden: 196.0M(196.0M)->0.0B(143.0M) Survivors: 29.0M->29.0M Heap: 1575.5M(2048.0M)->1450.4M(2048.0M)]
 [Times: user=0.67 sys=0.02, real=0.17 secs] 
33.788: [GC pause (G1 Evacuation Pause) (young), 0.1560617 secs]
   [Parallel Time: 155.5 ms, GC Workers: 4]
      [GC Worker Start (ms): Min: 33788.4, Avg: 33788.4, Max: 33788.4, Diff: 0.0]
      [Ext Root Scanning (ms): Min: 0.2, Avg: 0.2, Max: 0.2, Diff: 0.1, Sum: 0.9]
      [Update RS (ms): Min: 25.4, Avg: 25.5, Max: 25.5, Diff: 0.1, Sum: 101.8]
         [Processed Buffers: Min: 47, Avg: 48.0, Max: 50, Diff: 3, Sum: 192]
      [Scan RS (ms): Min: 13.0, Avg: 13.1, Max: 13.1, Diff: 0.1, Sum: 52.2]
      [Code Root Scanning (ms): Min: 0.0, Avg: 0.0, Max: 0.0, Diff: 0.0, Sum: 0.0]
      [Object Copy (ms): Min: 116.7, Avg: 116.8, Max: 116.8, Diff: 0.0, Sum: 467.1]
      [Termination (ms): Min: 0.0, Avg: 0.0, Max: 0.0, Diff: 0.0, Sum: 0.0]
         [Termination Attempts: Min: 8, Avg: 10.0, Max: 12, Diff: 4, Sum: 40]
      [GC Worker Other (ms): Min: 0.0, Avg: 0.0, Max: 0.0, Diff: 0.0, Sum: 0.1]
      [GC Worker Total (ms): Min: 155.5, Avg: 155.5, Max: 155.5, Diff: 0.0, Sum: 622.0]
      [GC Worker End (ms): Min: 33943.9, Avg: 33943.9, Max: 33943.9, Diff: 0.0]
   [Code Root Fixup: 0.0 ms]
   [Code Root Purge: 0.0 ms]
   [Clear CT: 0.1 ms]
   [Other: 0.5 ms]
      [Choose CSet: 0.0 ms]
      [Ref Proc: 0.0 ms]
      [Ref Enq: 0.0 ms]
      [Redirty Cards: 0.2 ms]
      [Humongous Register: 0.0 ms]
      [Humongous Reclaim: 0.0 ms]
      [Free CSet: 0.1 ms]
   [Eden: 143.0M(143.0M)->0.0B(103.0M) Survivors: 29.0M->22.0M Heap: 1593.4M(2048.0M)->1503.5M(2048.0M)]
 [Times: user=0.63 sys=0.00, real=0.16 secs] 
34.072: [GC pause (G1 Evacuation Pause) (young), 0.0807695 secs]
   [Parallel Time: 80.4 ms, GC Workers: 4]
      [GC Worker Start (ms): Min: 34072.1, Avg: 34072.1, Max: 34072.1, Diff: 0.0]
      [Ext Root Scanning (ms): Min: 0.2, Avg: 0.2, Max: 0.2, Diff: 0.0, Sum: 0.8]
      [Update RS (ms): Min: 18.5, Avg: 18.6, Max: 18.8, Diff: 0.3, Sum: 74.4]
         [Processed Buffers: Min: 29, Avg: 30.0, Max: 31, Diff: 2, Sum: 120]
      [Scan RS (ms): Min: 3.1, Avg: 3.3, Max: 3.4, Diff: 0.3, Sum: 13.3]
      [Code Root Scanning (ms): Min: 0.0, Avg: 0.0, Max: 0.0, Diff: 0.0, Sum: 0.0]
      [Object Copy (ms): Min: 58.2, Avg: 58.2, Max: 58.2, Diff: 0.0, Sum: 232.7]
      [Termination (ms): Min: 0.0, Avg: 0.0, Max: 0.0, Diff: 0.0, Sum: 0.1]
         [Termination Attempts: Min: 38, Avg: 166.8, Max: 222, Diff: 184, Sum: 667]
      [GC Worker Other (ms): Min: 0.0, Avg: 0.0, Max: 0.0, Diff: 0.0, Sum: 0.0]
      [GC Worker Total (ms): Min: 80.3, Avg: 80.3, Max: 80.3, Diff: 0.0, Sum: 321.3]
      [GC Worker End (ms): Min: 34152.4, Avg: 34152.4, Max: 34152.4, Diff: 0.0]
   [Code Root Fixup: 0.0 ms]
   [Code Root Purge: 0.0 ms]
   [Clear CT: 0.0 ms]
   [Other: 0.4 ms]
      [Choose CSet: 0.0 ms]
      [Ref Proc: 0.0 ms]
      [Ref Enq: 0.0 ms]
      [Redirty Cards: 0.1 ms]
      [Humongous Register: 0.0 ms]
      [Humongous Reclaim: 0.0 ms]
      [Free CSet: 0.1 ms]
   [Eden: 103.0M(103.0M)->0.0B(86.0M) Survivors: 22.0M->16.0M Heap: 1606.5M(2048.0M)->1542.0M(2048.0M)]
 [Times: user=0.31 sys=0.00, real=0.08 secs] 
34.248: [GC pause (G1 Evacuation Pause) (young), 0.0791953 secs]
   [Parallel Time: 78.8 ms, GC Workers: 4]
      [GC Worker Start (ms): Min: 34248.3, Avg: 34248.3, Max: 34248.3, Diff: 0.1]
      [Ext Root Scanning (ms): Min: 0.2, Avg: 0.2, Max: 0.2, Diff: 0.1, Sum: 0.8]
      [Update RS (ms): Min: 17.9, Avg: 18.0, Max: 18.2, Diff: 0.4, Sum: 72.0]
         [Processed Buffers: Min: 31, Avg: 32.5, Max: 34, Diff: 3, Sum: 130]
      [Scan RS (ms): Min: 1.6, Avg: 1.9, Max: 2.0, Diff: 0.4, Sum: 7.4]
      [Code Root Scanning (ms): Min: 0.0, Avg: 0.0, Max: 0.0, Diff: 0.0, Sum: 0.0]
      [Object Copy (ms): Min: 58.7, Avg: 58.7, Max: 58.7, Diff: 0.0, Sum: 234.8]
      [Termination (ms): Min: 0.0, Avg: 0.0, Max: 0.0, Diff: 0.0, Sum: 0.0]
         [Termination Attempts: Min: 3, Avg: 4.0, Max: 5, Diff: 2, Sum: 16]
      [GC Worker Other (ms): Min: 0.0, Avg: 0.0, Max: 0.0, Diff: 0.0, Sum: 0.0]
      [GC Worker Total (ms): Min: 78.8, Avg: 78.8, Max: 78.8, Diff: 0.1, Sum: 315.2]
      [GC Worker End (ms): Min: 34327.1, Avg: 34327.1, Max: 34327.1, Diff: 0.0]
   [Code Root Fixup: 0.0 ms]
   [Code Root Purge: 0.0 ms]
   [Clear CT: 0.0 ms]
   [Other: 0.3 ms]
      [Choose CSet: 0.0 ms]
      [Ref Proc: 0.0 ms]
      [Ref Enq: 0.0 ms]
      [Redirty Cards: 0.1 ms]
      [Humongous Register: 0.1 ms]
      [Humongous Reclaim: 0.0 ms]
      [Free CSet: 0.1 ms]
   [Eden: 86.0M(86.0M)->0.0B(89.0M) Survivors: 16.0M->13.0M Heap: 1628.0M(2048.0M)->1574.6M(2048.0M)]
 [Times: user=0.30 sys=0.00, real=0.08 secs] 
34.411: [GC pause (G1 Evacuation Pause) (young), 0.0585317 secs]
   [Parallel Time: 58.2 ms, GC Workers: 4]
      [GC Worker Start (ms): Min: 34411.5, Avg: 34411.5, Max: 34411.5, Diff: 0.0]
      [Ext Root Scanning (ms): Min: 0.2, Avg: 0.2, Max: 0.2, Diff: 0.0, Sum: 0.8]
      [Update RS (ms): Min: 17.8, Avg: 18.0, Max: 18.2, Diff: 0.3, Sum: 71.9]
         [Processed Buffers: Min: 35, Avg: 35.8, Max: 38, Diff: 3, Sum: 143]
      [Scan RS (ms): Min: 0.0, Avg: 0.1, Max: 0.2, Diff: 0.2, Sum: 0.4]
      [Code Root Scanning (ms): Min: 0.0, Avg: 0.0, Max: 0.0, Diff: 0.0, Sum: 0.0]
      [Object Copy (ms): Min: 39.8, Avg: 39.8, Max: 39.9, Diff: 0.1, Sum: 159.4]
      [Termination (ms): Min: 0.0, Avg: 0.0, Max: 0.0, Diff: 0.0, Sum: 0.0]
         [Termination Attempts: Min: 1, Avg: 1.8, Max: 3, Diff: 2, Sum: 7]
      [GC Worker Other (ms): Min: 0.0, Avg: 0.0, Max: 0.0, Diff: 0.0, Sum: 0.0]
      [GC Worker Total (ms): Min: 58.1, Avg: 58.1, Max: 58.1, Diff: 0.0, Sum: 232.5]
      [GC Worker End (ms): Min: 34469.6, Avg: 34469.6, Max: 34469.6, Diff: 0.0]
   [Code Root Fixup: 0.0 ms]
   [Code Root Purge: 0.0 ms]
   [Clear CT: 0.0 ms]
   [Other: 0.3 ms]
      [Choose CSet: 0.0 ms]
      [Ref Proc: 0.0 ms]
      [Ref Enq: 0.0 ms]
      [Redirty Cards: 0.1 ms]
      [Humongous Register: 0.0 ms]
      [Humongous Reclaim: 0.0 ms]
      [Free CSet: 0.1 ms]
   [Eden: 89.0M(89.0M)->0.0B(89.0M) Survivors: 13.0M->13.0M Heap: 1663.6M(2048.0M)->1606.5M(2048.0M)]
 [Times: user=0.25 sys=0.00, real=0.06 secs] 
34.552: [GC pause (G1 Evacuation Pause) (young), 0.0937453 secs]
   [Parallel Time: 93.4 ms, GC Workers: 4]
      [GC Worker Start (ms): Min: 34552.5, Avg: 34552.5, Max: 34552.5, Diff: 0.0]
      [Ext Root Scanning (ms): Min: 0.2, Avg: 0.2, Max: 0.2, Diff: 0.0, Sum: 0.8]
      [Update RS (ms): Min: 32.7, Avg: 32.9, Max: 33.1, Diff: 0.4, Sum: 131.4]
         [Processed Buffers: Min: 59, Avg: 59.8, Max: 61, Diff: 2, Sum: 239]
      [Scan RS (ms): Min: 0.0, Avg: 0.0, Max: 0.0, Diff: 0.0, Sum: 0.0]
      [Code Root Scanning (ms): Min: 0.0, Avg: 0.0, Max: 0.0, Diff: 0.0, Sum: 0.0]
      [Object Copy (ms): Min: 60.1, Avg: 60.3, Max: 60.4, Diff: 0.4, Sum: 241.1]
      [Termination (ms): Min: 0.0, Avg: 0.0, Max: 0.0, Diff: 0.0, Sum: 0.0]
         [Termination Attempts: Min: 15, Avg: 18.8, Max: 22, Diff: 7, Sum: 75]
      [GC Worker Other (ms): Min: 0.0, Avg: 0.0, Max: 0.0, Diff: 0.0, Sum: 0.0]
      [GC Worker Total (ms): Min: 93.3, Avg: 93.4, Max: 93.4, Diff: 0.0, Sum: 373.4]
      [GC Worker End (ms): Min: 34645.9, Avg: 34645.9, Max: 34645.9, Diff: 0.0]
   [Code Root Fixup: 0.0 ms]
   [Code Root Purge: 0.0 ms]
   [Clear CT: 0.0 ms]
   [Other: 0.3 ms]
      [Choose CSet: 0.0 ms]
      [Ref Proc: 0.0 ms]
      [Ref Enq: 0.0 ms]
      [Redirty Cards: 0.1 ms]
      [Humongous Register: 0.0 ms]
      [Humongous Reclaim: 0.0 ms]
      [Free CSet: 0.1 ms]
   [Eden: 89.0M(89.0M)->0.0B(89.0M) Survivors: 13.0M->13.0M Heap: 1695.5M(2048.0M)->1638.8M(2048.0M)]
 [Times: user=0.38 sys=0.00, real=0.09 secs] 
34.728: [GC pause (G1 Evacuation Pause) (young), 0.0793563 secs]
   [Parallel Time: 79.0 ms, GC Workers: 4]
      [GC Worker Start (ms): Min: 34728.5, Avg: 34728.5, Max: 34728.5, Diff: 0.0]
      [Ext Root Scanning (ms): Min: 0.2, Avg: 0.2, Max: 0.2, Diff: 0.0, Sum: 0.8]
      [Update RS (ms): Min: 21.5, Avg: 21.6, Max: 21.7, Diff: 0.2, Sum: 86.5]
         [Processed Buffers: Min: 34, Avg: 34.8, Max: 36, Diff: 2, Sum: 139]
      [Scan RS (ms): Min: 0.0, Avg: 0.0, Max: 0.1, Diff: 0.1, Sum: 0.1]
      [Code Root Scanning (ms): Min: 0.0, Avg: 0.0, Max: 0.0, Diff: 0.0, Sum: 0.0]
      [Object Copy (ms): Min: 57.1, Avg: 57.1, Max: 57.2, Diff: 0.2, Sum: 228.5]
      [Termination (ms): Min: 0.0, Avg: 0.0, Max: 0.0, Diff: 0.0, Sum: 0.0]
         [Termination Attempts: Min: 3, Avg: 4.3, Max: 5, Diff: 2, Sum: 17]
      [GC Worker Other (ms): Min: 0.0, Avg: 0.0, Max: 0.0, Diff: 0.0, Sum: 0.0]
      [GC Worker Total (ms): Min: 79.0, Avg: 79.0, Max: 79.0, Diff: 0.0, Sum: 315.9]
      [GC Worker End (ms): Min: 34807.5, Avg: 34807.5, Max: 34807.5, Diff: 0.0]
   [Code Root Fixup: 0.0 ms]
   [Code Root Purge: 0.0 ms]
   [Clear CT: 0.0 ms]
   [Other: 0.3 ms]
      [Choose CSet: 0.0 ms]
      [Ref Proc: 0.0 ms]
      [Ref Enq: 0.0 ms]
      [Redirty Cards: 0.1 ms]
      [Humongous Register: 0.0 ms]
      [Humongous Reclaim: 0.0 ms]
      [Free CSet: 0.1 ms]
   [Eden: 89.0M(89.0M)->0.0B(89.0M) Survivors: 13.0M->13.0M Heap: 1727.8M(2048.0M)->1672.8M(2048.0M)]
 [Times: user=0.30 sys=0.00, real=0.08 secs] 
34.901: [GC pause (G1 Evacuation Pause) (young), 0.0805911 secs]
   [Parallel Time: 80.2 ms, GC Workers: 4]
      [GC Worker Start (ms): Min: 34901.2, Avg: 34901.2, Max: 34901.2, Diff: 0.0]
      [Ext Root Scanning (ms): Min: 0.2, Avg: 0.2, Max: 0.2, Diff: 0.0, Sum: 0.8]
      [Update RS (ms): Min: 20.3, Avg: 20.6, Max: 20.9, Diff: 0.6, Sum: 82.5]
         [Processed Buffers: Min: 30, Avg: 31.5, Max: 34, Diff: 4, Sum: 126]
      [Scan RS (ms): Min: 0.0, Avg: 0.0, Max: 0.1, Diff: 0.1, Sum: 0.1]
      [Code Root Scanning (ms): Min: 0.0, Avg: 0.0, Max: 0.0, Diff: 0.0, Sum: 0.0]
      [Object Copy (ms): Min: 59.1, Avg: 59.3, Max: 59.5, Diff: 0.5, Sum: 237.3]
      [Termination (ms): Min: 0.0, Avg: 0.0, Max: 0.0, Diff: 0.0, Sum: 0.0]
         [Termination Attempts: Min: 22, Avg: 27.3, Max: 33, Diff: 11, Sum: 109]
      [GC Worker Other (ms): Min: 0.0, Avg: 0.0, Max: 0.0, Diff: 0.0, Sum: 0.0]
      [GC Worker Total (ms): Min: 80.2, Avg: 80.2, Max: 80.2, Diff: 0.0, Sum: 320.8]
      [GC Worker End (ms): Min: 34981.4, Avg: 34981.4, Max: 34981.4, Diff: 0.0]
   [Code Root Fixup: 0.0 ms]
   [Code Root Purge: 0.0 ms]
   [Clear CT: 0.0 ms]
   [Other: 0.3 ms]
      [Choose CSet: 0.0 ms]
      [Ref Proc: 0.0 ms]
      [Ref Enq: 0.0 ms]
      [Redirty Cards: 0.1 ms]
      [Humongous Register: 0.0 ms]
      [Humongous Reclaim: 0.0 ms]
      [Free CSet: 0.1 ms]
   [Eden: 89.0M(89.0M)->0.0B(89.0M) Survivors: 13.0M->13.0M Heap: 1761.8M(2048.0M)->1705.9M(2048.0M)]
 [Times: user=0.31 sys=0.00, real=0.08 secs] 
35.076: [GC pause (G1 Evacuation Pause) (young), 0.0755607 secs]
   [Parallel Time: 75.2 ms, GC Workers: 4]
      [GC Worker Start (ms): Min: 35076.4, Avg: 35076.4, Max: 35076.5, Diff: 0.0]
      [Ext Root Scanning (ms): Min: 0.2, Avg: 0.2, Max: 0.2, Diff: 0.0, Sum: 0.8]
      [Update RS (ms): Min: 17.8, Avg: 17.9, Max: 18.1, Diff: 0.4, Sum: 71.6]
         [Processed Buffers: Min: 27, Avg: 28.0, Max: 29, Diff: 2, Sum: 112]
      [Scan RS (ms): Min: 0.0, Avg: 0.0, Max: 0.0, Diff: 0.0, Sum: 0.1]
      [Code Root Scanning (ms): Min: 0.0, Avg: 0.0, Max: 0.0, Diff: 0.0, Sum: 0.0]
      [Object Copy (ms): Min: 56.9, Avg: 57.1, Max: 57.2, Diff: 0.3, Sum: 228.4]
      [Termination (ms): Min: 0.0, Avg: 0.0, Max: 0.0, Diff: 0.0, Sum: 0.0]
         [Termination Attempts: Min: 13, Avg: 16.3, Max: 19, Diff: 6, Sum: 65]
      [GC Worker Other (ms): Min: 0.0, Avg: 0.0, Max: 0.0, Diff: 0.0, Sum: 0.0]
      [GC Worker Total (ms): Min: 75.2, Avg: 75.2, Max: 75.2, Diff: 0.0, Sum: 300.9]
      [GC Worker End (ms): Min: 35151.7, Avg: 35151.7, Max: 35151.7, Diff: 0.0]
   [Code Root Fixup: 0.0 ms]
   [Code Root Purge: 0.0 ms]
   [Clear CT: 0.0 ms]
   [Other: 0.3 ms]
      [Choose CSet: 0.0 ms]
      [Ref Proc: 0.0 ms]
      [Ref Enq: 0.0 ms]
      [Redirty Cards: 0.1 ms]
      [Humongous Register: 0.0 ms]
      [Humongous Reclaim: 0.0 ms]
      [Free CSet: 0.1 ms]
   [Eden: 89.0M(89.0M)->0.0B(89.0M) Survivors: 13.0M->13.0M Heap: 1794.9M(2048.0M)->1738.6M(2048.0M)]
 [Times: user=0.31 sys=0.00, real=0.08 secs] 
35.234: [GC pause (G1 Evacuation Pause) (young) (to-space exhausted), 0.0997896 secs]
   [Parallel Time: 92.5 ms, GC Workers: 4]
      [GC Worker Start (ms): Min: 35234.3, Avg: 35234.3, Max: 35234.3, Diff: 0.0]
      [Ext Root Scanning (ms): Min: 0.2, Avg: 0.2, Max: 0.2, Diff: 0.0, Sum: 0.8]
      [Update RS (ms): Min: 18.8, Avg: 18.9, Max: 19.0, Diff: 0.2, Sum: 75.7]
         [Processed Buffers: Min: 30, Avg: 31.0, Max: 33, Diff: 3, Sum: 124]
      [Scan RS (ms): Min: 1.5, Avg: 1.6, Max: 1.7, Diff: 0.2, Sum: 6.3]
      [Code Root Scanning (ms): Min: 0.0, Avg: 0.0, Max: 0.0, Diff: 0.0, Sum: 0.0]
      [Object Copy (ms): Min: 71.4, Avg: 71.5, Max: 71.7, Diff: 0.4, Sum: 285.9]
      [Termination (ms): Min: 0.0, Avg: 0.3, Max: 0.4, Diff: 0.4, Sum: 1.1]
         [Termination Attempts: Min: 1, Avg: 1.0, Max: 1, Diff: 0, Sum: 4]
      [GC Worker Other (ms): Min: 0.0, Avg: 0.0, Max: 0.0, Diff: 0.0, Sum: 0.0]
      [GC Worker Total (ms): Min: 92.4, Avg: 92.4, Max: 92.5, Diff: 0.0, Sum: 369.8]
      [GC Worker End (ms): Min: 35326.8, Avg: 35326.8, Max: 35326.8, Diff: 0.0]
   [Code Root Fixup: 0.0 ms]
   [Code Root Purge: 0.0 ms]
   [Clear CT: 0.0 ms]
   [Other: 7.3 ms]
      [Evacuation Failure: 6.9 ms]
      [Choose CSet: 0.0 ms]
      [Ref Proc: 0.0 ms]
      [Ref Enq: 0.0 ms]
      [Redirty Cards: 0.1 ms]
      [Humongous Register: 0.0 ms]
      [Humongous Reclaim: 0.0 ms]
      [Free CSet: 0.1 ms]
   [Eden: 89.0M(89.0M)->0.0B(91.0M) Survivors: 13.0M->11.0M Heap: 1827.6M(2048.0M)->1809.1M(2048.0M)]
 [Times: user=0.24 sys=0.00, real=0.10 secs] 
35.372: [GC pause (G1 Evacuation Pause) (young) (to-space exhausted), 0.0814154 secs]
   [Parallel Time: 73.3 ms, GC Workers: 4]
      [GC Worker Start (ms): Min: 35372.4, Avg: 35372.4, Max: 35372.5, Diff: 0.0]
      [Ext Root Scanning (ms): Min: 0.2, Avg: 0.2, Max: 0.2, Diff: 0.1, Sum: 0.9]
      [Update RS (ms): Min: 12.7, Avg: 17.1, Max: 18.6, Diff: 5.9, Sum: 68.5]
         [Processed Buffers: Min: 25, Avg: 34.0, Max: 39, Diff: 14, Sum: 136]
      [Scan RS (ms): Min: 1.4, Avg: 1.4, Max: 1.5, Diff: 0.1, Sum: 5.7]
      [Code Root Scanning (ms): Min: 0.0, Avg: 0.0, Max: 0.0, Diff: 0.0, Sum: 0.0]
      [Object Copy (ms): Min: 28.3, Avg: 36.0, Max: 53.0, Diff: 24.7, Sum: 144.1]
      [Termination (ms): Min: 0.0, Avg: 18.5, Max: 24.6, Diff: 24.6, Sum: 73.9]
         [Termination Attempts: Min: 1, Avg: 284.8, Max: 397, Diff: 396, Sum: 1139]
      [GC Worker Other (ms): Min: 0.0, Avg: 0.0, Max: 0.0, Diff: 0.0, Sum: 0.0]
      [GC Worker Total (ms): Min: 73.2, Avg: 73.2, Max: 73.3, Diff: 0.0, Sum: 293.0]
      [GC Worker End (ms): Min: 35445.7, Avg: 35445.7, Max: 35445.7, Diff: 0.0]
   [Code Root Fixup: 0.0 ms]
   [Code Root Purge: 0.0 ms]
   [Clear CT: 0.0 ms]
   [Other: 8.1 ms]
      [Evacuation Failure: 7.8 ms]
      [Choose CSet: 0.0 ms]
      [Ref Proc: 0.0 ms]
      [Ref Enq: 0.0 ms]
      [Redirty Cards: 0.1 ms]
      [Humongous Register: 0.0 ms]
      [Humongous Reclaim: 0.0 ms]
      [Free CSet: 0.0 ms]
   [Eden: 40.0M(91.0M)->0.0B(102.0M) Survivors: 11.0M->0.0B Heap: 1849.1M(2048.0M)->1845.1M(2048.0M)]
 [Times: user=0.25 sys=0.00, real=0.08 secs] 
35.467: [GC pause (G1 Evacuation Pause) (young) (to-space exhausted), 0.0213744 secs]
   [Parallel Time: 20.5 ms, GC Workers: 4]
      [GC Worker Start (ms): Min: 35467.4, Avg: 35467.4, Max: 35467.4, Diff: 0.0]
      [Ext Root Scanning (ms): Min: 0.2, Avg: 0.2, Max: 0.2, Diff: 0.0, Sum: 0.8]
      [Update RS (ms): Min: 17.1, Avg: 17.2, Max: 17.3, Diff: 0.2, Sum: 68.6]
         [Processed Buffers: Min: 40, Avg: 41.5, Max: 43, Diff: 3, Sum: 166]
      [Scan RS (ms): Min: 0.0, Avg: 0.0, Max: 0.0, Diff: 0.0, Sum: 0.0]
      [Code Root Scanning (ms): Min: 0.0, Avg: 0.0, Max: 0.0, Diff: 0.0, Sum: 0.0]
      [Object Copy (ms): Min: 1.9, Avg: 2.6, Max: 3.2, Diff: 1.3, Sum: 10.4]
      [Termination (ms): Min: 0.0, Avg: 0.5, Max: 1.3, Diff: 1.3, Sum: 1.9]
         [Termination Attempts: Min: 1, Avg: 1.0, Max: 1, Diff: 0, Sum: 4]
      [GC Worker Other (ms): Min: 0.0, Avg: 0.0, Max: 0.0, Diff: 0.0, Sum: 0.0]
      [GC Worker Total (ms): Min: 20.4, Avg: 20.5, Max: 20.5, Diff: 0.0, Sum: 81.8]
      [GC Worker End (ms): Min: 35487.9, Avg: 35487.9, Max: 35487.9, Diff: 0.0]
   [Code Root Fixup: 0.0 ms]
   [Code Root Purge: 0.0 ms]
   [Clear CT: 0.0 ms]
   [Other: 0.9 ms]
      [Evacuation Failure: 0.7 ms]
      [Choose CSet: 0.0 ms]
      [Ref Proc: 0.1 ms]
      [Ref Enq: 0.0 ms]
      [Redirty Cards: 0.0 ms]
      [Humongous Register: 0.0 ms]
      [Humongous Reclaim: 0.0 ms]
      [Free CSet: 0.0 ms]
   [Eden: 4096.0K(102.0M)->0.0B(102.0M) Survivors: 0.0B->0.0B Heap: 1849.1M(2048.0M)->1849.1M(2048.0M)]
 [Times: user=0.06 sys=0.00, real=0.02 secs] 
35.489: [Full GC (Allocation Failure)  1849M->1199M(2048M), 1.6402703 secs]
   [Eden: 0.0B(102.0M)->0.0B(332.0M) Survivors: 0.0B->0.0B Heap: 1849.1M(2048.0M)->1199.2M(2048.0M)], [Metaspace: 9181K->9181K(1058816K)]
 [Times: user=3.20 sys=0.00, real=1.64 secs] 
37.129: [GC concurrent-mark-abort]
37.441: [GC pause (G1 Evacuation Pause) (young), 0.1591581 secs]
   [Parallel Time: 158.6 ms, GC Workers: 4]
      [GC Worker Start (ms): Min: 37441.2, Avg: 37441.2, Max: 37441.2, Diff: 0.0]
      [Ext Root Scanning (ms): Min: 0.2, Avg: 0.2, Max: 0.2, Diff: 0.0, Sum: 0.8]
      [Update RS (ms): Min: 0.0, Avg: 0.1, Max: 0.3, Diff: 0.3, Sum: 0.4]
         [Processed Buffers: Min: 0, Avg: 1.3, Max: 2, Diff: 2, Sum: 5]
      [Scan RS (ms): Min: 0.0, Avg: 0.0, Max: 0.1, Diff: 0.1, Sum: 0.2]
      [Code Root Scanning (ms): Min: 0.0, Avg: 0.0, Max: 0.0, Diff: 0.0, Sum: 0.0]
      [Object Copy (ms): Min: 157.9, Avg: 158.1, Max: 158.2, Diff: 0.3, Sum: 632.5]
      [Termination (ms): Min: 0.0, Avg: 0.0, Max: 0.0, Diff: 0.0, Sum: 0.0]
         [Termination Attempts: Min: 27, Avg: 29.5, Max: 33, Diff: 6, Sum: 118]
      [GC Worker Other (ms): Min: 0.0, Avg: 0.0, Max: 0.0, Diff: 0.0, Sum: 0.1]
      [GC Worker Total (ms): Min: 158.5, Avg: 158.5, Max: 158.5, Diff: 0.0, Sum: 633.9]
      [GC Worker End (ms): Min: 37599.6, Avg: 37599.7, Max: 37599.7, Diff: 0.0]
   [Code Root Fixup: 0.0 ms]
   [Code Root Purge: 0.0 ms]
   [Clear CT: 0.1 ms]
   [Other: 0.5 ms]
      [Choose CSet: 0.0 ms]
      [Ref Proc: 0.0 ms]
      [Ref Enq: 0.0 ms]
      [Redirty Cards: 0.1 ms]
      [Humongous Register: 0.0 ms]
      [Humongous Reclaim: 0.0 ms]
      [Free CSet: 0.2 ms]
   [Eden: 332.0M(332.0M)->0.0B(239.0M) Survivors: 0.0B->42.0M Heap: 1531.2M(2048.0M)->1320.8M(2048.0M)]
 [Times: user=0.55 sys=0.00, real=0.16 secs] 
37.730: [GC pause (G1 Evacuation Pause) (young) (initial-mark), 0.1586286 secs]
   [Parallel Time: 158.0 ms, GC Workers: 4]
      [GC Worker Start (ms): Min: 37729.8, Avg: 37729.9, Max: 37730.1, Diff: 0.3]
      [Ext Root Scanning (ms): Min: 0.0, Avg: 1.3, Max: 4.7, Diff: 4.7, Sum: 5.2]
      [Update RS (ms): Min: 21.2, Avg: 24.6, Max: 25.8, Diff: 4.6, Sum: 98.3]
         [Processed Buffers: Min: 37, Avg: 41.3, Max: 43, Diff: 6, Sum: 165]
      [Scan RS (ms): Min: 6.0, Avg: 6.2, Max: 6.7, Diff: 0.8, Sum: 24.8]
      [Code Root Scanning (ms): Min: 0.0, Avg: 0.0, Max: 0.0, Diff: 0.0, Sum: 0.0]
      [Object Copy (ms): Min: 125.3, Avg: 125.8, Max: 126.0, Diff: 0.6, Sum: 503.1]
      [Termination (ms): Min: 0.0, Avg: 0.0, Max: 0.0, Diff: 0.0, Sum: 0.0]
         [Termination Attempts: Min: 6, Avg: 9.0, Max: 13, Diff: 7, Sum: 36]
      [GC Worker Other (ms): Min: 0.0, Avg: 0.0, Max: 0.0, Diff: 0.0, Sum: 0.1]
      [GC Worker Total (ms): Min: 157.7, Avg: 157.9, Max: 158.0, Diff: 0.3, Sum: 631.5]
      [GC Worker End (ms): Min: 37887.7, Avg: 37887.7, Max: 37887.7, Diff: 0.0]
   [Code Root Fixup: 0.0 ms]
   [Code Root Purge: 0.0 ms]
   [Clear CT: 0.0 ms]
   [Other: 0.6 ms]
      [Choose CSet: 0.0 ms]
      [Ref Proc: 0.0 ms]
      [Ref Enq: 0.0 ms]
      [Redirty Cards: 0.2 ms]
      [Humongous Register: 0.0 ms]
      [Humongous Reclaim: 0.0 ms]
      [Free CSet: 0.2 ms]
   [Eden: 119.0M(60.0M)->0.0B(183.0M) Survivors: 42.0M->13.0M Heap: 1439.8M(2048.0M)->1362.6M(2048.0M)]
 [Times: user=0.59 sys=0.00, real=0.16 secs] 
37.888: [GC concurrent-root-region-scan-start]
37.916: [GC concurrent-root-region-scan-end, 0.0279495 secs]
37.916: [GC concurrent-mark-start]
38.126: [GC pause (G1 Evacuation Pause) (young), 0.1359584 secs]
   [Parallel Time: 135.4 ms, GC Workers: 4]
      [GC Worker Start (ms): Min: 38126.3, Avg: 38126.4, Max: 38126.4, Diff: 0.0]
      [Ext Root Scanning (ms): Min: 0.2, Avg: 0.2, Max: 0.2, Diff: 0.0, Sum: 0.8]
      [Update RS (ms): Min: 22.1, Avg: 22.2, Max: 22.4, Diff: 0.3, Sum: 88.7]
         [Processed Buffers: Min: 35, Avg: 36.8, Max: 38, Diff: 3, Sum: 147]
      [Scan RS (ms): Min: 4.2, Avg: 4.5, Max: 4.6, Diff: 0.4, Sum: 17.9]
      [Code Root Scanning (ms): Min: 0.0, Avg: 0.0, Max: 0.0, Diff: 0.0, Sum: 0.0]
      [Object Copy (ms): Min: 108.3, Avg: 108.5, Max: 108.5, Diff: 0.2, Sum: 433.8]
      [Termination (ms): Min: 0.0, Avg: 0.0, Max: 0.0, Diff: 0.0, Sum: 0.1]
         [Termination Attempts: Min: 1, Avg: 9.8, Max: 16, Diff: 15, Sum: 39]
      [GC Worker Other (ms): Min: 0.0, Avg: 0.0, Max: 0.0, Diff: 0.0, Sum: 0.0]
      [GC Worker Total (ms): Min: 135.3, Avg: 135.3, Max: 135.4, Diff: 0.0, Sum: 541.4]
      [GC Worker End (ms): Min: 38261.7, Avg: 38261.7, Max: 38261.7, Diff: 0.0]
   [Code Root Fixup: 0.0 ms]
   [Code Root Purge: 0.0 ms]
   [Clear CT: 0.1 ms]
   [Other: 0.5 ms]
      [Choose CSet: 0.0 ms]
      [Ref Proc: 0.1 ms]
      [Ref Enq: 0.0 ms]
      [Redirty Cards: 0.2 ms]
      [Humongous Register: 0.0 ms]
      [Humongous Reclaim: 0.0 ms]
      [Free CSet: 0.1 ms]
   [Eden: 183.0M(183.0M)->0.0B(157.0M) Survivors: 13.0M->25.0M Heap: 1545.6M(2048.0M)->1428.6M(2048.0M)]
 [Times: user=0.48 sys=0.00, real=0.14 secs] 
38.370: [GC pause (G1 Evacuation Pause) (young), 0.1193659 secs]
   [Parallel Time: 118.8 ms, GC Workers: 4]
      [GC Worker Start (ms): Min: 38369.7, Avg: 38369.7, Max: 38369.7, Diff: 0.0]
      [Ext Root Scanning (ms): Min: 0.2, Avg: 0.4, Max: 1.1, Diff: 0.9, Sum: 1.7]
      [Update RS (ms): Min: 15.8, Avg: 16.3, Max: 16.5, Diff: 0.8, Sum: 65.3]
         [Processed Buffers: Min: 31, Avg: 33.3, Max: 36, Diff: 5, Sum: 133]
      [Scan RS (ms): Min: 15.6, Avg: 15.9, Max: 16.4, Diff: 0.8, Sum: 63.5]
      [Code Root Scanning (ms): Min: 0.0, Avg: 0.0, Max: 0.0, Diff: 0.0, Sum: 0.0]
      [Object Copy (ms): Min: 85.7, Avg: 86.2, Max: 86.4, Diff: 0.7, Sum: 344.7]
      [Termination (ms): Min: 0.0, Avg: 0.0, Max: 0.0, Diff: 0.0, Sum: 0.0]
         [Termination Attempts: Min: 14, Avg: 19.3, Max: 27, Diff: 13, Sum: 77]
      [GC Worker Other (ms): Min: 0.0, Avg: 0.0, Max: 0.0, Diff: 0.0, Sum: 0.0]
      [GC Worker Total (ms): Min: 118.8, Avg: 118.8, Max: 118.8, Diff: 0.0, Sum: 475.3]
      [GC Worker End (ms): Min: 38488.5, Avg: 38488.5, Max: 38488.5, Diff: 0.0]
   [Code Root Fixup: 0.0 ms]
   [Code Root Purge: 0.0 ms]
   [Clear CT: 0.0 ms]
   [Other: 0.5 ms]
      [Choose CSet: 0.0 ms]
      [Ref Proc: 0.0 ms]
      [Ref Enq: 0.0 ms]
      [Redirty Cards: 0.2 ms]
      [Humongous Register: 0.0 ms]
      [Humongous Reclaim: 0.0 ms]
      [Free CSet: 0.1 ms]
   [Eden: 82.0M(82.0M)->0.0B(135.0M) Survivors: 25.0M->14.0M Heap: 1510.6M(2048.0M)->1459.0M(2048.0M)]
 [Times: user=0.34 sys=0.03, real=0.12 secs] 
38.654: [GC pause (G1 Evacuation Pause) (young), 0.1193717 secs]
   [Parallel Time: 119.0 ms, GC Workers: 4]
      [GC Worker Start (ms): Min: 38653.7, Avg: 38653.7, Max: 38653.7, Diff: 0.0]
      [Ext Root Scanning (ms): Min: 0.2, Avg: 0.3, Max: 0.7, Diff: 0.5, Sum: 1.3]
      [Update RS (ms): Min: 30.2, Avg: 30.7, Max: 31.0, Diff: 0.8, Sum: 122.7]
         [Processed Buffers: Min: 60, Avg: 61.0, Max: 62, Diff: 2, Sum: 244]
      [Scan RS (ms): Min: 0.0, Avg: 0.3, Max: 0.4, Diff: 0.3, Sum: 1.1]
      [Code Root Scanning (ms): Min: 0.0, Avg: 0.0, Max: 0.0, Diff: 0.0, Sum: 0.0]
      [Object Copy (ms): Min: 87.7, Avg: 87.7, Max: 87.7, Diff: 0.0, Sum: 350.7]
      [Termination (ms): Min: 0.0, Avg: 0.0, Max: 0.0, Diff: 0.0, Sum: 0.0]
         [Termination Attempts: Min: 33, Avg: 67.5, Max: 91, Diff: 58, Sum: 270]
      [GC Worker Other (ms): Min: 0.0, Avg: 0.0, Max: 0.0, Diff: 0.0, Sum: 0.0]
      [GC Worker Total (ms): Min: 118.9, Avg: 119.0, Max: 119.0, Diff: 0.0, Sum: 475.8]
      [GC Worker End (ms): Min: 38772.6, Avg: 38772.6, Max: 38772.6, Diff: 0.0]
   [Code Root Fixup: 0.0 ms]
   [Code Root Purge: 0.0 ms]
   [Clear CT: 0.0 ms]
   [Other: 0.3 ms]
      [Choose CSet: 0.0 ms]
      [Ref Proc: 0.0 ms]
      [Ref Enq: 0.0 ms]
      [Redirty Cards: 0.1 ms]
      [Humongous Register: 0.0 ms]
      [Humongous Reclaim: 0.0 ms]
      [Free CSet: 0.1 ms]
   [Eden: 135.0M(135.0M)->0.0B(100.0M) Survivors: 14.0M->19.0M Heap: 1594.0M(2048.0M)->1506.2M(2048.0M)]
 [Times: user=0.48 sys=0.00, real=0.12 secs] 
38.879: [GC pause (G1 Evacuation Pause) (young), 0.0765088 secs]
   [Parallel Time: 76.0 ms, GC Workers: 4]
      [GC Worker Start (ms): Min: 38879.1, Avg: 38879.1, Max: 38879.1, Diff: 0.0]
      [Ext Root Scanning (ms): Min: 0.2, Avg: 0.7, Max: 2.3, Diff: 2.1, Sum: 2.9]
      [Update RS (ms): Min: 16.1, Avg: 17.7, Max: 18.5, Diff: 2.4, Sum: 70.8]
         [Processed Buffers: Min: 31, Avg: 32.0, Max: 33, Diff: 2, Sum: 128]
      [Scan RS (ms): Min: 1.5, Avg: 1.7, Max: 1.8, Diff: 0.4, Sum: 6.8]
      [Code Root Scanning (ms): Min: 0.0, Avg: 0.0, Max: 0.0, Diff: 0.0, Sum: 0.0]
      [Object Copy (ms): Min: 55.8, Avg: 55.8, Max: 55.9, Diff: 0.1, Sum: 223.4]
      [Termination (ms): Min: 0.0, Avg: 0.0, Max: 0.1, Diff: 0.0, Sum: 0.1]
         [Termination Attempts: Min: 18, Avg: 384.3, Max: 643, Diff: 625, Sum: 1537]
      [GC Worker Other (ms): Min: 0.0, Avg: 0.0, Max: 0.0, Diff: 0.0, Sum: 0.0]
      [GC Worker Total (ms): Min: 76.0, Avg: 76.0, Max: 76.0, Diff: 0.0, Sum: 304.1]
      [GC Worker End (ms): Min: 38955.1, Avg: 38955.1, Max: 38955.1, Diff: 0.0]
   [Code Root Fixup: 0.0 ms]
   [Code Root Purge: 0.0 ms]
   [Clear CT: 0.1 ms]
   [Other: 0.4 ms]
      [Choose CSet: 0.0 ms]
      [Ref Proc: 0.0 ms]
      [Ref Enq: 0.0 ms]
      [Redirty Cards: 0.1 ms]
      [Humongous Register: 0.0 ms]
      [Humongous Reclaim: 0.0 ms]
      [Free CSet: 0.1 ms]
   [Eden: 100.0M(100.0M)->0.0B(87.0M) Survivors: 19.0M->15.0M Heap: 1606.2M(2048.0M)->1542.0M(2048.0M)]
 [Times: user=0.26 sys=0.00, real=0.08 secs] 
39.055: [GC pause (G1 Evacuation Pause) (young), 0.0867298 secs]
   [Parallel Time: 86.4 ms, GC Workers: 4]
      [GC Worker Start (ms): Min: 39055.3, Avg: 39055.3, Max: 39055.3, Diff: 0.0]
      [Ext Root Scanning (ms): Min: 0.2, Avg: 0.2, Max: 0.2, Diff: 0.0, Sum: 0.8]
      [Update RS (ms): Min: 17.7, Avg: 17.8, Max: 18.0, Diff: 0.4, Sum: 71.1]
         [Processed Buffers: Min: 33, Avg: 35.3, Max: 37, Diff: 4, Sum: 141]
      [Scan RS (ms): Min: 0.2, Avg: 0.4, Max: 0.5, Diff: 0.4, Sum: 1.7]
      [Code Root Scanning (ms): Min: 0.0, Avg: 0.0, Max: 0.0, Diff: 0.0, Sum: 0.0]
      [Object Copy (ms): Min: 67.9, Avg: 67.9, Max: 68.0, Diff: 0.0, Sum: 271.8]
      [Termination (ms): Min: 0.0, Avg: 0.0, Max: 0.0, Diff: 0.0, Sum: 0.0]
         [Termination Attempts: Min: 33, Avg: 36.8, Max: 42, Diff: 9, Sum: 147]
      [GC Worker Other (ms): Min: 0.0, Avg: 0.0, Max: 0.0, Diff: 0.0, Sum: 0.0]
      [GC Worker Total (ms): Min: 86.4, Avg: 86.4, Max: 86.4, Diff: 0.0, Sum: 345.5]
      [GC Worker End (ms): Min: 39141.7, Avg: 39141.7, Max: 39141.7, Diff: 0.0]
   [Code Root Fixup: 0.0 ms]
   [Code Root Purge: 0.0 ms]
   [Clear CT: 0.0 ms]
   [Other: 0.3 ms]
      [Choose CSet: 0.0 ms]
      [Ref Proc: 0.0 ms]
      [Ref Enq: 0.0 ms]
      [Redirty Cards: 0.1 ms]
      [Humongous Register: 0.0 ms]
      [Humongous Reclaim: 0.0 ms]
      [Free CSet: 0.1 ms]
   [Eden: 87.0M(87.0M)->0.0B(89.0M) Survivors: 15.0M->13.0M Heap: 1629.0M(2048.0M)->1575.1M(2048.0M)]
 [Times: user=0.31 sys=0.00, real=0.09 secs] 
39.229: [GC pause (G1 Evacuation Pause) (young), 0.0764812 secs]
   [Parallel Time: 76.1 ms, GC Workers: 4]
      [GC Worker Start (ms): Min: 39228.8, Avg: 39228.8, Max: 39228.8, Diff: 0.0]
      [Ext Root Scanning (ms): Min: 0.2, Avg: 0.2, Max: 0.2, Diff: 0.0, Sum: 0.8]
      [Update RS (ms): Min: 29.0, Avg: 29.2, Max: 29.5, Diff: 0.5, Sum: 116.9]
         [Processed Buffers: Min: 50, Avg: 52.8, Max: 55, Diff: 5, Sum: 211]
      [Scan RS (ms): Min: 0.0, Avg: 0.0, Max: 0.0, Diff: 0.0, Sum: 0.0]
      [Code Root Scanning (ms): Min: 0.0, Avg: 0.0, Max: 0.0, Diff: 0.0, Sum: 0.0]
      [Object Copy (ms): Min: 46.4, Avg: 46.6, Max: 46.8, Diff: 0.5, Sum: 186.5]
      [Termination (ms): Min: 0.0, Avg: 0.0, Max: 0.0, Diff: 0.0, Sum: 0.0]
         [Termination Attempts: Min: 13, Avg: 14.8, Max: 17, Diff: 4, Sum: 59]
      [GC Worker Other (ms): Min: 0.0, Avg: 0.0, Max: 0.0, Diff: 0.0, Sum: 0.0]
      [GC Worker Total (ms): Min: 76.1, Avg: 76.1, Max: 76.1, Diff: 0.0, Sum: 304.3]
      [GC Worker End (ms): Min: 39304.8, Avg: 39304.8, Max: 39304.9, Diff: 0.0]
   [Code Root Fixup: 0.0 ms]
   [Code Root Purge: 0.0 ms]
   [Clear CT: 0.0 ms]
   [Other: 0.3 ms]
      [Choose CSet: 0.0 ms]
      [Ref Proc: 0.0 ms]
      [Ref Enq: 0.0 ms]
      [Redirty Cards: 0.1 ms]
      [Humongous Register: 0.0 ms]
      [Humongous Reclaim: 0.0 ms]
      [Free CSet: 0.1 ms]
   [Eden: 89.0M(89.0M)->0.0B(89.0M) Survivors: 13.0M->13.0M Heap: 1664.1M(2048.0M)->1607.6M(2048.0M)]
 [Times: user=0.30 sys=0.00, real=0.08 secs] 
39.391: [GC pause (G1 Evacuation Pause) (young), 0.0847155 secs]
   [Parallel Time: 84.3 ms, GC Workers: 4]
      [GC Worker Start (ms): Min: 39391.2, Avg: 39391.2, Max: 39391.2, Diff: 0.0]
      [Ext Root Scanning (ms): Min: 0.2, Avg: 0.3, Max: 0.6, Diff: 0.4, Sum: 1.2]
      [Update RS (ms): Min: 19.2, Avg: 19.4, Max: 19.5, Diff: 0.3, Sum: 77.6]
         [Processed Buffers: Min: 33, Avg: 34.3, Max: 37, Diff: 4, Sum: 137]
      [Scan RS (ms): Min: 0.7, Avg: 1.8, Max: 4.8, Diff: 4.1, Sum: 7.1]
      [Code Root Scanning (ms): Min: 0.0, Avg: 0.0, Max: 0.0, Diff: 0.0, Sum: 0.0]
      [Object Copy (ms): Min: 59.7, Avg: 62.8, Max: 63.9, Diff: 4.2, Sum: 251.3]
      [Termination (ms): Min: 0.0, Avg: 0.0, Max: 0.0, Diff: 0.0, Sum: 0.1]
         [Termination Attempts: Min: 27, Avg: 32.0, Max: 37, Diff: 10, Sum: 128]
      [GC Worker Other (ms): Min: 0.0, Avg: 0.0, Max: 0.0, Diff: 0.0, Sum: 0.0]
      [GC Worker Total (ms): Min: 84.3, Avg: 84.3, Max: 84.3, Diff: 0.0, Sum: 337.3]
      [GC Worker End (ms): Min: 39475.5, Avg: 39475.5, Max: 39475.5, Diff: 0.0]
   [Code Root Fixup: 0.0 ms]
   [Code Root Purge: 0.0 ms]
   [Clear CT: 0.0 ms]
   [Other: 0.3 ms]
      [Choose CSet: 0.0 ms]
      [Ref Proc: 0.0 ms]
      [Ref Enq: 0.0 ms]
      [Redirty Cards: 0.1 ms]
      [Humongous Register: 0.0 ms]
      [Humongous Reclaim: 0.0 ms]
      [Free CSet: 0.1 ms]
   [Eden: 89.0M(89.0M)->0.0B(89.0M) Survivors: 13.0M->13.0M Heap: 1696.6M(2048.0M)->1638.1M(2048.0M)]
 [Times: user=0.30 sys=0.00, real=0.08 secs] 
39.562: [GC pause (G1 Evacuation Pause) (young), 0.1060344 secs]
   [Parallel Time: 105.6 ms, GC Workers: 4]
      [GC Worker Start (ms): Min: 39562.0, Avg: 39562.0, Max: 39562.0, Diff: 0.0]
      [Ext Root Scanning (ms): Min: 0.2, Avg: 0.2, Max: 0.2, Diff: 0.0, Sum: 0.7]
      [Update RS (ms): Min: 32.6, Avg: 33.3, Max: 35.0, Diff: 2.4, Sum: 133.3]
         [Processed Buffers: Min: 54, Avg: 54.8, Max: 56, Diff: 2, Sum: 219]
      [Scan RS (ms): Min: 0.0, Avg: 0.0, Max: 0.1, Diff: 0.1, Sum: 0.1]
      [Code Root Scanning (ms): Min: 0.0, Avg: 0.0, Max: 0.0, Diff: 0.0, Sum: 0.0]
      [Object Copy (ms): Min: 70.3, Avg: 72.0, Max: 72.7, Diff: 2.4, Sum: 288.0]
      [Termination (ms): Min: 0.0, Avg: 0.0, Max: 0.0, Diff: 0.0, Sum: 0.1]
         [Termination Attempts: Min: 16, Avg: 366.0, Max: 491, Diff: 475, Sum: 1464]
      [GC Worker Other (ms): Min: 0.0, Avg: 0.0, Max: 0.0, Diff: 0.0, Sum: 0.0]
      [GC Worker Total (ms): Min: 105.6, Avg: 105.6, Max: 105.6, Diff: 0.0, Sum: 422.3]
      [GC Worker End (ms): Min: 39667.6, Avg: 39667.6, Max: 39667.6, Diff: 0.0]
   [Code Root Fixup: 0.0 ms]
   [Code Root Purge: 0.0 ms]
   [Clear CT: 0.0 ms]
   [Other: 0.4 ms]
      [Choose CSet: 0.0 ms]
      [Ref Proc: 0.0 ms]
      [Ref Enq: 0.0 ms]
      [Redirty Cards: 0.1 ms]
      [Humongous Register: 0.0 ms]
      [Humongous Reclaim: 0.0 ms]
      [Free CSet: 0.1 ms]
   [Eden: 89.0M(89.0M)->0.0B(89.0M) Survivors: 13.0M->13.0M Heap: 1727.1M(2048.0M)->1671.7M(2048.0M)]
 [Times: user=0.44 sys=0.00, real=0.11 secs] 
39.763: [GC pause (G1 Evacuation Pause) (young), 0.0744532 secs]
   [Parallel Time: 74.1 ms, GC Workers: 4]
      [GC Worker Start (ms): Min: 39763.4, Avg: 39763.4, Max: 39763.4, Diff: 0.0]
      [Ext Root Scanning (ms): Min: 0.2, Avg: 0.2, Max: 0.2, Diff: 0.0, Sum: 0.8]
      [Update RS (ms): Min: 20.4, Avg: 20.6, Max: 20.9, Diff: 0.5, Sum: 82.4]
         [Processed Buffers: Min: 33, Avg: 34.0, Max: 36, Diff: 3, Sum: 136]
      [Scan RS (ms): Min: 2.3, Avg: 3.0, Max: 4.1, Diff: 1.8, Sum: 12.0]
      [Code Root Scanning (ms): Min: 0.0, Avg: 0.0, Max: 0.0, Diff: 0.0, Sum: 0.0]
      [Object Copy (ms): Min: 49.0, Avg: 50.2, Max: 50.7, Diff: 1.6, Sum: 200.9]
      [Termination (ms): Min: 0.0, Avg: 0.0, Max: 0.1, Diff: 0.1, Sum: 0.2]
         [Termination Attempts: Min: 11, Avg: 197.5, Max: 300, Diff: 289, Sum: 790]
      [GC Worker Other (ms): Min: 0.0, Avg: 0.0, Max: 0.0, Diff: 0.0, Sum: 0.0]
      [GC Worker Total (ms): Min: 74.1, Avg: 74.1, Max: 74.1, Diff: 0.0, Sum: 296.3]
      [GC Worker End (ms): Min: 39837.5, Avg: 39837.5, Max: 39837.5, Diff: 0.0]
   [Code Root Fixup: 0.0 ms]
   [Code Root Purge: 0.0 ms]
   [Clear CT: 0.0 ms]
   [Other: 0.3 ms]
      [Choose CSet: 0.0 ms]
      [Ref Proc: 0.0 ms]
      [Ref Enq: 0.0 ms]
      [Redirty Cards: 0.1 ms]
      [Humongous Register: 0.0 ms]
      [Humongous Reclaim: 0.0 ms]
      [Free CSet: 0.1 ms]
   [Eden: 89.0M(89.0M)->0.0B(89.0M) Survivors: 13.0M->13.0M Heap: 1760.7M(2048.0M)->1704.8M(2048.0M)]
 [Times: user=0.31 sys=0.00, real=0.08 secs] 
39.934: [GC pause (G1 Evacuation Pause) (young), 0.0803374 secs]
   [Parallel Time: 80.0 ms, GC Workers: 4]
      [GC Worker Start (ms): Min: 39933.6, Avg: 39933.6, Max: 39933.6, Diff: 0.0]
      [Ext Root Scanning (ms): Min: 0.2, Avg: 0.3, Max: 0.6, Diff: 0.5, Sum: 1.2]
      [Update RS (ms): Min: 14.7, Avg: 15.1, Max: 15.4, Diff: 0.7, Sum: 60.3]
         [Processed Buffers: Min: 28, Avg: 30.0, Max: 31, Diff: 3, Sum: 120]
      [Scan RS (ms): Min: 0.0, Avg: 0.0, Max: 0.0, Diff: 0.0, Sum: 0.1]
      [Code Root Scanning (ms): Min: 0.0, Avg: 0.0, Max: 0.0, Diff: 0.0, Sum: 0.0]
      [Object Copy (ms): Min: 64.3, Avg: 64.6, Max: 64.6, Diff: 0.3, Sum: 258.2]
      [Termination (ms): Min: 0.0, Avg: 0.0, Max: 0.0, Diff: 0.0, Sum: 0.0]
         [Termination Attempts: Min: 9, Avg: 18.3, Max: 27, Diff: 18, Sum: 73]
      [GC Worker Other (ms): Min: 0.0, Avg: 0.0, Max: 0.0, Diff: 0.0, Sum: 0.0]
      [GC Worker Total (ms): Min: 79.9, Avg: 80.0, Max: 80.0, Diff: 0.0, Sum: 319.8]
      [GC Worker End (ms): Min: 40013.6, Avg: 40013.6, Max: 40013.6, Diff: 0.0]
   [Code Root Fixup: 0.0 ms]
   [Code Root Purge: 0.0 ms]
   [Clear CT: 0.0 ms]
   [Other: 0.3 ms]
      [Choose CSet: 0.0 ms]
      [Ref Proc: 0.0 ms]
      [Ref Enq: 0.0 ms]
      [Redirty Cards: 0.1 ms]
      [Humongous Register: 0.0 ms]
      [Humongous Reclaim: 0.0 ms]
      [Free CSet: 0.1 ms]
   [Eden: 89.0M(89.0M)->0.0B(89.0M) Survivors: 13.0M->13.0M Heap: 1793.8M(2048.0M)->1737.7M(2048.0M)]
 [Times: user=0.27 sys=0.00, real=0.08 secs] 
40.096: [GC pause (G1 Evacuation Pause) (young) (to-space exhausted), 0.1086962 secs]
   [Parallel Time: 100.5 ms, GC Workers: 4]
      [GC Worker Start (ms): Min: 40095.6, Avg: 40095.6, Max: 40095.6, Diff: 0.0]
      [Ext Root Scanning (ms): Min: 0.2, Avg: 0.2, Max: 0.2, Diff: 0.0, Sum: 0.8]
      [Update RS (ms): Min: 25.8, Avg: 25.9, Max: 26.1, Diff: 0.3, Sum: 103.7]
         [Processed Buffers: Min: 45, Avg: 45.5, Max: 46, Diff: 1, Sum: 182]
      [Scan RS (ms): Min: 0.0, Avg: 0.0, Max: 0.0, Diff: 0.0, Sum: 0.0]
      [Code Root Scanning (ms): Min: 0.0, Avg: 0.0, Max: 0.0, Diff: 0.0, Sum: 0.0]
      [Object Copy (ms): Min: 73.2, Avg: 73.8, Max: 74.5, Diff: 1.2, Sum: 295.1]
      [Termination (ms): Min: 0.0, Avg: 0.6, Max: 1.0, Diff: 1.0, Sum: 2.3]
         [Termination Attempts: Min: 1, Avg: 1.0, Max: 1, Diff: 0, Sum: 4]
      [GC Worker Other (ms): Min: 0.0, Avg: 0.0, Max: 0.0, Diff: 0.0, Sum: 0.0]
      [GC Worker Total (ms): Min: 100.5, Avg: 100.5, Max: 100.5, Diff: 0.0, Sum: 402.1]
      [GC Worker End (ms): Min: 40196.1, Avg: 40196.1, Max: 40196.1, Diff: 0.0]
   [Code Root Fixup: 0.0 ms]
   [Code Root Purge: 0.0 ms]
   [Clear CT: 0.0 ms]
   [Other: 8.1 ms]
      [Evacuation Failure: 7.8 ms]
      [Choose CSet: 0.0 ms]
      [Ref Proc: 0.0 ms]
      [Ref Enq: 0.0 ms]
      [Redirty Cards: 0.1 ms]
      [Humongous Register: 0.0 ms]
      [Humongous Reclaim: 0.0 ms]
      [Free CSet: 0.1 ms]
   [Eden: 89.0M(89.0M)->0.0B(89.0M) Survivors: 13.0M->13.0M Heap: 1826.7M(2048.0M)->1816.2M(2048.0M)]
 [Times: user=0.27 sys=0.00, real=0.11 secs] 
40.244: [GC pause (G1 Evacuation Pause) (young) (to-space exhausted), 0.0639778 secs]
   [Parallel Time: 56.4 ms, GC Workers: 4]
      [GC Worker Start (ms): Min: 40244.4, Avg: 40244.4, Max: 40244.4, Diff: 0.0]
      [Ext Root Scanning (ms): Min: 0.2, Avg: 0.2, Max: 0.2, Diff: 0.0, Sum: 0.9]
      [Update RS (ms): Min: 6.6, Avg: 12.1, Max: 14.0, Diff: 7.5, Sum: 48.5]
         [Processed Buffers: Min: 16, Avg: 30.3, Max: 37, Diff: 21, Sum: 121]
      [Scan RS (ms): Min: 1.4, Avg: 1.5, Max: 1.6, Diff: 0.1, Sum: 6.0]
      [Code Root Scanning (ms): Min: 0.0, Avg: 0.0, Max: 0.0, Diff: 0.0, Sum: 0.0]
      [Object Copy (ms): Min: 39.3, Avg: 41.8, Max: 48.1, Diff: 8.8, Sum: 167.1]
      [Termination (ms): Min: 0.0, Avg: 0.8, Max: 1.3, Diff: 1.3, Sum: 3.0]
         [Termination Attempts: Min: 1, Avg: 279.3, Max: 476, Diff: 475, Sum: 1117]
      [GC Worker Other (ms): Min: 0.0, Avg: 0.0, Max: 0.0, Diff: 0.0, Sum: 0.0]
      [GC Worker Total (ms): Min: 56.4, Avg: 56.4, Max: 56.4, Diff: 0.0, Sum: 225.6]
      [GC Worker End (ms): Min: 40300.8, Avg: 40300.8, Max: 40300.8, Diff: 0.0]
   [Code Root Fixup: 0.0 ms]
   [Code Root Purge: 0.0 ms]
   [Clear CT: 0.0 ms]
   [Other: 7.5 ms]
      [Evacuation Failure: 7.3 ms]
      [Choose CSet: 0.0 ms]
      [Ref Proc: 0.0 ms]
      [Ref Enq: 0.0 ms]
      [Redirty Cards: 0.1 ms]
      [Humongous Register: 0.0 ms]
      [Humongous Reclaim: 0.0 ms]
      [Free CSet: 0.0 ms]
   [Eden: 31.0M(89.0M)->0.0B(102.0M) Survivors: 13.0M->0.0B Heap: 1847.2M(2048.0M)->1843.2M(2048.0M)]
 [Times: user=0.20 sys=0.00, real=0.06 secs] 
40.321: [GC pause (G1 Evacuation Pause) (young) (to-space exhausted), 0.0202027 secs]
   [Parallel Time: 19.4 ms, GC Workers: 4]
      [GC Worker Start (ms): Min: 40321.4, Avg: 40321.4, Max: 40321.4, Diff: 0.0]
      [Ext Root Scanning (ms): Min: 0.2, Avg: 0.2, Max: 0.2, Diff: 0.0, Sum: 0.8]
      [Update RS (ms): Min: 16.1, Avg: 16.3, Max: 16.5, Diff: 0.4, Sum: 65.3]
         [Processed Buffers: Min: 35, Avg: 38.0, Max: 41, Diff: 6, Sum: 152]
      [Scan RS (ms): Min: 0.0, Avg: 0.0, Max: 0.0, Diff: 0.0, Sum: 0.0]
      [Code Root Scanning (ms): Min: 0.0, Avg: 0.0, Max: 0.0, Diff: 0.0, Sum: 0.0]
      [Object Copy (ms): Min: 1.3, Avg: 2.1, Max: 2.7, Diff: 1.4, Sum: 8.2]
      [Termination (ms): Min: 0.0, Avg: 0.8, Max: 1.8, Diff: 1.8, Sum: 3.2]
         [Termination Attempts: Min: 1, Avg: 1.0, Max: 1, Diff: 0, Sum: 4]
      [GC Worker Other (ms): Min: 0.0, Avg: 0.0, Max: 0.0, Diff: 0.0, Sum: 0.0]
      [GC Worker Total (ms): Min: 19.4, Avg: 19.4, Max: 19.4, Diff: 0.0, Sum: 77.5]
      [GC Worker End (ms): Min: 40340.7, Avg: 40340.7, Max: 40340.7, Diff: 0.0]
   [Code Root Fixup: 0.0 ms]
   [Code Root Purge: 0.0 ms]
   [Clear CT: 0.0 ms]
   [Other: 0.8 ms]
      [Evacuation Failure: 0.7 ms]
      [Choose CSet: 0.0 ms]
      [Ref Proc: 0.0 ms]
      [Ref Enq: 0.0 ms]
      [Redirty Cards: 0.0 ms]
      [Humongous Register: 0.0 ms]
      [Humongous Reclaim: 0.0 ms]
      [Free CSet: 0.0 ms]
   [Eden: 4096.0K(102.0M)->0.0B(102.0M) Survivors: 0.0B->0.0B Heap: 1847.2M(2048.0M)->1847.2M(2048.0M)]
 [Times: user=0.06 sys=0.00, real=0.02 secs] 
40.342: [Full GC (Allocation Failure)  1847M->1197M(2048M), 1.6008380 secs]
   [Eden: 0.0B(102.0M)->0.0B(305.0M) Survivors: 0.0B->0.0B Heap: 1847.2M(2048.0M)->1197.7M(2048.0M)], [Metaspace: 9203K->9203K(1058816K)]
 [Times: user=3.09 sys=0.00, real=1.60 secs] 
41.943: [GC concurrent-mark-abort]
42.216: [GC pause (G1 Evacuation Pause) (young), 0.1218706 secs]
   [Parallel Time: 121.3 ms, GC Workers: 4]
      [GC Worker Start (ms): Min: 42215.8, Avg: 42215.9, Max: 42215.9, Diff: 0.1]
      [Ext Root Scanning (ms): Min: 0.2, Avg: 0.2, Max: 0.3, Diff: 0.1, Sum: 0.9]
      [Update RS (ms): Min: 0.0, Avg: 0.0, Max: 0.2, Diff: 0.2, Sum: 0.2]
         [Processed Buffers: Min: 0, Avg: 1.0, Max: 2, Diff: 2, Sum: 4]
      [Scan RS (ms): Min: 0.0, Avg: 0.0, Max: 0.1, Diff: 0.0, Sum: 0.2]
      [Code Root Scanning (ms): Min: 0.0, Avg: 0.0, Max: 0.0, Diff: 0.0, Sum: 0.0]
      [Object Copy (ms): Min: 120.8, Avg: 120.9, Max: 120.9, Diff: 0.1, Sum: 483.6]
      [Termination (ms): Min: 0.0, Avg: 0.0, Max: 0.0, Diff: 0.0, Sum: 0.0]
         [Termination Attempts: Min: 4, Avg: 4.8, Max: 7, Diff: 3, Sum: 19]
      [GC Worker Other (ms): Min: 0.0, Avg: 0.0, Max: 0.0, Diff: 0.0, Sum: 0.1]
      [GC Worker Total (ms): Min: 121.2, Avg: 121.2, Max: 121.3, Diff: 0.1, Sum: 485.0]
      [GC Worker End (ms): Min: 42337.1, Avg: 42337.1, Max: 42337.1, Diff: 0.0]
   [Code Root Fixup: 0.0 ms]
   [Code Root Purge: 0.0 ms]
   [Clear CT: 0.1 ms]
   [Other: 0.5 ms]
      [Choose CSet: 0.0 ms]
      [Ref Proc: 0.0 ms]
      [Ref Enq: 0.0 ms]
      [Redirty Cards: 0.1 ms]
      [Humongous Register: 0.0 ms]
      [Humongous Reclaim: 0.0 ms]
      [Free CSet: 0.2 ms]
   [Eden: 305.0M(305.0M)->0.0B(245.0M) Survivors: 0.0B->39.0M Heap: 1502.7M(2048.0M)->1308.6M(2048.0M)]
 [Times: user=0.50 sys=0.00, real=0.12 secs] 
42.564: [GC pause (G1 Evacuation Pause) (young) (initial-mark), 0.1684650 secs]
   [Parallel Time: 167.8 ms, GC Workers: 4]
      [GC Worker Start (ms): Min: 42564.6, Avg: 42564.6, Max: 42564.6, Diff: 0.0]
      [Ext Root Scanning (ms): Min: 0.3, Avg: 0.3, Max: 0.3, Diff: 0.0, Sum: 1.1]
      [Update RS (ms): Min: 22.5, Avg: 22.5, Max: 22.6, Diff: 0.0, Sum: 90.2]
         [Processed Buffers: Min: 35, Avg: 36.3, Max: 39, Diff: 4, Sum: 145]
      [Scan RS (ms): Min: 1.9, Avg: 1.9, Max: 1.9, Diff: 0.1, Sum: 7.6]
      [Code Root Scanning (ms): Min: 0.0, Avg: 0.0, Max: 0.0, Diff: 0.0, Sum: 0.0]
      [Object Copy (ms): Min: 142.9, Avg: 143.0, Max: 143.0, Diff: 0.1, Sum: 571.9]
      [Termination (ms): Min: 0.0, Avg: 0.0, Max: 0.0, Diff: 0.0, Sum: 0.0]
         [Termination Attempts: Min: 23, Avg: 30.5, Max: 35, Diff: 12, Sum: 122]
      [GC Worker Other (ms): Min: 0.0, Avg: 0.0, Max: 0.0, Diff: 0.0, Sum: 0.1]
      [GC Worker Total (ms): Min: 167.7, Avg: 167.7, Max: 167.7, Diff: 0.0, Sum: 670.9]
      [GC Worker End (ms): Min: 42732.3, Avg: 42732.3, Max: 42732.3, Diff: 0.0]
   [Code Root Fixup: 0.0 ms]
   [Code Root Purge: 0.0 ms]
   [Clear CT: 0.1 ms]
   [Other: 0.6 ms]
      [Choose CSet: 0.0 ms]
      [Ref Proc: 0.0 ms]
      [Ref Enq: 0.0 ms]
      [Redirty Cards: 0.2 ms]
      [Humongous Register: 0.0 ms]
      [Humongous Reclaim: 0.0 ms]
      [Free CSet: 0.2 ms]
   [Eden: 245.0M(245.0M)->0.0B(182.0M) Survivors: 39.0M->36.0M Heap: 1553.6M(2048.0M)->1397.1M(2048.0M)]
 [Times: user=0.69 sys=0.00, real=0.17 secs] 
42.733: [GC concurrent-root-region-scan-start]
42.794: [GC concurrent-root-region-scan-end, 0.0613282 secs]
42.794: [GC concurrent-mark-start]
42.941: [GC pause (G1 Evacuation Pause) (young), 0.1544262 secs]
   [Parallel Time: 153.8 ms, GC Workers: 4]
      [GC Worker Start (ms): Min: 42940.9, Avg: 42941.0, Max: 42941.0, Diff: 0.0]
      [Ext Root Scanning (ms): Min: 0.2, Avg: 0.2, Max: 0.2, Diff: 0.0, Sum: 0.7]
      [Update RS (ms): Min: 17.3, Avg: 17.4, Max: 17.5, Diff: 0.1, Sum: 69.7]
         [Processed Buffers: Min: 31, Avg: 32.3, Max: 35, Diff: 4, Sum: 129]
      [Scan RS (ms): Min: 4.9, Avg: 5.0, Max: 5.0, Diff: 0.1, Sum: 19.8]
      [Code Root Scanning (ms): Min: 0.0, Avg: 0.0, Max: 0.0, Diff: 0.0, Sum: 0.0]
      [Object Copy (ms): Min: 131.1, Avg: 131.2, Max: 131.3, Diff: 0.2, Sum: 524.8]
      [Termination (ms): Min: 0.0, Avg: 0.0, Max: 0.0, Diff: 0.0, Sum: 0.0]
         [Termination Attempts: Min: 2, Avg: 2.5, Max: 3, Diff: 1, Sum: 10]
      [GC Worker Other (ms): Min: 0.0, Avg: 0.0, Max: 0.0, Diff: 0.0, Sum: 0.1]
      [GC Worker Total (ms): Min: 153.8, Avg: 153.8, Max: 153.8, Diff: 0.0, Sum: 615.2]
      [GC Worker End (ms): Min: 43094.8, Avg: 43094.8, Max: 43094.8, Diff: 0.0]
   [Code Root Fixup: 0.0 ms]
   [Code Root Purge: 0.0 ms]
   [Clear CT: 0.1 ms]
   [Other: 0.5 ms]
      [Choose CSet: 0.0 ms]
      [Ref Proc: 0.0 ms]
      [Ref Enq: 0.0 ms]
      [Redirty Cards: 0.2 ms]
      [Humongous Register: 0.0 ms]
      [Humongous Reclaim: 0.0 ms]
      [Free CSet: 0.2 ms]
   [Eden: 182.0M(182.0M)->0.0B(131.0M) Survivors: 36.0M->28.0M Heap: 1579.1M(2048.0M)->1465.3M(2048.0M)]
 [Times: user=0.61 sys=0.00, real=0.15 secs] 
43.235: [GC pause (G1 Evacuation Pause) (young), 0.1160203 secs]
   [Parallel Time: 115.5 ms, GC Workers: 4]
      [GC Worker Start (ms): Min: 43235.1, Avg: 43235.1, Max: 43235.1, Diff: 0.0]
      [Ext Root Scanning (ms): Min: 0.2, Avg: 0.2, Max: 0.2, Diff: 0.0, Sum: 0.7]
      [Update RS (ms): Min: 20.4, Avg: 20.6, Max: 20.8, Diff: 0.3, Sum: 82.2]
         [Processed Buffers: Min: 35, Avg: 35.5, Max: 37, Diff: 2, Sum: 142]
      [Scan RS (ms): Min: 5.5, Avg: 5.7, Max: 5.8, Diff: 0.3, Sum: 22.7]
      [Code Root Scanning (ms): Min: 0.0, Avg: 0.0, Max: 0.0, Diff: 0.0, Sum: 0.0]
      [Object Copy (ms): Min: 89.0, Avg: 89.0, Max: 89.0, Diff: 0.0, Sum: 356.1]
      [Termination (ms): Min: 0.0, Avg: 0.0, Max: 0.0, Diff: 0.0, Sum: 0.0]
         [Termination Attempts: Min: 8, Avg: 10.3, Max: 12, Diff: 4, Sum: 41]
      [GC Worker Other (ms): Min: 0.0, Avg: 0.0, Max: 0.0, Diff: 0.0, Sum: 0.1]
      [GC Worker Total (ms): Min: 115.4, Avg: 115.4, Max: 115.5, Diff: 0.0, Sum: 461.8]
      [GC Worker End (ms): Min: 43350.5, Avg: 43350.5, Max: 43350.5, Diff: 0.0]
   [Code Root Fixup: 0.0 ms]
   [Code Root Purge: 0.0 ms]
   [Clear CT: 0.1 ms]
   [Other: 0.5 ms]
      [Choose CSet: 0.0 ms]
      [Ref Proc: 0.1 ms]
      [Ref Enq: 0.0 ms]
      [Redirty Cards: 0.1 ms]
      [Humongous Register: 0.0 ms]
      [Humongous Reclaim: 0.0 ms]
      [Free CSet: 0.1 ms]
   [Eden: 131.0M(131.0M)->0.0B(97.0M) Survivors: 28.0M->20.0M Heap: 1596.3M(2048.0M)->1512.5M(2048.0M)]
 [Times: user=0.44 sys=0.02, real=0.12 secs] 
43.441: [GC pause (G1 Evacuation Pause) (young), 0.0943903 secs]
   [Parallel Time: 94.0 ms, GC Workers: 4]
      [GC Worker Start (ms): Min: 43440.7, Avg: 43440.7, Max: 43440.7, Diff: 0.0]
      [Ext Root Scanning (ms): Min: 0.2, Avg: 0.2, Max: 0.3, Diff: 0.1, Sum: 1.0]
      [Update RS (ms): Min: 17.5, Avg: 17.5, Max: 17.6, Diff: 0.1, Sum: 70.1]
         [Processed Buffers: Min: 30, Avg: 31.5, Max: 34, Diff: 4, Sum: 126]
      [Scan RS (ms): Min: 0.5, Avg: 0.6, Max: 0.6, Diff: 0.1, Sum: 2.2]
      [Code Root Scanning (ms): Min: 0.0, Avg: 0.0, Max: 0.0, Diff: 0.0, Sum: 0.0]
      [Object Copy (ms): Min: 75.4, Avg: 75.5, Max: 75.5, Diff: 0.1, Sum: 301.9]
      [Termination (ms): Min: 0.0, Avg: 0.0, Max: 0.0, Diff: 0.0, Sum: 0.0]
         [Termination Attempts: Min: 4, Avg: 7.3, Max: 9, Diff: 5, Sum: 29]
      [GC Worker Other (ms): Min: 0.0, Avg: 0.0, Max: 0.0, Diff: 0.0, Sum: 0.0]
      [GC Worker Total (ms): Min: 93.8, Avg: 93.8, Max: 93.8, Diff: 0.0, Sum: 375.2]
      [GC Worker End (ms): Min: 43534.5, Avg: 43534.5, Max: 43534.5, Diff: 0.0]
   [Code Root Fixup: 0.0 ms]
   [Code Root Purge: 0.0 ms]
   [Clear CT: 0.0 ms]
   [Other: 0.4 ms]
      [Choose CSet: 0.0 ms]
      [Ref Proc: 0.1 ms]
      [Ref Enq: 0.0 ms]
      [Redirty Cards: 0.1 ms]
      [Humongous Register: 0.0 ms]
      [Humongous Reclaim: 0.0 ms]
      [Free CSet: 0.1 ms]
   [Eden: 97.0M(97.0M)->0.0B(87.0M) Survivors: 20.0M->15.0M Heap: 1609.5M(2048.0M)->1546.7M(2048.0M)]
 [Times: user=0.34 sys=0.00, real=0.09 secs] 
43.620: [GC pause (G1 Evacuation Pause) (young), 0.0804972 secs]
   [Parallel Time: 80.1 ms, GC Workers: 4]
      [GC Worker Start (ms): Min: 43620.3, Avg: 43620.3, Max: 43620.3, Diff: 0.0]
      [Ext Root Scanning (ms): Min: 0.2, Avg: 0.2, Max: 0.2, Diff: 0.0, Sum: 0.7]
      [Update RS (ms): Min: 30.3, Avg: 30.6, Max: 30.8, Diff: 0.4, Sum: 122.4]
         [Processed Buffers: Min: 55, Avg: 55.5, Max: 57, Diff: 2, Sum: 222]
      [Scan RS (ms): Min: 0.0, Avg: 0.0, Max: 0.1, Diff: 0.1, Sum: 0.1]
      [Code Root Scanning (ms): Min: 0.0, Avg: 0.0, Max: 0.0, Diff: 0.0, Sum: 0.0]
      [Object Copy (ms): Min: 49.1, Avg: 49.3, Max: 49.5, Diff: 0.4, Sum: 197.1]
      [Termination (ms): Min: 0.0, Avg: 0.0, Max: 0.0, Diff: 0.0, Sum: 0.0]
         [Termination Attempts: Min: 19, Avg: 21.8, Max: 25, Diff: 6, Sum: 87]
      [GC Worker Other (ms): Min: 0.0, Avg: 0.0, Max: 0.0, Diff: 0.0, Sum: 0.0]
      [GC Worker Total (ms): Min: 80.1, Avg: 80.1, Max: 80.1, Diff: 0.0, Sum: 320.4]
      [GC Worker End (ms): Min: 43700.4, Avg: 43700.4, Max: 43700.4, Diff: 0.0]
   [Code Root Fixup: 0.0 ms]
   [Code Root Purge: 0.0 ms]
   [Clear CT: 0.0 ms]
   [Other: 0.3 ms]
      [Choose CSet: 0.0 ms]
      [Ref Proc: 0.0 ms]
      [Ref Enq: 0.0 ms]
      [Redirty Cards: 0.1 ms]
      [Humongous Register: 0.0 ms]
      [Humongous Reclaim: 0.0 ms]
      [Free CSet: 0.1 ms]
   [Eden: 87.0M(87.0M)->0.0B(89.0M) Survivors: 15.0M->13.0M Heap: 1633.7M(2048.0M)->1579.0M(2048.0M)]
 [Times: user=0.30 sys=0.01, real=0.08 secs] 
43.783: [GC pause (G1 Evacuation Pause) (young), 0.0607746 secs]
   [Parallel Time: 60.4 ms, GC Workers: 4]
      [GC Worker Start (ms): Min: 43783.0, Avg: 43783.0, Max: 43783.0, Diff: 0.0]
      [Ext Root Scanning (ms): Min: 0.2, Avg: 0.2, Max: 0.2, Diff: 0.0, Sum: 0.8]
      [Update RS (ms): Min: 16.0, Avg: 16.1, Max: 16.1, Diff: 0.1, Sum: 64.2]
         [Processed Buffers: Min: 29, Avg: 31.0, Max: 33, Diff: 4, Sum: 124]
      [Scan RS (ms): Min: 0.0, Avg: 0.0, Max: 0.1, Diff: 0.1, Sum: 0.1]
      [Code Root Scanning (ms): Min: 0.0, Avg: 0.0, Max: 0.0, Diff: 0.0, Sum: 0.0]
      [Object Copy (ms): Min: 44.0, Avg: 44.1, Max: 44.1, Diff: 0.1, Sum: 176.3]
      [Termination (ms): Min: 0.0, Avg: 0.0, Max: 0.0, Diff: 0.0, Sum: 0.1]
         [Termination Attempts: Min: 12, Avg: 228.0, Max: 316, Diff: 304, Sum: 912]
      [GC Worker Other (ms): Min: 0.0, Avg: 0.0, Max: 0.0, Diff: 0.0, Sum: 0.0]
      [GC Worker Total (ms): Min: 60.4, Avg: 60.4, Max: 60.4, Diff: 0.0, Sum: 241.6]
      [GC Worker End (ms): Min: 43843.4, Avg: 43843.4, Max: 43843.4, Diff: 0.0]
   [Code Root Fixup: 0.0 ms]
   [Code Root Purge: 0.0 ms]
   [Clear CT: 0.0 ms]
   [Other: 0.3 ms]
      [Choose CSet: 0.0 ms]
      [Ref Proc: 0.0 ms]
      [Ref Enq: 0.0 ms]
      [Redirty Cards: 0.1 ms]
      [Humongous Register: 0.0 ms]
      [Humongous Reclaim: 0.0 ms]
      [Free CSet: 0.1 ms]
   [Eden: 89.0M(89.0M)->0.0B(89.0M) Survivors: 13.0M->13.0M Heap: 1668.0M(2048.0M)->1611.6M(2048.0M)]
 [Times: user=0.25 sys=0.00, real=0.06 secs] 
43.923: [GC pause (G1 Evacuation Pause) (young), 0.0718699 secs]
   [Parallel Time: 71.5 ms, GC Workers: 4]
      [GC Worker Start (ms): Min: 43923.5, Avg: 43923.5, Max: 43923.5, Diff: 0.0]
      [Ext Root Scanning (ms): Min: 0.2, Avg: 0.2, Max: 0.2, Diff: 0.0, Sum: 0.8]
      [Update RS (ms): Min: 17.5, Avg: 17.7, Max: 17.8, Diff: 0.3, Sum: 70.6]
         [Processed Buffers: Min: 33, Avg: 34.0, Max: 35, Diff: 2, Sum: 136]
      [Scan RS (ms): Min: 0.5, Avg: 0.7, Max: 0.8, Diff: 0.3, Sum: 2.6]
      [Code Root Scanning (ms): Min: 0.0, Avg: 0.0, Max: 0.0, Diff: 0.0, Sum: 0.0]
      [Object Copy (ms): Min: 53.0, Avg: 53.0, Max: 53.0, Diff: 0.0, Sum: 211.9]
      [Termination (ms): Min: 0.0, Avg: 0.0, Max: 0.0, Diff: 0.0, Sum: 0.0]
         [Termination Attempts: Min: 1, Avg: 4.8, Max: 9, Diff: 8, Sum: 19]
      [GC Worker Other (ms): Min: 0.0, Avg: 0.0, Max: 0.0, Diff: 0.0, Sum: 0.0]
      [GC Worker Total (ms): Min: 71.5, Avg: 71.5, Max: 71.5, Diff: 0.0, Sum: 286.0]
      [GC Worker End (ms): Min: 43995.0, Avg: 43995.0, Max: 43995.0, Diff: 0.0]
   [Code Root Fixup: 0.0 ms]
   [Code Root Purge: 0.0 ms]
   [Clear CT: 0.0 ms]
   [Other: 0.3 ms]
      [Choose CSet: 0.0 ms]
      [Ref Proc: 0.0 ms]
      [Ref Enq: 0.0 ms]
      [Redirty Cards: 0.1 ms]
      [Humongous Register: 0.0 ms]
      [Humongous Reclaim: 0.0 ms]
      [Free CSet: 0.1 ms]
   [Eden: 89.0M(89.0M)->0.0B(89.0M) Survivors: 13.0M->13.0M Heap: 1700.6M(2048.0M)->1643.9M(2048.0M)]
 [Times: user=0.31 sys=0.00, real=0.07 secs] 
44.077: [GC pause (G1 Evacuation Pause) (young), 0.0815951 secs]
   [Parallel Time: 81.3 ms, GC Workers: 4]
      [GC Worker Start (ms): Min: 44077.4, Avg: 44077.4, Max: 44077.4, Diff: 0.0]
      [Ext Root Scanning (ms): Min: 0.2, Avg: 0.2, Max: 0.2, Diff: 0.0, Sum: 0.8]
      [Update RS (ms): Min: 31.0, Avg: 31.0, Max: 31.2, Diff: 0.3, Sum: 124.2]
         [Processed Buffers: Min: 54, Avg: 54.8, Max: 57, Diff: 3, Sum: 219]
      [Scan RS (ms): Min: 0.0, Avg: 0.0, Max: 0.0, Diff: 0.0, Sum: 0.0]
      [Code Root Scanning (ms): Min: 0.0, Avg: 0.0, Max: 0.0, Diff: 0.0, Sum: 0.0]
      [Object Copy (ms): Min: 49.8, Avg: 49.9, Max: 50.0, Diff: 0.2, Sum: 199.8]
      [Termination (ms): Min: 0.0, Avg: 0.0, Max: 0.0, Diff: 0.0, Sum: 0.0]
         [Termination Attempts: Min: 1, Avg: 1.0, Max: 1, Diff: 0, Sum: 4]
      [GC Worker Other (ms): Min: 0.0, Avg: 0.0, Max: 0.0, Diff: 0.0, Sum: 0.1]
      [GC Worker Total (ms): Min: 81.2, Avg: 81.2, Max: 81.2, Diff: 0.0, Sum: 324.8]
      [GC Worker End (ms): Min: 44158.6, Avg: 44158.6, Max: 44158.6, Diff: 0.0]
   [Code Root Fixup: 0.0 ms]
   [Code Root Purge: 0.0 ms]
   [Clear CT: 0.0 ms]
   [Other: 0.3 ms]
      [Choose CSet: 0.0 ms]
      [Ref Proc: 0.0 ms]
      [Ref Enq: 0.0 ms]
      [Redirty Cards: 0.1 ms]
      [Humongous Register: 0.0 ms]
      [Humongous Reclaim: 0.0 ms]
      [Free CSet: 0.1 ms]
   [Eden: 89.0M(89.0M)->0.0B(89.0M) Survivors: 13.0M->13.0M Heap: 1732.9M(2048.0M)->1674.8M(2048.0M)]
 [Times: user=0.31 sys=0.00, real=0.08 secs] 
44.240: [GC pause (G1 Evacuation Pause) (young), 0.0744134 secs]
   [Parallel Time: 74.1 ms, GC Workers: 4]
      [GC Worker Start (ms): Min: 44240.2, Avg: 44240.2, Max: 44240.2, Diff: 0.0]
      [Ext Root Scanning (ms): Min: 0.2, Avg: 0.2, Max: 0.2, Diff: 0.0, Sum: 0.8]
      [Update RS (ms): Min: 19.5, Avg: 19.7, Max: 20.0, Diff: 0.5, Sum: 78.9]
         [Processed Buffers: Min: 32, Avg: 33.5, Max: 35, Diff: 3, Sum: 134]
      [Scan RS (ms): Min: 0.0, Avg: 0.0, Max: 0.1, Diff: 0.0, Sum: 0.1]
      [Code Root Scanning (ms): Min: 0.0, Avg: 0.0, Max: 0.0, Diff: 0.0, Sum: 0.0]
      [Object Copy (ms): Min: 53.8, Avg: 54.1, Max: 54.2, Diff: 0.4, Sum: 216.3]
      [Termination (ms): Min: 0.0, Avg: 0.0, Max: 0.0, Diff: 0.0, Sum: 0.0]
         [Termination Attempts: Min: 6, Avg: 8.8, Max: 12, Diff: 6, Sum: 35]
      [GC Worker Other (ms): Min: 0.0, Avg: 0.0, Max: 0.0, Diff: 0.0, Sum: 0.0]
      [GC Worker Total (ms): Min: 74.0, Avg: 74.0, Max: 74.0, Diff: 0.0, Sum: 296.1]
      [GC Worker End (ms): Min: 44314.2, Avg: 44314.2, Max: 44314.2, Diff: 0.0]
   [Code Root Fixup: 0.0 ms]
   [Code Root Purge: 0.0 ms]
   [Clear CT: 0.0 ms]
   [Other: 0.3 ms]
      [Choose CSet: 0.0 ms]
      [Ref Proc: 0.0 ms]
      [Ref Enq: 0.0 ms]
      [Redirty Cards: 0.1 ms]
      [Humongous Register: 0.0 ms]
      [Humongous Reclaim: 0.0 ms]
      [Free CSet: 0.1 ms]
   [Eden: 89.0M(89.0M)->0.0B(89.0M) Survivors: 13.0M->13.0M Heap: 1763.8M(2048.0M)->1707.3M(2048.0M)]
 [Times: user=0.31 sys=0.00, real=0.08 secs] 
44.394: [GC pause (G1 Evacuation Pause) (young), 0.0818369 secs]
   [Parallel Time: 81.5 ms, GC Workers: 4]
      [GC Worker Start (ms): Min: 44393.9, Avg: 44393.9, Max: 44393.9, Diff: 0.0]
      [Ext Root Scanning (ms): Min: 0.2, Avg: 0.2, Max: 0.2, Diff: 0.0, Sum: 0.8]
      [Update RS (ms): Min: 22.9, Avg: 22.9, Max: 23.0, Diff: 0.1, Sum: 91.6]
         [Processed Buffers: Min: 36, Avg: 36.5, Max: 37, Diff: 1, Sum: 146]
      [Scan RS (ms): Min: 0.0, Avg: 0.0, Max: 0.0, Diff: 0.0, Sum: 0.1]
      [Code Root Scanning (ms): Min: 0.0, Avg: 0.0, Max: 0.0, Diff: 0.0, Sum: 0.0]
      [Object Copy (ms): Min: 58.2, Avg: 58.3, Max: 58.3, Diff: 0.1, Sum: 233.1]
      [Termination (ms): Min: 0.0, Avg: 0.0, Max: 0.0, Diff: 0.0, Sum: 0.1]
         [Termination Attempts: Min: 6, Avg: 21.3, Max: 37, Diff: 31, Sum: 85]
      [GC Worker Other (ms): Min: 0.0, Avg: 0.0, Max: 0.0, Diff: 0.0, Sum: 0.0]
      [GC Worker Total (ms): Min: 81.4, Avg: 81.4, Max: 81.5, Diff: 0.1, Sum: 325.8]
      [GC Worker End (ms): Min: 44475.3, Avg: 44475.4, Max: 44475.4, Diff: 0.0]
   [Code Root Fixup: 0.0 ms]
   [Code Root Purge: 0.0 ms]
   [Clear CT: 0.0 ms]
   [Other: 0.3 ms]
      [Choose CSet: 0.0 ms]
      [Ref Proc: 0.0 ms]
      [Ref Enq: 0.0 ms]
      [Redirty Cards: 0.1 ms]
      [Humongous Register: 0.0 ms]
      [Humongous Reclaim: 0.0 ms]
      [Free CSet: 0.1 ms]
   [Eden: 89.0M(89.0M)->0.0B(89.0M) Survivors: 13.0M->13.0M Heap: 1796.3M(2048.0M)->1739.4M(2048.0M)]
 [Times: user=0.30 sys=0.02, real=0.08 secs] 
44.559: [GC pause (G1 Evacuation Pause) (young) (to-space exhausted), 0.0819915 secs]
   [Parallel Time: 74.6 ms, GC Workers: 4]
      [GC Worker Start (ms): Min: 44558.9, Avg: 44558.9, Max: 44558.9, Diff: 0.0]
      [Ext Root Scanning (ms): Min: 0.2, Avg: 0.2, Max: 0.2, Diff: 0.0, Sum: 0.8]
      [Update RS (ms): Min: 23.7, Avg: 23.8, Max: 23.9, Diff: 0.3, Sum: 95.2]
         [Processed Buffers: Min: 45, Avg: 46.3, Max: 48, Diff: 3, Sum: 185]
      [Scan RS (ms): Min: 0.0, Avg: 0.0, Max: 0.0, Diff: 0.0, Sum: 0.1]
      [Code Root Scanning (ms): Min: 0.0, Avg: 0.0, Max: 0.0, Diff: 0.0, Sum: 0.0]
      [Object Copy (ms): Min: 50.5, Avg: 50.6, Max: 50.7, Diff: 0.2, Sum: 202.2]
      [Termination (ms): Min: 0.0, Avg: 0.0, Max: 0.0, Diff: 0.0, Sum: 0.0]
         [Termination Attempts: Min: 1, Avg: 1.0, Max: 1, Diff: 0, Sum: 4]
      [GC Worker Other (ms): Min: 0.0, Avg: 0.0, Max: 0.0, Diff: 0.0, Sum: 0.0]
      [GC Worker Total (ms): Min: 74.6, Avg: 74.6, Max: 74.6, Diff: 0.0, Sum: 298.3]
      [GC Worker End (ms): Min: 44633.5, Avg: 44633.5, Max: 44633.5, Diff: 0.0]
   [Code Root Fixup: 0.0 ms]
   [Code Root Purge: 0.0 ms]
   [Clear CT: 0.0 ms]
   [Other: 7.3 ms]
      [Evacuation Failure: 7.1 ms]
      [Choose CSet: 0.0 ms]
      [Ref Proc: 0.0 ms]
      [Ref Enq: 0.0 ms]
      [Redirty Cards: 0.1 ms]
      [Humongous Register: 0.0 ms]
      [Humongous Reclaim: 0.0 ms]
      [Free CSet: 0.0 ms]
   [Eden: 89.0M(89.0M)->0.0B(89.0M) Survivors: 13.0M->13.0M Heap: 1828.4M(2048.0M)->1802.7M(2048.0M)]
 [Times: user=0.22 sys=0.00, real=0.08 secs] 
44.682: [GC pause (G1 Evacuation Pause) (young) (to-space exhausted), 0.0724498 secs]
   [Parallel Time: 62.4 ms, GC Workers: 4]
      [GC Worker Start (ms): Min: 44681.8, Avg: 44681.8, Max: 44681.8, Diff: 0.0]
      [Ext Root Scanning (ms): Min: 0.2, Avg: 0.2, Max: 0.2, Diff: 0.0, Sum: 0.8]
      [Update RS (ms): Min: 0.0, Avg: 11.6, Max: 15.6, Diff: 15.6, Sum: 46.5]
         [Processed Buffers: Min: 0, Avg: 29.5, Max: 41, Diff: 41, Sum: 118]
      [Scan RS (ms): Min: 0.0, Avg: 0.0, Max: 0.0, Diff: 0.0, Sum: 0.1]
      [Code Root Scanning (ms): Min: 0.0, Avg: 0.0, Max: 0.0, Diff: 0.0, Sum: 0.0]
      [Object Copy (ms): Min: 45.2, Avg: 50.0, Max: 62.2, Diff: 17.0, Sum: 199.8]
      [Termination (ms): Min: 0.0, Avg: 0.6, Max: 1.4, Diff: 1.4, Sum: 2.3]
         [Termination Attempts: Min: 1, Avg: 1.0, Max: 1, Diff: 0, Sum: 4]
      [GC Worker Other (ms): Min: 0.0, Avg: 0.0, Max: 0.0, Diff: 0.0, Sum: 0.0]
      [GC Worker Total (ms): Min: 62.4, Avg: 62.4, Max: 62.4, Diff: 0.0, Sum: 249.5]
      [GC Worker End (ms): Min: 44744.2, Avg: 44744.2, Max: 44744.2, Diff: 0.0]
   [Code Root Fixup: 0.0 ms]
   [Code Root Purge: 0.0 ms]
   [Clear CT: 0.1 ms]
   [Other: 9.9 ms]
      [Evacuation Failure: 9.6 ms]
      [Choose CSet: 0.0 ms]
      [Ref Proc: 0.1 ms]
      [Ref Enq: 0.0 ms]
      [Redirty Cards: 0.1 ms]
      [Humongous Register: 0.0 ms]
      [Humongous Reclaim: 0.0 ms]
      [Free CSet: 0.1 ms]
   [Eden: 46.0M(89.0M)->0.0B(102.0M) Survivors: 13.0M->0.0B Heap: 1848.7M(2048.0M)->1842.7M(2048.0M)]
 [Times: user=0.11 sys=0.00, real=0.07 secs] 
44.760: [GC pause (G1 Evacuation Pause) (young) (to-space exhausted), 0.0256049 secs]
   [Parallel Time: 24.2 ms, GC Workers: 4]
      [GC Worker Start (ms): Min: 44760.5, Avg: 44760.5, Max: 44760.5, Diff: 0.0]
      [Ext Root Scanning (ms): Min: 0.2, Avg: 0.2, Max: 0.2, Diff: 0.0, Sum: 0.8]
      [Update RS (ms): Min: 19.5, Avg: 19.7, Max: 19.9, Diff: 0.4, Sum: 78.9]
         [Processed Buffers: Min: 45, Avg: 47.0, Max: 49, Diff: 4, Sum: 188]
      [Scan RS (ms): Min: 0.0, Avg: 0.0, Max: 0.0, Diff: 0.0, Sum: 0.0]
      [Code Root Scanning (ms): Min: 0.0, Avg: 0.0, Max: 0.0, Diff: 0.0, Sum: 0.0]
      [Object Copy (ms): Min: 2.3, Avg: 3.2, Max: 4.0, Diff: 1.7, Sum: 12.9]
      [Termination (ms): Min: 0.0, Avg: 1.0, Max: 2.1, Diff: 2.1, Sum: 3.9]
         [Termination Attempts: Min: 1, Avg: 1.0, Max: 1, Diff: 0, Sum: 4]
      [GC Worker Other (ms): Min: 0.0, Avg: 0.0, Max: 0.0, Diff: 0.0, Sum: 0.0]
      [GC Worker Total (ms): Min: 24.1, Avg: 24.1, Max: 24.1, Diff: 0.0, Sum: 96.5]
      [GC Worker End (ms): Min: 44784.6, Avg: 44784.6, Max: 44784.6, Diff: 0.0]
   [Code Root Fixup: 0.0 ms]
   [Code Root Purge: 0.0 ms]
   [Clear CT: 0.2 ms]
   [Other: 1.3 ms]
      [Evacuation Failure: 1.0 ms]
      [Choose CSet: 0.0 ms]
      [Ref Proc: 0.1 ms]
      [Ref Enq: 0.0 ms]
      [Redirty Cards: 0.1 ms]
      [Humongous Register: 0.0 ms]
      [Humongous Reclaim: 0.0 ms]
      [Free CSet: 0.0 ms]
   [Eden: 6144.0K(102.0M)->0.0B(102.0M) Survivors: 0.0B->0.0B Heap: 1848.7M(2048.0M)->1848.7M(2048.0M)]
 [Times: user=0.06 sys=0.00, real=0.03 secs] 
44.787: [Full GC (Allocation Failure)  1848M->1194M(2048M), 1.5605009 secs]
   [Eden: 0.0B(102.0M)->0.0B(332.0M) Survivors: 0.0B->0.0B Heap: 1848.7M(2048.0M)->1194.7M(2048.0M)], [Metaspace: 9244K->9244K(1058816K)]
 [Times: user=3.06 sys=0.00, real=1.56 secs] 
46.347: [GC concurrent-mark-abort]
46.642: [GC pause (G1 Evacuation Pause) (young), 0.1534105 secs]
   [Parallel Time: 152.8 ms, GC Workers: 4]
      [GC Worker Start (ms): Min: 46642.4, Avg: 46642.4, Max: 46642.4, Diff: 0.1]
      [Ext Root Scanning (ms): Min: 0.2, Avg: 0.2, Max: 0.3, Diff: 0.1, Sum: 0.9]
      [Update RS (ms): Min: 0.0, Avg: 0.0, Max: 0.1, Diff: 0.1, Sum: 0.1]
         [Processed Buffers: Min: 1, Avg: 1.3, Max: 2, Diff: 1, Sum: 5]
      [Scan RS (ms): Min: 0.0, Avg: 0.0, Max: 0.1, Diff: 0.0, Sum: 0.2]
      [Code Root Scanning (ms): Min: 0.0, Avg: 0.0, Max: 0.0, Diff: 0.0, Sum: 0.0]
      [Object Copy (ms): Min: 152.4, Avg: 152.4, Max: 152.4, Diff: 0.0, Sum: 609.7]
      [Termination (ms): Min: 0.0, Avg: 0.0, Max: 0.0, Diff: 0.0, Sum: 0.0]
         [Termination Attempts: Min: 6, Avg: 7.3, Max: 9, Diff: 3, Sum: 29]
      [GC Worker Other (ms): Min: 0.0, Avg: 0.0, Max: 0.0, Diff: 0.0, Sum: 0.1]
      [GC Worker Total (ms): Min: 152.7, Avg: 152.7, Max: 152.8, Diff: 0.1, Sum: 611.0]
      [GC Worker End (ms): Min: 46795.2, Avg: 46795.2, Max: 46795.2, Diff: 0.0]
   [Code Root Fixup: 0.0 ms]
   [Code Root Purge: 0.0 ms]
   [Clear CT: 0.1 ms]
   [Other: 0.5 ms]
      [Choose CSet: 0.0 ms]
      [Ref Proc: 0.0 ms]
      [Ref Enq: 0.0 ms]
      [Redirty Cards: 0.1 ms]
      [Humongous Register: 0.0 ms]
      [Humongous Reclaim: 0.0 ms]
      [Free CSet: 0.2 ms]
   [Eden: 332.0M(332.0M)->0.0B(241.0M) Survivors: 0.0B->42.0M Heap: 1526.7M(2048.0M)->1315.4M(2048.0M)]
 [Times: user=0.63 sys=0.00, real=0.15 secs] 
47.009: [GC pause (G1 Evacuation Pause) (young) (initial-mark), 0.2093018 secs]
   [Parallel Time: 208.5 ms, GC Workers: 4]
      [GC Worker Start (ms): Min: 47009.4, Avg: 47009.4, Max: 47009.5, Diff: 0.1]
      [Ext Root Scanning (ms): Min: 0.3, Avg: 0.3, Max: 0.3, Diff: 0.1, Sum: 1.3]
      [Update RS (ms): Min: 23.4, Avg: 23.5, Max: 23.6, Diff: 0.2, Sum: 94.1]
         [Processed Buffers: Min: 34, Avg: 35.5, Max: 37, Diff: 3, Sum: 142]
      [Scan RS (ms): Min: 9.3, Avg: 9.6, Max: 10.0, Diff: 0.7, Sum: 38.5]
      [Code Root Scanning (ms): Min: 0.0, Avg: 0.0, Max: 0.0, Diff: 0.0, Sum: 0.0]
      [Object Copy (ms): Min: 174.7, Avg: 174.9, Max: 175.1, Diff: 0.5, Sum: 699.7]
      [Termination (ms): Min: 0.0, Avg: 0.0, Max: 0.0, Diff: 0.0, Sum: 0.1]
         [Termination Attempts: Min: 27, Avg: 145.5, Max: 210, Diff: 183, Sum: 582]
      [GC Worker Other (ms): Min: 0.0, Avg: 0.0, Max: 0.0, Diff: 0.0, Sum: 0.1]
      [GC Worker Total (ms): Min: 208.4, Avg: 208.4, Max: 208.5, Diff: 0.1, Sum: 833.7]
      [GC Worker End (ms): Min: 47217.9, Avg: 47217.9, Max: 47217.9, Diff: 0.0]
   [Code Root Fixup: 0.0 ms]
   [Code Root Purge: 0.0 ms]
   [Clear CT: 0.1 ms]
   [Other: 0.7 ms]
      [Choose CSet: 0.0 ms]
      [Ref Proc: 0.0 ms]
      [Ref Enq: 0.0 ms]
      [Redirty Cards: 0.2 ms]
      [Humongous Register: 0.0 ms]
      [Humongous Reclaim: 0.0 ms]
      [Free CSet: 0.2 ms]
   [Eden: 241.0M(241.0M)->0.0B(68.0M) Survivors: 42.0M->36.0M Heap: 1556.4M(2048.0M)->1402.9M(2048.0M)]
 [Times: user=0.81 sys=0.00, real=0.21 secs] 
47.219: [GC concurrent-root-region-scan-start]
47.278: [GC concurrent-root-region-scan-end, 0.0596786 secs]
47.278: [GC concurrent-mark-start]
47.333: [GC pause (G1 Evacuation Pause) (young), 0.0999439 secs]
   [Parallel Time: 99.6 ms, GC Workers: 4]
      [GC Worker Start (ms): Min: 47332.7, Avg: 47332.7, Max: 47332.7, Diff: 0.0]
      [Ext Root Scanning (ms): Min: 0.2, Avg: 0.2, Max: 0.2, Diff: 0.0, Sum: 0.8]
      [Update RS (ms): Min: 20.9, Avg: 21.0, Max: 21.1, Diff: 0.2, Sum: 83.8]
         [Processed Buffers: Min: 34, Avg: 35.5, Max: 37, Diff: 3, Sum: 142]
      [Scan RS (ms): Min: 1.8, Avg: 1.9, Max: 2.0, Diff: 0.2, Sum: 7.4]
      [Code Root Scanning (ms): Min: 0.0, Avg: 0.0, Max: 0.0, Diff: 0.0, Sum: 0.0]
      [Object Copy (ms): Min: 76.5, Avg: 76.5, Max: 76.5, Diff: 0.0, Sum: 306.0]
      [Termination (ms): Min: 0.0, Avg: 0.0, Max: 0.0, Diff: 0.0, Sum: 0.0]
         [Termination Attempts: Min: 17, Avg: 23.8, Max: 31, Diff: 14, Sum: 95]
      [GC Worker Other (ms): Min: 0.0, Avg: 0.0, Max: 0.0, Diff: 0.0, Sum: 0.0]
      [GC Worker Total (ms): Min: 99.5, Avg: 99.5, Max: 99.5, Diff: 0.0, Sum: 398.1]
      [GC Worker End (ms): Min: 47432.3, Avg: 47432.3, Max: 47432.3, Diff: 0.0]
   [Code Root Fixup: 0.0 ms]
   [Code Root Purge: 0.0 ms]
   [Clear CT: 0.0 ms]
   [Other: 0.4 ms]
      [Choose CSet: 0.0 ms]
      [Ref Proc: 0.0 ms]
      [Ref Enq: 0.0 ms]
      [Redirty Cards: 0.1 ms]
      [Humongous Register: 0.0 ms]
      [Humongous Reclaim: 0.0 ms]
      [Free CSet: 0.1 ms]
   [Eden: 68.0M(68.0M)->0.0B(157.0M) Survivors: 36.0M->13.0M Heap: 1470.9M(2048.0M)->1427.0M(2048.0M)]
 [Times: user=0.44 sys=0.00, real=0.10 secs] 
47.577: [GC pause (G1 Evacuation Pause) (young), 0.1118000 secs]
   [Parallel Time: 111.3 ms, GC Workers: 4]
      [GC Worker Start (ms): Min: 47577.5, Avg: 47577.5, Max: 47577.5, Diff: 0.0]
      [Ext Root Scanning (ms): Min: 0.2, Avg: 0.2, Max: 0.2, Diff: 0.0, Sum: 0.8]
      [Update RS (ms): Min: 14.1, Avg: 14.2, Max: 14.3, Diff: 0.1, Sum: 56.8]
         [Processed Buffers: Min: 28, Avg: 29.3, Max: 32, Diff: 4, Sum: 117]
      [Scan RS (ms): Min: 1.2, Avg: 1.2, Max: 1.2, Diff: 0.1, Sum: 4.9]
      [Code Root Scanning (ms): Min: 0.0, Avg: 0.0, Max: 0.0, Diff: 0.0, Sum: 0.0]
      [Object Copy (ms): Min: 95.6, Avg: 95.6, Max: 95.7, Diff: 0.1, Sum: 382.6]
      [Termination (ms): Min: 0.0, Avg: 0.0, Max: 0.1, Diff: 0.1, Sum: 0.2]
         [Termination Attempts: Min: 16, Avg: 422.0, Max: 652, Diff: 636, Sum: 1688]
      [GC Worker Other (ms): Min: 0.0, Avg: 0.0, Max: 0.0, Diff: 0.0, Sum: 0.1]
      [GC Worker Total (ms): Min: 111.3, Avg: 111.3, Max: 111.3, Diff: 0.0, Sum: 445.2]
      [GC Worker End (ms): Min: 47688.8, Avg: 47688.8, Max: 47688.8, Diff: 0.0]
   [Code Root Fixup: 0.0 ms]
   [Code Root Purge: 0.0 ms]
   [Clear CT: 0.1 ms]
   [Other: 0.4 ms]
      [Choose CSet: 0.0 ms]
      [Ref Proc: 0.0 ms]
      [Ref Enq: 0.0 ms]
      [Redirty Cards: 0.1 ms]
      [Humongous Register: 0.0 ms]
      [Humongous Reclaim: 0.0 ms]
      [Free CSet: 0.1 ms]
   [Eden: 157.0M(157.0M)->0.0B(116.0M) Survivors: 13.0M->22.0M Heap: 1584.0M(2048.0M)->1482.5M(2048.0M)]
 [Times: user=0.44 sys=0.00, real=0.11 secs] 
47.800: [GC pause (G1 Evacuation Pause) (young), 0.0924136 secs]
   [Parallel Time: 92.0 ms, GC Workers: 4]
      [GC Worker Start (ms): Min: 47799.7, Avg: 47799.7, Max: 47799.7, Diff: 0.0]
      [Ext Root Scanning (ms): Min: 0.2, Avg: 0.2, Max: 0.2, Diff: 0.0, Sum: 0.8]
      [Update RS (ms): Min: 16.0, Avg: 16.2, Max: 16.5, Diff: 0.5, Sum: 64.7]
         [Processed Buffers: Min: 30, Avg: 31.5, Max: 33, Diff: 3, Sum: 126]
      [Scan RS (ms): Min: 0.1, Avg: 0.4, Max: 0.6, Diff: 0.5, Sum: 1.7]
      [Code Root Scanning (ms): Min: 0.0, Avg: 0.0, Max: 0.0, Diff: 0.0, Sum: 0.0]
      [Object Copy (ms): Min: 75.1, Avg: 75.2, Max: 75.2, Diff: 0.0, Sum: 300.6]
      [Termination (ms): Min: 0.0, Avg: 0.0, Max: 0.0, Diff: 0.0, Sum: 0.0]
         [Termination Attempts: Min: 4, Avg: 7.5, Max: 11, Diff: 7, Sum: 30]
      [GC Worker Other (ms): Min: 0.0, Avg: 0.0, Max: 0.0, Diff: 0.0, Sum: 0.0]
      [GC Worker Total (ms): Min: 92.0, Avg: 92.0, Max: 92.0, Diff: 0.0, Sum: 367.9]
      [GC Worker End (ms): Min: 47891.7, Avg: 47891.7, Max: 47891.7, Diff: 0.0]
   [Code Root Fixup: 0.0 ms]
   [Code Root Purge: 0.0 ms]
   [Clear CT: 0.0 ms]
   [Other: 0.3 ms]
      [Choose CSet: 0.0 ms]
      [Ref Proc: 0.0 ms]
      [Ref Enq: 0.0 ms]
      [Redirty Cards: 0.1 ms]
      [Humongous Register: 0.0 ms]
      [Humongous Reclaim: 0.0 ms]
      [Free CSet: 0.1 ms]
   [Eden: 116.0M(116.0M)->0.0B(84.0M) Survivors: 22.0M->18.0M Heap: 1598.5M(2048.0M)->1525.1M(2048.0M)]
 [Times: user=0.38 sys=0.00, real=0.09 secs] 
47.969: [GC pause (G1 Evacuation Pause) (young), 0.0688579 secs]
   [Parallel Time: 68.4 ms, GC Workers: 4]
      [GC Worker Start (ms): Min: 47968.7, Avg: 47968.7, Max: 47968.7, Diff: 0.0]
      [Ext Root Scanning (ms): Min: 0.2, Avg: 0.2, Max: 0.2, Diff: 0.0, Sum: 0.8]
      [Update RS (ms): Min: 17.7, Avg: 17.8, Max: 17.8, Diff: 0.1, Sum: 71.1]
         [Processed Buffers: Min: 34, Avg: 34.3, Max: 35, Diff: 1, Sum: 137]
      [Scan RS (ms): Min: 0.3, Avg: 0.4, Max: 0.4, Diff: 0.1, Sum: 1.4]
      [Code Root Scanning (ms): Min: 0.0, Avg: 0.0, Max: 0.0, Diff: 0.0, Sum: 0.0]
      [Object Copy (ms): Min: 50.0, Avg: 50.1, Max: 50.1, Diff: 0.0, Sum: 200.2]
      [Termination (ms): Min: 0.0, Avg: 0.0, Max: 0.0, Diff: 0.0, Sum: 0.0]
         [Termination Attempts: Min: 16, Avg: 18.3, Max: 20, Diff: 4, Sum: 73]
      [GC Worker Other (ms): Min: 0.0, Avg: 0.0, Max: 0.0, Diff: 0.0, Sum: 0.1]
      [GC Worker Total (ms): Min: 68.4, Avg: 68.4, Max: 68.4, Diff: 0.0, Sum: 273.6]
      [GC Worker End (ms): Min: 48037.1, Avg: 48037.2, Max: 48037.2, Diff: 0.0]
   [Code Root Fixup: 0.0 ms]
   [Code Root Purge: 0.0 ms]
   [Clear CT: 0.0 ms]
   [Other: 0.4 ms]
      [Choose CSet: 0.0 ms]
      [Ref Proc: 0.0 ms]
      [Ref Enq: 0.0 ms]
      [Redirty Cards: 0.1 ms]
      [Humongous Register: 0.0 ms]
      [Humongous Reclaim: 0.0 ms]
      [Free CSet: 0.1 ms]
   [Eden: 84.0M(84.0M)->0.0B(89.0M) Survivors: 18.0M->13.0M Heap: 1609.1M(2048.0M)->1555.4M(2048.0M)]
 [Times: user=0.25 sys=0.00, real=0.07 secs] 
48.119: [GC pause (G1 Evacuation Pause) (young), 0.0881587 secs]
   [Parallel Time: 87.7 ms, GC Workers: 4]
      [GC Worker Start (ms): Min: 48119.3, Avg: 48119.3, Max: 48119.3, Diff: 0.0]
      [Ext Root Scanning (ms): Min: 0.2, Avg: 0.2, Max: 0.2, Diff: 0.0, Sum: 0.8]
      [Update RS (ms): Min: 21.8, Avg: 22.1, Max: 22.4, Diff: 0.6, Sum: 88.2]
         [Processed Buffers: Min: 37, Avg: 37.5, Max: 38, Diff: 1, Sum: 150]
      [Scan RS (ms): Min: 2.3, Avg: 2.7, Max: 2.9, Diff: 0.6, Sum: 10.7]
      [Code Root Scanning (ms): Min: 0.0, Avg: 0.0, Max: 0.0, Diff: 0.0, Sum: 0.0]
      [Object Copy (ms): Min: 62.7, Avg: 62.7, Max: 62.7, Diff: 0.0, Sum: 250.8]
      [Termination (ms): Min: 0.0, Avg: 0.0, Max: 0.0, Diff: 0.0, Sum: 0.0]
         [Termination Attempts: Min: 3, Avg: 5.5, Max: 7, Diff: 4, Sum: 22]
      [GC Worker Other (ms): Min: 0.0, Avg: 0.0, Max: 0.0, Diff: 0.0, Sum: 0.0]
      [GC Worker Total (ms): Min: 87.6, Avg: 87.6, Max: 87.6, Diff: 0.0, Sum: 350.6]
      [GC Worker End (ms): Min: 48207.0, Avg: 48207.0, Max: 48207.0, Diff: 0.0]
   [Code Root Fixup: 0.0 ms]
   [Code Root Purge: 0.0 ms]
   [Clear CT: 0.0 ms]
   [Other: 0.4 ms]
      [Choose CSet: 0.0 ms]
      [Ref Proc: 0.0 ms]
      [Ref Enq: 0.0 ms]
      [Redirty Cards: 0.1 ms]
      [Humongous Register: 0.0 ms]
      [Humongous Reclaim: 0.0 ms]
      [Free CSet: 0.2 ms]
   [Eden: 89.0M(89.0M)->0.0B(89.0M) Survivors: 13.0M->13.0M Heap: 1644.4M(2048.0M)->1587.2M(2048.0M)]
 [Times: user=0.31 sys=0.00, real=0.09 secs] 
48.289: [GC pause (G1 Evacuation Pause) (young), 0.0886295 secs]
   [Parallel Time: 88.3 ms, GC Workers: 4]
      [GC Worker Start (ms): Min: 48288.8, Avg: 48288.8, Max: 48288.8, Diff: 0.0]
      [Ext Root Scanning (ms): Min: 0.2, Avg: 0.2, Max: 0.2, Diff: 0.0, Sum: 0.8]
      [Update RS (ms): Min: 20.8, Avg: 20.8, Max: 20.9, Diff: 0.2, Sum: 83.4]
         [Processed Buffers: Min: 33, Avg: 33.8, Max: 34, Diff: 1, Sum: 135]
      [Scan RS (ms): Min: 0.0, Avg: 0.0, Max: 0.0, Diff: 0.0, Sum: 0.1]
      [Code Root Scanning (ms): Min: 0.0, Avg: 0.0, Max: 0.0, Diff: 0.0, Sum: 0.0]
      [Object Copy (ms): Min: 67.1, Avg: 67.2, Max: 67.2, Diff: 0.1, Sum: 268.7]
      [Termination (ms): Min: 0.0, Avg: 0.0, Max: 0.0, Diff: 0.0, Sum: 0.0]
         [Termination Attempts: Min: 12, Avg: 14.5, Max: 20, Diff: 8, Sum: 58]
      [GC Worker Other (ms): Min: 0.0, Avg: 0.0, Max: 0.0, Diff: 0.0, Sum: 0.0]
      [GC Worker Total (ms): Min: 88.2, Avg: 88.2, Max: 88.2, Diff: 0.0, Sum: 352.9]
      [GC Worker End (ms): Min: 48377.0, Avg: 48377.0, Max: 48377.0, Diff: 0.0]
   [Code Root Fixup: 0.0 ms]
   [Code Root Purge: 0.0 ms]
   [Clear CT: 0.0 ms]
   [Other: 0.3 ms]
      [Choose CSet: 0.0 ms]
      [Ref Proc: 0.0 ms]
      [Ref Enq: 0.0 ms]
      [Redirty Cards: 0.1 ms]
      [Humongous Register: 0.0 ms]
      [Humongous Reclaim: 0.0 ms]
      [Free CSet: 0.1 ms]
   [Eden: 89.0M(89.0M)->0.0B(89.0M) Survivors: 13.0M->13.0M Heap: 1676.2M(2048.0M)->1620.6M(2048.0M)]
 [Times: user=0.38 sys=0.00, real=0.09 secs] 
48.459: [GC pause (G1 Evacuation Pause) (young), 0.0504734 secs]
   [Parallel Time: 50.1 ms, GC Workers: 4]
      [GC Worker Start (ms): Min: 48458.7, Avg: 48458.7, Max: 48458.7, Diff: 0.0]
      [Ext Root Scanning (ms): Min: 0.2, Avg: 0.2, Max: 0.2, Diff: 0.0, Sum: 0.7]
      [Update RS (ms): Min: 15.3, Avg: 15.4, Max: 15.6, Diff: 0.3, Sum: 61.6]
         [Processed Buffers: Min: 29, Avg: 30.5, Max: 33, Diff: 4, Sum: 122]
      [Scan RS (ms): Min: 0.0, Avg: 0.0, Max: 0.0, Diff: 0.0, Sum: 0.1]
      [Code Root Scanning (ms): Min: 0.0, Avg: 0.0, Max: 0.0, Diff: 0.0, Sum: 0.0]
      [Object Copy (ms): Min: 34.3, Avg: 34.5, Max: 34.5, Diff: 0.2, Sum: 137.9]
      [Termination (ms): Min: 0.0, Avg: 0.0, Max: 0.0, Diff: 0.0, Sum: 0.0]
         [Termination Attempts: Min: 6, Avg: 13.3, Max: 20, Diff: 14, Sum: 53]
      [GC Worker Other (ms): Min: 0.0, Avg: 0.0, Max: 0.0, Diff: 0.0, Sum: 0.0]
      [GC Worker Total (ms): Min: 50.1, Avg: 50.1, Max: 50.1, Diff: 0.0, Sum: 200.4]
      [GC Worker End (ms): Min: 48508.8, Avg: 48508.8, Max: 48508.8, Diff: 0.0]
   [Code Root Fixup: 0.0 ms]
   [Code Root Purge: 0.0 ms]
   [Clear CT: 0.0 ms]
   [Other: 0.3 ms]
      [Choose CSet: 0.0 ms]
      [Ref Proc: 0.0 ms]
      [Ref Enq: 0.0 ms]
      [Redirty Cards: 0.1 ms]
      [Humongous Register: 0.0 ms]
      [Humongous Reclaim: 0.0 ms]
      [Free CSet: 0.1 ms]
   [Eden: 89.0M(89.0M)->0.0B(89.0M) Survivors: 13.0M->13.0M Heap: 1709.6M(2048.0M)->1653.4M(2048.0M)]
 [Times: user=0.25 sys=0.00, real=0.05 secs] 
48.590: [GC pause (G1 Evacuation Pause) (young), 0.0806736 secs]
   [Parallel Time: 80.3 ms, GC Workers: 4]
      [GC Worker Start (ms): Min: 48590.1, Avg: 48590.1, Max: 48590.1, Diff: 0.0]
      [Ext Root Scanning (ms): Min: 0.2, Avg: 0.2, Max: 0.2, Diff: 0.0, Sum: 0.7]
      [Update RS (ms): Min: 23.8, Avg: 23.9, Max: 24.0, Diff: 0.2, Sum: 95.7]
         [Processed Buffers: Min: 45, Avg: 46.5, Max: 50, Diff: 5, Sum: 186]
      [Scan RS (ms): Min: 0.3, Avg: 0.4, Max: 0.5, Diff: 0.2, Sum: 1.5]
      [Code Root Scanning (ms): Min: 0.0, Avg: 0.0, Max: 0.0, Diff: 0.0, Sum: 0.0]
      [Object Copy (ms): Min: 55.8, Avg: 55.8, Max: 55.8, Diff: 0.1, Sum: 223.1]
      [Termination (ms): Min: 0.0, Avg: 0.0, Max: 0.0, Diff: 0.0, Sum: 0.0]
         [Termination Attempts: Min: 2, Avg: 4.0, Max: 7, Diff: 5, Sum: 16]
      [GC Worker Other (ms): Min: 0.0, Avg: 0.0, Max: 0.0, Diff: 0.0, Sum: 0.0]
      [GC Worker Total (ms): Min: 80.3, Avg: 80.3, Max: 80.3, Diff: 0.0, Sum: 321.1]
      [GC Worker End (ms): Min: 48670.3, Avg: 48670.3, Max: 48670.3, Diff: 0.0]
   [Code Root Fixup: 0.0 ms]
   [Code Root Purge: 0.0 ms]
   [Clear CT: 0.0 ms]
   [Other: 0.3 ms]
      [Choose CSet: 0.0 ms]
      [Ref Proc: 0.0 ms]
      [Ref Enq: 0.0 ms]
      [Redirty Cards: 0.1 ms]
      [Humongous Register: 0.0 ms]
      [Humongous Reclaim: 0.0 ms]
      [Free CSet: 0.1 ms]
   [Eden: 89.0M(89.0M)->0.0B(89.0M) Survivors: 13.0M->13.0M Heap: 1742.4M(2048.0M)->1685.4M(2048.0M)]
 [Times: user=0.31 sys=0.00, real=0.08 secs] 
48.752: [GC pause (G1 Evacuation Pause) (young), 0.0848082 secs]
   [Parallel Time: 84.4 ms, GC Workers: 4]
      [GC Worker Start (ms): Min: 48751.9, Avg: 48751.9, Max: 48751.9, Diff: 0.0]
      [Ext Root Scanning (ms): Min: 0.2, Avg: 0.2, Max: 0.2, Diff: 0.0, Sum: 0.8]
      [Update RS (ms): Min: 17.9, Avg: 18.0, Max: 18.2, Diff: 0.4, Sum: 72.1]
         [Processed Buffers: Min: 28, Avg: 30.0, Max: 31, Diff: 3, Sum: 120]
      [Scan RS (ms): Min: 0.2, Avg: 0.4, Max: 0.5, Diff: 0.4, Sum: 1.5]
      [Code Root Scanning (ms): Min: 0.0, Avg: 0.0, Max: 0.0, Diff: 0.0, Sum: 0.0]
      [Object Copy (ms): Min: 65.7, Avg: 65.7, Max: 65.8, Diff: 0.1, Sum: 263.0]
      [Termination (ms): Min: 0.0, Avg: 0.0, Max: 0.1, Diff: 0.1, Sum: 0.2]
         [Termination Attempts: Min: 22, Avg: 484.8, Max: 697, Diff: 675, Sum: 1939]
      [GC Worker Other (ms): Min: 0.0, Avg: 0.0, Max: 0.0, Diff: 0.0, Sum: 0.0]
      [GC Worker Total (ms): Min: 84.4, Avg: 84.4, Max: 84.4, Diff: 0.0, Sum: 337.6]
      [GC Worker End (ms): Min: 48836.3, Avg: 48836.3, Max: 48836.3, Diff: 0.0]
   [Code Root Fixup: 0.0 ms]
   [Code Root Purge: 0.0 ms]
   [Clear CT: 0.0 ms]
   [Other: 0.3 ms]
      [Choose CSet: 0.0 ms]
      [Ref Proc: 0.0 ms]
      [Ref Enq: 0.0 ms]
      [Redirty Cards: 0.1 ms]
      [Humongous Register: 0.0 ms]
      [Humongous Reclaim: 0.0 ms]
      [Free CSet: 0.1 ms]
   [Eden: 89.0M(89.0M)->0.0B(89.0M) Survivors: 13.0M->13.0M Heap: 1774.4M(2048.0M)->1718.3M(2048.0M)]
 [Times: user=0.38 sys=0.00, real=0.09 secs] 
48.922: [GC pause (G1 Evacuation Pause) (young) (to-space exhausted), 0.0739118 secs]
   [Parallel Time: 70.8 ms, GC Workers: 4]
      [GC Worker Start (ms): Min: 48922.5, Avg: 48922.5, Max: 48922.5, Diff: 0.0]
      [Ext Root Scanning (ms): Min: 0.2, Avg: 0.2, Max: 0.2, Diff: 0.0, Sum: 0.8]
      [Update RS (ms): Min: 19.5, Avg: 19.7, Max: 19.9, Diff: 0.4, Sum: 78.8]
         [Processed Buffers: Min: 32, Avg: 32.8, Max: 34, Diff: 2, Sum: 131]
      [Scan RS (ms): Min: 0.7, Avg: 0.9, Max: 1.0, Diff: 0.3, Sum: 3.5]
      [Code Root Scanning (ms): Min: 0.0, Avg: 0.0, Max: 0.0, Diff: 0.0, Sum: 0.0]
      [Object Copy (ms): Min: 50.0, Avg: 50.0, Max: 50.0, Diff: 0.0, Sum: 199.9]
      [Termination (ms): Min: 0.0, Avg: 0.0, Max: 0.1, Diff: 0.0, Sum: 0.1]
         [Termination Attempts: Min: 22, Avg: 426.3, Max: 591, Diff: 569, Sum: 1705]
      [GC Worker Other (ms): Min: 0.0, Avg: 0.0, Max: 0.0, Diff: 0.0, Sum: 0.0]
      [GC Worker Total (ms): Min: 70.8, Avg: 70.8, Max: 70.8, Diff: 0.0, Sum: 283.2]
      [GC Worker End (ms): Min: 48993.3, Avg: 48993.3, Max: 48993.3, Diff: 0.0]
   [Code Root Fixup: 0.0 ms]
   [Code Root Purge: 0.0 ms]
   [Clear CT: 0.0 ms]
   [Other: 3.1 ms]
      [Evacuation Failure: 2.7 ms]
      [Choose CSet: 0.0 ms]
      [Ref Proc: 0.0 ms]
      [Ref Enq: 0.0 ms]
      [Redirty Cards: 0.1 ms]
      [Humongous Register: 0.0 ms]
      [Humongous Reclaim: 0.0 ms]
      [Free CSet: 0.1 ms]
   [Eden: 89.0M(89.0M)->0.0B(89.0M) Survivors: 13.0M->13.0M Heap: 1807.3M(2048.0M)->1764.7M(2048.0M)]
 [Times: user=0.31 sys=0.00, real=0.07 secs] 
49.076: [GC pause (G1 Evacuation Pause) (young) (to-space exhausted), 0.1087046 secs]
   [Parallel Time: 93.4 ms, GC Workers: 4]
      [GC Worker Start (ms): Min: 49076.0, Avg: 49076.0, Max: 49076.0, Diff: 0.0]
      [Ext Root Scanning (ms): Min: 0.2, Avg: 0.2, Max: 0.2, Diff: 0.0, Sum: 0.8]
      [Update RS (ms): Min: 0.0, Avg: 6.3, Max: 8.5, Diff: 8.5, Sum: 25.3]
         [Processed Buffers: Min: 0, Avg: 35.8, Max: 51, Diff: 51, Sum: 143]
      [Scan RS (ms): Min: 0.0, Avg: 0.6, Max: 0.8, Diff: 0.8, Sum: 2.3]
      [Code Root Scanning (ms): Min: 0.0, Avg: 0.0, Max: 0.0, Diff: 0.0, Sum: 0.0]
      [Object Copy (ms): Min: 82.2, Avg: 85.1, Max: 91.1, Diff: 8.9, Sum: 340.4]
      [Termination (ms): Min: 0.0, Avg: 1.2, Max: 2.0, Diff: 2.0, Sum: 4.6]
         [Termination Attempts: Min: 1, Avg: 1.0, Max: 1, Diff: 0, Sum: 4]
      [GC Worker Other (ms): Min: 0.0, Avg: 0.0, Max: 0.0, Diff: 0.0, Sum: 0.0]
      [GC Worker Total (ms): Min: 93.4, Avg: 93.4, Max: 93.4, Diff: 0.0, Sum: 373.4]
      [GC Worker End (ms): Min: 49169.3, Avg: 49169.3, Max: 49169.3, Diff: 0.0]
   [Code Root Fixup: 0.0 ms]
   [Code Root Purge: 0.0 ms]
   [Clear CT: 0.2 ms]
   [Other: 15.1 ms]
      [Evacuation Failure: 14.7 ms]
      [Choose CSet: 0.0 ms]
      [Ref Proc: 0.1 ms]
      [Ref Enq: 0.0 ms]
      [Redirty Cards: 0.1 ms]
      [Humongous Register: 0.0 ms]
      [Humongous Reclaim: 0.0 ms]
      [Free CSet: 0.1 ms]
   [Eden: 80.0M(89.0M)->0.0B(102.0M) Survivors: 13.0M->0.0B Heap: 1844.7M(2048.0M)->1837.7M(2048.0M)]
 [Times: user=0.16 sys=0.00, real=0.11 secs] 
49.191: [GC pause (G1 Evacuation Pause) (young) (to-space exhausted), 0.0352492 secs]
   [Parallel Time: 34.2 ms, GC Workers: 4]
      [GC Worker Start (ms): Min: 49191.3, Avg: 49191.4, Max: 49191.4, Diff: 0.0]
      [Ext Root Scanning (ms): Min: 0.2, Avg: 0.2, Max: 0.2, Diff: 0.0, Sum: 0.8]
      [Update RS (ms): Min: 29.4, Avg: 29.6, Max: 29.9, Diff: 0.5, Sum: 118.6]
         [Processed Buffers: Min: 61, Avg: 64.8, Max: 69, Diff: 8, Sum: 259]
      [Scan RS (ms): Min: 0.0, Avg: 0.0, Max: 0.0, Diff: 0.0, Sum: 0.0]
      [Code Root Scanning (ms): Min: 0.0, Avg: 0.0, Max: 0.0, Diff: 0.0, Sum: 0.0]
      [Object Copy (ms): Min: 2.8, Avg: 3.5, Max: 4.5, Diff: 1.7, Sum: 14.1]
      [Termination (ms): Min: 0.0, Avg: 0.7, Max: 1.5, Diff: 1.5, Sum: 2.9]
         [Termination Attempts: Min: 1, Avg: 1.0, Max: 1, Diff: 0, Sum: 4]
      [GC Worker Other (ms): Min: 0.0, Avg: 0.0, Max: 0.0, Diff: 0.0, Sum: 0.0]
      [GC Worker Total (ms): Min: 34.1, Avg: 34.1, Max: 34.1, Diff: 0.0, Sum: 136.4]
      [GC Worker End (ms): Min: 49225.5, Avg: 49225.5, Max: 49225.5, Diff: 0.0]
   [Code Root Fixup: 0.0 ms]
   [Code Root Purge: 0.0 ms]
   [Clear CT: 0.0 ms]
   [Other: 1.1 ms]
      [Evacuation Failure: 0.9 ms]
      [Choose CSet: 0.0 ms]
      [Ref Proc: 0.0 ms]
      [Ref Enq: 0.0 ms]
      [Redirty Cards: 0.0 ms]
      [Humongous Register: 0.0 ms]
      [Humongous Reclaim: 0.0 ms]
      [Free CSet: 0.0 ms]
   [Eden: 7168.0K(102.0M)->0.0B(102.0M) Survivors: 0.0B->0.0B Heap: 1844.7M(2048.0M)->1844.7M(2048.0M)]
 [Times: user=0.13 sys=0.00, real=0.03 secs] 
49.227: [Full GC (Allocation Failure)  1844M->1174M(2048M), 1.5440739 secs]
   [Eden: 0.0B(102.0M)->0.0B(350.0M) Survivors: 0.0B->0.0B Heap: 1844.7M(2048.0M)->1175.0M(2048.0M)], [Metaspace: 9261K->9261K(1058816K)]
 [Times: user=3.00 sys=0.00, real=1.54 secs] 
50.771: [GC concurrent-mark-abort]
51.084: [GC pause (G1 Evacuation Pause) (young), 0.1480711 secs]
   [Parallel Time: 147.4 ms, GC Workers: 4]
      [GC Worker Start (ms): Min: 51084.6, Avg: 51084.6, Max: 51084.6, Diff: 0.1]
      [Ext Root Scanning (ms): Min: 0.2, Avg: 0.2, Max: 0.2, Diff: 0.1, Sum: 0.8]
      [Update RS (ms): Min: 0.0, Avg: 0.0, Max: 0.1, Diff: 0.1, Sum: 0.2]
         [Processed Buffers: Min: 1, Avg: 1.3, Max: 2, Diff: 1, Sum: 5]
      [Scan RS (ms): Min: 0.0, Avg: 0.1, Max: 0.1, Diff: 0.1, Sum: 0.2]
      [Code Root Scanning (ms): Min: 0.0, Avg: 0.0, Max: 0.0, Diff: 0.0, Sum: 0.0]
      [Object Copy (ms): Min: 147.0, Avg: 147.0, Max: 147.0, Diff: 0.0, Sum: 588.1]
      [Termination (ms): Min: 0.0, Avg: 0.0, Max: 0.0, Diff: 0.0, Sum: 0.0]
         [Termination Attempts: Min: 1, Avg: 1.3, Max: 2, Diff: 1, Sum: 5]
      [GC Worker Other (ms): Min: 0.0, Avg: 0.0, Max: 0.0, Diff: 0.0, Sum: 0.1]
      [GC Worker Total (ms): Min: 147.3, Avg: 147.3, Max: 147.4, Diff: 0.1, Sum: 589.4]
      [GC Worker End (ms): Min: 51231.9, Avg: 51231.9, Max: 51231.9, Diff: 0.0]
   [Code Root Fixup: 0.0 ms]
   [Code Root Purge: 0.0 ms]
   [Clear CT: 0.1 ms]
   [Other: 0.5 ms]
      [Choose CSet: 0.0 ms]
      [Ref Proc: 0.0 ms]
      [Ref Enq: 0.0 ms]
      [Redirty Cards: 0.1 ms]
      [Humongous Register: 0.0 ms]
      [Humongous Reclaim: 0.0 ms]
      [Free CSet: 0.2 ms]
   [Eden: 350.0M(350.0M)->0.0B(252.0M) Survivors: 0.0B->44.0M Heap: 1525.0M(2048.0M)->1302.1M(2048.0M)]
 [Times: user=0.63 sys=0.00, real=0.15 secs] 
51.373: [GC pause (G1 Evacuation Pause) (young) (initial-mark), 0.1785773 secs]
   [Parallel Time: 177.9 ms, GC Workers: 4]
      [GC Worker Start (ms): Min: 51372.8, Avg: 51372.8, Max: 51372.9, Diff: 0.1]
      [Ext Root Scanning (ms): Min: 0.3, Avg: 0.3, Max: 0.3, Diff: 0.0, Sum: 1.1]
      [Update RS (ms): Min: 25.4, Avg: 25.7, Max: 26.0, Diff: 0.6, Sum: 102.8]
         [Processed Buffers: Min: 34, Avg: 35.5, Max: 37, Diff: 3, Sum: 142]
      [Scan RS (ms): Min: 9.2, Avg: 9.5, Max: 9.9, Diff: 0.7, Sum: 38.1]
      [Code Root Scanning (ms): Min: 0.0, Avg: 0.0, Max: 0.0, Diff: 0.0, Sum: 0.0]
      [Object Copy (ms): Min: 142.2, Avg: 142.3, Max: 142.3, Diff: 0.1, Sum: 569.1]
      [Termination (ms): Min: 0.0, Avg: 0.0, Max: 0.0, Diff: 0.0, Sum: 0.0]
         [Termination Attempts: Min: 16, Avg: 23.5, Max: 29, Diff: 13, Sum: 94]
      [GC Worker Other (ms): Min: 0.0, Avg: 0.0, Max: 0.0, Diff: 0.0, Sum: 0.1]
      [GC Worker Total (ms): Min: 177.8, Avg: 177.8, Max: 177.9, Diff: 0.1, Sum: 711.3]
      [GC Worker End (ms): Min: 51550.6, Avg: 51550.6, Max: 51550.6, Diff: 0.0]
   [Code Root Fixup: 0.0 ms]
   [Code Root Purge: 0.0 ms]
   [Clear CT: 0.1 ms]
   [Other: 0.6 ms]
      [Choose CSet: 0.0 ms]
      [Ref Proc: 0.0 ms]
      [Ref Enq: 0.0 ms]
      [Redirty Cards: 0.2 ms]
      [Humongous Register: 0.0 ms]
      [Humongous Reclaim: 0.0 ms]
      [Free CSet: 0.2 ms]
   [Eden: 149.0M(58.0M)->0.0B(214.0M) Survivors: 44.0M->13.0M Heap: 1451.1M(2048.0M)->1354.0M(2048.0M)]
 [Times: user=0.69 sys=0.00, real=0.18 secs] 
51.551: [GC concurrent-root-region-scan-start]
51.588: [GC concurrent-root-region-scan-end, 0.0365319 secs]
51.588: [GC concurrent-mark-start]
51.788: [GC pause (G1 Evacuation Pause) (young), 0.1410501 secs]
   [Parallel Time: 140.5 ms, GC Workers: 4]
      [GC Worker Start (ms): Min: 51787.8, Avg: 51787.8, Max: 51787.9, Diff: 0.0]
      [Ext Root Scanning (ms): Min: 0.2, Avg: 0.2, Max: 0.2, Diff: 0.0, Sum: 0.8]
      [Update RS (ms): Min: 27.7, Avg: 27.9, Max: 28.1, Diff: 0.4, Sum: 111.5]
         [Processed Buffers: Min: 46, Avg: 47.0, Max: 50, Diff: 4, Sum: 188]
      [Scan RS (ms): Min: 5.9, Avg: 6.1, Max: 6.3, Diff: 0.4, Sum: 24.6]
      [Code Root Scanning (ms): Min: 0.0, Avg: 0.0, Max: 0.0, Diff: 0.0, Sum: 0.0]
      [Object Copy (ms): Min: 106.1, Avg: 106.2, Max: 106.2, Diff: 0.1, Sum: 424.8]
      [Termination (ms): Min: 0.0, Avg: 0.0, Max: 0.0, Diff: 0.0, Sum: 0.0]
         [Termination Attempts: Min: 32, Avg: 33.8, Max: 38, Diff: 6, Sum: 135]
      [GC Worker Other (ms): Min: 0.0, Avg: 0.0, Max: 0.0, Diff: 0.0, Sum: 0.1]
      [GC Worker Total (ms): Min: 140.4, Avg: 140.5, Max: 140.5, Diff: 0.0, Sum: 561.9]
      [GC Worker End (ms): Min: 51928.3, Avg: 51928.3, Max: 51928.3, Diff: 0.0]
   [Code Root Fixup: 0.0 ms]
   [Code Root Purge: 0.0 ms]
   [Clear CT: 0.1 ms]
   [Other: 0.5 ms]
      [Choose CSet: 0.0 ms]
      [Ref Proc: 0.0 ms]
      [Ref Enq: 0.0 ms]
      [Redirty Cards: 0.1 ms]
      [Humongous Register: 0.0 ms]
      [Humongous Reclaim: 0.0 ms]
      [Free CSet: 0.1 ms]
   [Eden: 214.0M(214.0M)->0.0B(155.0M) Survivors: 13.0M->29.0M Heap: 1568.0M(2048.0M)->1431.8M(2048.0M)]
 [Times: user=0.56 sys=0.00, real=0.14 secs] 
52.088: [GC pause (G1 Evacuation Pause) (young), 0.1554940 secs]
   [Parallel Time: 154.9 ms, GC Workers: 4]
      [GC Worker Start (ms): Min: 52088.5, Avg: 52088.5, Max: 52088.6, Diff: 0.1]
      [Ext Root Scanning (ms): Min: 0.2, Avg: 0.2, Max: 0.2, Diff: 0.1, Sum: 0.8]
      [Update RS (ms): Min: 14.6, Avg: 14.7, Max: 14.8, Diff: 0.2, Sum: 58.9]
         [Processed Buffers: Min: 27, Avg: 28.8, Max: 31, Diff: 4, Sum: 115]
      [Scan RS (ms): Min: 17.8, Avg: 18.0, Max: 18.2, Diff: 0.4, Sum: 72.0]
      [Code Root Scanning (ms): Min: 0.0, Avg: 0.0, Max: 0.0, Diff: 0.0, Sum: 0.0]
      [Object Copy (ms): Min: 121.6, Avg: 121.9, Max: 122.0, Diff: 0.4, Sum: 487.5]
      [Termination (ms): Min: 0.0, Avg: 0.0, Max: 0.0, Diff: 0.0, Sum: 0.1]
         [Termination Attempts: Min: 22, Avg: 323.0, Max: 486, Diff: 464, Sum: 1292]
      [GC Worker Other (ms): Min: 0.0, Avg: 0.0, Max: 0.0, Diff: 0.0, Sum: 0.1]
      [GC Worker Total (ms): Min: 154.8, Avg: 154.8, Max: 154.9, Diff: 0.1, Sum: 619.3]
      [GC Worker End (ms): Min: 52243.4, Avg: 52243.4, Max: 52243.4, Diff: 0.0]
   [Code Root Fixup: 0.0 ms]
   [Code Root Purge: 0.0 ms]
   [Clear CT: 0.1 ms]
   [Other: 0.5 ms]
      [Choose CSet: 0.0 ms]
      [Ref Proc: 0.0 ms]
      [Ref Enq: 0.0 ms]
      [Redirty Cards: 0.2 ms]
      [Humongous Register: 0.0 ms]
      [Humongous Reclaim: 0.0 ms]
      [Free CSet: 0.1 ms]
   [Eden: 155.0M(155.0M)->0.0B(115.0M) Survivors: 29.0M->23.0M Heap: 1586.8M(2048.0M)->1484.3M(2048.0M)]
 [Times: user=0.63 sys=0.00, real=0.15 secs] 
52.380: [GC pause (G1 Evacuation Pause) (young), 0.1211085 secs]
   [Parallel Time: 120.6 ms, GC Workers: 4]
      [GC Worker Start (ms): Min: 52380.2, Avg: 52380.2, Max: 52380.3, Diff: 0.0]
      [Ext Root Scanning (ms): Min: 0.2, Avg: 0.2, Max: 0.2, Diff: 0.0, Sum: 0.8]
      [Update RS (ms): Min: 19.9, Avg: 20.0, Max: 20.1, Diff: 0.2, Sum: 80.0]
         [Processed Buffers: Min: 30, Avg: 31.3, Max: 33, Diff: 3, Sum: 125]
      [Scan RS (ms): Min: 2.3, Avg: 2.5, Max: 2.6, Diff: 0.3, Sum: 9.8]
      [Code Root Scanning (ms): Min: 0.0, Avg: 0.0, Max: 0.0, Diff: 0.0, Sum: 0.0]
      [Object Copy (ms): Min: 97.8, Avg: 97.9, Max: 97.9, Diff: 0.1, Sum: 391.5]
      [Termination (ms): Min: 0.0, Avg: 0.1, Max: 0.1, Diff: 0.1, Sum: 0.3]
         [Termination Attempts: Min: 8, Avg: 727.5, Max: 1026, Diff: 1018, Sum: 2910]
      [GC Worker Other (ms): Min: 0.0, Avg: 0.0, Max: 0.0, Diff: 0.0, Sum: 0.1]
      [GC Worker Total (ms): Min: 120.6, Avg: 120.6, Max: 120.6, Diff: 0.0, Sum: 482.4]
      [GC Worker End (ms): Min: 52500.9, Avg: 52500.9, Max: 52500.9, Diff: 0.0]
   [Code Root Fixup: 0.0 ms]
   [Code Root Purge: 0.0 ms]
   [Clear CT: 0.1 ms]
   [Other: 0.4 ms]
      [Choose CSet: 0.0 ms]
      [Ref Proc: 0.0 ms]
      [Ref Enq: 0.0 ms]
      [Redirty Cards: 0.1 ms]
      [Humongous Register: 0.0 ms]
      [Humongous Reclaim: 0.0 ms]
      [Free CSet: 0.1 ms]
   [Eden: 115.0M(115.0M)->0.0B(84.0M) Survivors: 23.0M->18.0M Heap: 1599.3M(2048.0M)->1526.5M(2048.0M)]
 [Times: user=0.50 sys=0.00, real=0.12 secs] 
52.577: [GC pause (G1 Evacuation Pause) (young), 0.0661088 secs]
   [Parallel Time: 65.7 ms, GC Workers: 4]
      [GC Worker Start (ms): Min: 52577.2, Avg: 52577.2, Max: 52577.2, Diff: 0.0]
      [Ext Root Scanning (ms): Min: 0.2, Avg: 0.2, Max: 0.2, Diff: 0.0, Sum: 0.8]
      [Update RS (ms): Min: 23.3, Avg: 23.4, Max: 23.4, Diff: 0.0, Sum: 93.5]
         [Processed Buffers: Min: 44, Avg: 46.3, Max: 50, Diff: 6, Sum: 185]
      [Scan RS (ms): Min: 0.0, Avg: 0.1, Max: 0.1, Diff: 0.0, Sum: 0.2]
      [Code Root Scanning (ms): Min: 0.0, Avg: 0.0, Max: 0.0, Diff: 0.0, Sum: 0.0]
      [Object Copy (ms): Min: 42.0, Avg: 42.0, Max: 42.1, Diff: 0.1, Sum: 168.1]
      [Termination (ms): Min: 0.0, Avg: 0.0, Max: 0.0, Diff: 0.0, Sum: 0.0]
         [Termination Attempts: Min: 1, Avg: 1.0, Max: 1, Diff: 0, Sum: 4]
      [GC Worker Other (ms): Min: 0.0, Avg: 0.0, Max: 0.0, Diff: 0.0, Sum: 0.0]
      [GC Worker Total (ms): Min: 65.7, Avg: 65.7, Max: 65.7, Diff: 0.0, Sum: 262.6]
      [GC Worker End (ms): Min: 52642.9, Avg: 52642.9, Max: 52642.9, Diff: 0.0]
   [Code Root Fixup: 0.0 ms]
   [Code Root Purge: 0.0 ms]
   [Clear CT: 0.0 ms]
   [Other: 0.4 ms]
      [Choose CSet: 0.0 ms]
      [Ref Proc: 0.0 ms]
      [Ref Enq: 0.0 ms]
      [Redirty Cards: 0.1 ms]
      [Humongous Register: 0.0 ms]
      [Humongous Reclaim: 0.0 ms]
      [Free CSet: 0.1 ms]
   [Eden: 84.0M(84.0M)->0.0B(89.0M) Survivors: 18.0M->13.0M Heap: 1610.5M(2048.0M)->1557.0M(2048.0M)]
 [Times: user=0.25 sys=0.00, real=0.07 secs] 
52.725: [GC pause (G1 Evacuation Pause) (young), 0.0805613 secs]
   [Parallel Time: 80.2 ms, GC Workers: 4]
      [GC Worker Start (ms): Min: 52724.9, Avg: 52725.0, Max: 52725.0, Diff: 0.0]
      [Ext Root Scanning (ms): Min: 0.2, Avg: 0.2, Max: 0.2, Diff: 0.0, Sum: 0.8]
      [Update RS (ms): Min: 17.1, Avg: 17.4, Max: 17.6, Diff: 0.5, Sum: 69.7]
         [Processed Buffers: Min: 30, Avg: 30.5, Max: 31, Diff: 1, Sum: 122]
      [Scan RS (ms): Min: 1.2, Avg: 1.4, Max: 1.7, Diff: 0.5, Sum: 5.5]
      [Code Root Scanning (ms): Min: 0.0, Avg: 0.0, Max: 0.0, Diff: 0.0, Sum: 0.0]
      [Object Copy (ms): Min: 61.1, Avg: 61.1, Max: 61.1, Diff: 0.0, Sum: 244.5]
      [Termination (ms): Min: 0.0, Avg: 0.0, Max: 0.0, Diff: 0.0, Sum: 0.0]
         [Termination Attempts: Min: 20, Avg: 26.0, Max: 30, Diff: 10, Sum: 104]
      [GC Worker Other (ms): Min: 0.0, Avg: 0.0, Max: 0.0, Diff: 0.0, Sum: 0.0]
      [GC Worker Total (ms): Min: 80.1, Avg: 80.1, Max: 80.2, Diff: 0.0, Sum: 320.6]
      [GC Worker End (ms): Min: 52805.1, Avg: 52805.1, Max: 52805.1, Diff: 0.0]
   [Code Root Fixup: 0.0 ms]
   [Code Root Purge: 0.0 ms]
   [Clear CT: 0.0 ms]
   [Other: 0.3 ms]
      [Choose CSet: 0.0 ms]
      [Ref Proc: 0.0 ms]
      [Ref Enq: 0.0 ms]
      [Redirty Cards: 0.1 ms]
      [Humongous Register: 0.0 ms]
      [Humongous Reclaim: 0.0 ms]
      [Free CSet: 0.1 ms]
   [Eden: 89.0M(89.0M)->0.0B(89.0M) Survivors: 13.0M->13.0M Heap: 1646.0M(2048.0M)->1589.0M(2048.0M)]
 [Times: user=0.38 sys=0.00, real=0.08 secs] 
52.887: [GC pause (G1 Evacuation Pause) (young), 0.0749737 secs]
   [Parallel Time: 74.6 ms, GC Workers: 4]
      [GC Worker Start (ms): Min: 52886.6, Avg: 52886.6, Max: 52886.6, Diff: 0.0]
      [Ext Root Scanning (ms): Min: 0.2, Avg: 0.2, Max: 0.2, Diff: 0.0, Sum: 0.8]
      [Update RS (ms): Min: 17.6, Avg: 17.6, Max: 17.7, Diff: 0.1, Sum: 70.5]
         [Processed Buffers: Min: 33, Avg: 33.8, Max: 35, Diff: 2, Sum: 135]
      [Scan RS (ms): Min: 0.0, Avg: 0.0, Max: 0.0, Diff: 0.0, Sum: 0.1]
      [Code Root Scanning (ms): Min: 0.0, Avg: 0.0, Max: 0.0, Diff: 0.0, Sum: 0.0]
      [Object Copy (ms): Min: 56.6, Avg: 56.7, Max: 56.7, Diff: 0.1, Sum: 226.7]
      [Termination (ms): Min: 0.0, Avg: 0.0, Max: 0.0, Diff: 0.0, Sum: 0.0]
         [Termination Attempts: Min: 8, Avg: 10.3, Max: 12, Diff: 4, Sum: 41]
      [GC Worker Other (ms): Min: 0.0, Avg: 0.0, Max: 0.0, Diff: 0.0, Sum: 0.1]
      [GC Worker Total (ms): Min: 74.5, Avg: 74.5, Max: 74.6, Diff: 0.0, Sum: 298.1]
      [GC Worker End (ms): Min: 52961.1, Avg: 52961.1, Max: 52961.1, Diff: 0.0]
   [Code Root Fixup: 0.0 ms]
   [Code Root Purge: 0.0 ms]
   [Clear CT: 0.0 ms]
   [Other: 0.4 ms]
      [Choose CSet: 0.0 ms]
      [Ref Proc: 0.1 ms]
      [Ref Enq: 0.0 ms]
      [Redirty Cards: 0.1 ms]
      [Humongous Register: 0.0 ms]
      [Humongous Reclaim: 0.0 ms]
      [Free CSet: 0.1 ms]
   [Eden: 89.0M(89.0M)->0.0B(89.0M) Survivors: 13.0M->13.0M Heap: 1678.0M(2048.0M)->1622.3M(2048.0M)]
 [Times: user=0.31 sys=0.00, real=0.08 secs] 
53.043: [GC pause (G1 Evacuation Pause) (young), 0.0528392 secs]
   [Parallel Time: 52.5 ms, GC Workers: 4]
      [GC Worker Start (ms): Min: 53042.9, Avg: 53042.9, Max: 53042.9, Diff: 0.0]
      [Ext Root Scanning (ms): Min: 0.2, Avg: 0.2, Max: 0.2, Diff: 0.0, Sum: 0.8]
      [Update RS (ms): Min: 19.2, Avg: 19.3, Max: 19.5, Diff: 0.3, Sum: 77.4]
         [Processed Buffers: Min: 36, Avg: 37.0, Max: 39, Diff: 3, Sum: 148]
      [Scan RS (ms): Min: 0.1, Avg: 0.2, Max: 0.4, Diff: 0.3, Sum: 1.0]
      [Code Root Scanning (ms): Min: 0.0, Avg: 0.0, Max: 0.0, Diff: 0.0, Sum: 0.0]
      [Object Copy (ms): Min: 32.7, Avg: 32.7, Max: 32.7, Diff: 0.0, Sum: 130.7]
      [Termination (ms): Min: 0.0, Avg: 0.0, Max: 0.0, Diff: 0.0, Sum: 0.0]
         [Termination Attempts: Min: 2, Avg: 3.0, Max: 4, Diff: 2, Sum: 12]
      [GC Worker Other (ms): Min: 0.0, Avg: 0.0, Max: 0.0, Diff: 0.0, Sum: 0.0]
      [GC Worker Total (ms): Min: 52.5, Avg: 52.5, Max: 52.5, Diff: 0.0, Sum: 209.9]
      [GC Worker End (ms): Min: 53095.4, Avg: 53095.4, Max: 53095.4, Diff: 0.0]
   [Code Root Fixup: 0.0 ms]
   [Code Root Purge: 0.0 ms]
   [Clear CT: 0.0 ms]
   [Other: 0.3 ms]
      [Choose CSet: 0.0 ms]
      [Ref Proc: 0.0 ms]
      [Ref Enq: 0.0 ms]
      [Redirty Cards: 0.1 ms]
      [Humongous Register: 0.0 ms]
      [Humongous Reclaim: 0.0 ms]
      [Free CSet: 0.1 ms]
   [Eden: 89.0M(89.0M)->0.0B(89.0M) Survivors: 13.0M->13.0M Heap: 1711.3M(2048.0M)->1654.9M(2048.0M)]
 [Times: user=0.19 sys=0.00, real=0.05 secs] 
53.177: [GC pause (G1 Evacuation Pause) (young), 0.0924508 secs]
   [Parallel Time: 92.1 ms, GC Workers: 4]
      [GC Worker Start (ms): Min: 53176.9, Avg: 53176.9, Max: 53176.9, Diff: 0.0]
      [Ext Root Scanning (ms): Min: 0.2, Avg: 0.2, Max: 0.2, Diff: 0.0, Sum: 0.7]
      [Update RS (ms): Min: 31.9, Avg: 32.0, Max: 32.0, Diff: 0.2, Sum: 127.9]
         [Processed Buffers: Min: 49, Avg: 55.3, Max: 60, Diff: 11, Sum: 221]
      [Scan RS (ms): Min: 0.0, Avg: 0.0, Max: 0.0, Diff: 0.0, Sum: 0.0]
      [Code Root Scanning (ms): Min: 0.0, Avg: 0.0, Max: 0.0, Diff: 0.0, Sum: 0.0]
      [Object Copy (ms): Min: 59.8, Avg: 59.9, Max: 60.0, Diff: 0.1, Sum: 239.5]
      [Termination (ms): Min: 0.0, Avg: 0.0, Max: 0.0, Diff: 0.0, Sum: 0.0]
         [Termination Attempts: Min: 11, Avg: 14.0, Max: 17, Diff: 6, Sum: 56]
      [GC Worker Other (ms): Min: 0.0, Avg: 0.0, Max: 0.0, Diff: 0.0, Sum: 0.0]
      [GC Worker Total (ms): Min: 92.1, Avg: 92.1, Max: 92.1, Diff: 0.0, Sum: 368.3]
      [GC Worker End (ms): Min: 53269.0, Avg: 53269.0, Max: 53269.0, Diff: 0.0]
   [Code Root Fixup: 0.0 ms]
   [Code Root Purge: 0.0 ms]
   [Clear CT: 0.0 ms]
   [Other: 0.3 ms]
      [Choose CSet: 0.0 ms]
      [Ref Proc: 0.0 ms]
      [Ref Enq: 0.0 ms]
      [Redirty Cards: 0.1 ms]
      [Humongous Register: 0.0 ms]
      [Humongous Reclaim: 0.0 ms]
      [Free CSet: 0.1 ms]
   [Eden: 89.0M(89.0M)->0.0B(89.0M) Survivors: 13.0M->13.0M Heap: 1743.9M(2048.0M)->1688.8M(2048.0M)]
 [Times: user=0.38 sys=0.00, real=0.09 secs] 
53.353: [GC pause (G1 Evacuation Pause) (young), 0.0652887 secs]
   [Parallel Time: 64.9 ms, GC Workers: 4]
      [GC Worker Start (ms): Min: 53353.3, Avg: 53353.3, Max: 53353.3, Diff: 0.0]
      [Ext Root Scanning (ms): Min: 0.2, Avg: 0.2, Max: 0.2, Diff: 0.0, Sum: 0.8]
      [Update RS (ms): Min: 25.3, Avg: 25.5, Max: 25.6, Diff: 0.3, Sum: 101.9]
         [Processed Buffers: Min: 46, Avg: 47.0, Max: 48, Diff: 2, Sum: 188]
      [Scan RS (ms): Min: 0.0, Avg: 0.0, Max: 0.0, Diff: 0.0, Sum: 0.0]
      [Code Root Scanning (ms): Min: 0.0, Avg: 0.0, Max: 0.0, Diff: 0.0, Sum: 0.0]
      [Object Copy (ms): Min: 39.1, Avg: 39.2, Max: 39.3, Diff: 0.3, Sum: 156.8]
      [Termination (ms): Min: 0.0, Avg: 0.0, Max: 0.0, Diff: 0.0, Sum: 0.0]
         [Termination Attempts: Min: 22, Avg: 28.5, Max: 38, Diff: 16, Sum: 114]
      [GC Worker Other (ms): Min: 0.0, Avg: 0.0, Max: 0.0, Diff: 0.0, Sum: 0.0]
      [GC Worker Total (ms): Min: 64.9, Avg: 64.9, Max: 64.9, Diff: 0.0, Sum: 259.6]
      [GC Worker End (ms): Min: 53418.2, Avg: 53418.2, Max: 53418.2, Diff: 0.0]
   [Code Root Fixup: 0.0 ms]
   [Code Root Purge: 0.0 ms]
   [Clear CT: 0.0 ms]
   [Other: 0.3 ms]
      [Choose CSet: 0.0 ms]
      [Ref Proc: 0.0 ms]
      [Ref Enq: 0.0 ms]
      [Redirty Cards: 0.1 ms]
      [Humongous Register: 0.0 ms]
      [Humongous Reclaim: 0.0 ms]
      [Free CSet: 0.1 ms]
   [Eden: 89.0M(89.0M)->0.0B(89.0M) Survivors: 13.0M->13.0M Heap: 1777.8M(2048.0M)->1721.3M(2048.0M)]
 [Times: user=0.25 sys=0.00, real=0.07 secs] 
53.503: [GC pause (G1 Evacuation Pause) (young) (to-space exhausted), 0.0848711 secs]
   [Parallel Time: 81.0 ms, GC Workers: 4]
      [GC Worker Start (ms): Min: 53502.6, Avg: 53502.6, Max: 53502.6, Diff: 0.0]
      [Ext Root Scanning (ms): Min: 0.2, Avg: 0.2, Max: 0.2, Diff: 0.0, Sum: 0.8]
      [Update RS (ms): Min: 18.4, Avg: 18.5, Max: 18.7, Diff: 0.3, Sum: 74.0]
         [Processed Buffers: Min: 32, Avg: 32.5, Max: 33, Diff: 1, Sum: 130]
      [Scan RS (ms): Min: 0.1, Avg: 0.3, Max: 0.4, Diff: 0.3, Sum: 1.2]
      [Code Root Scanning (ms): Min: 0.0, Avg: 0.0, Max: 0.0, Diff: 0.0, Sum: 0.0]
      [Object Copy (ms): Min: 62.0, Avg: 62.0, Max: 62.0, Diff: 0.0, Sum: 247.9]
      [Termination (ms): Min: 0.0, Avg: 0.0, Max: 0.0, Diff: 0.0, Sum: 0.0]
         [Termination Attempts: Min: 25, Avg: 29.5, Max: 33, Diff: 8, Sum: 118]
      [GC Worker Other (ms): Min: 0.0, Avg: 0.0, Max: 0.0, Diff: 0.0, Sum: 0.0]
      [GC Worker Total (ms): Min: 81.0, Avg: 81.0, Max: 81.0, Diff: 0.0, Sum: 323.9]
      [GC Worker End (ms): Min: 53583.6, Avg: 53583.6, Max: 53583.6, Diff: 0.0]
   [Code Root Fixup: 0.0 ms]
   [Code Root Purge: 0.0 ms]
   [Clear CT: 0.0 ms]
   [Other: 3.8 ms]
      [Evacuation Failure: 3.5 ms]
      [Choose CSet: 0.0 ms]
      [Ref Proc: 0.0 ms]
      [Ref Enq: 0.0 ms]
      [Redirty Cards: 0.1 ms]
      [Humongous Register: 0.0 ms]
      [Humongous Reclaim: 0.0 ms]
      [Free CSet: 0.1 ms]
   [Eden: 89.0M(89.0M)->0.0B(89.0M) Survivors: 13.0M->13.0M Heap: 1810.3M(2048.0M)->1779.0M(2048.0M)]
 [Times: user=0.34 sys=0.00, real=0.09 secs] 
53.659: [GC pause (G1 Evacuation Pause) (young) (to-space exhausted), 0.0942598 secs]
   [Parallel Time: 82.5 ms, GC Workers: 4]
      [GC Worker Start (ms): Min: 53659.5, Avg: 53659.5, Max: 53659.5, Diff: 0.0]
      [Ext Root Scanning (ms): Min: 0.2, Avg: 0.2, Max: 0.2, Diff: 0.0, Sum: 0.8]
      [Update RS (ms): Min: 0.0, Avg: 25.4, Max: 34.0, Diff: 34.0, Sum: 101.7]
         [Processed Buffers: Min: 0, Avg: 63.5, Max: 98, Diff: 98, Sum: 254]
      [Scan RS (ms): Min: 0.0, Avg: 0.0, Max: 0.1, Diff: 0.1, Sum: 0.1]
      [Code Root Scanning (ms): Min: 0.0, Avg: 0.0, Max: 0.0, Diff: 0.0, Sum: 0.0]
      [Object Copy (ms): Min: 48.2, Avg: 56.8, Max: 82.2, Diff: 34.0, Sum: 227.1]
      [Termination (ms): Min: 0.0, Avg: 0.0, Max: 0.0, Diff: 0.0, Sum: 0.1]
         [Termination Attempts: Min: 1, Avg: 136.8, Max: 240, Diff: 239, Sum: 547]
      [GC Worker Other (ms): Min: 0.0, Avg: 0.0, Max: 0.0, Diff: 0.0, Sum: 0.0]
      [GC Worker Total (ms): Min: 82.4, Avg: 82.4, Max: 82.4, Diff: 0.0, Sum: 329.8]
      [GC Worker End (ms): Min: 53741.9, Avg: 53741.9, Max: 53741.9, Diff: 0.0]
   [Code Root Fixup: 0.0 ms]
   [Code Root Purge: 0.0 ms]
   [Clear CT: 0.0 ms]
   [Other: 11.8 ms]
      [Evacuation Failure: 11.4 ms]
      [Choose CSet: 0.0 ms]
      [Ref Proc: 0.0 ms]
      [Ref Enq: 0.0 ms]
      [Redirty Cards: 0.1 ms]
      [Humongous Register: 0.0 ms]
      [Humongous Reclaim: 0.0 ms]
      [Free CSet: 0.0 ms]
   [Eden: 67.0M(89.0M)->0.0B(102.0M) Survivors: 13.0M->0.0B Heap: 1846.0M(2048.0M)->1838.0M(2048.0M)]
 [Times: user=0.23 sys=0.00, real=0.09 secs] 
53.774: [GC pause (G1 Evacuation Pause) (young) (to-space exhausted), 0.0259635 secs]
   [Parallel Time: 24.5 ms, GC Workers: 4]
      [GC Worker Start (ms): Min: 53774.0, Avg: 53774.0, Max: 53774.0, Diff: 0.0]
      [Ext Root Scanning (ms): Min: 0.2, Avg: 0.2, Max: 0.2, Diff: 0.0, Sum: 0.8]
      [Update RS (ms): Min: 19.4, Avg: 19.5, Max: 19.6, Diff: 0.1, Sum: 78.2]
         [Processed Buffers: Min: 41, Avg: 45.5, Max: 52, Diff: 11, Sum: 182]
      [Scan RS (ms): Min: 0.0, Avg: 0.0, Max: 0.0, Diff: 0.0, Sum: 0.0]
      [Code Root Scanning (ms): Min: 0.0, Avg: 0.0, Max: 0.0, Diff: 0.0, Sum: 0.0]
      [Object Copy (ms): Min: 3.5, Avg: 4.2, Max: 4.7, Diff: 1.2, Sum: 16.8]
      [Termination (ms): Min: 0.0, Avg: 0.5, Max: 1.4, Diff: 1.4, Sum: 2.1]
         [Termination Attempts: Min: 1, Avg: 1.0, Max: 1, Diff: 0, Sum: 4]
      [GC Worker Other (ms): Min: 0.0, Avg: 0.0, Max: 0.0, Diff: 0.0, Sum: 0.0]
      [GC Worker Total (ms): Min: 24.5, Avg: 24.5, Max: 24.5, Diff: 0.0, Sum: 97.9]
      [GC Worker End (ms): Min: 53798.5, Avg: 53798.5, Max: 53798.5, Diff: 0.0]
   [Code Root Fixup: 0.0 ms]
   [Code Root Purge: 0.0 ms]
   [Clear CT: 0.1 ms]
   [Other: 1.4 ms]
      [Evacuation Failure: 1.2 ms]
      [Choose CSet: 0.0 ms]
      [Ref Proc: 0.1 ms]
      [Ref Enq: 0.0 ms]
      [Redirty Cards: 0.1 ms]
      [Humongous Register: 0.0 ms]
      [Humongous Reclaim: 0.0 ms]
      [Free CSet: 0.0 ms]
   [Eden: 8192.0K(102.0M)->0.0B(102.0M) Survivors: 0.0B->0.0B Heap: 1846.0M(2048.0M)->1846.0M(2048.0M)]
 [Times: user=0.06 sys=0.00, real=0.03 secs] 
53.801: [Full GC (Allocation Failure)  1845M->1183M(2048M), 1.5805002 secs]
   [Eden: 0.0B(102.0M)->0.0B(351.0M) Survivors: 0.0B->0.0B Heap: 1846.0M(2048.0M)->1183.4M(2048.0M)], [Metaspace: 9268K->9268K(1058816K)]
 [Times: user=3.11 sys=0.00, real=1.58 secs] 
55.381: [GC concurrent-mark-abort]
55.704: [GC pause (G1 Evacuation Pause) (young), 0.1623908 secs]
   [Parallel Time: 161.7 ms, GC Workers: 4]
      [GC Worker Start (ms): Min: 55704.0, Avg: 55704.1, Max: 55704.1, Diff: 0.1]
      [Ext Root Scanning (ms): Min: 0.2, Avg: 0.2, Max: 0.3, Diff: 0.1, Sum: 0.9]
      [Update RS (ms): Min: 0.0, Avg: 0.0, Max: 0.0, Diff: 0.0, Sum: 0.1]
         [Processed Buffers: Min: 0, Avg: 1.3, Max: 2, Diff: 2, Sum: 5]
      [Scan RS (ms): Min: 0.0, Avg: 0.0, Max: 0.1, Diff: 0.0, Sum: 0.2]
      [Code Root Scanning (ms): Min: 0.0, Avg: 0.0, Max: 0.0, Diff: 0.0, Sum: 0.0]
      [Object Copy (ms): Min: 161.3, Avg: 161.3, Max: 161.3, Diff: 0.0, Sum: 645.3]
      [Termination (ms): Min: 0.0, Avg: 0.0, Max: 0.0, Diff: 0.0, Sum: 0.0]
         [Termination Attempts: Min: 5, Avg: 5.8, Max: 8, Diff: 3, Sum: 23]
      [GC Worker Other (ms): Min: 0.0, Avg: 0.0, Max: 0.0, Diff: 0.0, Sum: 0.1]
      [GC Worker Total (ms): Min: 161.6, Avg: 161.6, Max: 161.7, Diff: 0.1, Sum: 646.5]
      [GC Worker End (ms): Min: 55865.7, Avg: 55865.7, Max: 55865.7, Diff: 0.0]
   [Code Root Fixup: 0.0 ms]
   [Code Root Purge: 0.0 ms]
   [Clear CT: 0.1 ms]
   [Other: 0.5 ms]
      [Choose CSet: 0.0 ms]
      [Ref Proc: 0.0 ms]
      [Ref Enq: 0.0 ms]
      [Redirty Cards: 0.1 ms]
      [Humongous Register: 0.0 ms]
      [Humongous Reclaim: 0.0 ms]
      [Free CSet: 0.2 ms]
   [Eden: 351.0M(351.0M)->0.0B(201.0M) Survivors: 0.0B->44.0M Heap: 1534.4M(2048.0M)->1311.6M(2048.0M)]
 [Times: user=0.63 sys=0.00, real=0.16 secs] 
55.983: [GC pause (G1 Evacuation Pause) (young) (initial-mark), 0.1317708 secs]
   [Parallel Time: 131.2 ms, GC Workers: 4]
      [GC Worker Start (ms): Min: 55982.9, Avg: 55982.9, Max: 55982.9, Diff: 0.0]
      [Ext Root Scanning (ms): Min: 0.3, Avg: 0.3, Max: 0.3, Diff: 0.0, Sum: 1.1]
      [Update RS (ms): Min: 19.3, Avg: 19.5, Max: 19.7, Diff: 0.4, Sum: 78.2]
         [Processed Buffers: Min: 34, Avg: 35.0, Max: 36, Diff: 2, Sum: 140]
      [Scan RS (ms): Min: 5.0, Avg: 5.1, Max: 5.4, Diff: 0.4, Sum: 20.5]
      [Code Root Scanning (ms): Min: 0.0, Avg: 0.0, Max: 0.0, Diff: 0.0, Sum: 0.0]
      [Object Copy (ms): Min: 106.1, Avg: 106.1, Max: 106.1, Diff: 0.1, Sum: 424.4]
      [Termination (ms): Min: 0.0, Avg: 0.0, Max: 0.1, Diff: 0.1, Sum: 0.2]
         [Termination Attempts: Min: 11, Avg: 524.5, Max: 705, Diff: 694, Sum: 2098]
      [GC Worker Other (ms): Min: 0.0, Avg: 0.0, Max: 0.0, Diff: 0.0, Sum: 0.1]
      [GC Worker Total (ms): Min: 131.1, Avg: 131.1, Max: 131.1, Diff: 0.0, Sum: 524.5]
      [GC Worker End (ms): Min: 56114.0, Avg: 56114.0, Max: 56114.0, Diff: 0.0]
   [Code Root Fixup: 0.0 ms]
   [Code Root Purge: 0.0 ms]
   [Clear CT: 0.0 ms]
   [Other: 0.6 ms]
      [Choose CSet: 0.0 ms]
      [Ref Proc: 0.0 ms]
      [Ref Enq: 0.0 ms]
      [Redirty Cards: 0.2 ms]
      [Humongous Register: 0.0 ms]
      [Humongous Reclaim: 0.0 ms]
      [Free CSet: 0.2 ms]
   [Eden: 108.0M(58.0M)->0.0B(219.0M) Survivors: 44.0M->13.0M Heap: 1419.6M(2048.0M)->1349.3M(2048.0M)]
 [Times: user=0.50 sys=0.00, real=0.13 secs] 
56.115: [GC concurrent-root-region-scan-start]
56.138: [GC concurrent-root-region-scan-end, 0.0233431 secs]
56.138: [GC concurrent-mark-start]
56.348: [GC pause (G1 Evacuation Pause) (young), 0.1441777 secs]
   [Parallel Time: 143.6 ms, GC Workers: 4]
      [GC Worker Start (ms): Min: 56347.9, Avg: 56347.9, Max: 56347.9, Diff: 0.0]
      [Ext Root Scanning (ms): Min: 0.2, Avg: 0.2, Max: 0.2, Diff: 0.0, Sum: 0.8]
      [Update RS (ms): Min: 18.9, Avg: 19.0, Max: 19.2, Diff: 0.3, Sum: 76.1]
         [Processed Buffers: Min: 37, Avg: 38.3, Max: 40, Diff: 3, Sum: 153]
      [Scan RS (ms): Min: 2.3, Avg: 2.4, Max: 2.5, Diff: 0.2, Sum: 9.6]
      [Code Root Scanning (ms): Min: 0.0, Avg: 0.0, Max: 0.0, Diff: 0.0, Sum: 0.0]
      [Object Copy (ms): Min: 121.9, Avg: 121.9, Max: 122.0, Diff: 0.1, Sum: 487.8]
      [Termination (ms): Min: 0.0, Avg: 0.0, Max: 0.0, Diff: 0.0, Sum: 0.0]
         [Termination Attempts: Min: 19, Avg: 78.0, Max: 108, Diff: 89, Sum: 312]
      [GC Worker Other (ms): Min: 0.0, Avg: 0.0, Max: 0.0, Diff: 0.0, Sum: 0.1]
      [GC Worker Total (ms): Min: 143.6, Avg: 143.6, Max: 143.6, Diff: 0.0, Sum: 574.5]
      [GC Worker End (ms): Min: 56491.5, Avg: 56491.5, Max: 56491.5, Diff: 0.0]
   [Code Root Fixup: 0.0 ms]
   [Code Root Purge: 0.0 ms]
   [Clear CT: 0.1 ms]
   [Other: 0.5 ms]
      [Choose CSet: 0.0 ms]
      [Ref Proc: 0.0 ms]
      [Ref Enq: 0.0 ms]
      [Redirty Cards: 0.1 ms]
      [Humongous Register: 0.0 ms]
      [Humongous Reclaim: 0.0 ms]
      [Free CSet: 0.1 ms]
   [Eden: 219.0M(219.0M)->0.0B(158.0M) Survivors: 13.0M->29.0M Heap: 1568.3M(2048.0M)->1431.0M(2048.0M)]
 [Times: user=0.61 sys=0.00, real=0.14 secs] 
56.588: [GC pause (G1 Evacuation Pause) (young), 0.1312355 secs]
   [Parallel Time: 130.7 ms, GC Workers: 4]
      [GC Worker Start (ms): Min: 56588.3, Avg: 56588.3, Max: 56588.3, Diff: 0.0]
      [Ext Root Scanning (ms): Min: 0.2, Avg: 0.2, Max: 0.2, Diff: 0.0, Sum: 0.8]
      [Update RS (ms): Min: 32.1, Avg: 32.2, Max: 32.4, Diff: 0.3, Sum: 128.8]
         [Processed Buffers: Min: 61, Avg: 62.5, Max: 64, Diff: 3, Sum: 250]
      [Scan RS (ms): Min: 12.1, Avg: 12.3, Max: 12.6, Diff: 0.5, Sum: 49.1]
      [Code Root Scanning (ms): Min: 0.0, Avg: 0.0, Max: 0.0, Diff: 0.0, Sum: 0.0]
      [Object Copy (ms): Min: 85.7, Avg: 85.9, Max: 86.1, Diff: 0.4, Sum: 343.6]
      [Termination (ms): Min: 0.0, Avg: 0.1, Max: 0.1, Diff: 0.1, Sum: 0.3]
         [Termination Attempts: Min: 4, Avg: 849.3, Max: 1210, Diff: 1206, Sum: 3397]
      [GC Worker Other (ms): Min: 0.0, Avg: 0.0, Max: 0.0, Diff: 0.0, Sum: 0.1]
      [GC Worker Total (ms): Min: 130.7, Avg: 130.7, Max: 130.7, Diff: 0.0, Sum: 522.6]
      [GC Worker End (ms): Min: 56718.9, Avg: 56718.9, Max: 56718.9, Diff: 0.0]
   [Code Root Fixup: 0.0 ms]
   [Code Root Purge: 0.0 ms]
   [Clear CT: 0.0 ms]
   [Other: 0.5 ms]
      [Choose CSet: 0.0 ms]
      [Ref Proc: 0.0 ms]
      [Ref Enq: 0.0 ms]
      [Redirty Cards: 0.2 ms]
      [Humongous Register: 0.0 ms]
      [Humongous Reclaim: 0.0 ms]
      [Free CSet: 0.1 ms]
   [Eden: 76.0M(76.0M)->0.0B(140.0M) Survivors: 29.0M->14.0M Heap: 1507.0M(2048.0M)->1456.1M(2048.0M)]
 [Times: user=0.50 sys=0.00, real=0.13 secs] 
56.883: [GC pause (G1 Evacuation Pause) (young), 0.1137626 secs]
   [Parallel Time: 113.3 ms, GC Workers: 4]
      [GC Worker Start (ms): Min: 56882.7, Avg: 56882.7, Max: 56882.7, Diff: 0.0]
      [Ext Root Scanning (ms): Min: 0.2, Avg: 0.2, Max: 0.2, Diff: 0.0, Sum: 0.8]
      [Update RS (ms): Min: 20.6, Avg: 20.7, Max: 20.8, Diff: 0.2, Sum: 82.7]
         [Processed Buffers: Min: 37, Avg: 37.8, Max: 39, Diff: 2, Sum: 151]
      [Scan RS (ms): Min: 4.3, Avg: 4.4, Max: 4.5, Diff: 0.2, Sum: 17.6]
      [Code Root Scanning (ms): Min: 0.0, Avg: 0.0, Max: 0.0, Diff: 0.0, Sum: 0.0]
      [Object Copy (ms): Min: 87.9, Avg: 88.0, Max: 88.0, Diff: 0.1, Sum: 351.9]
      [Termination (ms): Min: 0.0, Avg: 0.0, Max: 0.0, Diff: 0.0, Sum: 0.1]
         [Termination Attempts: Min: 23, Avg: 228.5, Max: 331, Diff: 308, Sum: 914]
      [GC Worker Other (ms): Min: 0.0, Avg: 0.0, Max: 0.0, Diff: 0.0, Sum: 0.0]
      [GC Worker Total (ms): Min: 113.3, Avg: 113.3, Max: 113.3, Diff: 0.0, Sum: 453.1]
      [GC Worker End (ms): Min: 56995.9, Avg: 56996.0, Max: 56996.0, Diff: 0.0]
   [Code Root Fixup: 0.0 ms]
   [Code Root Purge: 0.0 ms]
   [Clear CT: 0.1 ms]
   [Other: 0.4 ms]
      [Choose CSet: 0.0 ms]
      [Ref Proc: 0.0 ms]
      [Ref Enq: 0.0 ms]
      [Redirty Cards: 0.1 ms]
      [Humongous Register: 0.0 ms]
      [Humongous Reclaim: 0.0 ms]
      [Free CSet: 0.1 ms]
   [Eden: 140.0M(140.0M)->0.0B(102.0M) Survivors: 14.0M->20.0M Heap: 1596.1M(2048.0M)->1507.3M(2048.0M)]
 [Times: user=0.44 sys=0.00, real=0.11 secs] 
57.101: [GC pause (G1 Evacuation Pause) (young), 0.0950539 secs]
   [Parallel Time: 94.7 ms, GC Workers: 4]
      [GC Worker Start (ms): Min: 57100.9, Avg: 57100.9, Max: 57100.9, Diff: 0.0]
      [Ext Root Scanning (ms): Min: 0.2, Avg: 0.2, Max: 0.2, Diff: 0.0, Sum: 0.8]
      [Update RS (ms): Min: 17.4, Avg: 17.4, Max: 17.5, Diff: 0.1, Sum: 69.8]
         [Processed Buffers: Min: 33, Avg: 34.0, Max: 35, Diff: 2, Sum: 136]
      [Scan RS (ms): Min: 1.5, Avg: 1.5, Max: 1.6, Diff: 0.1, Sum: 6.0]
      [Code Root Scanning (ms): Min: 0.0, Avg: 0.0, Max: 0.0, Diff: 0.0, Sum: 0.0]
      [Object Copy (ms): Min: 75.4, Avg: 75.4, Max: 75.4, Diff: 0.0, Sum: 301.7]
      [Termination (ms): Min: 0.0, Avg: 0.0, Max: 0.0, Diff: 0.0, Sum: 0.0]
         [Termination Attempts: Min: 11, Avg: 16.5, Max: 24, Diff: 13, Sum: 66]
      [GC Worker Other (ms): Min: 0.0, Avg: 0.0, Max: 0.1, Diff: 0.0, Sum: 0.1]
      [GC Worker Total (ms): Min: 94.6, Avg: 94.6, Max: 94.6, Diff: 0.0, Sum: 378.4]
      [GC Worker End (ms): Min: 57195.5, Avg: 57195.5, Max: 57195.6, Diff: 0.0]
   [Code Root Fixup: 0.0 ms]
   [Code Root Purge: 0.0 ms]
   [Clear CT: 0.0 ms]
   [Other: 0.4 ms]
      [Choose CSet: 0.0 ms]
      [Ref Proc: 0.0 ms]
      [Ref Enq: 0.0 ms]
      [Redirty Cards: 0.1 ms]
      [Humongous Register: 0.0 ms]
      [Humongous Reclaim: 0.0 ms]
      [Free CSet: 0.1 ms]
   [Eden: 102.0M(102.0M)->0.0B(86.0M) Survivors: 20.0M->16.0M Heap: 1609.3M(2048.0M)->1544.6M(2048.0M)]
 [Times: user=0.44 sys=0.00, real=0.10 secs] 
57.274: [GC pause (G1 Evacuation Pause) (young), 0.0776346 secs]
   [Parallel Time: 77.2 ms, GC Workers: 4]
      [GC Worker Start (ms): Min: 57273.8, Avg: 57273.8, Max: 57273.8, Diff: 0.0]
      [Ext Root Scanning (ms): Min: 0.2, Avg: 0.2, Max: 0.2, Diff: 0.0, Sum: 0.8]
      [Update RS (ms): Min: 22.6, Avg: 22.7, Max: 22.9, Diff: 0.4, Sum: 90.8]
         [Processed Buffers: Min: 37, Avg: 37.0, Max: 37, Diff: 0, Sum: 148]
      [Scan RS (ms): Min: 0.3, Avg: 0.5, Max: 0.6, Diff: 0.4, Sum: 1.9]
      [Code Root Scanning (ms): Min: 0.0, Avg: 0.0, Max: 0.0, Diff: 0.0, Sum: 0.0]
      [Object Copy (ms): Min: 53.8, Avg: 53.8, Max: 53.8, Diff: 0.0, Sum: 215.2]
      [Termination (ms): Min: 0.0, Avg: 0.0, Max: 0.0, Diff: 0.0, Sum: 0.0]
         [Termination Attempts: Min: 14, Avg: 55.0, Max: 78, Diff: 64, Sum: 220]
      [GC Worker Other (ms): Min: 0.0, Avg: 0.0, Max: 0.0, Diff: 0.0, Sum: 0.0]
      [GC Worker Total (ms): Min: 77.2, Avg: 77.2, Max: 77.2, Diff: 0.0, Sum: 308.8]
      [GC Worker End (ms): Min: 57351.0, Avg: 57351.0, Max: 57351.0, Diff: 0.0]
   [Code Root Fixup: 0.0 ms]
   [Code Root Purge: 0.0 ms]
   [Clear CT: 0.0 ms]
   [Other: 0.4 ms]
      [Choose CSet: 0.0 ms]
      [Ref Proc: 0.0 ms]
      [Ref Enq: 0.0 ms]
      [Redirty Cards: 0.1 ms]
      [Humongous Register: 0.0 ms]
      [Humongous Reclaim: 0.0 ms]
      [Free CSet: 0.1 ms]
   [Eden: 86.0M(86.0M)->0.0B(89.0M) Survivors: 16.0M->13.0M Heap: 1630.6M(2048.0M)->1576.4M(2048.0M)]
 [Times: user=0.25 sys=0.02, real=0.08 secs] 
57.443: [GC pause (G1 Evacuation Pause) (young), 0.0746764 secs]
   [Parallel Time: 74.3 ms, GC Workers: 4]
      [GC Worker Start (ms): Min: 57443.5, Avg: 57443.5, Max: 57443.5, Diff: 0.0]
      [Ext Root Scanning (ms): Min: 0.2, Avg: 0.2, Max: 0.2, Diff: 0.0, Sum: 0.8]
      [Update RS (ms): Min: 18.0, Avg: 18.2, Max: 18.5, Diff: 0.5, Sum: 72.8]
         [Processed Buffers: Min: 33, Avg: 33.8, Max: 36, Diff: 3, Sum: 135]
      [Scan RS (ms): Min: 0.3, Avg: 0.6, Max: 0.8, Diff: 0.4, Sum: 2.3]
      [Code Root Scanning (ms): Min: 0.0, Avg: 0.0, Max: 0.0, Diff: 0.0, Sum: 0.0]
      [Object Copy (ms): Min: 55.3, Avg: 55.3, Max: 55.3, Diff: 0.1, Sum: 221.1]
      [Termination (ms): Min: 0.0, Avg: 0.0, Max: 0.1, Diff: 0.1, Sum: 0.1]
         [Termination Attempts: Min: 2, Avg: 369.3, Max: 567, Diff: 565, Sum: 1477]
      [GC Worker Other (ms): Min: 0.0, Avg: 0.0, Max: 0.0, Diff: 0.0, Sum: 0.0]
      [GC Worker Total (ms): Min: 74.3, Avg: 74.3, Max: 74.3, Diff: 0.0, Sum: 297.2]
      [GC Worker End (ms): Min: 57517.8, Avg: 57517.8, Max: 57517.8, Diff: 0.0]
   [Code Root Fixup: 0.0 ms]
   [Code Root Purge: 0.0 ms]
   [Clear CT: 0.0 ms]
   [Other: 0.3 ms]
      [Choose CSet: 0.0 ms]
      [Ref Proc: 0.0 ms]
      [Ref Enq: 0.0 ms]
      [Redirty Cards: 0.1 ms]
      [Humongous Register: 0.0 ms]
      [Humongous Reclaim: 0.0 ms]
      [Free CSet: 0.1 ms]
   [Eden: 89.0M(89.0M)->0.0B(89.0M) Survivors: 13.0M->13.0M Heap: 1665.4M(2048.0M)->1608.4M(2048.0M)]
 [Times: user=0.31 sys=0.00, real=0.07 secs] 
57.599: [GC pause (G1 Evacuation Pause) (young), 0.0585974 secs]
   [Parallel Time: 58.3 ms, GC Workers: 4]
      [GC Worker Start (ms): Min: 57599.3, Avg: 57599.3, Max: 57599.3, Diff: 0.0]
      [Ext Root Scanning (ms): Min: 0.2, Avg: 0.2, Max: 0.2, Diff: 0.0, Sum: 0.8]
      [Update RS (ms): Min: 25.0, Avg: 25.1, Max: 25.4, Diff: 0.3, Sum: 100.5]
         [Processed Buffers: Min: 48, Avg: 50.5, Max: 53, Diff: 5, Sum: 202]
      [Scan RS (ms): Min: 0.0, Avg: 0.0, Max: 0.0, Diff: 0.0, Sum: 0.1]
      [Code Root Scanning (ms): Min: 0.0, Avg: 0.0, Max: 0.0, Diff: 0.0, Sum: 0.0]
      [Object Copy (ms): Min: 32.6, Avg: 32.9, Max: 33.0, Diff: 0.3, Sum: 131.4]
      [Termination (ms): Min: 0.0, Avg: 0.0, Max: 0.0, Diff: 0.0, Sum: 0.0]
         [Termination Attempts: Min: 17, Avg: 22.5, Max: 25, Diff: 8, Sum: 90]
      [GC Worker Other (ms): Min: 0.0, Avg: 0.0, Max: 0.0, Diff: 0.0, Sum: 0.0]
      [GC Worker Total (ms): Min: 58.2, Avg: 58.2, Max: 58.2, Diff: 0.0, Sum: 232.9]
      [GC Worker End (ms): Min: 57657.5, Avg: 57657.5, Max: 57657.5, Diff: 0.0]
   [Code Root Fixup: 0.0 ms]
   [Code Root Purge: 0.0 ms]
   [Clear CT: 0.0 ms]
   [Other: 0.3 ms]
      [Choose CSet: 0.0 ms]
      [Ref Proc: 0.0 ms]
      [Ref Enq: 0.0 ms]
      [Redirty Cards: 0.1 ms]
      [Humongous Register: 0.0 ms]
      [Humongous Reclaim: 0.0 ms]
      [Free CSet: 0.1 ms]
   [Eden: 89.0M(89.0M)->0.0B(89.0M) Survivors: 13.0M->13.0M Heap: 1697.4M(2048.0M)->1641.4M(2048.0M)]
 [Times: user=0.25 sys=0.00, real=0.06 secs] 
57.740: [GC pause (G1 Evacuation Pause) (young), 0.0720431 secs]
   [Parallel Time: 71.7 ms, GC Workers: 4]
      [GC Worker Start (ms): Min: 57740.1, Avg: 57740.1, Max: 57740.1, Diff: 0.0]
      [Ext Root Scanning (ms): Min: 0.2, Avg: 0.2, Max: 0.2, Diff: 0.0, Sum: 0.8]
      [Update RS (ms): Min: 17.5, Avg: 17.7, Max: 17.9, Diff: 0.3, Sum: 70.8]
         [Processed Buffers: Min: 32, Avg: 33.0, Max: 34, Diff: 2, Sum: 132]
      [Scan RS (ms): Min: 0.0, Avg: 0.1, Max: 0.2, Diff: 0.2, Sum: 0.4]
      [Code Root Scanning (ms): Min: 0.0, Avg: 0.0, Max: 0.0, Diff: 0.0, Sum: 0.0]
      [Object Copy (ms): Min: 53.6, Avg: 53.7, Max: 53.7, Diff: 0.1, Sum: 214.6]
      [Termination (ms): Min: 0.0, Avg: 0.0, Max: 0.0, Diff: 0.0, Sum: 0.0]
         [Termination Attempts: Min: 17, Avg: 20.8, Max: 24, Diff: 7, Sum: 83]
      [GC Worker Other (ms): Min: 0.0, Avg: 0.0, Max: 0.0, Diff: 0.0, Sum: 0.0]
      [GC Worker Total (ms): Min: 71.6, Avg: 71.7, Max: 71.7, Diff: 0.0, Sum: 286.6]
      [GC Worker End (ms): Min: 57811.8, Avg: 57811.8, Max: 57811.8, Diff: 0.0]
   [Code Root Fixup: 0.0 ms]
   [Code Root Purge: 0.0 ms]
   [Clear CT: 0.0 ms]
   [Other: 0.3 ms]
      [Choose CSet: 0.0 ms]
      [Ref Proc: 0.0 ms]
      [Ref Enq: 0.0 ms]
      [Redirty Cards: 0.1 ms]
      [Humongous Register: 0.0 ms]
      [Humongous Reclaim: 0.0 ms]
      [Free CSet: 0.1 ms]
   [Eden: 89.0M(89.0M)->0.0B(89.0M) Survivors: 13.0M->13.0M Heap: 1730.4M(2048.0M)->1673.7M(2048.0M)]
 [Times: user=0.31 sys=0.00, real=0.07 secs] 
57.891: [GC pause (G1 Evacuation Pause) (young), 0.0682321 secs]
   [Parallel Time: 67.8 ms, GC Workers: 4]
      [GC Worker Start (ms): Min: 57891.1, Avg: 57891.1, Max: 57891.1, Diff: 0.0]
      [Ext Root Scanning (ms): Min: 0.2, Avg: 0.2, Max: 0.2, Diff: 0.0, Sum: 0.8]
      [Update RS (ms): Min: 20.6, Avg: 20.8, Max: 21.0, Diff: 0.4, Sum: 83.2]
         [Processed Buffers: Min: 35, Avg: 36.0, Max: 37, Diff: 2, Sum: 144]
      [Scan RS (ms): Min: 0.0, Avg: 0.2, Max: 0.4, Diff: 0.3, Sum: 0.9]
      [Code Root Scanning (ms): Min: 0.0, Avg: 0.0, Max: 0.0, Diff: 0.0, Sum: 0.0]
      [Object Copy (ms): Min: 46.6, Avg: 46.6, Max: 46.6, Diff: 0.0, Sum: 186.4]
      [Termination (ms): Min: 0.0, Avg: 0.0, Max: 0.0, Diff: 0.0, Sum: 0.0]
         [Termination Attempts: Min: 5, Avg: 8.3, Max: 12, Diff: 7, Sum: 33]
      [GC Worker Other (ms): Min: 0.0, Avg: 0.0, Max: 0.0, Diff: 0.0, Sum: 0.0]
      [GC Worker Total (ms): Min: 67.8, Avg: 67.8, Max: 67.8, Diff: 0.0, Sum: 271.3]
      [GC Worker End (ms): Min: 57958.9, Avg: 57958.9, Max: 57958.9, Diff: 0.0]
   [Code Root Fixup: 0.0 ms]
   [Code Root Purge: 0.0 ms]
   [Clear CT: 0.0 ms]
   [Other: 0.3 ms]
      [Choose CSet: 0.0 ms]
      [Ref Proc: 0.0 ms]
      [Ref Enq: 0.0 ms]
      [Redirty Cards: 0.1 ms]
      [Humongous Register: 0.0 ms]
      [Humongous Reclaim: 0.0 ms]
      [Free CSet: 0.1 ms]
   [Eden: 89.0M(89.0M)->0.0B(89.0M) Survivors: 13.0M->13.0M Heap: 1762.7M(2048.0M)->1704.8M(2048.0M)]
 [Times: user=0.25 sys=0.00, real=0.07 secs] 
58.039: [GC pause (G1 Evacuation Pause) (young), 0.0773366 secs]
   [Parallel Time: 76.8 ms, GC Workers: 4]
      [GC Worker Start (ms): Min: 58039.4, Avg: 58039.4, Max: 58039.4, Diff: 0.0]
      [Ext Root Scanning (ms): Min: 0.2, Avg: 0.2, Max: 0.2, Diff: 0.0, Sum: 0.8]
      [Update RS (ms): Min: 19.4, Avg: 19.7, Max: 19.9, Diff: 0.4, Sum: 78.7]
         [Processed Buffers: Min: 31, Avg: 32.3, Max: 33, Diff: 2, Sum: 129]
      [Scan RS (ms): Min: 0.7, Avg: 0.9, Max: 1.1, Diff: 0.4, Sum: 3.5]
      [Code Root Scanning (ms): Min: 0.0, Avg: 0.0, Max: 0.0, Diff: 0.0, Sum: 0.0]
      [Object Copy (ms): Min: 56.0, Avg: 56.0, Max: 56.0, Diff: 0.0, Sum: 224.1]
      [Termination (ms): Min: 0.0, Avg: 0.0, Max: 0.0, Diff: 0.0, Sum: 0.0]
         [Termination Attempts: Min: 26, Avg: 30.3, Max: 37, Diff: 11, Sum: 121]
      [GC Worker Other (ms): Min: 0.0, Avg: 0.0, Max: 0.0, Diff: 0.0, Sum: 0.0]
      [GC Worker Total (ms): Min: 76.8, Avg: 76.8, Max: 76.8, Diff: 0.0, Sum: 307.0]
      [GC Worker End (ms): Min: 58116.1, Avg: 58116.1, Max: 58116.1, Diff: 0.0]
   [Code Root Fixup: 0.0 ms]
   [Code Root Purge: 0.0 ms]
   [Clear CT: 0.1 ms]
   [Other: 0.5 ms]
      [Choose CSet: 0.0 ms]
      [Ref Proc: 0.0 ms]
      [Ref Enq: 0.0 ms]
      [Redirty Cards: 0.2 ms]
      [Humongous Register: 0.0 ms]
      [Humongous Reclaim: 0.0 ms]
      [Free CSet: 0.1 ms]
   [Eden: 89.0M(89.0M)->0.0B(89.0M) Survivors: 13.0M->13.0M Heap: 1793.8M(2048.0M)->1738.2M(2048.0M)]
 [Times: user=0.25 sys=0.00, real=0.08 secs] 
58.198: [GC pause (G1 Evacuation Pause) (young) (to-space exhausted), 0.0961935 secs]
   [Parallel Time: 89.4 ms, GC Workers: 4]
      [GC Worker Start (ms): Min: 58197.9, Avg: 58197.9, Max: 58198.0, Diff: 0.0]
      [Ext Root Scanning (ms): Min: 0.2, Avg: 0.2, Max: 0.2, Diff: 0.0, Sum: 0.8]
      [Update RS (ms): Min: 23.0, Avg: 23.4, Max: 23.8, Diff: 0.7, Sum: 93.6]
         [Processed Buffers: Min: 35, Avg: 35.3, Max: 36, Diff: 1, Sum: 141]
      [Scan RS (ms): Min: 0.0, Avg: 0.0, Max: 0.0, Diff: 0.0, Sum: 0.1]
      [Code Root Scanning (ms): Min: 0.0, Avg: 0.0, Max: 0.0, Diff: 0.0, Sum: 0.0]
      [Object Copy (ms): Min: 64.0, Avg: 65.0, Max: 65.8, Diff: 1.8, Sum: 260.2]
      [Termination (ms): Min: 0.0, Avg: 0.7, Max: 1.4, Diff: 1.4, Sum: 2.8]
         [Termination Attempts: Min: 1, Avg: 1.3, Max: 2, Diff: 1, Sum: 5]
      [GC Worker Other (ms): Min: 0.0, Avg: 0.0, Max: 0.0, Diff: 0.0, Sum: 0.0]
      [GC Worker Total (ms): Min: 89.3, Avg: 89.4, Max: 89.4, Diff: 0.0, Sum: 357.4]
      [GC Worker End (ms): Min: 58287.3, Avg: 58287.3, Max: 58287.3, Diff: 0.0]
   [Code Root Fixup: 0.0 ms]
   [Code Root Purge: 0.0 ms]
   [Clear CT: 0.0 ms]
   [Other: 6.8 ms]
      [Evacuation Failure: 6.5 ms]
      [Choose CSet: 0.0 ms]
      [Ref Proc: 0.0 ms]
      [Ref Enq: 0.0 ms]
      [Redirty Cards: 0.1 ms]
      [Humongous Register: 0.0 ms]
      [Humongous Reclaim: 0.0 ms]
      [Free CSet: 0.0 ms]
   [Eden: 89.0M(89.0M)->0.0B(91.0M) Survivors: 13.0M->11.0M Heap: 1827.2M(2048.0M)->1809.4M(2048.0M)]
 [Times: user=0.28 sys=0.00, real=0.10 secs] 
58.355: [GC pause (G1 Evacuation Pause) (young) (to-space exhausted), 0.0623600 secs]
   [Parallel Time: 53.6 ms, GC Workers: 4]
      [GC Worker Start (ms): Min: 58355.0, Avg: 58355.0, Max: 58355.1, Diff: 0.0]
      [Ext Root Scanning (ms): Min: 0.2, Avg: 0.2, Max: 0.2, Diff: 0.0, Sum: 0.7]
      [Update RS (ms): Min: 0.0, Avg: 12.2, Max: 16.4, Diff: 16.4, Sum: 48.7]
         [Processed Buffers: Min: 0, Avg: 31.8, Max: 44, Diff: 44, Sum: 127]
      [Scan RS (ms): Min: 0.0, Avg: 0.0, Max: 0.0, Diff: 0.0, Sum: 0.0]
      [Code Root Scanning (ms): Min: 0.0, Avg: 0.0, Max: 0.0, Diff: 0.0, Sum: 0.0]
      [Object Copy (ms): Min: 36.5, Avg: 40.9, Max: 53.4, Diff: 17.0, Sum: 163.5]
      [Termination (ms): Min: 0.0, Avg: 0.4, Max: 0.7, Diff: 0.7, Sum: 1.5]
         [Termination Attempts: Min: 1, Avg: 1.0, Max: 1, Diff: 0, Sum: 4]
      [GC Worker Other (ms): Min: 0.0, Avg: 0.0, Max: 0.0, Diff: 0.0, Sum: 0.0]
      [GC Worker Total (ms): Min: 53.6, Avg: 53.6, Max: 53.6, Diff: 0.0, Sum: 214.5]
      [GC Worker End (ms): Min: 58408.7, Avg: 58408.7, Max: 58408.7, Diff: 0.0]
   [Code Root Fixup: 0.0 ms]
   [Code Root Purge: 0.0 ms]
   [Clear CT: 0.0 ms]
   [Other: 8.7 ms]
      [Evacuation Failure: 8.5 ms]
      [Choose CSet: 0.0 ms]
      [Ref Proc: 0.0 ms]
      [Ref Enq: 0.0 ms]
      [Redirty Cards: 0.1 ms]
      [Humongous Register: 0.0 ms]
      [Humongous Reclaim: 0.0 ms]
      [Free CSet: 0.0 ms]
   [Eden: 42.0M(91.0M)->0.0B(102.0M) Survivors: 11.0M->0.0B Heap: 1851.4M(2048.0M)->1846.4M(2048.0M)]
 [Times: user=0.16 sys=0.00, real=0.06 secs] 
58.422: [GC pause (G1 Evacuation Pause) (young) (to-space exhausted), 0.0238729 secs]
   [Parallel Time: 22.7 ms, GC Workers: 4]
      [GC Worker Start (ms): Min: 58422.0, Avg: 58422.0, Max: 58422.1, Diff: 0.0]
      [Ext Root Scanning (ms): Min: 0.2, Avg: 0.2, Max: 0.2, Diff: 0.0, Sum: 0.7]
      [Update RS (ms): Min: 19.0, Avg: 19.3, Max: 19.5, Diff: 0.4, Sum: 77.3]
         [Processed Buffers: Min: 43, Avg: 45.5, Max: 49, Diff: 6, Sum: 182]
      [Scan RS (ms): Min: 0.0, Avg: 0.0, Max: 0.0, Diff: 0.0, Sum: 0.0]
      [Code Root Scanning (ms): Min: 0.0, Avg: 0.0, Max: 0.0, Diff: 0.0, Sum: 0.0]
      [Object Copy (ms): Min: 1.4, Avg: 2.0, Max: 3.0, Diff: 1.6, Sum: 8.2]
      [Termination (ms): Min: 0.0, Avg: 1.1, Max: 2.0, Diff: 2.0, Sum: 4.5]
         [Termination Attempts: Min: 1, Avg: 1.0, Max: 1, Diff: 0, Sum: 4]
      [GC Worker Other (ms): Min: 0.0, Avg: 0.0, Max: 0.0, Diff: 0.0, Sum: 0.0]
      [GC Worker Total (ms): Min: 22.7, Avg: 22.7, Max: 22.7, Diff: 0.0, Sum: 90.7]
      [GC Worker End (ms): Min: 58444.7, Avg: 58444.7, Max: 58444.7, Diff: 0.0]
   [Code Root Fixup: 0.0 ms]
   [Code Root Purge: 0.0 ms]
   [Clear CT: 0.0 ms]
   [Other: 1.1 ms]
      [Evacuation Failure: 0.9 ms]
      [Choose CSet: 0.0 ms]
      [Ref Proc: 0.1 ms]
      [Ref Enq: 0.0 ms]
      [Redirty Cards: 0.1 ms]
      [Humongous Register: 0.0 ms]
      [Humongous Reclaim: 0.0 ms]
      [Free CSet: 0.0 ms]
   [Eden: 5120.0K(102.0M)->0.0B(102.0M) Survivors: 0.0B->0.0B Heap: 1851.4M(2048.0M)->1851.4M(2048.0M)]
 [Times: user=0.08 sys=0.00, real=0.02 secs] 
58.446: [Full GC (Allocation Failure)  1851M->1181M(2048M), 1.5841878 secs]
   [Eden: 0.0B(102.0M)->0.0B(347.0M) Survivors: 0.0B->0.0B Heap: 1851.4M(2048.0M)->1181.9M(2048.0M)], [Metaspace: 9283K->9283K(1058816K)]
 [Times: user=3.16 sys=0.00, real=1.59 secs] 
60.031: [GC concurrent-mark-abort]
60.338: [GC pause (G1 Evacuation Pause) (young), 0.1547200 secs]
   [Parallel Time: 154.0 ms, GC Workers: 4]
      [GC Worker Start (ms): Min: 60338.5, Avg: 60338.5, Max: 60338.5, Diff: 0.1]
      [Ext Root Scanning (ms): Min: 0.2, Avg: 0.2, Max: 0.2, Diff: 0.1, Sum: 0.8]
      [Update RS (ms): Min: 0.0, Avg: 0.0, Max: 0.1, Diff: 0.1, Sum: 0.1]
         [Processed Buffers: Min: 0, Avg: 1.3, Max: 3, Diff: 3, Sum: 5]
      [Scan RS (ms): Min: 0.0, Avg: 0.0, Max: 0.1, Diff: 0.1, Sum: 0.2]
      [Code Root Scanning (ms): Min: 0.0, Avg: 0.0, Max: 0.0, Diff: 0.0, Sum: 0.0]
      [Object Copy (ms): Min: 153.6, Avg: 153.7, Max: 153.7, Diff: 0.0, Sum: 614.6]
      [Termination (ms): Min: 0.0, Avg: 0.0, Max: 0.0, Diff: 0.0, Sum: 0.0]
         [Termination Attempts: Min: 15, Avg: 19.0, Max: 24, Diff: 9, Sum: 76]
      [GC Worker Other (ms): Min: 0.0, Avg: 0.0, Max: 0.0, Diff: 0.0, Sum: 0.1]
      [GC Worker Total (ms): Min: 153.9, Avg: 154.0, Max: 154.0, Diff: 0.1, Sum: 615.9]
      [GC Worker End (ms): Min: 60492.5, Avg: 60492.5, Max: 60492.5, Diff: 0.0]
   [Code Root Fixup: 0.0 ms]
   [Code Root Purge: 0.0 ms]
   [Clear CT: 0.1 ms]
   [Other: 0.5 ms]
      [Choose CSet: 0.0 ms]
      [Ref Proc: 0.0 ms]
      [Ref Enq: 0.0 ms]
      [Redirty Cards: 0.1 ms]
      [Humongous Register: 0.0 ms]
      [Humongous Reclaim: 0.0 ms]
      [Free CSet: 0.2 ms]
   [Eden: 347.0M(347.0M)->0.0B(254.0M) Survivors: 0.0B->44.0M Heap: 1528.9M(2048.0M)->1305.8M(2048.0M)]
 [Times: user=0.63 sys=0.00, real=0.15 secs] 
60.678: [GC pause (G1 Evacuation Pause) (young) (initial-mark), 0.1833527 secs]
   [Parallel Time: 182.5 ms, GC Workers: 4]
      [GC Worker Start (ms): Min: 60677.8, Avg: 60677.8, Max: 60677.9, Diff: 0.1]
      [Ext Root Scanning (ms): Min: 0.3, Avg: 0.3, Max: 0.3, Diff: 0.0, Sum: 1.1]
      [Update RS (ms): Min: 23.5, Avg: 23.6, Max: 23.8, Diff: 0.4, Sum: 94.4]
         [Processed Buffers: Min: 41, Avg: 42.8, Max: 46, Diff: 5, Sum: 171]
      [Scan RS (ms): Min: 7.5, Avg: 7.9, Max: 8.1, Diff: 0.6, Sum: 31.6]
      [Code Root Scanning (ms): Min: 0.0, Avg: 0.0, Max: 0.0, Diff: 0.0, Sum: 0.0]
      [Object Copy (ms): Min: 150.5, Avg: 150.6, Max: 150.8, Diff: 0.2, Sum: 602.4]
      [Termination (ms): Min: 0.0, Avg: 0.0, Max: 0.0, Diff: 0.0, Sum: 0.0]
         [Termination Attempts: Min: 11, Avg: 15.0, Max: 21, Diff: 10, Sum: 60]
      [GC Worker Other (ms): Min: 0.0, Avg: 0.0, Max: 0.0, Diff: 0.0, Sum: 0.1]
      [GC Worker Total (ms): Min: 182.4, Avg: 182.4, Max: 182.5, Diff: 0.1, Sum: 729.7]
      [GC Worker End (ms): Min: 60860.2, Avg: 60860.2, Max: 60860.3, Diff: 0.0]
   [Code Root Fixup: 0.0 ms]
   [Code Root Purge: 0.0 ms]
   [Clear CT: 0.2 ms]
   [Other: 0.6 ms]
      [Choose CSet: 0.0 ms]
      [Ref Proc: 0.0 ms]
      [Ref Enq: 0.0 ms]
      [Redirty Cards: 0.2 ms]
      [Humongous Register: 0.0 ms]
      [Humongous Reclaim: 0.0 ms]
      [Free CSet: 0.2 ms]
   [Eden: 190.0M(190.0M)->0.0B(202.0M) Survivors: 44.0M->30.0M Heap: 1495.8M(2048.0M)->1376.8M(2048.0M)]
 [Times: user=0.75 sys=0.00, real=0.18 secs] 
60.861: [GC concurrent-root-region-scan-start]
60.909: [GC concurrent-root-region-scan-end, 0.0483668 secs]
60.909: [GC concurrent-mark-start]
61.105: [GC pause (G1 Evacuation Pause) (young), 0.1565643 secs]
   [Parallel Time: 156.0 ms, GC Workers: 4]
      [GC Worker Start (ms): Min: 61105.4, Avg: 61105.4, Max: 61105.4, Diff: 0.0]
      [Ext Root Scanning (ms): Min: 0.2, Avg: 0.2, Max: 0.2, Diff: 0.0, Sum: 0.8]
      [Update RS (ms): Min: 19.3, Avg: 19.4, Max: 19.8, Diff: 0.5, Sum: 77.6]
         [Processed Buffers: Min: 34, Avg: 34.5, Max: 36, Diff: 2, Sum: 138]
      [Scan RS (ms): Min: 4.8, Avg: 5.2, Max: 5.3, Diff: 0.5, Sum: 20.6]
      [Code Root Scanning (ms): Min: 0.0, Avg: 0.0, Max: 0.0, Diff: 0.0, Sum: 0.0]
      [Object Copy (ms): Min: 131.2, Avg: 131.2, Max: 131.2, Diff: 0.0, Sum: 524.8]
      [Termination (ms): Min: 0.0, Avg: 0.0, Max: 0.0, Diff: 0.0, Sum: 0.0]
         [Termination Attempts: Min: 8, Avg: 10.0, Max: 14, Diff: 6, Sum: 40]
      [GC Worker Other (ms): Min: 0.0, Avg: 0.0, Max: 0.0, Diff: 0.0, Sum: 0.1]
      [GC Worker Total (ms): Min: 156.0, Avg: 156.0, Max: 156.0, Diff: 0.0, Sum: 623.9]
      [GC Worker End (ms): Min: 61261.4, Avg: 61261.4, Max: 61261.4, Diff: 0.0]
   [Code Root Fixup: 0.0 ms]
   [Code Root Purge: 0.0 ms]
   [Clear CT: 0.1 ms]
   [Other: 0.5 ms]
      [Choose CSet: 0.0 ms]
      [Ref Proc: 0.0 ms]
      [Ref Enq: 0.0 ms]
      [Redirty Cards: 0.1 ms]
      [Humongous Register: 0.0 ms]
      [Humongous Reclaim: 0.0 ms]
      [Free CSet: 0.2 ms]
   [Eden: 202.0M(202.0M)->0.0B(148.0M) Survivors: 30.0M->29.0M Heap: 1578.8M(2048.0M)->1447.5M(2048.0M)]
 [Times: user=0.63 sys=0.00, real=0.16 secs] 
61.423: [GC pause (G1 Evacuation Pause) (young), 0.1390731 secs]
   [Parallel Time: 138.6 ms, GC Workers: 4]
      [GC Worker Start (ms): Min: 61423.4, Avg: 61423.4, Max: 61423.5, Diff: 0.0]
      [Ext Root Scanning (ms): Min: 0.2, Avg: 0.2, Max: 0.2, Diff: 0.0, Sum: 0.8]
      [Update RS (ms): Min: 21.7, Avg: 21.8, Max: 22.1, Diff: 0.4, Sum: 87.3]
         [Processed Buffers: Min: 36, Avg: 37.5, Max: 40, Diff: 4, Sum: 150]
      [Scan RS (ms): Min: 2.5, Avg: 2.8, Max: 2.9, Diff: 0.4, Sum: 11.1]
      [Code Root Scanning (ms): Min: 0.0, Avg: 0.0, Max: 0.0, Diff: 0.0, Sum: 0.0]
      [Object Copy (ms): Min: 113.7, Avg: 113.7, Max: 113.7, Diff: 0.1, Sum: 454.7]
      [Termination (ms): Min: 0.0, Avg: 0.0, Max: 0.0, Diff: 0.0, Sum: 0.0]
         [Termination Attempts: Min: 14, Avg: 19.0, Max: 23, Diff: 9, Sum: 76]
      [GC Worker Other (ms): Min: 0.0, Avg: 0.0, Max: 0.0, Diff: 0.0, Sum: 0.1]
      [GC Worker Total (ms): Min: 138.5, Avg: 138.5, Max: 138.6, Diff: 0.1, Sum: 554.1]
      [GC Worker End (ms): Min: 61562.0, Avg: 61562.0, Max: 61562.0, Diff: 0.0]
   [Code Root Fixup: 0.0 ms]
   [Code Root Purge: 0.0 ms]
   [Clear CT: 0.1 ms]
   [Other: 0.4 ms]
      [Choose CSet: 0.0 ms]
      [Ref Proc: 0.0 ms]
      [Ref Enq: 0.0 ms]
      [Redirty Cards: 0.1 ms]
      [Humongous Register: 0.0 ms]
      [Humongous Reclaim: 0.0 ms]
      [Free CSet: 0.1 ms]
   [Eden: 148.0M(148.0M)->0.0B(107.0M) Survivors: 29.0M->23.0M Heap: 1595.5M(2048.0M)->1503.6M(2048.0M)]
 [Times: user=0.55 sys=0.00, real=0.14 secs] 
61.685: [GC pause (G1 Evacuation Pause) (young), 0.0998865 secs]
   [Parallel Time: 99.5 ms, GC Workers: 4]
      [GC Worker Start (ms): Min: 61685.3, Avg: 61685.3, Max: 61685.3, Diff: 0.0]
      [Ext Root Scanning (ms): Min: 0.2, Avg: 0.2, Max: 0.2, Diff: 0.0, Sum: 0.8]
      [Update RS (ms): Min: 19.3, Avg: 19.4, Max: 19.6, Diff: 0.3, Sum: 77.8]
         [Processed Buffers: Min: 33, Avg: 34.0, Max: 36, Diff: 3, Sum: 136]
      [Scan RS (ms): Min: 0.4, Avg: 0.5, Max: 0.6, Diff: 0.3, Sum: 2.2]
      [Code Root Scanning (ms): Min: 0.0, Avg: 0.0, Max: 0.0, Diff: 0.0, Sum: 0.0]
      [Object Copy (ms): Min: 79.2, Avg: 79.2, Max: 79.3, Diff: 0.0, Sum: 317.0]
      [Termination (ms): Min: 0.0, Avg: 0.0, Max: 0.0, Diff: 0.0, Sum: 0.0]
         [Termination Attempts: Min: 12, Avg: 13.0, Max: 16, Diff: 4, Sum: 52]
      [GC Worker Other (ms): Min: 0.0, Avg: 0.0, Max: 0.0, Diff: 0.0, Sum: 0.1]
      [GC Worker Total (ms): Min: 99.4, Avg: 99.5, Max: 99.5, Diff: 0.0, Sum: 397.8]
      [GC Worker End (ms): Min: 61784.7, Avg: 61784.7, Max: 61784.7, Diff: 0.0]
   [Code Root Fixup: 0.0 ms]
   [Code Root Purge: 0.0 ms]
   [Clear CT: 0.0 ms]
   [Other: 0.3 ms]
      [Choose CSet: 0.0 ms]
      [Ref Proc: 0.0 ms]
      [Ref Enq: 0.0 ms]
      [Redirty Cards: 0.1 ms]
      [Humongous Register: 0.0 ms]
      [Humongous Reclaim: 0.0 ms]
      [Free CSet: 0.1 ms]
   [Eden: 107.0M(107.0M)->0.0B(85.0M) Survivors: 23.0M->17.0M Heap: 1610.6M(2048.0M)->1542.3M(2048.0M)]
 [Times: user=0.38 sys=0.00, real=0.10 secs] 
61.862: [GC pause (G1 Evacuation Pause) (young), 0.0920143 secs]
   [Parallel Time: 91.6 ms, GC Workers: 4]
      [GC Worker Start (ms): Min: 61862.4, Avg: 61862.4, Max: 61862.4, Diff: 0.0]
      [Ext Root Scanning (ms): Min: 0.2, Avg: 0.2, Max: 0.2, Diff: 0.0, Sum: 0.8]
      [Update RS (ms): Min: 22.8, Avg: 23.0, Max: 23.3, Diff: 0.4, Sum: 92.1]
         [Processed Buffers: Min: 36, Avg: 36.8, Max: 38, Diff: 2, Sum: 147]
      [Scan RS (ms): Min: 0.0, Avg: 0.0, Max: 0.1, Diff: 0.0, Sum: 0.1]
      [Code Root Scanning (ms): Min: 0.0, Avg: 0.0, Max: 0.0, Diff: 0.0, Sum: 0.0]
      [Object Copy (ms): Min: 68.0, Avg: 68.3, Max: 68.5, Diff: 0.5, Sum: 273.2]
      [Termination (ms): Min: 0.0, Avg: 0.0, Max: 0.1, Diff: 0.1, Sum: 0.2]
         [Termination Attempts: Min: 1, Avg: 516.5, Max: 849, Diff: 848, Sum: 2066]
      [GC Worker Other (ms): Min: 0.0, Avg: 0.0, Max: 0.0, Diff: 0.0, Sum: 0.0]
      [GC Worker Total (ms): Min: 91.6, Avg: 91.6, Max: 91.6, Diff: 0.0, Sum: 366.4]
      [GC Worker End (ms): Min: 61954.0, Avg: 61954.0, Max: 61954.0, Diff: 0.0]
   [Code Root Fixup: 0.0 ms]
   [Code Root Purge: 0.0 ms]
   [Clear CT: 0.0 ms]
   [Other: 0.4 ms]
      [Choose CSet: 0.0 ms]
      [Ref Proc: 0.0 ms]
      [Ref Enq: 0.0 ms]
      [Redirty Cards: 0.1 ms]
      [Humongous Register: 0.0 ms]
      [Humongous Reclaim: 0.0 ms]
      [Free CSet: 0.1 ms]
   [Eden: 85.0M(85.0M)->0.0B(89.0M) Survivors: 17.0M->13.0M Heap: 1627.3M(2048.0M)->1572.7M(2048.0M)]
 [Times: user=0.38 sys=0.00, real=0.09 secs] 
62.045: [GC pause (G1 Evacuation Pause) (young), 0.0626711 secs]
   [Parallel Time: 62.3 ms, GC Workers: 4]
      [GC Worker Start (ms): Min: 62044.9, Avg: 62044.9, Max: 62044.9, Diff: 0.0]
      [Ext Root Scanning (ms): Min: 0.2, Avg: 0.2, Max: 0.2, Diff: 0.0, Sum: 0.8]
      [Update RS (ms): Min: 18.1, Avg: 18.2, Max: 18.5, Diff: 0.3, Sum: 72.8]
         [Processed Buffers: Min: 33, Avg: 33.5, Max: 35, Diff: 2, Sum: 134]
      [Scan RS (ms): Min: 0.1, Avg: 0.3, Max: 0.4, Diff: 0.3, Sum: 1.1]
      [Code Root Scanning (ms): Min: 0.0, Avg: 0.0, Max: 0.0, Diff: 0.0, Sum: 0.0]
      [Object Copy (ms): Min: 43.6, Avg: 43.6, Max: 43.6, Diff: 0.0, Sum: 174.3]
      [Termination (ms): Min: 0.0, Avg: 0.0, Max: 0.0, Diff: 0.0, Sum: 0.0]
         [Termination Attempts: Min: 10, Avg: 13.0, Max: 17, Diff: 7, Sum: 52]
      [GC Worker Other (ms): Min: 0.0, Avg: 0.0, Max: 0.0, Diff: 0.0, Sum: 0.0]
      [GC Worker Total (ms): Min: 62.3, Avg: 62.3, Max: 62.3, Diff: 0.0, Sum: 249.1]
      [GC Worker End (ms): Min: 62107.1, Avg: 62107.1, Max: 62107.1, Diff: 0.0]
   [Code Root Fixup: 0.0 ms]
   [Code Root Purge: 0.0 ms]
   [Clear CT: 0.0 ms]
   [Other: 0.3 ms]
      [Choose CSet: 0.0 ms]
      [Ref Proc: 0.0 ms]
      [Ref Enq: 0.0 ms]
      [Redirty Cards: 0.1 ms]
      [Humongous Register: 0.0 ms]
      [Humongous Reclaim: 0.0 ms]
      [Free CSet: 0.1 ms]
   [Eden: 89.0M(89.0M)->0.0B(89.0M) Survivors: 13.0M->13.0M Heap: 1661.7M(2048.0M)->1604.6M(2048.0M)]
 [Times: user=0.25 sys=0.00, real=0.06 secs] 
62.189: [GC pause (G1 Evacuation Pause) (young), 0.0666008 secs]
   [Parallel Time: 66.2 ms, GC Workers: 4]
      [GC Worker Start (ms): Min: 62189.2, Avg: 62189.2, Max: 62189.2, Diff: 0.0]
      [Ext Root Scanning (ms): Min: 0.2, Avg: 0.2, Max: 0.2, Diff: 0.0, Sum: 0.8]
      [Update RS (ms): Min: 19.8, Avg: 20.0, Max: 20.1, Diff: 0.3, Sum: 80.0]
         [Processed Buffers: Min: 36, Avg: 36.3, Max: 37, Diff: 1, Sum: 145]
      [Scan RS (ms): Min: 0.0, Avg: 0.0, Max: 0.1, Diff: 0.1, Sum: 0.1]
      [Code Root Scanning (ms): Min: 0.0, Avg: 0.0, Max: 0.0, Diff: 0.0, Sum: 0.0]
      [Object Copy (ms): Min: 45.9, Avg: 46.0, Max: 46.1, Diff: 0.2, Sum: 183.9]
      [Termination (ms): Min: 0.0, Avg: 0.0, Max: 0.0, Diff: 0.0, Sum: 0.0]
         [Termination Attempts: Min: 29, Avg: 31.3, Max: 33, Diff: 4, Sum: 125]
      [GC Worker Other (ms): Min: 0.0, Avg: 0.0, Max: 0.0, Diff: 0.0, Sum: 0.0]
      [GC Worker Total (ms): Min: 66.2, Avg: 66.2, Max: 66.2, Diff: 0.0, Sum: 264.8]
      [GC Worker End (ms): Min: 62255.4, Avg: 62255.4, Max: 62255.4, Diff: 0.0]
   [Code Root Fixup: 0.0 ms]
   [Code Root Purge: 0.0 ms]
   [Clear CT: 0.0 ms]
   [Other: 0.3 ms]
      [Choose CSet: 0.0 ms]
      [Ref Proc: 0.0 ms]
      [Ref Enq: 0.0 ms]
      [Redirty Cards: 0.1 ms]
      [Humongous Register: 0.0 ms]
      [Humongous Reclaim: 0.0 ms]
      [Free CSet: 0.1 ms]
   [Eden: 89.0M(89.0M)->0.0B(89.0M) Survivors: 13.0M->13.0M Heap: 1693.6M(2048.0M)->1635.5M(2048.0M)]
 [Times: user=0.25 sys=0.00, real=0.07 secs] 
62.334: [GC pause (G1 Evacuation Pause) (young), 0.0777305 secs]
   [Parallel Time: 77.4 ms, GC Workers: 4]
      [GC Worker Start (ms): Min: 62334.6, Avg: 62334.6, Max: 62334.6, Diff: 0.0]
      [Ext Root Scanning (ms): Min: 0.2, Avg: 0.2, Max: 0.2, Diff: 0.0, Sum: 0.8]
      [Update RS (ms): Min: 22.7, Avg: 22.8, Max: 22.9, Diff: 0.2, Sum: 91.4]
         [Processed Buffers: Min: 39, Avg: 39.8, Max: 41, Diff: 2, Sum: 159]
      [Scan RS (ms): Min: 0.0, Avg: 0.0, Max: 0.1, Diff: 0.0, Sum: 0.1]
      [Code Root Scanning (ms): Min: 0.0, Avg: 0.0, Max: 0.0, Diff: 0.0, Sum: 0.0]
      [Object Copy (ms): Min: 54.2, Avg: 54.3, Max: 54.4, Diff: 0.1, Sum: 217.2]
      [Termination (ms): Min: 0.0, Avg: 0.0, Max: 0.0, Diff: 0.0, Sum: 0.0]
         [Termination Attempts: Min: 4, Avg: 5.0, Max: 7, Diff: 3, Sum: 20]
      [GC Worker Other (ms): Min: 0.0, Avg: 0.0, Max: 0.0, Diff: 0.0, Sum: 0.0]
      [GC Worker Total (ms): Min: 77.4, Avg: 77.4, Max: 77.4, Diff: 0.0, Sum: 309.4]
      [GC Worker End (ms): Min: 62411.9, Avg: 62411.9, Max: 62411.9, Diff: 0.0]
   [Code Root Fixup: 0.0 ms]
   [Code Root Purge: 0.0 ms]
   [Clear CT: 0.0 ms]
   [Other: 0.3 ms]
      [Choose CSet: 0.0 ms]
      [Ref Proc: 0.0 ms]
      [Ref Enq: 0.0 ms]
      [Redirty Cards: 0.1 ms]
      [Humongous Register: 0.0 ms]
      [Humongous Reclaim: 0.0 ms]
      [Free CSet: 0.1 ms]
   [Eden: 89.0M(89.0M)->0.0B(89.0M) Survivors: 13.0M->13.0M Heap: 1724.5M(2048.0M)->1670.8M(2048.0M)]
 [Times: user=0.31 sys=0.00, real=0.08 secs] 
62.493: [GC pause (G1 Evacuation Pause) (young), 0.0816259 secs]
   [Parallel Time: 81.2 ms, GC Workers: 4]
      [GC Worker Start (ms): Min: 62492.9, Avg: 62492.9, Max: 62492.9, Diff: 0.0]
      [Ext Root Scanning (ms): Min: 0.2, Avg: 0.2, Max: 0.2, Diff: 0.0, Sum: 0.9]
      [Update RS (ms): Min: 21.4, Avg: 21.6, Max: 21.8, Diff: 0.4, Sum: 86.5]
         [Processed Buffers: Min: 35, Avg: 36.0, Max: 37, Diff: 2, Sum: 144]
      [Scan RS (ms): Min: 0.4, Avg: 0.6, Max: 0.8, Diff: 0.4, Sum: 2.2]
      [Code Root Scanning (ms): Min: 0.0, Avg: 0.0, Max: 0.0, Diff: 0.0, Sum: 0.0]
      [Object Copy (ms): Min: 58.8, Avg: 58.8, Max: 58.8, Diff: 0.0, Sum: 235.1]
      [Termination (ms): Min: 0.0, Avg: 0.0, Max: 0.0, Diff: 0.0, Sum: 0.0]
         [Termination Attempts: Min: 5, Avg: 5.8, Max: 7, Diff: 2, Sum: 23]
      [GC Worker Other (ms): Min: 0.0, Avg: 0.0, Max: 0.0, Diff: 0.0, Sum: 0.0]
      [GC Worker Total (ms): Min: 81.2, Avg: 81.2, Max: 81.2, Diff: 0.0, Sum: 324.8]
      [GC Worker End (ms): Min: 62574.1, Avg: 62574.1, Max: 62574.1, Diff: 0.0]
   [Code Root Fixup: 0.0 ms]
   [Code Root Purge: 0.0 ms]
   [Clear CT: 0.0 ms]
   [Other: 0.3 ms]
      [Choose CSet: 0.0 ms]
      [Ref Proc: 0.0 ms]
      [Ref Enq: 0.0 ms]
      [Redirty Cards: 0.1 ms]
      [Humongous Register: 0.0 ms]
      [Humongous Reclaim: 0.0 ms]
      [Free CSet: 0.1 ms]
   [Eden: 89.0M(89.0M)->0.0B(89.0M) Survivors: 13.0M->13.0M Heap: 1759.8M(2048.0M)->1704.5M(2048.0M)]
 [Times: user=0.31 sys=0.00, real=0.08 secs] 
62.660: [GC pause (G1 Evacuation Pause) (young), 0.0786853 secs]
   [Parallel Time: 78.3 ms, GC Workers: 4]
      [GC Worker Start (ms): Min: 62660.5, Avg: 62660.5, Max: 62660.5, Diff: 0.0]
      [Ext Root Scanning (ms): Min: 0.2, Avg: 0.2, Max: 0.2, Diff: 0.0, Sum: 0.8]
      [Update RS (ms): Min: 19.6, Avg: 19.7, Max: 19.8, Diff: 0.3, Sum: 78.8]
         [Processed Buffers: Min: 32, Avg: 32.3, Max: 33, Diff: 1, Sum: 129]
      [Scan RS (ms): Min: 0.0, Avg: 0.0, Max: 0.0, Diff: 0.0, Sum: 0.1]
      [Code Root Scanning (ms): Min: 0.0, Avg: 0.0, Max: 0.0, Diff: 0.0, Sum: 0.0]
      [Object Copy (ms): Min: 58.2, Avg: 58.3, Max: 58.5, Diff: 0.2, Sum: 233.4]
      [Termination (ms): Min: 0.0, Avg: 0.0, Max: 0.0, Diff: 0.0, Sum: 0.0]
         [Termination Attempts: Min: 2, Avg: 3.5, Max: 6, Diff: 4, Sum: 14]
      [GC Worker Other (ms): Min: 0.0, Avg: 0.0, Max: 0.0, Diff: 0.0, Sum: 0.0]
      [GC Worker Total (ms): Min: 78.3, Avg: 78.3, Max: 78.3, Diff: 0.0, Sum: 313.1]
      [GC Worker End (ms): Min: 62738.8, Avg: 62738.8, Max: 62738.8, Diff: 0.0]
   [Code Root Fixup: 0.0 ms]
   [Code Root Purge: 0.0 ms]
   [Clear CT: 0.0 ms]
   [Other: 0.3 ms]
      [Choose CSet: 0.0 ms]
      [Ref Proc: 0.0 ms]
      [Ref Enq: 0.0 ms]
      [Redirty Cards: 0.1 ms]
      [Humongous Register: 0.0 ms]
      [Humongous Reclaim: 0.0 ms]
      [Free CSet: 0.1 ms]
   [Eden: 89.0M(89.0M)->0.0B(89.0M) Survivors: 13.0M->13.0M Heap: 1793.5M(2048.0M)->1736.3M(2048.0M)]
 [Times: user=0.30 sys=0.02, real=0.08 secs] 
62.822: [GC pause (G1 Evacuation Pause) (young) (to-space exhausted), 0.0757846 secs]
   [Parallel Time: 69.4 ms, GC Workers: 4]
      [GC Worker Start (ms): Min: 62821.7, Avg: 62821.7, Max: 62821.7, Diff: 0.0]
      [Ext Root Scanning (ms): Min: 0.2, Avg: 0.2, Max: 0.2, Diff: 0.0, Sum: 0.8]
      [Update RS (ms): Min: 19.1, Avg: 19.2, Max: 19.2, Diff: 0.2, Sum: 76.7]
         [Processed Buffers: Min: 34, Avg: 35.0, Max: 36, Diff: 2, Sum: 140]
      [Scan RS (ms): Min: 0.0, Avg: 0.0, Max: 0.0, Diff: 0.0, Sum: 0.1]
      [Code Root Scanning (ms): Min: 0.0, Avg: 0.0, Max: 0.0, Diff: 0.0, Sum: 0.0]
      [Object Copy (ms): Min: 49.9, Avg: 50.0, Max: 50.1, Diff: 0.1, Sum: 200.1]
      [Termination (ms): Min: 0.0, Avg: 0.0, Max: 0.0, Diff: 0.0, Sum: 0.0]
         [Termination Attempts: Min: 12, Avg: 15.5, Max: 19, Diff: 7, Sum: 62]
      [GC Worker Other (ms): Min: 0.0, Avg: 0.0, Max: 0.0, Diff: 0.0, Sum: 0.1]
      [GC Worker Total (ms): Min: 69.4, Avg: 69.4, Max: 69.4, Diff: 0.0, Sum: 277.7]
      [GC Worker End (ms): Min: 62891.1, Avg: 62891.1, Max: 62891.1, Diff: 0.0]
   [Code Root Fixup: 0.0 ms]
   [Code Root Purge: 0.0 ms]
   [Clear CT: 0.0 ms]
   [Other: 6.3 ms]
      [Evacuation Failure: 6.0 ms]
      [Choose CSet: 0.0 ms]
      [Ref Proc: 0.0 ms]
      [Ref Enq: 0.0 ms]
      [Redirty Cards: 0.1 ms]
      [Humongous Register: 0.0 ms]
      [Humongous Reclaim: 0.0 ms]
      [Free CSet: 0.1 ms]
   [Eden: 89.0M(89.0M)->0.0B(89.0M) Survivors: 13.0M->13.0M Heap: 1825.3M(2048.0M)->1792.9M(2048.0M)]
 [Times: user=0.20 sys=0.00, real=0.07 secs] 
62.953: [GC pause (G1 Evacuation Pause) (young) (to-space exhausted), 0.1054783 secs]
   [Parallel Time: 92.7 ms, GC Workers: 4]
      [GC Worker Start (ms): Min: 62952.9, Avg: 62952.9, Max: 62952.9, Diff: 0.0]
      [Ext Root Scanning (ms): Min: 0.2, Avg: 0.2, Max: 0.2, Diff: 0.0, Sum: 0.8]
      [Update RS (ms): Min: 14.5, Avg: 24.3, Max: 27.7, Diff: 13.2, Sum: 97.1]
         [Processed Buffers: Min: 37, Avg: 54.8, Max: 62, Diff: 25, Sum: 219]
      [Scan RS (ms): Min: 0.0, Avg: 0.0, Max: 0.0, Diff: 0.0, Sum: 0.0]
      [Code Root Scanning (ms): Min: 0.0, Avg: 0.0, Max: 0.0, Diff: 0.0, Sum: 0.0]
      [Object Copy (ms): Min: 64.8, Avg: 68.2, Max: 77.9, Diff: 13.2, Sum: 272.7]
      [Termination (ms): Min: 0.0, Avg: 0.0, Max: 0.0, Diff: 0.0, Sum: 0.1]
         [Termination Attempts: Min: 1, Avg: 219.8, Max: 320, Diff: 319, Sum: 879]
      [GC Worker Other (ms): Min: 0.0, Avg: 0.0, Max: 0.0, Diff: 0.0, Sum: 0.1]
      [GC Worker Total (ms): Min: 92.7, Avg: 92.7, Max: 92.7, Diff: 0.0, Sum: 370.7]
      [GC Worker End (ms): Min: 63045.6, Avg: 63045.6, Max: 63045.6, Diff: 0.0]
   [Code Root Fixup: 0.0 ms]
   [Code Root Purge: 0.0 ms]
   [Clear CT: 0.2 ms]
   [Other: 12.6 ms]
      [Evacuation Failure: 12.1 ms]
      [Choose CSet: 0.0 ms]
      [Ref Proc: 0.1 ms]
      [Ref Enq: 0.0 ms]
      [Redirty Cards: 0.2 ms]
      [Humongous Register: 0.0 ms]
      [Humongous Reclaim: 0.0 ms]
      [Free CSet: 0.1 ms]
   [Eden: 61.0M(89.0M)->0.0B(102.0M) Survivors: 13.0M->0.0B Heap: 1853.9M(2048.0M)->1846.9M(2048.0M)]
 [Times: user=0.27 sys=0.00, real=0.10 secs] 
63.068: [GC pause (G1 Evacuation Pause) (young) (to-space exhausted), 0.0286083 secs]
   [Parallel Time: 27.4 ms, GC Workers: 4]
      [GC Worker Start (ms): Min: 63068.3, Avg: 63068.3, Max: 63068.4, Diff: 0.1]
      [Ext Root Scanning (ms): Min: 0.2, Avg: 0.3, Max: 0.3, Diff: 0.1, Sum: 1.0]
      [Update RS (ms): Min: 22.2, Avg: 22.3, Max: 22.5, Diff: 0.3, Sum: 89.4]
         [Processed Buffers: Min: 45, Avg: 48.5, Max: 51, Diff: 6, Sum: 194]
      [Scan RS (ms): Min: 0.0, Avg: 0.0, Max: 0.0, Diff: 0.0, Sum: 0.0]
      [Code Root Scanning (ms): Min: 0.0, Avg: 0.0, Max: 0.0, Diff: 0.0, Sum: 0.0]
      [Object Copy (ms): Min: 4.0, Avg: 4.4, Max: 4.7, Diff: 0.7, Sum: 17.6]
      [Termination (ms): Min: 0.0, Avg: 0.3, Max: 0.8, Diff: 0.8, Sum: 1.2]
         [Termination Attempts: Min: 1, Avg: 1.0, Max: 1, Diff: 0, Sum: 4]
      [GC Worker Other (ms): Min: 0.0, Avg: 0.0, Max: 0.0, Diff: 0.0, Sum: 0.0]
      [GC Worker Total (ms): Min: 27.3, Avg: 27.3, Max: 27.4, Diff: 0.1, Sum: 109.3]
      [GC Worker End (ms): Min: 63095.7, Avg: 63095.7, Max: 63095.7, Diff: 0.0]
   [Code Root Fixup: 0.0 ms]
   [Code Root Purge: 0.0 ms]
   [Clear CT: 0.0 ms]
   [Other: 1.2 ms]
      [Evacuation Failure: 1.0 ms]
      [Choose CSet: 0.0 ms]
      [Ref Proc: 0.0 ms]
      [Ref Enq: 0.0 ms]
      [Redirty Cards: 0.0 ms]
      [Humongous Register: 0.0 ms]
      [Humongous Reclaim: 0.0 ms]
      [Free CSet: 0.0 ms]
   [Eden: 7168.0K(102.0M)->0.0B(102.0M) Survivors: 0.0B->0.0B Heap: 1853.9M(2048.0M)->1853.9M(2048.0M)]
 [Times: user=0.13 sys=0.00, real=0.03 secs] 
63.097: [Full GC (Allocation Failure)  1853M->1175M(2048M), 1.5712690 secs]
   [Eden: 0.0B(102.0M)->0.0B(362.0M) Survivors: 0.0B->0.0B Heap: 1853.9M(2048.0M)->1175.5M(2048.0M)], [Metaspace: 9305K->9305K(1058816K)]
 [Times: user=3.11 sys=0.00, real=1.57 secs] 
64.669: [GC concurrent-mark-abort]
64.994: [GC pause (G1 Evacuation Pause) (young), 0.1509931 secs]
   [Parallel Time: 150.3 ms, GC Workers: 4]
      [GC Worker Start (ms): Min: 64993.7, Avg: 64993.7, Max: 64993.8, Diff: 0.1]
      [Ext Root Scanning (ms): Min: 0.2, Avg: 0.2, Max: 0.3, Diff: 0.1, Sum: 0.9]
      [Update RS (ms): Min: 0.0, Avg: 0.0, Max: 0.1, Diff: 0.1, Sum: 0.2]
         [Processed Buffers: Min: 0, Avg: 1.3, Max: 3, Diff: 3, Sum: 5]
      [Scan RS (ms): Min: 0.0, Avg: 0.0, Max: 0.1, Diff: 0.1, Sum: 0.2]
      [Code Root Scanning (ms): Min: 0.0, Avg: 0.0, Max: 0.0, Diff: 0.0, Sum: 0.0]
      [Object Copy (ms): Min: 149.8, Avg: 149.9, Max: 149.9, Diff: 0.1, Sum: 599.5]
      [Termination (ms): Min: 0.0, Avg: 0.0, Max: 0.0, Diff: 0.0, Sum: 0.0]
         [Termination Attempts: Min: 31, Avg: 36.5, Max: 39, Diff: 8, Sum: 146]
      [GC Worker Other (ms): Min: 0.0, Avg: 0.0, Max: 0.0, Diff: 0.0, Sum: 0.1]
      [GC Worker Total (ms): Min: 150.2, Avg: 150.2, Max: 150.3, Diff: 0.1, Sum: 600.9]
      [GC Worker End (ms): Min: 65144.0, Avg: 65144.0, Max: 65144.0, Diff: 0.0]
   [Code Root Fixup: 0.0 ms]
   [Code Root Purge: 0.0 ms]
   [Clear CT: 0.1 ms]
   [Other: 0.6 ms]
      [Choose CSet: 0.0 ms]
      [Ref Proc: 0.0 ms]
      [Ref Enq: 0.0 ms]
      [Redirty Cards: 0.2 ms]
      [Humongous Register: 0.0 ms]
      [Humongous Reclaim: 0.0 ms]
      [Free CSet: 0.2 ms]
   [Eden: 362.0M(362.0M)->0.0B(258.0M) Survivors: 0.0B->46.0M Heap: 1537.5M(2048.0M)->1304.9M(2048.0M)]
 [Times: user=0.56 sys=0.00, real=0.15 secs] 
65.376: [GC pause (G1 Evacuation Pause) (young) (initial-mark), 0.1790898 secs]
   [Parallel Time: 178.3 ms, GC Workers: 4]
      [GC Worker Start (ms): Min: 65376.6, Avg: 65376.6, Max: 65376.6, Diff: 0.1]
      [Ext Root Scanning (ms): Min: 0.3, Avg: 0.3, Max: 0.3, Diff: 0.1, Sum: 1.1]
      [Update RS (ms): Min: 16.2, Avg: 16.4, Max: 16.5, Diff: 0.3, Sum: 65.4]
         [Processed Buffers: Min: 30, Avg: 31.0, Max: 32, Diff: 2, Sum: 124]
      [Scan RS (ms): Min: 2.2, Avg: 2.3, Max: 2.5, Diff: 0.4, Sum: 9.3]
      [Code Root Scanning (ms): Min: 0.0, Avg: 0.0, Max: 0.0, Diff: 0.0, Sum: 0.0]
      [Object Copy (ms): Min: 159.2, Avg: 159.2, Max: 159.3, Diff: 0.0, Sum: 637.0]
      [Termination (ms): Min: 0.0, Avg: 0.0, Max: 0.0, Diff: 0.0, Sum: 0.0]
         [Termination Attempts: Min: 8, Avg: 12.0, Max: 14, Diff: 6, Sum: 48]
      [GC Worker Other (ms): Min: 0.0, Avg: 0.0, Max: 0.0, Diff: 0.0, Sum: 0.1]
      [GC Worker Total (ms): Min: 178.2, Avg: 178.2, Max: 178.3, Diff: 0.0, Sum: 712.9]
      [GC Worker End (ms): Min: 65554.8, Avg: 65554.8, Max: 65554.8, Diff: 0.0]
   [Code Root Fixup: 0.0 ms]
   [Code Root Purge: 0.0 ms]
   [Clear CT: 0.1 ms]
   [Other: 0.7 ms]
      [Choose CSet: 0.0 ms]
      [Ref Proc: 0.0 ms]
      [Ref Enq: 0.0 ms]
      [Redirty Cards: 0.2 ms]
      [Humongous Register: 0.0 ms]
      [Humongous Reclaim: 0.0 ms]
      [Free CSet: 0.2 ms]
   [Eden: 241.0M(241.0M)->0.0B(192.0M) Survivors: 46.0M->36.0M Heap: 1545.9M(2048.0M)->1391.3M(2048.0M)]
 [Times: user=0.75 sys=0.00, real=0.18 secs] 
65.556: [GC concurrent-root-region-scan-start]
65.625: [GC concurrent-root-region-scan-end, 0.0690837 secs]
65.625: [GC concurrent-mark-start]
65.765: [GC pause (G1 Evacuation Pause) (young), 0.1922911 secs]
   [Parallel Time: 191.7 ms, GC Workers: 4]
      [GC Worker Start (ms): Min: 65764.8, Avg: 65764.9, Max: 65764.9, Diff: 0.1]
      [Ext Root Scanning (ms): Min: 0.2, Avg: 0.2, Max: 0.3, Diff: 0.1, Sum: 0.9]
      [Update RS (ms): Min: 55.0, Avg: 55.2, Max: 55.3, Diff: 0.3, Sum: 220.6]
         [Processed Buffers: Min: 100, Avg: 101.5, Max: 103, Diff: 3, Sum: 406]
      [Scan RS (ms): Min: 3.5, Avg: 3.6, Max: 3.7, Diff: 0.2, Sum: 14.4]
      [Code Root Scanning (ms): Min: 0.0, Avg: 0.0, Max: 0.0, Diff: 0.0, Sum: 0.0]
      [Object Copy (ms): Min: 132.6, Avg: 132.6, Max: 132.6, Diff: 0.0, Sum: 530.3]
      [Termination (ms): Min: 0.0, Avg: 0.0, Max: 0.0, Diff: 0.0, Sum: 0.0]
         [Termination Attempts: Min: 8, Avg: 15.3, Max: 22, Diff: 14, Sum: 61]
      [GC Worker Other (ms): Min: 0.0, Avg: 0.0, Max: 0.0, Diff: 0.0, Sum: 0.1]
      [GC Worker Total (ms): Min: 191.5, Avg: 191.6, Max: 191.6, Diff: 0.1, Sum: 766.3]
      [GC Worker End (ms): Min: 65956.4, Avg: 65956.4, Max: 65956.4, Diff: 0.0]
   [Code Root Fixup: 0.0 ms]
   [Code Root Purge: 0.0 ms]
   [Clear CT: 0.1 ms]
   [Other: 0.6 ms]
      [Choose CSet: 0.0 ms]
      [Ref Proc: 0.0 ms]
      [Ref Enq: 0.0 ms]
      [Redirty Cards: 0.2 ms]
      [Humongous Register: 0.0 ms]
      [Humongous Reclaim: 0.0 ms]
      [Free CSet: 0.2 ms]
   [Eden: 192.0M(192.0M)->0.0B(140.0M) Survivors: 36.0M->29.0M Heap: 1583.3M(2048.0M)->1460.3M(2048.0M)]
 [Times: user=0.75 sys=0.00, real=0.19 secs] 
66.118: [GC pause (G1 Evacuation Pause) (young), 0.1313093 secs]
   [Parallel Time: 130.8 ms, GC Workers: 4]
      [GC Worker Start (ms): Min: 66117.7, Avg: 66117.7, Max: 66117.7, Diff: 0.1]
      [Ext Root Scanning (ms): Min: 0.2, Avg: 0.2, Max: 0.2, Diff: 0.0, Sum: 0.8]
      [Update RS (ms): Min: 16.9, Avg: 17.1, Max: 17.4, Diff: 0.5, Sum: 68.5]
         [Processed Buffers: Min: 29, Avg: 30.3, Max: 31, Diff: 2, Sum: 121]
      [Scan RS (ms): Min: 3.4, Avg: 3.6, Max: 3.9, Diff: 0.5, Sum: 14.5]
      [Code Root Scanning (ms): Min: 0.0, Avg: 0.0, Max: 0.0, Diff: 0.0, Sum: 0.0]
      [Object Copy (ms): Min: 109.6, Avg: 109.7, Max: 109.8, Diff: 0.2, Sum: 438.8]
      [Termination (ms): Min: 0.0, Avg: 0.0, Max: 0.0, Diff: 0.0, Sum: 0.1]
         [Termination Attempts: Min: 5, Avg: 176.3, Max: 243, Diff: 238, Sum: 705]
      [GC Worker Other (ms): Min: 0.0, Avg: 0.0, Max: 0.0, Diff: 0.0, Sum: 0.1]
      [GC Worker Total (ms): Min: 130.7, Avg: 130.7, Max: 130.7, Diff: 0.1, Sum: 522.8]
      [GC Worker End (ms): Min: 66248.4, Avg: 66248.4, Max: 66248.4, Diff: 0.0]
   [Code Root Fixup: 0.0 ms]
   [Code Root Purge: 0.0 ms]
   [Clear CT: 0.1 ms]
   [Other: 0.5 ms]
      [Choose CSet: 0.0 ms]
      [Ref Proc: 0.0 ms]
      [Ref Enq: 0.0 ms]
      [Redirty Cards: 0.2 ms]
      [Humongous Register: 0.0 ms]
      [Humongous Reclaim: 0.0 ms]
      [Free CSet: 0.1 ms]
   [Eden: 140.0M(140.0M)->0.0B(102.0M) Survivors: 29.0M->22.0M Heap: 1600.3M(2048.0M)->1511.1M(2048.0M)]
 [Times: user=0.50 sys=0.00, real=0.13 secs] 
66.367: [GC pause (G1 Evacuation Pause) (young), 0.0852977 secs]
   [Parallel Time: 84.8 ms, GC Workers: 4]
      [GC Worker Start (ms): Min: 66367.1, Avg: 66367.1, Max: 66367.1, Diff: 0.0]
      [Ext Root Scanning (ms): Min: 0.2, Avg: 0.2, Max: 0.2, Diff: 0.0, Sum: 0.8]
      [Update RS (ms): Min: 17.3, Avg: 17.4, Max: 17.7, Diff: 0.4, Sum: 69.6]
         [Processed Buffers: Min: 32, Avg: 33.5, Max: 35, Diff: 3, Sum: 134]
      [Scan RS (ms): Min: 5.4, Avg: 5.7, Max: 5.8, Diff: 0.4, Sum: 22.9]
      [Code Root Scanning (ms): Min: 0.0, Avg: 0.0, Max: 0.0, Diff: 0.0, Sum: 0.0]
      [Object Copy (ms): Min: 61.3, Avg: 61.3, Max: 61.4, Diff: 0.0, Sum: 245.4]
      [Termination (ms): Min: 0.0, Avg: 0.0, Max: 0.0, Diff: 0.0, Sum: 0.0]
         [Termination Attempts: Min: 7, Avg: 11.0, Max: 16, Diff: 9, Sum: 44]
      [GC Worker Other (ms): Min: 0.0, Avg: 0.0, Max: 0.0, Diff: 0.0, Sum: 0.0]
      [GC Worker Total (ms): Min: 84.7, Avg: 84.7, Max: 84.7, Diff: 0.0, Sum: 338.7]
      [GC Worker End (ms): Min: 66451.8, Avg: 66451.8, Max: 66451.8, Diff: 0.0]
   [Code Root Fixup: 0.0 ms]
   [Code Root Purge: 0.0 ms]
   [Clear CT: 0.1 ms]
   [Other: 0.4 ms]
      [Choose CSet: 0.0 ms]
      [Ref Proc: 0.0 ms]
      [Ref Enq: 0.0 ms]
      [Redirty Cards: 0.1 ms]
      [Humongous Register: 0.0 ms]
      [Humongous Reclaim: 0.0 ms]
      [Free CSet: 0.1 ms]
   [Eden: 102.0M(102.0M)->0.0B(86.0M) Survivors: 22.0M->16.0M Heap: 1613.1M(2048.0M)->1549.7M(2048.0M)]
 [Times: user=0.31 sys=0.00, real=0.09 secs] 
66.543: [GC pause (G1 Evacuation Pause) (young), 0.0741546 secs]
   [Parallel Time: 73.7 ms, GC Workers: 4]
      [GC Worker Start (ms): Min: 66543.1, Avg: 66543.1, Max: 66543.1, Diff: 0.0]
      [Ext Root Scanning (ms): Min: 0.2, Avg: 0.2, Max: 0.2, Diff: 0.0, Sum: 0.8]
      [Update RS (ms): Min: 19.5, Avg: 19.6, Max: 19.7, Diff: 0.2, Sum: 78.3]
         [Processed Buffers: Min: 36, Avg: 37.3, Max: 39, Diff: 3, Sum: 149]
      [Scan RS (ms): Min: 1.3, Avg: 1.4, Max: 1.5, Diff: 0.2, Sum: 5.6]
      [Code Root Scanning (ms): Min: 0.0, Avg: 0.0, Max: 0.0, Diff: 0.0, Sum: 0.0]
      [Object Copy (ms): Min: 52.4, Avg: 52.4, Max: 52.4, Diff: 0.0, Sum: 209.7]
      [Termination (ms): Min: 0.0, Avg: 0.0, Max: 0.0, Diff: 0.0, Sum: 0.0]
         [Termination Attempts: Min: 17, Avg: 19.8, Max: 22, Diff: 5, Sum: 79]
      [GC Worker Other (ms): Min: 0.0, Avg: 0.0, Max: 0.0, Diff: 0.0, Sum: 0.1]
      [GC Worker Total (ms): Min: 73.6, Avg: 73.7, Max: 73.7, Diff: 0.0, Sum: 294.6]
      [GC Worker End (ms): Min: 66616.8, Avg: 66616.8, Max: 66616.8, Diff: 0.0]
   [Code Root Fixup: 0.0 ms]
   [Code Root Purge: 0.0 ms]
   [Clear CT: 0.0 ms]
   [Other: 0.4 ms]
      [Choose CSet: 0.0 ms]
      [Ref Proc: 0.1 ms]
      [Ref Enq: 0.0 ms]
      [Redirty Cards: 0.1 ms]
      [Humongous Register: 0.0 ms]
      [Humongous Reclaim: 0.0 ms]
      [Free CSet: 0.1 ms]
   [Eden: 86.0M(86.0M)->0.0B(89.0M) Survivors: 16.0M->13.0M Heap: 1635.7M(2048.0M)->1582.2M(2048.0M)]
 [Times: user=0.25 sys=0.00, real=0.07 secs] 
66.699: [GC pause (G1 Evacuation Pause) (young), 0.0561002 secs]
   [Parallel Time: 55.7 ms, GC Workers: 4]
      [GC Worker Start (ms): Min: 66699.5, Avg: 66699.5, Max: 66699.5, Diff: 0.0]
      [Ext Root Scanning (ms): Min: 0.2, Avg: 0.2, Max: 0.2, Diff: 0.0, Sum: 0.8]
      [Update RS (ms): Min: 21.3, Avg: 21.4, Max: 21.5, Diff: 0.2, Sum: 85.7]
         [Processed Buffers: Min: 39, Avg: 40.5, Max: 42, Diff: 3, Sum: 162]
      [Scan RS (ms): Min: 0.0, Avg: 0.0, Max: 0.0, Diff: 0.0, Sum: 0.1]
      [Code Root Scanning (ms): Min: 0.0, Avg: 0.0, Max: 0.0, Diff: 0.0, Sum: 0.0]
      [Object Copy (ms): Min: 34.0, Avg: 34.0, Max: 34.1, Diff: 0.1, Sum: 136.1]
      [Termination (ms): Min: 0.0, Avg: 0.0, Max: 0.0, Diff: 0.0, Sum: 0.0]
         [Termination Attempts: Min: 29, Avg: 34.0, Max: 39, Diff: 10, Sum: 136]
      [GC Worker Other (ms): Min: 0.0, Avg: 0.0, Max: 0.0, Diff: 0.0, Sum: 0.0]
      [GC Worker Total (ms): Min: 55.7, Avg: 55.7, Max: 55.7, Diff: 0.0, Sum: 222.8]
      [GC Worker End (ms): Min: 66755.2, Avg: 66755.2, Max: 66755.2, Diff: 0.0]
   [Code Root Fixup: 0.0 ms]
   [Code Root Purge: 0.0 ms]
   [Clear CT: 0.0 ms]
   [Other: 0.3 ms]
      [Choose CSet: 0.0 ms]
      [Ref Proc: 0.0 ms]
      [Ref Enq: 0.0 ms]
      [Redirty Cards: 0.1 ms]
      [Humongous Register: 0.0 ms]
      [Humongous Reclaim: 0.0 ms]
      [Free CSet: 0.1 ms]
   [Eden: 89.0M(89.0M)->0.0B(89.0M) Survivors: 13.0M->13.0M Heap: 1671.2M(2048.0M)->1616.2M(2048.0M)]
 [Times: user=0.19 sys=0.00, real=0.06 secs] 
66.834: [GC pause (G1 Evacuation Pause) (young), 0.0719395 secs]
   [Parallel Time: 71.6 ms, GC Workers: 4]
      [GC Worker Start (ms): Min: 66834.5, Avg: 66834.5, Max: 66834.5, Diff: 0.0]
      [Ext Root Scanning (ms): Min: 0.2, Avg: 0.2, Max: 0.2, Diff: 0.0, Sum: 0.8]
      [Update RS (ms): Min: 19.2, Avg: 19.5, Max: 19.6, Diff: 0.4, Sum: 77.8]
         [Processed Buffers: Min: 35, Avg: 36.0, Max: 37, Diff: 2, Sum: 144]
      [Scan RS (ms): Min: 0.0, Avg: 0.0, Max: 0.0, Diff: 0.0, Sum: 0.0]
      [Code Root Scanning (ms): Min: 0.0, Avg: 0.0, Max: 0.0, Diff: 0.0, Sum: 0.0]
      [Object Copy (ms): Min: 51.8, Avg: 51.9, Max: 52.1, Diff: 0.3, Sum: 207.4]
      [Termination (ms): Min: 0.0, Avg: 0.0, Max: 0.0, Diff: 0.0, Sum: 0.0]
         [Termination Attempts: Min: 16, Avg: 20.3, Max: 25, Diff: 9, Sum: 81]
      [GC Worker Other (ms): Min: 0.0, Avg: 0.0, Max: 0.0, Diff: 0.0, Sum: 0.1]
      [GC Worker Total (ms): Min: 71.5, Avg: 71.5, Max: 71.6, Diff: 0.0, Sum: 286.2]
      [GC Worker End (ms): Min: 66906.0, Avg: 66906.0, Max: 66906.0, Diff: 0.0]
   [Code Root Fixup: 0.0 ms]
   [Code Root Purge: 0.0 ms]
   [Clear CT: 0.0 ms]
   [Other: 0.3 ms]
      [Choose CSet: 0.0 ms]
      [Ref Proc: 0.0 ms]
      [Ref Enq: 0.0 ms]
      [Redirty Cards: 0.1 ms]
      [Humongous Register: 0.0 ms]
      [Humongous Reclaim: 0.0 ms]
      [Free CSet: 0.1 ms]
   [Eden: 89.0M(89.0M)->0.0B(89.0M) Survivors: 13.0M->13.0M Heap: 1705.2M(2048.0M)->1647.4M(2048.0M)]
 [Times: user=0.31 sys=0.00, real=0.07 secs] 
66.987: [GC pause (G1 Evacuation Pause) (young), 0.0862711 secs]
   [Parallel Time: 85.9 ms, GC Workers: 4]
      [GC Worker Start (ms): Min: 66987.6, Avg: 66987.6, Max: 66987.6, Diff: 0.0]
      [Ext Root Scanning (ms): Min: 0.2, Avg: 0.2, Max: 0.2, Diff: 0.0, Sum: 0.8]
      [Update RS (ms): Min: 30.6, Avg: 30.8, Max: 31.0, Diff: 0.4, Sum: 123.1]
         [Processed Buffers: Min: 54, Avg: 55.5, Max: 57, Diff: 3, Sum: 222]
      [Scan RS (ms): Min: 0.0, Avg: 0.0, Max: 0.0, Diff: 0.0, Sum: 0.1]
      [Code Root Scanning (ms): Min: 0.0, Avg: 0.0, Max: 0.0, Diff: 0.0, Sum: 0.0]
      [Object Copy (ms): Min: 54.6, Avg: 54.8, Max: 55.0, Diff: 0.3, Sum: 219.3]
      [Termination (ms): Min: 0.0, Avg: 0.0, Max: 0.0, Diff: 0.0, Sum: 0.0]
         [Termination Attempts: Min: 35, Avg: 39.0, Max: 43, Diff: 8, Sum: 156]
      [GC Worker Other (ms): Min: 0.0, Avg: 0.0, Max: 0.0, Diff: 0.0, Sum: 0.0]
      [GC Worker Total (ms): Min: 85.8, Avg: 85.8, Max: 85.9, Diff: 0.0, Sum: 343.4]
      [GC Worker End (ms): Min: 67073.4, Avg: 67073.4, Max: 67073.4, Diff: 0.0]
   [Code Root Fixup: 0.0 ms]
   [Code Root Purge: 0.0 ms]
   [Clear CT: 0.0 ms]
   [Other: 0.3 ms]
      [Choose CSet: 0.0 ms]
      [Ref Proc: 0.0 ms]
      [Ref Enq: 0.0 ms]
      [Redirty Cards: 0.1 ms]
      [Humongous Register: 0.0 ms]
      [Humongous Reclaim: 0.0 ms]
      [Free CSet: 0.1 ms]
   [Eden: 89.0M(89.0M)->0.0B(89.0M) Survivors: 13.0M->13.0M Heap: 1736.4M(2048.0M)->1679.9M(2048.0M)]
 [Times: user=0.38 sys=0.00, real=0.09 secs] 
67.154: [GC pause (G1 Evacuation Pause) (young), 0.0619126 secs]
   [Parallel Time: 61.6 ms, GC Workers: 4]
      [GC Worker Start (ms): Min: 67154.5, Avg: 67154.5, Max: 67154.5, Diff: 0.0]
      [Ext Root Scanning (ms): Min: 0.2, Avg: 0.2, Max: 0.2, Diff: 0.0, Sum: 0.8]
      [Update RS (ms): Min: 21.2, Avg: 21.2, Max: 21.3, Diff: 0.2, Sum: 84.9]
         [Processed Buffers: Min: 35, Avg: 35.8, Max: 37, Diff: 2, Sum: 143]
      [Scan RS (ms): Min: 0.0, Avg: 0.0, Max: 0.0, Diff: 0.0, Sum: 0.1]
      [Code Root Scanning (ms): Min: 0.0, Avg: 0.0, Max: 0.0, Diff: 0.0, Sum: 0.0]
      [Object Copy (ms): Min: 40.0, Avg: 40.1, Max: 40.1, Diff: 0.2, Sum: 160.3]
      [Termination (ms): Min: 0.0, Avg: 0.0, Max: 0.0, Diff: 0.0, Sum: 0.0]
         [Termination Attempts: Min: 7, Avg: 9.0, Max: 11, Diff: 4, Sum: 36]
      [GC Worker Other (ms): Min: 0.0, Avg: 0.0, Max: 0.0, Diff: 0.0, Sum: 0.0]
      [GC Worker Total (ms): Min: 61.5, Avg: 61.5, Max: 61.5, Diff: 0.0, Sum: 246.1]
      [GC Worker End (ms): Min: 67216.0, Avg: 67216.0, Max: 67216.0, Diff: 0.0]
   [Code Root Fixup: 0.0 ms]
   [Code Root Purge: 0.0 ms]
   [Clear CT: 0.0 ms]
   [Other: 0.3 ms]
      [Choose CSet: 0.0 ms]
      [Ref Proc: 0.0 ms]
      [Ref Enq: 0.0 ms]
      [Redirty Cards: 0.1 ms]
      [Humongous Register: 0.0 ms]
      [Humongous Reclaim: 0.0 ms]
      [Free CSet: 0.1 ms]
   [Eden: 89.0M(89.0M)->0.0B(89.0M) Survivors: 13.0M->13.0M Heap: 1768.9M(2048.0M)->1713.0M(2048.0M)]
 [Times: user=0.25 sys=0.00, real=0.06 secs] 
67.294: [GC pause (G1 Evacuation Pause) (young), 0.0718183 secs]
   [Parallel Time: 71.5 ms, GC Workers: 4]
      [GC Worker Start (ms): Min: 67294.4, Avg: 67294.4, Max: 67294.5, Diff: 0.0]
      [Ext Root Scanning (ms): Min: 0.2, Avg: 0.2, Max: 0.2, Diff: 0.0, Sum: 0.8]
      [Update RS (ms): Min: 16.3, Avg: 16.4, Max: 16.6, Diff: 0.3, Sum: 65.8]
         [Processed Buffers: Min: 31, Avg: 31.8, Max: 33, Diff: 2, Sum: 127]
      [Scan RS (ms): Min: 0.0, Avg: 0.0, Max: 0.1, Diff: 0.1, Sum: 0.1]
      [Code Root Scanning (ms): Min: 0.0, Avg: 0.0, Max: 0.0, Diff: 0.0, Sum: 0.0]
      [Object Copy (ms): Min: 54.6, Avg: 54.8, Max: 54.9, Diff: 0.3, Sum: 219.1]
      [Termination (ms): Min: 0.0, Avg: 0.0, Max: 0.0, Diff: 0.0, Sum: 0.0]
         [Termination Attempts: Min: 11, Avg: 14.5, Max: 18, Diff: 7, Sum: 58]
      [GC Worker Other (ms): Min: 0.0, Avg: 0.0, Max: 0.0, Diff: 0.0, Sum: 0.0]
      [GC Worker Total (ms): Min: 71.4, Avg: 71.4, Max: 71.4, Diff: 0.0, Sum: 285.7]
      [GC Worker End (ms): Min: 67365.9, Avg: 67365.9, Max: 67365.9, Diff: 0.0]
   [Code Root Fixup: 0.0 ms]
   [Code Root Purge: 0.0 ms]
   [Clear CT: 0.0 ms]
   [Other: 0.3 ms]
      [Choose CSet: 0.0 ms]
      [Ref Proc: 0.0 ms]
      [Ref Enq: 0.0 ms]
      [Redirty Cards: 0.1 ms]
      [Humongous Register: 0.0 ms]
      [Humongous Reclaim: 0.0 ms]
      [Free CSet: 0.1 ms]
   [Eden: 89.0M(89.0M)->0.0B(89.0M) Survivors: 13.0M->13.0M Heap: 1802.0M(2048.0M)->1746.9M(2048.0M)]
 [Times: user=0.25 sys=0.00, real=0.07 secs] 
67.445: [GC pause (G1 Evacuation Pause) (young) (to-space exhausted), 0.1096305 secs]
   [Parallel Time: 101.4 ms, GC Workers: 4]
      [GC Worker Start (ms): Min: 67445.6, Avg: 67445.6, Max: 67445.6, Diff: 0.0]
      [Ext Root Scanning (ms): Min: 0.2, Avg: 0.2, Max: 0.2, Diff: 0.0, Sum: 0.8]
      [Update RS (ms): Min: 25.2, Avg: 25.3, Max: 25.5, Diff: 0.3, Sum: 101.2]
         [Processed Buffers: Min: 44, Avg: 45.5, Max: 46, Diff: 2, Sum: 182]
      [Scan RS (ms): Min: 0.0, Avg: 0.0, Max: 0.0, Diff: 0.0, Sum: 0.0]
      [Code Root Scanning (ms): Min: 0.0, Avg: 0.0, Max: 0.0, Diff: 0.0, Sum: 0.0]
      [Object Copy (ms): Min: 75.7, Avg: 75.9, Max: 76.0, Diff: 0.3, Sum: 303.5]
      [Termination (ms): Min: 0.0, Avg: 0.0, Max: 0.0, Diff: 0.0, Sum: 0.1]
         [Termination Attempts: Min: 1, Avg: 1.0, Max: 1, Diff: 0, Sum: 4]
      [GC Worker Other (ms): Min: 0.0, Avg: 0.0, Max: 0.0, Diff: 0.0, Sum: 0.0]
      [GC Worker Total (ms): Min: 101.4, Avg: 101.4, Max: 101.4, Diff: 0.0, Sum: 405.6]
      [GC Worker End (ms): Min: 67547.0, Avg: 67547.0, Max: 67547.0, Diff: 0.0]
   [Code Root Fixup: 0.0 ms]
   [Code Root Purge: 0.0 ms]
   [Clear CT: 0.0 ms]
   [Other: 8.1 ms]
      [Evacuation Failure: 7.8 ms]
      [Choose CSet: 0.0 ms]
      [Ref Proc: 0.1 ms]
      [Ref Enq: 0.0 ms]
      [Redirty Cards: 0.1 ms]
      [Humongous Register: 0.0 ms]
      [Humongous Reclaim: 0.0 ms]
      [Free CSet: 0.1 ms]
   [Eden: 89.0M(89.0M)->0.0B(93.0M) Survivors: 13.0M->9216.0K Heap: 1835.9M(2048.0M)->1824.5M(2048.0M)]
 [Times: user=0.23 sys=0.00, real=0.11 secs] 
67.595: [GC pause (G1 Evacuation Pause) (young) (to-space exhausted), 0.0675361 secs]
   [Parallel Time: 60.9 ms, GC Workers: 4]
      [GC Worker Start (ms): Min: 67595.2, Avg: 67595.2, Max: 67595.2, Diff: 0.0]
      [Ext Root Scanning (ms): Min: 0.2, Avg: 0.2, Max: 0.2, Diff: 0.0, Sum: 0.8]
      [Update RS (ms): Min: 9.8, Avg: 21.2, Max: 25.2, Diff: 15.4, Sum: 84.6]
         [Processed Buffers: Min: 21, Avg: 52.8, Max: 71, Diff: 50, Sum: 211]
      [Scan RS (ms): Min: 0.0, Avg: 0.0, Max: 0.2, Diff: 0.2, Sum: 0.2]
      [Code Root Scanning (ms): Min: 0.0, Avg: 0.0, Max: 0.0, Diff: 0.0, Sum: 0.0]
      [Object Copy (ms): Min: 35.5, Avg: 39.5, Max: 50.9, Diff: 15.4, Sum: 157.9]
      [Termination (ms): Min: 0.0, Avg: 0.0, Max: 0.0, Diff: 0.0, Sum: 0.0]
         [Termination Attempts: Min: 1, Avg: 25.3, Max: 46, Diff: 45, Sum: 101]
      [GC Worker Other (ms): Min: 0.0, Avg: 0.0, Max: 0.0, Diff: 0.0, Sum: 0.1]
      [GC Worker Total (ms): Min: 60.9, Avg: 60.9, Max: 60.9, Diff: 0.0, Sum: 243.6]
      [GC Worker End (ms): Min: 67656.1, Avg: 67656.1, Max: 67656.1, Diff: 0.0]
   [Code Root Fixup: 0.0 ms]
   [Code Root Purge: 0.0 ms]
   [Clear CT: 0.0 ms]
   [Other: 6.6 ms]
      [Evacuation Failure: 6.3 ms]
      [Choose CSet: 0.0 ms]
      [Ref Proc: 0.1 ms]
      [Ref Enq: 0.0 ms]
      [Redirty Cards: 0.1 ms]
      [Humongous Register: 0.0 ms]
      [Humongous Reclaim: 0.0 ms]
      [Free CSet: 0.0 ms]
   [Eden: 31.0M(93.0M)->0.0B(102.0M) Survivors: 9216.0K->0.0B Heap: 1855.5M(2048.0M)->1853.5M(2048.0M)]
 [Times: user=0.20 sys=0.00, real=0.07 secs] 
67.674: [GC pause (G1 Evacuation Pause) (young) (to-space exhausted), 0.0155995 secs]
   [Parallel Time: 14.6 ms, GC Workers: 4]
      [GC Worker Start (ms): Min: 67673.6, Avg: 67673.6, Max: 67673.6, Diff: 0.0]
      [Ext Root Scanning (ms): Min: 0.2, Avg: 0.2, Max: 0.2, Diff: 0.0, Sum: 0.8]
      [Update RS (ms): Min: 13.4, Avg: 13.6, Max: 13.9, Diff: 0.5, Sum: 54.4]
         [Processed Buffers: Min: 34, Avg: 34.0, Max: 34, Diff: 0, Sum: 136]
      [Scan RS (ms): Min: 0.0, Avg: 0.0, Max: 0.0, Diff: 0.0, Sum: 0.0]
      [Code Root Scanning (ms): Min: 0.0, Avg: 0.0, Max: 0.0, Diff: 0.0, Sum: 0.0]
      [Object Copy (ms): Min: 0.0, Avg: 0.3, Max: 0.9, Diff: 0.9, Sum: 1.3]
      [Termination (ms): Min: 0.0, Avg: 0.5, Max: 0.8, Diff: 0.8, Sum: 1.8]
         [Termination Attempts: Min: 1, Avg: 1.0, Max: 1, Diff: 0, Sum: 4]
      [GC Worker Other (ms): Min: 0.0, Avg: 0.0, Max: 0.0, Diff: 0.0, Sum: 0.0]
      [GC Worker Total (ms): Min: 14.6, Avg: 14.6, Max: 14.6, Diff: 0.0, Sum: 58.3]
      [GC Worker End (ms): Min: 67688.2, Avg: 67688.2, Max: 67688.2, Diff: 0.0]
   [Code Root Fixup: 0.0 ms]
   [Code Root Purge: 0.0 ms]
   [Clear CT: 0.0 ms]
   [Other: 1.0 ms]
      [Evacuation Failure: 0.8 ms]
      [Choose CSet: 0.0 ms]
      [Ref Proc: 0.0 ms]
      [Ref Enq: 0.0 ms]
      [Redirty Cards: 0.0 ms]
      [Humongous Register: 0.0 ms]
      [Humongous Reclaim: 0.0 ms]
      [Free CSet: 0.0 ms]
   [Eden: 2048.0K(102.0M)->0.0B(102.0M) Survivors: 0.0B->0.0B Heap: 1855.5M(2048.0M)->1855.5M(2048.0M)]
 [Times: user=0.06 sys=0.00, real=0.02 secs] 
67.690: [Full GC (Allocation Failure)  1855M->1157M(2048M), 1.5164958 secs]
   [Eden: 0.0B(102.0M)->0.0B(377.0M) Survivors: 0.0B->0.0B Heap: 1855.5M(2048.0M)->1157.8M(2048.0M)], [Metaspace: 9336K->9336K(1058816K)]
 [Times: user=2.97 sys=0.00, real=1.52 secs] 
69.206: [GC concurrent-mark-abort]
69.539: [GC pause (G1 Evacuation Pause) (young), 0.1601239 secs]
   [Parallel Time: 159.4 ms, GC Workers: 4]
      [GC Worker Start (ms): Min: 69538.7, Avg: 69538.8, Max: 69538.8, Diff: 0.1]
      [Ext Root Scanning (ms): Min: 0.2, Avg: 0.2, Max: 0.3, Diff: 0.1, Sum: 0.9]
      [Update RS (ms): Min: 0.0, Avg: 0.0, Max: 0.1, Diff: 0.1, Sum: 0.2]
         [Processed Buffers: Min: 0, Avg: 1.0, Max: 2, Diff: 2, Sum: 4]
      [Scan RS (ms): Min: 0.0, Avg: 0.0, Max: 0.1, Diff: 0.1, Sum: 0.2]
      [Code Root Scanning (ms): Min: 0.0, Avg: 0.0, Max: 0.0, Diff: 0.0, Sum: 0.0]
      [Object Copy (ms): Min: 159.0, Avg: 159.0, Max: 159.0, Diff: 0.1, Sum: 636.0]
      [Termination (ms): Min: 0.0, Avg: 0.0, Max: 0.0, Diff: 0.0, Sum: 0.0]
         [Termination Attempts: Min: 25, Avg: 28.5, Max: 31, Diff: 6, Sum: 114]
      [GC Worker Other (ms): Min: 0.0, Avg: 0.0, Max: 0.0, Diff: 0.0, Sum: 0.1]
      [GC Worker Total (ms): Min: 159.3, Avg: 159.4, Max: 159.4, Diff: 0.1, Sum: 637.4]
      [GC Worker End (ms): Min: 69698.1, Avg: 69698.1, Max: 69698.1, Diff: 0.0]
   [Code Root Fixup: 0.0 ms]
   [Code Root Purge: 0.0 ms]
   [Clear CT: 0.1 ms]
   [Other: 0.6 ms]
      [Choose CSet: 0.0 ms]
      [Ref Proc: 0.0 ms]
      [Ref Enq: 0.0 ms]
      [Redirty Cards: 0.1 ms]
      [Humongous Register: 0.0 ms]
      [Humongous Reclaim: 0.0 ms]
      [Free CSet: 0.2 ms]
   [Eden: 377.0M(377.0M)->0.0B(270.0M) Survivors: 0.0B->48.0M Heap: 1534.8M(2048.0M)->1294.2M(2048.0M)]
 [Times: user=0.63 sys=0.00, real=0.16 secs] 
69.807: [GC pause (G1 Evacuation Pause) (young) (initial-mark), 0.1202079 secs]
   [Parallel Time: 119.6 ms, GC Workers: 4]
      [GC Worker Start (ms): Min: 69807.6, Avg: 69807.6, Max: 69807.6, Diff: 0.0]
      [Ext Root Scanning (ms): Min: 0.3, Avg: 0.3, Max: 0.3, Diff: 0.0, Sum: 1.0]
      [Update RS (ms): Min: 16.2, Avg: 16.3, Max: 16.3, Diff: 0.1, Sum: 65.1]
         [Processed Buffers: Min: 30, Avg: 31.0, Max: 33, Diff: 3, Sum: 124]
      [Scan RS (ms): Min: 4.6, Avg: 4.7, Max: 4.8, Diff: 0.2, Sum: 18.8]
      [Code Root Scanning (ms): Min: 0.0, Avg: 0.0, Max: 0.0, Diff: 0.0, Sum: 0.0]
      [Object Copy (ms): Min: 98.3, Avg: 98.3, Max: 98.3, Diff: 0.1, Sum: 393.3]
      [Termination (ms): Min: 0.0, Avg: 0.0, Max: 0.0, Diff: 0.0, Sum: 0.0]
         [Termination Attempts: Min: 1, Avg: 1.0, Max: 1, Diff: 0, Sum: 4]
      [GC Worker Other (ms): Min: 0.0, Avg: 0.0, Max: 0.0, Diff: 0.0, Sum: 0.1]
      [GC Worker Total (ms): Min: 119.6, Avg: 119.6, Max: 119.6, Diff: 0.0, Sum: 478.3]
      [GC Worker End (ms): Min: 69927.2, Avg: 69927.2, Max: 69927.2, Diff: 0.0]
   [Code Root Fixup: 0.0 ms]
   [Code Root Purge: 0.0 ms]
   [Clear CT: 0.1 ms]
   [Other: 0.5 ms]
      [Choose CSet: 0.0 ms]
      [Ref Proc: 0.0 ms]
      [Ref Enq: 0.0 ms]
      [Redirty Cards: 0.2 ms]
      [Humongous Register: 0.0 ms]
      [Humongous Reclaim: 0.0 ms]
      [Free CSet: 0.1 ms]
   [Eden: 95.0M(54.0M)->0.0B(243.0M) Survivors: 48.0M->13.0M Heap: 1389.2M(2048.0M)->1326.1M(2048.0M)]
 [Times: user=0.44 sys=0.00, real=0.12 secs] 
69.928: [GC concurrent-root-region-scan-start]
69.947: [GC concurrent-root-region-scan-end, 0.0196636 secs]
69.947: [GC concurrent-mark-start]
70.182: [GC pause (G1 Evacuation Pause) (young), 0.1538399 secs]
   [Parallel Time: 153.3 ms, GC Workers: 4]
      [GC Worker Start (ms): Min: 70182.0, Avg: 70182.0, Max: 70182.1, Diff: 0.1]
      [Ext Root Scanning (ms): Min: 0.1, Avg: 0.2, Max: 0.2, Diff: 0.1, Sum: 0.8]
      [Update RS (ms): Min: 19.5, Avg: 19.6, Max: 19.9, Diff: 0.3, Sum: 78.5]
         [Processed Buffers: Min: 33, Avg: 34.0, Max: 35, Diff: 2, Sum: 136]
      [Scan RS (ms): Min: 0.1, Avg: 0.3, Max: 0.4, Diff: 0.3, Sum: 1.2]
      [Code Root Scanning (ms): Min: 0.0, Avg: 0.0, Max: 0.0, Diff: 0.0, Sum: 0.0]
      [Object Copy (ms): Min: 133.0, Avg: 133.0, Max: 133.1, Diff: 0.0, Sum: 532.2]
      [Termination (ms): Min: 0.0, Avg: 0.0, Max: 0.0, Diff: 0.0, Sum: 0.0]
         [Termination Attempts: Min: 9, Avg: 11.8, Max: 14, Diff: 5, Sum: 47]
      [GC Worker Other (ms): Min: 0.0, Avg: 0.0, Max: 0.0, Diff: 0.0, Sum: 0.1]
      [GC Worker Total (ms): Min: 153.1, Avg: 153.2, Max: 153.2, Diff: 0.1, Sum: 612.8]
      [GC Worker End (ms): Min: 70335.2, Avg: 70335.2, Max: 70335.2, Diff: 0.0]
   [Code Root Fixup: 0.0 ms]
   [Code Root Purge: 0.0 ms]
   [Clear CT: 0.1 ms]
   [Other: 0.5 ms]
      [Choose CSet: 0.0 ms]
      [Ref Proc: 0.0 ms]
      [Ref Enq: 0.0 ms]
      [Redirty Cards: 0.1 ms]
      [Humongous Register: 0.1 ms]
      [Humongous Reclaim: 0.0 ms]
      [Free CSet: 0.2 ms]
   [Eden: 243.0M(243.0M)->0.0B(177.0M) Survivors: 13.0M->32.0M Heap: 1569.1M(2048.0M)->1415.5M(2048.0M)]
 [Times: user=0.61 sys=0.01, real=0.15 secs] 
70.513: [GC pause (G1 Evacuation Pause) (young), 0.1611980 secs]
   [Parallel Time: 160.5 ms, GC Workers: 4]
      [GC Worker Start (ms): Min: 70513.6, Avg: 70513.6, Max: 70513.6, Diff: 0.0]
      [Ext Root Scanning (ms): Min: 0.2, Avg: 0.2, Max: 0.3, Diff: 0.1, Sum: 0.9]
      [Update RS (ms): Min: 21.4, Avg: 21.6, Max: 21.8, Diff: 0.4, Sum: 86.3]
         [Processed Buffers: Min: 36, Avg: 37.5, Max: 41, Diff: 5, Sum: 150]
      [Scan RS (ms): Min: 6.9, Avg: 7.1, Max: 7.3, Diff: 0.4, Sum: 28.3]
      [Code Root Scanning (ms): Min: 0.0, Avg: 0.0, Max: 0.0, Diff: 0.0, Sum: 0.0]
      [Object Copy (ms): Min: 131.5, Avg: 131.5, Max: 131.5, Diff: 0.0, Sum: 526.0]
      [Termination (ms): Min: 0.0, Avg: 0.0, Max: 0.0, Diff: 0.0, Sum: 0.0]
         [Termination Attempts: Min: 6, Avg: 8.3, Max: 13, Diff: 7, Sum: 33]
      [GC Worker Other (ms): Min: 0.0, Avg: 0.0, Max: 0.0, Diff: 0.0, Sum: 0.1]
      [GC Worker Total (ms): Min: 160.4, Avg: 160.4, Max: 160.4, Diff: 0.1, Sum: 641.6]
      [GC Worker End (ms): Min: 70674.0, Avg: 70674.0, Max: 70674.0, Diff: 0.0]
   [Code Root Fixup: 0.0 ms]
   [Code Root Purge: 0.0 ms]
   [Clear CT: 0.1 ms]
   [Other: 0.6 ms]
      [Choose CSet: 0.0 ms]
      [Ref Proc: 0.0 ms]
      [Ref Enq: 0.0 ms]
      [Redirty Cards: 0.2 ms]
      [Humongous Register: 0.0 ms]
      [Humongous Reclaim: 0.0 ms]
      [Free CSet: 0.2 ms]
   [Eden: 177.0M(177.0M)->0.0B(128.0M) Survivors: 32.0M->27.0M Heap: 1592.5M(2048.0M)->1482.2M(2048.0M)]
 [Times: user=0.63 sys=0.00, real=0.16 secs] 
70.829: [GC pause (G1 Evacuation Pause) (young), 0.1374316 secs]
   [Parallel Time: 137.0 ms, GC Workers: 4]
      [GC Worker Start (ms): Min: 70828.8, Avg: 70828.8, Max: 70828.8, Diff: 0.0]
      [Ext Root Scanning (ms): Min: 0.2, Avg: 0.2, Max: 0.2, Diff: 0.0, Sum: 0.8]
      [Update RS (ms): Min: 39.2, Avg: 39.3, Max: 39.4, Diff: 0.2, Sum: 157.1]
         [Processed Buffers: Min: 67, Avg: 69.0, Max: 71, Diff: 4, Sum: 276]
      [Scan RS (ms): Min: 1.0, Avg: 1.1, Max: 1.2, Diff: 0.2, Sum: 4.5]
      [Code Root Scanning (ms): Min: 0.0, Avg: 0.0, Max: 0.0, Diff: 0.0, Sum: 0.0]
      [Object Copy (ms): Min: 96.3, Avg: 96.3, Max: 96.3, Diff: 0.0, Sum: 385.2]
      [Termination (ms): Min: 0.0, Avg: 0.0, Max: 0.0, Diff: 0.0, Sum: 0.1]
         [Termination Attempts: Min: 12, Avg: 197.3, Max: 266, Diff: 254, Sum: 789]
      [GC Worker Other (ms): Min: 0.0, Avg: 0.0, Max: 0.0, Diff: 0.0, Sum: 0.1]
      [GC Worker Total (ms): Min: 136.9, Avg: 136.9, Max: 137.0, Diff: 0.0, Sum: 547.7]
      [GC Worker End (ms): Min: 70965.7, Avg: 70965.7, Max: 70965.8, Diff: 0.0]
   [Code Root Fixup: 0.0 ms]
   [Code Root Purge: 0.0 ms]
   [Clear CT: 0.1 ms]
   [Other: 0.4 ms]
      [Choose CSet: 0.0 ms]
      [Ref Proc: 0.0 ms]
      [Ref Enq: 0.0 ms]
      [Redirty Cards: 0.1 ms]
      [Humongous Register: 0.0 ms]
      [Humongous Reclaim: 0.0 ms]
      [Free CSet: 0.1 ms]
   [Eden: 128.0M(128.0M)->0.0B(93.0M) Survivors: 27.0M->20.0M Heap: 1610.2M(2048.0M)->1528.9M(2048.0M)]
 [Times: user=0.56 sys=0.00, real=0.14 secs] 
71.061: [GC pause (G1 Evacuation Pause) (young), 0.0857416 secs]
   [Parallel Time: 85.4 ms, GC Workers: 4]
      [GC Worker Start (ms): Min: 71061.4, Avg: 71061.5, Max: 71061.5, Diff: 0.0]
      [Ext Root Scanning (ms): Min: 0.2, Avg: 0.2, Max: 0.2, Diff: 0.0, Sum: 0.8]
      [Update RS (ms): Min: 16.7, Avg: 16.8, Max: 16.9, Diff: 0.2, Sum: 67.2]
         [Processed Buffers: Min: 28, Avg: 30.0, Max: 33, Diff: 5, Sum: 120]
      [Scan RS (ms): Min: 1.9, Avg: 1.9, Max: 2.0, Diff: 0.1, Sum: 7.8]
      [Code Root Scanning (ms): Min: 0.0, Avg: 0.0, Max: 0.0, Diff: 0.0, Sum: 0.0]
      [Object Copy (ms): Min: 66.3, Avg: 66.4, Max: 66.4, Diff: 0.1, Sum: 265.5]
      [Termination (ms): Min: 0.0, Avg: 0.0, Max: 0.0, Diff: 0.0, Sum: 0.0]
         [Termination Attempts: Min: 25, Avg: 28.3, Max: 31, Diff: 6, Sum: 113]
      [GC Worker Other (ms): Min: 0.0, Avg: 0.0, Max: 0.0, Diff: 0.0, Sum: 0.1]
      [GC Worker Total (ms): Min: 85.3, Avg: 85.3, Max: 85.3, Diff: 0.0, Sum: 341.3]
      [GC Worker End (ms): Min: 71146.8, Avg: 71146.8, Max: 71146.8, Diff: 0.0]
   [Code Root Fixup: 0.0 ms]
   [Code Root Purge: 0.0 ms]
   [Clear CT: 0.0 ms]
   [Other: 0.3 ms]
      [Choose CSet: 0.0 ms]
      [Ref Proc: 0.0 ms]
      [Ref Enq: 0.0 ms]
      [Redirty Cards: 0.1 ms]
      [Humongous Register: 0.0 ms]
      [Humongous Reclaim: 0.0 ms]
      [Free CSet: 0.1 ms]
   [Eden: 93.0M(93.0M)->0.0B(87.0M) Survivors: 20.0M->15.0M Heap: 1621.9M(2048.0M)->1565.4M(2048.0M)]
 [Times: user=0.31 sys=0.00, real=0.09 secs] 
71.228: [GC pause (G1 Evacuation Pause) (young), 0.0958692 secs]
   [Parallel Time: 95.5 ms, GC Workers: 4]
      [GC Worker Start (ms): Min: 71227.6, Avg: 71227.6, Max: 71227.7, Diff: 0.0]
      [Ext Root Scanning (ms): Min: 0.2, Avg: 0.2, Max: 0.2, Diff: 0.0, Sum: 0.8]
      [Update RS (ms): Min: 20.1, Avg: 20.4, Max: 20.7, Diff: 0.6, Sum: 81.5]
         [Processed Buffers: Min: 32, Avg: 32.5, Max: 34, Diff: 2, Sum: 130]
      [Scan RS (ms): Min: 0.0, Avg: 0.0, Max: 0.0, Diff: 0.0, Sum: 0.1]
      [Code Root Scanning (ms): Min: 0.0, Avg: 0.0, Max: 0.0, Diff: 0.0, Sum: 0.0]
      [Object Copy (ms): Min: 74.5, Avg: 74.8, Max: 75.0, Diff: 0.6, Sum: 299.2]
      [Termination (ms): Min: 0.0, Avg: 0.0, Max: 0.0, Diff: 0.0, Sum: 0.1]
         [Termination Attempts: Min: 34, Avg: 262.5, Max: 365, Diff: 331, Sum: 1050]
      [GC Worker Other (ms): Min: 0.0, Avg: 0.0, Max: 0.0, Diff: 0.0, Sum: 0.1]
      [GC Worker Total (ms): Min: 95.4, Avg: 95.4, Max: 95.4, Diff: 0.0, Sum: 381.7]
      [GC Worker End (ms): Min: 71323.1, Avg: 71323.1, Max: 71323.1, Diff: 0.0]
   [Code Root Fixup: 0.0 ms]
   [Code Root Purge: 0.0 ms]
   [Clear CT: 0.0 ms]
   [Other: 0.4 ms]
      [Choose CSet: 0.0 ms]
      [Ref Proc: 0.0 ms]
      [Ref Enq: 0.0 ms]
      [Redirty Cards: 0.1 ms]
      [Humongous Register: 0.0 ms]
      [Humongous Reclaim: 0.0 ms]
      [Free CSet: 0.1 ms]
   [Eden: 87.0M(87.0M)->0.0B(89.0M) Survivors: 15.0M->13.0M Heap: 1652.4M(2048.0M)->1597.5M(2048.0M)]
 [Times: user=0.38 sys=0.00, real=0.10 secs] 
71.416: [GC pause (G1 Evacuation Pause) (young), 0.0557708 secs]
   [Parallel Time: 55.3 ms, GC Workers: 4]
      [GC Worker Start (ms): Min: 71415.9, Avg: 71415.9, Max: 71415.9, Diff: 0.0]
      [Ext Root Scanning (ms): Min: 0.2, Avg: 0.2, Max: 0.2, Diff: 0.0, Sum: 0.8]
      [Update RS (ms): Min: 14.4, Avg: 14.5, Max: 14.8, Diff: 0.3, Sum: 58.1]
         [Processed Buffers: Min: 29, Avg: 29.8, Max: 31, Diff: 2, Sum: 119]
      [Scan RS (ms): Min: 0.2, Avg: 0.5, Max: 0.6, Diff: 0.3, Sum: 1.9]
      [Code Root Scanning (ms): Min: 0.0, Avg: 0.0, Max: 0.0, Diff: 0.0, Sum: 0.0]
      [Object Copy (ms): Min: 40.0, Avg: 40.0, Max: 40.0, Diff: 0.0, Sum: 160.1]
      [Termination (ms): Min: 0.0, Avg: 0.0, Max: 0.0, Diff: 0.0, Sum: 0.0]
         [Termination Attempts: Min: 25, Avg: 30.3, Max: 36, Diff: 11, Sum: 121]
      [GC Worker Other (ms): Min: 0.0, Avg: 0.0, Max: 0.0, Diff: 0.0, Sum: 0.1]
      [GC Worker Total (ms): Min: 55.2, Avg: 55.2, Max: 55.3, Diff: 0.0, Sum: 221.0]
      [GC Worker End (ms): Min: 71471.1, Avg: 71471.1, Max: 71471.1, Diff: 0.0]
   [Code Root Fixup: 0.0 ms]
   [Code Root Purge: 0.0 ms]
   [Clear CT: 0.0 ms]
   [Other: 0.5 ms]
      [Choose CSet: 0.0 ms]
      [Ref Proc: 0.0 ms]
      [Ref Enq: 0.0 ms]
      [Redirty Cards: 0.2 ms]
      [Humongous Register: 0.0 ms]
      [Humongous Reclaim: 0.0 ms]
      [Free CSet: 0.1 ms]
   [Eden: 89.0M(89.0M)->0.0B(89.0M) Survivors: 13.0M->13.0M Heap: 1686.5M(2048.0M)->1629.7M(2048.0M)]
 [Times: user=0.19 sys=0.00, real=0.06 secs] 
71.551: [GC pause (G1 Evacuation Pause) (young), 0.0757778 secs]
   [Parallel Time: 75.4 ms, GC Workers: 4]
      [GC Worker Start (ms): Min: 71551.4, Avg: 71551.5, Max: 71551.5, Diff: 0.0]
      [Ext Root Scanning (ms): Min: 0.2, Avg: 0.2, Max: 0.2, Diff: 0.0, Sum: 0.8]
      [Update RS (ms): Min: 16.9, Avg: 17.0, Max: 17.2, Diff: 0.3, Sum: 68.1]
         [Processed Buffers: Min: 31, Avg: 32.3, Max: 33, Diff: 2, Sum: 129]
      [Scan RS (ms): Min: 0.3, Avg: 0.5, Max: 0.6, Diff: 0.3, Sum: 1.9]
      [Code Root Scanning (ms): Min: 0.0, Avg: 0.0, Max: 0.0, Diff: 0.0, Sum: 0.0]
      [Object Copy (ms): Min: 57.6, Avg: 57.7, Max: 57.7, Diff: 0.0, Sum: 230.6]
      [Termination (ms): Min: 0.0, Avg: 0.0, Max: 0.0, Diff: 0.0, Sum: 0.1]
         [Termination Attempts: Min: 1, Avg: 176.0, Max: 246, Diff: 245, Sum: 704]
      [GC Worker Other (ms): Min: 0.0, Avg: 0.0, Max: 0.0, Diff: 0.0, Sum: 0.0]
      [GC Worker Total (ms): Min: 75.4, Avg: 75.4, Max: 75.4, Diff: 0.0, Sum: 301.5]
      [GC Worker End (ms): Min: 71626.9, Avg: 71626.9, Max: 71626.9, Diff: 0.0]
   [Code Root Fixup: 0.0 ms]
   [Code Root Purge: 0.0 ms]
   [Clear CT: 0.0 ms]
   [Other: 0.3 ms]
      [Choose CSet: 0.0 ms]
      [Ref Proc: 0.0 ms]
      [Ref Enq: 0.0 ms]
      [Redirty Cards: 0.1 ms]
      [Humongous Register: 0.0 ms]
      [Humongous Reclaim: 0.0 ms]
      [Free CSet: 0.1 ms]
   [Eden: 89.0M(89.0M)->0.0B(89.0M) Survivors: 13.0M->13.0M Heap: 1718.7M(2048.0M)->1663.5M(2048.0M)]
 [Times: user=0.30 sys=0.00, real=0.07 secs] 
71.708: [GC pause (G1 Evacuation Pause) (young), 0.0836622 secs]
   [Parallel Time: 83.3 ms, GC Workers: 4]
      [GC Worker Start (ms): Min: 71708.2, Avg: 71708.2, Max: 71708.3, Diff: 0.1]
      [Ext Root Scanning (ms): Min: 0.2, Avg: 0.2, Max: 0.2, Diff: 0.1, Sum: 0.8]
      [Update RS (ms): Min: 31.3, Avg: 31.4, Max: 31.6, Diff: 0.4, Sum: 125.7]
         [Processed Buffers: Min: 53, Avg: 55.0, Max: 57, Diff: 4, Sum: 220]
      [Scan RS (ms): Min: 0.0, Avg: 0.0, Max: 0.0, Diff: 0.0, Sum: 0.0]
      [Code Root Scanning (ms): Min: 0.0, Avg: 0.0, Max: 0.0, Diff: 0.0, Sum: 0.0]
      [Object Copy (ms): Min: 51.3, Avg: 51.6, Max: 51.7, Diff: 0.3, Sum: 206.2]
      [Termination (ms): Min: 0.0, Avg: 0.0, Max: 0.0, Diff: 0.0, Sum: 0.0]
         [Termination Attempts: Min: 7, Avg: 9.3, Max: 11, Diff: 4, Sum: 37]
      [GC Worker Other (ms): Min: 0.0, Avg: 0.0, Max: 0.0, Diff: 0.0, Sum: 0.1]
      [GC Worker Total (ms): Min: 83.2, Avg: 83.2, Max: 83.3, Diff: 0.1, Sum: 332.9]
      [GC Worker End (ms): Min: 71791.4, Avg: 71791.4, Max: 71791.5, Diff: 0.0]
   [Code Root Fixup: 0.0 ms]
   [Code Root Purge: 0.0 ms]
   [Clear CT: 0.0 ms]
   [Other: 0.3 ms]
      [Choose CSet: 0.0 ms]
      [Ref Proc: 0.0 ms]
      [Ref Enq: 0.0 ms]
      [Redirty Cards: 0.1 ms]
      [Humongous Register: 0.0 ms]
      [Humongous Reclaim: 0.0 ms]
      [Free CSet: 0.1 ms]
   [Eden: 89.0M(89.0M)->0.0B(89.0M) Survivors: 13.0M->13.0M Heap: 1752.5M(2048.0M)->1697.8M(2048.0M)]
 [Times: user=0.38 sys=0.00, real=0.08 secs] 
71.874: [GC pause (G1 Evacuation Pause) (young), 0.0860434 secs]
   [Parallel Time: 85.6 ms, GC Workers: 4]
      [GC Worker Start (ms): Min: 71874.4, Avg: 71874.4, Max: 71874.4, Diff: 0.0]
      [Ext Root Scanning (ms): Min: 0.2, Avg: 0.2, Max: 0.2, Diff: 0.0, Sum: 0.8]
      [Update RS (ms): Min: 18.9, Avg: 18.9, Max: 19.0, Diff: 0.1, Sum: 75.8]
         [Processed Buffers: Min: 31, Avg: 31.8, Max: 32, Diff: 1, Sum: 127]
      [Scan RS (ms): Min: 0.5, Avg: 0.5, Max: 0.5, Diff: 0.1, Sum: 2.0]
      [Code Root Scanning (ms): Min: 0.0, Avg: 0.0, Max: 0.0, Diff: 0.0, Sum: 0.0]
      [Object Copy (ms): Min: 65.9, Avg: 65.9, Max: 65.9, Diff: 0.1, Sum: 263.6]
      [Termination (ms): Min: 0.0, Avg: 0.0, Max: 0.0, Diff: 0.0, Sum: 0.1]
         [Termination Attempts: Min: 5, Avg: 382.8, Max: 514, Diff: 509, Sum: 1531]
      [GC Worker Other (ms): Min: 0.0, Avg: 0.0, Max: 0.0, Diff: 0.0, Sum: 0.0]
      [GC Worker Total (ms): Min: 85.6, Avg: 85.6, Max: 85.6, Diff: 0.0, Sum: 342.4]
      [GC Worker End (ms): Min: 71960.0, Avg: 71960.0, Max: 71960.0, Diff: 0.0]
   [Code Root Fixup: 0.0 ms]
   [Code Root Purge: 0.0 ms]
   [Clear CT: 0.0 ms]
   [Other: 0.4 ms]
      [Choose CSet: 0.0 ms]
      [Ref Proc: 0.0 ms]
      [Ref Enq: 0.0 ms]
      [Redirty Cards: 0.1 ms]
      [Humongous Register: 0.0 ms]
      [Humongous Reclaim: 0.0 ms]
      [Free CSet: 0.1 ms]
   [Eden: 89.0M(89.0M)->0.0B(89.0M) Survivors: 13.0M->13.0M Heap: 1786.8M(2048.0M)->1730.2M(2048.0M)]
 [Times: user=0.31 sys=0.00, real=0.09 secs] 
72.040: [GC pause (G1 Evacuation Pause) (young) (to-space exhausted), 0.0613430 secs]
   [Parallel Time: 59.5 ms, GC Workers: 4]
      [GC Worker Start (ms): Min: 72040.4, Avg: 72040.4, Max: 72040.4, Diff: 0.0]
      [Ext Root Scanning (ms): Min: 0.2, Avg: 0.2, Max: 0.2, Diff: 0.0, Sum: 0.8]
      [Update RS (ms): Min: 20.2, Avg: 20.4, Max: 20.6, Diff: 0.4, Sum: 81.5]
         [Processed Buffers: Min: 34, Avg: 34.8, Max: 36, Diff: 2, Sum: 139]
      [Scan RS (ms): Min: 0.0, Avg: 0.1, Max: 0.3, Diff: 0.3, Sum: 0.4]
      [Code Root Scanning (ms): Min: 0.0, Avg: 0.0, Max: 0.0, Diff: 0.0, Sum: 0.0]
      [Object Copy (ms): Min: 38.7, Avg: 38.8, Max: 38.9, Diff: 0.2, Sum: 155.3]
      [Termination (ms): Min: 0.0, Avg: 0.0, Max: 0.0, Diff: 0.0, Sum: 0.0]
         [Termination Attempts: Min: 11, Avg: 13.3, Max: 16, Diff: 5, Sum: 53]
      [GC Worker Other (ms): Min: 0.0, Avg: 0.0, Max: 0.0, Diff: 0.0, Sum: 0.0]
      [GC Worker Total (ms): Min: 59.5, Avg: 59.5, Max: 59.5, Diff: 0.0, Sum: 238.1]
      [GC Worker End (ms): Min: 72099.9, Avg: 72099.9, Max: 72099.9, Diff: 0.0]
   [Code Root Fixup: 0.0 ms]
   [Code Root Purge: 0.0 ms]
   [Clear CT: 0.0 ms]
   [Other: 1.8 ms]
      [Evacuation Failure: 1.4 ms]
      [Choose CSet: 0.0 ms]
      [Ref Proc: 0.0 ms]
      [Ref Enq: 0.0 ms]
      [Redirty Cards: 0.1 ms]
      [Humongous Register: 0.0 ms]
      [Humongous Reclaim: 0.0 ms]
      [Free CSet: 0.1 ms]
   [Eden: 89.0M(89.0M)->0.0B(89.0M) Survivors: 13.0M->13.0M Heap: 1819.2M(2048.0M)->1776.8M(2048.0M)]
 [Times: user=0.19 sys=0.02, real=0.06 secs] 
72.205: [GC pause (G1 Evacuation Pause) (young) (to-space exhausted), 0.1002537 secs]
   [Parallel Time: 86.1 ms, GC Workers: 4]
      [GC Worker Start (ms): Min: 72205.4, Avg: 72205.4, Max: 72205.4, Diff: 0.0]
      [Ext Root Scanning (ms): Min: 0.2, Avg: 0.2, Max: 0.2, Diff: 0.0, Sum: 0.8]
      [Update RS (ms): Min: 0.0, Avg: 2.9, Max: 4.0, Diff: 4.0, Sum: 11.7]
         [Processed Buffers: Min: 0, Avg: 31.3, Max: 46, Diff: 46, Sum: 125]
      [Scan RS (ms): Min: 0.0, Avg: 1.1, Max: 1.6, Diff: 1.6, Sum: 4.4]
      [Code Root Scanning (ms): Min: 0.0, Avg: 0.0, Max: 0.0, Diff: 0.0, Sum: 0.0]
      [Object Copy (ms): Min: 78.7, Avg: 80.7, Max: 85.8, Diff: 7.1, Sum: 323.0]
      [Termination (ms): Min: 0.0, Avg: 1.1, Max: 1.8, Diff: 1.8, Sum: 4.3]
         [Termination Attempts: Min: 1, Avg: 6.5, Max: 10, Diff: 9, Sum: 26]
      [GC Worker Other (ms): Min: 0.0, Avg: 0.0, Max: 0.0, Diff: 0.0, Sum: 0.0]
      [GC Worker Total (ms): Min: 86.1, Avg: 86.1, Max: 86.1, Diff: 0.0, Sum: 344.2]
      [GC Worker End (ms): Min: 72291.5, Avg: 72291.5, Max: 72291.5, Diff: 0.0]
   [Code Root Fixup: 0.0 ms]
   [Code Root Purge: 0.0 ms]
   [Clear CT: 0.1 ms]
   [Other: 14.1 ms]
      [Evacuation Failure: 13.5 ms]
      [Choose CSet: 0.0 ms]
      [Ref Proc: 0.1 ms]
      [Ref Enq: 0.0 ms]
      [Redirty Cards: 0.2 ms]
      [Humongous Register: 0.0 ms]
      [Humongous Reclaim: 0.0 ms]
      [Free CSet: 0.1 ms]
   [Eden: 85.0M(89.0M)->0.0B(102.0M) Survivors: 13.0M->0.0B Heap: 1861.8M(2048.0M)->1857.8M(2048.0M)]
 [Times: user=0.20 sys=0.00, real=0.10 secs] 
72.322: [GC pause (G1 Evacuation Pause) (young) (to-space exhausted), 0.0258561 secs]
   [Parallel Time: 24.9 ms, GC Workers: 4]
      [GC Worker Start (ms): Min: 72321.9, Avg: 72321.9, Max: 72322.0, Diff: 0.0]
      [Ext Root Scanning (ms): Min: 0.2, Avg: 0.2, Max: 0.2, Diff: 0.0, Sum: 0.8]
      [Update RS (ms): Min: 21.6, Avg: 21.8, Max: 22.0, Diff: 0.4, Sum: 87.2]
         [Processed Buffers: Min: 51, Avg: 53.0, Max: 55, Diff: 4, Sum: 212]
      [Scan RS (ms): Min: 0.0, Avg: 0.0, Max: 0.0, Diff: 0.0, Sum: 0.0]
      [Code Root Scanning (ms): Min: 0.0, Avg: 0.0, Max: 0.0, Diff: 0.0, Sum: 0.0]
      [Object Copy (ms): Min: 1.6, Avg: 2.2, Max: 2.8, Diff: 1.2, Sum: 8.8]
      [Termination (ms): Min: 0.0, Avg: 0.6, Max: 1.5, Diff: 1.5, Sum: 2.5]
         [Termination Attempts: Min: 1, Avg: 1.0, Max: 1, Diff: 0, Sum: 4]
      [GC Worker Other (ms): Min: 0.0, Avg: 0.0, Max: 0.0, Diff: 0.0, Sum: 0.0]
      [GC Worker Total (ms): Min: 24.8, Avg: 24.8, Max: 24.8, Diff: 0.0, Sum: 99.3]
      [GC Worker End (ms): Min: 72346.8, Avg: 72346.8, Max: 72346.8, Diff: 0.0]
   [Code Root Fixup: 0.0 ms]
   [Code Root Purge: 0.0 ms]
   [Clear CT: 0.0 ms]
   [Other: 0.9 ms]
      [Evacuation Failure: 0.7 ms]
      [Choose CSet: 0.0 ms]
      [Ref Proc: 0.0 ms]
      [Ref Enq: 0.0 ms]
      [Redirty Cards: 0.1 ms]
      [Humongous Register: 0.0 ms]
      [Humongous Reclaim: 0.0 ms]
      [Free CSet: 0.0 ms]
   [Eden: 4096.0K(102.0M)->0.0B(102.0M) Survivors: 0.0B->0.0B Heap: 1861.8M(2048.0M)->1861.8M(2048.0M)]
 [Times: user=0.06 sys=0.00, real=0.02 secs] 
72.348: [Full GC (Allocation Failure)  1861M->1163M(2048M), 1.5283246 secs]
   [Eden: 0.0B(102.0M)->0.0B(360.0M) Survivors: 0.0B->0.0B Heap: 1861.8M(2048.0M)->1163.7M(2048.0M)], [Metaspace: 9339K->9339K(1058816K)]
 [Times: user=3.00 sys=0.00, real=1.53 secs] 
73.876: [GC concurrent-mark-abort]
74.195: [GC pause (G1 Evacuation Pause) (young), 0.1651101 secs]
   [Parallel Time: 164.4 ms, GC Workers: 4]
      [GC Worker Start (ms): Min: 74195.4, Avg: 74195.4, Max: 74195.4, Diff: 0.1]
      [Ext Root Scanning (ms): Min: 0.2, Avg: 0.2, Max: 0.3, Diff: 0.1, Sum: 0.9]
      [Update RS (ms): Min: 0.0, Avg: 0.0, Max: 0.1, Diff: 0.1, Sum: 0.1]
         [Processed Buffers: Min: 0, Avg: 1.3, Max: 3, Diff: 3, Sum: 5]
      [Scan RS (ms): Min: 0.0, Avg: 0.0, Max: 0.1, Diff: 0.1, Sum: 0.2]
      [Code Root Scanning (ms): Min: 0.0, Avg: 0.0, Max: 0.0, Diff: 0.0, Sum: 0.0]
      [Object Copy (ms): Min: 164.1, Avg: 164.1, Max: 164.1, Diff: 0.0, Sum: 656.2]
      [Termination (ms): Min: 0.0, Avg: 0.0, Max: 0.0, Diff: 0.0, Sum: 0.0]
         [Termination Attempts: Min: 2, Avg: 4.8, Max: 8, Diff: 6, Sum: 19]
      [GC Worker Other (ms): Min: 0.0, Avg: 0.0, Max: 0.0, Diff: 0.0, Sum: 0.1]
      [GC Worker Total (ms): Min: 164.3, Avg: 164.4, Max: 164.4, Diff: 0.1, Sum: 657.5]
      [GC Worker End (ms): Min: 74359.8, Avg: 74359.8, Max: 74359.8, Diff: 0.0]
   [Code Root Fixup: 0.0 ms]
   [Code Root Purge: 0.0 ms]
   [Clear CT: 0.1 ms]
   [Other: 0.5 ms]
      [Choose CSet: 0.0 ms]
      [Ref Proc: 0.0 ms]
      [Ref Enq: 0.0 ms]
      [Redirty Cards: 0.1 ms]
      [Humongous Register: 0.0 ms]
      [Humongous Reclaim: 0.0 ms]
      [Free CSet: 0.2 ms]
   [Eden: 360.0M(360.0M)->0.0B(260.0M) Survivors: 0.0B->45.0M Heap: 1523.7M(2048.0M)->1296.5M(2048.0M)]
 [Times: user=0.63 sys=0.00, real=0.16 secs] 
74.581: [GC pause (G1 Evacuation Pause) (young) (initial-mark), 0.1779076 secs]
   [Parallel Time: 177.3 ms, GC Workers: 4]
      [GC Worker Start (ms): Min: 74581.0, Avg: 74581.0, Max: 74581.0, Diff: 0.1]
      [Ext Root Scanning (ms): Min: 0.3, Avg: 0.3, Max: 0.3, Diff: 0.1, Sum: 1.3]
      [Update RS (ms): Min: 18.1, Avg: 18.2, Max: 18.2, Diff: 0.1, Sum: 72.6]
         [Processed Buffers: Min: 29, Avg: 31.0, Max: 34, Diff: 5, Sum: 124]
      [Scan RS (ms): Min: 1.3, Avg: 1.4, Max: 1.4, Diff: 0.1, Sum: 5.5]
      [Code Root Scanning (ms): Min: 0.0, Avg: 0.0, Max: 0.0, Diff: 0.0, Sum: 0.0]
      [Object Copy (ms): Min: 157.3, Avg: 157.3, Max: 157.3, Diff: 0.0, Sum: 629.3]
      [Termination (ms): Min: 0.0, Avg: 0.0, Max: 0.0, Diff: 0.0, Sum: 0.0]
         [Termination Attempts: Min: 10, Avg: 12.3, Max: 15, Diff: 5, Sum: 49]
      [GC Worker Other (ms): Min: 0.0, Avg: 0.0, Max: 0.0, Diff: 0.0, Sum: 0.1]
      [GC Worker Total (ms): Min: 177.1, Avg: 177.2, Max: 177.2, Diff: 0.1, Sum: 708.7]
      [GC Worker End (ms): Min: 74758.2, Avg: 74758.2, Max: 74758.2, Diff: 0.0]
   [Code Root Fixup: 0.0 ms]
   [Code Root Purge: 0.0 ms]
   [Clear CT: 0.1 ms]
   [Other: 0.6 ms]
      [Choose CSet: 0.0 ms]
      [Ref Proc: 0.0 ms]
      [Ref Enq: 0.0 ms]
      [Redirty Cards: 0.2 ms]
      [Humongous Register: 0.0 ms]
      [Humongous Reclaim: 0.0 ms]
      [Free CSet: 0.2 ms]
   [Eden: 220.0M(220.0M)->0.0B(200.0M) Survivors: 45.0M->34.0M Heap: 1516.5M(2048.0M)->1377.3M(2048.0M)]
 [Times: user=0.74 sys=0.00, real=0.18 secs] 
74.759: [GC concurrent-root-region-scan-start]
74.818: [GC concurrent-root-region-scan-end, 0.0594358 secs]
74.818: [GC concurrent-mark-start]
74.978: [GC pause (G1 Evacuation Pause) (young), 0.1697810 secs]
   [Parallel Time: 169.2 ms, GC Workers: 4]
      [GC Worker Start (ms): Min: 74978.1, Avg: 74978.1, Max: 74978.1, Diff: 0.0]
      [Ext Root Scanning (ms): Min: 0.2, Avg: 0.2, Max: 0.2, Diff: 0.0, Sum: 0.8]
      [Update RS (ms): Min: 18.0, Avg: 18.1, Max: 18.2, Diff: 0.3, Sum: 72.4]
         [Processed Buffers: Min: 32, Avg: 34.3, Max: 36, Diff: 4, Sum: 137]
      [Scan RS (ms): Min: 9.1, Avg: 9.1, Max: 9.1, Diff: 0.1, Sum: 36.4]
      [Code Root Scanning (ms): Min: 0.0, Avg: 0.0, Max: 0.0, Diff: 0.0, Sum: 0.0]
      [Object Copy (ms): Min: 141.6, Avg: 141.7, Max: 141.8, Diff: 0.2, Sum: 566.9]
      [Termination (ms): Min: 0.0, Avg: 0.0, Max: 0.0, Diff: 0.0, Sum: 0.0]
         [Termination Attempts: Min: 1, Avg: 60.0, Max: 95, Diff: 94, Sum: 240]
      [GC Worker Other (ms): Min: 0.0, Avg: 0.0, Max: 0.0, Diff: 0.0, Sum: 0.1]
      [GC Worker Total (ms): Min: 169.1, Avg: 169.1, Max: 169.1, Diff: 0.0, Sum: 676.6]
      [GC Worker End (ms): Min: 75147.2, Avg: 75147.2, Max: 75147.2, Diff: 0.0]
   [Code Root Fixup: 0.0 ms]
   [Code Root Purge: 0.0 ms]
   [Clear CT: 0.1 ms]
   [Other: 0.5 ms]
      [Choose CSet: 0.0 ms]
      [Ref Proc: 0.0 ms]
      [Ref Enq: 0.0 ms]
      [Redirty Cards: 0.2 ms]
      [Humongous Register: 0.0 ms]
      [Humongous Reclaim: 0.0 ms]
      [Free CSet: 0.2 ms]
   [Eden: 200.0M(200.0M)->0.0B(146.0M) Survivors: 34.0M->30.0M Heap: 1577.3M(2048.0M)->1449.3M(2048.0M)]
 [Times: user=0.63 sys=0.00, real=0.17 secs] 
75.337: [GC pause (G1 Evacuation Pause) (young), 0.1329662 secs]
   [Parallel Time: 132.4 ms, GC Workers: 4]
      [GC Worker Start (ms): Min: 75336.9, Avg: 75336.9, Max: 75336.9, Diff: 0.0]
      [Ext Root Scanning (ms): Min: 0.2, Avg: 0.2, Max: 0.2, Diff: 0.0, Sum: 0.8]
      [Update RS (ms): Min: 20.2, Avg: 20.3, Max: 20.4, Diff: 0.2, Sum: 81.0]
         [Processed Buffers: Min: 36, Avg: 37.3, Max: 39, Diff: 3, Sum: 149]
      [Scan RS (ms): Min: 8.3, Avg: 8.4, Max: 8.5, Diff: 0.2, Sum: 33.7]
      [Code Root Scanning (ms): Min: 0.0, Avg: 0.0, Max: 0.0, Diff: 0.0, Sum: 0.0]
      [Object Copy (ms): Min: 103.5, Avg: 103.5, Max: 103.5, Diff: 0.0, Sum: 414.0]
      [Termination (ms): Min: 0.0, Avg: 0.0, Max: 0.0, Diff: 0.0, Sum: 0.1]
         [Termination Attempts: Min: 10, Avg: 237.5, Max: 341, Diff: 331, Sum: 950]
      [GC Worker Other (ms): Min: 0.0, Avg: 0.0, Max: 0.0, Diff: 0.0, Sum: 0.1]
      [GC Worker Total (ms): Min: 132.4, Avg: 132.4, Max: 132.4, Diff: 0.0, Sum: 529.6]
      [GC Worker End (ms): Min: 75469.3, Avg: 75469.3, Max: 75469.3, Diff: 0.0]
   [Code Root Fixup: 0.0 ms]
   [Code Root Purge: 0.0 ms]
   [Clear CT: 0.1 ms]
   [Other: 0.5 ms]
      [Choose CSet: 0.0 ms]
      [Ref Proc: 0.0 ms]
      [Ref Enq: 0.0 ms]
      [Redirty Cards: 0.2 ms]
      [Humongous Register: 0.0 ms]
      [Humongous Reclaim: 0.0 ms]
      [Free CSet: 0.1 ms]
   [Eden: 146.0M(146.0M)->0.0B(107.0M) Survivors: 30.0M->22.0M Heap: 1595.3M(2048.0M)->1502.5M(2048.0M)]
 [Times: user=0.50 sys=0.00, real=0.13 secs] 
75.599: [GC pause (G1 Evacuation Pause) (young), 0.1138560 secs]
   [Parallel Time: 113.4 ms, GC Workers: 4]
      [GC Worker Start (ms): Min: 75599.1, Avg: 75599.2, Max: 75599.2, Diff: 0.0]
      [Ext Root Scanning (ms): Min: 0.2, Avg: 0.2, Max: 0.2, Diff: 0.0, Sum: 0.8]
      [Update RS (ms): Min: 20.8, Avg: 20.9, Max: 20.9, Diff: 0.1, Sum: 83.6]
         [Processed Buffers: Min: 32, Avg: 33.3, Max: 34, Diff: 2, Sum: 133]
      [Scan RS (ms): Min: 1.8, Avg: 1.8, Max: 1.9, Diff: 0.1, Sum: 7.2]
      [Code Root Scanning (ms): Min: 0.0, Avg: 0.0, Max: 0.0, Diff: 0.0, Sum: 0.0]
      [Object Copy (ms): Min: 90.4, Avg: 90.5, Max: 90.5, Diff: 0.1, Sum: 361.9]
      [Termination (ms): Min: 0.0, Avg: 0.0, Max: 0.0, Diff: 0.0, Sum: 0.1]
         [Termination Attempts: Min: 16, Avg: 248.0, Max: 369, Diff: 353, Sum: 992]
      [GC Worker Other (ms): Min: 0.0, Avg: 0.0, Max: 0.0, Diff: 0.0, Sum: 0.0]
      [GC Worker Total (ms): Min: 113.4, Avg: 113.4, Max: 113.4, Diff: 0.0, Sum: 453.7]
      [GC Worker End (ms): Min: 75712.6, Avg: 75712.6, Max: 75712.6, Diff: 0.0]
   [Code Root Fixup: 0.0 ms]
   [Code Root Purge: 0.0 ms]
   [Clear CT: 0.0 ms]
   [Other: 0.4 ms]
      [Choose CSet: 0.0 ms]
      [Ref Proc: 0.0 ms]
      [Ref Enq: 0.0 ms]
      [Redirty Cards: 0.1 ms]
      [Humongous Register: 0.0 ms]
      [Humongous Reclaim: 0.0 ms]
      [Free CSet: 0.1 ms]
   [Eden: 107.0M(107.0M)->0.0B(85.0M) Survivors: 22.0M->17.0M Heap: 1609.5M(2048.0M)->1546.6M(2048.0M)]
 [Times: user=0.47 sys=0.00, real=0.11 secs] 
75.800: [GC pause (G1 Evacuation Pause) (young), 0.0919758 secs]
   [Parallel Time: 91.6 ms, GC Workers: 4]
      [GC Worker Start (ms): Min: 75800.5, Avg: 75800.5, Max: 75800.5, Diff: 0.0]
      [Ext Root Scanning (ms): Min: 0.2, Avg: 0.2, Max: 0.2, Diff: 0.0, Sum: 0.8]
      [Update RS (ms): Min: 30.6, Avg: 30.8, Max: 31.0, Diff: 0.4, Sum: 123.3]
         [Processed Buffers: Min: 51, Avg: 51.5, Max: 53, Diff: 2, Sum: 206]
      [Scan RS (ms): Min: 0.0, Avg: 0.0, Max: 0.0, Diff: 0.0, Sum: 0.1]
      [Code Root Scanning (ms): Min: 0.0, Avg: 0.0, Max: 0.0, Diff: 0.0, Sum: 0.0]
      [Object Copy (ms): Min: 60.3, Avg: 60.5, Max: 60.7, Diff: 0.4, Sum: 242.1]
      [Termination (ms): Min: 0.0, Avg: 0.0, Max: 0.0, Diff: 0.0, Sum: 0.0]
         [Termination Attempts: Min: 4, Avg: 5.8, Max: 7, Diff: 3, Sum: 23]
      [GC Worker Other (ms): Min: 0.0, Avg: 0.0, Max: 0.0, Diff: 0.0, Sum: 0.1]
      [GC Worker Total (ms): Min: 91.6, Avg: 91.6, Max: 91.6, Diff: 0.0, Sum: 366.4]
      [GC Worker End (ms): Min: 75892.1, Avg: 75892.1, Max: 75892.1, Diff: 0.0]
   [Code Root Fixup: 0.0 ms]
   [Code Root Purge: 0.0 ms]
   [Clear CT: 0.0 ms]
   [Other: 0.3 ms]
      [Choose CSet: 0.0 ms]
      [Ref Proc: 0.0 ms]
      [Ref Enq: 0.0 ms]
      [Redirty Cards: 0.1 ms]
      [Humongous Register: 0.0 ms]
      [Humongous Reclaim: 0.0 ms]
      [Free CSet: 0.1 ms]
   [Eden: 85.0M(85.0M)->0.0B(89.0M) Survivors: 17.0M->13.0M Heap: 1631.6M(2048.0M)->1578.6M(2048.0M)]
 [Times: user=0.38 sys=0.00, real=0.09 secs] 
75.973: [GC pause (G1 Evacuation Pause) (young), 0.0578421 secs]
   [Parallel Time: 57.4 ms, GC Workers: 4]
      [GC Worker Start (ms): Min: 75973.0, Avg: 75973.0, Max: 75973.0, Diff: 0.0]
      [Ext Root Scanning (ms): Min: 0.2, Avg: 0.2, Max: 0.2, Diff: 0.0, Sum: 0.8]
      [Update RS (ms): Min: 14.7, Avg: 14.8, Max: 15.0, Diff: 0.4, Sum: 59.3]
         [Processed Buffers: Min: 25, Avg: 26.8, Max: 28, Diff: 3, Sum: 107]
      [Scan RS (ms): Min: 0.0, Avg: 0.2, Max: 0.3, Diff: 0.3, Sum: 0.8]
      [Code Root Scanning (ms): Min: 0.0, Avg: 0.0, Max: 0.0, Diff: 0.0, Sum: 0.0]
      [Object Copy (ms): Min: 42.1, Avg: 42.2, Max: 42.2, Diff: 0.1, Sum: 168.7]
      [Termination (ms): Min: 0.0, Avg: 0.0, Max: 0.0, Diff: 0.0, Sum: 0.0]
         [Termination Attempts: Min: 17, Avg: 20.5, Max: 26, Diff: 9, Sum: 82]
      [GC Worker Other (ms): Min: 0.0, Avg: 0.0, Max: 0.0, Diff: 0.0, Sum: 0.0]
      [GC Worker Total (ms): Min: 57.4, Avg: 57.4, Max: 57.4, Diff: 0.0, Sum: 229.6]
      [GC Worker End (ms): Min: 76030.4, Avg: 76030.4, Max: 76030.4, Diff: 0.0]
   [Code Root Fixup: 0.0 ms]
   [Code Root Purge: 0.0 ms]
   [Clear CT: 0.0 ms]
   [Other: 0.4 ms]
      [Choose CSet: 0.0 ms]
      [Ref Proc: 0.0 ms]
      [Ref Enq: 0.0 ms]
      [Redirty Cards: 0.1 ms]
      [Humongous Register: 0.0 ms]
      [Humongous Reclaim: 0.0 ms]
      [Free CSet: 0.1 ms]
   [Eden: 89.0M(89.0M)->0.0B(89.0M) Survivors: 13.0M->13.0M Heap: 1667.6M(2048.0M)->1610.7M(2048.0M)]
 [Times: user=0.25 sys=0.00, real=0.06 secs] 
76.121: [GC pause (G1 Evacuation Pause) (young), 0.0784428 secs]
   [Parallel Time: 78.1 ms, GC Workers: 4]
      [GC Worker Start (ms): Min: 76120.8, Avg: 76120.8, Max: 76120.8, Diff: 0.0]
      [Ext Root Scanning (ms): Min: 0.2, Avg: 0.2, Max: 0.2, Diff: 0.0, Sum: 0.8]
      [Update RS (ms): Min: 16.5, Avg: 16.6, Max: 16.6, Diff: 0.1, Sum: 66.3]
         [Processed Buffers: Min: 28, Avg: 29.3, Max: 31, Diff: 3, Sum: 117]
      [Scan RS (ms): Min: 3.1, Avg: 3.1, Max: 3.1, Diff: 0.1, Sum: 12.3]
      [Code Root Scanning (ms): Min: 0.0, Avg: 0.0, Max: 0.0, Diff: 0.0, Sum: 0.0]
      [Object Copy (ms): Min: 58.2, Avg: 58.2, Max: 58.2, Diff: 0.0, Sum: 232.7]
      [Termination (ms): Min: 0.0, Avg: 0.0, Max: 0.0, Diff: 0.0, Sum: 0.0]
         [Termination Attempts: Min: 12, Avg: 12.8, Max: 14, Diff: 2, Sum: 51]
      [GC Worker Other (ms): Min: 0.0, Avg: 0.0, Max: 0.0, Diff: 0.0, Sum: 0.1]
      [GC Worker Total (ms): Min: 78.0, Avg: 78.0, Max: 78.0, Diff: 0.0, Sum: 312.1]
      [GC Worker End (ms): Min: 76198.8, Avg: 76198.8, Max: 76198.8, Diff: 0.0]
   [Code Root Fixup: 0.0 ms]
   [Code Root Purge: 0.0 ms]
   [Clear CT: 0.0 ms]
   [Other: 0.3 ms]
      [Choose CSet: 0.0 ms]
      [Ref Proc: 0.0 ms]
      [Ref Enq: 0.0 ms]
      [Redirty Cards: 0.1 ms]
      [Humongous Register: 0.0 ms]
      [Humongous Reclaim: 0.0 ms]
      [Free CSet: 0.1 ms]
   [Eden: 89.0M(89.0M)->0.0B(89.0M) Survivors: 13.0M->13.0M Heap: 1699.7M(2048.0M)->1644.5M(2048.0M)]
 [Times: user=0.31 sys=0.00, real=0.08 secs] 
76.279: [GC pause (G1 Evacuation Pause) (young), 0.0792960 secs]
   [Parallel Time: 78.9 ms, GC Workers: 4]
      [GC Worker Start (ms): Min: 76278.8, Avg: 76278.8, Max: 76278.8, Diff: 0.0]
      [Ext Root Scanning (ms): Min: 0.2, Avg: 0.2, Max: 0.2, Diff: 0.0, Sum: 0.8]
      [Update RS (ms): Min: 19.5, Avg: 19.7, Max: 19.9, Diff: 0.4, Sum: 78.9]
         [Processed Buffers: Min: 31, Avg: 31.8, Max: 32, Diff: 1, Sum: 127]
      [Scan RS (ms): Min: 0.0, Avg: 0.0, Max: 0.0, Diff: 0.0, Sum: 0.1]
      [Code Root Scanning (ms): Min: 0.0, Avg: 0.0, Max: 0.0, Diff: 0.0, Sum: 0.0]
      [Object Copy (ms): Min: 58.8, Avg: 58.9, Max: 59.1, Diff: 0.4, Sum: 235.8]
      [Termination (ms): Min: 0.0, Avg: 0.0, Max: 0.0, Diff: 0.0, Sum: 0.0]
         [Termination Attempts: Min: 6, Avg: 8.3, Max: 10, Diff: 4, Sum: 33]
      [GC Worker Other (ms): Min: 0.0, Avg: 0.0, Max: 0.0, Diff: 0.0, Sum: 0.1]
      [GC Worker Total (ms): Min: 78.9, Avg: 78.9, Max: 78.9, Diff: 0.0, Sum: 315.6]
      [GC Worker End (ms): Min: 76357.7, Avg: 76357.7, Max: 76357.7, Diff: 0.0]
   [Code Root Fixup: 0.0 ms]
   [Code Root Purge: 0.0 ms]
   [Clear CT: 0.0 ms]
   [Other: 0.3 ms]
      [Choose CSet: 0.0 ms]
      [Ref Proc: 0.0 ms]
      [Ref Enq: 0.0 ms]
      [Redirty Cards: 0.1 ms]
      [Humongous Register: 0.0 ms]
      [Humongous Reclaim: 0.0 ms]
      [Free CSet: 0.1 ms]
   [Eden: 89.0M(89.0M)->0.0B(89.0M) Survivors: 13.0M->13.0M Heap: 1733.5M(2048.0M)->1676.2M(2048.0M)]
 [Times: user=0.30 sys=0.00, real=0.08 secs] 
76.439: [GC pause (G1 Evacuation Pause) (young), 0.0831962 secs]
   [Parallel Time: 82.8 ms, GC Workers: 4]
      [GC Worker Start (ms): Min: 76439.0, Avg: 76439.1, Max: 76439.1, Diff: 0.0]
      [Ext Root Scanning (ms): Min: 0.2, Avg: 0.2, Max: 0.2, Diff: 0.0, Sum: 0.8]
      [Update RS (ms): Min: 22.1, Avg: 22.2, Max: 22.4, Diff: 0.4, Sum: 88.9]
         [Processed Buffers: Min: 34, Avg: 35.0, Max: 38, Diff: 4, Sum: 140]
      [Scan RS (ms): Min: 0.0, Avg: 0.0, Max: 0.0, Diff: 0.0, Sum: 0.1]
      [Code Root Scanning (ms): Min: 0.0, Avg: 0.0, Max: 0.0, Diff: 0.0, Sum: 0.0]
      [Object Copy (ms): Min: 60.1, Avg: 60.3, Max: 60.4, Diff: 0.3, Sum: 241.1]
      [Termination (ms): Min: 0.0, Avg: 0.0, Max: 0.0, Diff: 0.0, Sum: 0.0]
         [Termination Attempts: Min: 1, Avg: 2.0, Max: 3, Diff: 2, Sum: 8]
      [GC Worker Other (ms): Min: 0.0, Avg: 0.0, Max: 0.0, Diff: 0.0, Sum: 0.0]
      [GC Worker Total (ms): Min: 82.7, Avg: 82.7, Max: 82.8, Diff: 0.0, Sum: 331.0]
      [GC Worker End (ms): Min: 76521.8, Avg: 76521.8, Max: 76521.8, Diff: 0.0]
   [Code Root Fixup: 0.0 ms]
   [Code Root Purge: 0.0 ms]
   [Clear CT: 0.0 ms]
   [Other: 0.4 ms]
      [Choose CSet: 0.0 ms]
      [Ref Proc: 0.0 ms]
      [Ref Enq: 0.0 ms]
      [Redirty Cards: 0.1 ms]
      [Humongous Register: 0.1 ms]
      [Humongous Reclaim: 0.0 ms]
      [Free CSet: 0.1 ms]
   [Eden: 89.0M(89.0M)->0.0B(89.0M) Survivors: 13.0M->13.0M Heap: 1765.2M(2048.0M)->1708.5M(2048.0M)]
 [Times: user=0.31 sys=0.00, real=0.08 secs] 
76.608: [GC pause (G1 Evacuation Pause) (young), 0.0769963 secs]
   [Parallel Time: 76.7 ms, GC Workers: 4]
      [GC Worker Start (ms): Min: 76608.1, Avg: 76608.1, Max: 76608.1, Diff: 0.0]
      [Ext Root Scanning (ms): Min: 0.2, Avg: 0.2, Max: 0.2, Diff: 0.0, Sum: 0.9]
      [Update RS (ms): Min: 18.1, Avg: 18.2, Max: 18.4, Diff: 0.3, Sum: 72.8]
         [Processed Buffers: Min: 29, Avg: 31.5, Max: 34, Diff: 5, Sum: 126]
      [Scan RS (ms): Min: 1.1, Avg: 1.3, Max: 1.4, Diff: 0.3, Sum: 5.1]
      [Code Root Scanning (ms): Min: 0.0, Avg: 0.0, Max: 0.0, Diff: 0.0, Sum: 0.0]
      [Object Copy (ms): Min: 56.9, Avg: 56.9, Max: 57.0, Diff: 0.1, Sum: 227.7]
      [Termination (ms): Min: 0.0, Avg: 0.0, Max: 0.0, Diff: 0.0, Sum: 0.0]
         [Termination Attempts: Min: 10, Avg: 14.0, Max: 22, Diff: 12, Sum: 56]
      [GC Worker Other (ms): Min: 0.0, Avg: 0.0, Max: 0.0, Diff: 0.0, Sum: 0.1]
      [GC Worker Total (ms): Min: 76.6, Avg: 76.6, Max: 76.6, Diff: 0.0, Sum: 306.5]
      [GC Worker End (ms): Min: 76684.7, Avg: 76684.7, Max: 76684.7, Diff: 0.0]
   [Code Root Fixup: 0.0 ms]
   [Code Root Purge: 0.0 ms]
   [Clear CT: 0.0 ms]
   [Other: 0.3 ms]
      [Choose CSet: 0.0 ms]
      [Ref Proc: 0.0 ms]
      [Ref Enq: 0.0 ms]
      [Redirty Cards: 0.1 ms]
      [Humongous Register: 0.0 ms]
      [Humongous Reclaim: 0.0 ms]
      [Free CSet: 0.1 ms]
   [Eden: 89.0M(89.0M)->0.0B(89.0M) Survivors: 13.0M->13.0M Heap: 1797.5M(2048.0M)->1740.5M(2048.0M)]
 [Times: user=0.30 sys=0.00, real=0.08 secs] 
76.765: [GC pause (G1 Evacuation Pause) (young) (to-space exhausted), 0.1006431 secs]
   [Parallel Time: 93.9 ms, GC Workers: 4]
      [GC Worker Start (ms): Min: 76765.6, Avg: 76765.6, Max: 76765.6, Diff: 0.0]
      [Ext Root Scanning (ms): Min: 0.2, Avg: 0.2, Max: 0.2, Diff: 0.0, Sum: 0.8]
      [Update RS (ms): Min: 32.3, Avg: 32.4, Max: 32.7, Diff: 0.4, Sum: 129.6]
         [Processed Buffers: Min: 57, Avg: 57.8, Max: 60, Diff: 3, Sum: 231]
      [Scan RS (ms): Min: 0.0, Avg: 0.0, Max: 0.0, Diff: 0.0, Sum: 0.1]
      [Code Root Scanning (ms): Min: 0.0, Avg: 0.0, Max: 0.0, Diff: 0.0, Sum: 0.0]
      [Object Copy (ms): Min: 60.3, Avg: 60.8, Max: 61.1, Diff: 0.8, Sum: 243.3]
      [Termination (ms): Min: 0.0, Avg: 0.4, Max: 1.1, Diff: 1.1, Sum: 1.7]
         [Termination Attempts: Min: 1, Avg: 1.0, Max: 1, Diff: 0, Sum: 4]
      [GC Worker Other (ms): Min: 0.0, Avg: 0.0, Max: 0.0, Diff: 0.0, Sum: 0.0]
      [GC Worker Total (ms): Min: 93.9, Avg: 93.9, Max: 93.9, Diff: 0.0, Sum: 375.5]
      [GC Worker End (ms): Min: 76859.4, Avg: 76859.4, Max: 76859.4, Diff: 0.0]
   [Code Root Fixup: 0.0 ms]
   [Code Root Purge: 0.0 ms]
   [Clear CT: 0.0 ms]
   [Other: 6.7 ms]
      [Evacuation Failure: 6.4 ms]
      [Choose CSet: 0.0 ms]
      [Ref Proc: 0.0 ms]
      [Ref Enq: 0.0 ms]
      [Redirty Cards: 0.1 ms]
      [Humongous Register: 0.0 ms]
      [Humongous Reclaim: 0.0 ms]
      [Free CSet: 0.0 ms]
   [Eden: 89.0M(89.0M)->0.0B(92.0M) Survivors: 13.0M->10.0M Heap: 1829.5M(2048.0M)->1809.7M(2048.0M)]
 [Times: user=0.28 sys=0.00, real=0.10 secs] 
76.921: [GC pause (G1 Evacuation Pause) (young) (to-space exhausted), 0.0784993 secs]
   [Parallel Time: 69.4 ms, GC Workers: 4]
      [GC Worker Start (ms): Min: 76921.5, Avg: 76921.5, Max: 76921.5, Diff: 0.0]
      [Ext Root Scanning (ms): Min: 0.2, Avg: 0.2, Max: 0.2, Diff: 0.0, Sum: 0.8]
      [Update RS (ms): Min: 0.0, Avg: 14.3, Max: 19.2, Diff: 19.2, Sum: 57.2]
         [Processed Buffers: Min: 0, Avg: 31.0, Max: 44, Diff: 44, Sum: 124]
      [Scan RS (ms): Min: 0.0, Avg: 1.7, Max: 2.5, Diff: 2.5, Sum: 6.9]
      [Code Root Scanning (ms): Min: 0.0, Avg: 0.0, Max: 0.0, Diff: 0.0, Sum: 0.0]
      [Object Copy (ms): Min: 47.7, Avg: 53.1, Max: 69.1, Diff: 21.4, Sum: 212.3]
      [Termination (ms): Min: 0.0, Avg: 0.0, Max: 0.0, Diff: 0.0, Sum: 0.0]
         [Termination Attempts: Min: 1, Avg: 55.8, Max: 80, Diff: 79, Sum: 223]
      [GC Worker Other (ms): Min: 0.0, Avg: 0.0, Max: 0.0, Diff: 0.0, Sum: 0.0]
      [GC Worker Total (ms): Min: 69.3, Avg: 69.3, Max: 69.3, Diff: 0.0, Sum: 277.3]
      [GC Worker End (ms): Min: 76990.8, Avg: 76990.8, Max: 76990.8, Diff: 0.0]
   [Code Root Fixup: 0.0 ms]
   [Code Root Purge: 0.0 ms]
   [Clear CT: 0.1 ms]
   [Other: 9.0 ms]
      [Evacuation Failure: 8.7 ms]
      [Choose CSet: 0.0 ms]
      [Ref Proc: 0.1 ms]
      [Ref Enq: 0.0 ms]
      [Redirty Cards: 0.1 ms]
      [Humongous Register: 0.0 ms]
      [Humongous Reclaim: 0.0 ms]
      [Free CSet: 0.0 ms]
   [Eden: 43.0M(92.0M)->0.0B(102.0M) Survivors: 10.0M->0.0B Heap: 1852.7M(2048.0M)->1850.7M(2048.0M)]
 [Times: user=0.22 sys=0.00, real=0.08 secs] 
77.010: [GC pause (G1 Evacuation Pause) (young) (to-space exhausted), 0.0213888 secs]
   [Parallel Time: 20.6 ms, GC Workers: 4]
      [GC Worker Start (ms): Min: 77010.4, Avg: 77010.4, Max: 77010.4, Diff: 0.0]
      [Ext Root Scanning (ms): Min: 0.2, Avg: 0.2, Max: 0.2, Diff: 0.0, Sum: 0.8]
      [Update RS (ms): Min: 18.9, Avg: 19.1, Max: 19.3, Diff: 0.4, Sum: 76.5]
         [Processed Buffers: Min: 45, Avg: 45.0, Max: 45, Diff: 0, Sum: 180]
      [Scan RS (ms): Min: 0.0, Avg: 0.0, Max: 0.0, Diff: 0.0, Sum: 0.0]
      [Code Root Scanning (ms): Min: 0.0, Avg: 0.0, Max: 0.0, Diff: 0.0, Sum: 0.0]
      [Object Copy (ms): Min: 0.0, Avg: 0.7, Max: 1.5, Diff: 1.5, Sum: 2.7]
      [Termination (ms): Min: 0.0, Avg: 0.6, Max: 1.1, Diff: 1.1, Sum: 2.3]
         [Termination Attempts: Min: 1, Avg: 1.0, Max: 1, Diff: 0, Sum: 4]
      [GC Worker Other (ms): Min: 0.0, Avg: 0.0, Max: 0.0, Diff: 0.0, Sum: 0.0]
      [GC Worker Total (ms): Min: 20.6, Avg: 20.6, Max: 20.6, Diff: 0.0, Sum: 82.3]
      [GC Worker End (ms): Min: 77031.0, Avg: 77031.0, Max: 77031.0, Diff: 0.0]
   [Code Root Fixup: 0.0 ms]
   [Code Root Purge: 0.0 ms]
   [Clear CT: 0.0 ms]
   [Other: 0.8 ms]
      [Evacuation Failure: 0.6 ms]
      [Choose CSet: 0.0 ms]
      [Ref Proc: 0.0 ms]
      [Ref Enq: 0.0 ms]
      [Redirty Cards: 0.0 ms]
      [Humongous Register: 0.1 ms]
      [Humongous Reclaim: 0.0 ms]
      [Free CSet: 0.0 ms]
   [Eden: 2048.0K(102.0M)->0.0B(102.0M) Survivors: 0.0B->0.0B Heap: 1852.7M(2048.0M)->1852.7M(2048.0M)]
 [Times: user=0.06 sys=0.00, real=0.02 secs] 
77.032: [Full GC (Allocation Failure)  1852M->1160M(2048M), 1.5459213 secs]
   [Eden: 0.0B(102.0M)->0.0B(367.0M) Survivors: 0.0B->0.0B Heap: 1852.7M(2048.0M)->1160.9M(2048.0M)], [Metaspace: 9340K->9340K(1058816K)]
 [Times: user=3.09 sys=0.00, real=1.55 secs] 
78.578: [GC concurrent-mark-abort]
78.903: [GC pause (G1 Evacuation Pause) (young), 0.1603176 secs]
   [Parallel Time: 159.6 ms, GC Workers: 4]
      [GC Worker Start (ms): Min: 78902.9, Avg: 78902.9, Max: 78903.0, Diff: 0.1]
      [Ext Root Scanning (ms): Min: 0.2, Avg: 0.2, Max: 0.3, Diff: 0.1, Sum: 0.9]
      [Update RS (ms): Min: 0.0, Avg: 0.0, Max: 0.1, Diff: 0.1, Sum: 0.1]
         [Processed Buffers: Min: 0, Avg: 1.0, Max: 2, Diff: 2, Sum: 4]
      [Scan RS (ms): Min: 0.0, Avg: 0.0, Max: 0.1, Diff: 0.1, Sum: 0.2]
      [Code Root Scanning (ms): Min: 0.0, Avg: 0.0, Max: 0.0, Diff: 0.0, Sum: 0.0]
      [Object Copy (ms): Min: 159.1, Avg: 159.1, Max: 159.2, Diff: 0.0, Sum: 636.6]
      [Termination (ms): Min: 0.0, Avg: 0.0, Max: 0.0, Diff: 0.0, Sum: 0.0]
         [Termination Attempts: Min: 14, Avg: 25.0, Max: 29, Diff: 15, Sum: 100]
      [GC Worker Other (ms): Min: 0.0, Avg: 0.0, Max: 0.0, Diff: 0.0, Sum: 0.1]
      [GC Worker Total (ms): Min: 159.4, Avg: 159.5, Max: 159.5, Diff: 0.1, Sum: 637.9]
      [GC Worker End (ms): Min: 79062.4, Avg: 79062.4, Max: 79062.4, Diff: 0.0]
   [Code Root Fixup: 0.0 ms]
   [Code Root Purge: 0.0 ms]
   [Clear CT: 0.1 ms]
   [Other: 0.6 ms]
      [Choose CSet: 0.0 ms]
      [Ref Proc: 0.0 ms]
      [Ref Enq: 0.0 ms]
      [Redirty Cards: 0.2 ms]
      [Humongous Register: 0.0 ms]
      [Humongous Reclaim: 0.0 ms]
      [Free CSet: 0.2 ms]
   [Eden: 367.0M(367.0M)->0.0B(259.0M) Survivors: 0.0B->46.0M Heap: 1527.9M(2048.0M)->1295.2M(2048.0M)]
 [Times: user=0.63 sys=0.00, real=0.16 secs] 
79.179: [GC pause (G1 Evacuation Pause) (young) (initial-mark), 0.1529467 secs]
   [Parallel Time: 152.2 ms, GC Workers: 4]
      [GC Worker Start (ms): Min: 79179.3, Avg: 79179.3, Max: 79179.4, Diff: 0.1]
      [Ext Root Scanning (ms): Min: 0.3, Avg: 1.2, Max: 3.2, Diff: 2.9, Sum: 4.9]
      [Update RS (ms): Min: 18.2, Avg: 20.3, Max: 21.3, Diff: 3.1, Sum: 81.0]
         [Processed Buffers: Min: 33, Avg: 37.5, Max: 40, Diff: 7, Sum: 150]
      [Scan RS (ms): Min: 17.9, Avg: 18.1, Max: 18.2, Diff: 0.2, Sum: 72.4]
      [Code Root Scanning (ms): Min: 0.0, Avg: 0.0, Max: 0.0, Diff: 0.0, Sum: 0.0]
      [Object Copy (ms): Min: 112.5, Avg: 112.5, Max: 112.5, Diff: 0.0, Sum: 450.2]
      [Termination (ms): Min: 0.0, Avg: 0.0, Max: 0.0, Diff: 0.0, Sum: 0.0]
         [Termination Attempts: Min: 1, Avg: 2.3, Max: 4, Diff: 3, Sum: 9]
      [GC Worker Other (ms): Min: 0.0, Avg: 0.0, Max: 0.0, Diff: 0.0, Sum: 0.1]
      [GC Worker Total (ms): Min: 152.1, Avg: 152.1, Max: 152.2, Diff: 0.1, Sum: 608.5]
      [GC Worker End (ms): Min: 79331.4, Avg: 79331.4, Max: 79331.4, Diff: 0.0]
   [Code Root Fixup: 0.0 ms]
   [Code Root Purge: 0.0 ms]
   [Clear CT: 0.1 ms]
   [Other: 0.7 ms]
      [Choose CSet: 0.0 ms]
      [Ref Proc: 0.1 ms]
      [Ref Enq: 0.0 ms]
      [Redirty Cards: 0.2 ms]
      [Humongous Register: 0.0 ms]
      [Humongous Reclaim: 0.0 ms]
      [Free CSet: 0.2 ms]
   [Eden: 107.0M(56.0M)->0.0B(230.0M) Survivors: 46.0M->13.0M Heap: 1402.2M(2048.0M)->1332.8M(2048.0M)]
 [Times: user=0.63 sys=0.00, real=0.15 secs] 
79.332: [GC concurrent-root-region-scan-start]
79.376: [GC concurrent-root-region-scan-end, 0.0435807 secs]
79.376: [GC concurrent-mark-start]
79.589: [GC pause (G1 Evacuation Pause) (young), 0.1359283 secs]
   [Parallel Time: 135.4 ms, GC Workers: 4]
      [GC Worker Start (ms): Min: 79589.2, Avg: 79589.2, Max: 79589.2, Diff: 0.0]
      [Ext Root Scanning (ms): Min: 0.2, Avg: 0.2, Max: 0.2, Diff: 0.0, Sum: 0.8]
      [Update RS (ms): Min: 17.1, Avg: 17.2, Max: 17.4, Diff: 0.2, Sum: 68.9]
         [Processed Buffers: Min: 33, Avg: 33.5, Max: 34, Diff: 1, Sum: 134]
      [Scan RS (ms): Min: 1.2, Avg: 1.3, Max: 1.4, Diff: 0.2, Sum: 5.2]
      [Code Root Scanning (ms): Min: 0.0, Avg: 0.0, Max: 0.0, Diff: 0.0, Sum: 0.0]
      [Object Copy (ms): Min: 116.6, Avg: 116.6, Max: 116.6, Diff: 0.0, Sum: 466.5]
      [Termination (ms): Min: 0.0, Avg: 0.0, Max: 0.0, Diff: 0.0, Sum: 0.0]
         [Termination Attempts: Min: 16, Avg: 28.3, Max: 42, Diff: 26, Sum: 113]
      [GC Worker Other (ms): Min: 0.0, Avg: 0.0, Max: 0.0, Diff: 0.0, Sum: 0.1]
      [GC Worker Total (ms): Min: 135.4, Avg: 135.4, Max: 135.4, Diff: 0.0, Sum: 541.4]
      [GC Worker End (ms): Min: 79724.6, Avg: 79724.6, Max: 79724.6, Diff: 0.0]
   [Code Root Fixup: 0.0 ms]
   [Code Root Purge: 0.0 ms]
   [Clear CT: 0.1 ms]
   [Other: 0.5 ms]
      [Choose CSet: 0.0 ms]
      [Ref Proc: 0.0 ms]
      [Ref Enq: 0.0 ms]
      [Redirty Cards: 0.1 ms]
      [Humongous Register: 0.0 ms]
      [Humongous Reclaim: 0.0 ms]
      [Free CSet: 0.2 ms]
   [Eden: 230.0M(230.0M)->0.0B(167.0M) Survivors: 13.0M->31.0M Heap: 1562.8M(2048.0M)->1417.1M(2048.0M)]
 [Times: user=0.48 sys=0.00, real=0.14 secs] 
79.900: [GC pause (G1 Evacuation Pause) (young), 0.1540500 secs]
   [Parallel Time: 153.5 ms, GC Workers: 4]
      [GC Worker Start (ms): Min: 79899.9, Avg: 79899.9, Max: 79900.0, Diff: 0.1]
      [Ext Root Scanning (ms): Min: 0.2, Avg: 0.2, Max: 0.3, Diff: 0.1, Sum: 0.9]
      [Update RS (ms): Min: 35.9, Avg: 36.0, Max: 36.1, Diff: 0.2, Sum: 144.0]
         [Processed Buffers: Min: 63, Avg: 64.5, Max: 65, Diff: 2, Sum: 258]
      [Scan RS (ms): Min: 4.0, Avg: 4.1, Max: 4.2, Diff: 0.1, Sum: 16.4]
      [Code Root Scanning (ms): Min: 0.0, Avg: 0.0, Max: 0.0, Diff: 0.0, Sum: 0.0]
      [Object Copy (ms): Min: 113.0, Avg: 113.0, Max: 113.1, Diff: 0.1, Sum: 452.1]
      [Termination (ms): Min: 0.0, Avg: 0.0, Max: 0.0, Diff: 0.0, Sum: 0.0]
         [Termination Attempts: Min: 24, Avg: 29.0, Max: 33, Diff: 9, Sum: 116]
      [GC Worker Other (ms): Min: 0.0, Avg: 0.0, Max: 0.0, Diff: 0.0, Sum: 0.1]
      [GC Worker Total (ms): Min: 153.3, Avg: 153.4, Max: 153.4, Diff: 0.1, Sum: 613.5]
      [GC Worker End (ms): Min: 80053.3, Avg: 80053.3, Max: 80053.3, Diff: 0.0]
   [Code Root Fixup: 0.0 ms]
   [Code Root Purge: 0.0 ms]
   [Clear CT: 0.1 ms]
   [Other: 0.5 ms]
      [Choose CSet: 0.0 ms]
      [Ref Proc: 0.0 ms]
      [Ref Enq: 0.0 ms]
      [Redirty Cards: 0.2 ms]
      [Humongous Register: 0.0 ms]
      [Humongous Reclaim: 0.0 ms]
      [Free CSet: 0.1 ms]
   [Eden: 167.0M(167.0M)->0.0B(122.0M) Survivors: 31.0M->25.0M Heap: 1584.1M(2048.0M)->1476.2M(2048.0M)]
 [Times: user=0.55 sys=0.02, real=0.15 secs] 
80.191: [GC pause (G1 Evacuation Pause) (young), 0.1110928 secs]
   [Parallel Time: 110.6 ms, GC Workers: 4]
      [GC Worker Start (ms): Min: 80191.4, Avg: 80191.4, Max: 80191.4, Diff: 0.0]
      [Ext Root Scanning (ms): Min: 0.2, Avg: 0.2, Max: 0.2, Diff: 0.0, Sum: 0.8]
      [Update RS (ms): Min: 17.6, Avg: 17.8, Max: 18.0, Diff: 0.4, Sum: 71.1]
         [Processed Buffers: Min: 32, Avg: 33.0, Max: 34, Diff: 2, Sum: 132]
      [Scan RS (ms): Min: 4.4, Avg: 4.7, Max: 4.9, Diff: 0.4, Sum: 18.7]
      [Code Root Scanning (ms): Min: 0.0, Avg: 0.0, Max: 0.0, Diff: 0.0, Sum: 0.0]
      [Object Copy (ms): Min: 87.8, Avg: 87.8, Max: 87.9, Diff: 0.0, Sum: 351.3]
      [Termination (ms): Min: 0.0, Avg: 0.0, Max: 0.0, Diff: 0.0, Sum: 0.0]
         [Termination Attempts: Min: 2, Avg: 4.3, Max: 8, Diff: 6, Sum: 17]
      [GC Worker Other (ms): Min: 0.0, Avg: 0.0, Max: 0.0, Diff: 0.0, Sum: 0.1]
      [GC Worker Total (ms): Min: 110.5, Avg: 110.5, Max: 110.5, Diff: 0.0, Sum: 442.1]
      [GC Worker End (ms): Min: 80301.9, Avg: 80301.9, Max: 80301.9, Diff: 0.0]
   [Code Root Fixup: 0.0 ms]
   [Code Root Purge: 0.0 ms]
   [Clear CT: 0.1 ms]
   [Other: 0.4 ms]
      [Choose CSet: 0.0 ms]
      [Ref Proc: 0.0 ms]
      [Ref Enq: 0.0 ms]
      [Redirty Cards: 0.1 ms]
      [Humongous Register: 0.0 ms]
      [Humongous Reclaim: 0.0 ms]
      [Free CSet: 0.1 ms]
   [Eden: 122.0M(122.0M)->0.0B(88.0M) Survivors: 25.0M->19.0M Heap: 1598.2M(2048.0M)->1522.0M(2048.0M)]
 [Times: user=0.44 sys=0.00, real=0.11 secs] 
80.410: [GC pause (G1 Evacuation Pause) (young), 0.0934274 secs]
   [Parallel Time: 93.0 ms, GC Workers: 4]
      [GC Worker Start (ms): Min: 80410.0, Avg: 80410.0, Max: 80410.0, Diff: 0.0]
      [Ext Root Scanning (ms): Min: 0.2, Avg: 0.2, Max: 0.2, Diff: 0.0, Sum: 0.8]
      [Update RS (ms): Min: 18.4, Avg: 18.5, Max: 18.7, Diff: 0.2, Sum: 74.1]
         [Processed Buffers: Min: 35, Avg: 36.0, Max: 37, Diff: 2, Sum: 144]
      [Scan RS (ms): Min: 0.2, Avg: 0.3, Max: 0.4, Diff: 0.2, Sum: 1.4]
      [Code Root Scanning (ms): Min: 0.0, Avg: 0.0, Max: 0.0, Diff: 0.0, Sum: 0.0]
      [Object Copy (ms): Min: 73.9, Avg: 73.9, Max: 73.9, Diff: 0.0, Sum: 295.5]
      [Termination (ms): Min: 0.0, Avg: 0.0, Max: 0.0, Diff: 0.0, Sum: 0.1]
         [Termination Attempts: Min: 9, Avg: 195.3, Max: 276, Diff: 267, Sum: 781]
      [GC Worker Other (ms): Min: 0.0, Avg: 0.0, Max: 0.0, Diff: 0.0, Sum: 0.0]
      [GC Worker Total (ms): Min: 93.0, Avg: 93.0, Max: 93.0, Diff: 0.0, Sum: 371.9]
      [GC Worker End (ms): Min: 80503.0, Avg: 80503.0, Max: 80503.0, Diff: 0.0]
   [Code Root Fixup: 0.0 ms]
   [Code Root Purge: 0.0 ms]
   [Clear CT: 0.0 ms]
   [Other: 0.4 ms]
      [Choose CSet: 0.0 ms]
      [Ref Proc: 0.0 ms]
      [Ref Enq: 0.0 ms]
      [Redirty Cards: 0.1 ms]
      [Humongous Register: 0.0 ms]
      [Humongous Reclaim: 0.0 ms]
      [Free CSet: 0.1 ms]
   [Eden: 88.0M(88.0M)->0.0B(88.0M) Survivors: 19.0M->14.0M Heap: 1610.0M(2048.0M)->1553.3M(2048.0M)]
 [Times: user=0.38 sys=0.00, real=0.09 secs] 
80.598: [GC pause (G1 Evacuation Pause) (young), 0.0969011 secs]
   [Parallel Time: 96.5 ms, GC Workers: 4]
      [GC Worker Start (ms): Min: 80597.6, Avg: 80597.6, Max: 80597.6, Diff: 0.0]
      [Ext Root Scanning (ms): Min: 0.2, Avg: 0.2, Max: 0.2, Diff: 0.0, Sum: 0.8]
      [Update RS (ms): Min: 22.1, Avg: 22.2, Max: 22.3, Diff: 0.2, Sum: 88.9]
         [Processed Buffers: Min: 39, Avg: 40.0, Max: 42, Diff: 3, Sum: 160]
      [Scan RS (ms): Min: 5.2, Avg: 5.3, Max: 5.4, Diff: 0.1, Sum: 21.3]
      [Code Root Scanning (ms): Min: 0.0, Avg: 0.0, Max: 0.0, Diff: 0.0, Sum: 0.0]
      [Object Copy (ms): Min: 68.5, Avg: 68.7, Max: 68.8, Diff: 0.2, Sum: 274.6]
      [Termination (ms): Min: 0.0, Avg: 0.1, Max: 0.1, Diff: 0.1, Sum: 0.2]
         [Termination Attempts: Min: 13, Avg: 637.3, Max: 911, Diff: 898, Sum: 2549]
      [GC Worker Other (ms): Min: 0.0, Avg: 0.0, Max: 0.0, Diff: 0.0, Sum: 0.0]
      [GC Worker Total (ms): Min: 96.4, Avg: 96.4, Max: 96.5, Diff: 0.0, Sum: 385.8]
      [GC Worker End (ms): Min: 80694.1, Avg: 80694.1, Max: 80694.1, Diff: 0.0]
   [Code Root Fixup: 0.0 ms]
   [Code Root Purge: 0.0 ms]
   [Clear CT: 0.0 ms]
   [Other: 0.4 ms]
      [Choose CSet: 0.0 ms]
      [Ref Proc: 0.0 ms]
      [Ref Enq: 0.0 ms]
      [Redirty Cards: 0.1 ms]
      [Humongous Register: 0.0 ms]
      [Humongous Reclaim: 0.0 ms]
      [Free CSet: 0.1 ms]
   [Eden: 88.0M(88.0M)->0.0B(89.0M) Survivors: 14.0M->13.0M Heap: 1641.3M(2048.0M)->1584.8M(2048.0M)]
 [Times: user=0.36 sys=0.00, real=0.10 secs] 
80.776: [GC pause (G1 Evacuation Pause) (young), 0.1012464 secs]
   [Parallel Time: 100.8 ms, GC Workers: 4]
      [GC Worker Start (ms): Min: 80776.4, Avg: 80776.4, Max: 80776.4, Diff: 0.0]
      [Ext Root Scanning (ms): Min: 0.2, Avg: 0.2, Max: 0.2, Diff: 0.0, Sum: 0.8]
      [Update RS (ms): Min: 37.3, Avg: 37.5, Max: 37.7, Diff: 0.4, Sum: 150.0]
         [Processed Buffers: Min: 65, Avg: 65.8, Max: 67, Diff: 2, Sum: 263]
      [Scan RS (ms): Min: 0.0, Avg: 0.0, Max: 0.0, Diff: 0.0, Sum: 0.1]
      [Code Root Scanning (ms): Min: 0.0, Avg: 0.0, Max: 0.0, Diff: 0.0, Sum: 0.0]
      [Object Copy (ms): Min: 62.9, Avg: 63.1, Max: 63.2, Diff: 0.3, Sum: 252.4]
      [Termination (ms): Min: 0.0, Avg: 0.0, Max: 0.0, Diff: 0.0, Sum: 0.0]
         [Termination Attempts: Min: 5, Avg: 56.0, Max: 79, Diff: 74, Sum: 224]
      [GC Worker Other (ms): Min: 0.0, Avg: 0.0, Max: 0.0, Diff: 0.0, Sum: 0.0]
      [GC Worker Total (ms): Min: 100.8, Avg: 100.8, Max: 100.8, Diff: 0.0, Sum: 403.3]
      [GC Worker End (ms): Min: 80877.2, Avg: 80877.2, Max: 80877.2, Diff: 0.0]
   [Code Root Fixup: 0.0 ms]
   [Code Root Purge: 0.0 ms]
   [Clear CT: 0.0 ms]
   [Other: 0.4 ms]
      [Choose CSet: 0.0 ms]
      [Ref Proc: 0.0 ms]
      [Ref Enq: 0.0 ms]
      [Redirty Cards: 0.1 ms]
      [Humongous Register: 0.1 ms]
      [Humongous Reclaim: 0.0 ms]
      [Free CSet: 0.1 ms]
   [Eden: 89.0M(89.0M)->0.0B(89.0M) Survivors: 13.0M->13.0M Heap: 1673.8M(2048.0M)->1618.4M(2048.0M)]
 [Times: user=0.38 sys=0.00, real=0.10 secs] 
80.965: [GC pause (G1 Evacuation Pause) (young), 0.0765450 secs]
   [Parallel Time: 76.2 ms, GC Workers: 4]
      [GC Worker Start (ms): Min: 80965.3, Avg: 80965.3, Max: 80965.3, Diff: 0.0]
      [Ext Root Scanning (ms): Min: 0.2, Avg: 0.2, Max: 0.2, Diff: 0.0, Sum: 0.8]
      [Update RS (ms): Min: 18.7, Avg: 18.9, Max: 19.1, Diff: 0.4, Sum: 75.5]
         [Processed Buffers: Min: 31, Avg: 32.0, Max: 33, Diff: 2, Sum: 128]
      [Scan RS (ms): Min: 0.0, Avg: 0.0, Max: 0.0, Diff: 0.0, Sum: 0.1]
      [Code Root Scanning (ms): Min: 0.0, Avg: 0.0, Max: 0.0, Diff: 0.0, Sum: 0.0]
      [Object Copy (ms): Min: 56.9, Avg: 57.1, Max: 57.2, Diff: 0.4, Sum: 228.3]
      [Termination (ms): Min: 0.0, Avg: 0.0, Max: 0.0, Diff: 0.0, Sum: 0.0]
         [Termination Attempts: Min: 5, Avg: 8.0, Max: 10, Diff: 5, Sum: 32]
      [GC Worker Other (ms): Min: 0.0, Avg: 0.0, Max: 0.0, Diff: 0.0, Sum: 0.0]
      [GC Worker Total (ms): Min: 76.2, Avg: 76.2, Max: 76.2, Diff: 0.0, Sum: 304.8]
      [GC Worker End (ms): Min: 81041.5, Avg: 81041.5, Max: 81041.5, Diff: 0.0]
   [Code Root Fixup: 0.0 ms]
   [Code Root Purge: 0.0 ms]
   [Clear CT: 0.0 ms]
   [Other: 0.3 ms]
      [Choose CSet: 0.0 ms]
      [Ref Proc: 0.0 ms]
      [Ref Enq: 0.0 ms]
      [Redirty Cards: 0.1 ms]
      [Humongous Register: 0.0 ms]
      [Humongous Reclaim: 0.0 ms]
      [Free CSet: 0.1 ms]
   [Eden: 89.0M(89.0M)->0.0B(89.0M) Survivors: 13.0M->13.0M Heap: 1707.4M(2048.0M)->1652.4M(2048.0M)]
 [Times: user=0.31 sys=0.00, real=0.08 secs] 
81.120: [GC pause (G1 Evacuation Pause) (young), 0.0832959 secs]
   [Parallel Time: 82.9 ms, GC Workers: 4]
      [GC Worker Start (ms): Min: 81120.5, Avg: 81120.5, Max: 81120.6, Diff: 0.0]
      [Ext Root Scanning (ms): Min: 0.2, Avg: 0.2, Max: 0.2, Diff: 0.0, Sum: 0.8]
      [Update RS (ms): Min: 24.9, Avg: 25.1, Max: 25.3, Diff: 0.4, Sum: 100.2]
         [Processed Buffers: Min: 45, Avg: 46.3, Max: 48, Diff: 3, Sum: 185]
      [Scan RS (ms): Min: 0.0, Avg: 0.0, Max: 0.0, Diff: 0.0, Sum: 0.0]
      [Code Root Scanning (ms): Min: 0.0, Avg: 0.0, Max: 0.0, Diff: 0.0, Sum: 0.0]
      [Object Copy (ms): Min: 57.4, Avg: 57.6, Max: 57.7, Diff: 0.3, Sum: 230.3]
      [Termination (ms): Min: 0.0, Avg: 0.0, Max: 0.0, Diff: 0.0, Sum: 0.0]
         [Termination Attempts: Min: 22, Avg: 32.0, Max: 37, Diff: 15, Sum: 128]
      [GC Worker Other (ms): Min: 0.0, Avg: 0.0, Max: 0.0, Diff: 0.0, Sum: 0.1]
      [GC Worker Total (ms): Min: 82.8, Avg: 82.9, Max: 82.9, Diff: 0.0, Sum: 331.5]
      [GC Worker End (ms): Min: 81203.4, Avg: 81203.4, Max: 81203.4, Diff: 0.0]
   [Code Root Fixup: 0.0 ms]
   [Code Root Purge: 0.0 ms]
   [Clear CT: 0.0 ms]
   [Other: 0.3 ms]
      [Choose CSet: 0.0 ms]
      [Ref Proc: 0.0 ms]
      [Ref Enq: 0.0 ms]
      [Redirty Cards: 0.1 ms]
      [Humongous Register: 0.0 ms]
      [Humongous Reclaim: 0.0 ms]
      [Free CSet: 0.1 ms]
   [Eden: 89.0M(89.0M)->0.0B(89.0M) Survivors: 13.0M->13.0M Heap: 1741.4M(2048.0M)->1683.6M(2048.0M)]
 [Times: user=0.31 sys=0.00, real=0.08 secs] 
81.284: [GC pause (G1 Evacuation Pause) (young), 0.0799137 secs]
   [Parallel Time: 79.5 ms, GC Workers: 4]
      [GC Worker Start (ms): Min: 81284.1, Avg: 81284.2, Max: 81284.2, Diff: 0.0]
      [Ext Root Scanning (ms): Min: 0.2, Avg: 0.2, Max: 0.2, Diff: 0.0, Sum: 0.8]
      [Update RS (ms): Min: 17.2, Avg: 17.4, Max: 17.5, Diff: 0.3, Sum: 69.4]
         [Processed Buffers: Min: 31, Avg: 31.5, Max: 33, Diff: 2, Sum: 126]
      [Scan RS (ms): Min: 0.4, Avg: 0.6, Max: 0.8, Diff: 0.4, Sum: 2.3]
      [Code Root Scanning (ms): Min: 0.0, Avg: 0.0, Max: 0.0, Diff: 0.0, Sum: 0.0]
      [Object Copy (ms): Min: 61.3, Avg: 61.3, Max: 61.3, Diff: 0.0, Sum: 245.2]
      [Termination (ms): Min: 0.0, Avg: 0.0, Max: 0.0, Diff: 0.0, Sum: 0.1]
         [Termination Attempts: Min: 13, Avg: 301.5, Max: 474, Diff: 461, Sum: 1206]
      [GC Worker Other (ms): Min: 0.0, Avg: 0.0, Max: 0.0, Diff: 0.0, Sum: 0.0]
      [GC Worker Total (ms): Min: 79.5, Avg: 79.5, Max: 79.5, Diff: 0.0, Sum: 317.9]
      [GC Worker End (ms): Min: 81363.6, Avg: 81363.6, Max: 81363.6, Diff: 0.0]
   [Code Root Fixup: 0.0 ms]
   [Code Root Purge: 0.0 ms]
   [Clear CT: 0.0 ms]
   [Other: 0.3 ms]
      [Choose CSet: 0.0 ms]
      [Ref Proc: 0.0 ms]
      [Ref Enq: 0.0 ms]
      [Redirty Cards: 0.1 ms]
      [Humongous Register: 0.0 ms]
      [Humongous Reclaim: 0.0 ms]
      [Free CSet: 0.1 ms]
   [Eden: 89.0M(89.0M)->0.0B(89.0M) Survivors: 13.0M->13.0M Heap: 1772.6M(2048.0M)->1716.4M(2048.0M)]
 [Times: user=0.31 sys=0.00, real=0.08 secs] 
81.445: [GC pause (G1 Evacuation Pause) (young) (to-space exhausted), 0.0845767 secs]
   [Parallel Time: 82.3 ms, GC Workers: 4]
      [GC Worker Start (ms): Min: 81445.4, Avg: 81445.4, Max: 81445.4, Diff: 0.0]
      [Ext Root Scanning (ms): Min: 0.2, Avg: 0.2, Max: 0.2, Diff: 0.0, Sum: 0.8]
      [Update RS (ms): Min: 17.9, Avg: 18.0, Max: 18.2, Diff: 0.3, Sum: 72.1]
         [Processed Buffers: Min: 33, Avg: 34.5, Max: 36, Diff: 3, Sum: 138]
      [Scan RS (ms): Min: 0.0, Avg: 0.0, Max: 0.1, Diff: 0.1, Sum: 0.1]
      [Code Root Scanning (ms): Min: 0.0, Avg: 0.0, Max: 0.0, Diff: 0.0, Sum: 0.0]
      [Object Copy (ms): Min: 63.7, Avg: 63.9, Max: 64.0, Diff: 0.3, Sum: 255.6]
      [Termination (ms): Min: 0.0, Avg: 0.1, Max: 0.1, Diff: 0.1, Sum: 0.3]
         [Termination Attempts: Min: 1, Avg: 913.8, Max: 1287, Diff: 1286, Sum: 3655]
      [GC Worker Other (ms): Min: 0.0, Avg: 0.0, Max: 0.0, Diff: 0.0, Sum: 0.0]
      [GC Worker Total (ms): Min: 82.2, Avg: 82.2, Max: 82.3, Diff: 0.0, Sum: 329.0]
      [GC Worker End (ms): Min: 81527.7, Avg: 81527.7, Max: 81527.7, Diff: 0.0]
   [Code Root Fixup: 0.0 ms]
   [Code Root Purge: 0.0 ms]
   [Clear CT: 0.0 ms]
   [Other: 2.2 ms]
      [Evacuation Failure: 1.9 ms]
      [Choose CSet: 0.0 ms]
      [Ref Proc: 0.0 ms]
      [Ref Enq: 0.0 ms]
      [Redirty Cards: 0.1 ms]
      [Humongous Register: 0.0 ms]
      [Humongous Reclaim: 0.0 ms]
      [Free CSet: 0.1 ms]
   [Eden: 89.0M(89.0M)->0.0B(89.0M) Survivors: 13.0M->13.0M Heap: 1805.4M(2048.0M)->1763.9M(2048.0M)]
 [Times: user=0.31 sys=0.00, real=0.09 secs] 
81.621: [GC pause (G1 Evacuation Pause) (young) (to-space exhausted), 0.1006919 secs]
   [Parallel Time: 86.7 ms, GC Workers: 4]
      [GC Worker Start (ms): Min: 81621.1, Avg: 81621.1, Max: 81621.2, Diff: 0.0]
      [Ext Root Scanning (ms): Min: 0.2, Avg: 0.2, Max: 0.2, Diff: 0.0, Sum: 0.8]
      [Update RS (ms): Min: 0.0, Avg: 4.2, Max: 5.7, Diff: 5.7, Sum: 16.6]
         [Processed Buffers: Min: 0, Avg: 38.0, Max: 57, Diff: 57, Sum: 152]
      [Scan RS (ms): Min: 0.0, Avg: 0.0, Max: 0.0, Diff: 0.0, Sum: 0.1]
      [Code Root Scanning (ms): Min: 0.0, Avg: 0.0, Max: 0.0, Diff: 0.0, Sum: 0.0]
      [Object Copy (ms): Min: 80.0, Avg: 81.9, Max: 86.4, Diff: 6.4, Sum: 327.7]
      [Termination (ms): Min: 0.0, Avg: 0.3, Max: 0.7, Diff: 0.7, Sum: 1.3]
         [Termination Attempts: Min: 1, Avg: 1.0, Max: 1, Diff: 0, Sum: 4]
      [GC Worker Other (ms): Min: 0.0, Avg: 0.0, Max: 0.0, Diff: 0.0, Sum: 0.0]
      [GC Worker Total (ms): Min: 86.6, Avg: 86.6, Max: 86.7, Diff: 0.0, Sum: 346.5]
      [GC Worker End (ms): Min: 81707.8, Avg: 81707.8, Max: 81707.8, Diff: 0.0]
   [Code Root Fixup: 0.0 ms]
   [Code Root Purge: 0.0 ms]
   [Clear CT: 0.2 ms]
   [Other: 13.8 ms]
      [Evacuation Failure: 13.4 ms]
      [Choose CSet: 0.0 ms]
      [Ref Proc: 0.1 ms]
      [Ref Enq: 0.0 ms]
      [Redirty Cards: 0.1 ms]
      [Humongous Register: 0.0 ms]
      [Humongous Reclaim: 0.0 ms]
      [Free CSet: 0.1 ms]
   [Eden: 84.0M(89.0M)->0.0B(102.0M) Survivors: 13.0M->0.0B Heap: 1847.9M(2048.0M)->1838.9M(2048.0M)]
 [Times: user=0.14 sys=0.00, real=0.10 secs] 
81.733: [GC pause (G1 Evacuation Pause) (young) (to-space exhausted), 0.0378010 secs]
   [Parallel Time: 35.7 ms, GC Workers: 4]
      [GC Worker Start (ms): Min: 81733.2, Avg: 81733.2, Max: 81733.2, Diff: 0.1]
      [Ext Root Scanning (ms): Min: 0.2, Avg: 0.2, Max: 0.2, Diff: 0.1, Sum: 0.8]
      [Update RS (ms): Min: 29.1, Avg: 29.3, Max: 29.4, Diff: 0.3, Sum: 117.1]
         [Processed Buffers: Min: 65, Avg: 68.3, Max: 72, Diff: 7, Sum: 273]
      [Scan RS (ms): Min: 0.0, Avg: 0.0, Max: 0.0, Diff: 0.0, Sum: 0.0]
      [Code Root Scanning (ms): Min: 0.0, Avg: 0.0, Max: 0.0, Diff: 0.0, Sum: 0.0]
      [Object Copy (ms): Min: 5.2, Avg: 5.6, Max: 6.2, Diff: 1.1, Sum: 22.3]
      [Termination (ms): Min: 0.0, Avg: 0.6, Max: 1.0, Diff: 1.0, Sum: 2.3]
         [Termination Attempts: Min: 1, Avg: 1.0, Max: 1, Diff: 0, Sum: 4]
      [GC Worker Other (ms): Min: 0.0, Avg: 0.0, Max: 0.0, Diff: 0.0, Sum: 0.0]
      [GC Worker Total (ms): Min: 35.6, Avg: 35.7, Max: 35.7, Diff: 0.1, Sum: 142.6]
      [GC Worker End (ms): Min: 81768.9, Avg: 81768.9, Max: 81768.9, Diff: 0.0]
   [Code Root Fixup: 0.0 ms]
   [Code Root Purge: 0.0 ms]
   [Clear CT: 0.2 ms]
   [Other: 1.8 ms]
      [Evacuation Failure: 1.4 ms]
      [Choose CSet: 0.0 ms]
      [Ref Proc: 0.2 ms]
      [Ref Enq: 0.0 ms]
      [Redirty Cards: 0.1 ms]
      [Humongous Register: 0.0 ms]
      [Humongous Reclaim: 0.0 ms]
      [Free CSet: 0.0 ms]
   [Eden: 9216.0K(102.0M)->0.0B(102.0M) Survivors: 0.0B->0.0B Heap: 1847.9M(2048.0M)->1847.9M(2048.0M)]
 [Times: user=0.13 sys=0.00, real=0.04 secs] 
81.771: [Full GC (Allocation Failure)  1847M->1161M(2048M), 1.5479253 secs]
   [Eden: 0.0B(102.0M)->0.0B(365.0M) Survivors: 0.0B->0.0B Heap: 1847.9M(2048.0M)->1161.4M(2048.0M)], [Metaspace: 9341K->9341K(1058816K)]
 [Times: user=3.05 sys=0.00, real=1.55 secs] 
83.319: [GC concurrent-mark-abort]
83.643: [GC pause (G1 Evacuation Pause) (young), 0.1542360 secs]
   [Parallel Time: 153.5 ms, GC Workers: 4]
      [GC Worker Start (ms): Min: 83643.0, Avg: 83643.0, Max: 83643.1, Diff: 0.1]
      [Ext Root Scanning (ms): Min: 0.2, Avg: 0.2, Max: 0.3, Diff: 0.1, Sum: 0.9]
      [Update RS (ms): Min: 0.0, Avg: 0.0, Max: 0.1, Diff: 0.1, Sum: 0.2]
         [Processed Buffers: Min: 0, Avg: 1.0, Max: 2, Diff: 2, Sum: 4]
      [Scan RS (ms): Min: 0.0, Avg: 0.0, Max: 0.1, Diff: 0.1, Sum: 0.2]
      [Code Root Scanning (ms): Min: 0.0, Avg: 0.0, Max: 0.0, Diff: 0.0, Sum: 0.0]
      [Object Copy (ms): Min: 153.0, Avg: 153.1, Max: 153.1, Diff: 0.1, Sum: 612.3]
      [Termination (ms): Min: 0.0, Avg: 0.0, Max: 0.0, Diff: 0.0, Sum: 0.0]
         [Termination Attempts: Min: 1, Avg: 1.3, Max: 2, Diff: 1, Sum: 5]
      [GC Worker Other (ms): Min: 0.0, Avg: 0.0, Max: 0.1, Diff: 0.0, Sum: 0.1]
      [GC Worker Total (ms): Min: 153.4, Avg: 153.4, Max: 153.5, Diff: 0.1, Sum: 613.7]
      [GC Worker End (ms): Min: 83796.5, Avg: 83796.5, Max: 83796.5, Diff: 0.0]
   [Code Root Fixup: 0.0 ms]
   [Code Root Purge: 0.0 ms]
   [Clear CT: 0.1 ms]
   [Other: 0.6 ms]
      [Choose CSet: 0.0 ms]
      [Ref Proc: 0.0 ms]
      [Ref Enq: 0.0 ms]
      [Redirty Cards: 0.2 ms]
      [Humongous Register: 0.0 ms]
      [Humongous Reclaim: 0.0 ms]
      [Free CSet: 0.2 ms]
   [Eden: 365.0M(365.0M)->0.0B(262.0M) Survivors: 0.0B->46.0M Heap: 1526.4M(2048.0M)->1293.7M(2048.0M)]
 [Times: user=0.63 sys=0.00, real=0.15 secs] 
84.045: [GC pause (G1 Evacuation Pause) (young) (initial-mark), 0.1992101 secs]
   [Parallel Time: 198.5 ms, GC Workers: 4]
      [GC Worker Start (ms): Min: 84044.7, Avg: 84044.7, Max: 84044.7, Diff: 0.1]
      [Ext Root Scanning (ms): Min: 0.3, Avg: 0.3, Max: 0.3, Diff: 0.0, Sum: 1.1]
      [Update RS (ms): Min: 21.4, Avg: 21.6, Max: 21.8, Diff: 0.4, Sum: 86.2]
         [Processed Buffers: Min: 36, Avg: 37.0, Max: 38, Diff: 2, Sum: 148]
      [Scan RS (ms): Min: 2.0, Avg: 2.2, Max: 2.4, Diff: 0.3, Sum: 8.8]
      [Code Root Scanning (ms): Min: 0.0, Avg: 0.0, Max: 0.0, Diff: 0.0, Sum: 0.0]
      [Object Copy (ms): Min: 174.3, Avg: 174.3, Max: 174.4, Diff: 0.0, Sum: 697.4]
      [Termination (ms): Min: 0.0, Avg: 0.0, Max: 0.0, Diff: 0.0, Sum: 0.0]
         [Termination Attempts: Min: 8, Avg: 11.0, Max: 16, Diff: 8, Sum: 44]
      [GC Worker Other (ms): Min: 0.0, Avg: 0.0, Max: 0.0, Diff: 0.0, Sum: 0.1]
      [GC Worker Total (ms): Min: 198.4, Avg: 198.4, Max: 198.5, Diff: 0.1, Sum: 793.7]
      [GC Worker End (ms): Min: 84243.1, Avg: 84243.1, Max: 84243.1, Diff: 0.0]
   [Code Root Fixup: 0.0 ms]
   [Code Root Purge: 0.0 ms]
   [Clear CT: 0.1 ms]
   [Other: 0.6 ms]
      [Choose CSet: 0.0 ms]
      [Ref Proc: 0.0 ms]
      [Ref Enq: 0.0 ms]
      [Redirty Cards: 0.2 ms]
      [Humongous Register: 0.0 ms]
      [Humongous Reclaim: 0.0 ms]
      [Free CSet: 0.2 ms]
   [Eden: 262.0M(262.0M)->0.0B(190.0M) Survivors: 46.0M->39.0M Heap: 1555.7M(2048.0M)->1388.9M(2048.0M)]
 [Times: user=0.81 sys=0.00, real=0.20 secs] 
84.244: [GC concurrent-root-region-scan-start]
84.316: [GC concurrent-root-region-scan-end, 0.0719629 secs]
84.316: [GC concurrent-mark-start]
84.465: [GC pause (G1 Evacuation Pause) (young), 0.1728165 secs]
   [Parallel Time: 172.2 ms, GC Workers: 4]
      [GC Worker Start (ms): Min: 84465.2, Avg: 84465.2, Max: 84465.3, Diff: 0.1]
      [Ext Root Scanning (ms): Min: 0.1, Avg: 0.2, Max: 0.2, Diff: 0.1, Sum: 0.9]
      [Update RS (ms): Min: 20.0, Avg: 20.0, Max: 20.1, Diff: 0.1, Sum: 80.0]
         [Processed Buffers: Min: 32, Avg: 33.5, Max: 35, Diff: 3, Sum: 134]
      [Scan RS (ms): Min: 3.1, Avg: 3.1, Max: 3.2, Diff: 0.1, Sum: 12.6]
      [Code Root Scanning (ms): Min: 0.0, Avg: 0.0, Max: 0.0, Diff: 0.0, Sum: 0.0]
      [Object Copy (ms): Min: 148.8, Avg: 148.8, Max: 148.8, Diff: 0.0, Sum: 595.2]
      [Termination (ms): Min: 0.0, Avg: 0.0, Max: 0.0, Diff: 0.0, Sum: 0.0]
         [Termination Attempts: Min: 2, Avg: 30.8, Max: 44, Diff: 42, Sum: 123]
      [GC Worker Other (ms): Min: 0.0, Avg: 0.0, Max: 0.0, Diff: 0.0, Sum: 0.1]
      [GC Worker Total (ms): Min: 172.1, Avg: 172.2, Max: 172.2, Diff: 0.1, Sum: 688.8]
      [GC Worker End (ms): Min: 84637.4, Avg: 84637.4, Max: 84637.4, Diff: 0.0]
   [Code Root Fixup: 0.0 ms]
   [Code Root Purge: 0.0 ms]
   [Clear CT: 0.1 ms]
   [Other: 0.5 ms]
      [Choose CSet: 0.0 ms]
      [Ref Proc: 0.0 ms]
      [Ref Enq: 0.0 ms]
      [Redirty Cards: 0.2 ms]
      [Humongous Register: 0.0 ms]
      [Humongous Reclaim: 0.0 ms]
      [Free CSet: 0.2 ms]
   [Eden: 190.0M(190.0M)->0.0B(135.0M) Survivors: 39.0M->29.0M Heap: 1578.9M(2048.0M)->1461.8M(2048.0M)]
 [Times: user=0.67 sys=0.00, real=0.17 secs] 
84.794: [GC pause (G1 Evacuation Pause) (young), 0.1262913 secs]
   [Parallel Time: 125.7 ms, GC Workers: 4]
      [GC Worker Start (ms): Min: 84794.4, Avg: 84794.4, Max: 84794.4, Diff: 0.0]
      [Ext Root Scanning (ms): Min: 0.2, Avg: 0.2, Max: 0.2, Diff: 0.0, Sum: 0.8]
      [Update RS (ms): Min: 29.0, Avg: 29.1, Max: 29.3, Diff: 0.3, Sum: 116.5]
         [Processed Buffers: Min: 50, Avg: 52.0, Max: 55, Diff: 5, Sum: 208]
      [Scan RS (ms): Min: 6.5, Avg: 6.6, Max: 6.7, Diff: 0.2, Sum: 26.3]
      [Code Root Scanning (ms): Min: 0.0, Avg: 0.0, Max: 0.0, Diff: 0.0, Sum: 0.0]
      [Object Copy (ms): Min: 89.7, Avg: 89.8, Max: 89.9, Diff: 0.1, Sum: 359.1]
      [Termination (ms): Min: 0.0, Avg: 0.0, Max: 0.0, Diff: 0.0, Sum: 0.0]
         [Termination Attempts: Min: 15, Avg: 18.8, Max: 22, Diff: 7, Sum: 75]
      [GC Worker Other (ms): Min: 0.0, Avg: 0.0, Max: 0.0, Diff: 0.0, Sum: 0.1]
      [GC Worker Total (ms): Min: 125.7, Avg: 125.7, Max: 125.7, Diff: 0.0, Sum: 502.8]
      [GC Worker End (ms): Min: 84920.1, Avg: 84920.1, Max: 84920.1, Diff: 0.0]
   [Code Root Fixup: 0.0 ms]
   [Code Root Purge: 0.0 ms]
   [Clear CT: 0.1 ms]
   [Other: 0.5 ms]
      [Choose CSet: 0.0 ms]
      [Ref Proc: 0.0 ms]
      [Ref Enq: 0.0 ms]
      [Redirty Cards: 0.2 ms]
      [Humongous Register: 0.0 ms]
      [Humongous Reclaim: 0.0 ms]
      [Free CSet: 0.1 ms]
   [Eden: 135.0M(135.0M)->0.0B(99.0M) Survivors: 29.0M->21.0M Heap: 1596.8M(2048.0M)->1510.8M(2048.0M)]
 [Times: user=0.49 sys=0.02, real=0.13 secs] 
85.045: [GC pause (G1 Evacuation Pause) (young), 0.0723940 secs]
   [Parallel Time: 72.0 ms, GC Workers: 4]
      [GC Worker Start (ms): Min: 85044.9, Avg: 85044.9, Max: 85045.0, Diff: 0.0]
      [Ext Root Scanning (ms): Min: 0.2, Avg: 0.2, Max: 0.2, Diff: 0.0, Sum: 0.8]
      [Update RS (ms): Min: 14.0, Avg: 14.1, Max: 14.2, Diff: 0.2, Sum: 56.5]
         [Processed Buffers: Min: 26, Avg: 26.8, Max: 28, Diff: 2, Sum: 107]
      [Scan RS (ms): Min: 1.1, Avg: 1.2, Max: 1.3, Diff: 0.2, Sum: 4.7]
      [Code Root Scanning (ms): Min: 0.0, Avg: 0.0, Max: 0.0, Diff: 0.0, Sum: 0.0]
      [Object Copy (ms): Min: 56.4, Avg: 56.4, Max: 56.5, Diff: 0.1, Sum: 225.7]
      [Termination (ms): Min: 0.0, Avg: 0.0, Max: 0.1, Diff: 0.1, Sum: 0.2]
         [Termination Attempts: Min: 6, Avg: 507.3, Max: 720, Diff: 714, Sum: 2029]
      [GC Worker Other (ms): Min: 0.0, Avg: 0.0, Max: 0.0, Diff: 0.0, Sum: 0.0]
      [GC Worker Total (ms): Min: 71.9, Avg: 72.0, Max: 72.0, Diff: 0.0, Sum: 287.9]
      [GC Worker End (ms): Min: 85116.9, Avg: 85116.9, Max: 85116.9, Diff: 0.0]
   [Code Root Fixup: 0.0 ms]
   [Code Root Purge: 0.0 ms]
   [Clear CT: 0.0 ms]
   [Other: 0.3 ms]
      [Choose CSet: 0.0 ms]
      [Ref Proc: 0.0 ms]
      [Ref Enq: 0.0 ms]
      [Redirty Cards: 0.1 ms]
      [Humongous Register: 0.0 ms]
      [Humongous Reclaim: 0.0 ms]
      [Free CSet: 0.1 ms]
   [Eden: 99.0M(99.0M)->0.0B(87.0M) Survivors: 21.0M->15.0M Heap: 1609.8M(2048.0M)->1547.4M(2048.0M)]
 [Times: user=0.31 sys=0.00, real=0.07 secs] 
85.207: [GC pause (G1 Evacuation Pause) (young), 0.0697319 secs]
   [Parallel Time: 69.4 ms, GC Workers: 4]
      [GC Worker Start (ms): Min: 85206.6, Avg: 85206.6, Max: 85206.6, Diff: 0.0]
      [Ext Root Scanning (ms): Min: 0.2, Avg: 0.2, Max: 0.2, Diff: 0.0, Sum: 0.8]
      [Update RS (ms): Min: 14.5, Avg: 14.7, Max: 14.8, Diff: 0.3, Sum: 58.7]
         [Processed Buffers: Min: 28, Avg: 29.0, Max: 30, Diff: 2, Sum: 116]
      [Scan RS (ms): Min: 0.0, Avg: 0.0, Max: 0.1, Diff: 0.1, Sum: 0.1]
      [Code Root Scanning (ms): Min: 0.0, Avg: 0.0, Max: 0.0, Diff: 0.0, Sum: 0.0]
      [Object Copy (ms): Min: 54.3, Avg: 54.4, Max: 54.6, Diff: 0.3, Sum: 217.8]
      [Termination (ms): Min: 0.0, Avg: 0.0, Max: 0.0, Diff: 0.0, Sum: 0.0]
         [Termination Attempts: Min: 13, Avg: 16.3, Max: 24, Diff: 11, Sum: 65]
      [GC Worker Other (ms): Min: 0.0, Avg: 0.0, Max: 0.0, Diff: 0.0, Sum: 0.0]
      [GC Worker Total (ms): Min: 69.3, Avg: 69.3, Max: 69.3, Diff: 0.0, Sum: 277.3]
      [GC Worker End (ms): Min: 85276.0, Avg: 85276.0, Max: 85276.0, Diff: 0.0]
   [Code Root Fixup: 0.0 ms]
   [Code Root Purge: 0.0 ms]
   [Clear CT: 0.0 ms]
   [Other: 0.3 ms]
      [Choose CSet: 0.0 ms]
      [Ref Proc: 0.0 ms]
      [Ref Enq: 0.0 ms]
      [Redirty Cards: 0.1 ms]
      [Humongous Register: 0.0 ms]
      [Humongous Reclaim: 0.0 ms]
      [Free CSet: 0.1 ms]
   [Eden: 87.0M(87.0M)->0.0B(89.0M) Survivors: 15.0M->13.0M Heap: 1634.4M(2048.0M)->1579.3M(2048.0M)]
 [Times: user=0.31 sys=0.00, real=0.07 secs] 
85.355: [GC pause (G1 Evacuation Pause) (young), 0.0511098 secs]
   [Parallel Time: 50.7 ms, GC Workers: 4]
      [GC Worker Start (ms): Min: 85355.5, Avg: 85355.5, Max: 85355.6, Diff: 0.0]
      [Ext Root Scanning (ms): Min: 0.2, Avg: 0.2, Max: 0.2, Diff: 0.0, Sum: 0.8]
      [Update RS (ms): Min: 14.8, Avg: 14.8, Max: 14.9, Diff: 0.1, Sum: 59.3]
         [Processed Buffers: Min: 30, Avg: 31.8, Max: 35, Diff: 5, Sum: 127]
      [Scan RS (ms): Min: 0.0, Avg: 0.0, Max: 0.0, Diff: 0.0, Sum: 0.1]
      [Code Root Scanning (ms): Min: 0.0, Avg: 0.0, Max: 0.0, Diff: 0.0, Sum: 0.0]
      [Object Copy (ms): Min: 35.5, Avg: 35.6, Max: 35.6, Diff: 0.1, Sum: 142.3]
      [Termination (ms): Min: 0.0, Avg: 0.0, Max: 0.0, Diff: 0.0, Sum: 0.0]
         [Termination Attempts: Min: 13, Avg: 13.5, Max: 14, Diff: 1, Sum: 54]
      [GC Worker Other (ms): Min: 0.0, Avg: 0.0, Max: 0.0, Diff: 0.0, Sum: 0.0]
      [GC Worker Total (ms): Min: 50.6, Avg: 50.6, Max: 50.7, Diff: 0.0, Sum: 202.6]
      [GC Worker End (ms): Min: 85406.2, Avg: 85406.2, Max: 85406.2, Diff: 0.0]
   [Code Root Fixup: 0.0 ms]
   [Code Root Purge: 0.0 ms]
   [Clear CT: 0.0 ms]
   [Other: 0.3 ms]
      [Choose CSet: 0.0 ms]
      [Ref Proc: 0.0 ms]
      [Ref Enq: 0.0 ms]
      [Redirty Cards: 0.1 ms]
      [Humongous Register: 0.0 ms]
      [Humongous Reclaim: 0.0 ms]
      [Free CSet: 0.1 ms]
   [Eden: 89.0M(89.0M)->0.0B(89.0M) Survivors: 13.0M->13.0M Heap: 1668.3M(2048.0M)->1611.2M(2048.0M)]
 [Times: user=0.19 sys=0.00, real=0.05 secs] 
85.490: [GC pause (G1 Evacuation Pause) (young), 0.0729499 secs]
   [Parallel Time: 72.6 ms, GC Workers: 4]
      [GC Worker Start (ms): Min: 85489.9, Avg: 85489.9, Max: 85489.9, Diff: 0.0]
      [Ext Root Scanning (ms): Min: 0.2, Avg: 0.2, Max: 0.2, Diff: 0.0, Sum: 0.8]
      [Update RS (ms): Min: 18.1, Avg: 18.3, Max: 18.5, Diff: 0.4, Sum: 73.2]
         [Processed Buffers: Min: 34, Avg: 35.0, Max: 37, Diff: 3, Sum: 140]
      [Scan RS (ms): Min: 0.0, Avg: 0.0, Max: 0.1, Diff: 0.1, Sum: 0.1]
      [Code Root Scanning (ms): Min: 0.0, Avg: 0.0, Max: 0.0, Diff: 0.0, Sum: 0.0]
      [Object Copy (ms): Min: 53.9, Avg: 54.0, Max: 54.1, Diff: 0.2, Sum: 216.0]
      [Termination (ms): Min: 0.0, Avg: 0.0, Max: 0.0, Diff: 0.0, Sum: 0.0]
         [Termination Attempts: Min: 19, Avg: 22.0, Max: 24, Diff: 5, Sum: 88]
      [GC Worker Other (ms): Min: 0.0, Avg: 0.0, Max: 0.0, Diff: 0.0, Sum: 0.0]
      [GC Worker Total (ms): Min: 72.5, Avg: 72.5, Max: 72.6, Diff: 0.0, Sum: 290.2]
      [GC Worker End (ms): Min: 85562.4, Avg: 85562.4, Max: 85562.4, Diff: 0.0]
   [Code Root Fixup: 0.0 ms]
   [Code Root Purge: 0.0 ms]
   [Clear CT: 0.0 ms]
   [Other: 0.3 ms]
      [Choose CSet: 0.0 ms]
      [Ref Proc: 0.0 ms]
      [Ref Enq: 0.0 ms]
      [Redirty Cards: 0.1 ms]
      [Humongous Register: 0.0 ms]
      [Humongous Reclaim: 0.0 ms]
      [Free CSet: 0.1 ms]
   [Eden: 89.0M(89.0M)->0.0B(89.0M) Survivors: 13.0M->13.0M Heap: 1700.2M(2048.0M)->1644.3M(2048.0M)]
 [Times: user=0.31 sys=0.00, real=0.07 secs] 
85.652: [GC pause (G1 Evacuation Pause) (young), 0.0742784 secs]
   [Parallel Time: 73.9 ms, GC Workers: 4]
      [GC Worker Start (ms): Min: 85651.7, Avg: 85651.7, Max: 85651.7, Diff: 0.0]
      [Ext Root Scanning (ms): Min: 0.2, Avg: 0.2, Max: 0.2, Diff: 0.0, Sum: 0.8]
      [Update RS (ms): Min: 22.7, Avg: 22.7, Max: 22.8, Diff: 0.1, Sum: 90.9]
         [Processed Buffers: Min: 38, Avg: 38.3, Max: 39, Diff: 1, Sum: 153]
      [Scan RS (ms): Min: 0.0, Avg: 0.0, Max: 0.1, Diff: 0.1, Sum: 0.1]
      [Code Root Scanning (ms): Min: 0.0, Avg: 0.0, Max: 0.0, Diff: 0.0, Sum: 0.0]
      [Object Copy (ms): Min: 50.9, Avg: 50.9, Max: 50.9, Diff: 0.0, Sum: 203.6]
      [Termination (ms): Min: 0.0, Avg: 0.0, Max: 0.0, Diff: 0.0, Sum: 0.0]
         [Termination Attempts: Min: 21, Avg: 29.8, Max: 37, Diff: 16, Sum: 119]
      [GC Worker Other (ms): Min: 0.0, Avg: 0.0, Max: 0.0, Diff: 0.0, Sum: 0.0]
      [GC Worker Total (ms): Min: 73.9, Avg: 73.9, Max: 73.9, Diff: 0.0, Sum: 295.5]
      [GC Worker End (ms): Min: 85725.6, Avg: 85725.6, Max: 85725.6, Diff: 0.0]
   [Code Root Fixup: 0.0 ms]
   [Code Root Purge: 0.0 ms]
   [Clear CT: 0.0 ms]
   [Other: 0.3 ms]
      [Choose CSet: 0.0 ms]
      [Ref Proc: 0.0 ms]
      [Ref Enq: 0.0 ms]
      [Redirty Cards: 0.1 ms]
      [Humongous Register: 0.0 ms]
      [Humongous Reclaim: 0.0 ms]
      [Free CSet: 0.1 ms]
   [Eden: 89.0M(89.0M)->0.0B(89.0M) Survivors: 13.0M->13.0M Heap: 1733.3M(2048.0M)->1676.9M(2048.0M)]
 [Times: user=0.25 sys=0.00, real=0.07 secs] 
85.813: [GC pause (G1 Evacuation Pause) (young), 0.0800013 secs]
   [Parallel Time: 79.6 ms, GC Workers: 4]
      [GC Worker Start (ms): Min: 85812.9, Avg: 85812.9, Max: 85812.9, Diff: 0.0]
      [Ext Root Scanning (ms): Min: 0.2, Avg: 0.2, Max: 0.2, Diff: 0.0, Sum: 0.8]
      [Update RS (ms): Min: 21.6, Avg: 21.8, Max: 22.0, Diff: 0.4, Sum: 87.0]
         [Processed Buffers: Min: 33, Avg: 34.0, Max: 36, Diff: 3, Sum: 136]
      [Scan RS (ms): Min: 0.0, Avg: 0.0, Max: 0.1, Diff: 0.1, Sum: 0.1]
      [Code Root Scanning (ms): Min: 0.0, Avg: 0.0, Max: 0.0, Diff: 0.0, Sum: 0.0]
      [Object Copy (ms): Min: 57.4, Avg: 57.6, Max: 57.7, Diff: 0.3, Sum: 230.3]
      [Termination (ms): Min: 0.0, Avg: 0.0, Max: 0.0, Diff: 0.0, Sum: 0.0]
         [Termination Attempts: Min: 1, Avg: 2.5, Max: 4, Diff: 3, Sum: 10]
      [GC Worker Other (ms): Min: 0.0, Avg: 0.0, Max: 0.0, Diff: 0.0, Sum: 0.0]
      [GC Worker Total (ms): Min: 79.6, Avg: 79.6, Max: 79.6, Diff: 0.0, Sum: 318.3]
      [GC Worker End (ms): Min: 85892.5, Avg: 85892.5, Max: 85892.5, Diff: 0.0]
   [Code Root Fixup: 0.0 ms]
   [Code Root Purge: 0.0 ms]
   [Clear CT: 0.0 ms]
   [Other: 0.4 ms]
      [Choose CSet: 0.0 ms]
      [Ref Proc: 0.0 ms]
      [Ref Enq: 0.0 ms]
      [Redirty Cards: 0.1 ms]
      [Humongous Register: 0.0 ms]
      [Humongous Reclaim: 0.0 ms]
      [Free CSet: 0.1 ms]
   [Eden: 89.0M(89.0M)->0.0B(89.0M) Survivors: 13.0M->13.0M Heap: 1765.9M(2048.0M)->1708.0M(2048.0M)]
 [Times: user=0.31 sys=0.00, real=0.08 secs] 
85.979: [GC pause (G1 Evacuation Pause) (young), 0.0615960 secs]
   [Parallel Time: 61.2 ms, GC Workers: 4]
      [GC Worker Start (ms): Min: 85978.9, Avg: 85978.9, Max: 85978.9, Diff: 0.0]
      [Ext Root Scanning (ms): Min: 0.2, Avg: 0.2, Max: 0.2, Diff: 0.0, Sum: 0.8]
      [Update RS (ms): Min: 17.4, Avg: 17.5, Max: 17.5, Diff: 0.2, Sum: 69.9]
         [Processed Buffers: Min: 29, Avg: 31.0, Max: 34, Diff: 5, Sum: 124]
      [Scan RS (ms): Min: 0.0, Avg: 0.0, Max: 0.1, Diff: 0.1, Sum: 0.1]
      [Code Root Scanning (ms): Min: 0.0, Avg: 0.0, Max: 0.0, Diff: 0.0, Sum: 0.0]
      [Object Copy (ms): Min: 43.4, Avg: 43.5, Max: 43.5, Diff: 0.1, Sum: 173.9]
      [Termination (ms): Min: 0.0, Avg: 0.0, Max: 0.0, Diff: 0.0, Sum: 0.0]
         [Termination Attempts: Min: 2, Avg: 5.0, Max: 7, Diff: 5, Sum: 20]
      [GC Worker Other (ms): Min: 0.0, Avg: 0.0, Max: 0.0, Diff: 0.0, Sum: 0.0]
      [GC Worker Total (ms): Min: 61.2, Avg: 61.2, Max: 61.2, Diff: 0.0, Sum: 244.7]
      [GC Worker End (ms): Min: 86040.1, Avg: 86040.1, Max: 86040.1, Diff: 0.0]
   [Code Root Fixup: 0.0 ms]
   [Code Root Purge: 0.0 ms]
   [Clear CT: 0.0 ms]
   [Other: 0.3 ms]
      [Choose CSet: 0.0 ms]
      [Ref Proc: 0.0 ms]
      [Ref Enq: 0.0 ms]
      [Redirty Cards: 0.1 ms]
      [Humongous Register: 0.0 ms]
      [Humongous Reclaim: 0.0 ms]
      [Free CSet: 0.1 ms]
   [Eden: 89.0M(89.0M)->0.0B(89.0M) Survivors: 13.0M->13.0M Heap: 1797.0M(2048.0M)->1740.9M(2048.0M)]
 [Times: user=0.25 sys=0.00, real=0.06 secs] 
86.121: [GC pause (G1 Evacuation Pause) (young) (to-space exhausted), 0.0839695 secs]
   [Parallel Time: 75.6 ms, GC Workers: 4]
      [GC Worker Start (ms): Min: 86121.2, Avg: 86121.2, Max: 86121.2, Diff: 0.0]
      [Ext Root Scanning (ms): Min: 0.2, Avg: 0.2, Max: 0.2, Diff: 0.1, Sum: 0.8]
      [Update RS (ms): Min: 17.8, Avg: 17.9, Max: 18.0, Diff: 0.1, Sum: 71.6]
         [Processed Buffers: Min: 32, Avg: 33.5, Max: 36, Diff: 4, Sum: 134]
      [Scan RS (ms): Min: 0.0, Avg: 0.0, Max: 0.1, Diff: 0.1, Sum: 0.1]
      [Code Root Scanning (ms): Min: 0.0, Avg: 0.0, Max: 0.0, Diff: 0.0, Sum: 0.0]
      [Object Copy (ms): Min: 57.3, Avg: 57.4, Max: 57.4, Diff: 0.1, Sum: 229.4]
      [Termination (ms): Min: 0.0, Avg: 0.0, Max: 0.0, Diff: 0.0, Sum: 0.0]
         [Termination Attempts: Min: 28, Avg: 33.5, Max: 40, Diff: 12, Sum: 134]
      [GC Worker Other (ms): Min: 0.0, Avg: 0.0, Max: 0.0, Diff: 0.0, Sum: 0.0]
      [GC Worker Total (ms): Min: 75.5, Avg: 75.5, Max: 75.5, Diff: 0.0, Sum: 302.0]
      [GC Worker End (ms): Min: 86196.7, Avg: 86196.7, Max: 86196.7, Diff: 0.0]
   [Code Root Fixup: 0.0 ms]
   [Code Root Purge: 0.0 ms]
   [Clear CT: 0.0 ms]
   [Other: 8.4 ms]
      [Evacuation Failure: 8.1 ms]
      [Choose CSet: 0.0 ms]
      [Ref Proc: 0.0 ms]
      [Ref Enq: 0.0 ms]
      [Redirty Cards: 0.1 ms]
      [Humongous Register: 0.0 ms]
      [Humongous Reclaim: 0.0 ms]
      [Free CSet: 0.1 ms]
   [Eden: 89.0M(89.0M)->0.0B(89.0M) Survivors: 13.0M->13.0M Heap: 1829.9M(2048.0M)->1800.4M(2048.0M)]
 [Times: user=0.23 sys=0.00, real=0.08 secs] 
86.260: [GC pause (G1 Evacuation Pause) (young) (to-space exhausted), 0.0997954 secs]
   [Parallel Time: 88.4 ms, GC Workers: 4]
      [GC Worker Start (ms): Min: 86259.6, Avg: 86259.6, Max: 86259.6, Diff: 0.0]
      [Ext Root Scanning (ms): Min: 0.2, Avg: 0.2, Max: 0.2, Diff: 0.0, Sum: 0.8]
      [Update RS (ms): Min: 6.0, Avg: 15.4, Max: 18.6, Diff: 12.6, Sum: 61.4]
         [Processed Buffers: Min: 15, Avg: 37.0, Max: 45, Diff: 30, Sum: 148]
      [Scan RS (ms): Min: 3.0, Avg: 3.2, Max: 3.4, Diff: 0.4, Sum: 12.8]
      [Code Root Scanning (ms): Min: 0.0, Avg: 0.0, Max: 0.0, Diff: 0.0, Sum: 0.0]
      [Object Copy (ms): Min: 64.8, Avg: 68.3, Max: 76.4, Diff: 11.5, Sum: 273.4]
      [Termination (ms): Min: 0.0, Avg: 1.3, Max: 2.5, Diff: 2.5, Sum: 5.2]
         [Termination Attempts: Min: 1, Avg: 1.0, Max: 1, Diff: 0, Sum: 4]
      [GC Worker Other (ms): Min: 0.0, Avg: 0.0, Max: 0.0, Diff: 0.0, Sum: 0.0]
      [GC Worker Total (ms): Min: 88.4, Avg: 88.4, Max: 88.4, Diff: 0.0, Sum: 353.7]
      [GC Worker End (ms): Min: 86348.0, Avg: 86348.0, Max: 86348.0, Diff: 0.0]
   [Code Root Fixup: 0.0 ms]
   [Code Root Purge: 0.0 ms]
   [Clear CT: 0.0 ms]
   [Other: 11.3 ms]
      [Evacuation Failure: 11.1 ms]
      [Choose CSet: 0.0 ms]
      [Ref Proc: 0.0 ms]
      [Ref Enq: 0.0 ms]
      [Redirty Cards: 0.1 ms]
      [Humongous Register: 0.0 ms]
      [Humongous Reclaim: 0.0 ms]
      [Free CSet: 0.0 ms]
   [Eden: 50.0M(89.0M)->0.0B(102.0M) Survivors: 13.0M->0.0B Heap: 1850.4M(2048.0M)->1848.4M(2048.0M)]
 [Times: user=0.23 sys=0.00, real=0.10 secs] 
86.362: [GC pause (G1 Evacuation Pause) (young) (to-space exhausted), 0.0312374 secs]
   [Parallel Time: 30.4 ms, GC Workers: 4]
      [GC Worker Start (ms): Min: 86361.8, Avg: 86361.8, Max: 86361.8, Diff: 0.0]
      [Ext Root Scanning (ms): Min: 0.2, Avg: 0.2, Max: 0.2, Diff: 0.0, Sum: 0.8]
      [Update RS (ms): Min: 29.0, Avg: 29.2, Max: 29.5, Diff: 0.5, Sum: 116.6]
         [Processed Buffers: Min: 59, Avg: 61.3, Max: 62, Diff: 3, Sum: 245]
      [Scan RS (ms): Min: 0.0, Avg: 0.0, Max: 0.0, Diff: 0.0, Sum: 0.0]
      [Code Root Scanning (ms): Min: 0.0, Avg: 0.0, Max: 0.0, Diff: 0.0, Sum: 0.0]
      [Object Copy (ms): Min: 0.0, Avg: 0.6, Max: 1.1, Diff: 1.0, Sum: 2.5]
      [Termination (ms): Min: 0.0, Avg: 0.4, Max: 0.7, Diff: 0.7, Sum: 1.7]
         [Termination Attempts: Min: 1, Avg: 1.0, Max: 1, Diff: 0, Sum: 4]
      [GC Worker Other (ms): Min: 0.0, Avg: 0.0, Max: 0.0, Diff: 0.0, Sum: 0.0]
      [GC Worker Total (ms): Min: 30.4, Avg: 30.4, Max: 30.4, Diff: 0.0, Sum: 121.6]
      [GC Worker End (ms): Min: 86392.2, Avg: 86392.2, Max: 86392.2, Diff: 0.0]
   [Code Root Fixup: 0.0 ms]
   [Code Root Purge: 0.0 ms]
   [Clear CT: 0.0 ms]
   [Other: 0.8 ms]
      [Evacuation Failure: 0.7 ms]
      [Choose CSet: 0.0 ms]
      [Ref Proc: 0.0 ms]
      [Ref Enq: 0.0 ms]
      [Redirty Cards: 0.0 ms]
      [Humongous Register: 0.0 ms]
      [Humongous Reclaim: 0.0 ms]
      [Free CSet: 0.0 ms]
   [Eden: 2048.0K(102.0M)->0.0B(102.0M) Survivors: 0.0B->0.0B Heap: 1850.4M(2048.0M)->1850.4M(2048.0M)]
 [Times: user=0.13 sys=0.00, real=0.03 secs] 
86.393: [Full GC (Allocation Failure)  1850M->1167M(2048M), 1.5346801 secs]
   [Eden: 0.0B(102.0M)->0.0B(357.0M) Survivors: 0.0B->0.0B Heap: 1850.4M(2048.0M)->1167.8M(2048.0M)], [Metaspace: 9356K->9356K(1058816K)]
 [Times: user=3.02 sys=0.00, real=1.54 secs] 
87.928: [GC concurrent-mark-abort]
88.246: [GC pause (G1 Evacuation Pause) (young), 0.1481693 secs]
   [Parallel Time: 147.5 ms, GC Workers: 4]
      [GC Worker Start (ms): Min: 88246.4, Avg: 88246.4, Max: 88246.4, Diff: 0.0]
      [Ext Root Scanning (ms): Min: 0.2, Avg: 0.2, Max: 0.2, Diff: 0.0, Sum: 0.8]
      [Update RS (ms): Min: 0.0, Avg: 0.0, Max: 0.1, Diff: 0.1, Sum: 0.2]
         [Processed Buffers: Min: 0, Avg: 1.0, Max: 2, Diff: 2, Sum: 4]
      [Scan RS (ms): Min: 0.0, Avg: 0.0, Max: 0.1, Diff: 0.1, Sum: 0.2]
      [Code Root Scanning (ms): Min: 0.0, Avg: 0.0, Max: 0.0, Diff: 0.0, Sum: 0.0]
      [Object Copy (ms): Min: 147.1, Avg: 147.1, Max: 147.2, Diff: 0.1, Sum: 588.6]
      [Termination (ms): Min: 0.0, Avg: 0.0, Max: 0.0, Diff: 0.0, Sum: 0.0]
         [Termination Attempts: Min: 6, Avg: 10.8, Max: 14, Diff: 8, Sum: 43]
      [GC Worker Other (ms): Min: 0.0, Avg: 0.0, Max: 0.0, Diff: 0.0, Sum: 0.1]
      [GC Worker Total (ms): Min: 147.4, Avg: 147.5, Max: 147.5, Diff: 0.0, Sum: 589.9]
      [GC Worker End (ms): Min: 88393.9, Avg: 88393.9, Max: 88393.9, Diff: 0.0]
   [Code Root Fixup: 0.0 ms]
   [Code Root Purge: 0.0 ms]
   [Clear CT: 0.1 ms]
   [Other: 0.5 ms]
      [Choose CSet: 0.0 ms]
      [Ref Proc: 0.0 ms]
      [Ref Enq: 0.0 ms]
      [Redirty Cards: 0.1 ms]
      [Humongous Register: 0.0 ms]
      [Humongous Reclaim: 0.0 ms]
      [Free CSet: 0.2 ms]
   [Eden: 357.0M(357.0M)->0.0B(262.0M) Survivors: 0.0B->45.0M Heap: 1524.8M(2048.0M)->1295.6M(2048.0M)]
 [Times: user=0.55 sys=0.00, real=0.15 secs] 
88.585: [GC pause (G1 Evacuation Pause) (young) (initial-mark), 0.1714094 secs]
   [Parallel Time: 170.7 ms, GC Workers: 4]
      [GC Worker Start (ms): Min: 88585.1, Avg: 88585.1, Max: 88585.2, Diff: 0.1]
      [Ext Root Scanning (ms): Min: 0.3, Avg: 0.3, Max: 0.3, Diff: 0.1, Sum: 1.3]
      [Update RS (ms): Min: 21.1, Avg: 21.3, Max: 21.4, Diff: 0.3, Sum: 85.1]
         [Processed Buffers: Min: 36, Avg: 36.5, Max: 37, Diff: 1, Sum: 146]
      [Scan RS (ms): Min: 2.8, Avg: 2.9, Max: 3.0, Diff: 0.2, Sum: 11.5]
      [Code Root Scanning (ms): Min: 0.0, Avg: 0.0, Max: 0.0, Diff: 0.0, Sum: 0.0]
      [Object Copy (ms): Min: 146.0, Avg: 146.2, Max: 146.2, Diff: 0.2, Sum: 584.7]
      [Termination (ms): Min: 0.0, Avg: 0.0, Max: 0.0, Diff: 0.0, Sum: 0.0]
         [Termination Attempts: Min: 24, Avg: 42.8, Max: 53, Diff: 29, Sum: 171]
      [GC Worker Other (ms): Min: 0.0, Avg: 0.0, Max: 0.0, Diff: 0.0, Sum: 0.1]
      [GC Worker Total (ms): Min: 170.6, Avg: 170.7, Max: 170.7, Diff: 0.1, Sum: 682.7]
      [GC Worker End (ms): Min: 88755.8, Avg: 88755.8, Max: 88755.8, Diff: 0.0]
   [Code Root Fixup: 0.0 ms]
   [Code Root Purge: 0.0 ms]
   [Clear CT: 0.1 ms]
   [Other: 0.6 ms]
      [Choose CSet: 0.0 ms]
      [Ref Proc: 0.0 ms]
      [Ref Enq: 0.0 ms]
      [Redirty Cards: 0.2 ms]
      [Humongous Register: 0.0 ms]
      [Humongous Reclaim: 0.0 ms]
      [Free CSet: 0.1 ms]
   [Eden: 199.0M(199.0M)->0.0B(207.0M) Survivors: 45.0M->31.0M Heap: 1494.6M(2048.0M)->1368.2M(2048.0M)]
 [Times: user=0.64 sys=0.00, real=0.17 secs] 
88.756: [GC concurrent-root-region-scan-start]
88.817: [GC concurrent-root-region-scan-end, 0.0604410 secs]
88.817: [GC concurrent-mark-start]
88.984: [GC pause (G1 Evacuation Pause) (young), 0.1889468 secs]
   [Parallel Time: 188.4 ms, GC Workers: 4]
      [GC Worker Start (ms): Min: 88984.0, Avg: 88984.0, Max: 88984.0, Diff: 0.1]
      [Ext Root Scanning (ms): Min: 0.2, Avg: 0.2, Max: 0.2, Diff: 0.1, Sum: 0.8]
      [Update RS (ms): Min: 31.2, Avg: 31.4, Max: 31.4, Diff: 0.2, Sum: 125.4]
         [Processed Buffers: Min: 56, Avg: 57.3, Max: 59, Diff: 3, Sum: 229]
      [Scan RS (ms): Min: 7.7, Avg: 7.9, Max: 8.1, Diff: 0.4, Sum: 31.4]
      [Code Root Scanning (ms): Min: 0.0, Avg: 0.0, Max: 0.0, Diff: 0.0, Sum: 0.0]
      [Object Copy (ms): Min: 145.1, Avg: 146.1, Max: 148.9, Diff: 3.8, Sum: 584.3]
      [Termination (ms): Min: 0.0, Avg: 2.8, Max: 3.8, Diff: 3.8, Sum: 11.3]
         [Termination Attempts: Min: 1, Avg: 7.3, Max: 14, Diff: 13, Sum: 29]
      [GC Worker Other (ms): Min: 0.0, Avg: 0.0, Max: 0.0, Diff: 0.0, Sum: 0.0]
      [GC Worker Total (ms): Min: 188.3, Avg: 188.3, Max: 188.4, Diff: 0.1, Sum: 753.3]
      [GC Worker End (ms): Min: 89172.3, Avg: 89172.3, Max: 89172.3, Diff: 0.0]
   [Code Root Fixup: 0.0 ms]
   [Code Root Purge: 0.0 ms]
   [Clear CT: 0.0 ms]
   [Other: 0.5 ms]
      [Choose CSet: 0.0 ms]
      [Ref Proc: 0.0 ms]
      [Ref Enq: 0.0 ms]
      [Redirty Cards: 0.1 ms]
      [Humongous Register: 0.0 ms]
      [Humongous Reclaim: 0.0 ms]
      [Free CSet: 0.2 ms]
   [Eden: 196.0M(196.0M)->0.0B(154.0M) Survivors: 31.0M->29.0M Heap: 1564.2M(2048.0M)->1439.3M(2048.0M)]
 [Times: user=0.75 sys=0.00, real=0.19 secs] 
89.345: [GC pause (G1 Evacuation Pause) (young), 0.1301803 secs]
   [Parallel Time: 129.6 ms, GC Workers: 4]
      [GC Worker Start (ms): Min: 89344.7, Avg: 89344.7, Max: 89344.8, Diff: 0.0]
      [Ext Root Scanning (ms): Min: 0.2, Avg: 0.2, Max: 0.2, Diff: 0.0, Sum: 0.8]
      [Update RS (ms): Min: 15.7, Avg: 15.8, Max: 16.0, Diff: 0.2, Sum: 63.4]
         [Processed Buffers: Min: 29, Avg: 29.5, Max: 30, Diff: 1, Sum: 118]
      [Scan RS (ms): Min: 7.9, Avg: 8.0, Max: 8.2, Diff: 0.3, Sum: 32.1]
      [Code Root Scanning (ms): Min: 0.0, Avg: 0.0, Max: 0.0, Diff: 0.0, Sum: 0.0]
      [Object Copy (ms): Min: 105.4, Avg: 105.5, Max: 105.7, Diff: 0.4, Sum: 421.9]
      [Termination (ms): Min: 0.0, Avg: 0.0, Max: 0.0, Diff: 0.0, Sum: 0.0]
         [Termination Attempts: Min: 6, Avg: 6.3, Max: 7, Diff: 1, Sum: 25]
      [GC Worker Other (ms): Min: 0.0, Avg: 0.0, Max: 0.0, Diff: 0.0, Sum: 0.1]
      [GC Worker Total (ms): Min: 129.5, Avg: 129.6, Max: 129.6, Diff: 0.0, Sum: 518.2]
      [GC Worker End (ms): Min: 89474.3, Avg: 89474.3, Max: 89474.3, Diff: 0.0]
   [Code Root Fixup: 0.0 ms]
   [Code Root Purge: 0.0 ms]
   [Clear CT: 0.1 ms]
   [Other: 0.5 ms]
      [Choose CSet: 0.0 ms]
      [Ref Proc: 0.0 ms]
      [Ref Enq: 0.0 ms]
      [Redirty Cards: 0.2 ms]
      [Humongous Register: 0.0 ms]
      [Humongous Reclaim: 0.0 ms]
      [Free CSet: 0.1 ms]
   [Eden: 154.0M(154.0M)->0.0B(110.0M) Survivors: 29.0M->23.0M Heap: 1593.3M(2048.0M)->1498.2M(2048.0M)]
 [Times: user=0.50 sys=0.00, real=0.13 secs] 
89.606: [GC pause (G1 Evacuation Pause) (young), 0.1229855 secs]
   [Parallel Time: 122.5 ms, GC Workers: 4]
      [GC Worker Start (ms): Min: 89606.4, Avg: 89606.4, Max: 89606.4, Diff: 0.0]
      [Ext Root Scanning (ms): Min: 0.2, Avg: 0.2, Max: 0.2, Diff: 0.0, Sum: 0.8]
      [Update RS (ms): Min: 19.2, Avg: 19.5, Max: 19.7, Diff: 0.5, Sum: 77.9]
         [Processed Buffers: Min: 31, Avg: 32.3, Max: 33, Diff: 2, Sum: 129]
      [Scan RS (ms): Min: 4.4, Avg: 4.7, Max: 4.9, Diff: 0.5, Sum: 18.7]
      [Code Root Scanning (ms): Min: 0.0, Avg: 0.0, Max: 0.0, Diff: 0.0, Sum: 0.0]
      [Object Copy (ms): Min: 98.1, Avg: 98.1, Max: 98.1, Diff: 0.0, Sum: 392.5]
      [Termination (ms): Min: 0.0, Avg: 0.0, Max: 0.0, Diff: 0.0, Sum: 0.0]
         [Termination Attempts: Min: 5, Avg: 10.0, Max: 14, Diff: 9, Sum: 40]
      [GC Worker Other (ms): Min: 0.0, Avg: 0.0, Max: 0.0, Diff: 0.0, Sum: 0.1]
      [GC Worker Total (ms): Min: 122.5, Avg: 122.5, Max: 122.5, Diff: 0.0, Sum: 490.0]
      [GC Worker End (ms): Min: 89728.9, Avg: 89728.9, Max: 89728.9, Diff: 0.0]
   [Code Root Fixup: 0.0 ms]
   [Code Root Purge: 0.0 ms]
   [Clear CT: 0.0 ms]
   [Other: 0.4 ms]
      [Choose CSet: 0.0 ms]
      [Ref Proc: 0.0 ms]
      [Ref Enq: 0.0 ms]
      [Redirty Cards: 0.1 ms]
      [Humongous Register: 0.0 ms]
      [Humongous Reclaim: 0.0 ms]
      [Free CSet: 0.1 ms]
   [Eden: 110.0M(110.0M)->0.0B(85.0M) Survivors: 23.0M->17.0M Heap: 1608.2M(2048.0M)->1537.4M(2048.0M)]
 [Times: user=0.50 sys=0.00, real=0.12 secs] 
90.686: [GC concurrent-mark-end, 1.8693768 secs]
90.686: [GC remark 90.687: [Finalize Marking, 0.0000882 secs] 90.687: [GC ref-proc, 0.0000767 secs] 90.687: [Unloading, 0.0012348 secs], 0.0040811 secs]
 [Times: user=0.00 sys=0.00, real=0.00 secs] 
90.691: [GC cleanup 1613M->1486M(2048M), 0.0018308 secs]
 [Times: user=0.00 sys=0.00, real=0.00 secs] 
90.693: [GC concurrent-cleanup-start]
90.693: [GC concurrent-cleanup-end, 0.0000914 secs]
Heap
 garbage-first heap   total 2097152K, used 1522211K [0x0000000080000000, 0x0000000080104000, 0x0000000100000000)
  region size 1024K, 94 young (96256K), 17 survivors (17408K)
 Metaspace       used 9383K, capacity 9734K, committed 9984K, reserved 1058816K
  class space    used 1094K, capacity 1172K, committed 1280K, reserved 1048576K
