Java HotSpot(TM) 64-Bit Server VM (25.101-b13) for windows-amd64 JRE (1.8.0_101-b13), built on Jun 22 2016 01:21:29 by "java_re" with MS VC++ 10.0 (VS2010)
Memory: 4k page, physical 16664920k(10353308k free), swap 18872148k(10381976k free)
CommandLine flags: -XX:InitialHeapSize=266638720 -XX:MaxHeapSize=2147483648 -XX:+PrintGC -XX:+PrintGCDetails -XX:+PrintGCTimeStamps -XX:+UseCompressedClassPointers -XX:+UseCompressedOops -XX:+UseG1GC -XX:-UseLargePagesIndividualAllocation 
10.140: [GC pause (G1 Evacuation Pause) (young), 0.0068914 secs]
   [Parallel Time: 5.8 ms, GC Workers: 4]
      [GC Worker Start (ms): Min: 10140.3, Avg: 10140.3, Max: 10140.3, Diff: 0.0]
      [Ext Root Scanning (ms): Min: 0.6, Avg: 0.8, Max: 1.0, Diff: 0.4, Sum: 3.1]
      [Update RS (ms): Min: 0.0, Avg: 0.0, Max: 0.0, Diff: 0.0, Sum: 0.0]
         [Processed Buffers: Min: 0, Avg: 0.0, Max: 0, Diff: 0, Sum: 0]
      [Scan RS (ms): Min: 0.0, Avg: 0.0, Max: 0.0, Diff: 0.0, Sum: 0.0]
      [Code Root Scanning (ms): Min: 0.0, Avg: 0.1, Max: 0.2, Diff: 0.2, Sum: 0.3]
      [Object Copy (ms): Min: 4.7, Avg: 4.9, Max: 5.1, Diff: 0.4, Sum: 19.5]
      [Termination (ms): Min: 0.0, Avg: 0.0, Max: 0.0, Diff: 0.0, Sum: 0.0]
         [Termination Attempts: Min: 3, Avg: 6.8, Max: 11, Diff: 8, Sum: 27]
      [GC Worker Other (ms): Min: 0.0, Avg: 0.0, Max: 0.0, Diff: 0.0, Sum: 0.1]
      [GC Worker Total (ms): Min: 5.7, Avg: 5.7, Max: 5.8, Diff: 0.0, Sum: 23.0]
      [GC Worker End (ms): Min: 10146.0, Avg: 10146.0, Max: 10146.0, Diff: 0.0]
   [Code Root Fixup: 0.1 ms]
   [Code Root Purge: 0.0 ms]
   [Clear CT: 0.1 ms]
   [Other: 0.9 ms]
      [Choose CSet: 0.0 ms]
      [Ref Proc: 0.3 ms]
      [Ref Enq: 0.0 ms]
      [Redirty Cards: 0.1 ms]
      [Humongous Register: 0.0 ms]
      [Humongous Reclaim: 0.0 ms]
      [Free CSet: 0.0 ms]
   [Eden: 14.0M(14.0M)->0.0B(15.0M) Survivors: 0.0B->2048.0K Heap: 14.0M(256.0M)->3464.0K(256.0M)]
 [Times: user=0.00 sys=0.00, real=0.01 secs] 
10.163: [GC pause (G1 Evacuation Pause) (young), 0.0149323 secs]
   [Parallel Time: 14.6 ms, GC Workers: 4]
      [GC Worker Start (ms): Min: 10163.3, Avg: 10163.3, Max: 10163.3, Diff: 0.0]
      [Ext Root Scanning (ms): Min: 0.2, Avg: 0.3, Max: 0.6, Diff: 0.4, Sum: 1.2]
      [Update RS (ms): Min: 0.0, Avg: 0.2, Max: 0.5, Diff: 0.5, Sum: 0.9]
         [Processed Buffers: Min: 0, Avg: 1.8, Max: 5, Diff: 5, Sum: 7]
      [Scan RS (ms): Min: 0.3, Avg: 0.5, Max: 0.7, Diff: 0.4, Sum: 1.9]
      [Code Root Scanning (ms): Min: 0.0, Avg: 0.1, Max: 0.3, Diff: 0.3, Sum: 0.3]
      [Object Copy (ms): Min: 13.1, Avg: 13.5, Max: 13.6, Diff: 0.4, Sum: 53.9]
      [Termination (ms): Min: 0.0, Avg: 0.0, Max: 0.0, Diff: 0.0, Sum: 0.0]
         [Termination Attempts: Min: 3, Avg: 6.0, Max: 9, Diff: 6, Sum: 24]
      [GC Worker Other (ms): Min: 0.0, Avg: 0.0, Max: 0.0, Diff: 0.0, Sum: 0.0]
      [GC Worker Total (ms): Min: 14.6, Avg: 14.6, Max: 14.6, Diff: 0.0, Sum: 58.2]
      [GC Worker End (ms): Min: 10177.8, Avg: 10177.8, Max: 10177.8, Diff: 0.0]
   [Code Root Fixup: 0.1 ms]
   [Code Root Purge: 0.0 ms]
   [Clear CT: 0.0 ms]
   [Other: 0.2 ms]
      [Choose CSet: 0.0 ms]
      [Ref Proc: 0.1 ms]
      [Ref Enq: 0.0 ms]
      [Redirty Cards: 0.1 ms]
      [Humongous Register: 0.0 ms]
      [Humongous Reclaim: 0.0 ms]
      [Free CSet: 0.0 ms]
   [Eden: 15.0M(15.0M)->0.0B(17.0M) Survivors: 2048.0K->3072.0K Heap: 18.4M(256.0M)->10154.0K(256.0M)]
 [Times: user=0.06 sys=0.00, real=0.01 secs] 
10.197: [GC pause (G1 Evacuation Pause) (young), 0.0046356 secs]
   [Parallel Time: 4.5 ms, GC Workers: 4]
      [GC Worker Start (ms): Min: 10197.4, Avg: 10197.4, Max: 10197.4, Diff: 0.0]
      [Ext Root Scanning (ms): Min: 0.2, Avg: 0.2, Max: 0.2, Diff: 0.0, Sum: 0.8]
      [Update RS (ms): Min: 0.2, Avg: 0.4, Max: 0.4, Diff: 0.2, Sum: 1.4]
         [Processed Buffers: Min: 1, Avg: 2.0, Max: 5, Diff: 4, Sum: 8]
      [Scan RS (ms): Min: 0.0, Avg: 0.0, Max: 0.0, Diff: 0.0, Sum: 0.0]
      [Code Root Scanning (ms): Min: 0.0, Avg: 0.0, Max: 0.0, Diff: 0.0, Sum: 0.0]
      [Object Copy (ms): Min: 3.8, Avg: 3.9, Max: 4.0, Diff: 0.2, Sum: 15.4]
      [Termination (ms): Min: 0.0, Avg: 0.0, Max: 0.0, Diff: 0.0, Sum: 0.0]
         [Termination Attempts: Min: 33, Avg: 37.5, Max: 45, Diff: 12, Sum: 150]
      [GC Worker Other (ms): Min: 0.0, Avg: 0.0, Max: 0.0, Diff: 0.0, Sum: 0.0]
      [GC Worker Total (ms): Min: 4.4, Avg: 4.4, Max: 4.4, Diff: 0.0, Sum: 17.8]
      [GC Worker End (ms): Min: 10201.9, Avg: 10201.9, Max: 10201.9, Diff: 0.0]
   [Code Root Fixup: 0.0 ms]
   [Code Root Purge: 0.0 ms]
   [Clear CT: 0.0 ms]
   [Other: 0.2 ms]
      [Choose CSet: 0.0 ms]
      [Ref Proc: 0.0 ms]
      [Ref Enq: 0.0 ms]
      [Redirty Cards: 0.0 ms]
      [Humongous Register: 0.0 ms]
      [Humongous Reclaim: 0.0 ms]
      [Free CSet: 0.0 ms]
   [Eden: 17.0M(17.0M)->0.0B(34.0M) Survivors: 3072.0K->3072.0K Heap: 26.9M(256.0M)->15.5M(256.0M)]
 [Times: user=0.06 sys=0.00, real=0.01 secs] 
10.240: [GC pause (G1 Evacuation Pause) (young), 0.0079486 secs]
   [Parallel Time: 7.7 ms, GC Workers: 4]
      [GC Worker Start (ms): Min: 10239.7, Avg: 10239.7, Max: 10239.7, Diff: 0.0]
      [Ext Root Scanning (ms): Min: 0.2, Avg: 0.2, Max: 0.2, Diff: 0.0, Sum: 0.8]
      [Update RS (ms): Min: 0.6, Avg: 0.7, Max: 0.9, Diff: 0.3, Sum: 2.8]
         [Processed Buffers: Min: 2, Avg: 2.3, Max: 3, Diff: 1, Sum: 9]
      [Scan RS (ms): Min: 0.0, Avg: 0.0, Max: 0.1, Diff: 0.1, Sum: 0.1]
      [Code Root Scanning (ms): Min: 0.0, Avg: 0.0, Max: 0.0, Diff: 0.0, Sum: 0.0]
      [Object Copy (ms): Min: 6.7, Avg: 6.8, Max: 6.9, Diff: 0.2, Sum: 27.1]
      [Termination (ms): Min: 0.0, Avg: 0.0, Max: 0.0, Diff: 0.0, Sum: 0.0]
         [Termination Attempts: Min: 1, Avg: 2.0, Max: 3, Diff: 2, Sum: 8]
      [GC Worker Other (ms): Min: 0.0, Avg: 0.0, Max: 0.0, Diff: 0.0, Sum: 0.0]
      [GC Worker Total (ms): Min: 7.7, Avg: 7.7, Max: 7.7, Diff: 0.0, Sum: 30.9]
      [GC Worker End (ms): Min: 10247.4, Avg: 10247.4, Max: 10247.4, Diff: 0.0]
   [Code Root Fixup: 0.0 ms]
   [Code Root Purge: 0.0 ms]
   [Clear CT: 0.0 ms]
   [Other: 0.2 ms]
      [Choose CSet: 0.0 ms]
      [Ref Proc: 0.0 ms]
      [Ref Enq: 0.0 ms]
      [Redirty Cards: 0.0 ms]
      [Humongous Register: 0.0 ms]
      [Humongous Reclaim: 0.0 ms]
      [Free CSet: 0.0 ms]
   [Eden: 34.0M(34.0M)->0.0B(39.0M) Survivors: 3072.0K->5120.0K Heap: 49.5M(256.0M)->29.6M(256.0M)]
 [Times: user=0.06 sys=0.00, real=0.01 secs] 
10.291: [GC pause (G1 Evacuation Pause) (young), 0.0231048 secs]
   [Parallel Time: 22.9 ms, GC Workers: 4]
      [GC Worker Start (ms): Min: 10291.4, Avg: 10291.4, Max: 10291.4, Diff: 0.0]
      [Ext Root Scanning (ms): Min: 0.2, Avg: 0.2, Max: 0.2, Diff: 0.0, Sum: 0.8]
      [Update RS (ms): Min: 0.6, Avg: 0.8, Max: 1.0, Diff: 0.4, Sum: 3.1]
         [Processed Buffers: Min: 2, Avg: 2.8, Max: 5, Diff: 3, Sum: 11]
      [Scan RS (ms): Min: 0.0, Avg: 0.0, Max: 0.0, Diff: 0.0, Sum: 0.0]
      [Code Root Scanning (ms): Min: 0.0, Avg: 0.0, Max: 0.0, Diff: 0.0, Sum: 0.0]
      [Object Copy (ms): Min: 21.7, Avg: 21.9, Max: 22.0, Diff: 0.3, Sum: 87.4]
      [Termination (ms): Min: 0.0, Avg: 0.0, Max: 0.0, Diff: 0.0, Sum: 0.0]
         [Termination Attempts: Min: 15, Avg: 20.0, Max: 26, Diff: 11, Sum: 80]
      [GC Worker Other (ms): Min: 0.0, Avg: 0.0, Max: 0.0, Diff: 0.0, Sum: 0.0]
      [GC Worker Total (ms): Min: 22.9, Avg: 22.9, Max: 22.9, Diff: 0.0, Sum: 91.4]
      [GC Worker End (ms): Min: 10314.3, Avg: 10314.3, Max: 10314.3, Diff: 0.0]
   [Code Root Fixup: 0.0 ms]
   [Code Root Purge: 0.0 ms]
   [Clear CT: 0.0 ms]
   [Other: 0.2 ms]
      [Choose CSet: 0.0 ms]
      [Ref Proc: 0.0 ms]
      [Ref Enq: 0.0 ms]
      [Redirty Cards: 0.0 ms]
      [Humongous Register: 0.0 ms]
      [Humongous Reclaim: 0.0 ms]
      [Free CSet: 0.0 ms]
   [Eden: 39.0M(39.0M)->0.0B(147.0M) Survivors: 5120.0K->6144.0K Heap: 68.6M(256.0M)->44.6M(256.0M)]
 [Times: user=0.06 sys=0.05, real=0.02 secs] 
10.424: [GC pause (G1 Evacuation Pause) (young), 0.0625085 secs]
   [Parallel Time: 62.2 ms, GC Workers: 4]
      [GC Worker Start (ms): Min: 10424.6, Avg: 10424.6, Max: 10424.6, Diff: 0.1]
      [Ext Root Scanning (ms): Min: 0.2, Avg: 0.2, Max: 0.2, Diff: 0.1, Sum: 0.8]
      [Update RS (ms): Min: 0.8, Avg: 1.0, Max: 1.2, Diff: 0.4, Sum: 4.1]
         [Processed Buffers: Min: 2, Avg: 2.8, Max: 5, Diff: 3, Sum: 11]
      [Scan RS (ms): Min: 4.5, Avg: 4.7, Max: 4.9, Diff: 0.4, Sum: 18.7]
      [Code Root Scanning (ms): Min: 0.0, Avg: 0.0, Max: 0.0, Diff: 0.0, Sum: 0.0]
      [Object Copy (ms): Min: 56.1, Avg: 56.2, Max: 56.2, Diff: 0.1, Sum: 224.6]
      [Termination (ms): Min: 0.0, Avg: 0.0, Max: 0.0, Diff: 0.0, Sum: 0.0]
         [Termination Attempts: Min: 6, Avg: 13.0, Max: 17, Diff: 11, Sum: 52]
      [GC Worker Other (ms): Min: 0.0, Avg: 0.0, Max: 0.0, Diff: 0.0, Sum: 0.1]
      [GC Worker Total (ms): Min: 62.1, Avg: 62.1, Max: 62.1, Diff: 0.1, Sum: 248.3]
      [GC Worker End (ms): Min: 10486.7, Avg: 10486.7, Max: 10486.7, Diff: 0.0]
   [Code Root Fixup: 0.0 ms]
   [Code Root Purge: 0.0 ms]
   [Clear CT: 0.0 ms]
   [Other: 0.3 ms]
      [Choose CSet: 0.0 ms]
      [Ref Proc: 0.1 ms]
      [Ref Enq: 0.0 ms]
      [Redirty Cards: 0.1 ms]
      [Humongous Register: 0.0 ms]
      [Humongous Reclaim: 0.0 ms]
      [Free CSet: 0.1 ms]
   [Eden: 107.0M(6144.0K)->0.0B(55.0M) Survivors: 6144.0K->2048.0K Heap: 151.6M(256.0M)->81.7M(256.0M)]
 [Times: user=0.25 sys=0.00, real=0.06 secs] 
10.564: [GC pause (G1 Evacuation Pause) (young), 0.0309083 secs]
   [Parallel Time: 30.6 ms, GC Workers: 4]
      [GC Worker Start (ms): Min: 10563.6, Avg: 10563.6, Max: 10563.6, Diff: 0.0]
      [Ext Root Scanning (ms): Min: 0.2, Avg: 0.2, Max: 0.2, Diff: 0.0, Sum: 0.8]
      [Update RS (ms): Min: 0.9, Avg: 1.0, Max: 1.1, Diff: 0.2, Sum: 3.8]
         [Processed Buffers: Min: 2, Avg: 3.0, Max: 5, Diff: 3, Sum: 12]
      [Scan RS (ms): Min: 3.5, Avg: 3.6, Max: 3.6, Diff: 0.2, Sum: 14.3]
      [Code Root Scanning (ms): Min: 0.0, Avg: 0.0, Max: 0.0, Diff: 0.0, Sum: 0.0]
      [Object Copy (ms): Min: 25.9, Avg: 25.9, Max: 25.9, Diff: 0.0, Sum: 103.5]
      [Termination (ms): Min: 0.0, Avg: 0.0, Max: 0.0, Diff: 0.0, Sum: 0.0]
         [Termination Attempts: Min: 26, Avg: 29.8, Max: 33, Diff: 7, Sum: 119]
      [GC Worker Other (ms): Min: 0.0, Avg: 0.0, Max: 0.0, Diff: 0.0, Sum: 0.1]
      [GC Worker Total (ms): Min: 30.6, Avg: 30.6, Max: 30.6, Diff: 0.0, Sum: 122.5]
      [GC Worker End (ms): Min: 10594.2, Avg: 10594.2, Max: 10594.2, Diff: 0.0]
   [Code Root Fixup: 0.0 ms]
   [Code Root Purge: 0.0 ms]
   [Clear CT: 0.0 ms]
   [Other: 0.2 ms]
      [Choose CSet: 0.0 ms]
      [Ref Proc: 0.0 ms]
      [Ref Enq: 0.0 ms]
      [Redirty Cards: 0.1 ms]
      [Humongous Register: 0.0 ms]
      [Humongous Reclaim: 0.0 ms]
      [Free CSet: 0.0 ms]
   [Eden: 55.0M(55.0M)->0.0B(44.0M) Survivors: 2048.0K->8192.0K Heap: 136.7M(256.0M)->101.6M(256.0M)]
 [Times: user=0.11 sys=0.00, real=0.03 secs] 
10.654: [GC pause (G1 Evacuation Pause) (young), 0.0425877 secs]
   [Parallel Time: 42.3 ms, GC Workers: 4]
      [GC Worker Start (ms): Min: 10653.6, Avg: 10653.6, Max: 10653.6, Diff: 0.0]
      [Ext Root Scanning (ms): Min: 0.2, Avg: 0.2, Max: 0.2, Diff: 0.0, Sum: 0.8]
      [Update RS (ms): Min: 1.9, Avg: 1.9, Max: 2.2, Diff: 0.3, Sum: 7.8]
         [Processed Buffers: Min: 3, Avg: 4.5, Max: 8, Diff: 5, Sum: 18]
      [Scan RS (ms): Min: 8.4, Avg: 8.6, Max: 8.7, Diff: 0.3, Sum: 34.3]
      [Code Root Scanning (ms): Min: 0.0, Avg: 0.0, Max: 0.0, Diff: 0.0, Sum: 0.0]
      [Object Copy (ms): Min: 31.5, Avg: 31.5, Max: 31.6, Diff: 0.0, Sum: 126.1]
      [Termination (ms): Min: 0.0, Avg: 0.0, Max: 0.0, Diff: 0.0, Sum: 0.0]
         [Termination Attempts: Min: 22, Avg: 29.3, Max: 35, Diff: 13, Sum: 117]
      [GC Worker Other (ms): Min: 0.0, Avg: 0.0, Max: 0.0, Diff: 0.0, Sum: 0.0]
      [GC Worker Total (ms): Min: 42.3, Avg: 42.3, Max: 42.3, Diff: 0.0, Sum: 169.1]
      [GC Worker End (ms): Min: 10695.8, Avg: 10695.8, Max: 10695.8, Diff: 0.0]
   [Code Root Fixup: 0.0 ms]
   [Code Root Purge: 0.0 ms]
   [Clear CT: 0.0 ms]
   [Other: 0.3 ms]
      [Choose CSet: 0.0 ms]
      [Ref Proc: 0.0 ms]
      [Ref Enq: 0.0 ms]
      [Redirty Cards: 0.1 ms]
      [Humongous Register: 0.0 ms]
      [Humongous Reclaim: 0.0 ms]
      [Free CSet: 0.1 ms]
   [Eden: 44.0M(44.0M)->0.0B(5120.0K) Survivors: 8192.0K->7168.0K Heap: 145.6M(256.0M)->117.7M(256.0M)]
 [Times: user=0.14 sys=0.03, real=0.04 secs] 
10.728: [GC pause (G1 Evacuation Pause) (young), 0.0067724 secs]
   [Parallel Time: 6.6 ms, GC Workers: 4]
      [GC Worker Start (ms): Min: 10728.0, Avg: 10728.0, Max: 10728.0, Diff: 0.0]
      [Ext Root Scanning (ms): Min: 0.2, Avg: 0.2, Max: 0.2, Diff: 0.0, Sum: 0.8]
      [Update RS (ms): Min: 1.2, Avg: 1.4, Max: 1.6, Diff: 0.4, Sum: 5.6]
         [Processed Buffers: Min: 3, Avg: 3.5, Max: 5, Diff: 2, Sum: 14]
      [Scan RS (ms): Min: 0.0, Avg: 0.0, Max: 0.0, Diff: 0.0, Sum: 0.0]
      [Code Root Scanning (ms): Min: 0.0, Avg: 0.0, Max: 0.0, Diff: 0.0, Sum: 0.0]
      [Object Copy (ms): Min: 4.8, Avg: 5.0, Max: 5.2, Diff: 0.4, Sum: 19.9]
      [Termination (ms): Min: 0.0, Avg: 0.0, Max: 0.0, Diff: 0.0, Sum: 0.0]
         [Termination Attempts: Min: 12, Avg: 21.3, Max: 30, Diff: 18, Sum: 85]
      [GC Worker Other (ms): Min: 0.0, Avg: 0.0, Max: 0.0, Diff: 0.0, Sum: 0.0]
      [GC Worker Total (ms): Min: 6.6, Avg: 6.6, Max: 6.6, Diff: 0.0, Sum: 26.4]
      [GC Worker End (ms): Min: 10734.6, Avg: 10734.6, Max: 10734.6, Diff: 0.0]
   [Code Root Fixup: 0.0 ms]
   [Code Root Purge: 0.0 ms]
   [Clear CT: 0.0 ms]
   [Other: 0.1 ms]
      [Choose CSet: 0.0 ms]
      [Ref Proc: 0.0 ms]
      [Ref Enq: 0.0 ms]
      [Redirty Cards: 0.0 ms]
      [Humongous Register: 0.0 ms]
      [Humongous Reclaim: 0.0 ms]
      [Free CSet: 0.0 ms]
   [Eden: 5120.0K(5120.0K)->0.0B(75.0M) Survivors: 7168.0K->2048.0K Heap: 122.7M(256.0M)->119.6M(256.0M)]
 [Times: user=0.06 sys=0.00, real=0.01 secs] 
10.803: [GC pause (G1 Evacuation Pause) (young) (initial-mark), 0.0422776 secs]
   [Parallel Time: 42.0 ms, GC Workers: 4]
      [GC Worker Start (ms): Min: 10803.0, Avg: 10803.1, Max: 10803.3, Diff: 0.3]
      [Ext Root Scanning (ms): Min: 0.0, Avg: 0.4, Max: 0.8, Diff: 0.8, Sum: 1.4]
      [Update RS (ms): Min: 1.2, Avg: 1.5, Max: 1.7, Diff: 0.5, Sum: 6.1]
         [Processed Buffers: Min: 2, Avg: 3.5, Max: 6, Diff: 4, Sum: 14]
      [Scan RS (ms): Min: 0.0, Avg: 0.0, Max: 0.0, Diff: 0.0, Sum: 0.0]
      [Code Root Scanning (ms): Min: 0.0, Avg: 0.0, Max: 0.0, Diff: 0.0, Sum: 0.0]
      [Object Copy (ms): Min: 39.9, Avg: 40.0, Max: 40.0, Diff: 0.1, Sum: 160.0]
      [Termination (ms): Min: 0.0, Avg: 0.0, Max: 0.0, Diff: 0.0, Sum: 0.0]
         [Termination Attempts: Min: 8, Avg: 9.8, Max: 12, Diff: 4, Sum: 39]
      [GC Worker Other (ms): Min: 0.0, Avg: 0.0, Max: 0.0, Diff: 0.0, Sum: 0.1]
      [GC Worker Total (ms): Min: 41.7, Avg: 41.9, Max: 42.0, Diff: 0.3, Sum: 167.7]
      [GC Worker End (ms): Min: 10845.0, Avg: 10845.0, Max: 10845.0, Diff: 0.0]
   [Code Root Fixup: 0.0 ms]
   [Code Root Purge: 0.0 ms]
   [Clear CT: 0.0 ms]
   [Other: 0.2 ms]
      [Choose CSet: 0.0 ms]
      [Ref Proc: 0.0 ms]
      [Ref Enq: 0.0 ms]
      [Redirty Cards: 0.0 ms]
      [Humongous Register: 0.0 ms]
      [Humongous Reclaim: 0.0 ms]
      [Free CSet: 0.0 ms]
   [Eden: 75.0M(75.0M)->0.0B(61.0M) Survivors: 2048.0K->10.0M Heap: 194.6M(256.0M)->147.3M(256.0M)]
 [Times: user=0.13 sys=0.06, real=0.04 secs] 
10.845: [GC concurrent-root-region-scan-start]
10.868: [GC concurrent-root-region-scan-end, 0.0229964 secs]
10.868: [GC concurrent-mark-start]
10.914: [GC pause (G1 Evacuation Pause) (young), 0.0548778 secs]
   [Parallel Time: 54.6 ms, GC Workers: 4]
      [GC Worker Start (ms): Min: 10914.4, Avg: 10914.4, Max: 10914.4, Diff: 0.0]
      [Ext Root Scanning (ms): Min: 0.2, Avg: 0.2, Max: 0.2, Diff: 0.0, Sum: 0.8]
      [Update RS (ms): Min: 1.8, Avg: 2.0, Max: 2.1, Diff: 0.2, Sum: 7.9]
         [Processed Buffers: Min: 3, Avg: 3.5, Max: 4, Diff: 1, Sum: 14]
      [Scan RS (ms): Min: 8.4, Avg: 8.7, Max: 8.9, Diff: 0.5, Sum: 34.9]
      [Code Root Scanning (ms): Min: 0.0, Avg: 0.0, Max: 0.0, Diff: 0.0, Sum: 0.0]
      [Object Copy (ms): Min: 43.6, Avg: 43.7, Max: 43.8, Diff: 0.2, Sum: 174.7]
      [Termination (ms): Min: 0.0, Avg: 0.0, Max: 0.0, Diff: 0.0, Sum: 0.0]
         [Termination Attempts: Min: 14, Avg: 19.3, Max: 23, Diff: 9, Sum: 77]
      [GC Worker Other (ms): Min: 0.0, Avg: 0.0, Max: 0.0, Diff: 0.0, Sum: 0.0]
      [GC Worker Total (ms): Min: 54.6, Avg: 54.6, Max: 54.6, Diff: 0.0, Sum: 218.3]
      [GC Worker End (ms): Min: 10969.0, Avg: 10969.0, Max: 10969.0, Diff: 0.0]
   [Code Root Fixup: 0.0 ms]
   [Code Root Purge: 0.0 ms]
   [Clear CT: 0.0 ms]
   [Other: 0.2 ms]
      [Choose CSet: 0.0 ms]
      [Ref Proc: 0.0 ms]
      [Ref Enq: 0.0 ms]
      [Redirty Cards: 0.1 ms]
      [Humongous Register: 0.0 ms]
      [Humongous Reclaim: 0.0 ms]
      [Free CSet: 0.1 ms]
   [Eden: 61.0M(61.0M)->0.0B(43.0M) Survivors: 10.0M->9216.0K Heap: 208.3M(256.0M)->170.1M(256.0M)]
 [Times: user=0.25 sys=0.00, real=0.06 secs] 
11.035: [GC pause (G1 Evacuation Pause) (young), 0.0287097 secs]
   [Parallel Time: 25.2 ms, GC Workers: 4]
      [GC Worker Start (ms): Min: 11035.2, Avg: 11035.2, Max: 11035.2, Diff: 0.0]
      [Ext Root Scanning (ms): Min: 0.2, Avg: 0.2, Max: 0.2, Diff: 0.0, Sum: 0.7]
      [Update RS (ms): Min: 1.9, Avg: 1.9, Max: 2.0, Diff: 0.1, Sum: 7.7]
         [Processed Buffers: Min: 3, Avg: 4.0, Max: 5, Diff: 2, Sum: 16]
      [Scan RS (ms): Min: 0.0, Avg: 0.0, Max: 0.0, Diff: 0.0, Sum: 0.1]
      [Code Root Scanning (ms): Min: 0.0, Avg: 0.0, Max: 0.0, Diff: 0.0, Sum: 0.0]
      [Object Copy (ms): Min: 23.0, Avg: 23.1, Max: 23.1, Diff: 0.1, Sum: 92.3]
      [Termination (ms): Min: 0.0, Avg: 0.0, Max: 0.0, Diff: 0.0, Sum: 0.0]
         [Termination Attempts: Min: 1, Avg: 3.0, Max: 5, Diff: 4, Sum: 12]
      [GC Worker Other (ms): Min: 0.0, Avg: 0.0, Max: 0.0, Diff: 0.0, Sum: 0.0]
      [GC Worker Total (ms): Min: 25.2, Avg: 25.2, Max: 25.2, Diff: 0.0, Sum: 100.8]
      [GC Worker End (ms): Min: 11060.4, Avg: 11060.4, Max: 11060.4, Diff: 0.0]
   [Code Root Fixup: 0.0 ms]
   [Code Root Purge: 0.0 ms]
   [Clear CT: 0.0 ms]
   [Other: 3.5 ms]
      [Choose CSet: 0.0 ms]
      [Ref Proc: 0.0 ms]
      [Ref Enq: 0.0 ms]
      [Redirty Cards: 0.0 ms]
      [Humongous Register: 0.0 ms]
      [Humongous Reclaim: 0.0 ms]
      [Free CSet: 0.0 ms]
   [Eden: 43.0M(43.0M)->0.0B(105.0M) Survivors: 9216.0K->7168.0K Heap: 213.1M(256.0M)->186.9M(512.0M)]
 [Times: user=0.13 sys=0.00, real=0.03 secs] 
11.132: [GC concurrent-mark-end, 0.2638454 secs]
11.132: [GC remark 11.133: [Finalize Marking, 0.0000321 secs] 11.133: [GC ref-proc, 0.0000542 secs] 11.133: [Unloading, 0.0010655 secs], 0.0015216 secs]
 [Times: user=0.00 sys=0.00, real=0.00 secs] 
11.134: [GC cleanup 242M->242M(512M), 0.0003220 secs]
 [Times: user=0.00 sys=0.00, real=0.00 secs] 
11.188: [GC pause (G1 Evacuation Pause) (young), 0.0678354 secs]
   [Parallel Time: 63.8 ms, GC Workers: 4]
      [GC Worker Start (ms): Min: 11187.7, Avg: 11187.7, Max: 11187.7, Diff: 0.0]
      [Ext Root Scanning (ms): Min: 0.2, Avg: 0.2, Max: 0.2, Diff: 0.0, Sum: 0.8]
      [Update RS (ms): Min: 1.8, Avg: 1.9, Max: 2.0, Diff: 0.3, Sum: 7.5]
         [Processed Buffers: Min: 3, Avg: 4.3, Max: 5, Diff: 2, Sum: 17]
      [Scan RS (ms): Min: 2.8, Avg: 3.0, Max: 3.1, Diff: 0.2, Sum: 11.9]
      [Code Root Scanning (ms): Min: 0.0, Avg: 0.0, Max: 0.0, Diff: 0.0, Sum: 0.0]
      [Object Copy (ms): Min: 58.6, Avg: 58.7, Max: 58.7, Diff: 0.0, Sum: 234.6]
      [Termination (ms): Min: 0.0, Avg: 0.0, Max: 0.0, Diff: 0.0, Sum: 0.0]
         [Termination Attempts: Min: 4, Avg: 5.3, Max: 7, Diff: 3, Sum: 21]
      [GC Worker Other (ms): Min: 0.0, Avg: 0.0, Max: 0.0, Diff: 0.0, Sum: 0.0]
      [GC Worker Total (ms): Min: 63.7, Avg: 63.7, Max: 63.7, Diff: 0.0, Sum: 254.9]
      [GC Worker End (ms): Min: 11251.5, Avg: 11251.5, Max: 11251.5, Diff: 0.0]
   [Code Root Fixup: 0.0 ms]
   [Code Root Purge: 0.0 ms]
   [Clear CT: 0.0 ms]
   [Other: 4.0 ms]
      [Choose CSet: 0.0 ms]
      [Ref Proc: 0.0 ms]
      [Ref Enq: 0.0 ms]
      [Redirty Cards: 0.1 ms]
      [Humongous Register: 0.0 ms]
      [Humongous Reclaim: 0.0 ms]
      [Free CSet: 0.1 ms]
   [Eden: 105.0M(105.0M)->0.0B(143.0M) Survivors: 7168.0K->14.0M Heap: 291.9M(512.0M)->224.2M(820.0M)]
 [Times: user=0.25 sys=0.00, real=0.07 secs] 
11.325: [GC pause (G1 Evacuation Pause) (young), 0.0584037 secs]
   [Parallel Time: 55.1 ms, GC Workers: 4]
      [GC Worker Start (ms): Min: 11325.4, Avg: 11325.4, Max: 11325.4, Diff: 0.0]
      [Ext Root Scanning (ms): Min: 0.2, Avg: 0.2, Max: 0.2, Diff: 0.0, Sum: 0.8]
      [Update RS (ms): Min: 2.2, Avg: 2.3, Max: 2.4, Diff: 0.2, Sum: 9.2]
         [Processed Buffers: Min: 4, Avg: 4.5, Max: 6, Diff: 2, Sum: 18]
      [Scan RS (ms): Min: 12.2, Avg: 12.4, Max: 12.4, Diff: 0.2, Sum: 49.4]
      [Code Root Scanning (ms): Min: 0.0, Avg: 0.0, Max: 0.0, Diff: 0.0, Sum: 0.0]
      [Object Copy (ms): Min: 40.2, Avg: 40.2, Max: 40.2, Diff: 0.0, Sum: 160.7]
      [Termination (ms): Min: 0.0, Avg: 0.0, Max: 0.0, Diff: 0.0, Sum: 0.0]
         [Termination Attempts: Min: 3, Avg: 6.5, Max: 9, Diff: 6, Sum: 26]
      [GC Worker Other (ms): Min: 0.0, Avg: 0.0, Max: 0.0, Diff: 0.0, Sum: 0.1]
      [GC Worker Total (ms): Min: 55.0, Avg: 55.1, Max: 55.1, Diff: 0.0, Sum: 220.2]
      [GC Worker End (ms): Min: 11380.5, Avg: 11380.5, Max: 11380.5, Diff: 0.0]
   [Code Root Fixup: 0.0 ms]
   [Code Root Purge: 0.0 ms]
   [Clear CT: 0.0 ms]
   [Other: 3.3 ms]
      [Choose CSet: 0.0 ms]
      [Ref Proc: 0.0 ms]
      [Ref Enq: 0.0 ms]
      [Redirty Cards: 0.1 ms]
      [Humongous Register: 0.0 ms]
      [Humongous Reclaim: 0.0 ms]
      [Free CSet: 0.1 ms]
   [Eden: 45.0M(27.0M)->0.0B(223.0M) Survivors: 14.0M->6144.0K Heap: 269.2M(820.0M)->240.9M(1066.0M)]
 [Times: user=0.19 sys=0.00, real=0.06 secs] 
11.658: [GC pause (G1 Evacuation Pause) (young), 0.1130711 secs]
   [Parallel Time: 110.0 ms, GC Workers: 4]
      [GC Worker Start (ms): Min: 11658.4, Avg: 11658.5, Max: 11658.8, Diff: 0.4]
      [Ext Root Scanning (ms): Min: 0.0, Avg: 0.2, Max: 0.3, Diff: 0.3, Sum: 0.8]
      [Update RS (ms): Min: 2.2, Avg: 2.5, Max: 2.7, Diff: 0.5, Sum: 9.9]
         [Processed Buffers: Min: 4, Avg: 5.3, Max: 8, Diff: 4, Sum: 21]
      [Scan RS (ms): Min: 3.0, Avg: 3.2, Max: 3.4, Diff: 0.3, Sum: 12.8]
      [Code Root Scanning (ms): Min: 0.0, Avg: 0.0, Max: 0.0, Diff: 0.0, Sum: 0.0]
      [Object Copy (ms): Min: 103.9, Avg: 104.0, Max: 104.1, Diff: 0.2, Sum: 416.1]
      [Termination (ms): Min: 0.0, Avg: 0.0, Max: 0.0, Diff: 0.0, Sum: 0.0]
         [Termination Attempts: Min: 11, Avg: 12.0, Max: 15, Diff: 4, Sum: 48]
      [GC Worker Other (ms): Min: 0.0, Avg: 0.0, Max: 0.0, Diff: 0.0, Sum: 0.1]
      [GC Worker Total (ms): Min: 109.6, Avg: 109.9, Max: 110.0, Diff: 0.4, Sum: 439.6]
      [GC Worker End (ms): Min: 11768.4, Avg: 11768.4, Max: 11768.4, Diff: 0.0]
   [Code Root Fixup: 0.0 ms]
   [Code Root Purge: 0.0 ms]
   [Clear CT: 0.1 ms]
   [Other: 3.0 ms]
      [Choose CSet: 0.0 ms]
      [Ref Proc: 0.0 ms]
      [Ref Enq: 0.0 ms]
      [Redirty Cards: 0.1 ms]
      [Humongous Register: 0.0 ms]
      [Humongous Reclaim: 0.0 ms]
      [Free CSet: 0.1 ms]
   [Eden: 223.0M(223.0M)->0.0B(130.0M) Survivors: 6144.0K->29.0M Heap: 463.9M(1066.0M)->320.7M(1263.0M)]
 [Times: user=0.42 sys=0.00, real=0.11 secs] 
11.925: [GC pause (G1 Evacuation Pause) (young), 0.1256556 secs]
   [Parallel Time: 123.0 ms, GC Workers: 4]
      [GC Worker Start (ms): Min: 11925.6, Avg: 11925.6, Max: 11925.7, Diff: 0.1]
      [Ext Root Scanning (ms): Min: 0.2, Avg: 0.2, Max: 0.3, Diff: 0.1, Sum: 0.9]
      [Update RS (ms): Min: 2.6, Avg: 2.7, Max: 3.0, Diff: 0.5, Sum: 10.9]
         [Processed Buffers: Min: 4, Avg: 4.8, Max: 5, Diff: 1, Sum: 19]
      [Scan RS (ms): Min: 15.4, Avg: 15.6, Max: 15.8, Diff: 0.4, Sum: 62.4]
      [Code Root Scanning (ms): Min: 0.0, Avg: 0.0, Max: 0.0, Diff: 0.0, Sum: 0.0]
      [Object Copy (ms): Min: 104.2, Avg: 104.3, Max: 104.4, Diff: 0.3, Sum: 417.1]
      [Termination (ms): Min: 0.0, Avg: 0.0, Max: 0.1, Diff: 0.1, Sum: 0.2]
         [Termination Attempts: Min: 16, Avg: 454.8, Max: 673, Diff: 657, Sum: 1819]
      [GC Worker Other (ms): Min: 0.0, Avg: 0.0, Max: 0.0, Diff: 0.0, Sum: 0.1]
      [GC Worker Total (ms): Min: 122.8, Avg: 122.9, Max: 122.9, Diff: 0.1, Sum: 491.5]
      [GC Worker End (ms): Min: 12048.5, Avg: 12048.5, Max: 12048.5, Diff: 0.0]
   [Code Root Fixup: 0.0 ms]
   [Code Root Purge: 0.0 ms]
   [Clear CT: 0.1 ms]
   [Other: 2.6 ms]
      [Choose CSet: 0.0 ms]
      [Ref Proc: 0.0 ms]
      [Ref Enq: 0.0 ms]
      [Redirty Cards: 0.2 ms]
      [Humongous Register: 0.0 ms]
      [Humongous Reclaim: 0.0 ms]
      [Free CSet: 0.1 ms]
   [Eden: 110.0M(34.0M)->0.0B(165.0M) Survivors: 29.0M->8192.0K Heap: 430.7M(1263.0M)->362.4M(1420.0M)]
 [Times: user=0.45 sys=0.03, real=0.13 secs] 
12.278: [GC pause (G1 Evacuation Pause) (young), 0.0899574 secs]
   [Parallel Time: 88.0 ms, GC Workers: 4]
      [GC Worker Start (ms): Min: 12278.6, Avg: 12278.6, Max: 12278.6, Diff: 0.1]
      [Ext Root Scanning (ms): Min: 0.2, Avg: 0.2, Max: 0.2, Diff: 0.1, Sum: 0.9]
      [Update RS (ms): Min: 2.7, Avg: 3.0, Max: 3.3, Diff: 0.6, Sum: 11.8]
         [Processed Buffers: Min: 5, Avg: 5.3, Max: 6, Diff: 1, Sum: 21]
      [Scan RS (ms): Min: 3.3, Avg: 3.6, Max: 3.8, Diff: 0.5, Sum: 14.4]
      [Code Root Scanning (ms): Min: 0.0, Avg: 0.0, Max: 0.0, Diff: 0.0, Sum: 0.0]
      [Object Copy (ms): Min: 81.1, Avg: 81.1, Max: 81.1, Diff: 0.0, Sum: 324.4]
      [Termination (ms): Min: 0.0, Avg: 0.0, Max: 0.0, Diff: 0.0, Sum: 0.0]
         [Termination Attempts: Min: 21, Avg: 31.0, Max: 39, Diff: 18, Sum: 124]
      [GC Worker Other (ms): Min: 0.0, Avg: 0.0, Max: 0.0, Diff: 0.0, Sum: 0.1]
      [GC Worker Total (ms): Min: 87.9, Avg: 87.9, Max: 87.9, Diff: 0.1, Sum: 351.6]
      [GC Worker End (ms): Min: 12366.5, Avg: 12366.5, Max: 12366.5, Diff: 0.0]
   [Code Root Fixup: 0.0 ms]
   [Code Root Purge: 0.0 ms]
   [Clear CT: 0.1 ms]
   [Other: 1.9 ms]
      [Choose CSet: 0.0 ms]
      [Ref Proc: 0.0 ms]
      [Ref Enq: 0.0 ms]
      [Redirty Cards: 0.1 ms]
      [Humongous Register: 0.0 ms]
      [Humongous Reclaim: 0.0 ms]
      [Free CSet: 0.1 ms]
   [Eden: 165.0M(165.0M)->0.0B(162.0M) Survivors: 8192.0K->22.0M Heap: 527.4M(1420.0M)->425.3M(1546.0M)]
 [Times: user=0.30 sys=0.01, real=0.09 secs] 
12.526: [GC pause (G1 Evacuation Pause) (young), 0.1204731 secs]
   [Parallel Time: 117.8 ms, GC Workers: 4]
      [GC Worker Start (ms): Min: 12525.7, Avg: 12525.8, Max: 12525.8, Diff: 0.1]
      [Ext Root Scanning (ms): Min: 0.2, Avg: 0.2, Max: 0.2, Diff: 0.1, Sum: 0.8]
      [Update RS (ms): Min: 2.9, Avg: 3.1, Max: 3.4, Diff: 0.5, Sum: 12.5]
         [Processed Buffers: Min: 5, Avg: 5.3, Max: 6, Diff: 1, Sum: 21]
      [Scan RS (ms): Min: 18.2, Avg: 21.0, Max: 28.4, Diff: 10.2, Sum: 83.9]
      [Code Root Scanning (ms): Min: 0.0, Avg: 0.0, Max: 0.0, Diff: 0.0, Sum: 0.0]
      [Object Copy (ms): Min: 86.1, Avg: 93.4, Max: 95.9, Diff: 9.8, Sum: 373.7]
      [Termination (ms): Min: 0.0, Avg: 0.0, Max: 0.0, Diff: 0.0, Sum: 0.0]
         [Termination Attempts: Min: 4, Avg: 7.0, Max: 11, Diff: 7, Sum: 28]
      [GC Worker Other (ms): Min: 0.0, Avg: 0.0, Max: 0.0, Diff: 0.0, Sum: 0.1]
      [GC Worker Total (ms): Min: 117.7, Avg: 117.8, Max: 117.8, Diff: 0.1, Sum: 471.0]
      [GC Worker End (ms): Min: 12643.5, Avg: 12643.5, Max: 12643.5, Diff: 0.0]
   [Code Root Fixup: 0.0 ms]
   [Code Root Purge: 0.0 ms]
   [Clear CT: 0.1 ms]
   [Other: 2.6 ms]
      [Choose CSet: 0.0 ms]
      [Ref Proc: 0.2 ms]
      [Ref Enq: 0.0 ms]
      [Redirty Cards: 0.2 ms]
      [Humongous Register: 0.0 ms]
      [Humongous Reclaim: 0.0 ms]
      [Free CSet: 0.1 ms]
   [Eden: 118.0M(55.0M)->0.0B(189.0M) Survivors: 22.0M->10.0M Heap: 543.3M(1546.0M)->468.4M(1647.0M)]
 [Times: user=0.38 sys=0.06, real=0.12 secs] 
12.893: [GC pause (G1 Evacuation Pause) (young), 0.1075422 secs]
   [Parallel Time: 105.9 ms, GC Workers: 4]
      [GC Worker Start (ms): Min: 12893.3, Avg: 12893.4, Max: 12893.4, Diff: 0.0]
      [Ext Root Scanning (ms): Min: 0.2, Avg: 0.2, Max: 0.2, Diff: 0.0, Sum: 0.9]
      [Update RS (ms): Min: 4.9, Avg: 5.0, Max: 5.2, Diff: 0.3, Sum: 20.0]
         [Processed Buffers: Min: 8, Avg: 9.5, Max: 11, Diff: 3, Sum: 38]
      [Scan RS (ms): Min: 3.3, Avg: 3.4, Max: 3.5, Diff: 0.2, Sum: 13.7]
      [Code Root Scanning (ms): Min: 0.0, Avg: 0.0, Max: 0.0, Diff: 0.0, Sum: 0.0]
      [Object Copy (ms): Min: 97.2, Avg: 97.2, Max: 97.3, Diff: 0.1, Sum: 389.0]
      [Termination (ms): Min: 0.0, Avg: 0.0, Max: 0.0, Diff: 0.0, Sum: 0.0]
         [Termination Attempts: Min: 3, Avg: 6.8, Max: 10, Diff: 7, Sum: 27]
      [GC Worker Other (ms): Min: 0.0, Avg: 0.0, Max: 0.0, Diff: 0.0, Sum: 0.1]
      [GC Worker Total (ms): Min: 105.9, Avg: 105.9, Max: 105.9, Diff: 0.0, Sum: 423.6]
      [GC Worker End (ms): Min: 12999.2, Avg: 12999.2, Max: 12999.2, Diff: 0.0]
   [Code Root Fixup: 0.0 ms]
   [Code Root Purge: 0.0 ms]
   [Clear CT: 0.1 ms]
   [Other: 1.6 ms]
      [Choose CSet: 0.0 ms]
      [Ref Proc: 0.0 ms]
      [Ref Enq: 0.0 ms]
      [Redirty Cards: 0.1 ms]
      [Humongous Register: 0.0 ms]
      [Humongous Reclaim: 0.0 ms]
      [Free CSet: 0.1 ms]
   [Eden: 189.0M(189.0M)->0.0B(201.0M) Survivors: 10.0M->25.0M Heap: 657.4M(1647.0M)->538.5M(1728.0M)]
 [Times: user=0.44 sys=0.00, real=0.11 secs] 
13.219: [GC pause (G1 Evacuation Pause) (young), 0.1511528 secs]
   [Parallel Time: 149.6 ms, GC Workers: 4]
      [GC Worker Start (ms): Min: 13218.6, Avg: 13218.6, Max: 13218.7, Diff: 0.1]
      [Ext Root Scanning (ms): Min: 0.2, Avg: 0.2, Max: 0.3, Diff: 0.1, Sum: 0.9]
      [Update RS (ms): Min: 3.4, Avg: 3.7, Max: 3.8, Diff: 0.4, Sum: 14.6]
         [Processed Buffers: Min: 6, Avg: 6.5, Max: 7, Diff: 1, Sum: 26]
      [Scan RS (ms): Min: 18.9, Avg: 19.0, Max: 19.3, Diff: 0.4, Sum: 76.1]
      [Code Root Scanning (ms): Min: 0.0, Avg: 0.0, Max: 0.0, Diff: 0.0, Sum: 0.0]
      [Object Copy (ms): Min: 126.6, Avg: 126.6, Max: 126.6, Diff: 0.0, Sum: 506.5]
      [Termination (ms): Min: 0.0, Avg: 0.0, Max: 0.0, Diff: 0.0, Sum: 0.0]
         [Termination Attempts: Min: 18, Avg: 25.8, Max: 32, Diff: 14, Sum: 103]
      [GC Worker Other (ms): Min: 0.0, Avg: 0.0, Max: 0.0, Diff: 0.0, Sum: 0.1]
      [GC Worker Total (ms): Min: 149.5, Avg: 149.5, Max: 149.6, Diff: 0.1, Sum: 598.2]
      [GC Worker End (ms): Min: 13368.2, Avg: 13368.2, Max: 13368.2, Diff: 0.0]
   [Code Root Fixup: 0.0 ms]
   [Code Root Purge: 0.0 ms]
   [Clear CT: 0.1 ms]
   [Other: 1.5 ms]
      [Choose CSet: 0.0 ms]
      [Ref Proc: 0.0 ms]
      [Ref Enq: 0.0 ms]
      [Redirty Cards: 0.2 ms]
      [Humongous Register: 0.0 ms]
      [Humongous Reclaim: 0.0 ms]
      [Free CSet: 0.1 ms]
   [Eden: 201.0M(201.0M)->0.0B(203.0M) Survivors: 25.0M->29.0M Heap: 739.5M(1728.0M)->610.1M(1792.0M)]
 [Times: user=0.56 sys=0.00, real=0.15 secs] 
13.549: [GC pause (G1 Evacuation Pause) (young), 0.1352104 secs]
   [Parallel Time: 133.8 ms, GC Workers: 4]
      [GC Worker Start (ms): Min: 13549.4, Avg: 13549.7, Max: 13550.4, Diff: 1.0]
      [Ext Root Scanning (ms): Min: 0.0, Avg: 0.2, Max: 0.3, Diff: 0.3, Sum: 0.7]
      [Update RS (ms): Min: 4.0, Avg: 5.2, Max: 7.4, Diff: 3.3, Sum: 21.0]
         [Processed Buffers: Min: 2, Avg: 7.0, Max: 9, Diff: 7, Sum: 28]
      [Scan RS (ms): Min: 25.8, Avg: 27.8, Max: 28.6, Diff: 2.8, Sum: 111.1]
      [Code Root Scanning (ms): Min: 0.0, Avg: 0.0, Max: 0.0, Diff: 0.0, Sum: 0.0]
      [Object Copy (ms): Min: 100.1, Avg: 100.2, Max: 100.3, Diff: 0.3, Sum: 400.8]
      [Termination (ms): Min: 0.0, Avg: 0.1, Max: 0.1, Diff: 0.1, Sum: 0.3]
         [Termination Attempts: Min: 13, Avg: 713.5, Max: 1092, Diff: 1079, Sum: 2854]
      [GC Worker Other (ms): Min: 0.0, Avg: 0.0, Max: 0.0, Diff: 0.0, Sum: 0.1]
      [GC Worker Total (ms): Min: 132.8, Avg: 133.5, Max: 133.8, Diff: 1.0, Sum: 534.0]
      [GC Worker End (ms): Min: 13683.2, Avg: 13683.2, Max: 13683.2, Diff: 0.0]
   [Code Root Fixup: 0.0 ms]
   [Code Root Purge: 0.0 ms]
   [Clear CT: 0.1 ms]
   [Other: 1.3 ms]
      [Choose CSet: 0.0 ms]
      [Ref Proc: 0.0 ms]
      [Ref Enq: 0.0 ms]
      [Redirty Cards: 0.2 ms]
      [Humongous Register: 0.0 ms]
      [Humongous Reclaim: 0.0 ms]
      [Free CSet: 0.1 ms]
   [Eden: 109.0M(109.0M)->0.0B(215.0M) Survivors: 29.0M->18.0M Heap: 719.1M(1792.0M)->652.2M(1844.0M)]
 [Times: user=0.47 sys=0.00, real=0.13 secs] 
13.948: [GC pause (G1 Evacuation Pause) (young), 0.1316589 secs]
   [Parallel Time: 130.5 ms, GC Workers: 4]
      [GC Worker Start (ms): Min: 13947.8, Avg: 13947.9, Max: 13947.9, Diff: 0.0]
      [Ext Root Scanning (ms): Min: 0.2, Avg: 0.2, Max: 0.2, Diff: 0.0, Sum: 0.8]
      [Update RS (ms): Min: 6.1, Avg: 6.3, Max: 6.6, Diff: 0.5, Sum: 25.1]
         [Processed Buffers: Min: 10, Avg: 11.3, Max: 12, Diff: 2, Sum: 45]
      [Scan RS (ms): Min: 5.0, Avg: 5.2, Max: 5.4, Diff: 0.4, Sum: 21.0]
      [Code Root Scanning (ms): Min: 0.0, Avg: 0.0, Max: 0.0, Diff: 0.0, Sum: 0.0]
      [Object Copy (ms): Min: 118.6, Avg: 118.7, Max: 118.7, Diff: 0.1, Sum: 474.8]
      [Termination (ms): Min: 0.0, Avg: 0.0, Max: 0.0, Diff: 0.0, Sum: 0.0]
         [Termination Attempts: Min: 15, Avg: 18.5, Max: 22, Diff: 7, Sum: 74]
      [GC Worker Other (ms): Min: 0.0, Avg: 0.0, Max: 0.0, Diff: 0.0, Sum: 0.1]
      [GC Worker Total (ms): Min: 130.4, Avg: 130.5, Max: 130.5, Diff: 0.0, Sum: 521.9]
      [GC Worker End (ms): Min: 14078.3, Avg: 14078.3, Max: 14078.3, Diff: 0.0]
   [Code Root Fixup: 0.0 ms]
   [Code Root Purge: 0.0 ms]
   [Clear CT: 0.1 ms]
   [Other: 1.1 ms]
      [Choose CSet: 0.0 ms]
      [Ref Proc: 0.0 ms]
      [Ref Enq: 0.0 ms]
      [Redirty Cards: 0.1 ms]
      [Humongous Register: 0.0 ms]
      [Humongous Reclaim: 0.0 ms]
      [Free CSet: 0.1 ms]
   [Eden: 215.0M(215.0M)->0.0B(213.0M) Survivors: 18.0M->30.0M Heap: 867.2M(1844.0M)->730.8M(1885.0M)]
 [Times: user=0.56 sys=0.00, real=0.13 secs] 
14.314: [GC pause (G1 Evacuation Pause) (young), 0.1377369 secs]
   [Parallel Time: 136.5 ms, GC Workers: 4]
      [GC Worker Start (ms): Min: 14314.1, Avg: 14314.2, Max: 14314.2, Diff: 0.1]
      [Ext Root Scanning (ms): Min: 0.2, Avg: 0.2, Max: 0.2, Diff: 0.1, Sum: 0.8]
      [Update RS (ms): Min: 4.3, Avg: 4.4, Max: 4.5, Diff: 0.2, Sum: 17.4]
         [Processed Buffers: Min: 7, Avg: 8.3, Max: 10, Diff: 3, Sum: 33]
      [Scan RS (ms): Min: 10.5, Avg: 10.6, Max: 10.6, Diff: 0.2, Sum: 42.3]
      [Code Root Scanning (ms): Min: 0.0, Avg: 0.0, Max: 0.0, Diff: 0.0, Sum: 0.0]
      [Object Copy (ms): Min: 121.3, Avg: 121.3, Max: 121.3, Diff: 0.0, Sum: 485.2]
      [Termination (ms): Min: 0.0, Avg: 0.0, Max: 0.0, Diff: 0.0, Sum: 0.0]
         [Termination Attempts: Min: 31, Avg: 34.0, Max: 37, Diff: 6, Sum: 136]
      [GC Worker Other (ms): Min: 0.0, Avg: 0.0, Max: 0.0, Diff: 0.0, Sum: 0.1]
      [GC Worker Total (ms): Min: 136.4, Avg: 136.5, Max: 136.5, Diff: 0.1, Sum: 545.9]
      [GC Worker End (ms): Min: 14450.6, Avg: 14450.6, Max: 14450.6, Diff: 0.0]
   [Code Root Fixup: 0.0 ms]
   [Code Root Purge: 0.0 ms]
   [Clear CT: 0.1 ms]
   [Other: 1.1 ms]
      [Choose CSet: 0.0 ms]
      [Ref Proc: 0.0 ms]
      [Ref Enq: 0.0 ms]
      [Redirty Cards: 0.2 ms]
      [Humongous Register: 0.0 ms]
      [Humongous Reclaim: 0.0 ms]
      [Free CSet: 0.1 ms]
   [Eden: 213.0M(213.0M)->0.0B(223.0M) Survivors: 30.0M->31.0M Heap: 943.8M(1885.0M)->810.4M(1918.0M)]
 [Times: user=0.55 sys=0.02, real=0.14 secs] 
14.724: [GC pause (G1 Evacuation Pause) (young), 0.1594025 secs]
   [Parallel Time: 158.3 ms, GC Workers: 4]
      [GC Worker Start (ms): Min: 14724.3, Avg: 14724.3, Max: 14724.3, Diff: 0.0]
      [Ext Root Scanning (ms): Min: 0.2, Avg: 0.2, Max: 0.2, Diff: 0.0, Sum: 0.8]
      [Update RS (ms): Min: 5.0, Avg: 5.2, Max: 5.4, Diff: 0.4, Sum: 20.9]
         [Processed Buffers: Min: 8, Avg: 9.0, Max: 11, Diff: 3, Sum: 36]
      [Scan RS (ms): Min: 7.5, Avg: 7.7, Max: 8.0, Diff: 0.5, Sum: 31.0]
      [Code Root Scanning (ms): Min: 0.0, Avg: 0.0, Max: 0.0, Diff: 0.0, Sum: 0.0]
      [Object Copy (ms): Min: 145.0, Avg: 145.1, Max: 145.2, Diff: 0.2, Sum: 580.4]
      [Termination (ms): Min: 0.0, Avg: 0.0, Max: 0.0, Diff: 0.0, Sum: 0.0]
         [Termination Attempts: Min: 1, Avg: 1.5, Max: 2, Diff: 1, Sum: 6]
      [GC Worker Other (ms): Min: 0.0, Avg: 0.0, Max: 0.0, Diff: 0.0, Sum: 0.1]
      [GC Worker Total (ms): Min: 158.3, Avg: 158.3, Max: 158.3, Diff: 0.0, Sum: 633.2]
      [GC Worker End (ms): Min: 14882.6, Avg: 14882.6, Max: 14882.6, Diff: 0.0]
   [Code Root Fixup: 0.0 ms]
   [Code Root Purge: 0.0 ms]
   [Clear CT: 0.1 ms]
   [Other: 1.0 ms]
      [Choose CSet: 0.0 ms]
      [Ref Proc: 0.0 ms]
      [Ref Enq: 0.0 ms]
      [Redirty Cards: 0.1 ms]
      [Humongous Register: 0.1 ms]
      [Humongous Reclaim: 0.0 ms]
      [Free CSet: 0.1 ms]
   [Eden: 223.0M(223.0M)->0.0B(231.0M) Survivors: 31.0M->32.0M Heap: 1033.4M(1918.0M)->891.6M(1944.0M)]
 [Times: user=0.59 sys=0.03, real=0.16 secs] 
15.133: [GC pause (G1 Evacuation Pause) (young), 0.1490645 secs]
   [Parallel Time: 148.0 ms, GC Workers: 4]
      [GC Worker Start (ms): Min: 15132.6, Avg: 15132.7, Max: 15132.7, Diff: 0.1]
      [Ext Root Scanning (ms): Min: 0.2, Avg: 0.2, Max: 0.2, Diff: 0.1, Sum: 0.9]
      [Update RS (ms): Min: 5.6, Avg: 5.7, Max: 5.8, Diff: 0.2, Sum: 22.9]
         [Processed Buffers: Min: 9, Avg: 9.8, Max: 11, Diff: 2, Sum: 39]
      [Scan RS (ms): Min: 5.9, Avg: 6.0, Max: 6.1, Diff: 0.2, Sum: 24.1]
      [Code Root Scanning (ms): Min: 0.0, Avg: 0.0, Max: 0.0, Diff: 0.0, Sum: 0.0]
      [Object Copy (ms): Min: 135.9, Avg: 135.9, Max: 136.0, Diff: 0.2, Sum: 543.8]
      [Termination (ms): Min: 0.0, Avg: 0.0, Max: 0.0, Diff: 0.0, Sum: 0.0]
         [Termination Attempts: Min: 3, Avg: 3.3, Max: 4, Diff: 1, Sum: 13]
      [GC Worker Other (ms): Min: 0.0, Avg: 0.0, Max: 0.0, Diff: 0.0, Sum: 0.1]
      [GC Worker Total (ms): Min: 147.9, Avg: 147.9, Max: 148.0, Diff: 0.1, Sum: 591.7]
      [GC Worker End (ms): Min: 15280.6, Avg: 15280.6, Max: 15280.6, Diff: 0.0]
   [Code Root Fixup: 0.0 ms]
   [Code Root Purge: 0.0 ms]
   [Clear CT: 0.1 ms]
   [Other: 1.0 ms]
      [Choose CSet: 0.0 ms]
      [Ref Proc: 0.1 ms]
      [Ref Enq: 0.0 ms]
      [Redirty Cards: 0.2 ms]
      [Humongous Register: 0.0 ms]
      [Humongous Reclaim: 0.0 ms]
      [Free CSet: 0.2 ms]
   [Eden: 231.0M(231.0M)->0.0B(704.0M) Survivors: 32.0M->33.0M Heap: 1122.6M(1944.0M)->976.4M(1965.0M)]
 [Times: user=0.63 sys=0.00, real=0.15 secs] 
15.948: [GC pause (G1 Evacuation Pause) (young) (initial-mark), 0.3826052 secs]
   [Parallel Time: 381.0 ms, GC Workers: 4]
      [GC Worker Start (ms): Min: 15948.7, Avg: 15948.7, Max: 15948.7, Diff: 0.1]
      [Ext Root Scanning (ms): Min: 0.3, Avg: 0.3, Max: 0.3, Diff: 0.1, Sum: 1.2]
      [Update RS (ms): Min: 6.3, Avg: 6.6, Max: 6.9, Diff: 0.6, Sum: 26.3]
         [Processed Buffers: Min: 10, Avg: 10.3, Max: 11, Diff: 1, Sum: 41]
      [Scan RS (ms): Min: 5.6, Avg: 5.9, Max: 6.2, Diff: 0.6, Sum: 23.6]
      [Code Root Scanning (ms): Min: 0.0, Avg: 0.0, Max: 0.0, Diff: 0.0, Sum: 0.0]
      [Object Copy (ms): Min: 368.1, Avg: 368.1, Max: 368.1, Diff: 0.0, Sum: 1472.3]
      [Termination (ms): Min: 0.0, Avg: 0.0, Max: 0.0, Diff: 0.0, Sum: 0.0]
         [Termination Attempts: Min: 19, Avg: 20.8, Max: 23, Diff: 4, Sum: 83]
      [GC Worker Other (ms): Min: 0.0, Avg: 0.0, Max: 0.0, Diff: 0.0, Sum: 0.1]
      [GC Worker Total (ms): Min: 380.9, Avg: 380.9, Max: 380.9, Diff: 0.1, Sum: 1523.6]
      [GC Worker End (ms): Min: 16329.6, Avg: 16329.6, Max: 16329.6, Diff: 0.0]
   [Code Root Fixup: 0.0 ms]
   [Code Root Purge: 0.0 ms]
   [Clear CT: 0.2 ms]
   [Other: 1.4 ms]
      [Choose CSet: 0.0 ms]
      [Ref Proc: 0.0 ms]
      [Ref Enq: 0.0 ms]
      [Redirty Cards: 0.3 ms]
      [Humongous Register: 0.0 ms]
      [Humongous Reclaim: 0.0 ms]
      [Free CSet: 0.4 ms]
   [Eden: 704.0M(704.0M)->0.0B(99.0M) Survivors: 33.0M->93.0M Heap: 1680.4M(1965.0M)->1235.8M(1988.0M)]
 [Times: user=1.53 sys=0.03, real=0.38 secs] 
16.331: [GC concurrent-root-region-scan-start]
16.516: [GC concurrent-root-region-scan-end, 0.1852599 secs]
16.516: [GC concurrent-mark-start]
16.580: [GC pause (G1 Evacuation Pause) (young), 0.2063603 secs]
   [Parallel Time: 205.4 ms, GC Workers: 4]
      [GC Worker Start (ms): Min: 16580.3, Avg: 16580.3, Max: 16580.3, Diff: 0.0]
      [Ext Root Scanning (ms): Min: 0.2, Avg: 0.2, Max: 0.2, Diff: 0.0, Sum: 0.8]
      [Update RS (ms): Min: 7.1, Avg: 7.1, Max: 7.2, Diff: 0.1, Sum: 28.4]
         [Processed Buffers: Min: 10, Avg: 11.0, Max: 12, Diff: 2, Sum: 44]
      [Scan RS (ms): Min: 30.6, Avg: 31.6, Max: 34.7, Diff: 4.2, Sum: 126.6]
      [Code Root Scanning (ms): Min: 0.0, Avg: 0.0, Max: 0.0, Diff: 0.0, Sum: 0.0]
      [Object Copy (ms): Min: 163.3, Avg: 166.4, Max: 167.6, Diff: 4.3, Sum: 665.8]
      [Termination (ms): Min: 0.0, Avg: 0.0, Max: 0.0, Diff: 0.0, Sum: 0.0]
         [Termination Attempts: Min: 9, Avg: 11.3, Max: 13, Diff: 4, Sum: 45]
      [GC Worker Other (ms): Min: 0.0, Avg: 0.0, Max: 0.0, Diff: 0.0, Sum: 0.1]
      [GC Worker Total (ms): Min: 205.4, Avg: 205.4, Max: 205.4, Diff: 0.0, Sum: 821.7]
      [GC Worker End (ms): Min: 16785.7, Avg: 16785.7, Max: 16785.7, Diff: 0.0]
   [Code Root Fixup: 0.0 ms]
   [Code Root Purge: 0.0 ms]
   [Clear CT: 0.1 ms]
   [Other: 0.8 ms]
      [Choose CSet: 0.0 ms]
      [Ref Proc: 0.0 ms]
      [Ref Enq: 0.0 ms]
      [Redirty Cards: 0.3 ms]
      [Humongous Register: 0.0 ms]
      [Humongous Reclaim: 0.0 ms]
      [Free CSet: 0.2 ms]
   [Eden: 99.0M(99.0M)->0.0B(142.0M) Survivors: 93.0M->24.0M Heap: 1334.8M(1988.0M)->1273.5M(2000.0M)]
 [Times: user=0.78 sys=0.00, real=0.21 secs] 
17.034: [GC pause (G1 Evacuation Pause) (young), 0.1047656 secs]
   [Parallel Time: 104.1 ms, GC Workers: 4]
      [GC Worker Start (ms): Min: 17034.4, Avg: 17034.4, Max: 17034.4, Diff: 0.0]
      [Ext Root Scanning (ms): Min: 0.2, Avg: 0.2, Max: 0.2, Diff: 0.0, Sum: 0.7]
      [Update RS (ms): Min: 6.9, Avg: 7.1, Max: 7.3, Diff: 0.4, Sum: 28.4]
         [Processed Buffers: Min: 11, Avg: 12.3, Max: 14, Diff: 3, Sum: 49]
      [Scan RS (ms): Min: 0.5, Avg: 0.7, Max: 1.0, Diff: 0.4, Sum: 3.0]
      [Code Root Scanning (ms): Min: 0.0, Avg: 0.0, Max: 0.0, Diff: 0.0, Sum: 0.0]
      [Object Copy (ms): Min: 96.0, Avg: 96.0, Max: 96.0, Diff: 0.0, Sum: 383.9]
      [Termination (ms): Min: 0.0, Avg: 0.0, Max: 0.0, Diff: 0.0, Sum: 0.0]
         [Termination Attempts: Min: 8, Avg: 11.8, Max: 18, Diff: 10, Sum: 47]
      [GC Worker Other (ms): Min: 0.0, Avg: 0.0, Max: 0.0, Diff: 0.0, Sum: 0.1]
      [GC Worker Total (ms): Min: 104.0, Avg: 104.0, Max: 104.0, Diff: 0.0, Sum: 416.1]
      [GC Worker End (ms): Min: 17138.4, Avg: 17138.4, Max: 17138.4, Diff: 0.0]
   [Code Root Fixup: 0.0 ms]
   [Code Root Purge: 0.0 ms]
   [Clear CT: 0.1 ms]
   [Other: 0.6 ms]
      [Choose CSet: 0.0 ms]
      [Ref Proc: 0.0 ms]
      [Ref Enq: 0.0 ms]
      [Redirty Cards: 0.2 ms]
      [Humongous Register: 0.0 ms]
      [Humongous Reclaim: 0.0 ms]
      [Free CSet: 0.1 ms]
   [Eden: 142.0M(142.0M)->0.0B(222.0M) Survivors: 24.0M->21.0M Heap: 1415.5M(2000.0M)->1324.4M(2010.0M)]
 [Times: user=0.44 sys=0.00, real=0.11 secs] 
17.366: [GC pause (G1 Evacuation Pause) (young), 0.1551704 secs]
   [Parallel Time: 154.4 ms, GC Workers: 4]
      [GC Worker Start (ms): Min: 17366.3, Avg: 17366.3, Max: 17366.3, Diff: 0.0]
      [Ext Root Scanning (ms): Min: 0.2, Avg: 0.2, Max: 0.2, Diff: 0.0, Sum: 0.8]
      [Update RS (ms): Min: 7.6, Avg: 7.8, Max: 7.9, Diff: 0.4, Sum: 31.1]
         [Processed Buffers: Min: 12, Avg: 13.0, Max: 14, Diff: 2, Sum: 52]
      [Scan RS (ms): Min: 6.7, Avg: 6.9, Max: 7.1, Diff: 0.4, Sum: 27.5]
      [Code Root Scanning (ms): Min: 0.0, Avg: 0.0, Max: 0.0, Diff: 0.0, Sum: 0.0]
      [Object Copy (ms): Min: 139.5, Avg: 139.5, Max: 139.5, Diff: 0.0, Sum: 558.0]
      [Termination (ms): Min: 0.0, Avg: 0.0, Max: 0.0, Diff: 0.0, Sum: 0.1]
         [Termination Attempts: Min: 39, Avg: 178.8, Max: 251, Diff: 212, Sum: 715]
      [GC Worker Other (ms): Min: 0.0, Avg: 0.0, Max: 0.0, Diff: 0.0, Sum: 0.1]
      [GC Worker Total (ms): Min: 154.4, Avg: 154.4, Max: 154.4, Diff: 0.0, Sum: 617.5]
      [GC Worker End (ms): Min: 17520.7, Avg: 17520.7, Max: 17520.7, Diff: 0.0]
   [Code Root Fixup: 0.0 ms]
   [Code Root Purge: 0.0 ms]
   [Clear CT: 0.1 ms]
   [Other: 0.7 ms]
      [Choose CSet: 0.0 ms]
      [Ref Proc: 0.0 ms]
      [Ref Enq: 0.0 ms]
      [Redirty Cards: 0.1 ms]
      [Humongous Register: 0.0 ms]
      [Humongous Reclaim: 0.0 ms]
      [Free CSet: 0.2 ms]
   [Eden: 222.0M(222.0M)->0.0B(241.0M) Survivors: 21.0M->31.0M Heap: 1546.4M(2010.0M)->1405.5M(2018.0M)]
 [Times: user=0.63 sys=0.00, real=0.15 secs] 
17.795: [GC pause (G1 Evacuation Pause) (young), 0.1660598 secs]
   [Parallel Time: 165.3 ms, GC Workers: 4]
      [GC Worker Start (ms): Min: 17795.1, Avg: 17795.1, Max: 17795.1, Diff: 0.1]
      [Ext Root Scanning (ms): Min: 0.2, Avg: 0.2, Max: 0.2, Diff: 0.1, Sum: 0.8]
      [Update RS (ms): Min: 7.8, Avg: 8.0, Max: 8.2, Diff: 0.4, Sum: 32.2]
         [Processed Buffers: Min: 14, Avg: 14.5, Max: 16, Diff: 2, Sum: 58]
      [Scan RS (ms): Min: 4.0, Avg: 4.1, Max: 4.2, Diff: 0.3, Sum: 16.4]
      [Code Root Scanning (ms): Min: 0.0, Avg: 0.0, Max: 0.0, Diff: 0.0, Sum: 0.0]
      [Object Copy (ms): Min: 152.8, Avg: 152.9, Max: 153.0, Diff: 0.2, Sum: 611.5]
      [Termination (ms): Min: 0.0, Avg: 0.0, Max: 0.0, Diff: 0.0, Sum: 0.1]
         [Termination Attempts: Min: 31, Avg: 163.5, Max: 217, Diff: 186, Sum: 654]
      [GC Worker Other (ms): Min: 0.0, Avg: 0.0, Max: 0.0, Diff: 0.0, Sum: 0.1]
      [GC Worker Total (ms): Min: 165.2, Avg: 165.3, Max: 165.3, Diff: 0.1, Sum: 661.1]
      [GC Worker End (ms): Min: 17960.4, Avg: 17960.4, Max: 17960.4, Diff: 0.0]
   [Code Root Fixup: 0.0 ms]
   [Code Root Purge: 0.0 ms]
   [Clear CT: 0.1 ms]
   [Other: 0.6 ms]
      [Choose CSet: 0.0 ms]
      [Ref Proc: 0.0 ms]
      [Ref Enq: 0.0 ms]
      [Redirty Cards: 0.2 ms]
      [Humongous Register: 0.0 ms]
      [Humongous Reclaim: 0.0 ms]
      [Free CSet: 0.2 ms]
   [Eden: 241.0M(241.0M)->0.0B(236.0M) Survivors: 31.0M->34.0M Heap: 1646.5M(2018.0M)->1496.4M(2024.0M)]
 [Times: user=0.63 sys=0.00, real=0.17 secs] 
18.222: [GC pause (G1 Evacuation Pause) (young), 0.1583543 secs]
   [Parallel Time: 157.6 ms, GC Workers: 4]
      [GC Worker Start (ms): Min: 18222.5, Avg: 18222.6, Max: 18222.6, Diff: 0.0]
      [Ext Root Scanning (ms): Min: 0.2, Avg: 0.2, Max: 0.2, Diff: 0.0, Sum: 0.8]
      [Update RS (ms): Min: 8.1, Avg: 8.3, Max: 8.5, Diff: 0.3, Sum: 33.4]
         [Processed Buffers: Min: 15, Avg: 15.3, Max: 16, Diff: 1, Sum: 61]
      [Scan RS (ms): Min: 7.2, Avg: 7.3, Max: 7.5, Diff: 0.3, Sum: 29.3]
      [Code Root Scanning (ms): Min: 0.0, Avg: 0.0, Max: 0.0, Diff: 0.0, Sum: 0.0]
      [Object Copy (ms): Min: 141.6, Avg: 141.6, Max: 141.7, Diff: 0.1, Sum: 566.5]
      [Termination (ms): Min: 0.0, Avg: 0.0, Max: 0.0, Diff: 0.0, Sum: 0.0]
         [Termination Attempts: Min: 28, Avg: 34.0, Max: 38, Diff: 10, Sum: 136]
      [GC Worker Other (ms): Min: 0.0, Avg: 0.0, Max: 0.0, Diff: 0.0, Sum: 0.1]
      [GC Worker Total (ms): Min: 157.5, Avg: 157.5, Max: 157.6, Diff: 0.0, Sum: 630.1]
      [GC Worker End (ms): Min: 18380.1, Avg: 18380.1, Max: 18380.1, Diff: 0.0]
   [Code Root Fixup: 0.0 ms]
   [Code Root Purge: 0.0 ms]
   [Clear CT: 0.1 ms]
   [Other: 0.7 ms]
      [Choose CSet: 0.0 ms]
      [Ref Proc: 0.0 ms]
      [Ref Enq: 0.0 ms]
      [Redirty Cards: 0.2 ms]
      [Humongous Register: 0.0 ms]
      [Humongous Reclaim: 0.0 ms]
      [Free CSet: 0.2 ms]
   [Eden: 236.0M(236.0M)->0.0B(177.0M) Survivors: 34.0M->34.0M Heap: 1732.4M(2024.0M)->1583.4M(2029.0M)]
 [Times: user=0.63 sys=0.00, real=0.16 secs] 
18.602: [GC pause (G1 Evacuation Pause) (young), 0.1558474 secs]
   [Parallel Time: 155.2 ms, GC Workers: 4]
      [GC Worker Start (ms): Min: 18602.1, Avg: 18602.3, Max: 18602.6, Diff: 0.5]
      [Ext Root Scanning (ms): Min: 0.0, Avg: 0.2, Max: 0.2, Diff: 0.2, Sum: 0.7]
      [Update RS (ms): Min: 10.3, Avg: 10.5, Max: 10.7, Diff: 0.4, Sum: 41.9]
         [Processed Buffers: Min: 16, Avg: 17.0, Max: 18, Diff: 2, Sum: 68]
      [Scan RS (ms): Min: 6.4, Avg: 6.6, Max: 6.8, Diff: 0.4, Sum: 26.5]
      [Code Root Scanning (ms): Min: 0.0, Avg: 0.0, Max: 0.0, Diff: 0.0, Sum: 0.0]
      [Object Copy (ms): Min: 137.5, Avg: 137.7, Max: 137.8, Diff: 0.3, Sum: 550.9]
      [Termination (ms): Min: 0.0, Avg: 0.0, Max: 0.0, Diff: 0.0, Sum: 0.1]
         [Termination Attempts: Min: 27, Avg: 217.3, Max: 311, Diff: 284, Sum: 869]
      [GC Worker Other (ms): Min: 0.0, Avg: 0.0, Max: 0.0, Diff: 0.0, Sum: 0.1]
      [GC Worker Total (ms): Min: 154.7, Avg: 155.0, Max: 155.2, Diff: 0.5, Sum: 620.1]
      [GC Worker End (ms): Min: 18757.3, Avg: 18757.3, Max: 18757.3, Diff: 0.0]
   [Code Root Fixup: 0.0 ms]
   [Code Root Purge: 0.0 ms]
   [Clear CT: 0.1 ms]
   [Other: 0.6 ms]
      [Choose CSet: 0.0 ms]
      [Ref Proc: 0.1 ms]
      [Ref Enq: 0.0 ms]
      [Redirty Cards: 0.1 ms]
      [Humongous Register: 0.0 ms]
      [Humongous Reclaim: 0.0 ms]
      [Free CSet: 0.2 ms]
   [Eden: 177.0M(177.0M)->0.0B(130.0M) Survivors: 34.0M->27.0M Heap: 1760.4M(2029.0M)->1651.0M(2033.0M)]
 [Times: user=0.58 sys=0.00, real=0.16 secs] 
18.924: [GC pause (G1 Evacuation Pause) (young), 0.1083938 secs]
   [Parallel Time: 107.8 ms, GC Workers: 4]
      [GC Worker Start (ms): Min: 18924.4, Avg: 18924.5, Max: 18924.5, Diff: 0.1]
      [Ext Root Scanning (ms): Min: 0.2, Avg: 0.2, Max: 0.2, Diff: 0.1, Sum: 0.9]
      [Update RS (ms): Min: 11.8, Avg: 12.0, Max: 12.2, Diff: 0.4, Sum: 48.0]
         [Processed Buffers: Min: 18, Avg: 19.0, Max: 22, Diff: 4, Sum: 76]
      [Scan RS (ms): Min: 5.0, Avg: 5.3, Max: 5.5, Diff: 0.4, Sum: 21.3]
      [Code Root Scanning (ms): Min: 0.0, Avg: 0.0, Max: 0.0, Diff: 0.0, Sum: 0.0]
      [Object Copy (ms): Min: 90.1, Avg: 90.2, Max: 90.3, Diff: 0.1, Sum: 360.9]
      [Termination (ms): Min: 0.0, Avg: 0.0, Max: 0.0, Diff: 0.0, Sum: 0.0]
         [Termination Attempts: Min: 8, Avg: 10.0, Max: 12, Diff: 4, Sum: 40]
      [GC Worker Other (ms): Min: 0.0, Avg: 0.0, Max: 0.0, Diff: 0.0, Sum: 0.1]
      [GC Worker Total (ms): Min: 107.8, Avg: 107.8, Max: 107.8, Diff: 0.1, Sum: 431.2]
      [GC Worker End (ms): Min: 19032.3, Avg: 19032.3, Max: 19032.3, Diff: 0.0]
   [Code Root Fixup: 0.0 ms]
   [Code Root Purge: 0.0 ms]
   [Clear CT: 0.1 ms]
   [Other: 0.5 ms]
      [Choose CSet: 0.0 ms]
      [Ref Proc: 0.0 ms]
      [Ref Enq: 0.0 ms]
      [Redirty Cards: 0.1 ms]
      [Humongous Register: 0.0 ms]
      [Humongous Reclaim: 0.0 ms]
      [Free CSet: 0.1 ms]
   [Eden: 130.0M(130.0M)->0.0B(97.0M) Survivors: 27.0M->20.0M Heap: 1781.0M(2033.0M)->1698.4M(2036.0M)]
 [Times: user=0.44 sys=0.00, real=0.11 secs] 
19.099: [GC concurrent-mark-end, 2.5821905 secs]
19.099: [GC remark 19.099: [Finalize Marking, 0.0000318 secs] 19.099: [GC ref-proc, 0.0000542 secs] 19.099: [Unloading, 0.0011710 secs], 0.0036465 secs]
 [Times: user=0.00 sys=0.00, real=0.00 secs] 
19.103: [GC cleanup 1741M->1741M(2036M), 0.0019770 secs]
 [Times: user=0.00 sys=0.00, real=0.00 secs] 
19.154: [GC pause (G1 Evacuation Pause) (young), 0.0725576 secs]
   [Parallel Time: 72.0 ms, GC Workers: 4]
      [GC Worker Start (ms): Min: 19154.0, Avg: 19154.0, Max: 19154.0, Diff: 0.0]
      [Ext Root Scanning (ms): Min: 0.2, Avg: 0.2, Max: 0.2, Diff: 0.0, Sum: 0.8]
      [Update RS (ms): Min: 12.0, Avg: 12.0, Max: 12.1, Diff: 0.1, Sum: 48.1]
         [Processed Buffers: Min: 19, Avg: 20.0, Max: 21, Diff: 2, Sum: 80]
      [Scan RS (ms): Min: 2.5, Avg: 2.5, Max: 2.6, Diff: 0.1, Sum: 10.2]
      [Code Root Scanning (ms): Min: 0.0, Avg: 0.0, Max: 0.0, Diff: 0.0, Sum: 0.0]
      [Object Copy (ms): Min: 57.2, Avg: 57.2, Max: 57.2, Diff: 0.0, Sum: 228.8]
      [Termination (ms): Min: 0.0, Avg: 0.0, Max: 0.0, Diff: 0.0, Sum: 0.0]
         [Termination Attempts: Min: 8, Avg: 10.5, Max: 13, Diff: 5, Sum: 42]
      [GC Worker Other (ms): Min: 0.0, Avg: 0.0, Max: 0.0, Diff: 0.0, Sum: 0.1]
      [GC Worker Total (ms): Min: 72.0, Avg: 72.0, Max: 72.0, Diff: 0.0, Sum: 288.0]
      [GC Worker End (ms): Min: 19226.0, Avg: 19226.0, Max: 19226.0, Diff: 0.0]
   [Code Root Fixup: 0.0 ms]
   [Code Root Purge: 0.0 ms]
   [Clear CT: 0.0 ms]
   [Other: 0.5 ms]
      [Choose CSet: 0.0 ms]
      [Ref Proc: 0.0 ms]
      [Ref Enq: 0.0 ms]
      [Redirty Cards: 0.1 ms]
      [Humongous Register: 0.0 ms]
      [Humongous Reclaim: 0.0 ms]
      [Free CSet: 0.1 ms]
   [Eden: 97.0M(97.0M)->0.0B(86.0M) Survivors: 20.0M->15.0M Heap: 1795.4M(2036.0M)->1735.0M(2039.0M)]
 [Times: user=0.25 sys=0.00, real=0.07 secs] 
19.321: [GC pause (G1 Evacuation Pause) (mixed), 0.0690936 secs]
   [Parallel Time: 68.4 ms, GC Workers: 4]
      [GC Worker Start (ms): Min: 19320.8, Avg: 19320.8, Max: 19320.8, Diff: 0.0]
      [Ext Root Scanning (ms): Min: 0.2, Avg: 0.2, Max: 0.2, Diff: 0.0, Sum: 0.8]
      [Update RS (ms): Min: 12.2, Avg: 12.3, Max: 12.5, Diff: 0.3, Sum: 49.3]
         [Processed Buffers: Min: 22, Avg: 22.0, Max: 22, Diff: 0, Sum: 88]
      [Scan RS (ms): Min: 1.5, Avg: 1.7, Max: 1.8, Diff: 0.4, Sum: 6.7]
      [Code Root Scanning (ms): Min: 0.0, Avg: 0.0, Max: 0.0, Diff: 0.0, Sum: 0.0]
      [Object Copy (ms): Min: 54.1, Avg: 54.2, Max: 54.2, Diff: 0.1, Sum: 216.7]
      [Termination (ms): Min: 0.0, Avg: 0.0, Max: 0.0, Diff: 0.0, Sum: 0.0]
         [Termination Attempts: Min: 12, Avg: 16.8, Max: 22, Diff: 10, Sum: 67]
      [GC Worker Other (ms): Min: 0.0, Avg: 0.0, Max: 0.0, Diff: 0.0, Sum: 0.1]
      [GC Worker Total (ms): Min: 68.4, Avg: 68.4, Max: 68.4, Diff: 0.0, Sum: 273.7]
      [GC Worker End (ms): Min: 19389.2, Avg: 19389.2, Max: 19389.2, Diff: 0.0]
   [Code Root Fixup: 0.0 ms]
   [Code Root Purge: 0.0 ms]
   [Clear CT: 0.1 ms]
   [Other: 0.6 ms]
      [Choose CSet: 0.0 ms]
      [Ref Proc: 0.0 ms]
      [Ref Enq: 0.0 ms]
      [Redirty Cards: 0.1 ms]
      [Humongous Register: 0.0 ms]
      [Humongous Reclaim: 0.0 ms]
      [Free CSet: 0.2 ms]
   [Eden: 86.0M(86.0M)->0.0B(89.0M) Survivors: 15.0M->13.0M Heap: 1821.0M(2039.0M)->1748.4M(2041.0M)]
 [Times: user=0.31 sys=0.00, real=0.07 secs] 
19.495: [GC pause (G1 Evacuation Pause) (mixed), 0.0898076 secs]
   [Parallel Time: 89.3 ms, GC Workers: 4]
      [GC Worker Start (ms): Min: 19494.8, Avg: 19494.9, Max: 19494.9, Diff: 0.1]
      [Ext Root Scanning (ms): Min: 0.2, Avg: 0.2, Max: 0.3, Diff: 0.1, Sum: 0.9]
      [Update RS (ms): Min: 12.5, Avg: 12.6, Max: 12.7, Diff: 0.2, Sum: 50.3]
         [Processed Buffers: Min: 23, Avg: 24.0, Max: 27, Diff: 4, Sum: 96]
      [Scan RS (ms): Min: 1.7, Avg: 1.8, Max: 2.0, Diff: 0.3, Sum: 7.3]
      [Code Root Scanning (ms): Min: 0.0, Avg: 0.0, Max: 0.0, Diff: 0.0, Sum: 0.0]
      [Object Copy (ms): Min: 74.6, Avg: 74.6, Max: 74.7, Diff: 0.1, Sum: 298.4]
      [Termination (ms): Min: 0.0, Avg: 0.0, Max: 0.0, Diff: 0.0, Sum: 0.0]
         [Termination Attempts: Min: 5, Avg: 7.3, Max: 9, Diff: 4, Sum: 29]
      [GC Worker Other (ms): Min: 0.0, Avg: 0.0, Max: 0.0, Diff: 0.0, Sum: 0.1]
      [GC Worker Total (ms): Min: 89.2, Avg: 89.2, Max: 89.3, Diff: 0.1, Sum: 357.0]
      [GC Worker End (ms): Min: 19584.1, Avg: 19584.1, Max: 19584.1, Diff: 0.0]
   [Code Root Fixup: 0.0 ms]
   [Code Root Purge: 0.0 ms]
   [Clear CT: 0.1 ms]
   [Other: 0.5 ms]
      [Choose CSet: 0.0 ms]
      [Ref Proc: 0.0 ms]
      [Ref Enq: 0.0 ms]
      [Redirty Cards: 0.1 ms]
      [Humongous Register: 0.0 ms]
      [Humongous Reclaim: 0.0 ms]
      [Free CSet: 0.1 ms]
   [Eden: 89.0M(89.0M)->0.0B(89.0M) Survivors: 13.0M->13.0M Heap: 1837.4M(2041.0M)->1774.5M(2043.0M)]
 [Times: user=0.34 sys=0.00, real=0.09 secs] 
19.681: [GC pause (G1 Evacuation Pause) (young), 0.0740404 secs]
   [Parallel Time: 73.6 ms, GC Workers: 4]
      [GC Worker Start (ms): Min: 19681.0, Avg: 19681.0, Max: 19681.0, Diff: 0.0]
      [Ext Root Scanning (ms): Min: 0.2, Avg: 0.2, Max: 0.2, Diff: 0.0, Sum: 0.8]
      [Update RS (ms): Min: 15.5, Avg: 15.6, Max: 15.7, Diff: 0.2, Sum: 62.4]
         [Processed Buffers: Min: 25, Avg: 26.8, Max: 28, Diff: 3, Sum: 107]
      [Scan RS (ms): Min: 3.3, Avg: 3.4, Max: 3.6, Diff: 0.3, Sum: 13.6]
      [Code Root Scanning (ms): Min: 0.0, Avg: 0.0, Max: 0.0, Diff: 0.0, Sum: 0.0]
      [Object Copy (ms): Min: 54.3, Avg: 54.3, Max: 54.4, Diff: 0.1, Sum: 217.3]
      [Termination (ms): Min: 0.0, Avg: 0.0, Max: 0.0, Diff: 0.0, Sum: 0.0]
         [Termination Attempts: Min: 19, Avg: 64.5, Max: 94, Diff: 75, Sum: 258]
      [GC Worker Other (ms): Min: 0.0, Avg: 0.0, Max: 0.0, Diff: 0.0, Sum: 0.1]
      [GC Worker Total (ms): Min: 73.6, Avg: 73.6, Max: 73.6, Diff: 0.0, Sum: 294.2]
      [GC Worker End (ms): Min: 19754.6, Avg: 19754.6, Max: 19754.6, Diff: 0.0]
   [Code Root Fixup: 0.0 ms]
   [Code Root Purge: 0.0 ms]
   [Clear CT: 0.0 ms]
   [Other: 0.4 ms]
      [Choose CSet: 0.0 ms]
      [Ref Proc: 0.0 ms]
      [Ref Enq: 0.0 ms]
      [Redirty Cards: 0.1 ms]
      [Humongous Register: 0.0 ms]
      [Humongous Reclaim: 0.0 ms]
      [Free CSet: 0.1 ms]
   [Eden: 89.0M(89.0M)->0.0B(89.0M) Survivors: 13.0M->13.0M Heap: 1863.5M(2043.0M)->1807.4M(2044.0M)]
 [Times: user=0.31 sys=0.00, real=0.07 secs] 
19.834: [GC pause (G1 Evacuation Pause) (young) (initial-mark), 0.0966432 secs]
   [Parallel Time: 96.0 ms, GC Workers: 4]
      [GC Worker Start (ms): Min: 19834.4, Avg: 19834.4, Max: 19834.4, Diff: 0.0]
      [Ext Root Scanning (ms): Min: 0.3, Avg: 0.3, Max: 0.3, Diff: 0.0, Sum: 1.1]
      [Update RS (ms): Min: 17.4, Avg: 17.5, Max: 17.7, Diff: 0.3, Sum: 70.0]
         [Processed Buffers: Min: 28, Avg: 28.8, Max: 29, Diff: 1, Sum: 115]
      [Scan RS (ms): Min: 2.3, Avg: 2.5, Max: 2.6, Diff: 0.3, Sum: 10.0]
      [Code Root Scanning (ms): Min: 0.0, Avg: 0.0, Max: 0.0, Diff: 0.0, Sum: 0.0]
      [Object Copy (ms): Min: 75.7, Avg: 75.7, Max: 75.7, Diff: 0.0, Sum: 302.7]
      [Termination (ms): Min: 0.0, Avg: 0.0, Max: 0.0, Diff: 0.0, Sum: 0.0]
         [Termination Attempts: Min: 9, Avg: 15.8, Max: 19, Diff: 10, Sum: 63]
      [GC Worker Other (ms): Min: 0.0, Avg: 0.0, Max: 0.0, Diff: 0.0, Sum: 0.0]
      [GC Worker Total (ms): Min: 95.9, Avg: 96.0, Max: 96.0, Diff: 0.0, Sum: 383.8]
      [GC Worker End (ms): Min: 19930.3, Avg: 19930.3, Max: 19930.3, Diff: 0.0]
   [Code Root Fixup: 0.0 ms]
   [Code Root Purge: 0.0 ms]
   [Clear CT: 0.0 ms]
   [Other: 0.6 ms]
      [Choose CSet: 0.0 ms]
      [Ref Proc: 0.1 ms]
      [Ref Enq: 0.0 ms]
      [Redirty Cards: 0.1 ms]
      [Humongous Register: 0.0 ms]
      [Humongous Reclaim: 0.0 ms]
      [Free CSet: 0.1 ms]
   [Eden: 89.0M(89.0M)->0.0B(89.0M) Survivors: 13.0M->13.0M Heap: 1896.4M(2044.0M)->1841.5M(2045.0M)]
 [Times: user=0.38 sys=0.00, real=0.10 secs] 
19.931: [GC concurrent-root-region-scan-start]
19.962: [GC concurrent-root-region-scan-end, 0.0312034 secs]
19.962: [GC concurrent-mark-start]
20.013: [GC pause (G1 Evacuation Pause) (young), 0.0710828 secs]
   [Parallel Time: 70.6 ms, GC Workers: 4]
      [GC Worker Start (ms): Min: 20013.1, Avg: 20013.1, Max: 20013.1, Diff: 0.0]
      [Ext Root Scanning (ms): Min: 0.2, Avg: 0.2, Max: 0.2, Diff: 0.0, Sum: 0.8]
      [Update RS (ms): Min: 21.4, Avg: 21.4, Max: 21.5, Diff: 0.0, Sum: 85.7]
         [Processed Buffers: Min: 30, Avg: 31.8, Max: 35, Diff: 5, Sum: 127]
      [Scan RS (ms): Min: 0.7, Avg: 0.8, Max: 0.8, Diff: 0.0, Sum: 3.1]
      [Code Root Scanning (ms): Min: 0.0, Avg: 0.0, Max: 0.0, Diff: 0.0, Sum: 0.0]
      [Object Copy (ms): Min: 48.1, Avg: 48.1, Max: 48.2, Diff: 0.0, Sum: 192.5]
      [Termination (ms): Min: 0.0, Avg: 0.0, Max: 0.1, Diff: 0.0, Sum: 0.1]
         [Termination Attempts: Min: 21, Avg: 448.8, Max: 613, Diff: 592, Sum: 1795]
      [GC Worker Other (ms): Min: 0.0, Avg: 0.0, Max: 0.0, Diff: 0.0, Sum: 0.0]
      [GC Worker Total (ms): Min: 70.6, Avg: 70.6, Max: 70.6, Diff: 0.0, Sum: 282.3]
      [GC Worker End (ms): Min: 20083.6, Avg: 20083.6, Max: 20083.6, Diff: 0.0]
   [Code Root Fixup: 0.0 ms]
   [Code Root Purge: 0.0 ms]
   [Clear CT: 0.1 ms]
   [Other: 0.4 ms]
      [Choose CSet: 0.0 ms]
      [Ref Proc: 0.0 ms]
      [Ref Enq: 0.0 ms]
      [Redirty Cards: 0.1 ms]
      [Humongous Register: 0.0 ms]
      [Humongous Reclaim: 0.0 ms]
      [Free CSet: 0.1 ms]
   [Eden: 89.0M(89.0M)->0.0B(89.0M) Survivors: 13.0M->13.0M Heap: 1930.5M(2045.0M)->1875.6M(2046.0M)]
 [Times: user=0.25 sys=0.00, real=0.07 secs] 
20.173: [GC pause (G1 Evacuation Pause) (young), 0.0668821 secs]
   [Parallel Time: 66.5 ms, GC Workers: 4]
      [GC Worker Start (ms): Min: 20173.4, Avg: 20173.4, Max: 20173.4, Diff: 0.0]
      [Ext Root Scanning (ms): Min: 0.2, Avg: 0.2, Max: 0.2, Diff: 0.0, Sum: 0.8]
      [Update RS (ms): Min: 15.2, Avg: 15.2, Max: 15.3, Diff: 0.1, Sum: 61.0]
         [Processed Buffers: Min: 27, Avg: 28.3, Max: 30, Diff: 3, Sum: 113]
      [Scan RS (ms): Min: 0.2, Avg: 0.3, Max: 0.3, Diff: 0.1, Sum: 1.2]
      [Code Root Scanning (ms): Min: 0.0, Avg: 0.0, Max: 0.0, Diff: 0.0, Sum: 0.0]
      [Object Copy (ms): Min: 50.7, Avg: 50.7, Max: 50.7, Diff: 0.0, Sum: 202.9]
      [Termination (ms): Min: 0.0, Avg: 0.0, Max: 0.0, Diff: 0.0, Sum: 0.0]
         [Termination Attempts: Min: 23, Avg: 31.5, Max: 40, Diff: 17, Sum: 126]
      [GC Worker Other (ms): Min: 0.0, Avg: 0.0, Max: 0.0, Diff: 0.0, Sum: 0.0]
      [GC Worker Total (ms): Min: 66.5, Avg: 66.5, Max: 66.5, Diff: 0.0, Sum: 265.9]
      [GC Worker End (ms): Min: 20239.8, Avg: 20239.8, Max: 20239.8, Diff: 0.0]
   [Code Root Fixup: 0.0 ms]
   [Code Root Purge: 0.0 ms]
   [Clear CT: 0.0 ms]
   [Other: 0.3 ms]
      [Choose CSet: 0.0 ms]
      [Ref Proc: 0.0 ms]
      [Ref Enq: 0.0 ms]
      [Redirty Cards: 0.1 ms]
      [Humongous Register: 0.0 ms]
      [Humongous Reclaim: 0.0 ms]
      [Free CSet: 0.1 ms]
   [Eden: 89.0M(89.0M)->0.0B(89.0M) Survivors: 13.0M->13.0M Heap: 1964.6M(2046.0M)->1907.3M(2047.0M)]
 [Times: user=0.25 sys=0.00, real=0.07 secs] 
20.319: [GC pause (G1 Evacuation Pause) (young), 0.0495404 secs]
   [Parallel Time: 49.2 ms, GC Workers: 4]
      [GC Worker Start (ms): Min: 20319.5, Avg: 20319.5, Max: 20319.5, Diff: 0.0]
      [Ext Root Scanning (ms): Min: 0.2, Avg: 0.2, Max: 0.2, Diff: 0.0, Sum: 0.8]
      [Update RS (ms): Min: 15.0, Avg: 15.1, Max: 15.1, Diff: 0.1, Sum: 60.3]
         [Processed Buffers: Min: 30, Avg: 30.8, Max: 32, Diff: 2, Sum: 123]
      [Scan RS (ms): Min: 0.0, Avg: 0.0, Max: 0.1, Diff: 0.1, Sum: 0.1]
      [Code Root Scanning (ms): Min: 0.0, Avg: 0.0, Max: 0.0, Diff: 0.0, Sum: 0.0]
      [Object Copy (ms): Min: 33.8, Avg: 33.8, Max: 33.9, Diff: 0.1, Sum: 135.3]
      [Termination (ms): Min: 0.0, Avg: 0.0, Max: 0.0, Diff: 0.0, Sum: 0.0]
         [Termination Attempts: Min: 4, Avg: 6.5, Max: 9, Diff: 5, Sum: 26]
      [GC Worker Other (ms): Min: 0.0, Avg: 0.0, Max: 0.0, Diff: 0.0, Sum: 0.0]
      [GC Worker Total (ms): Min: 49.1, Avg: 49.1, Max: 49.1, Diff: 0.0, Sum: 196.5]
      [GC Worker End (ms): Min: 20368.6, Avg: 20368.6, Max: 20368.6, Diff: 0.0]
   [Code Root Fixup: 0.0 ms]
   [Code Root Purge: 0.0 ms]
   [Clear CT: 0.0 ms]
   [Other: 0.3 ms]
      [Choose CSet: 0.0 ms]
      [Ref Proc: 0.0 ms]
      [Ref Enq: 0.0 ms]
      [Redirty Cards: 0.1 ms]
      [Humongous Register: 0.0 ms]
      [Humongous Reclaim: 0.0 ms]
      [Free CSet: 0.1 ms]
   [Eden: 89.0M(89.0M)->0.0B(89.0M) Survivors: 13.0M->13.0M Heap: 1996.3M(2047.0M)->1940.8M(2048.0M)]
 [Times: user=0.19 sys=0.00, real=0.05 secs] 
20.449: [GC pause (G1 Evacuation Pause) (young) (to-space exhausted), 0.0951790 secs]
   [Parallel Time: 86.5 ms, GC Workers: 4]
      [GC Worker Start (ms): Min: 20448.7, Avg: 20448.7, Max: 20448.7, Diff: 0.0]
      [Ext Root Scanning (ms): Min: 0.2, Avg: 0.2, Max: 0.2, Diff: 0.0, Sum: 0.8]
      [Update RS (ms): Min: 17.5, Avg: 17.5, Max: 17.6, Diff: 0.2, Sum: 70.2]
         [Processed Buffers: Min: 33, Avg: 34.0, Max: 35, Diff: 2, Sum: 136]
      [Scan RS (ms): Min: 1.4, Avg: 1.5, Max: 1.5, Diff: 0.1, Sum: 5.8]
      [Code Root Scanning (ms): Min: 0.0, Avg: 0.0, Max: 0.0, Diff: 0.0, Sum: 0.0]
      [Object Copy (ms): Min: 67.1, Avg: 67.2, Max: 67.2, Diff: 0.2, Sum: 268.7]
      [Termination (ms): Min: 0.0, Avg: 0.1, Max: 0.2, Diff: 0.2, Sum: 0.3]
         [Termination Attempts: Min: 1, Avg: 1.0, Max: 1, Diff: 0, Sum: 4]
      [GC Worker Other (ms): Min: 0.0, Avg: 0.0, Max: 0.0, Diff: 0.0, Sum: 0.0]
      [GC Worker Total (ms): Min: 86.5, Avg: 86.5, Max: 86.5, Diff: 0.0, Sum: 345.8]
      [GC Worker End (ms): Min: 20535.2, Avg: 20535.2, Max: 20535.2, Diff: 0.0]
   [Code Root Fixup: 0.0 ms]
   [Code Root Purge: 0.0 ms]
   [Clear CT: 0.0 ms]
   [Other: 8.7 ms]
      [Evacuation Failure: 8.4 ms]
      [Choose CSet: 0.0 ms]
      [Ref Proc: 0.0 ms]
      [Ref Enq: 0.0 ms]
      [Redirty Cards: 0.1 ms]
      [Humongous Register: 0.0 ms]
      [Humongous Reclaim: 0.0 ms]
      [Free CSet: 0.1 ms]
   [Eden: 89.0M(89.0M)->0.0B(94.0M) Survivors: 13.0M->8192.0K Heap: 2029.8M(2048.0M)->2018.0M(2048.0M)]
 [Times: user=0.27 sys=0.00, real=0.10 secs] 
20.587: [GC pause (G1 Evacuation Pause) (young) (to-space exhausted), 0.0525858 secs]
   [Parallel Time: 46.5 ms, GC Workers: 4]
      [GC Worker Start (ms): Min: 20587.3, Avg: 20587.3, Max: 20587.3, Diff: 0.0]
      [Ext Root Scanning (ms): Min: 0.2, Avg: 0.2, Max: 0.2, Diff: 0.0, Sum: 0.8]
      [Update RS (ms): Min: 7.7, Avg: 13.9, Max: 16.0, Diff: 8.3, Sum: 55.5]
         [Processed Buffers: Min: 26, Avg: 37.5, Max: 42, Diff: 16, Sum: 150]
      [Scan RS (ms): Min: 0.5, Avg: 0.6, Max: 0.7, Diff: 0.2, Sum: 2.4]
      [Code Root Scanning (ms): Min: 0.0, Avg: 0.0, Max: 0.0, Diff: 0.0, Sum: 0.0]
      [Object Copy (ms): Min: 29.0, Avg: 31.2, Max: 37.1, Diff: 8.1, Sum: 124.8]
      [Termination (ms): Min: 0.0, Avg: 0.6, Max: 0.8, Diff: 0.8, Sum: 2.5]
         [Termination Attempts: Min: 1, Avg: 1.0, Max: 1, Diff: 0, Sum: 4]
      [GC Worker Other (ms): Min: 0.0, Avg: 0.0, Max: 0.0, Diff: 0.0, Sum: 0.0]
      [GC Worker Total (ms): Min: 46.5, Avg: 46.5, Max: 46.5, Diff: 0.0, Sum: 186.0]
      [GC Worker End (ms): Min: 20633.8, Avg: 20633.8, Max: 20633.8, Diff: 0.0]
   [Code Root Fixup: 0.0 ms]
   [Code Root Purge: 0.0 ms]
   [Clear CT: 0.0 ms]
   [Other: 6.0 ms]
      [Evacuation Failure: 5.8 ms]
      [Choose CSet: 0.0 ms]
      [Ref Proc: 0.0 ms]
      [Ref Enq: 0.0 ms]
      [Redirty Cards: 0.1 ms]
      [Humongous Register: 0.0 ms]
      [Humongous Reclaim: 0.0 ms]
      [Free CSet: 0.0 ms]
   [Eden: 30.0M(94.0M)->0.0B(102.0M) Survivors: 8192.0K->0.0B Heap: 2048.0M(2048.0M)->2043.0M(2048.0M)]
 [Times: user=0.19 sys=0.00, real=0.05 secs] 
20.645: [GC pause (G1 Evacuation Pause) (young) (to-space exhausted), 0.0285442 secs]
   [Parallel Time: 27.6 ms, GC Workers: 4]
      [GC Worker Start (ms): Min: 20645.5, Avg: 20645.5, Max: 20645.5, Diff: 0.0]
      [Ext Root Scanning (ms): Min: 0.2, Avg: 0.2, Max: 0.2, Diff: 0.0, Sum: 0.8]
      [Update RS (ms): Min: 23.7, Avg: 23.9, Max: 24.2, Diff: 0.4, Sum: 95.7]
         [Processed Buffers: Min: 39, Avg: 71.5, Max: 127, Diff: 88, Sum: 286]
      [Scan RS (ms): Min: 0.0, Avg: 0.0, Max: 0.0, Diff: 0.0, Sum: 0.0]
      [Code Root Scanning (ms): Min: 0.0, Avg: 0.0, Max: 0.0, Diff: 0.0, Sum: 0.0]
      [Object Copy (ms): Min: 2.1, Avg: 2.8, Max: 3.6, Diff: 1.5, Sum: 11.3]
      [Termination (ms): Min: 0.0, Avg: 0.6, Max: 1.1, Diff: 1.1, Sum: 2.4]
         [Termination Attempts: Min: 1, Avg: 1.0, Max: 1, Diff: 0, Sum: 4]
      [GC Worker Other (ms): Min: 0.0, Avg: 0.0, Max: 0.0, Diff: 0.0, Sum: 0.0]
      [GC Worker Total (ms): Min: 27.5, Avg: 27.5, Max: 27.6, Diff: 0.0, Sum: 110.2]
      [GC Worker End (ms): Min: 20673.0, Avg: 20673.0, Max: 20673.0, Diff: 0.0]
   [Code Root Fixup: 0.0 ms]
   [Code Root Purge: 0.0 ms]
   [Clear CT: 0.0 ms]
   [Other: 1.0 ms]
      [Evacuation Failure: 0.8 ms]
      [Choose CSet: 0.0 ms]
      [Ref Proc: 0.0 ms]
      [Ref Enq: 0.0 ms]
      [Redirty Cards: 0.0 ms]
      [Humongous Register: 0.0 ms]
      [Humongous Reclaim: 0.0 ms]
      [Free CSet: 0.0 ms]
   [Eden: 5120.0K(102.0M)->0.0B(102.0M) Survivors: 0.0B->0.0B Heap: 2048.0M(2048.0M)->2048.0M(2048.0M)]
 [Times: user=0.11 sys=0.00, real=0.03 secs] 
20.674: [Full GC (Allocation Failure)  2047M->1188M(2048M), 1.7140380 secs]
   [Eden: 0.0B(102.0M)->0.0B(358.0M) Survivors: 0.0B->0.0B Heap: 2048.0M(2048.0M)->1188.9M(2048.0M)], [Metaspace: 9199K->9041K(1058816K)]
 [Times: user=3.41 sys=0.00, real=1.71 secs] 
22.388: [GC concurrent-mark-abort]
22.708: [GC pause (G1 Evacuation Pause) (young), 0.1453974 secs]
   [Parallel Time: 144.7 ms, GC Workers: 4]
      [GC Worker Start (ms): Min: 22708.4, Avg: 22708.5, Max: 22708.5, Diff: 0.0]
      [Ext Root Scanning (ms): Min: 0.2, Avg: 0.2, Max: 0.3, Diff: 0.0, Sum: 0.9]
      [Update RS (ms): Min: 0.0, Avg: 0.1, Max: 0.2, Diff: 0.1, Sum: 0.3]
         [Processed Buffers: Min: 1, Avg: 1.5, Max: 3, Diff: 2, Sum: 6]
      [Scan RS (ms): Min: 0.0, Avg: 0.0, Max: 0.1, Diff: 0.0, Sum: 0.2]
      [Code Root Scanning (ms): Min: 0.0, Avg: 0.0, Max: 0.0, Diff: 0.0, Sum: 0.0]
      [Object Copy (ms): Min: 144.3, Avg: 144.3, Max: 144.3, Diff: 0.1, Sum: 577.2]
      [Termination (ms): Min: 0.0, Avg: 0.0, Max: 0.0, Diff: 0.0, Sum: 0.0]
         [Termination Attempts: Min: 23, Avg: 32.8, Max: 36, Diff: 13, Sum: 131]
      [GC Worker Other (ms): Min: 0.0, Avg: 0.0, Max: 0.0, Diff: 0.0, Sum: 0.1]
      [GC Worker Total (ms): Min: 144.7, Avg: 144.7, Max: 144.7, Diff: 0.0, Sum: 578.7]
      [GC Worker End (ms): Min: 22853.1, Avg: 22853.1, Max: 22853.1, Diff: 0.0]
   [Code Root Fixup: 0.0 ms]
   [Code Root Purge: 0.0 ms]
   [Clear CT: 0.1 ms]
   [Other: 0.6 ms]
      [Choose CSet: 0.0 ms]
      [Ref Proc: 0.0 ms]
      [Ref Enq: 0.0 ms]
      [Redirty Cards: 0.1 ms]
      [Humongous Register: 0.1 ms]
      [Humongous Reclaim: 0.0 ms]
      [Free CSet: 0.2 ms]
   [Eden: 358.0M(358.0M)->0.0B(253.0M) Survivors: 0.0B->45.0M Heap: 1546.9M(2048.0M)->1315.6M(2048.0M)]
 [Times: user=0.56 sys=0.00, real=0.14 secs] 
23.094: [GC pause (G1 Evacuation Pause) (young) (initial-mark), 0.1872292 secs]
   [Parallel Time: 186.4 ms, GC Workers: 4]
      [GC Worker Start (ms): Min: 23094.6, Avg: 23094.6, Max: 23094.7, Diff: 0.0]
      [Ext Root Scanning (ms): Min: 0.3, Avg: 0.3, Max: 0.3, Diff: 0.0, Sum: 1.1]
      [Update RS (ms): Min: 21.5, Avg: 21.6, Max: 21.7, Diff: 0.2, Sum: 86.5]
         [Processed Buffers: Min: 35, Avg: 36.8, Max: 38, Diff: 3, Sum: 147]
      [Scan RS (ms): Min: 4.6, Avg: 4.6, Max: 4.8, Diff: 0.2, Sum: 18.6]
      [Code Root Scanning (ms): Min: 0.0, Avg: 0.0, Max: 0.0, Diff: 0.0, Sum: 0.0]
      [Object Copy (ms): Min: 159.8, Avg: 159.8, Max: 159.8, Diff: 0.1, Sum: 639.2]
      [Termination (ms): Min: 0.0, Avg: 0.0, Max: 0.0, Diff: 0.0, Sum: 0.0]
         [Termination Attempts: Min: 19, Avg: 22.5, Max: 25, Diff: 6, Sum: 90]
      [GC Worker Other (ms): Min: 0.0, Avg: 0.0, Max: 0.0, Diff: 0.0, Sum: 0.1]
      [GC Worker Total (ms): Min: 186.4, Avg: 186.4, Max: 186.4, Diff: 0.0, Sum: 745.5]
      [GC Worker End (ms): Min: 23281.0, Avg: 23281.0, Max: 23281.0, Diff: 0.0]
   [Code Root Fixup: 0.0 ms]
   [Code Root Purge: 0.0 ms]
   [Clear CT: 0.1 ms]
   [Other: 0.7 ms]
      [Choose CSet: 0.0 ms]
      [Ref Proc: 0.0 ms]
      [Ref Enq: 0.0 ms]
      [Redirty Cards: 0.2 ms]
      [Humongous Register: 0.0 ms]
      [Humongous Reclaim: 0.0 ms]
      [Free CSet: 0.2 ms]
   [Eden: 253.0M(253.0M)->0.0B(180.0M) Survivors: 45.0M->38.0M Heap: 1568.6M(2048.0M)->1407.5M(2048.0M)]
 [Times: user=0.75 sys=0.00, real=0.19 secs] 
23.282: [GC concurrent-root-region-scan-start]
23.341: [GC concurrent-root-region-scan-end, 0.0588948 secs]
23.341: [GC concurrent-mark-start]
23.508: [GC pause (G1 Evacuation Pause) (young), 0.1647900 secs]
   [Parallel Time: 164.2 ms, GC Workers: 4]
      [GC Worker Start (ms): Min: 23508.0, Avg: 23508.0, Max: 23508.0, Diff: 0.0]
      [Ext Root Scanning (ms): Min: 0.2, Avg: 0.2, Max: 0.2, Diff: 0.0, Sum: 0.8]
      [Update RS (ms): Min: 19.2, Avg: 19.3, Max: 19.3, Diff: 0.2, Sum: 77.0]
         [Processed Buffers: Min: 31, Avg: 32.8, Max: 34, Diff: 3, Sum: 131]
      [Scan RS (ms): Min: 4.5, Avg: 4.6, Max: 4.7, Diff: 0.2, Sum: 18.3]
      [Code Root Scanning (ms): Min: 0.0, Avg: 0.0, Max: 0.0, Diff: 0.0, Sum: 0.0]
      [Object Copy (ms): Min: 140.1, Avg: 140.1, Max: 140.2, Diff: 0.0, Sum: 560.6]
      [Termination (ms): Min: 0.0, Avg: 0.0, Max: 0.0, Diff: 0.0, Sum: 0.0]
         [Termination Attempts: Min: 24, Avg: 32.3, Max: 48, Diff: 24, Sum: 129]
      [GC Worker Other (ms): Min: 0.0, Avg: 0.0, Max: 0.0, Diff: 0.0, Sum: 0.1]
      [GC Worker Total (ms): Min: 164.2, Avg: 164.2, Max: 164.2, Diff: 0.0, Sum: 656.8]
      [GC Worker End (ms): Min: 23672.2, Avg: 23672.2, Max: 23672.2, Diff: 0.0]
   [Code Root Fixup: 0.0 ms]
   [Code Root Purge: 0.0 ms]
   [Clear CT: 0.1 ms]
   [Other: 0.5 ms]
      [Choose CSet: 0.0 ms]
      [Ref Proc: 0.0 ms]
      [Ref Enq: 0.0 ms]
      [Redirty Cards: 0.2 ms]
      [Humongous Register: 0.0 ms]
      [Humongous Reclaim: 0.0 ms]
      [Free CSet: 0.2 ms]
   [Eden: 180.0M(180.0M)->0.0B(129.0M) Survivors: 38.0M->28.0M Heap: 1587.5M(2048.0M)->1473.2M(2048.0M)]
 [Times: user=0.66 sys=0.00, real=0.16 secs] 
23.827: [GC pause (G1 Evacuation Pause) (young), 0.1452444 secs]
   [Parallel Time: 144.8 ms, GC Workers: 4]
      [GC Worker Start (ms): Min: 23827.2, Avg: 23827.2, Max: 23827.2, Diff: 0.0]
      [Ext Root Scanning (ms): Min: 0.2, Avg: 0.2, Max: 0.2, Diff: 0.0, Sum: 0.8]
      [Update RS (ms): Min: 29.2, Avg: 29.3, Max: 29.4, Diff: 0.2, Sum: 117.2]
         [Processed Buffers: Min: 49, Avg: 49.8, Max: 52, Diff: 3, Sum: 199]
      [Scan RS (ms): Min: 7.2, Avg: 7.3, Max: 7.4, Diff: 0.1, Sum: 29.2]
      [Code Root Scanning (ms): Min: 0.0, Avg: 0.0, Max: 0.0, Diff: 0.0, Sum: 0.0]
      [Object Copy (ms): Min: 107.9, Avg: 107.9, Max: 107.9, Diff: 0.1, Sum: 431.6]
      [Termination (ms): Min: 0.0, Avg: 0.0, Max: 0.0, Diff: 0.0, Sum: 0.0]
         [Termination Attempts: Min: 7, Avg: 10.0, Max: 15, Diff: 8, Sum: 40]
      [GC Worker Other (ms): Min: 0.0, Avg: 0.0, Max: 0.0, Diff: 0.0, Sum: 0.1]
      [GC Worker Total (ms): Min: 144.7, Avg: 144.7, Max: 144.7, Diff: 0.0, Sum: 578.9]
      [GC Worker End (ms): Min: 23971.9, Avg: 23971.9, Max: 23971.9, Diff: 0.0]
   [Code Root Fixup: 0.0 ms]
   [Code Root Purge: 0.0 ms]
   [Clear CT: 0.0 ms]
   [Other: 0.4 ms]
      [Choose CSet: 0.0 ms]
      [Ref Proc: 0.0 ms]
      [Ref Enq: 0.0 ms]
      [Redirty Cards: 0.1 ms]
      [Humongous Register: 0.0 ms]
      [Humongous Reclaim: 0.0 ms]
      [Free CSet: 0.1 ms]
   [Eden: 129.0M(129.0M)->0.0B(92.0M) Survivors: 28.0M->20.0M Heap: 1602.2M(2048.0M)->1522.6M(2048.0M)]
 [Times: user=0.56 sys=0.00, real=0.15 secs] 
24.075: [GC pause (G1 Evacuation Pause) (young), 0.0929800 secs]
   [Parallel Time: 92.6 ms, GC Workers: 4]
      [GC Worker Start (ms): Min: 24074.7, Avg: 24074.7, Max: 24074.7, Diff: 0.0]
      [Ext Root Scanning (ms): Min: 0.2, Avg: 0.2, Max: 0.2, Diff: 0.1, Sum: 0.8]
      [Update RS (ms): Min: 20.5, Avg: 20.6, Max: 20.8, Diff: 0.3, Sum: 82.4]
         [Processed Buffers: Min: 32, Avg: 32.3, Max: 33, Diff: 1, Sum: 129]
      [Scan RS (ms): Min: 7.1, Avg: 7.2, Max: 7.3, Diff: 0.2, Sum: 28.9]
      [Code Root Scanning (ms): Min: 0.0, Avg: 0.0, Max: 0.0, Diff: 0.0, Sum: 0.0]
      [Object Copy (ms): Min: 64.5, Avg: 64.5, Max: 64.5, Diff: 0.0, Sum: 258.1]
      [Termination (ms): Min: 0.0, Avg: 0.0, Max: 0.0, Diff: 0.0, Sum: 0.0]
         [Termination Attempts: Min: 15, Avg: 19.5, Max: 23, Diff: 8, Sum: 78]
      [GC Worker Other (ms): Min: 0.0, Avg: 0.0, Max: 0.0, Diff: 0.0, Sum: 0.0]
      [GC Worker Total (ms): Min: 92.5, Avg: 92.6, Max: 92.6, Diff: 0.0, Sum: 370.2]
      [GC Worker End (ms): Min: 24167.3, Avg: 24167.3, Max: 24167.3, Diff: 0.0]
   [Code Root Fixup: 0.0 ms]
   [Code Root Purge: 0.0 ms]
   [Clear CT: 0.0 ms]
   [Other: 0.3 ms]
      [Choose CSet: 0.0 ms]
      [Ref Proc: 0.0 ms]
      [Ref Enq: 0.0 ms]
      [Redirty Cards: 0.1 ms]
      [Humongous Register: 0.0 ms]
      [Humongous Reclaim: 0.0 ms]
      [Free CSet: 0.1 ms]
   [Eden: 92.0M(92.0M)->0.0B(88.0M) Survivors: 20.0M->14.0M Heap: 1614.6M(2048.0M)->1556.3M(2048.0M)]
 [Times: user=0.38 sys=0.00, real=0.09 secs] 
24.255: [GC pause (G1 Evacuation Pause) (young), 0.0664504 secs]
   [Parallel Time: 66.1 ms, GC Workers: 4]
      [GC Worker Start (ms): Min: 24255.4, Avg: 24255.5, Max: 24255.5, Diff: 0.0]
      [Ext Root Scanning (ms): Min: 0.2, Avg: 0.2, Max: 0.2, Diff: 0.0, Sum: 0.8]
      [Update RS (ms): Min: 15.7, Avg: 15.7, Max: 15.9, Diff: 0.2, Sum: 63.0]
         [Processed Buffers: Min: 27, Avg: 28.8, Max: 30, Diff: 3, Sum: 115]
      [Scan RS (ms): Min: 0.5, Avg: 0.6, Max: 0.7, Diff: 0.2, Sum: 2.5]
      [Code Root Scanning (ms): Min: 0.0, Avg: 0.0, Max: 0.0, Diff: 0.0, Sum: 0.0]
      [Object Copy (ms): Min: 49.5, Avg: 49.5, Max: 49.5, Diff: 0.0, Sum: 197.9]
      [Termination (ms): Min: 0.0, Avg: 0.0, Max: 0.0, Diff: 0.0, Sum: 0.0]
         [Termination Attempts: Min: 1, Avg: 1.0, Max: 1, Diff: 0, Sum: 4]
      [GC Worker Other (ms): Min: 0.0, Avg: 0.0, Max: 0.0, Diff: 0.0, Sum: 0.0]
      [GC Worker Total (ms): Min: 66.0, Avg: 66.1, Max: 66.1, Diff: 0.0, Sum: 264.2]
      [GC Worker End (ms): Min: 24321.5, Avg: 24321.5, Max: 24321.5, Diff: 0.0]
   [Code Root Fixup: 0.0 ms]
   [Code Root Purge: 0.0 ms]
   [Clear CT: 0.0 ms]
   [Other: 0.3 ms]
      [Choose CSet: 0.0 ms]
      [Ref Proc: 0.0 ms]
      [Ref Enq: 0.0 ms]
      [Redirty Cards: 0.1 ms]
      [Humongous Register: 0.0 ms]
      [Humongous Reclaim: 0.0 ms]
      [Free CSet: 0.1 ms]
   [Eden: 88.0M(88.0M)->0.0B(89.0M) Survivors: 14.0M->13.0M Heap: 1644.3M(2048.0M)->1588.6M(2048.0M)]
 [Times: user=0.25 sys=0.00, real=0.07 secs] 
24.401: [GC pause (G1 Evacuation Pause) (young), 0.0548150 secs]
   [Parallel Time: 54.4 ms, GC Workers: 4]
      [GC Worker Start (ms): Min: 24400.9, Avg: 24400.9, Max: 24400.9, Diff: 0.0]
      [Ext Root Scanning (ms): Min: 0.2, Avg: 0.2, Max: 0.2, Diff: 0.0, Sum: 0.8]
      [Update RS (ms): Min: 16.0, Avg: 16.0, Max: 16.1, Diff: 0.1, Sum: 64.0]
         [Processed Buffers: Min: 31, Avg: 31.5, Max: 33, Diff: 2, Sum: 126]
      [Scan RS (ms): Min: 0.0, Avg: 0.1, Max: 0.1, Diff: 0.1, Sum: 0.3]
      [Code Root Scanning (ms): Min: 0.0, Avg: 0.0, Max: 0.0, Diff: 0.0, Sum: 0.0]
      [Object Copy (ms): Min: 38.1, Avg: 38.1, Max: 38.1, Diff: 0.0, Sum: 152.4]
      [Termination (ms): Min: 0.0, Avg: 0.0, Max: 0.0, Diff: 0.0, Sum: 0.0]
         [Termination Attempts: Min: 3, Avg: 6.0, Max: 9, Diff: 6, Sum: 24]
      [GC Worker Other (ms): Min: 0.0, Avg: 0.0, Max: 0.0, Diff: 0.0, Sum: 0.0]
      [GC Worker Total (ms): Min: 54.4, Avg: 54.4, Max: 54.4, Diff: 0.0, Sum: 217.6]
      [GC Worker End (ms): Min: 24455.3, Avg: 24455.3, Max: 24455.3, Diff: 0.0]
   [Code Root Fixup: 0.0 ms]
   [Code Root Purge: 0.0 ms]
   [Clear CT: 0.0 ms]
   [Other: 0.4 ms]
      [Choose CSet: 0.0 ms]
      [Ref Proc: 0.1 ms]
      [Ref Enq: 0.0 ms]
      [Redirty Cards: 0.1 ms]
      [Humongous Register: 0.0 ms]
      [Humongous Reclaim: 0.0 ms]
      [Free CSet: 0.1 ms]
   [Eden: 89.0M(89.0M)->0.0B(89.0M) Survivors: 13.0M->13.0M Heap: 1677.6M(2048.0M)->1620.9M(2048.0M)]
 [Times: user=0.25 sys=0.00, real=0.06 secs] 
24.532: [GC pause (G1 Evacuation Pause) (young), 0.0820653 secs]
   [Parallel Time: 81.7 ms, GC Workers: 4]
      [GC Worker Start (ms): Min: 24532.3, Avg: 24532.3, Max: 24532.3, Diff: 0.0]
      [Ext Root Scanning (ms): Min: 0.2, Avg: 0.2, Max: 0.2, Diff: 0.0, Sum: 0.7]
      [Update RS (ms): Min: 24.1, Avg: 24.3, Max: 24.4, Diff: 0.3, Sum: 97.0]
         [Processed Buffers: Min: 29, Avg: 34.5, Max: 40, Diff: 11, Sum: 138]
      [Scan RS (ms): Min: 0.9, Avg: 1.1, Max: 1.2, Diff: 0.3, Sum: 4.4]
      [Code Root Scanning (ms): Min: 0.0, Avg: 0.0, Max: 0.0, Diff: 0.0, Sum: 0.0]
      [Object Copy (ms): Min: 56.1, Avg: 56.1, Max: 56.1, Diff: 0.0, Sum: 224.4]
      [Termination (ms): Min: 0.0, Avg: 0.0, Max: 0.0, Diff: 0.0, Sum: 0.0]
         [Termination Attempts: Min: 31, Avg: 35.5, Max: 42, Diff: 11, Sum: 142]
      [GC Worker Other (ms): Min: 0.0, Avg: 0.0, Max: 0.0, Diff: 0.0, Sum: 0.0]
      [GC Worker Total (ms): Min: 81.6, Avg: 81.6, Max: 81.6, Diff: 0.0, Sum: 326.6]
      [GC Worker End (ms): Min: 24614.0, Avg: 24614.0, Max: 24614.0, Diff: 0.0]
   [Code Root Fixup: 0.0 ms]
   [Code Root Purge: 0.0 ms]
   [Clear CT: 0.0 ms]
   [Other: 0.3 ms]
      [Choose CSet: 0.0 ms]
      [Ref Proc: 0.0 ms]
      [Ref Enq: 0.0 ms]
      [Redirty Cards: 0.1 ms]
      [Humongous Register: 0.0 ms]
      [Humongous Reclaim: 0.0 ms]
      [Free CSet: 0.1 ms]
   [Eden: 89.0M(89.0M)->0.0B(89.0M) Survivors: 13.0M->13.0M Heap: 1709.9M(2048.0M)->1653.3M(2048.0M)]
 [Times: user=0.31 sys=0.00, real=0.08 secs] 
24.694: [GC pause (G1 Evacuation Pause) (young), 0.0893175 secs]
   [Parallel Time: 89.0 ms, GC Workers: 4]
      [GC Worker Start (ms): Min: 24694.5, Avg: 24694.5, Max: 24694.5, Diff: 0.0]
      [Ext Root Scanning (ms): Min: 0.2, Avg: 0.2, Max: 0.2, Diff: 0.0, Sum: 0.8]
      [Update RS (ms): Min: 35.2, Avg: 35.3, Max: 35.5, Diff: 0.3, Sum: 141.4]
         [Processed Buffers: Min: 56, Avg: 57.3, Max: 60, Diff: 4, Sum: 229]
      [Scan RS (ms): Min: 0.0, Avg: 0.0, Max: 0.0, Diff: 0.0, Sum: 0.1]
      [Code Root Scanning (ms): Min: 0.0, Avg: 0.0, Max: 0.0, Diff: 0.0, Sum: 0.0]
      [Object Copy (ms): Min: 53.2, Avg: 53.3, Max: 53.4, Diff: 0.2, Sum: 213.3]
      [Termination (ms): Min: 0.0, Avg: 0.0, Max: 0.0, Diff: 0.0, Sum: 0.0]
         [Termination Attempts: Min: 7, Avg: 8.8, Max: 11, Diff: 4, Sum: 35]
      [GC Worker Other (ms): Min: 0.0, Avg: 0.0, Max: 0.0, Diff: 0.0, Sum: 0.1]
      [GC Worker Total (ms): Min: 88.9, Avg: 88.9, Max: 88.9, Diff: 0.0, Sum: 355.6]
      [GC Worker End (ms): Min: 24783.4, Avg: 24783.4, Max: 24783.4, Diff: 0.0]
   [Code Root Fixup: 0.0 ms]
   [Code Root Purge: 0.0 ms]
   [Clear CT: 0.0 ms]
   [Other: 0.3 ms]
      [Choose CSet: 0.0 ms]
      [Ref Proc: 0.0 ms]
      [Ref Enq: 0.0 ms]
      [Redirty Cards: 0.1 ms]
      [Humongous Register: 0.0 ms]
      [Humongous Reclaim: 0.0 ms]
      [Free CSet: 0.1 ms]
   [Eden: 89.0M(89.0M)->0.0B(89.0M) Survivors: 13.0M->13.0M Heap: 1742.3M(2048.0M)->1685.8M(2048.0M)]
 [Times: user=0.38 sys=0.00, real=0.09 secs] 
24.872: [GC pause (G1 Evacuation Pause) (young), 0.0800196 secs]
   [Parallel Time: 79.6 ms, GC Workers: 4]
      [GC Worker Start (ms): Min: 24872.1, Avg: 24872.1, Max: 24872.1, Diff: 0.0]
      [Ext Root Scanning (ms): Min: 0.2, Avg: 0.2, Max: 0.2, Diff: 0.0, Sum: 0.8]
      [Update RS (ms): Min: 18.5, Avg: 18.7, Max: 19.0, Diff: 0.5, Sum: 74.9]
         [Processed Buffers: Min: 27, Avg: 27.5, Max: 29, Diff: 2, Sum: 110]
      [Scan RS (ms): Min: 0.3, Avg: 0.6, Max: 0.9, Diff: 0.5, Sum: 2.5]
      [Code Root Scanning (ms): Min: 0.0, Avg: 0.0, Max: 0.0, Diff: 0.0, Sum: 0.0]
      [Object Copy (ms): Min: 60.0, Avg: 60.0, Max: 60.0, Diff: 0.0, Sum: 240.0]
      [Termination (ms): Min: 0.0, Avg: 0.0, Max: 0.0, Diff: 0.0, Sum: 0.0]
         [Termination Attempts: Min: 31, Avg: 32.8, Max: 36, Diff: 5, Sum: 131]
      [GC Worker Other (ms): Min: 0.0, Avg: 0.0, Max: 0.0, Diff: 0.0, Sum: 0.0]
      [GC Worker Total (ms): Min: 79.5, Avg: 79.6, Max: 79.6, Diff: 0.0, Sum: 318.2]
      [GC Worker End (ms): Min: 24951.6, Avg: 24951.6, Max: 24951.6, Diff: 0.0]
   [Code Root Fixup: 0.0 ms]
   [Code Root Purge: 0.0 ms]
   [Clear CT: 0.0 ms]
   [Other: 0.4 ms]
      [Choose CSet: 0.0 ms]
      [Ref Proc: 0.0 ms]
      [Ref Enq: 0.0 ms]
      [Redirty Cards: 0.1 ms]
      [Humongous Register: 0.0 ms]
      [Humongous Reclaim: 0.0 ms]
      [Free CSet: 0.1 ms]
   [Eden: 89.0M(89.0M)->0.0B(89.0M) Survivors: 13.0M->13.0M Heap: 1774.8M(2048.0M)->1719.6M(2048.0M)]
 [Times: user=0.31 sys=0.00, real=0.08 secs] 
25.038: [GC pause (G1 Evacuation Pause) (young) (to-space exhausted), 0.0676945 secs]
   [Parallel Time: 66.4 ms, GC Workers: 4]
      [GC Worker Start (ms): Min: 25038.0, Avg: 25038.0, Max: 25038.1, Diff: 0.0]
      [Ext Root Scanning (ms): Min: 0.2, Avg: 0.2, Max: 0.2, Diff: 0.0, Sum: 0.8]
      [Update RS (ms): Min: 17.3, Avg: 17.4, Max: 17.5, Diff: 0.2, Sum: 69.7]
         [Processed Buffers: Min: 29, Avg: 30.0, Max: 31, Diff: 2, Sum: 120]
      [Scan RS (ms): Min: 0.0, Avg: 0.0, Max: 0.1, Diff: 0.1, Sum: 0.1]
      [Code Root Scanning (ms): Min: 0.0, Avg: 0.0, Max: 0.0, Diff: 0.0, Sum: 0.0]
      [Object Copy (ms): Min: 48.7, Avg: 48.7, Max: 48.9, Diff: 0.2, Sum: 195.0]
      [Termination (ms): Min: 0.0, Avg: 0.0, Max: 0.0, Diff: 0.0, Sum: 0.0]
         [Termination Attempts: Min: 8, Avg: 11.3, Max: 20, Diff: 12, Sum: 45]
      [GC Worker Other (ms): Min: 0.0, Avg: 0.0, Max: 0.0, Diff: 0.0, Sum: 0.1]
      [GC Worker Total (ms): Min: 66.4, Avg: 66.4, Max: 66.4, Diff: 0.0, Sum: 265.6]
      [GC Worker End (ms): Min: 25104.4, Avg: 25104.4, Max: 25104.4, Diff: 0.0]
   [Code Root Fixup: 0.0 ms]
   [Code Root Purge: 0.0 ms]
   [Clear CT: 0.0 ms]
   [Other: 1.2 ms]
      [Evacuation Failure: 1.0 ms]
      [Choose CSet: 0.0 ms]
      [Ref Proc: 0.0 ms]
      [Ref Enq: 0.0 ms]
      [Redirty Cards: 0.1 ms]
      [Humongous Register: 0.0 ms]
      [Humongous Reclaim: 0.0 ms]
      [Free CSet: 0.1 ms]
   [Eden: 89.0M(89.0M)->0.0B(89.0M) Survivors: 13.0M->13.0M Heap: 1808.6M(2048.0M)->1757.9M(2048.0M)]
 [Times: user=0.25 sys=0.00, real=0.07 secs] 
25.181: [GC pause (G1 Evacuation Pause) (young) (to-space exhausted), 0.1132049 secs]
   [Parallel Time: 100.6 ms, GC Workers: 4]
      [GC Worker Start (ms): Min: 25181.5, Avg: 25181.5, Max: 25181.6, Diff: 0.0]
      [Ext Root Scanning (ms): Min: 0.2, Avg: 0.2, Max: 0.2, Diff: 0.0, Sum: 0.8]
      [Update RS (ms): Min: 22.6, Avg: 22.7, Max: 22.9, Diff: 0.3, Sum: 91.0]
         [Processed Buffers: Min: 45, Avg: 47.0, Max: 49, Diff: 4, Sum: 188]
      [Scan RS (ms): Min: 0.0, Avg: 0.0, Max: 0.0, Diff: 0.0, Sum: 0.0]
      [Code Root Scanning (ms): Min: 0.0, Avg: 0.0, Max: 0.0, Diff: 0.0, Sum: 0.0]
      [Object Copy (ms): Min: 75.9, Avg: 76.7, Max: 77.6, Diff: 1.7, Sum: 306.7]
      [Termination (ms): Min: 0.0, Avg: 0.9, Max: 1.7, Diff: 1.7, Sum: 3.6]
         [Termination Attempts: Min: 1, Avg: 1.0, Max: 1, Diff: 0, Sum: 4]
      [GC Worker Other (ms): Min: 0.0, Avg: 0.0, Max: 0.0, Diff: 0.0, Sum: 0.0]
      [GC Worker Total (ms): Min: 100.5, Avg: 100.5, Max: 100.6, Diff: 0.0, Sum: 402.1]
      [GC Worker End (ms): Min: 25282.1, Avg: 25282.1, Max: 25282.1, Diff: 0.0]
   [Code Root Fixup: 0.0 ms]
   [Code Root Purge: 0.0 ms]
   [Clear CT: 0.1 ms]
   [Other: 12.4 ms]
      [Evacuation Failure: 11.9 ms]
      [Choose CSet: 0.0 ms]
      [Ref Proc: 0.1 ms]
      [Ref Enq: 0.0 ms]
      [Redirty Cards: 0.3 ms]
      [Humongous Register: 0.0 ms]
      [Humongous Reclaim: 0.0 ms]
      [Free CSet: 0.1 ms]
   [Eden: 89.0M(89.0M)->0.0B(100.0M) Survivors: 13.0M->2048.0K Heap: 1846.9M(2048.0M)->1835.9M(2048.0M)]
 [Times: user=0.26 sys=0.00, real=0.11 secs] 
25.323: [GC pause (G1 Evacuation Pause) (young) (to-space exhausted), 0.0328854 secs]
   [Parallel Time: 30.0 ms, GC Workers: 4]
      [GC Worker Start (ms): Min: 25323.5, Avg: 25323.5, Max: 25323.5, Diff: 0.0]
      [Ext Root Scanning (ms): Min: 0.2, Avg: 0.2, Max: 0.2, Diff: 0.0, Sum: 0.8]
      [Update RS (ms): Min: 12.9, Avg: 13.3, Max: 13.5, Diff: 0.6, Sum: 53.1]
         [Processed Buffers: Min: 31, Avg: 33.3, Max: 34, Diff: 3, Sum: 133]
      [Scan RS (ms): Min: 1.3, Avg: 1.5, Max: 1.6, Diff: 0.3, Sum: 6.0]
      [Code Root Scanning (ms): Min: 0.0, Avg: 0.0, Max: 0.0, Diff: 0.0, Sum: 0.0]
      [Object Copy (ms): Min: 14.7, Avg: 14.8, Max: 14.9, Diff: 0.2, Sum: 59.3]
      [Termination (ms): Min: 0.0, Avg: 0.2, Max: 0.3, Diff: 0.3, Sum: 0.7]
         [Termination Attempts: Min: 1, Avg: 1.0, Max: 1, Diff: 0, Sum: 4]
      [GC Worker Other (ms): Min: 0.0, Avg: 0.0, Max: 0.0, Diff: 0.0, Sum: 0.0]
      [GC Worker Total (ms): Min: 30.0, Avg: 30.0, Max: 30.0, Diff: 0.0, Sum: 119.9]
      [GC Worker End (ms): Min: 25353.5, Avg: 25353.5, Max: 25353.5, Diff: 0.0]
   [Code Root Fixup: 0.0 ms]
   [Code Root Purge: 0.0 ms]
   [Clear CT: 0.0 ms]
   [Other: 2.9 ms]
      [Evacuation Failure: 2.7 ms]
      [Choose CSet: 0.0 ms]
      [Ref Proc: 0.0 ms]
      [Ref Enq: 0.0 ms]
      [Redirty Cards: 0.0 ms]
      [Humongous Register: 0.0 ms]
      [Humongous Reclaim: 0.0 ms]
      [Free CSet: 0.0 ms]
   [Eden: 16.0M(100.0M)->0.0B(102.0M) Survivors: 2048.0K->0.0B Heap: 1851.9M(2048.0M)->1851.9M(2048.0M)]
 [Times: user=0.08 sys=0.00, real=0.03 secs] 
25.357: [Full GC (Allocation Failure)  1851M->1200M(2048M), 1.7163464 secs]
   [Eden: 0.0B(102.0M)->0.0B(332.0M) Survivors: 0.0B->0.0B Heap: 1851.9M(2048.0M)->1200.3M(2048.0M)], [Metaspace: 9137K->9137K(1058816K)]
 [Times: user=3.38 sys=0.00, real=1.72 secs] 
27.073: [GC concurrent-mark-abort]
27.359: [GC pause (G1 Evacuation Pause) (young), 0.1461833 secs]
   [Parallel Time: 145.5 ms, GC Workers: 4]
      [GC Worker Start (ms): Min: 27359.3, Avg: 27359.3, Max: 27359.4, Diff: 0.0]
      [Ext Root Scanning (ms): Min: 0.2, Avg: 0.2, Max: 0.2, Diff: 0.0, Sum: 0.8]
      [Update RS (ms): Min: 0.0, Avg: 0.0, Max: 0.1, Diff: 0.1, Sum: 0.1]
         [Processed Buffers: Min: 0, Avg: 1.3, Max: 2, Diff: 2, Sum: 5]
      [Scan RS (ms): Min: 0.0, Avg: 0.0, Max: 0.1, Diff: 0.1, Sum: 0.2]
      [Code Root Scanning (ms): Min: 0.0, Avg: 0.0, Max: 0.0, Diff: 0.0, Sum: 0.0]
      [Object Copy (ms): Min: 145.2, Avg: 145.2, Max: 145.2, Diff: 0.0, Sum: 580.7]
      [Termination (ms): Min: 0.0, Avg: 0.0, Max: 0.0, Diff: 0.0, Sum: 0.0]
         [Termination Attempts: Min: 11, Avg: 14.0, Max: 16, Diff: 5, Sum: 56]
      [GC Worker Other (ms): Min: 0.0, Avg: 0.0, Max: 0.0, Diff: 0.0, Sum: 0.1]
      [GC Worker Total (ms): Min: 145.4, Avg: 145.5, Max: 145.5, Diff: 0.0, Sum: 581.9]
      [GC Worker End (ms): Min: 27504.8, Avg: 27504.8, Max: 27504.8, Diff: 0.0]
   [Code Root Fixup: 0.0 ms]
   [Code Root Purge: 0.0 ms]
   [Clear CT: 0.1 ms]
   [Other: 0.6 ms]
      [Choose CSet: 0.0 ms]
      [Ref Proc: 0.0 ms]
      [Ref Enq: 0.0 ms]
      [Redirty Cards: 0.1 ms]
      [Humongous Register: 0.0 ms]
      [Humongous Reclaim: 0.0 ms]
      [Free CSet: 0.2 ms]
   [Eden: 332.0M(332.0M)->0.0B(241.0M) Survivors: 0.0B->42.0M Heap: 1532.3M(2048.0M)->1320.7M(2048.0M)]
 [Times: user=0.56 sys=0.00, real=0.15 secs] 
27.742: [GC pause (G1 Evacuation Pause) (young) (initial-mark), 0.2100610 secs]
   [Parallel Time: 209.2 ms, GC Workers: 4]
      [GC Worker Start (ms): Min: 27742.1, Avg: 27742.1, Max: 27742.1, Diff: 0.1]
      [Ext Root Scanning (ms): Min: 0.2, Avg: 0.3, Max: 0.3, Diff: 0.1, Sum: 1.1]
      [Update RS (ms): Min: 18.5, Avg: 18.6, Max: 18.8, Diff: 0.3, Sum: 74.4]
         [Processed Buffers: Min: 32, Avg: 33.3, Max: 36, Diff: 4, Sum: 133]
      [Scan RS (ms): Min: 13.0, Avg: 13.2, Max: 13.3, Diff: 0.3, Sum: 52.8]
      [Code Root Scanning (ms): Min: 0.0, Avg: 0.0, Max: 0.0, Diff: 0.0, Sum: 0.0]
      [Object Copy (ms): Min: 176.9, Avg: 176.9, Max: 177.0, Diff: 0.0, Sum: 707.8]
      [Termination (ms): Min: 0.0, Avg: 0.0, Max: 0.0, Diff: 0.0, Sum: 0.0]
         [Termination Attempts: Min: 14, Avg: 15.0, Max: 16, Diff: 2, Sum: 60]
      [GC Worker Other (ms): Min: 0.0, Avg: 0.0, Max: 0.0, Diff: 0.0, Sum: 0.1]
      [GC Worker Total (ms): Min: 209.0, Avg: 209.1, Max: 209.1, Diff: 0.1, Sum: 836.3]
      [GC Worker End (ms): Min: 27951.2, Avg: 27951.2, Max: 27951.2, Diff: 0.0]
   [Code Root Fixup: 0.0 ms]
   [Code Root Purge: 0.0 ms]
   [Clear CT: 0.1 ms]
   [Other: 0.8 ms]
      [Choose CSet: 0.0 ms]
      [Ref Proc: 0.1 ms]
      [Ref Enq: 0.0 ms]
      [Redirty Cards: 0.2 ms]
      [Humongous Register: 0.0 ms]
      [Humongous Reclaim: 0.0 ms]
      [Free CSet: 0.2 ms]
   [Eden: 241.0M(241.0M)->0.0B(172.0M) Survivors: 42.0M->36.0M Heap: 1561.7M(2048.0M)->1410.6M(2048.0M)]
 [Times: user=0.88 sys=0.00, real=0.21 secs] 
27.952: [GC concurrent-root-region-scan-start]
28.039: [GC concurrent-root-region-scan-end, 0.0872199 secs]
28.039: [GC concurrent-mark-start]
28.176: [GC pause (G1 Evacuation Pause) (young), 0.1550818 secs]
   [Parallel Time: 154.5 ms, GC Workers: 4]
      [GC Worker Start (ms): Min: 28176.2, Avg: 28176.2, Max: 28176.2, Diff: 0.0]
      [Ext Root Scanning (ms): Min: 0.2, Avg: 0.2, Max: 0.2, Diff: 0.1, Sum: 0.8]
      [Update RS (ms): Min: 20.6, Avg: 20.7, Max: 20.9, Diff: 0.3, Sum: 82.9]
         [Processed Buffers: Min: 35, Avg: 36.0, Max: 37, Diff: 2, Sum: 144]
      [Scan RS (ms): Min: 6.5, Avg: 6.7, Max: 6.8, Diff: 0.3, Sum: 26.8]
      [Code Root Scanning (ms): Min: 0.0, Avg: 0.0, Max: 0.0, Diff: 0.0, Sum: 0.0]
      [Object Copy (ms): Min: 126.7, Avg: 126.8, Max: 126.8, Diff: 0.1, Sum: 507.1]
      [Termination (ms): Min: 0.0, Avg: 0.0, Max: 0.0, Diff: 0.0, Sum: 0.0]
         [Termination Attempts: Min: 5, Avg: 10.8, Max: 14, Diff: 9, Sum: 43]
      [GC Worker Other (ms): Min: 0.0, Avg: 0.0, Max: 0.0, Diff: 0.0, Sum: 0.1]
      [GC Worker Total (ms): Min: 154.4, Avg: 154.4, Max: 154.4, Diff: 0.0, Sum: 617.7]
      [GC Worker End (ms): Min: 28330.6, Avg: 28330.7, Max: 28330.7, Diff: 0.0]
   [Code Root Fixup: 0.0 ms]
   [Code Root Purge: 0.0 ms]
   [Clear CT: 0.1 ms]
   [Other: 0.5 ms]
      [Choose CSet: 0.0 ms]
      [Ref Proc: 0.0 ms]
      [Ref Enq: 0.0 ms]
      [Redirty Cards: 0.2 ms]
      [Humongous Register: 0.0 ms]
      [Humongous Reclaim: 0.0 ms]
      [Free CSet: 0.2 ms]
   [Eden: 172.0M(172.0M)->0.0B(125.0M) Survivors: 36.0M->26.0M Heap: 1582.6M(2048.0M)->1473.2M(2048.0M)]
 [Times: user=0.63 sys=0.00, real=0.15 secs] 
28.490: [GC pause (G1 Evacuation Pause) (young), 0.1202695 secs]
   [Parallel Time: 119.8 ms, GC Workers: 4]
      [GC Worker Start (ms): Min: 28490.3, Avg: 28490.3, Max: 28490.3, Diff: 0.0]
      [Ext Root Scanning (ms): Min: 0.2, Avg: 0.2, Max: 0.2, Diff: 0.0, Sum: 0.7]
      [Update RS (ms): Min: 19.9, Avg: 20.1, Max: 20.2, Diff: 0.3, Sum: 80.4]
         [Processed Buffers: Min: 31, Avg: 32.3, Max: 34, Diff: 3, Sum: 129]
      [Scan RS (ms): Min: 4.3, Avg: 4.5, Max: 4.6, Diff: 0.4, Sum: 17.9]
      [Code Root Scanning (ms): Min: 0.0, Avg: 0.0, Max: 0.0, Diff: 0.0, Sum: 0.0]
      [Object Copy (ms): Min: 95.0, Avg: 95.0, Max: 95.1, Diff: 0.1, Sum: 380.1]
      [Termination (ms): Min: 0.0, Avg: 0.0, Max: 0.0, Diff: 0.0, Sum: 0.0]
         [Termination Attempts: Min: 28, Avg: 32.8, Max: 43, Diff: 15, Sum: 131]
      [GC Worker Other (ms): Min: 0.0, Avg: 0.0, Max: 0.0, Diff: 0.0, Sum: 0.1]
      [GC Worker Total (ms): Min: 119.8, Avg: 119.8, Max: 119.8, Diff: 0.0, Sum: 479.2]
      [GC Worker End (ms): Min: 28610.1, Avg: 28610.1, Max: 28610.1, Diff: 0.0]
   [Code Root Fixup: 0.0 ms]
   [Code Root Purge: 0.0 ms]
   [Clear CT: 0.0 ms]
   [Other: 0.4 ms]
      [Choose CSet: 0.0 ms]
      [Ref Proc: 0.0 ms]
      [Ref Enq: 0.0 ms]
      [Redirty Cards: 0.1 ms]
      [Humongous Register: 0.0 ms]
      [Humongous Reclaim: 0.0 ms]
      [Free CSet: 0.1 ms]
   [Eden: 125.0M(125.0M)->0.0B(89.0M) Survivors: 26.0M->19.0M Heap: 1598.2M(2048.0M)->1521.1M(2048.0M)]
 [Times: user=0.50 sys=0.00, real=0.12 secs] 
28.711: [GC pause (G1 Evacuation Pause) (young), 0.0730278 secs]
   [Parallel Time: 72.6 ms, GC Workers: 4]
      [GC Worker Start (ms): Min: 28711.2, Avg: 28711.2, Max: 28711.2, Diff: 0.0]
      [Ext Root Scanning (ms): Min: 0.2, Avg: 0.2, Max: 0.2, Diff: 0.0, Sum: 0.9]
      [Update RS (ms): Min: 16.5, Avg: 16.7, Max: 17.0, Diff: 0.5, Sum: 66.9]
         [Processed Buffers: Min: 27, Avg: 29.5, Max: 33, Diff: 6, Sum: 118]
      [Scan RS (ms): Min: 3.4, Avg: 3.6, Max: 3.8, Diff: 0.4, Sum: 14.4]
      [Code Root Scanning (ms): Min: 0.0, Avg: 0.0, Max: 0.0, Diff: 0.0, Sum: 0.0]
      [Object Copy (ms): Min: 51.9, Avg: 52.0, Max: 52.1, Diff: 0.2, Sum: 208.1]
      [Termination (ms): Min: 0.0, Avg: 0.0, Max: 0.0, Diff: 0.0, Sum: 0.0]
         [Termination Attempts: Min: 18, Avg: 21.0, Max: 23, Diff: 5, Sum: 84]
      [GC Worker Other (ms): Min: 0.0, Avg: 0.0, Max: 0.0, Diff: 0.0, Sum: 0.0]
      [GC Worker Total (ms): Min: 72.6, Avg: 72.6, Max: 72.6, Diff: 0.0, Sum: 290.3]
      [GC Worker End (ms): Min: 28783.8, Avg: 28783.8, Max: 28783.8, Diff: 0.0]
   [Code Root Fixup: 0.0 ms]
   [Code Root Purge: 0.0 ms]
   [Clear CT: 0.0 ms]
   [Other: 0.4 ms]
      [Choose CSet: 0.0 ms]
      [Ref Proc: 0.0 ms]
      [Ref Enq: 0.0 ms]
      [Redirty Cards: 0.1 ms]
      [Humongous Register: 0.0 ms]
      [Humongous Reclaim: 0.0 ms]
      [Free CSet: 0.1 ms]
   [Eden: 89.0M(89.0M)->0.0B(88.0M) Survivors: 19.0M->14.0M Heap: 1610.1M(2048.0M)->1553.3M(2048.0M)]
 [Times: user=0.31 sys=0.00, real=0.07 secs] 
28.879: [GC pause (G1 Evacuation Pause) (young), 0.0942723 secs]
   [Parallel Time: 93.9 ms, GC Workers: 4]
      [GC Worker Start (ms): Min: 28879.0, Avg: 28879.0, Max: 28879.0, Diff: 0.0]
      [Ext Root Scanning (ms): Min: 0.2, Avg: 0.2, Max: 0.2, Diff: 0.0, Sum: 0.8]
      [Update RS (ms): Min: 18.5, Avg: 18.7, Max: 18.9, Diff: 0.4, Sum: 74.6]
         [Processed Buffers: Min: 30, Avg: 31.5, Max: 32, Diff: 2, Sum: 126]
      [Scan RS (ms): Min: 3.7, Avg: 4.0, Max: 4.1, Diff: 0.4, Sum: 15.9]
      [Code Root Scanning (ms): Min: 0.0, Avg: 0.0, Max: 0.0, Diff: 0.0, Sum: 0.0]
      [Object Copy (ms): Min: 70.9, Avg: 71.0, Max: 71.0, Diff: 0.1, Sum: 283.9]
      [Termination (ms): Min: 0.0, Avg: 0.1, Max: 0.1, Diff: 0.1, Sum: 0.2]
         [Termination Attempts: Min: 14, Avg: 513.8, Max: 756, Diff: 742, Sum: 2055]
      [GC Worker Other (ms): Min: 0.0, Avg: 0.0, Max: 0.0, Diff: 0.0, Sum: 0.0]
      [GC Worker Total (ms): Min: 93.8, Avg: 93.8, Max: 93.9, Diff: 0.0, Sum: 375.4]
      [GC Worker End (ms): Min: 28972.8, Avg: 28972.8, Max: 28972.8, Diff: 0.0]
   [Code Root Fixup: 0.0 ms]
   [Code Root Purge: 0.0 ms]
   [Clear CT: 0.0 ms]
   [Other: 0.4 ms]
      [Choose CSet: 0.0 ms]
      [Ref Proc: 0.0 ms]
      [Ref Enq: 0.0 ms]
      [Redirty Cards: 0.1 ms]
      [Humongous Register: 0.0 ms]
      [Humongous Reclaim: 0.0 ms]
      [Free CSet: 0.1 ms]
   [Eden: 88.0M(88.0M)->0.0B(89.0M) Survivors: 14.0M->13.0M Heap: 1641.3M(2048.0M)->1585.0M(2048.0M)]
 [Times: user=0.38 sys=0.00, real=0.09 secs] 
29.050: [GC pause (G1 Evacuation Pause) (young), 0.0966579 secs]
   [Parallel Time: 96.3 ms, GC Workers: 4]
      [GC Worker Start (ms): Min: 29049.7, Avg: 29049.7, Max: 29049.7, Diff: 0.0]
      [Ext Root Scanning (ms): Min: 0.2, Avg: 0.2, Max: 0.2, Diff: 0.0, Sum: 0.8]
      [Update RS (ms): Min: 21.6, Avg: 21.7, Max: 21.8, Diff: 0.2, Sum: 86.7]
         [Processed Buffers: Min: 33, Avg: 34.5, Max: 36, Diff: 3, Sum: 138]
      [Scan RS (ms): Min: 0.0, Avg: 0.0, Max: 0.0, Diff: 0.0, Sum: 0.1]
      [Code Root Scanning (ms): Min: 0.0, Avg: 0.0, Max: 0.0, Diff: 0.0, Sum: 0.0]
      [Object Copy (ms): Min: 72.7, Avg: 73.9, Max: 74.4, Diff: 1.7, Sum: 295.7]
      [Termination (ms): Min: 0.0, Avg: 0.4, Max: 1.6, Diff: 1.6, Sum: 1.7]
         [Termination Attempts: Min: 23, Avg: 458.3, Max: 619, Diff: 596, Sum: 1833]
      [GC Worker Other (ms): Min: 0.0, Avg: 0.0, Max: 0.0, Diff: 0.0, Sum: 0.0]
      [GC Worker Total (ms): Min: 96.2, Avg: 96.2, Max: 96.3, Diff: 0.0, Sum: 385.0]
      [GC Worker End (ms): Min: 29145.9, Avg: 29145.9, Max: 29145.9, Diff: 0.0]
   [Code Root Fixup: 0.0 ms]
   [Code Root Purge: 0.0 ms]
   [Clear CT: 0.0 ms]
   [Other: 0.4 ms]
      [Choose CSet: 0.0 ms]
      [Ref Proc: 0.0 ms]
      [Ref Enq: 0.0 ms]
      [Redirty Cards: 0.1 ms]
      [Humongous Register: 0.0 ms]
      [Humongous Reclaim: 0.0 ms]
      [Free CSet: 0.1 ms]
   [Eden: 89.0M(89.0M)->0.0B(89.0M) Survivors: 13.0M->13.0M Heap: 1674.0M(2048.0M)->1619.3M(2048.0M)]
 [Times: user=0.36 sys=0.00, real=0.10 secs] 
29.233: [GC pause (G1 Evacuation Pause) (young), 0.0604917 secs]
   [Parallel Time: 60.1 ms, GC Workers: 4]
      [GC Worker Start (ms): Min: 29233.2, Avg: 29233.2, Max: 29233.2, Diff: 0.0]
      [Ext Root Scanning (ms): Min: 0.2, Avg: 0.2, Max: 0.2, Diff: 0.0, Sum: 0.8]
      [Update RS (ms): Min: 18.0, Avg: 18.3, Max: 18.5, Diff: 0.4, Sum: 73.3]
         [Processed Buffers: Min: 30, Avg: 31.5, Max: 34, Diff: 4, Sum: 126]
      [Scan RS (ms): Min: 0.2, Avg: 0.4, Max: 0.6, Diff: 0.4, Sum: 1.4]
      [Code Root Scanning (ms): Min: 0.0, Avg: 0.0, Max: 0.0, Diff: 0.0, Sum: 0.0]
      [Object Copy (ms): Min: 41.2, Avg: 41.2, Max: 41.2, Diff: 0.1, Sum: 164.7]
      [Termination (ms): Min: 0.0, Avg: 0.0, Max: 0.0, Diff: 0.0, Sum: 0.1]
         [Termination Attempts: Min: 7, Avg: 306.8, Max: 445, Diff: 438, Sum: 1227]
      [GC Worker Other (ms): Min: 0.0, Avg: 0.0, Max: 0.0, Diff: 0.0, Sum: 0.0]
      [GC Worker Total (ms): Min: 60.1, Avg: 60.1, Max: 60.1, Diff: 0.0, Sum: 240.4]
      [GC Worker End (ms): Min: 29293.3, Avg: 29293.3, Max: 29293.3, Diff: 0.0]
   [Code Root Fixup: 0.0 ms]
   [Code Root Purge: 0.0 ms]
   [Clear CT: 0.0 ms]
   [Other: 0.3 ms]
      [Choose CSet: 0.0 ms]
      [Ref Proc: 0.0 ms]
      [Ref Enq: 0.0 ms]
      [Redirty Cards: 0.1 ms]
      [Humongous Register: 0.0 ms]
      [Humongous Reclaim: 0.0 ms]
      [Free CSet: 0.1 ms]
   [Eden: 89.0M(89.0M)->0.0B(89.0M) Survivors: 13.0M->13.0M Heap: 1708.3M(2048.0M)->1651.3M(2048.0M)]
 [Times: user=0.17 sys=0.00, real=0.06 secs] 
29.370: [GC pause (G1 Evacuation Pause) (young), 0.0748146 secs]
   [Parallel Time: 74.5 ms, GC Workers: 4]
      [GC Worker Start (ms): Min: 29369.9, Avg: 29370.0, Max: 29370.0, Diff: 0.0]
      [Ext Root Scanning (ms): Min: 0.2, Avg: 0.2, Max: 0.2, Diff: 0.0, Sum: 0.8]
      [Update RS (ms): Min: 18.0, Avg: 18.1, Max: 18.1, Diff: 0.1, Sum: 72.3]
         [Processed Buffers: Min: 33, Avg: 34.0, Max: 36, Diff: 3, Sum: 136]
      [Scan RS (ms): Min: 1.8, Avg: 1.9, Max: 1.9, Diff: 0.1, Sum: 7.4]
      [Code Root Scanning (ms): Min: 0.0, Avg: 0.0, Max: 0.0, Diff: 0.0, Sum: 0.0]
      [Object Copy (ms): Min: 54.2, Avg: 54.3, Max: 54.3, Diff: 0.0, Sum: 217.1]
      [Termination (ms): Min: 0.0, Avg: 0.0, Max: 0.0, Diff: 0.0, Sum: 0.1]
         [Termination Attempts: Min: 15, Avg: 187.0, Max: 256, Diff: 241, Sum: 748]
      [GC Worker Other (ms): Min: 0.0, Avg: 0.0, Max: 0.0, Diff: 0.0, Sum: 0.0]
      [GC Worker Total (ms): Min: 74.4, Avg: 74.4, Max: 74.5, Diff: 0.0, Sum: 297.8]
      [GC Worker End (ms): Min: 29444.4, Avg: 29444.4, Max: 29444.4, Diff: 0.0]
   [Code Root Fixup: 0.0 ms]
   [Code Root Purge: 0.0 ms]
   [Clear CT: 0.0 ms]
   [Other: 0.3 ms]
      [Choose CSet: 0.0 ms]
      [Ref Proc: 0.0 ms]
      [Ref Enq: 0.0 ms]
      [Redirty Cards: 0.1 ms]
      [Humongous Register: 0.0 ms]
      [Humongous Reclaim: 0.0 ms]
      [Free CSet: 0.1 ms]
   [Eden: 89.0M(89.0M)->0.0B(89.0M) Survivors: 13.0M->13.0M Heap: 1740.3M(2048.0M)->1685.1M(2048.0M)]
 [Times: user=0.31 sys=0.00, real=0.07 secs] 
29.520: [GC pause (G1 Evacuation Pause) (young), 0.0818921 secs]
   [Parallel Time: 81.5 ms, GC Workers: 4]
      [GC Worker Start (ms): Min: 29520.5, Avg: 29520.5, Max: 29520.5, Diff: 0.0]
      [Ext Root Scanning (ms): Min: 0.2, Avg: 0.2, Max: 0.2, Diff: 0.1, Sum: 0.8]
      [Update RS (ms): Min: 30.9, Avg: 30.9, Max: 31.1, Diff: 0.2, Sum: 123.7]
         [Processed Buffers: Min: 44, Avg: 53.0, Max: 56, Diff: 12, Sum: 212]
      [Scan RS (ms): Min: 0.0, Avg: 0.0, Max: 0.0, Diff: 0.0, Sum: 0.0]
      [Code Root Scanning (ms): Min: 0.0, Avg: 0.0, Max: 0.0, Diff: 0.0, Sum: 0.0]
      [Object Copy (ms): Min: 50.2, Avg: 50.3, Max: 50.4, Diff: 0.2, Sum: 201.2]
      [Termination (ms): Min: 0.0, Avg: 0.0, Max: 0.0, Diff: 0.0, Sum: 0.0]
         [Termination Attempts: Min: 26, Avg: 27.8, Max: 32, Diff: 6, Sum: 111]
      [GC Worker Other (ms): Min: 0.0, Avg: 0.0, Max: 0.0, Diff: 0.0, Sum: 0.0]
      [GC Worker Total (ms): Min: 81.5, Avg: 81.5, Max: 81.5, Diff: 0.0, Sum: 325.9]
      [GC Worker End (ms): Min: 29602.0, Avg: 29602.0, Max: 29602.0, Diff: 0.0]
   [Code Root Fixup: 0.0 ms]
   [Code Root Purge: 0.0 ms]
   [Clear CT: 0.0 ms]
   [Other: 0.3 ms]
      [Choose CSet: 0.0 ms]
      [Ref Proc: 0.0 ms]
      [Ref Enq: 0.0 ms]
      [Redirty Cards: 0.1 ms]
      [Humongous Register: 0.0 ms]
      [Humongous Reclaim: 0.0 ms]
      [Free CSet: 0.1 ms]
   [Eden: 89.0M(89.0M)->0.0B(89.0M) Survivors: 13.0M->13.0M Heap: 1774.1M(2048.0M)->1716.5M(2048.0M)]
 [Times: user=0.31 sys=0.00, real=0.08 secs] 
29.680: [GC pause (G1 Evacuation Pause) (young) (to-space exhausted), 0.0836683 secs]
   [Parallel Time: 82.1 ms, GC Workers: 4]
      [GC Worker Start (ms): Min: 29680.2, Avg: 29680.3, Max: 29680.3, Diff: 0.0]
      [Ext Root Scanning (ms): Min: 0.2, Avg: 0.2, Max: 0.2, Diff: 0.0, Sum: 0.8]
      [Update RS (ms): Min: 32.4, Avg: 33.0, Max: 34.2, Diff: 1.7, Sum: 132.1]
         [Processed Buffers: Min: 56, Avg: 56.5, Max: 57, Diff: 1, Sum: 226]
      [Scan RS (ms): Min: 0.0, Avg: 0.0, Max: 0.1, Diff: 0.1, Sum: 0.1]
      [Code Root Scanning (ms): Min: 0.0, Avg: 0.0, Max: 0.0, Diff: 0.0, Sum: 0.0]
      [Object Copy (ms): Min: 47.6, Avg: 48.8, Max: 49.3, Diff: 1.7, Sum: 195.0]
      [Termination (ms): Min: 0.0, Avg: 0.0, Max: 0.0, Diff: 0.0, Sum: 0.0]
         [Termination Attempts: Min: 7, Avg: 9.3, Max: 12, Diff: 5, Sum: 37]
      [GC Worker Other (ms): Min: 0.0, Avg: 0.0, Max: 0.0, Diff: 0.0, Sum: 0.0]
      [GC Worker Total (ms): Min: 82.0, Avg: 82.0, Max: 82.0, Diff: 0.0, Sum: 328.0]
      [GC Worker End (ms): Min: 29762.3, Avg: 29762.3, Max: 29762.3, Diff: 0.0]
   [Code Root Fixup: 0.0 ms]
   [Code Root Purge: 0.0 ms]
   [Clear CT: 0.0 ms]
   [Other: 1.5 ms]
      [Evacuation Failure: 1.2 ms]
      [Choose CSet: 0.0 ms]
      [Ref Proc: 0.0 ms]
      [Ref Enq: 0.0 ms]
      [Redirty Cards: 0.1 ms]
      [Humongous Register: 0.0 ms]
      [Humongous Reclaim: 0.0 ms]
      [Free CSet: 0.1 ms]
   [Eden: 89.0M(89.0M)->0.0B(89.0M) Survivors: 13.0M->13.0M Heap: 1805.5M(2048.0M)->1756.3M(2048.0M)]
 [Times: user=0.34 sys=0.00, real=0.08 secs] 
29.860: [GC pause (G1 Evacuation Pause) (young) (to-space exhausted), 0.1228992 secs]
   [Parallel Time: 108.1 ms, GC Workers: 4]
      [GC Worker Start (ms): Min: 29859.7, Avg: 29859.7, Max: 29859.7, Diff: 0.0]
      [Ext Root Scanning (ms): Min: 0.2, Avg: 0.2, Max: 0.2, Diff: 0.0, Sum: 0.8]
      [Update RS (ms): Min: 3.4, Avg: 3.5, Max: 3.7, Diff: 0.3, Sum: 14.1]
         [Processed Buffers: Min: 7, Avg: 30.0, Max: 96, Diff: 89, Sum: 120]
      [Scan RS (ms): Min: 6.1, Avg: 6.3, Max: 6.5, Diff: 0.4, Sum: 25.3]
      [Code Root Scanning (ms): Min: 0.0, Avg: 0.0, Max: 0.0, Diff: 0.0, Sum: 0.0]
      [Object Copy (ms): Min: 97.3, Avg: 97.7, Max: 98.1, Diff: 0.8, Sum: 390.6]
      [Termination (ms): Min: 0.0, Avg: 0.4, Max: 0.8, Diff: 0.8, Sum: 1.5]
         [Termination Attempts: Min: 1, Avg: 1.0, Max: 1, Diff: 0, Sum: 4]
      [GC Worker Other (ms): Min: 0.0, Avg: 0.0, Max: 0.0, Diff: 0.0, Sum: 0.0]
      [GC Worker Total (ms): Min: 108.1, Avg: 108.1, Max: 108.1, Diff: 0.0, Sum: 432.4]
      [GC Worker End (ms): Min: 29967.8, Avg: 29967.8, Max: 29967.8, Diff: 0.0]
   [Code Root Fixup: 0.0 ms]
   [Code Root Purge: 0.0 ms]
   [Clear CT: 0.1 ms]
   [Other: 14.7 ms]
      [Evacuation Failure: 14.2 ms]
      [Choose CSet: 0.0 ms]
      [Ref Proc: 0.1 ms]
      [Ref Enq: 0.0 ms]
      [Redirty Cards: 0.2 ms]
      [Humongous Register: 0.0 ms]
      [Humongous Reclaim: 0.0 ms]
      [Free CSet: 0.1 ms]
   [Eden: 89.0M(89.0M)->0.0B(101.0M) Survivors: 13.0M->1024.0K Heap: 1845.3M(2048.0M)->1843.3M(2048.0M)]
 [Times: user=0.22 sys=0.00, real=0.12 secs] 
30.006: [GC pause (G1 Evacuation Pause) (young) (to-space exhausted), 0.0322660 secs]
   [Parallel Time: 30.4 ms, GC Workers: 4]
      [GC Worker Start (ms): Min: 30005.8, Avg: 30005.9, Max: 30005.9, Diff: 0.1]
      [Ext Root Scanning (ms): Min: 0.2, Avg: 0.2, Max: 0.2, Diff: 0.1, Sum: 0.8]
      [Update RS (ms): Min: 20.7, Avg: 22.9, Max: 23.6, Diff: 2.9, Sum: 91.4]
         [Processed Buffers: Min: 49, Avg: 51.8, Max: 55, Diff: 6, Sum: 207]
      [Scan RS (ms): Min: 0.9, Avg: 1.0, Max: 1.1, Diff: 0.2, Sum: 3.9]
      [Code Root Scanning (ms): Min: 0.0, Avg: 0.0, Max: 0.0, Diff: 0.0, Sum: 0.0]
      [Object Copy (ms): Min: 4.2, Avg: 5.5, Max: 7.0, Diff: 2.7, Sum: 21.8]
      [Termination (ms): Min: 0.0, Avg: 0.8, Max: 1.4, Diff: 1.4, Sum: 3.2]
         [Termination Attempts: Min: 1, Avg: 1.0, Max: 1, Diff: 0, Sum: 4]
      [GC Worker Other (ms): Min: 0.0, Avg: 0.0, Max: 0.0, Diff: 0.0, Sum: 0.0]
      [GC Worker Total (ms): Min: 30.3, Avg: 30.3, Max: 30.4, Diff: 0.1, Sum: 121.3]
      [GC Worker End (ms): Min: 30036.2, Avg: 30036.2, Max: 30036.2, Diff: 0.0]
   [Code Root Fixup: 0.0 ms]
   [Code Root Purge: 0.0 ms]
   [Clear CT: 0.0 ms]
   [Other: 1.8 ms]
      [Evacuation Failure: 1.7 ms]
      [Choose CSet: 0.0 ms]
      [Ref Proc: 0.0 ms]
      [Ref Enq: 0.0 ms]
      [Redirty Cards: 0.0 ms]
      [Humongous Register: 0.0 ms]
      [Humongous Reclaim: 0.0 ms]
      [Free CSet: 0.0 ms]
   [Eden: 4096.0K(101.0M)->0.0B(102.0M) Survivors: 1024.0K->0.0B Heap: 1847.3M(2048.0M)->1847.3M(2048.0M)]
 [Times: user=0.13 sys=0.00, real=0.03 secs] 
30.038: [Full GC (Allocation Failure)  1847M->1195M(2048M), 1.6506455 secs]
   [Eden: 0.0B(102.0M)->0.0B(331.0M) Survivors: 0.0B->0.0B Heap: 1847.3M(2048.0M)->1195.8M(2048.0M)], [Metaspace: 9164K->9164K(1058816K)]
 [Times: user=3.28 sys=0.00, real=1.65 secs] 
31.689: [GC concurrent-mark-abort]
31.974: [GC pause (G1 Evacuation Pause) (young), 0.1377106 secs]
   [Parallel Time: 137.0 ms, GC Workers: 4]
      [GC Worker Start (ms): Min: 31974.0, Avg: 31974.1, Max: 31974.1, Diff: 0.1]
      [Ext Root Scanning (ms): Min: 0.2, Avg: 0.2, Max: 0.3, Diff: 0.1, Sum: 0.8]
      [Update RS (ms): Min: 0.0, Avg: 0.0, Max: 0.1, Diff: 0.1, Sum: 0.2]
         [Processed Buffers: Min: 0, Avg: 1.0, Max: 2, Diff: 2, Sum: 4]
      [Scan RS (ms): Min: 0.0, Avg: 0.0, Max: 0.1, Diff: 0.1, Sum: 0.2]
      [Code Root Scanning (ms): Min: 0.0, Avg: 0.0, Max: 0.0, Diff: 0.0, Sum: 0.0]
      [Object Copy (ms): Min: 136.6, Avg: 136.7, Max: 136.7, Diff: 0.1, Sum: 546.6]
      [Termination (ms): Min: 0.0, Avg: 0.0, Max: 0.0, Diff: 0.0, Sum: 0.0]
         [Termination Attempts: Min: 17, Avg: 24.0, Max: 28, Diff: 11, Sum: 96]
      [GC Worker Other (ms): Min: 0.0, Avg: 0.0, Max: 0.0, Diff: 0.0, Sum: 0.1]
      [GC Worker Total (ms): Min: 136.9, Avg: 137.0, Max: 137.0, Diff: 0.1, Sum: 547.9]
      [GC Worker End (ms): Min: 32111.1, Avg: 32111.1, Max: 32111.1, Diff: 0.0]
   [Code Root Fixup: 0.0 ms]
   [Code Root Purge: 0.0 ms]
   [Clear CT: 0.1 ms]
   [Other: 0.5 ms]
      [Choose CSet: 0.0 ms]
      [Ref Proc: 0.0 ms]
      [Ref Enq: 0.0 ms]
      [Redirty Cards: 0.1 ms]
      [Humongous Register: 0.0 ms]
      [Humongous Reclaim: 0.0 ms]
      [Free CSet: 0.2 ms]
   [Eden: 331.0M(331.0M)->0.0B(242.0M) Survivors: 0.0B->42.0M Heap: 1526.8M(2048.0M)->1316.6M(2048.0M)]
 [Times: user=0.56 sys=0.00, real=0.14 secs] 
32.342: [GC pause (G1 Evacuation Pause) (young) (initial-mark), 0.2127559 secs]
   [Parallel Time: 211.8 ms, GC Workers: 4]
      [GC Worker Start (ms): Min: 32342.4, Avg: 32342.4, Max: 32342.4, Diff: 0.0]
      [Ext Root Scanning (ms): Min: 0.3, Avg: 0.3, Max: 0.3, Diff: 0.0, Sum: 1.1]
      [Update RS (ms): Min: 18.3, Avg: 18.4, Max: 18.5, Diff: 0.2, Sum: 73.7]
         [Processed Buffers: Min: 28, Avg: 29.8, Max: 31, Diff: 3, Sum: 119]
      [Scan RS (ms): Min: 22.9, Avg: 23.1, Max: 23.2, Diff: 0.4, Sum: 92.2]
      [Code Root Scanning (ms): Min: 0.0, Avg: 0.0, Max: 0.0, Diff: 0.0, Sum: 0.0]
      [Object Copy (ms): Min: 169.9, Avg: 170.0, Max: 170.1, Diff: 0.2, Sum: 679.9]
      [Termination (ms): Min: 0.0, Avg: 0.0, Max: 0.0, Diff: 0.0, Sum: 0.0]
         [Termination Attempts: Min: 4, Avg: 9.0, Max: 14, Diff: 10, Sum: 36]
      [GC Worker Other (ms): Min: 0.0, Avg: 0.0, Max: 0.0, Diff: 0.0, Sum: 0.0]
      [GC Worker Total (ms): Min: 211.7, Avg: 211.8, Max: 211.8, Diff: 0.0, Sum: 847.0]
      [GC Worker End (ms): Min: 32554.1, Avg: 32554.1, Max: 32554.2, Diff: 0.0]
   [Code Root Fixup: 0.0 ms]
   [Code Root Purge: 0.0 ms]
   [Clear CT: 0.1 ms]
   [Other: 0.9 ms]
      [Choose CSet: 0.0 ms]
      [Ref Proc: 0.0 ms]
      [Ref Enq: 0.0 ms]
      [Redirty Cards: 0.2 ms]
      [Humongous Register: 0.0 ms]
      [Humongous Reclaim: 0.0 ms]
      [Free CSet: 0.4 ms]
   [Eden: 242.0M(242.0M)->0.0B(66.0M) Survivors: 42.0M->36.0M Heap: 1558.6M(2048.0M)->1407.5M(2048.0M)]
 [Times: user=0.81 sys=0.00, real=0.21 secs] 
32.555: [GC concurrent-root-region-scan-start]
32.611: [GC concurrent-root-region-scan-end, 0.0555921 secs]
32.611: [GC concurrent-mark-start]
32.701: [GC pause (G1 Evacuation Pause) (young), 0.0974415 secs]
   [Parallel Time: 97.0 ms, GC Workers: 4]
      [GC Worker Start (ms): Min: 32700.7, Avg: 32700.7, Max: 32700.7, Diff: 0.0]
      [Ext Root Scanning (ms): Min: 0.2, Avg: 0.2, Max: 0.2, Diff: 0.0, Sum: 0.8]
      [Update RS (ms): Min: 18.7, Avg: 18.7, Max: 18.7, Diff: 0.0, Sum: 74.8]
         [Processed Buffers: Min: 31, Avg: 32.8, Max: 35, Diff: 4, Sum: 131]
      [Scan RS (ms): Min: 4.5, Avg: 4.6, Max: 4.8, Diff: 0.3, Sum: 18.2]
      [Code Root Scanning (ms): Min: 0.0, Avg: 0.0, Max: 0.0, Diff: 0.0, Sum: 0.0]
      [Object Copy (ms): Min: 73.3, Avg: 73.5, Max: 73.6, Diff: 0.3, Sum: 294.0]
      [Termination (ms): Min: 0.0, Avg: 0.0, Max: 0.0, Diff: 0.0, Sum: 0.0]
         [Termination Attempts: Min: 9, Avg: 52.0, Max: 69, Diff: 60, Sum: 208]
      [GC Worker Other (ms): Min: 0.0, Avg: 0.0, Max: 0.0, Diff: 0.0, Sum: 0.1]
      [GC Worker Total (ms): Min: 97.0, Avg: 97.0, Max: 97.0, Diff: 0.0, Sum: 387.8]
      [GC Worker End (ms): Min: 32797.6, Avg: 32797.6, Max: 32797.6, Diff: 0.0]
   [Code Root Fixup: 0.0 ms]
   [Code Root Purge: 0.0 ms]
   [Clear CT: 0.0 ms]
   [Other: 0.4 ms]
      [Choose CSet: 0.0 ms]
      [Ref Proc: 0.0 ms]
      [Ref Enq: 0.0 ms]
      [Redirty Cards: 0.1 ms]
      [Humongous Register: 0.0 ms]
      [Humongous Reclaim: 0.0 ms]
      [Free CSet: 0.1 ms]
   [Eden: 66.0M(66.0M)->0.0B(89.0M) Survivors: 36.0M->13.0M Heap: 1473.5M(2048.0M)->1431.8M(2048.0M)]
 [Times: user=0.38 sys=0.00, real=0.10 secs] 
32.896: [GC pause (G1 Evacuation Pause) (young), 0.0879787 secs]
   [Parallel Time: 87.6 ms, GC Workers: 4]
      [GC Worker Start (ms): Min: 32896.3, Avg: 32896.3, Max: 32896.4, Diff: 0.1]
      [Ext Root Scanning (ms): Min: 0.1, Avg: 0.2, Max: 0.2, Diff: 0.1, Sum: 0.8]
      [Update RS (ms): Min: 21.1, Avg: 21.2, Max: 21.3, Diff: 0.2, Sum: 84.9]
         [Processed Buffers: Min: 34, Avg: 35.5, Max: 37, Diff: 3, Sum: 142]
      [Scan RS (ms): Min: 5.0, Avg: 5.1, Max: 5.2, Diff: 0.2, Sum: 20.4]
      [Code Root Scanning (ms): Min: 0.0, Avg: 0.0, Max: 0.0, Diff: 0.0, Sum: 0.0]
      [Object Copy (ms): Min: 61.0, Avg: 61.0, Max: 61.0, Diff: 0.0, Sum: 243.9]
      [Termination (ms): Min: 0.0, Avg: 0.0, Max: 0.0, Diff: 0.0, Sum: 0.1]
         [Termination Attempts: Min: 10, Avg: 218.8, Max: 347, Diff: 337, Sum: 875]
      [GC Worker Other (ms): Min: 0.0, Avg: 0.0, Max: 0.0, Diff: 0.0, Sum: 0.0]
      [GC Worker Total (ms): Min: 87.5, Avg: 87.5, Max: 87.6, Diff: 0.1, Sum: 350.1]
      [GC Worker End (ms): Min: 32983.9, Avg: 32983.9, Max: 32983.9, Diff: 0.0]
   [Code Root Fixup: 0.0 ms]
   [Code Root Purge: 0.0 ms]
   [Clear CT: 0.0 ms]
   [Other: 0.4 ms]
      [Choose CSet: 0.0 ms]
      [Ref Proc: 0.0 ms]
      [Ref Enq: 0.0 ms]
      [Redirty Cards: 0.1 ms]
      [Humongous Register: 0.0 ms]
      [Humongous Reclaim: 0.0 ms]
      [Free CSet: 0.1 ms]
   [Eden: 89.0M(89.0M)->0.0B(89.0M) Survivors: 13.0M->13.0M Heap: 1520.8M(2048.0M)->1464.5M(2048.0M)]
 [Times: user=0.38 sys=0.00, real=0.09 secs] 
33.064: [GC pause (G1 Evacuation Pause) (young), 0.0792521 secs]
   [Parallel Time: 78.8 ms, GC Workers: 4]
      [GC Worker Start (ms): Min: 33064.1, Avg: 33064.2, Max: 33064.2, Diff: 0.0]
      [Ext Root Scanning (ms): Min: 0.2, Avg: 0.2, Max: 0.2, Diff: 0.0, Sum: 0.8]
      [Update RS (ms): Min: 20.1, Avg: 20.4, Max: 20.6, Diff: 0.5, Sum: 81.5]
         [Processed Buffers: Min: 30, Avg: 31.5, Max: 33, Diff: 3, Sum: 126]
      [Scan RS (ms): Min: 0.0, Avg: 0.0, Max: 0.1, Diff: 0.1, Sum: 0.1]
      [Code Root Scanning (ms): Min: 0.0, Avg: 0.0, Max: 0.0, Diff: 0.0, Sum: 0.0]
      [Object Copy (ms): Min: 57.9, Avg: 58.1, Max: 58.3, Diff: 0.4, Sum: 232.5]
      [Termination (ms): Min: 0.0, Avg: 0.0, Max: 0.0, Diff: 0.0, Sum: 0.0]
         [Termination Attempts: Min: 28, Avg: 34.5, Max: 40, Diff: 12, Sum: 138]
      [GC Worker Other (ms): Min: 0.0, Avg: 0.0, Max: 0.0, Diff: 0.0, Sum: 0.0]
      [GC Worker Total (ms): Min: 78.7, Avg: 78.7, Max: 78.8, Diff: 0.0, Sum: 315.0]
      [GC Worker End (ms): Min: 33142.9, Avg: 33142.9, Max: 33142.9, Diff: 0.0]
   [Code Root Fixup: 0.0 ms]
   [Code Root Purge: 0.0 ms]
   [Clear CT: 0.0 ms]
   [Other: 0.4 ms]
      [Choose CSet: 0.0 ms]
      [Ref Proc: 0.0 ms]
      [Ref Enq: 0.0 ms]
      [Redirty Cards: 0.1 ms]
      [Humongous Register: 0.0 ms]
      [Humongous Reclaim: 0.0 ms]
      [Free CSet: 0.1 ms]
   [Eden: 89.0M(89.0M)->0.0B(89.0M) Survivors: 13.0M->13.0M Heap: 1553.5M(2048.0M)->1497.5M(2048.0M)]
 [Times: user=0.31 sys=0.00, real=0.08 secs] 
33.236: [GC pause (G1 Evacuation Pause) (young), 0.0693961 secs]
   [Parallel Time: 69.0 ms, GC Workers: 4]
      [GC Worker Start (ms): Min: 33235.8, Avg: 33235.8, Max: 33235.8, Diff: 0.0]
      [Ext Root Scanning (ms): Min: 0.2, Avg: 0.2, Max: 0.2, Diff: 0.0, Sum: 0.8]
      [Update RS (ms): Min: 16.1, Avg: 16.2, Max: 16.2, Diff: 0.1, Sum: 64.8]
         [Processed Buffers: Min: 28, Avg: 28.5, Max: 30, Diff: 2, Sum: 114]
      [Scan RS (ms): Min: 0.0, Avg: 0.0, Max: 0.1, Diff: 0.1, Sum: 0.1]
      [Code Root Scanning (ms): Min: 0.0, Avg: 0.0, Max: 0.0, Diff: 0.0, Sum: 0.0]
      [Object Copy (ms): Min: 52.5, Avg: 52.6, Max: 52.6, Diff: 0.1, Sum: 210.3]
      [Termination (ms): Min: 0.0, Avg: 0.0, Max: 0.0, Diff: 0.0, Sum: 0.0]
         [Termination Attempts: Min: 10, Avg: 13.8, Max: 21, Diff: 11, Sum: 55]
      [GC Worker Other (ms): Min: 0.0, Avg: 0.0, Max: 0.0, Diff: 0.0, Sum: 0.0]
      [GC Worker Total (ms): Min: 69.0, Avg: 69.0, Max: 69.0, Diff: 0.0, Sum: 276.0]
      [GC Worker End (ms): Min: 33304.8, Avg: 33304.8, Max: 33304.8, Diff: 0.0]
   [Code Root Fixup: 0.0 ms]
   [Code Root Purge: 0.0 ms]
   [Clear CT: 0.0 ms]
   [Other: 0.3 ms]
      [Choose CSet: 0.0 ms]
      [Ref Proc: 0.0 ms]
      [Ref Enq: 0.0 ms]
      [Redirty Cards: 0.1 ms]
      [Humongous Register: 0.0 ms]
      [Humongous Reclaim: 0.0 ms]
      [Free CSet: 0.1 ms]
   [Eden: 89.0M(89.0M)->0.0B(89.0M) Survivors: 13.0M->13.0M Heap: 1586.5M(2048.0M)->1530.6M(2048.0M)]
 [Times: user=0.25 sys=0.00, real=0.07 secs] 
33.382: [GC pause (G1 Evacuation Pause) (young), 0.0732732 secs]
   [Parallel Time: 72.9 ms, GC Workers: 4]
      [GC Worker Start (ms): Min: 33381.9, Avg: 33381.9, Max: 33381.9, Diff: 0.0]
      [Ext Root Scanning (ms): Min: 0.2, Avg: 0.2, Max: 0.2, Diff: 0.0, Sum: 0.7]
      [Update RS (ms): Min: 17.6, Avg: 17.8, Max: 17.9, Diff: 0.3, Sum: 71.1]
         [Processed Buffers: Min: 30, Avg: 31.0, Max: 32, Diff: 2, Sum: 124]
      [Scan RS (ms): Min: 0.0, Avg: 0.0, Max: 0.1, Diff: 0.1, Sum: 0.1]
      [Code Root Scanning (ms): Min: 0.0, Avg: 0.0, Max: 0.0, Diff: 0.0, Sum: 0.0]
      [Object Copy (ms): Min: 54.8, Avg: 54.9, Max: 55.0, Diff: 0.2, Sum: 219.6]
      [Termination (ms): Min: 0.0, Avg: 0.0, Max: 0.0, Diff: 0.0, Sum: 0.0]
         [Termination Attempts: Min: 6, Avg: 6.8, Max: 8, Diff: 2, Sum: 27]
      [GC Worker Other (ms): Min: 0.0, Avg: 0.0, Max: 0.0, Diff: 0.0, Sum: 0.0]
      [GC Worker Total (ms): Min: 72.9, Avg: 72.9, Max: 72.9, Diff: 0.0, Sum: 291.6]
      [GC Worker End (ms): Min: 33454.8, Avg: 33454.8, Max: 33454.8, Diff: 0.0]
   [Code Root Fixup: 0.0 ms]
   [Code Root Purge: 0.0 ms]
   [Clear CT: 0.0 ms]
   [Other: 0.3 ms]
      [Choose CSet: 0.0 ms]
      [Ref Proc: 0.0 ms]
      [Ref Enq: 0.0 ms]
      [Redirty Cards: 0.1 ms]
      [Humongous Register: 0.0 ms]
      [Humongous Reclaim: 0.0 ms]
      [Free CSet: 0.1 ms]
   [Eden: 89.0M(89.0M)->0.0B(89.0M) Survivors: 13.0M->13.0M Heap: 1619.6M(2048.0M)->1563.5M(2048.0M)]
 [Times: user=0.31 sys=0.00, real=0.07 secs] 
33.532: [GC pause (G1 Evacuation Pause) (young), 0.0848201 secs]
   [Parallel Time: 84.5 ms, GC Workers: 4]
      [GC Worker Start (ms): Min: 33531.7, Avg: 33531.7, Max: 33531.7, Diff: 0.0]
      [Ext Root Scanning (ms): Min: 0.2, Avg: 0.2, Max: 0.2, Diff: 0.0, Sum: 0.8]
      [Update RS (ms): Min: 28.7, Avg: 28.9, Max: 29.2, Diff: 0.5, Sum: 115.5]
         [Processed Buffers: Min: 41, Avg: 46.5, Max: 49, Diff: 8, Sum: 186]
      [Scan RS (ms): Min: 0.0, Avg: 0.0, Max: 0.0, Diff: 0.0, Sum: 0.0]
      [Code Root Scanning (ms): Min: 0.0, Avg: 0.0, Max: 0.0, Diff: 0.0, Sum: 0.0]
      [Object Copy (ms): Min: 55.0, Avg: 55.3, Max: 55.5, Diff: 0.5, Sum: 221.3]
      [Termination (ms): Min: 0.0, Avg: 0.0, Max: 0.0, Diff: 0.0, Sum: 0.0]
         [Termination Attempts: Min: 14, Avg: 18.0, Max: 22, Diff: 8, Sum: 72]
      [GC Worker Other (ms): Min: 0.0, Avg: 0.0, Max: 0.0, Diff: 0.0, Sum: 0.1]
      [GC Worker Total (ms): Min: 84.4, Avg: 84.4, Max: 84.5, Diff: 0.0, Sum: 337.8]
      [GC Worker End (ms): Min: 33616.1, Avg: 33616.1, Max: 33616.1, Diff: 0.0]
   [Code Root Fixup: 0.0 ms]
   [Code Root Purge: 0.0 ms]
   [Clear CT: 0.0 ms]
   [Other: 0.3 ms]
      [Choose CSet: 0.0 ms]
      [Ref Proc: 0.0 ms]
      [Ref Enq: 0.0 ms]
      [Redirty Cards: 0.1 ms]
      [Humongous Register: 0.0 ms]
      [Humongous Reclaim: 0.0 ms]
      [Free CSet: 0.1 ms]
   [Eden: 89.0M(89.0M)->0.0B(89.0M) Survivors: 13.0M->13.0M Heap: 1652.5M(2048.0M)->1596.5M(2048.0M)]
 [Times: user=0.31 sys=0.00, real=0.09 secs] 
33.697: [GC pause (G1 Evacuation Pause) (young), 0.0759574 secs]
   [Parallel Time: 75.6 ms, GC Workers: 4]
      [GC Worker Start (ms): Min: 33697.0, Avg: 33697.0, Max: 33697.0, Diff: 0.0]
      [Ext Root Scanning (ms): Min: 0.2, Avg: 0.2, Max: 0.2, Diff: 0.0, Sum: 0.7]
      [Update RS (ms): Min: 27.3, Avg: 27.6, Max: 27.8, Diff: 0.5, Sum: 110.3]
         [Processed Buffers: Min: 48, Avg: 49.0, Max: 50, Diff: 2, Sum: 196]
      [Scan RS (ms): Min: 0.0, Avg: 0.0, Max: 0.1, Diff: 0.1, Sum: 0.1]
      [Code Root Scanning (ms): Min: 0.0, Avg: 0.0, Max: 0.0, Diff: 0.0, Sum: 0.0]
      [Object Copy (ms): Min: 47.6, Avg: 47.8, Max: 48.0, Diff: 0.4, Sum: 191.1]
      [Termination (ms): Min: 0.0, Avg: 0.0, Max: 0.0, Diff: 0.0, Sum: 0.0]
         [Termination Attempts: Min: 15, Avg: 16.5, Max: 18, Diff: 3, Sum: 66]
      [GC Worker Other (ms): Min: 0.0, Avg: 0.0, Max: 0.0, Diff: 0.0, Sum: 0.0]
      [GC Worker Total (ms): Min: 75.6, Avg: 75.6, Max: 75.6, Diff: 0.0, Sum: 302.3]
      [GC Worker End (ms): Min: 33772.5, Avg: 33772.5, Max: 33772.5, Diff: 0.0]
   [Code Root Fixup: 0.0 ms]
   [Code Root Purge: 0.0 ms]
   [Clear CT: 0.0 ms]
   [Other: 0.3 ms]
      [Choose CSet: 0.0 ms]
      [Ref Proc: 0.0 ms]
      [Ref Enq: 0.0 ms]
      [Redirty Cards: 0.1 ms]
      [Humongous Register: 0.0 ms]
      [Humongous Reclaim: 0.0 ms]
      [Free CSet: 0.1 ms]
   [Eden: 89.0M(89.0M)->0.0B(89.0M) Survivors: 13.0M->13.0M Heap: 1685.5M(2048.0M)->1631.3M(2048.0M)]
 [Times: user=0.31 sys=0.00, real=0.08 secs] 
33.859: [GC pause (G1 Evacuation Pause) (young), 0.0748236 secs]
   [Parallel Time: 74.4 ms, GC Workers: 4]
      [GC Worker Start (ms): Min: 33859.3, Avg: 33859.3, Max: 33859.3, Diff: 0.0]
      [Ext Root Scanning (ms): Min: 0.2, Avg: 0.2, Max: 0.2, Diff: 0.0, Sum: 0.8]
      [Update RS (ms): Min: 16.9, Avg: 16.9, Max: 17.0, Diff: 0.1, Sum: 67.8]
         [Processed Buffers: Min: 26, Avg: 27.5, Max: 30, Diff: 4, Sum: 110]
      [Scan RS (ms): Min: 0.1, Avg: 0.2, Max: 0.2, Diff: 0.1, Sum: 0.8]
      [Code Root Scanning (ms): Min: 0.0, Avg: 0.0, Max: 0.0, Diff: 0.0, Sum: 0.0]
      [Object Copy (ms): Min: 57.1, Avg: 57.1, Max: 57.1, Diff: 0.0, Sum: 228.3]
      [Termination (ms): Min: 0.0, Avg: 0.0, Max: 0.0, Diff: 0.0, Sum: 0.0]
         [Termination Attempts: Min: 6, Avg: 8.8, Max: 11, Diff: 5, Sum: 35]
      [GC Worker Other (ms): Min: 0.0, Avg: 0.0, Max: 0.0, Diff: 0.0, Sum: 0.1]
      [GC Worker Total (ms): Min: 74.4, Avg: 74.4, Max: 74.4, Diff: 0.0, Sum: 297.7]
      [GC Worker End (ms): Min: 33933.7, Avg: 33933.7, Max: 33933.7, Diff: 0.0]
   [Code Root Fixup: 0.0 ms]
   [Code Root Purge: 0.0 ms]
   [Clear CT: 0.0 ms]
   [Other: 0.3 ms]
      [Choose CSet: 0.0 ms]
      [Ref Proc: 0.0 ms]
      [Ref Enq: 0.0 ms]
      [Redirty Cards: 0.1 ms]
      [Humongous Register: 0.0 ms]
      [Humongous Reclaim: 0.0 ms]
      [Free CSet: 0.1 ms]
   [Eden: 89.0M(89.0M)->0.0B(89.0M) Survivors: 13.0M->13.0M Heap: 1720.3M(2048.0M)->1664.1M(2048.0M)]
 [Times: user=0.25 sys=0.00, real=0.08 secs] 
34.011: [GC pause (G1 Evacuation Pause) (young), 0.0761140 secs]
   [Parallel Time: 75.7 ms, GC Workers: 4]
      [GC Worker Start (ms): Min: 34010.8, Avg: 34010.8, Max: 34010.8, Diff: 0.0]
      [Ext Root Scanning (ms): Min: 0.2, Avg: 0.2, Max: 0.2, Diff: 0.0, Sum: 0.8]
      [Update RS (ms): Min: 18.3, Avg: 18.6, Max: 18.8, Diff: 0.6, Sum: 74.3]
         [Processed Buffers: Min: 29, Avg: 29.8, Max: 30, Diff: 1, Sum: 119]
      [Scan RS (ms): Min: 0.0, Avg: 0.3, Max: 0.6, Diff: 0.6, Sum: 1.2]
      [Code Root Scanning (ms): Min: 0.0, Avg: 0.0, Max: 0.0, Diff: 0.0, Sum: 0.0]
      [Object Copy (ms): Min: 56.6, Avg: 56.6, Max: 56.6, Diff: 0.0, Sum: 226.5]
      [Termination (ms): Min: 0.0, Avg: 0.0, Max: 0.0, Diff: 0.0, Sum: 0.0]
         [Termination Attempts: Min: 13, Avg: 13.8, Max: 15, Diff: 2, Sum: 55]
      [GC Worker Other (ms): Min: 0.0, Avg: 0.0, Max: 0.0, Diff: 0.0, Sum: 0.0]
      [GC Worker Total (ms): Min: 75.7, Avg: 75.7, Max: 75.7, Diff: 0.0, Sum: 302.8]
      [GC Worker End (ms): Min: 34086.5, Avg: 34086.5, Max: 34086.5, Diff: 0.0]
   [Code Root Fixup: 0.0 ms]
   [Code Root Purge: 0.0 ms]
   [Clear CT: 0.0 ms]
   [Other: 0.3 ms]
      [Choose CSet: 0.0 ms]
      [Ref Proc: 0.0 ms]
      [Ref Enq: 0.0 ms]
      [Redirty Cards: 0.1 ms]
      [Humongous Register: 0.0 ms]
      [Humongous Reclaim: 0.0 ms]
      [Free CSet: 0.1 ms]
   [Eden: 89.0M(89.0M)->0.0B(89.0M) Survivors: 13.0M->13.0M Heap: 1753.1M(2048.0M)->1697.7M(2048.0M)]
 [Times: user=0.31 sys=0.00, real=0.08 secs] 
34.165: [GC pause (G1 Evacuation Pause) (young), 0.0728447 secs]
   [Parallel Time: 72.5 ms, GC Workers: 4]
      [GC Worker Start (ms): Min: 34165.3, Avg: 34165.3, Max: 34165.3, Diff: 0.0]
      [Ext Root Scanning (ms): Min: 0.2, Avg: 0.2, Max: 0.2, Diff: 0.0, Sum: 0.7]
      [Update RS (ms): Min: 18.6, Avg: 18.8, Max: 19.1, Diff: 0.5, Sum: 75.4]
         [Processed Buffers: Min: 32, Avg: 32.8, Max: 34, Diff: 2, Sum: 131]
      [Scan RS (ms): Min: 0.4, Avg: 0.6, Max: 0.9, Diff: 0.5, Sum: 2.6]
      [Code Root Scanning (ms): Min: 0.0, Avg: 0.0, Max: 0.0, Diff: 0.0, Sum: 0.0]
      [Object Copy (ms): Min: 52.8, Avg: 52.8, Max: 52.8, Diff: 0.0, Sum: 211.2]
      [Termination (ms): Min: 0.0, Avg: 0.0, Max: 0.0, Diff: 0.0, Sum: 0.0]
         [Termination Attempts: Min: 13, Avg: 16.5, Max: 22, Diff: 9, Sum: 66]
      [GC Worker Other (ms): Min: 0.0, Avg: 0.0, Max: 0.0, Diff: 0.0, Sum: 0.0]
      [GC Worker Total (ms): Min: 72.5, Avg: 72.5, Max: 72.5, Diff: 0.0, Sum: 289.9]
      [GC Worker End (ms): Min: 34237.8, Avg: 34237.8, Max: 34237.8, Diff: 0.0]
   [Code Root Fixup: 0.0 ms]
   [Code Root Purge: 0.0 ms]
   [Clear CT: 0.0 ms]
   [Other: 0.3 ms]
      [Choose CSet: 0.0 ms]
      [Ref Proc: 0.0 ms]
      [Ref Enq: 0.0 ms]
      [Redirty Cards: 0.1 ms]
      [Humongous Register: 0.0 ms]
      [Humongous Reclaim: 0.0 ms]
      [Free CSet: 0.1 ms]
   [Eden: 89.0M(89.0M)->0.0B(89.0M) Survivors: 13.0M->13.0M Heap: 1786.7M(2048.0M)->1730.5M(2048.0M)]
 [Times: user=0.31 sys=0.00, real=0.07 secs] 
34.315: [GC pause (G1 Evacuation Pause) (young) (to-space exhausted), 0.0779755 secs]
   [Parallel Time: 71.9 ms, GC Workers: 4]
      [GC Worker Start (ms): Min: 34315.3, Avg: 34315.3, Max: 34315.4, Diff: 0.0]
      [Ext Root Scanning (ms): Min: 0.2, Avg: 0.2, Max: 0.2, Diff: 0.0, Sum: 0.8]
      [Update RS (ms): Min: 24.2, Avg: 24.3, Max: 24.3, Diff: 0.1, Sum: 97.1]
         [Processed Buffers: Min: 47, Avg: 48.5, Max: 50, Diff: 3, Sum: 194]
      [Scan RS (ms): Min: 0.0, Avg: 0.0, Max: 0.0, Diff: 0.0, Sum: 0.0]
      [Code Root Scanning (ms): Min: 0.0, Avg: 0.0, Max: 0.0, Diff: 0.0, Sum: 0.0]
      [Object Copy (ms): Min: 47.3, Avg: 47.3, Max: 47.4, Diff: 0.1, Sum: 189.3]
      [Termination (ms): Min: 0.0, Avg: 0.0, Max: 0.0, Diff: 0.0, Sum: 0.0]
         [Termination Attempts: Min: 22, Avg: 29.8, Max: 37, Diff: 15, Sum: 119]
      [GC Worker Other (ms): Min: 0.0, Avg: 0.0, Max: 0.0, Diff: 0.0, Sum: 0.0]
      [GC Worker Total (ms): Min: 71.8, Avg: 71.8, Max: 71.8, Diff: 0.0, Sum: 287.3]
      [GC Worker End (ms): Min: 34387.2, Avg: 34387.2, Max: 34387.2, Diff: 0.0]
   [Code Root Fixup: 0.0 ms]
   [Code Root Purge: 0.0 ms]
   [Clear CT: 0.0 ms]
   [Other: 6.1 ms]
      [Evacuation Failure: 5.8 ms]
      [Choose CSet: 0.0 ms]
      [Ref Proc: 0.0 ms]
      [Ref Enq: 0.0 ms]
      [Redirty Cards: 0.1 ms]
      [Humongous Register: 0.0 ms]
      [Humongous Reclaim: 0.0 ms]
      [Free CSet: 0.1 ms]
   [Eden: 89.0M(89.0M)->0.0B(89.0M) Survivors: 13.0M->13.0M Heap: 1819.5M(2048.0M)->1798.8M(2048.0M)]
 [Times: user=0.25 sys=0.00, real=0.08 secs] 
34.448: [GC pause (G1 Evacuation Pause) (young) (to-space exhausted), 0.0794763 secs]
   [Parallel Time: 69.8 ms, GC Workers: 4]
      [GC Worker Start (ms): Min: 34447.6, Avg: 34447.6, Max: 34447.6, Diff: 0.0]
      [Ext Root Scanning (ms): Min: 0.2, Avg: 0.2, Max: 0.2, Diff: 0.0, Sum: 0.8]
      [Update RS (ms): Min: 0.0, Avg: 13.2, Max: 17.8, Diff: 17.8, Sum: 52.9]
         [Processed Buffers: Min: 0, Avg: 32.3, Max: 45, Diff: 45, Sum: 129]
      [Scan RS (ms): Min: 1.2, Avg: 2.8, Max: 3.4, Diff: 2.2, Sum: 11.1]
      [Code Root Scanning (ms): Min: 0.0, Avg: 0.0, Max: 0.0, Diff: 0.0, Sum: 0.0]
      [Object Copy (ms): Min: 47.5, Avg: 52.6, Max: 66.5, Diff: 19.0, Sum: 210.5]
      [Termination (ms): Min: 0.0, Avg: 1.0, Max: 1.9, Diff: 1.9, Sum: 4.0]
         [Termination Attempts: Min: 1, Avg: 98.0, Max: 136, Diff: 135, Sum: 392]
      [GC Worker Other (ms): Min: 0.0, Avg: 0.0, Max: 0.0, Diff: 0.0, Sum: 0.0]
      [GC Worker Total (ms): Min: 69.8, Avg: 69.8, Max: 69.8, Diff: 0.0, Sum: 279.2]
      [GC Worker End (ms): Min: 34517.4, Avg: 34517.4, Max: 34517.4, Diff: 0.0]
   [Code Root Fixup: 0.0 ms]
   [Code Root Purge: 0.0 ms]
   [Clear CT: 0.0 ms]
   [Other: 9.6 ms]
      [Evacuation Failure: 9.3 ms]
      [Choose CSet: 0.0 ms]
      [Ref Proc: 0.0 ms]
      [Ref Enq: 0.0 ms]
      [Redirty Cards: 0.1 ms]
      [Humongous Register: 0.0 ms]
      [Humongous Reclaim: 0.0 ms]
      [Free CSet: 0.0 ms]
   [Eden: 48.0M(89.0M)->0.0B(102.0M) Survivors: 13.0M->0.0B Heap: 1846.8M(2048.0M)->1842.8M(2048.0M)]
 [Times: user=0.17 sys=0.00, real=0.08 secs] 
34.541: [GC pause (G1 Evacuation Pause) (young) (to-space exhausted), 0.0247293 secs]
   [Parallel Time: 23.8 ms, GC Workers: 4]
      [GC Worker Start (ms): Min: 34541.2, Avg: 34541.2, Max: 34541.2, Diff: 0.0]
      [Ext Root Scanning (ms): Min: 0.2, Avg: 0.2, Max: 0.2, Diff: 0.0, Sum: 0.7]
      [Update RS (ms): Min: 20.9, Avg: 21.1, Max: 21.4, Diff: 0.5, Sum: 84.2]
         [Processed Buffers: Min: 42, Avg: 47.8, Max: 50, Diff: 8, Sum: 191]
      [Scan RS (ms): Min: 0.0, Avg: 0.0, Max: 0.0, Diff: 0.0, Sum: 0.0]
      [Code Root Scanning (ms): Min: 0.0, Avg: 0.0, Max: 0.0, Diff: 0.0, Sum: 0.0]
      [Object Copy (ms): Min: 1.5, Avg: 1.9, Max: 2.5, Diff: 1.0, Sum: 7.4]
      [Termination (ms): Min: 0.0, Avg: 0.7, Max: 1.2, Diff: 1.2, Sum: 2.7]
         [Termination Attempts: Min: 1, Avg: 1.0, Max: 1, Diff: 0, Sum: 4]
      [GC Worker Other (ms): Min: 0.0, Avg: 0.0, Max: 0.0, Diff: 0.0, Sum: 0.0]
      [GC Worker Total (ms): Min: 23.8, Avg: 23.8, Max: 23.8, Diff: 0.0, Sum: 95.1]
      [GC Worker End (ms): Min: 34565.0, Avg: 34565.0, Max: 34565.0, Diff: 0.0]
   [Code Root Fixup: 0.0 ms]
   [Code Root Purge: 0.0 ms]
   [Clear CT: 0.0 ms]
   [Other: 0.9 ms]
      [Evacuation Failure: 0.8 ms]
      [Choose CSet: 0.0 ms]
      [Ref Proc: 0.0 ms]
      [Ref Enq: 0.0 ms]
      [Redirty Cards: 0.0 ms]
      [Humongous Register: 0.0 ms]
      [Humongous Reclaim: 0.0 ms]
      [Free CSet: 0.0 ms]
   [Eden: 4096.0K(102.0M)->0.0B(102.0M) Survivors: 0.0B->0.0B Heap: 1846.8M(2048.0M)->1846.8M(2048.0M)]
 [Times: user=0.13 sys=0.00, real=0.02 secs] 
34.567: [Full GC (Allocation Failure)  1846M->1191M(2048M), 1.6437115 secs]
   [Eden: 0.0B(102.0M)->0.0B(310.0M) Survivors: 0.0B->0.0B Heap: 1846.8M(2048.0M)->1191.5M(2048.0M)], [Metaspace: 9177K->9177K(1058816K)]
 [Times: user=3.22 sys=0.00, real=1.64 secs] 
36.210: [GC concurrent-mark-abort]
36.479: [GC pause (G1 Evacuation Pause) (young), 0.1325948 secs]
   [Parallel Time: 132.0 ms, GC Workers: 4]
      [GC Worker Start (ms): Min: 36479.0, Avg: 36479.1, Max: 36479.1, Diff: 0.1]
      [Ext Root Scanning (ms): Min: 0.2, Avg: 0.2, Max: 0.3, Diff: 0.1, Sum: 0.9]
      [Update RS (ms): Min: 0.0, Avg: 0.0, Max: 0.1, Diff: 0.1, Sum: 0.1]
         [Processed Buffers: Min: 0, Avg: 1.0, Max: 2, Diff: 2, Sum: 4]
      [Scan RS (ms): Min: 0.0, Avg: 0.0, Max: 0.1, Diff: 0.1, Sum: 0.2]
      [Code Root Scanning (ms): Min: 0.0, Avg: 0.0, Max: 0.0, Diff: 0.0, Sum: 0.0]
      [Object Copy (ms): Min: 131.4, Avg: 131.4, Max: 131.4, Diff: 0.0, Sum: 525.6]
      [Termination (ms): Min: 0.0, Avg: 0.0, Max: 0.0, Diff: 0.0, Sum: 0.0]
         [Termination Attempts: Min: 6, Avg: 8.5, Max: 11, Diff: 5, Sum: 34]
      [GC Worker Other (ms): Min: 0.0, Avg: 0.1, Max: 0.2, Diff: 0.1, Sum: 0.5]
      [GC Worker Total (ms): Min: 131.8, Avg: 131.8, Max: 131.9, Diff: 0.1, Sum: 527.3]
      [GC Worker End (ms): Min: 36610.8, Avg: 36610.9, Max: 36610.9, Diff: 0.1]
   [Code Root Fixup: 0.0 ms]
   [Code Root Purge: 0.0 ms]
   [Clear CT: 0.1 ms]
   [Other: 0.5 ms]
      [Choose CSet: 0.0 ms]
      [Ref Proc: 0.1 ms]
      [Ref Enq: 0.0 ms]
      [Redirty Cards: 0.1 ms]
      [Humongous Register: 0.1 ms]
      [Humongous Reclaim: 0.0 ms]
      [Free CSet: 0.2 ms]
   [Eden: 310.0M(310.0M)->0.0B(246.0M) Survivors: 0.0B->39.0M Heap: 1501.5M(2048.0M)->1306.8M(2048.0M)]
 [Times: user=0.56 sys=0.00, real=0.13 secs] 
36.839: [GC pause (G1 Evacuation Pause) (young) (initial-mark), 0.2116025 secs]
   [Parallel Time: 210.7 ms, GC Workers: 4]
      [GC Worker Start (ms): Min: 36839.6, Avg: 36839.6, Max: 36839.6, Diff: 0.0]
      [Ext Root Scanning (ms): Min: 0.3, Avg: 0.3, Max: 0.3, Diff: 0.0, Sum: 1.2]
      [Update RS (ms): Min: 36.4, Avg: 36.6, Max: 36.7, Diff: 0.4, Sum: 146.3]
         [Processed Buffers: Min: 60, Avg: 61.5, Max: 66, Diff: 6, Sum: 246]
      [Scan RS (ms): Min: 6.3, Avg: 6.5, Max: 6.7, Diff: 0.4, Sum: 25.9]
      [Code Root Scanning (ms): Min: 0.0, Avg: 0.0, Max: 0.0, Diff: 0.0, Sum: 0.0]
      [Object Copy (ms): Min: 167.2, Avg: 167.2, Max: 167.3, Diff: 0.2, Sum: 668.9]
      [Termination (ms): Min: 0.0, Avg: 0.1, Max: 0.1, Diff: 0.1, Sum: 0.3]
         [Termination Attempts: Min: 5, Avg: 755.0, Max: 1107, Diff: 1102, Sum: 3020]
      [GC Worker Other (ms): Min: 0.0, Avg: 0.0, Max: 0.0, Diff: 0.0, Sum: 0.1]
      [GC Worker Total (ms): Min: 210.7, Avg: 210.7, Max: 210.7, Diff: 0.0, Sum: 842.7]
      [GC Worker End (ms): Min: 37050.3, Avg: 37050.3, Max: 37050.3, Diff: 0.0]
   [Code Root Fixup: 0.0 ms]
   [Code Root Purge: 0.0 ms]
   [Clear CT: 0.1 ms]
   [Other: 0.8 ms]
      [Choose CSet: 0.0 ms]
      [Ref Proc: 0.0 ms]
      [Ref Enq: 0.0 ms]
      [Redirty Cards: 0.2 ms]
      [Humongous Register: 0.0 ms]
      [Humongous Reclaim: 0.0 ms]
      [Free CSet: 0.3 ms]
   [Eden: 246.0M(246.0M)->0.0B(93.0M) Survivors: 39.0M->36.0M Heap: 1552.8M(2048.0M)->1396.2M(2048.0M)]
 [Times: user=0.88 sys=0.00, real=0.21 secs] 
37.051: [GC concurrent-root-region-scan-start]
37.115: [GC concurrent-root-region-scan-end, 0.0641706 secs]
37.115: [GC concurrent-mark-start]
37.193: [GC pause (G1 Evacuation Pause) (young), 0.1227683 secs]
   [Parallel Time: 122.3 ms, GC Workers: 4]
      [GC Worker Start (ms): Min: 37193.4, Avg: 37193.5, Max: 37193.5, Diff: 0.0]
      [Ext Root Scanning (ms): Min: 0.2, Avg: 0.2, Max: 0.2, Diff: 0.0, Sum: 0.8]
      [Update RS (ms): Min: 16.6, Avg: 16.7, Max: 16.8, Diff: 0.3, Sum: 66.6]
         [Processed Buffers: Min: 28, Avg: 28.5, Max: 29, Diff: 1, Sum: 114]
      [Scan RS (ms): Min: 9.2, Avg: 9.3, Max: 9.4, Diff: 0.2, Sum: 37.4]
      [Code Root Scanning (ms): Min: 0.0, Avg: 0.0, Max: 0.0, Diff: 0.0, Sum: 0.0]
      [Object Copy (ms): Min: 96.0, Avg: 96.0, Max: 96.0, Diff: 0.0, Sum: 384.0]
      [Termination (ms): Min: 0.0, Avg: 0.0, Max: 0.0, Diff: 0.0, Sum: 0.0]
         [Termination Attempts: Min: 2, Avg: 2.8, Max: 4, Diff: 2, Sum: 11]
      [GC Worker Other (ms): Min: 0.0, Avg: 0.0, Max: 0.0, Diff: 0.0, Sum: 0.1]
      [GC Worker Total (ms): Min: 122.2, Avg: 122.2, Max: 122.2, Diff: 0.0, Sum: 488.9]
      [GC Worker End (ms): Min: 37315.7, Avg: 37315.7, Max: 37315.7, Diff: 0.0]
   [Code Root Fixup: 0.0 ms]
   [Code Root Purge: 0.0 ms]
   [Clear CT: 0.1 ms]
   [Other: 0.5 ms]
      [Choose CSet: 0.0 ms]
      [Ref Proc: 0.1 ms]
      [Ref Enq: 0.0 ms]
      [Redirty Cards: 0.1 ms]
      [Humongous Register: 0.0 ms]
      [Humongous Reclaim: 0.0 ms]
      [Free CSet: 0.1 ms]
   [Eden: 93.0M(93.0M)->0.0B(152.0M) Survivors: 36.0M->17.0M Heap: 1489.2M(2048.0M)->1432.7M(2048.0M)]
 [Times: user=0.48 sys=0.00, real=0.12 secs] 
37.487: [GC pause (G1 Evacuation Pause) (young), 0.1065239 secs]
   [Parallel Time: 106.0 ms, GC Workers: 4]
      [GC Worker Start (ms): Min: 37487.6, Avg: 37487.6, Max: 37487.6, Diff: 0.0]
      [Ext Root Scanning (ms): Min: 0.2, Avg: 0.2, Max: 0.2, Diff: 0.0, Sum: 0.8]
      [Update RS (ms): Min: 19.3, Avg: 19.4, Max: 19.5, Diff: 0.2, Sum: 77.6]
         [Processed Buffers: Min: 30, Avg: 31.8, Max: 35, Diff: 5, Sum: 127]
      [Scan RS (ms): Min: 5.4, Avg: 5.5, Max: 5.6, Diff: 0.2, Sum: 22.2]
      [Code Root Scanning (ms): Min: 0.0, Avg: 0.0, Max: 0.0, Diff: 0.0, Sum: 0.0]
      [Object Copy (ms): Min: 80.8, Avg: 80.8, Max: 80.8, Diff: 0.0, Sum: 323.2]
      [Termination (ms): Min: 0.0, Avg: 0.0, Max: 0.0, Diff: 0.0, Sum: 0.0]
         [Termination Attempts: Min: 5, Avg: 9.0, Max: 14, Diff: 9, Sum: 36]
      [GC Worker Other (ms): Min: 0.0, Avg: 0.0, Max: 0.0, Diff: 0.0, Sum: 0.1]
      [GC Worker Total (ms): Min: 105.9, Avg: 106.0, Max: 106.0, Diff: 0.0, Sum: 423.9]
      [GC Worker End (ms): Min: 37593.6, Avg: 37593.6, Max: 37593.6, Diff: 0.0]
   [Code Root Fixup: 0.0 ms]
   [Code Root Purge: 0.0 ms]
   [Clear CT: 0.1 ms]
   [Other: 0.4 ms]
      [Choose CSet: 0.0 ms]
      [Ref Proc: 0.0 ms]
      [Ref Enq: 0.0 ms]
      [Redirty Cards: 0.1 ms]
      [Humongous Register: 0.0 ms]
      [Humongous Reclaim: 0.0 ms]
      [Free CSet: 0.1 ms]
   [Eden: 152.0M(152.0M)->0.0B(112.0M) Survivors: 17.0M->22.0M Heap: 1584.7M(2048.0M)->1486.8M(2048.0M)]
 [Times: user=0.44 sys=0.00, real=0.11 secs] 
37.707: [GC pause (G1 Evacuation Pause) (young), 0.1077773 secs]
   [Parallel Time: 107.3 ms, GC Workers: 4]
      [GC Worker Start (ms): Min: 37706.9, Avg: 37707.0, Max: 37707.1, Diff: 0.2]
      [Ext Root Scanning (ms): Min: 0.1, Avg: 0.2, Max: 0.2, Diff: 0.2, Sum: 0.8]
      [Update RS (ms): Min: 36.0, Avg: 36.1, Max: 36.3, Diff: 0.3, Sum: 144.5]
         [Processed Buffers: Min: 59, Avg: 59.8, Max: 61, Diff: 2, Sum: 239]
      [Scan RS (ms): Min: 0.0, Avg: 0.0, Max: 0.1, Diff: 0.1, Sum: 0.1]
      [Code Root Scanning (ms): Min: 0.0, Avg: 0.0, Max: 0.0, Diff: 0.0, Sum: 0.0]
      [Object Copy (ms): Min: 70.7, Avg: 70.9, Max: 71.0, Diff: 0.3, Sum: 283.5]
      [Termination (ms): Min: 0.0, Avg: 0.0, Max: 0.0, Diff: 0.0, Sum: 0.1]
         [Termination Attempts: Min: 10, Avg: 37.3, Max: 53, Diff: 43, Sum: 149]
      [GC Worker Other (ms): Min: 0.0, Avg: 0.0, Max: 0.0, Diff: 0.0, Sum: 0.0]
      [GC Worker Total (ms): Min: 107.1, Avg: 107.2, Max: 107.3, Diff: 0.2, Sum: 429.0]
      [GC Worker End (ms): Min: 37814.2, Avg: 37814.2, Max: 37814.2, Diff: 0.0]
   [Code Root Fixup: 0.0 ms]
   [Code Root Purge: 0.0 ms]
   [Clear CT: 0.0 ms]
   [Other: 0.4 ms]
      [Choose CSet: 0.0 ms]
      [Ref Proc: 0.0 ms]
      [Ref Enq: 0.0 ms]
      [Redirty Cards: 0.1 ms]
      [Humongous Register: 0.0 ms]
      [Humongous Reclaim: 0.0 ms]
      [Free CSet: 0.1 ms]
   [Eden: 112.0M(112.0M)->0.0B(85.0M) Survivors: 22.0M->17.0M Heap: 1598.8M(2048.0M)->1527.8M(2048.0M)]
 [Times: user=0.44 sys=0.00, real=0.11 secs] 
37.921: [GC pause (G1 Evacuation Pause) (young), 0.0779572 secs]
   [Parallel Time: 77.6 ms, GC Workers: 4]
      [GC Worker Start (ms): Min: 37920.8, Avg: 37920.8, Max: 37920.9, Diff: 0.1]
      [Ext Root Scanning (ms): Min: 0.2, Avg: 0.2, Max: 0.2, Diff: 0.1, Sum: 0.8]
      [Update RS (ms): Min: 18.0, Avg: 18.0, Max: 18.2, Diff: 0.3, Sum: 72.2]
         [Processed Buffers: Min: 29, Avg: 30.8, Max: 32, Diff: 3, Sum: 123]
      [Scan RS (ms): Min: 0.0, Avg: 0.0, Max: 0.0, Diff: 0.0, Sum: 0.1]
      [Code Root Scanning (ms): Min: 0.0, Avg: 0.0, Max: 0.0, Diff: 0.0, Sum: 0.0]
      [Object Copy (ms): Min: 59.1, Avg: 59.3, Max: 59.3, Diff: 0.2, Sum: 237.0]
      [Termination (ms): Min: 0.0, Avg: 0.0, Max: 0.0, Diff: 0.0, Sum: 0.0]
         [Termination Attempts: Min: 29, Avg: 31.5, Max: 37, Diff: 8, Sum: 126]
      [GC Worker Other (ms): Min: 0.0, Avg: 0.0, Max: 0.0, Diff: 0.0, Sum: 0.1]
      [GC Worker Total (ms): Min: 77.5, Avg: 77.5, Max: 77.6, Diff: 0.1, Sum: 310.2]
      [GC Worker End (ms): Min: 37998.4, Avg: 37998.4, Max: 37998.4, Diff: 0.0]
   [Code Root Fixup: 0.0 ms]
   [Code Root Purge: 0.0 ms]
   [Clear CT: 0.0 ms]
   [Other: 0.3 ms]
      [Choose CSet: 0.0 ms]
      [Ref Proc: 0.0 ms]
      [Ref Enq: 0.0 ms]
      [Redirty Cards: 0.1 ms]
      [Humongous Register: 0.0 ms]
      [Humongous Reclaim: 0.0 ms]
      [Free CSet: 0.1 ms]
   [Eden: 85.0M(85.0M)->0.0B(89.0M) Survivors: 17.0M->13.0M Heap: 1612.8M(2048.0M)->1560.3M(2048.0M)]
 [Times: user=0.31 sys=0.00, real=0.08 secs] 
38.080: [GC pause (G1 Evacuation Pause) (young), 0.0883883 secs]
   [Parallel Time: 88.0 ms, GC Workers: 4]
      [GC Worker Start (ms): Min: 38079.9, Avg: 38079.9, Max: 38079.9, Diff: 0.0]
      [Ext Root Scanning (ms): Min: 0.2, Avg: 0.2, Max: 0.2, Diff: 0.0, Sum: 0.8]
      [Update RS (ms): Min: 27.6, Avg: 27.7, Max: 27.9, Diff: 0.4, Sum: 110.7]
         [Processed Buffers: Min: 48, Avg: 48.8, Max: 50, Diff: 2, Sum: 195]
      [Scan RS (ms): Min: 0.0, Avg: 0.0, Max: 0.0, Diff: 0.0, Sum: 0.1]
      [Code Root Scanning (ms): Min: 0.0, Avg: 0.0, Max: 0.0, Diff: 0.0, Sum: 0.0]
      [Object Copy (ms): Min: 59.9, Avg: 60.1, Max: 60.2, Diff: 0.3, Sum: 240.4]
      [Termination (ms): Min: 0.0, Avg: 0.0, Max: 0.0, Diff: 0.0, Sum: 0.0]
         [Termination Attempts: Min: 11, Avg: 16.0, Max: 21, Diff: 10, Sum: 64]
      [GC Worker Other (ms): Min: 0.0, Avg: 0.0, Max: 0.0, Diff: 0.0, Sum: 0.0]
      [GC Worker Total (ms): Min: 88.0, Avg: 88.0, Max: 88.0, Diff: 0.0, Sum: 352.0]
      [GC Worker End (ms): Min: 38167.9, Avg: 38167.9, Max: 38167.9, Diff: 0.0]
   [Code Root Fixup: 0.0 ms]
   [Code Root Purge: 0.0 ms]
   [Clear CT: 0.0 ms]
   [Other: 0.3 ms]
      [Choose CSet: 0.0 ms]
      [Ref Proc: 0.0 ms]
      [Ref Enq: 0.0 ms]
      [Redirty Cards: 0.1 ms]
      [Humongous Register: 0.0 ms]
      [Humongous Reclaim: 0.0 ms]
      [Free CSet: 0.1 ms]
   [Eden: 89.0M(89.0M)->0.0B(89.0M) Survivors: 13.0M->13.0M Heap: 1649.3M(2048.0M)->1594.0M(2048.0M)]
 [Times: user=0.31 sys=0.00, real=0.09 secs] 
38.249: [GC pause (G1 Evacuation Pause) (young), 0.0648724 secs]
   [Parallel Time: 64.4 ms, GC Workers: 4]
      [GC Worker Start (ms): Min: 38249.3, Avg: 38249.4, Max: 38249.4, Diff: 0.0]
      [Ext Root Scanning (ms): Min: 0.2, Avg: 0.2, Max: 0.2, Diff: 0.0, Sum: 0.8]
      [Update RS (ms): Min: 16.3, Avg: 16.5, Max: 16.6, Diff: 0.3, Sum: 65.8]
         [Processed Buffers: Min: 29, Avg: 30.0, Max: 33, Diff: 4, Sum: 120]
      [Scan RS (ms): Min: 0.0, Avg: 0.0, Max: 0.1, Diff: 0.1, Sum: 0.1]
      [Code Root Scanning (ms): Min: 0.0, Avg: 0.0, Max: 0.0, Diff: 0.0, Sum: 0.0]
      [Object Copy (ms): Min: 47.6, Avg: 47.7, Max: 47.8, Diff: 0.2, Sum: 190.9]
      [Termination (ms): Min: 0.0, Avg: 0.0, Max: 0.0, Diff: 0.0, Sum: 0.0]
         [Termination Attempts: Min: 7, Avg: 7.8, Max: 9, Diff: 2, Sum: 31]
      [GC Worker Other (ms): Min: 0.0, Avg: 0.0, Max: 0.0, Diff: 0.0, Sum: 0.0]
      [GC Worker Total (ms): Min: 64.4, Avg: 64.4, Max: 64.4, Diff: 0.0, Sum: 257.7]
      [GC Worker End (ms): Min: 38313.8, Avg: 38313.8, Max: 38313.8, Diff: 0.0]
   [Code Root Fixup: 0.0 ms]
   [Code Root Purge: 0.0 ms]
   [Clear CT: 0.0 ms]
   [Other: 0.4 ms]
      [Choose CSet: 0.0 ms]
      [Ref Proc: 0.0 ms]
      [Ref Enq: 0.0 ms]
      [Redirty Cards: 0.1 ms]
      [Humongous Register: 0.0 ms]
      [Humongous Reclaim: 0.0 ms]
      [Free CSet: 0.1 ms]
   [Eden: 89.0M(89.0M)->0.0B(89.0M) Survivors: 13.0M->13.0M Heap: 1683.0M(2048.0M)->1628.5M(2048.0M)]
 [Times: user=0.25 sys=0.00, real=0.07 secs] 
38.400: [GC pause (G1 Evacuation Pause) (young), 0.0904208 secs]
   [Parallel Time: 90.0 ms, GC Workers: 4]
      [GC Worker Start (ms): Min: 38400.1, Avg: 38400.1, Max: 38400.1, Diff: 0.0]
      [Ext Root Scanning (ms): Min: 0.2, Avg: 0.2, Max: 0.2, Diff: 0.0, Sum: 0.8]
      [Update RS (ms): Min: 20.4, Avg: 20.6, Max: 20.9, Diff: 0.4, Sum: 82.4]
         [Processed Buffers: Min: 31, Avg: 32.8, Max: 35, Diff: 4, Sum: 131]
      [Scan RS (ms): Min: 0.4, Avg: 0.7, Max: 0.9, Diff: 0.5, Sum: 2.7]
      [Code Root Scanning (ms): Min: 0.0, Avg: 0.0, Max: 0.0, Diff: 0.0, Sum: 0.0]
      [Object Copy (ms): Min: 68.4, Avg: 68.5, Max: 68.5, Diff: 0.1, Sum: 273.9]
      [Termination (ms): Min: 0.0, Avg: 0.1, Max: 0.1, Diff: 0.1, Sum: 0.2]
         [Termination Attempts: Min: 24, Avg: 556.8, Max: 789, Diff: 765, Sum: 2227]
      [GC Worker Other (ms): Min: 0.0, Avg: 0.0, Max: 0.0, Diff: 0.0, Sum: 0.0]
      [GC Worker Total (ms): Min: 90.0, Avg: 90.0, Max: 90.0, Diff: 0.0, Sum: 360.0]
      [GC Worker End (ms): Min: 38490.1, Avg: 38490.1, Max: 38490.1, Diff: 0.0]
   [Code Root Fixup: 0.0 ms]
   [Code Root Purge: 0.0 ms]
   [Clear CT: 0.0 ms]
   [Other: 0.4 ms]
      [Choose CSet: 0.0 ms]
      [Ref Proc: 0.0 ms]
      [Ref Enq: 0.0 ms]
      [Redirty Cards: 0.1 ms]
      [Humongous Register: 0.0 ms]
      [Humongous Reclaim: 0.0 ms]
      [Free CSet: 0.1 ms]
   [Eden: 89.0M(89.0M)->0.0B(89.0M) Survivors: 13.0M->13.0M Heap: 1717.5M(2048.0M)->1661.5M(2048.0M)]
 [Times: user=0.38 sys=0.00, real=0.09 secs] 
38.577: [GC pause (G1 Evacuation Pause) (young), 0.0740054 secs]
   [Parallel Time: 73.6 ms, GC Workers: 4]
      [GC Worker Start (ms): Min: 38577.6, Avg: 38577.6, Max: 38577.6, Diff: 0.0]
      [Ext Root Scanning (ms): Min: 0.2, Avg: 0.2, Max: 0.2, Diff: 0.0, Sum: 0.8]
      [Update RS (ms): Min: 19.0, Avg: 19.1, Max: 19.3, Diff: 0.3, Sum: 76.5]
         [Processed Buffers: Min: 28, Avg: 29.8, Max: 33, Diff: 5, Sum: 119]
      [Scan RS (ms): Min: 0.2, Avg: 0.4, Max: 0.6, Diff: 0.4, Sum: 1.7]
      [Code Root Scanning (ms): Min: 0.0, Avg: 0.0, Max: 0.0, Diff: 0.0, Sum: 0.0]
      [Object Copy (ms): Min: 53.7, Avg: 53.7, Max: 53.8, Diff: 0.1, Sum: 214.9]
      [Termination (ms): Min: 0.0, Avg: 0.0, Max: 0.1, Diff: 0.1, Sum: 0.2]
         [Termination Attempts: Min: 5, Avg: 454.5, Max: 620, Diff: 615, Sum: 1818]
      [GC Worker Other (ms): Min: 0.0, Avg: 0.0, Max: 0.0, Diff: 0.0, Sum: 0.0]
      [GC Worker Total (ms): Min: 73.5, Avg: 73.5, Max: 73.5, Diff: 0.0, Sum: 294.0]
      [GC Worker End (ms): Min: 38651.1, Avg: 38651.1, Max: 38651.1, Diff: 0.0]
   [Code Root Fixup: 0.0 ms]
   [Code Root Purge: 0.0 ms]
   [Clear CT: 0.0 ms]
   [Other: 0.4 ms]
      [Choose CSet: 0.0 ms]
      [Ref Proc: 0.0 ms]
      [Ref Enq: 0.0 ms]
      [Redirty Cards: 0.1 ms]
      [Humongous Register: 0.0 ms]
      [Humongous Reclaim: 0.0 ms]
      [Free CSet: 0.1 ms]
   [Eden: 89.0M(89.0M)->0.0B(89.0M) Survivors: 13.0M->13.0M Heap: 1750.5M(2048.0M)->1693.0M(2048.0M)]
 [Times: user=0.25 sys=0.00, real=0.07 secs] 
38.749: [GC pause (G1 Evacuation Pause) (young), 0.0697011 secs]
   [Parallel Time: 69.4 ms, GC Workers: 4]
      [GC Worker Start (ms): Min: 38748.8, Avg: 38748.8, Max: 38748.8, Diff: 0.0]
      [Ext Root Scanning (ms): Min: 0.2, Avg: 0.2, Max: 0.2, Diff: 0.0, Sum: 0.8]
      [Update RS (ms): Min: 17.5, Avg: 17.6, Max: 17.8, Diff: 0.3, Sum: 70.6]
         [Processed Buffers: Min: 31, Avg: 32.5, Max: 35, Diff: 4, Sum: 130]
      [Scan RS (ms): Min: 0.6, Avg: 0.8, Max: 0.9, Diff: 0.3, Sum: 3.2]
      [Code Root Scanning (ms): Min: 0.0, Avg: 0.0, Max: 0.0, Diff: 0.0, Sum: 0.0]
      [Object Copy (ms): Min: 50.6, Avg: 50.7, Max: 50.7, Diff: 0.0, Sum: 202.6]
      [Termination (ms): Min: 0.0, Avg: 0.0, Max: 0.0, Diff: 0.0, Sum: 0.1]
         [Termination Attempts: Min: 39, Avg: 197.8, Max: 284, Diff: 245, Sum: 791]
      [GC Worker Other (ms): Min: 0.0, Avg: 0.0, Max: 0.0, Diff: 0.0, Sum: 0.0]
      [GC Worker Total (ms): Min: 69.3, Avg: 69.3, Max: 69.3, Diff: 0.0, Sum: 277.3]
      [GC Worker End (ms): Min: 38818.1, Avg: 38818.1, Max: 38818.1, Diff: 0.0]
   [Code Root Fixup: 0.0 ms]
   [Code Root Purge: 0.0 ms]
   [Clear CT: 0.0 ms]
   [Other: 0.3 ms]
      [Choose CSet: 0.0 ms]
      [Ref Proc: 0.0 ms]
      [Ref Enq: 0.0 ms]
      [Redirty Cards: 0.1 ms]
      [Humongous Register: 0.0 ms]
      [Humongous Reclaim: 0.0 ms]
      [Free CSet: 0.1 ms]
   [Eden: 89.0M(89.0M)->0.0B(89.0M) Survivors: 13.0M->13.0M Heap: 1782.0M(2048.0M)->1725.5M(2048.0M)]
 [Times: user=0.25 sys=0.00, real=0.07 secs] 
38.895: [GC pause (G1 Evacuation Pause) (young) (to-space exhausted), 0.0793040 secs]
   [Parallel Time: 74.6 ms, GC Workers: 4]
      [GC Worker Start (ms): Min: 38895.0, Avg: 38895.0, Max: 38895.0, Diff: 0.0]
      [Ext Root Scanning (ms): Min: 0.2, Avg: 0.2, Max: 0.2, Diff: 0.0, Sum: 0.8]
      [Update RS (ms): Min: 19.0, Avg: 19.1, Max: 19.1, Diff: 0.1, Sum: 76.2]
         [Processed Buffers: Min: 34, Avg: 35.3, Max: 37, Diff: 3, Sum: 141]
      [Scan RS (ms): Min: 0.3, Avg: 0.3, Max: 0.4, Diff: 0.1, Sum: 1.4]
      [Code Root Scanning (ms): Min: 0.0, Avg: 0.0, Max: 0.0, Diff: 0.0, Sum: 0.0]
      [Object Copy (ms): Min: 54.9, Avg: 55.0, Max: 55.0, Diff: 0.0, Sum: 219.8]
      [Termination (ms): Min: 0.0, Avg: 0.0, Max: 0.0, Diff: 0.0, Sum: 0.0]
         [Termination Attempts: Min: 4, Avg: 6.5, Max: 8, Diff: 4, Sum: 26]
      [GC Worker Other (ms): Min: 0.0, Avg: 0.0, Max: 0.0, Diff: 0.0, Sum: 0.0]
      [GC Worker Total (ms): Min: 74.5, Avg: 74.6, Max: 74.6, Diff: 0.0, Sum: 298.3]
      [GC Worker End (ms): Min: 38969.6, Avg: 38969.6, Max: 38969.6, Diff: 0.0]
   [Code Root Fixup: 0.0 ms]
   [Code Root Purge: 0.0 ms]
   [Clear CT: 0.0 ms]
   [Other: 4.7 ms]
      [Evacuation Failure: 4.4 ms]
      [Choose CSet: 0.0 ms]
      [Ref Proc: 0.0 ms]
      [Ref Enq: 0.0 ms]
      [Redirty Cards: 0.1 ms]
      [Humongous Register: 0.0 ms]
      [Humongous Reclaim: 0.0 ms]
      [Free CSet: 0.1 ms]
   [Eden: 89.0M(89.0M)->0.0B(89.0M) Survivors: 13.0M->13.0M Heap: 1814.5M(2048.0M)->1773.5M(2048.0M)]
 [Times: user=0.30 sys=0.00, real=0.08 secs] 
39.037: [GC pause (G1 Evacuation Pause) (young) (to-space exhausted), 0.1101120 secs]
   [Parallel Time: 97.1 ms, GC Workers: 4]
      [GC Worker Start (ms): Min: 39036.9, Avg: 39036.9, Max: 39037.0, Diff: 0.0]
      [Ext Root Scanning (ms): Min: 0.2, Avg: 0.2, Max: 0.2, Diff: 0.0, Sum: 0.8]
      [Update RS (ms): Min: 0.0, Avg: 12.2, Max: 16.3, Diff: 16.3, Sum: 48.6]
         [Processed Buffers: Min: 0, Avg: 38.8, Max: 80, Diff: 80, Sum: 155]
      [Scan RS (ms): Min: 0.0, Avg: 3.9, Max: 5.3, Diff: 5.3, Sum: 15.7]
      [Code Root Scanning (ms): Min: 0.0, Avg: 0.0, Max: 0.0, Diff: 0.0, Sum: 0.0]
      [Object Copy (ms): Min: 75.4, Avg: 80.7, Max: 96.8, Diff: 21.4, Sum: 323.0]
      [Termination (ms): Min: 0.0, Avg: 0.0, Max: 0.0, Diff: 0.0, Sum: 0.0]
         [Termination Attempts: Min: 1, Avg: 79.3, Max: 124, Diff: 123, Sum: 317]
      [GC Worker Other (ms): Min: 0.0, Avg: 0.0, Max: 0.0, Diff: 0.0, Sum: 0.0]
      [GC Worker Total (ms): Min: 97.0, Avg: 97.0, Max: 97.0, Diff: 0.0, Sum: 388.1]
      [GC Worker End (ms): Min: 39134.0, Avg: 39134.0, Max: 39134.0, Diff: 0.0]
   [Code Root Fixup: 0.0 ms]
   [Code Root Purge: 0.0 ms]
   [Clear CT: 0.1 ms]
   [Other: 13.0 ms]
      [Evacuation Failure: 12.7 ms]
      [Choose CSet: 0.0 ms]
      [Ref Proc: 0.1 ms]
      [Ref Enq: 0.0 ms]
      [Redirty Cards: 0.1 ms]
      [Humongous Register: 0.0 ms]
      [Humongous Reclaim: 0.0 ms]
      [Free CSet: 0.1 ms]
   [Eden: 71.0M(89.0M)->0.0B(102.0M) Survivors: 13.0M->0.0B Heap: 1844.5M(2048.0M)->1836.5M(2048.0M)]
 [Times: user=0.22 sys=0.00, real=0.11 secs] 
39.154: [GC pause (G1 Evacuation Pause) (young) (to-space exhausted), 0.0406485 secs]
   [Parallel Time: 39.3 ms, GC Workers: 4]
      [GC Worker Start (ms): Min: 39154.4, Avg: 39154.5, Max: 39154.5, Diff: 0.1]
      [Ext Root Scanning (ms): Min: 0.2, Avg: 0.2, Max: 0.3, Diff: 0.1, Sum: 0.9]
      [Update RS (ms): Min: 33.6, Avg: 33.7, Max: 34.0, Diff: 0.4, Sum: 134.9]
         [Processed Buffers: Min: 73, Avg: 78.3, Max: 87, Diff: 14, Sum: 313]
      [Scan RS (ms): Min: 0.0, Avg: 0.0, Max: 0.0, Diff: 0.0, Sum: 0.0]
      [Code Root Scanning (ms): Min: 0.0, Avg: 0.0, Max: 0.0, Diff: 0.0, Sum: 0.0]
      [Object Copy (ms): Min: 3.3, Avg: 4.4, Max: 5.5, Diff: 2.2, Sum: 17.6]
      [Termination (ms): Min: 0.0, Avg: 0.9, Max: 2.1, Diff: 2.1, Sum: 3.7]
         [Termination Attempts: Min: 1, Avg: 1.0, Max: 1, Diff: 0, Sum: 4]
      [GC Worker Other (ms): Min: 0.0, Avg: 0.0, Max: 0.0, Diff: 0.0, Sum: 0.0]
      [GC Worker Total (ms): Min: 39.3, Avg: 39.3, Max: 39.3, Diff: 0.1, Sum: 157.1]
      [GC Worker End (ms): Min: 39193.7, Avg: 39193.7, Max: 39193.7, Diff: 0.0]
   [Code Root Fixup: 0.0 ms]
   [Code Root Purge: 0.0 ms]
   [Clear CT: 0.0 ms]
   [Other: 1.3 ms]
      [Evacuation Failure: 1.1 ms]
      [Choose CSet: 0.0 ms]
      [Ref Proc: 0.0 ms]
      [Ref Enq: 0.0 ms]
      [Redirty Cards: 0.0 ms]
      [Humongous Register: 0.0 ms]
      [Humongous Reclaim: 0.0 ms]
      [Free CSet: 0.0 ms]
   [Eden: 8192.0K(102.0M)->0.0B(102.0M) Survivors: 0.0B->0.0B Heap: 1844.5M(2048.0M)->1843.5M(2048.0M)]
 [Times: user=0.13 sys=0.00, real=0.04 secs] 
39.196: [GC pause (G1 Evacuation Pause) (young) (to-space exhausted), 0.0037158 secs]
   [Parallel Time: 3.0 ms, GC Workers: 4]
      [GC Worker Start (ms): Min: 39196.3, Avg: 39196.3, Max: 39196.3, Diff: 0.0]
      [Ext Root Scanning (ms): Min: 0.2, Avg: 0.2, Max: 0.2, Diff: 0.0, Sum: 0.7]
      [Update RS (ms): Min: 2.2, Avg: 2.3, Max: 2.3, Diff: 0.1, Sum: 9.1]
         [Processed Buffers: Min: 5, Avg: 7.8, Max: 10, Diff: 5, Sum: 31]
      [Scan RS (ms): Min: 0.0, Avg: 0.0, Max: 0.0, Diff: 0.0, Sum: 0.0]
      [Code Root Scanning (ms): Min: 0.0, Avg: 0.0, Max: 0.0, Diff: 0.0, Sum: 0.0]
      [Object Copy (ms): Min: 0.0, Avg: 0.3, Max: 0.5, Diff: 0.5, Sum: 1.0]
      [Termination (ms): Min: 0.0, Avg: 0.3, Max: 0.4, Diff: 0.4, Sum: 1.0]
         [Termination Attempts: Min: 1, Avg: 1.0, Max: 1, Diff: 0, Sum: 4]
      [GC Worker Other (ms): Min: 0.0, Avg: 0.0, Max: 0.0, Diff: 0.0, Sum: 0.0]
      [GC Worker Total (ms): Min: 3.0, Avg: 3.0, Max: 3.0, Diff: 0.0, Sum: 11.9]
      [GC Worker End (ms): Min: 39199.3, Avg: 39199.3, Max: 39199.3, Diff: 0.0]
   [Code Root Fixup: 0.0 ms]
   [Code Root Purge: 0.0 ms]
   [Clear CT: 0.0 ms]
   [Other: 0.7 ms]
      [Evacuation Failure: 0.6 ms]
      [Choose CSet: 0.0 ms]
      [Ref Proc: 0.0 ms]
      [Ref Enq: 0.0 ms]
      [Redirty Cards: 0.0 ms]
      [Humongous Register: 0.0 ms]
      [Humongous Reclaim: 0.0 ms]
      [Free CSet: 0.0 ms]
   [Eden: 1024.0K(102.0M)->0.0B(102.0M) Survivors: 0.0B->0.0B Heap: 1844.5M(2048.0M)->1844.5M(2048.0M)]
 [Times: user=0.00 sys=0.00, real=0.00 secs] 
39.200: [Full GC (Allocation Failure)  1844M->1184M(2048M), 1.6273759 secs]
   [Eden: 0.0B(102.0M)->0.0B(341.0M) Survivors: 0.0B->0.0B Heap: 1844.5M(2048.0M)->1184.9M(2048.0M)], [Metaspace: 9188K->9188K(1058816K)]
 [Times: user=3.25 sys=0.00, real=1.63 secs] 
40.828: [GC concurrent-mark-abort]
41.123: [GC pause (G1 Evacuation Pause) (young), 0.1544279 secs]
   [Parallel Time: 153.8 ms, GC Workers: 4]
      [GC Worker Start (ms): Min: 41123.2, Avg: 41123.3, Max: 41123.3, Diff: 0.1]
      [Ext Root Scanning (ms): Min: 0.2, Avg: 0.2, Max: 0.3, Diff: 0.1, Sum: 0.9]
      [Update RS (ms): Min: 0.0, Avg: 0.0, Max: 0.1, Diff: 0.1, Sum: 0.1]
         [Processed Buffers: Min: 0, Avg: 1.0, Max: 2, Diff: 2, Sum: 4]
      [Scan RS (ms): Min: 0.0, Avg: 0.0, Max: 0.1, Diff: 0.1, Sum: 0.2]
      [Code Root Scanning (ms): Min: 0.0, Avg: 0.0, Max: 0.0, Diff: 0.0, Sum: 0.0]
      [Object Copy (ms): Min: 153.3, Avg: 153.4, Max: 153.4, Diff: 0.0, Sum: 613.5]
      [Termination (ms): Min: 0.0, Avg: 0.0, Max: 0.0, Diff: 0.0, Sum: 0.0]
         [Termination Attempts: Min: 15, Avg: 21.5, Max: 27, Diff: 12, Sum: 86]
      [GC Worker Other (ms): Min: 0.0, Avg: 0.0, Max: 0.0, Diff: 0.0, Sum: 0.1]
      [GC Worker Total (ms): Min: 153.6, Avg: 153.7, Max: 153.7, Diff: 0.1, Sum: 614.8]
      [GC Worker End (ms): Min: 41277.0, Avg: 41277.0, Max: 41277.0, Diff: 0.0]
   [Code Root Fixup: 0.0 ms]
   [Code Root Purge: 0.0 ms]
   [Clear CT: 0.1 ms]
   [Other: 0.6 ms]
      [Choose CSet: 0.0 ms]
      [Ref Proc: 0.0 ms]
      [Ref Enq: 0.0 ms]
      [Redirty Cards: 0.1 ms]
      [Humongous Register: 0.0 ms]
      [Humongous Reclaim: 0.0 ms]
      [Free CSet: 0.2 ms]
   [Eden: 341.0M(341.0M)->0.0B(247.0M) Survivors: 0.0B->43.0M Heap: 1525.9M(2048.0M)->1309.4M(2048.0M)]
 [Times: user=0.56 sys=0.00, real=0.15 secs] 
41.512: [GC pause (G1 Evacuation Pause) (young) (initial-mark), 0.2254427 secs]
   [Parallel Time: 224.3 ms, GC Workers: 4]
      [GC Worker Start (ms): Min: 41512.2, Avg: 41512.2, Max: 41512.2, Diff: 0.0]
      [Ext Root Scanning (ms): Min: 0.3, Avg: 0.3, Max: 0.3, Diff: 0.1, Sum: 1.2]
      [Update RS (ms): Min: 26.1, Avg: 26.3, Max: 26.6, Diff: 0.5, Sum: 105.3]
         [Processed Buffers: Min: 37, Avg: 38.3, Max: 40, Diff: 3, Sum: 153]
      [Scan RS (ms): Min: 25.1, Avg: 25.5, Max: 25.9, Diff: 0.8, Sum: 101.9]
      [Code Root Scanning (ms): Min: 0.0, Avg: 0.0, Max: 0.0, Diff: 0.0, Sum: 0.0]
      [Object Copy (ms): Min: 171.9, Avg: 172.1, Max: 172.2, Diff: 0.3, Sum: 688.3]
      [Termination (ms): Min: 0.0, Avg: 0.0, Max: 0.0, Diff: 0.0, Sum: 0.1]
         [Termination Attempts: Min: 6, Avg: 242.0, Max: 336, Diff: 330, Sum: 968]
      [GC Worker Other (ms): Min: 0.0, Avg: 0.0, Max: 0.0, Diff: 0.0, Sum: 0.1]
      [GC Worker Total (ms): Min: 224.2, Avg: 224.3, Max: 224.3, Diff: 0.1, Sum: 897.0]
      [GC Worker End (ms): Min: 41736.5, Avg: 41736.5, Max: 41736.5, Diff: 0.0]
   [Code Root Fixup: 0.0 ms]
   [Code Root Purge: 0.0 ms]
   [Clear CT: 0.1 ms]
   [Other: 1.0 ms]
      [Choose CSet: 0.0 ms]
      [Ref Proc: 0.0 ms]
      [Ref Enq: 0.0 ms]
      [Redirty Cards: 0.2 ms]
      [Humongous Register: 0.0 ms]
      [Humongous Reclaim: 0.0 ms]
      [Free CSet: 0.5 ms]
   [Eden: 247.0M(247.0M)->0.0B(65.0M) Survivors: 43.0M->37.0M Heap: 1556.4M(2048.0M)->1397.4M(2048.0M)]
 [Times: user=0.92 sys=0.02, real=0.22 secs] 
41.738: [GC concurrent-root-region-scan-start]
41.801: [GC concurrent-root-region-scan-end, 0.0629152 secs]
41.801: [GC concurrent-mark-start]
41.887: [GC pause (G1 Evacuation Pause) (young), 0.1101825 secs]
   [Parallel Time: 109.7 ms, GC Workers: 4]
      [GC Worker Start (ms): Min: 41887.6, Avg: 41887.6, Max: 41887.6, Diff: 0.0]
      [Ext Root Scanning (ms): Min: 0.2, Avg: 0.2, Max: 0.2, Diff: 0.0, Sum: 0.8]
      [Update RS (ms): Min: 27.9, Avg: 28.0, Max: 28.2, Diff: 0.3, Sum: 112.1]
         [Processed Buffers: Min: 44, Avg: 46.0, Max: 49, Diff: 5, Sum: 184]
      [Scan RS (ms): Min: 6.3, Avg: 6.4, Max: 6.5, Diff: 0.3, Sum: 25.6]
      [Code Root Scanning (ms): Min: 0.0, Avg: 0.0, Max: 0.0, Diff: 0.0, Sum: 0.0]
      [Object Copy (ms): Min: 74.9, Avg: 75.0, Max: 75.0, Diff: 0.1, Sum: 299.9]
      [Termination (ms): Min: 0.0, Avg: 0.1, Max: 0.1, Diff: 0.1, Sum: 0.2]
         [Termination Attempts: Min: 44, Avg: 518.5, Max: 704, Diff: 660, Sum: 2074]
      [GC Worker Other (ms): Min: 0.0, Avg: 0.0, Max: 0.0, Diff: 0.0, Sum: 0.0]
      [GC Worker Total (ms): Min: 109.7, Avg: 109.7, Max: 109.7, Diff: 0.0, Sum: 438.7]
      [GC Worker End (ms): Min: 41997.3, Avg: 41997.3, Max: 41997.3, Diff: 0.0]
   [Code Root Fixup: 0.0 ms]
   [Code Root Purge: 0.0 ms]
   [Clear CT: 0.0 ms]
   [Other: 0.4 ms]
      [Choose CSet: 0.0 ms]
      [Ref Proc: 0.0 ms]
      [Ref Enq: 0.0 ms]
      [Redirty Cards: 0.1 ms]
      [Humongous Register: 0.0 ms]
      [Humongous Reclaim: 0.0 ms]
      [Free CSet: 0.1 ms]
   [Eden: 65.0M(65.0M)->0.0B(89.0M) Survivors: 37.0M->13.0M Heap: 1462.4M(2048.0M)->1422.3M(2048.0M)]
 [Times: user=0.50 sys=0.00, real=0.11 secs] 
42.101: [GC pause (G1 Evacuation Pause) (young), 0.0694593 secs]
   [Parallel Time: 69.1 ms, GC Workers: 4]
      [GC Worker Start (ms): Min: 42101.5, Avg: 42101.5, Max: 42101.5, Diff: 0.0]
      [Ext Root Scanning (ms): Min: 0.2, Avg: 0.2, Max: 0.2, Diff: 0.0, Sum: 0.8]
      [Update RS (ms): Min: 17.6, Avg: 17.6, Max: 17.8, Diff: 0.2, Sum: 70.4]
         [Processed Buffers: Min: 29, Avg: 31.0, Max: 34, Diff: 5, Sum: 124]
      [Scan RS (ms): Min: 0.0, Avg: 0.0, Max: 0.0, Diff: 0.0, Sum: 0.1]
      [Code Root Scanning (ms): Min: 0.0, Avg: 0.0, Max: 0.0, Diff: 0.0, Sum: 0.0]
      [Object Copy (ms): Min: 51.1, Avg: 51.2, Max: 51.3, Diff: 0.2, Sum: 204.8]
      [Termination (ms): Min: 0.0, Avg: 0.0, Max: 0.0, Diff: 0.0, Sum: 0.0]
         [Termination Attempts: Min: 21, Avg: 32.5, Max: 39, Diff: 18, Sum: 130]
      [GC Worker Other (ms): Min: 0.0, Avg: 0.0, Max: 0.0, Diff: 0.0, Sum: 0.0]
      [GC Worker Total (ms): Min: 69.0, Avg: 69.1, Max: 69.1, Diff: 0.0, Sum: 276.2]
      [GC Worker End (ms): Min: 42170.5, Avg: 42170.5, Max: 42170.6, Diff: 0.0]
   [Code Root Fixup: 0.0 ms]
   [Code Root Purge: 0.0 ms]
   [Clear CT: 0.0 ms]
   [Other: 0.3 ms]
      [Choose CSet: 0.0 ms]
      [Ref Proc: 0.0 ms]
      [Ref Enq: 0.0 ms]
      [Redirty Cards: 0.1 ms]
      [Humongous Register: 0.0 ms]
      [Humongous Reclaim: 0.0 ms]
      [Free CSet: 0.1 ms]
   [Eden: 89.0M(89.0M)->0.0B(89.0M) Survivors: 13.0M->13.0M Heap: 1511.3M(2048.0M)->1454.4M(2048.0M)]
 [Times: user=0.31 sys=0.00, real=0.07 secs] 
42.250: [GC pause (G1 Evacuation Pause) (young), 0.0797970 secs]
   [Parallel Time: 79.5 ms, GC Workers: 4]
      [GC Worker Start (ms): Min: 42249.7, Avg: 42249.8, Max: 42249.8, Diff: 0.0]
      [Ext Root Scanning (ms): Min: 0.2, Avg: 0.2, Max: 0.2, Diff: 0.0, Sum: 0.8]
      [Update RS (ms): Min: 25.1, Avg: 25.3, Max: 25.4, Diff: 0.3, Sum: 101.1]
         [Processed Buffers: Min: 44, Avg: 45.0, Max: 47, Diff: 3, Sum: 180]
      [Scan RS (ms): Min: 0.0, Avg: 0.0, Max: 0.0, Diff: 0.0, Sum: 0.0]
      [Code Root Scanning (ms): Min: 0.0, Avg: 0.0, Max: 0.0, Diff: 0.0, Sum: 0.0]
      [Object Copy (ms): Min: 53.6, Avg: 53.7, Max: 53.8, Diff: 0.2, Sum: 214.9]
      [Termination (ms): Min: 0.0, Avg: 0.2, Max: 0.3, Diff: 0.3, Sum: 0.8]
         [Termination Attempts: Min: 1, Avg: 4.8, Max: 10, Diff: 9, Sum: 19]
      [GC Worker Other (ms): Min: 0.0, Avg: 0.0, Max: 0.0, Diff: 0.0, Sum: 0.0]
      [GC Worker Total (ms): Min: 79.4, Avg: 79.4, Max: 79.4, Diff: 0.1, Sum: 317.7]
      [GC Worker End (ms): Min: 42329.2, Avg: 42329.2, Max: 42329.2, Diff: 0.0]
   [Code Root Fixup: 0.0 ms]
   [Code Root Purge: 0.0 ms]
   [Clear CT: 0.0 ms]
   [Other: 0.3 ms]
      [Choose CSet: 0.0 ms]
      [Ref Proc: 0.0 ms]
      [Ref Enq: 0.0 ms]
      [Redirty Cards: 0.1 ms]
      [Humongous Register: 0.0 ms]
      [Humongous Reclaim: 0.0 ms]
      [Free CSet: 0.1 ms]
   [Eden: 89.0M(89.0M)->0.0B(89.0M) Survivors: 13.0M->13.0M Heap: 1543.4M(2048.0M)->1486.7M(2048.0M)]
 [Times: user=0.31 sys=0.00, real=0.08 secs] 
42.406: [GC pause (G1 Evacuation Pause) (young), 0.0554487 secs]
   [Parallel Time: 55.1 ms, GC Workers: 4]
      [GC Worker Start (ms): Min: 42406.5, Avg: 42406.5, Max: 42406.5, Diff: 0.0]
      [Ext Root Scanning (ms): Min: 0.2, Avg: 0.2, Max: 0.2, Diff: 0.0, Sum: 0.7]
      [Update RS (ms): Min: 16.0, Avg: 16.2, Max: 16.4, Diff: 0.4, Sum: 64.9]
         [Processed Buffers: Min: 30, Avg: 30.3, Max: 31, Diff: 1, Sum: 121]
      [Scan RS (ms): Min: 0.1, Avg: 0.3, Max: 0.5, Diff: 0.4, Sum: 1.1]
      [Code Root Scanning (ms): Min: 0.0, Avg: 0.0, Max: 0.0, Diff: 0.0, Sum: 0.0]
      [Object Copy (ms): Min: 38.2, Avg: 38.2, Max: 38.2, Diff: 0.0, Sum: 152.8]
      [Termination (ms): Min: 0.0, Avg: 0.0, Max: 0.0, Diff: 0.0, Sum: 0.0]
         [Termination Attempts: Min: 18, Avg: 71.0, Max: 105, Diff: 87, Sum: 284]
      [GC Worker Other (ms): Min: 0.0, Avg: 0.0, Max: 0.0, Diff: 0.0, Sum: 0.0]
      [GC Worker Total (ms): Min: 54.9, Avg: 54.9, Max: 54.9, Diff: 0.0, Sum: 219.6]
      [GC Worker End (ms): Min: 42461.4, Avg: 42461.4, Max: 42461.4, Diff: 0.0]
   [Code Root Fixup: 0.0 ms]
   [Code Root Purge: 0.0 ms]
   [Clear CT: 0.0 ms]
   [Other: 0.3 ms]
      [Choose CSet: 0.0 ms]
      [Ref Proc: 0.0 ms]
      [Ref Enq: 0.0 ms]
      [Redirty Cards: 0.1 ms]
      [Humongous Register: 0.0 ms]
      [Humongous Reclaim: 0.0 ms]
      [Free CSet: 0.1 ms]
   [Eden: 89.0M(89.0M)->0.0B(89.0M) Survivors: 13.0M->13.0M Heap: 1575.7M(2048.0M)->1520.3M(2048.0M)]
 [Times: user=0.19 sys=0.00, real=0.06 secs] 
42.539: [GC pause (G1 Evacuation Pause) (young), 0.0762589 secs]
   [Parallel Time: 75.9 ms, GC Workers: 4]
      [GC Worker Start (ms): Min: 42538.9, Avg: 42538.9, Max: 42538.9, Diff: 0.0]
      [Ext Root Scanning (ms): Min: 0.2, Avg: 0.2, Max: 0.2, Diff: 0.0, Sum: 0.8]
      [Update RS (ms): Min: 18.3, Avg: 18.4, Max: 18.5, Diff: 0.1, Sum: 73.7]
         [Processed Buffers: Min: 28, Avg: 33.0, Max: 36, Diff: 8, Sum: 132]
      [Scan RS (ms): Min: 2.9, Avg: 3.0, Max: 3.0, Diff: 0.1, Sum: 11.9]
      [Code Root Scanning (ms): Min: 0.0, Avg: 0.0, Max: 0.0, Diff: 0.0, Sum: 0.0]
      [Object Copy (ms): Min: 54.2, Avg: 54.2, Max: 54.3, Diff: 0.1, Sum: 216.9]
      [Termination (ms): Min: 0.0, Avg: 0.0, Max: 0.0, Diff: 0.0, Sum: 0.0]
         [Termination Attempts: Min: 9, Avg: 9.3, Max: 10, Diff: 1, Sum: 37]
      [GC Worker Other (ms): Min: 0.0, Avg: 0.0, Max: 0.0, Diff: 0.0, Sum: 0.0]
      [GC Worker Total (ms): Min: 75.8, Avg: 75.8, Max: 75.9, Diff: 0.0, Sum: 303.4]
      [GC Worker End (ms): Min: 42614.7, Avg: 42614.7, Max: 42614.7, Diff: 0.0]
   [Code Root Fixup: 0.0 ms]
   [Code Root Purge: 0.0 ms]
   [Clear CT: 0.0 ms]
   [Other: 0.3 ms]
      [Choose CSet: 0.0 ms]
      [Ref Proc: 0.0 ms]
      [Ref Enq: 0.0 ms]
      [Redirty Cards: 0.1 ms]
      [Humongous Register: 0.0 ms]
      [Humongous Reclaim: 0.0 ms]
      [Free CSet: 0.1 ms]
   [Eden: 89.0M(89.0M)->0.0B(89.0M) Survivors: 13.0M->13.0M Heap: 1609.3M(2048.0M)->1554.6M(2048.0M)]
 [Times: user=0.31 sys=0.00, real=0.08 secs] 
42.696: [GC pause (G1 Evacuation Pause) (young), 0.0783511 secs]
   [Parallel Time: 77.9 ms, GC Workers: 4]
      [GC Worker Start (ms): Min: 42696.2, Avg: 42696.2, Max: 42696.3, Diff: 0.0]
      [Ext Root Scanning (ms): Min: 0.2, Avg: 0.2, Max: 0.2, Diff: 0.0, Sum: 0.8]
      [Update RS (ms): Min: 30.4, Avg: 30.7, Max: 30.8, Diff: 0.4, Sum: 122.7]
         [Processed Buffers: Min: 53, Avg: 54.5, Max: 57, Diff: 4, Sum: 218]
      [Scan RS (ms): Min: 0.0, Avg: 0.0, Max: 0.1, Diff: 0.1, Sum: 0.1]
      [Code Root Scanning (ms): Min: 0.0, Avg: 0.0, Max: 0.0, Diff: 0.0, Sum: 0.0]
      [Object Copy (ms): Min: 46.9, Avg: 47.0, Max: 47.2, Diff: 0.3, Sum: 188.0]
      [Termination (ms): Min: 0.0, Avg: 0.0, Max: 0.0, Diff: 0.0, Sum: 0.0]
         [Termination Attempts: Min: 6, Avg: 8.3, Max: 11, Diff: 5, Sum: 33]
      [GC Worker Other (ms): Min: 0.0, Avg: 0.0, Max: 0.0, Diff: 0.0, Sum: 0.0]
      [GC Worker Total (ms): Min: 77.9, Avg: 77.9, Max: 77.9, Diff: 0.0, Sum: 311.5]
      [GC Worker End (ms): Min: 42774.1, Avg: 42774.1, Max: 42774.1, Diff: 0.0]
   [Code Root Fixup: 0.0 ms]
   [Code Root Purge: 0.0 ms]
   [Clear CT: 0.0 ms]
   [Other: 0.4 ms]
      [Choose CSet: 0.0 ms]
      [Ref Proc: 0.0 ms]
      [Ref Enq: 0.0 ms]
      [Redirty Cards: 0.2 ms]
      [Humongous Register: 0.0 ms]
      [Humongous Reclaim: 0.0 ms]
      [Free CSet: 0.1 ms]
   [Eden: 89.0M(89.0M)->0.0B(89.0M) Survivors: 13.0M->13.0M Heap: 1643.6M(2048.0M)->1588.4M(2048.0M)]
 [Times: user=0.31 sys=0.00, real=0.08 secs] 
42.851: [GC pause (G1 Evacuation Pause) (young), 0.0807085 secs]
   [Parallel Time: 80.3 ms, GC Workers: 4]
      [GC Worker Start (ms): Min: 42851.2, Avg: 42851.2, Max: 42851.2, Diff: 0.0]
      [Ext Root Scanning (ms): Min: 0.2, Avg: 0.2, Max: 0.2, Diff: 0.0, Sum: 0.8]
      [Update RS (ms): Min: 20.4, Avg: 20.6, Max: 20.7, Diff: 0.3, Sum: 82.2]
         [Processed Buffers: Min: 31, Avg: 32.8, Max: 34, Diff: 3, Sum: 131]
      [Scan RS (ms): Min: 0.0, Avg: 0.0, Max: 0.0, Diff: 0.0, Sum: 0.1]
      [Code Root Scanning (ms): Min: 0.0, Avg: 0.0, Max: 0.0, Diff: 0.0, Sum: 0.0]
      [Object Copy (ms): Min: 59.4, Avg: 59.5, Max: 59.6, Diff: 0.2, Sum: 238.0]
      [Termination (ms): Min: 0.0, Avg: 0.0, Max: 0.0, Diff: 0.0, Sum: 0.0]
         [Termination Attempts: Min: 27, Avg: 31.8, Max: 35, Diff: 8, Sum: 127]
      [GC Worker Other (ms): Min: 0.0, Avg: 0.0, Max: 0.0, Diff: 0.0, Sum: 0.0]
      [GC Worker Total (ms): Min: 80.3, Avg: 80.3, Max: 80.3, Diff: 0.0, Sum: 321.1]
      [GC Worker End (ms): Min: 42931.5, Avg: 42931.5, Max: 42931.5, Diff: 0.0]
   [Code Root Fixup: 0.0 ms]
   [Code Root Purge: 0.0 ms]
   [Clear CT: 0.0 ms]
   [Other: 0.4 ms]
      [Choose CSet: 0.0 ms]
      [Ref Proc: 0.0 ms]
      [Ref Enq: 0.0 ms]
      [Redirty Cards: 0.1 ms]
      [Humongous Register: 0.0 ms]
      [Humongous Reclaim: 0.0 ms]
      [Free CSet: 0.1 ms]
   [Eden: 89.0M(89.0M)->0.0B(89.0M) Survivors: 13.0M->13.0M Heap: 1677.4M(2048.0M)->1621.7M(2048.0M)]
 [Times: user=0.31 sys=0.00, real=0.08 secs] 
43.018: [GC pause (G1 Evacuation Pause) (young), 0.0693528 secs]
   [Parallel Time: 69.0 ms, GC Workers: 4]
      [GC Worker Start (ms): Min: 43018.3, Avg: 43018.3, Max: 43018.3, Diff: 0.0]
      [Ext Root Scanning (ms): Min: 0.2, Avg: 0.2, Max: 0.2, Diff: 0.0, Sum: 0.8]
      [Update RS (ms): Min: 16.7, Avg: 16.8, Max: 17.0, Diff: 0.3, Sum: 67.4]
         [Processed Buffers: Min: 29, Avg: 29.0, Max: 29, Diff: 0, Sum: 116]
      [Scan RS (ms): Min: 0.0, Avg: 0.0, Max: 0.1, Diff: 0.1, Sum: 0.1]
      [Code Root Scanning (ms): Min: 0.0, Avg: 0.0, Max: 0.0, Diff: 0.0, Sum: 0.0]
      [Object Copy (ms): Min: 51.7, Avg: 51.9, Max: 52.0, Diff: 0.2, Sum: 207.5]
      [Termination (ms): Min: 0.0, Avg: 0.0, Max: 0.0, Diff: 0.0, Sum: 0.0]
         [Termination Attempts: Min: 5, Avg: 7.8, Max: 12, Diff: 7, Sum: 31]
      [GC Worker Other (ms): Min: 0.0, Avg: 0.0, Max: 0.0, Diff: 0.0, Sum: 0.0]
      [GC Worker Total (ms): Min: 69.0, Avg: 69.0, Max: 69.0, Diff: 0.0, Sum: 275.9]
      [GC Worker End (ms): Min: 43087.3, Avg: 43087.3, Max: 43087.3, Diff: 0.0]
   [Code Root Fixup: 0.0 ms]
   [Code Root Purge: 0.0 ms]
   [Clear CT: 0.0 ms]
   [Other: 0.3 ms]
      [Choose CSet: 0.0 ms]
      [Ref Proc: 0.0 ms]
      [Ref Enq: 0.0 ms]
      [Redirty Cards: 0.1 ms]
      [Humongous Register: 0.0 ms]
      [Humongous Reclaim: 0.0 ms]
      [Free CSet: 0.1 ms]
   [Eden: 89.0M(89.0M)->0.0B(89.0M) Survivors: 13.0M->13.0M Heap: 1710.7M(2048.0M)->1654.6M(2048.0M)]
 [Times: user=0.25 sys=0.00, real=0.07 secs] 
43.166: [GC pause (G1 Evacuation Pause) (young), 0.0746373 secs]
   [Parallel Time: 74.3 ms, GC Workers: 4]
      [GC Worker Start (ms): Min: 43166.2, Avg: 43166.2, Max: 43166.2, Diff: 0.0]
      [Ext Root Scanning (ms): Min: 0.2, Avg: 0.2, Max: 0.2, Diff: 0.0, Sum: 0.8]
      [Update RS (ms): Min: 24.8, Avg: 24.9, Max: 25.1, Diff: 0.3, Sum: 99.8]
         [Processed Buffers: Min: 44, Avg: 45.8, Max: 47, Diff: 3, Sum: 183]
      [Scan RS (ms): Min: 0.0, Avg: 0.0, Max: 0.0, Diff: 0.0, Sum: 0.0]
      [Code Root Scanning (ms): Min: 0.0, Avg: 0.0, Max: 0.0, Diff: 0.0, Sum: 0.0]
      [Object Copy (ms): Min: 48.9, Avg: 49.1, Max: 49.3, Diff: 0.3, Sum: 196.4]
      [Termination (ms): Min: 0.0, Avg: 0.0, Max: 0.0, Diff: 0.0, Sum: 0.0]
         [Termination Attempts: Min: 15, Avg: 19.0, Max: 25, Diff: 10, Sum: 76]
      [GC Worker Other (ms): Min: 0.0, Avg: 0.0, Max: 0.0, Diff: 0.0, Sum: 0.0]
      [GC Worker Total (ms): Min: 74.3, Avg: 74.3, Max: 74.3, Diff: 0.0, Sum: 297.1]
      [GC Worker End (ms): Min: 43240.4, Avg: 43240.4, Max: 43240.4, Diff: 0.0]
   [Code Root Fixup: 0.0 ms]
   [Code Root Purge: 0.0 ms]
   [Clear CT: 0.0 ms]
   [Other: 0.3 ms]
      [Choose CSet: 0.0 ms]
      [Ref Proc: 0.0 ms]
      [Ref Enq: 0.0 ms]
      [Redirty Cards: 0.1 ms]
      [Humongous Register: 0.0 ms]
      [Humongous Reclaim: 0.0 ms]
      [Free CSet: 0.1 ms]
   [Eden: 89.0M(89.0M)->0.0B(89.0M) Survivors: 13.0M->13.0M Heap: 1743.6M(2048.0M)->1686.7M(2048.0M)]
 [Times: user=0.31 sys=0.00, real=0.07 secs] 
43.325: [GC pause (G1 Evacuation Pause) (young), 0.0645128 secs]
   [Parallel Time: 64.1 ms, GC Workers: 4]
      [GC Worker Start (ms): Min: 43325.0, Avg: 43325.0, Max: 43325.0, Diff: 0.0]
      [Ext Root Scanning (ms): Min: 0.2, Avg: 0.2, Max: 0.2, Diff: 0.0, Sum: 0.8]
      [Update RS (ms): Min: 15.6, Avg: 15.7, Max: 16.0, Diff: 0.3, Sum: 63.0]
         [Processed Buffers: Min: 28, Avg: 28.8, Max: 29, Diff: 1, Sum: 115]
      [Scan RS (ms): Min: 0.3, Avg: 0.5, Max: 0.6, Diff: 0.3, Sum: 1.9]
      [Code Root Scanning (ms): Min: 0.0, Avg: 0.0, Max: 0.0, Diff: 0.0, Sum: 0.0]
      [Object Copy (ms): Min: 47.7, Avg: 47.7, Max: 47.7, Diff: 0.0, Sum: 190.9]
      [Termination (ms): Min: 0.0, Avg: 0.0, Max: 0.0, Diff: 0.0, Sum: 0.0]
         [Termination Attempts: Min: 18, Avg: 19.8, Max: 22, Diff: 4, Sum: 79]
      [GC Worker Other (ms): Min: 0.0, Avg: 0.0, Max: 0.0, Diff: 0.0, Sum: 0.0]
      [GC Worker Total (ms): Min: 64.1, Avg: 64.1, Max: 64.1, Diff: 0.0, Sum: 256.5]
      [GC Worker End (ms): Min: 43389.1, Avg: 43389.1, Max: 43389.1, Diff: 0.0]
   [Code Root Fixup: 0.0 ms]
   [Code Root Purge: 0.0 ms]
   [Clear CT: 0.0 ms]
   [Other: 0.3 ms]
      [Choose CSet: 0.0 ms]
      [Ref Proc: 0.0 ms]
      [Ref Enq: 0.0 ms]
      [Redirty Cards: 0.1 ms]
      [Humongous Register: 0.0 ms]
      [Humongous Reclaim: 0.0 ms]
      [Free CSet: 0.1 ms]
   [Eden: 89.0M(89.0M)->0.0B(89.0M) Survivors: 13.0M->13.0M Heap: 1775.7M(2048.0M)->1718.1M(2048.0M)]
 [Times: user=0.31 sys=0.00, real=0.07 secs] 
43.469: [GC pause (G1 Evacuation Pause) (young) (to-space exhausted), 0.0701437 secs]
   [Parallel Time: 67.6 ms, GC Workers: 4]
      [GC Worker Start (ms): Min: 43469.3, Avg: 43469.3, Max: 43469.3, Diff: 0.0]
      [Ext Root Scanning (ms): Min: 0.2, Avg: 0.2, Max: 0.2, Diff: 0.0, Sum: 0.8]
      [Update RS (ms): Min: 18.1, Avg: 18.2, Max: 18.3, Diff: 0.2, Sum: 72.7]
         [Processed Buffers: Min: 31, Avg: 31.5, Max: 33, Diff: 2, Sum: 126]
      [Scan RS (ms): Min: 0.4, Avg: 0.5, Max: 0.6, Diff: 0.2, Sum: 1.9]
      [Code Root Scanning (ms): Min: 0.0, Avg: 0.0, Max: 0.0, Diff: 0.0, Sum: 0.0]
      [Object Copy (ms): Min: 48.7, Avg: 48.7, Max: 48.7, Diff: 0.0, Sum: 194.9]
      [Termination (ms): Min: 0.0, Avg: 0.0, Max: 0.0, Diff: 0.0, Sum: 0.0]
         [Termination Attempts: Min: 11, Avg: 15.0, Max: 18, Diff: 7, Sum: 60]
      [GC Worker Other (ms): Min: 0.0, Avg: 0.0, Max: 0.0, Diff: 0.0, Sum: 0.0]
      [GC Worker Total (ms): Min: 67.6, Avg: 67.6, Max: 67.6, Diff: 0.0, Sum: 270.4]
      [GC Worker End (ms): Min: 43536.8, Avg: 43536.8, Max: 43536.8, Diff: 0.0]
   [Code Root Fixup: 0.0 ms]
   [Code Root Purge: 0.0 ms]
   [Clear CT: 0.0 ms]
   [Other: 2.5 ms]
      [Evacuation Failure: 2.2 ms]
      [Choose CSet: 0.0 ms]
      [Ref Proc: 0.0 ms]
      [Ref Enq: 0.0 ms]
      [Redirty Cards: 0.1 ms]
      [Humongous Register: 0.0 ms]
      [Humongous Reclaim: 0.0 ms]
      [Free CSet: 0.1 ms]
   [Eden: 89.0M(89.0M)->0.0B(89.0M) Survivors: 13.0M->13.0M Heap: 1807.1M(2048.0M)->1762.9M(2048.0M)]
 [Times: user=0.25 sys=0.00, real=0.07 secs] 
43.622: [GC pause (G1 Evacuation Pause) (young) (to-space exhausted), 0.1218565 secs]
   [Parallel Time: 107.6 ms, GC Workers: 4]
      [GC Worker Start (ms): Min: 43622.4, Avg: 43622.4, Max: 43622.4, Diff: 0.0]
      [Ext Root Scanning (ms): Min: 0.2, Avg: 0.2, Max: 0.2, Diff: 0.0, Sum: 0.9]
      [Update RS (ms): Min: 0.0, Avg: 10.2, Max: 20.5, Diff: 20.5, Sum: 40.8]
         [Processed Buffers: Min: 0, Avg: 35.0, Max: 77, Diff: 77, Sum: 140]
      [Scan RS (ms): Min: 0.0, Avg: 2.4, Max: 9.7, Diff: 9.7, Sum: 9.7]
      [Code Root Scanning (ms): Min: 0.0, Avg: 4.8, Max: 19.3, Diff: 19.3, Sum: 19.3]
      [Object Copy (ms): Min: 49.0, Avg: 75.7, Max: 88.8, Diff: 39.8, Sum: 302.7]
      [Termination (ms): Min: 0.0, Avg: 14.0, Max: 18.6, Diff: 18.6, Sum: 55.9]
         [Termination Attempts: Min: 1, Avg: 727.8, Max: 1048, Diff: 1047, Sum: 2911]
      [GC Worker Other (ms): Min: 0.0, Avg: 0.0, Max: 0.0, Diff: 0.0, Sum: 0.0]
      [GC Worker Total (ms): Min: 106.4, Avg: 107.3, Max: 107.6, Diff: 1.2, Sum: 429.2]
      [GC Worker End (ms): Min: 43728.8, Avg: 43729.7, Max: 43730.0, Diff: 1.2]
   [Code Root Fixup: 0.0 ms]
   [Code Root Purge: 0.0 ms]
   [Clear CT: 0.0 ms]
   [Other: 14.2 ms]
      [Evacuation Failure: 13.8 ms]
      [Choose CSet: 0.0 ms]
      [Ref Proc: 0.0 ms]
      [Ref Enq: 0.0 ms]
      [Redirty Cards: 0.1 ms]
      [Humongous Register: 0.0 ms]
      [Humongous Reclaim: 0.0 ms]
      [Free CSet: 0.1 ms]
   [Eden: 84.0M(89.0M)->0.0B(102.0M) Survivors: 13.0M->0.0B Heap: 1846.9M(2048.0M)->1841.9M(2048.0M)]
 [Times: user=0.28 sys=0.00, real=0.12 secs] 
43.759: [GC pause (G1 Evacuation Pause) (young) (to-space exhausted), 0.0320075 secs]
   [Parallel Time: 31.1 ms, GC Workers: 4]
      [GC Worker Start (ms): Min: 43759.4, Avg: 43759.5, Max: 43759.5, Diff: 0.0]
      [Ext Root Scanning (ms): Min: 0.2, Avg: 0.2, Max: 0.2, Diff: 0.0, Sum: 0.8]
      [Update RS (ms): Min: 27.6, Avg: 27.8, Max: 28.0, Diff: 0.4, Sum: 111.3]
         [Processed Buffers: Min: 60, Avg: 62.0, Max: 63, Diff: 3, Sum: 248]
      [Scan RS (ms): Min: 0.0, Avg: 0.0, Max: 0.0, Diff: 0.0, Sum: 0.0]
      [Code Root Scanning (ms): Min: 0.0, Avg: 0.0, Max: 0.0, Diff: 0.0, Sum: 0.0]
      [Object Copy (ms): Min: 1.2, Avg: 2.2, Max: 3.0, Diff: 1.7, Sum: 8.6]
      [Termination (ms): Min: 0.0, Avg: 0.9, Max: 2.0, Diff: 2.0, Sum: 3.4]
         [Termination Attempts: Min: 1, Avg: 1.0, Max: 1, Diff: 0, Sum: 4]
      [GC Worker Other (ms): Min: 0.0, Avg: 0.0, Max: 0.0, Diff: 0.0, Sum: 0.0]
      [GC Worker Total (ms): Min: 31.0, Avg: 31.0, Max: 31.0, Diff: 0.0, Sum: 124.2]
      [GC Worker End (ms): Min: 43790.5, Avg: 43790.5, Max: 43790.5, Diff: 0.0]
   [Code Root Fixup: 0.0 ms]
   [Code Root Purge: 0.0 ms]
   [Clear CT: 0.0 ms]
   [Other: 0.9 ms]
      [Evacuation Failure: 0.8 ms]
      [Choose CSet: 0.0 ms]
      [Ref Proc: 0.0 ms]
      [Ref Enq: 0.0 ms]
      [Redirty Cards: 0.0 ms]
      [Humongous Register: 0.0 ms]
      [Humongous Reclaim: 0.0 ms]
      [Free CSet: 0.0 ms]
   [Eden: 5120.0K(102.0M)->0.0B(102.0M) Survivors: 0.0B->0.0B Heap: 1846.9M(2048.0M)->1845.9M(2048.0M)]
 [Times: user=0.13 sys=0.00, real=0.03 secs] 
43.792: [GC pause (G1 Evacuation Pause) (young) (to-space exhausted), 0.0026516 secs]
   [Parallel Time: 2.0 ms, GC Workers: 4]
      [GC Worker Start (ms): Min: 43792.2, Avg: 43792.3, Max: 43792.3, Diff: 0.0]
      [Ext Root Scanning (ms): Min: 0.2, Avg: 0.2, Max: 0.2, Diff: 0.0, Sum: 0.7]
      [Update RS (ms): Min: 1.0, Avg: 1.3, Max: 1.5, Diff: 0.5, Sum: 5.4]
         [Processed Buffers: Min: 2, Avg: 5.8, Max: 9, Diff: 7, Sum: 23]
      [Scan RS (ms): Min: 0.0, Avg: 0.0, Max: 0.0, Diff: 0.0, Sum: 0.0]
      [Code Root Scanning (ms): Min: 0.0, Avg: 0.0, Max: 0.0, Diff: 0.0, Sum: 0.0]
      [Object Copy (ms): Min: 0.0, Avg: 0.3, Max: 0.8, Diff: 0.8, Sum: 1.0]
      [Termination (ms): Min: 0.0, Avg: 0.2, Max: 0.3, Diff: 0.3, Sum: 0.9]
         [Termination Attempts: Min: 1, Avg: 1.0, Max: 1, Diff: 0, Sum: 4]
      [GC Worker Other (ms): Min: 0.0, Avg: 0.0, Max: 0.0, Diff: 0.0, Sum: 0.0]
      [GC Worker Total (ms): Min: 2.0, Avg: 2.0, Max: 2.0, Diff: 0.0, Sum: 8.0]
      [GC Worker End (ms): Min: 43794.3, Avg: 43794.3, Max: 43794.3, Diff: 0.0]
   [Code Root Fixup: 0.0 ms]
   [Code Root Purge: 0.0 ms]
   [Clear CT: 0.0 ms]
   [Other: 0.6 ms]
      [Evacuation Failure: 0.5 ms]
      [Choose CSet: 0.0 ms]
      [Ref Proc: 0.0 ms]
      [Ref Enq: 0.0 ms]
      [Redirty Cards: 0.0 ms]
      [Humongous Register: 0.0 ms]
      [Humongous Reclaim: 0.0 ms]
      [Free CSet: 0.0 ms]
   [Eden: 1024.0K(102.0M)->0.0B(102.0M) Survivors: 0.0B->0.0B Heap: 1846.9M(2048.0M)->1846.9M(2048.0M)]
 [Times: user=0.06 sys=0.00, real=0.00 secs] 
43.795: [Full GC (Allocation Failure)  1846M->1201M(2048M), 1.6589738 secs]
   [Eden: 0.0B(102.0M)->0.0B(294.0M) Survivors: 0.0B->0.0B Heap: 1846.9M(2048.0M)->1201.1M(2048.0M)], [Metaspace: 9227K->9227K(1058816K)]
 [Times: user=3.34 sys=0.00, real=1.66 secs] 
45.454: [GC concurrent-mark-abort]
45.713: [GC pause (G1 Evacuation Pause) (young), 0.1341321 secs]
   [Parallel Time: 133.5 ms, GC Workers: 4]
      [GC Worker Start (ms): Min: 45712.9, Avg: 45712.9, Max: 45713.0, Diff: 0.1]
      [Ext Root Scanning (ms): Min: 0.2, Avg: 0.2, Max: 0.3, Diff: 0.1, Sum: 1.0]
      [Update RS (ms): Min: 0.0, Avg: 0.0, Max: 0.1, Diff: 0.1, Sum: 0.1]
         [Processed Buffers: Min: 0, Avg: 1.3, Max: 2, Diff: 2, Sum: 5]
      [Scan RS (ms): Min: 0.0, Avg: 0.0, Max: 0.0, Diff: 0.0, Sum: 0.2]
      [Code Root Scanning (ms): Min: 0.0, Avg: 0.0, Max: 0.0, Diff: 0.0, Sum: 0.0]
      [Object Copy (ms): Min: 133.1, Avg: 133.1, Max: 133.1, Diff: 0.0, Sum: 532.5]
      [Termination (ms): Min: 0.0, Avg: 0.0, Max: 0.0, Diff: 0.0, Sum: 0.0]
         [Termination Attempts: Min: 9, Avg: 10.3, Max: 13, Diff: 4, Sum: 41]
      [GC Worker Other (ms): Min: 0.0, Avg: 0.0, Max: 0.0, Diff: 0.0, Sum: 0.1]
      [GC Worker Total (ms): Min: 133.4, Avg: 133.5, Max: 133.5, Diff: 0.1, Sum: 533.8]
      [GC Worker End (ms): Min: 45846.4, Avg: 45846.4, Max: 45846.4, Diff: 0.0]
   [Code Root Fixup: 0.0 ms]
   [Code Root Purge: 0.0 ms]
   [Clear CT: 0.1 ms]
   [Other: 0.5 ms]
      [Choose CSet: 0.0 ms]
      [Ref Proc: 0.0 ms]
      [Ref Enq: 0.0 ms]
      [Redirty Cards: 0.1 ms]
      [Humongous Register: 0.0 ms]
      [Humongous Reclaim: 0.0 ms]
      [Free CSet: 0.2 ms]
   [Eden: 294.0M(294.0M)->0.0B(225.0M) Survivors: 0.0B->37.0M Heap: 1495.1M(2048.0M)->1308.0M(2048.0M)]
 [Times: user=0.56 sys=0.00, real=0.13 secs] 
46.058: [GC pause (G1 Evacuation Pause) (young) (initial-mark), 0.1716403 secs]
   [Parallel Time: 170.8 ms, GC Workers: 4]
      [GC Worker Start (ms): Min: 46058.0, Avg: 46058.1, Max: 46058.1, Diff: 0.0]
      [Ext Root Scanning (ms): Min: 0.3, Avg: 0.3, Max: 0.3, Diff: 0.0, Sum: 1.1]
      [Update RS (ms): Min: 22.3, Avg: 22.6, Max: 23.0, Diff: 0.7, Sum: 90.5]
         [Processed Buffers: Min: 33, Avg: 34.3, Max: 37, Diff: 4, Sum: 137]
      [Scan RS (ms): Min: 10.5, Avg: 10.8, Max: 11.1, Diff: 0.6, Sum: 43.1]
      [Code Root Scanning (ms): Min: 0.0, Avg: 0.0, Max: 0.0, Diff: 0.0, Sum: 0.0]
      [Object Copy (ms): Min: 137.0, Avg: 137.0, Max: 137.1, Diff: 0.1, Sum: 548.1]
      [Termination (ms): Min: 0.0, Avg: 0.0, Max: 0.0, Diff: 0.0, Sum: 0.0]
         [Termination Attempts: Min: 7, Avg: 9.3, Max: 12, Diff: 5, Sum: 37]
      [GC Worker Other (ms): Min: 0.0, Avg: 0.0, Max: 0.0, Diff: 0.0, Sum: 0.1]
      [GC Worker Total (ms): Min: 170.7, Avg: 170.7, Max: 170.7, Diff: 0.0, Sum: 682.9]
      [GC Worker End (ms): Min: 46228.8, Avg: 46228.8, Max: 46228.8, Diff: 0.0]
   [Code Root Fixup: 0.0 ms]
   [Code Root Purge: 0.0 ms]
   [Clear CT: 0.1 ms]
   [Other: 0.8 ms]
      [Choose CSet: 0.0 ms]
      [Ref Proc: 0.0 ms]
      [Ref Enq: 0.0 ms]
      [Redirty Cards: 0.2 ms]
      [Humongous Register: 0.0 ms]
      [Humongous Reclaim: 0.0 ms]
      [Free CSet: 0.3 ms]
   [Eden: 225.0M(225.0M)->0.0B(69.0M) Survivors: 37.0M->33.0M Heap: 1533.0M(2048.0M)->1389.6M(2048.0M)]
 [Times: user=0.69 sys=0.00, real=0.17 secs] 
46.230: [GC concurrent-root-region-scan-start]
46.284: [GC concurrent-root-region-scan-end, 0.0546940 secs]
46.284: [GC concurrent-mark-start]
46.337: [GC pause (G1 Evacuation Pause) (young), 0.0999898 secs]
   [Parallel Time: 99.5 ms, GC Workers: 4]
      [GC Worker Start (ms): Min: 46337.2, Avg: 46337.2, Max: 46337.2, Diff: 0.0]
      [Ext Root Scanning (ms): Min: 0.2, Avg: 0.2, Max: 0.2, Diff: 0.0, Sum: 0.8]
      [Update RS (ms): Min: 18.2, Avg: 18.3, Max: 18.4, Diff: 0.2, Sum: 73.2]
         [Processed Buffers: Min: 29, Avg: 30.5, Max: 32, Diff: 3, Sum: 122]
      [Scan RS (ms): Min: 4.9, Avg: 4.9, Max: 5.0, Diff: 0.1, Sum: 19.8]
      [Code Root Scanning (ms): Min: 0.0, Avg: 0.0, Max: 0.0, Diff: 0.0, Sum: 0.0]
      [Object Copy (ms): Min: 76.0, Avg: 76.1, Max: 76.2, Diff: 0.2, Sum: 304.2]
      [Termination (ms): Min: 0.0, Avg: 0.0, Max: 0.0, Diff: 0.0, Sum: 0.0]
         [Termination Attempts: Min: 11, Avg: 56.8, Max: 83, Diff: 72, Sum: 227]
      [GC Worker Other (ms): Min: 0.0, Avg: 0.0, Max: 0.0, Diff: 0.0, Sum: 0.0]
      [GC Worker Total (ms): Min: 99.5, Avg: 99.5, Max: 99.5, Diff: 0.0, Sum: 398.0]
      [GC Worker End (ms): Min: 46436.7, Avg: 46436.7, Max: 46436.7, Diff: 0.0]
   [Code Root Fixup: 0.0 ms]
   [Code Root Purge: 0.0 ms]
   [Clear CT: 0.0 ms]
   [Other: 0.4 ms]
      [Choose CSet: 0.0 ms]
      [Ref Proc: 0.0 ms]
      [Ref Enq: 0.0 ms]
      [Redirty Cards: 0.1 ms]
      [Humongous Register: 0.0 ms]
      [Humongous Reclaim: 0.0 ms]
      [Free CSet: 0.1 ms]
   [Eden: 69.0M(69.0M)->0.0B(89.0M) Survivors: 33.0M->13.0M Heap: 1458.6M(2048.0M)->1415.4M(2048.0M)]
 [Times: user=0.44 sys=0.00, real=0.10 secs] 
46.543: [GC pause (G1 Evacuation Pause) (young), 0.0824729 secs]
   [Parallel Time: 82.1 ms, GC Workers: 4]
      [GC Worker Start (ms): Min: 46543.1, Avg: 46543.1, Max: 46543.1, Diff: 0.0]
      [Ext Root Scanning (ms): Min: 0.2, Avg: 0.2, Max: 0.2, Diff: 0.0, Sum: 0.8]
      [Update RS (ms): Min: 20.0, Avg: 20.1, Max: 20.3, Diff: 0.2, Sum: 80.4]
         [Processed Buffers: Min: 32, Avg: 34.0, Max: 35, Diff: 3, Sum: 136]
      [Scan RS (ms): Min: 3.8, Avg: 4.0, Max: 4.1, Diff: 0.3, Sum: 15.9]
      [Code Root Scanning (ms): Min: 0.0, Avg: 0.0, Max: 0.0, Diff: 0.0, Sum: 0.0]
      [Object Copy (ms): Min: 57.7, Avg: 57.8, Max: 57.8, Diff: 0.1, Sum: 231.1]
      [Termination (ms): Min: 0.0, Avg: 0.0, Max: 0.0, Diff: 0.0, Sum: 0.0]
         [Termination Attempts: Min: 26, Avg: 34.0, Max: 45, Diff: 19, Sum: 136]
      [GC Worker Other (ms): Min: 0.0, Avg: 0.0, Max: 0.0, Diff: 0.0, Sum: 0.0]
      [GC Worker Total (ms): Min: 82.0, Avg: 82.1, Max: 82.1, Diff: 0.0, Sum: 328.2]
      [GC Worker End (ms): Min: 46625.2, Avg: 46625.2, Max: 46625.2, Diff: 0.0]
   [Code Root Fixup: 0.0 ms]
   [Code Root Purge: 0.0 ms]
   [Clear CT: 0.0 ms]
   [Other: 0.3 ms]
      [Choose CSet: 0.0 ms]
      [Ref Proc: 0.0 ms]
      [Ref Enq: 0.0 ms]
      [Redirty Cards: 0.1 ms]
      [Humongous Register: 0.0 ms]
      [Humongous Reclaim: 0.0 ms]
      [Free CSet: 0.1 ms]
   [Eden: 89.0M(89.0M)->0.0B(142.0M) Survivors: 13.0M->13.0M Heap: 1504.4M(2048.0M)->1448.6M(2048.0M)]
 [Times: user=0.36 sys=0.00, real=0.08 secs] 
46.752: [GC pause (G1 Evacuation Pause) (young), 0.1133505 secs]
   [Parallel Time: 112.9 ms, GC Workers: 4]
      [GC Worker Start (ms): Min: 46752.3, Avg: 46752.4, Max: 46752.4, Diff: 0.1]
      [Ext Root Scanning (ms): Min: 0.2, Avg: 0.2, Max: 0.2, Diff: 0.1, Sum: 0.8]
      [Update RS (ms): Min: 33.9, Avg: 34.0, Max: 34.1, Diff: 0.3, Sum: 136.0]
         [Processed Buffers: Min: 53, Avg: 53.5, Max: 55, Diff: 2, Sum: 214]
      [Scan RS (ms): Min: 0.0, Avg: 0.0, Max: 0.1, Diff: 0.1, Sum: 0.1]
      [Code Root Scanning (ms): Min: 0.0, Avg: 0.0, Max: 0.0, Diff: 0.0, Sum: 0.0]
      [Object Copy (ms): Min: 78.5, Avg: 78.6, Max: 78.7, Diff: 0.2, Sum: 314.3]
      [Termination (ms): Min: 0.0, Avg: 0.0, Max: 0.0, Diff: 0.0, Sum: 0.0]
         [Termination Attempts: Min: 13, Avg: 16.3, Max: 18, Diff: 5, Sum: 65]
      [GC Worker Other (ms): Min: 0.0, Avg: 0.0, Max: 0.0, Diff: 0.0, Sum: 0.1]
      [GC Worker Total (ms): Min: 112.8, Avg: 112.8, Max: 112.9, Diff: 0.1, Sum: 451.3]
      [GC Worker End (ms): Min: 46865.2, Avg: 46865.2, Max: 46865.2, Diff: 0.0]
   [Code Root Fixup: 0.0 ms]
   [Code Root Purge: 0.0 ms]
   [Clear CT: 0.0 ms]
   [Other: 0.4 ms]
      [Choose CSet: 0.0 ms]
      [Ref Proc: 0.0 ms]
      [Ref Enq: 0.0 ms]
      [Redirty Cards: 0.1 ms]
      [Humongous Register: 0.0 ms]
      [Humongous Reclaim: 0.0 ms]
      [Free CSet: 0.1 ms]
   [Eden: 142.0M(142.0M)->0.0B(82.0M) Survivors: 13.0M->20.0M Heap: 1590.6M(2048.0M)->1501.6M(2048.0M)]
 [Times: user=0.44 sys=0.00, real=0.11 secs] 
46.960: [GC pause (G1 Evacuation Pause) (young), 0.0811021 secs]
   [Parallel Time: 80.7 ms, GC Workers: 4]
      [GC Worker Start (ms): Min: 46959.8, Avg: 46959.8, Max: 46959.8, Diff: 0.0]
      [Ext Root Scanning (ms): Min: 0.2, Avg: 0.2, Max: 0.2, Diff: 0.0, Sum: 0.8]
      [Update RS (ms): Min: 16.1, Avg: 16.2, Max: 16.3, Diff: 0.2, Sum: 64.9]
         [Processed Buffers: Min: 26, Avg: 27.0, Max: 28, Diff: 2, Sum: 108]
      [Scan RS (ms): Min: 2.6, Avg: 2.8, Max: 2.8, Diff: 0.2, Sum: 11.0]
      [Code Root Scanning (ms): Min: 0.0, Avg: 0.0, Max: 0.0, Diff: 0.0, Sum: 0.0]
      [Object Copy (ms): Min: 61.4, Avg: 61.4, Max: 61.4, Diff: 0.0, Sum: 245.7]
      [Termination (ms): Min: 0.0, Avg: 0.0, Max: 0.0, Diff: 0.0, Sum: 0.0]
         [Termination Attempts: Min: 5, Avg: 10.0, Max: 14, Diff: 9, Sum: 40]
      [GC Worker Other (ms): Min: 0.0, Avg: 0.0, Max: 0.0, Diff: 0.0, Sum: 0.0]
      [GC Worker Total (ms): Min: 80.6, Avg: 80.6, Max: 80.6, Diff: 0.0, Sum: 322.5]
      [GC Worker End (ms): Min: 47040.4, Avg: 47040.4, Max: 47040.4, Diff: 0.0]
   [Code Root Fixup: 0.0 ms]
   [Code Root Purge: 0.0 ms]
   [Clear CT: 0.0 ms]
   [Other: 0.4 ms]
      [Choose CSet: 0.0 ms]
      [Ref Proc: 0.0 ms]
      [Ref Enq: 0.0 ms]
      [Redirty Cards: 0.1 ms]
      [Humongous Register: 0.0 ms]
      [Humongous Reclaim: 0.0 ms]
      [Free CSet: 0.1 ms]
   [Eden: 82.0M(82.0M)->0.0B(89.0M) Survivors: 20.0M->13.0M Heap: 1583.6M(2048.0M)->1530.9M(2048.0M)]
 [Times: user=0.31 sys=0.00, real=0.08 secs] 
47.136: [GC pause (G1 Evacuation Pause) (young), 0.0755129 secs]
   [Parallel Time: 75.1 ms, GC Workers: 4]
      [GC Worker Start (ms): Min: 47136.3, Avg: 47136.3, Max: 47136.3, Diff: 0.0]
      [Ext Root Scanning (ms): Min: 0.2, Avg: 0.2, Max: 0.2, Diff: 0.0, Sum: 0.8]
      [Update RS (ms): Min: 17.3, Avg: 17.4, Max: 17.6, Diff: 0.4, Sum: 69.6]
         [Processed Buffers: Min: 29, Avg: 29.5, Max: 31, Diff: 2, Sum: 118]
      [Scan RS (ms): Min: 1.2, Avg: 1.5, Max: 1.6, Diff: 0.4, Sum: 5.8]
      [Code Root Scanning (ms): Min: 0.0, Avg: 0.0, Max: 0.0, Diff: 0.0, Sum: 0.0]
      [Object Copy (ms): Min: 56.0, Avg: 56.0, Max: 56.0, Diff: 0.1, Sum: 224.0]
      [Termination (ms): Min: 0.0, Avg: 0.0, Max: 0.0, Diff: 0.0, Sum: 0.0]
         [Termination Attempts: Min: 14, Avg: 19.5, Max: 25, Diff: 11, Sum: 78]
      [GC Worker Other (ms): Min: 0.0, Avg: 0.0, Max: 0.0, Diff: 0.0, Sum: 0.0]
      [GC Worker Total (ms): Min: 75.1, Avg: 75.1, Max: 75.1, Diff: 0.0, Sum: 300.3]
      [GC Worker End (ms): Min: 47211.4, Avg: 47211.4, Max: 47211.4, Diff: 0.0]
   [Code Root Fixup: 0.0 ms]
   [Code Root Purge: 0.0 ms]
   [Clear CT: 0.0 ms]
   [Other: 0.4 ms]
      [Choose CSet: 0.0 ms]
      [Ref Proc: 0.0 ms]
      [Ref Enq: 0.0 ms]
      [Redirty Cards: 0.1 ms]
      [Humongous Register: 0.0 ms]
      [Humongous Reclaim: 0.0 ms]
      [Free CSet: 0.1 ms]
   [Eden: 89.0M(89.0M)->0.0B(89.0M) Survivors: 13.0M->13.0M Heap: 1619.9M(2048.0M)->1562.8M(2048.0M)]
 [Times: user=0.31 sys=0.00, real=0.08 secs] 
47.291: [GC pause (G1 Evacuation Pause) (young), 0.0888117 secs]
   [Parallel Time: 88.4 ms, GC Workers: 4]
      [GC Worker Start (ms): Min: 47291.5, Avg: 47291.6, Max: 47291.6, Diff: 0.0]
      [Ext Root Scanning (ms): Min: 0.2, Avg: 0.2, Max: 0.2, Diff: 0.0, Sum: 0.8]
      [Update RS (ms): Min: 17.7, Avg: 17.8, Max: 17.9, Diff: 0.2, Sum: 71.2]
         [Processed Buffers: Min: 31, Avg: 32.5, Max: 35, Diff: 4, Sum: 130]
      [Scan RS (ms): Min: 0.2, Avg: 0.3, Max: 0.4, Diff: 0.2, Sum: 1.1]
      [Code Root Scanning (ms): Min: 0.0, Avg: 0.0, Max: 0.0, Diff: 0.0, Sum: 0.0]
      [Object Copy (ms): Min: 70.0, Avg: 70.1, Max: 70.1, Diff: 0.1, Sum: 280.2]
      [Termination (ms): Min: 0.0, Avg: 0.1, Max: 0.1, Diff: 0.1, Sum: 0.3]
         [Termination Attempts: Min: 14, Avg: 745.8, Max: 1093, Diff: 1079, Sum: 2983]
      [GC Worker Other (ms): Min: 0.0, Avg: 0.0, Max: 0.0, Diff: 0.0, Sum: 0.0]
      [GC Worker Total (ms): Min: 88.4, Avg: 88.4, Max: 88.4, Diff: 0.0, Sum: 353.5]
      [GC Worker End (ms): Min: 47379.9, Avg: 47379.9, Max: 47379.9, Diff: 0.0]
   [Code Root Fixup: 0.0 ms]
   [Code Root Purge: 0.0 ms]
   [Clear CT: 0.0 ms]
   [Other: 0.4 ms]
      [Choose CSet: 0.0 ms]
      [Ref Proc: 0.0 ms]
      [Ref Enq: 0.0 ms]
      [Redirty Cards: 0.1 ms]
      [Humongous Register: 0.0 ms]
      [Humongous Reclaim: 0.0 ms]
      [Free CSet: 0.1 ms]
   [Eden: 89.0M(89.0M)->0.0B(89.0M) Survivors: 13.0M->13.0M Heap: 1651.8M(2048.0M)->1596.6M(2048.0M)]
 [Times: user=0.36 sys=0.01, real=0.09 secs] 
47.460: [GC pause (G1 Evacuation Pause) (young), 0.0754058 secs]
   [Parallel Time: 74.9 ms, GC Workers: 4]
      [GC Worker Start (ms): Min: 47459.6, Avg: 47459.6, Max: 47459.6, Diff: 0.0]
      [Ext Root Scanning (ms): Min: 0.2, Avg: 0.2, Max: 0.2, Diff: 0.0, Sum: 0.8]
      [Update RS (ms): Min: 21.5, Avg: 21.7, Max: 22.0, Diff: 0.5, Sum: 86.7]
         [Processed Buffers: Min: 34, Avg: 35.3, Max: 36, Diff: 2, Sum: 141]
      [Scan RS (ms): Min: 0.2, Avg: 0.5, Max: 0.6, Diff: 0.5, Sum: 2.1]
      [Code Root Scanning (ms): Min: 0.0, Avg: 0.0, Max: 0.0, Diff: 0.0, Sum: 0.0]
      [Object Copy (ms): Min: 52.5, Avg: 52.5, Max: 52.5, Diff: 0.0, Sum: 210.0]
      [Termination (ms): Min: 0.0, Avg: 0.0, Max: 0.0, Diff: 0.0, Sum: 0.0]
         [Termination Attempts: Min: 12, Avg: 19.3, Max: 26, Diff: 14, Sum: 77]
      [GC Worker Other (ms): Min: 0.0, Avg: 0.0, Max: 0.0, Diff: 0.0, Sum: 0.0]
      [GC Worker Total (ms): Min: 74.9, Avg: 74.9, Max: 74.9, Diff: 0.0, Sum: 299.7]
      [GC Worker End (ms): Min: 47534.5, Avg: 47534.5, Max: 47534.5, Diff: 0.0]
   [Code Root Fixup: 0.0 ms]
   [Code Root Purge: 0.0 ms]
   [Clear CT: 0.0 ms]
   [Other: 0.4 ms]
      [Choose CSet: 0.0 ms]
      [Ref Proc: 0.0 ms]
      [Ref Enq: 0.0 ms]
      [Redirty Cards: 0.1 ms]
      [Humongous Register: 0.0 ms]
      [Humongous Reclaim: 0.0 ms]
      [Free CSet: 0.1 ms]
   [Eden: 89.0M(89.0M)->0.0B(89.0M) Survivors: 13.0M->13.0M Heap: 1685.6M(2048.0M)->1626.8M(2048.0M)]
 [Times: user=0.31 sys=0.00, real=0.08 secs] 
47.628: [GC pause (G1 Evacuation Pause) (young), 0.0708054 secs]
   [Parallel Time: 70.4 ms, GC Workers: 4]
      [GC Worker Start (ms): Min: 47628.5, Avg: 47628.5, Max: 47628.5, Diff: 0.0]
      [Ext Root Scanning (ms): Min: 0.2, Avg: 0.2, Max: 0.2, Diff: 0.0, Sum: 0.8]
      [Update RS (ms): Min: 17.3, Avg: 17.4, Max: 17.5, Diff: 0.2, Sum: 69.5]
         [Processed Buffers: Min: 31, Avg: 32.3, Max: 34, Diff: 3, Sum: 129]
      [Scan RS (ms): Min: 0.2, Avg: 0.3, Max: 0.4, Diff: 0.2, Sum: 1.3]
      [Code Root Scanning (ms): Min: 0.0, Avg: 0.0, Max: 0.0, Diff: 0.0, Sum: 0.0]
      [Object Copy (ms): Min: 52.5, Avg: 52.5, Max: 52.5, Diff: 0.0, Sum: 210.0]
      [Termination (ms): Min: 0.0, Avg: 0.0, Max: 0.0, Diff: 0.0, Sum: 0.0]
         [Termination Attempts: Min: 14, Avg: 17.8, Max: 22, Diff: 8, Sum: 71]
      [GC Worker Other (ms): Min: 0.0, Avg: 0.0, Max: 0.0, Diff: 0.0, Sum: 0.0]
      [GC Worker Total (ms): Min: 70.4, Avg: 70.4, Max: 70.4, Diff: 0.0, Sum: 281.6]
      [GC Worker End (ms): Min: 47698.9, Avg: 47698.9, Max: 47698.9, Diff: 0.0]
   [Code Root Fixup: 0.0 ms]
   [Code Root Purge: 0.0 ms]
   [Clear CT: 0.0 ms]
   [Other: 0.3 ms]
      [Choose CSet: 0.0 ms]
      [Ref Proc: 0.0 ms]
      [Ref Enq: 0.0 ms]
      [Redirty Cards: 0.1 ms]
      [Humongous Register: 0.0 ms]
      [Humongous Reclaim: 0.0 ms]
      [Free CSet: 0.1 ms]
   [Eden: 89.0M(89.0M)->0.0B(89.0M) Survivors: 13.0M->13.0M Heap: 1715.8M(2048.0M)->1660.0M(2048.0M)]
 [Times: user=0.25 sys=0.00, real=0.07 secs] 
47.775: [GC pause (G1 Evacuation Pause) (young), 0.0594214 secs]
   [Parallel Time: 59.1 ms, GC Workers: 4]
      [GC Worker Start (ms): Min: 47775.2, Avg: 47775.2, Max: 47775.2, Diff: 0.0]
      [Ext Root Scanning (ms): Min: 0.2, Avg: 0.2, Max: 0.2, Diff: 0.0, Sum: 0.8]
      [Update RS (ms): Min: 19.5, Avg: 19.6, Max: 19.8, Diff: 0.3, Sum: 78.5]
         [Processed Buffers: Min: 34, Avg: 34.5, Max: 36, Diff: 2, Sum: 138]
      [Scan RS (ms): Min: 0.0, Avg: 0.0, Max: 0.1, Diff: 0.1, Sum: 0.1]
      [Code Root Scanning (ms): Min: 0.0, Avg: 0.0, Max: 0.0, Diff: 0.0, Sum: 0.0]
      [Object Copy (ms): Min: 39.0, Avg: 39.2, Max: 39.2, Diff: 0.2, Sum: 156.7]
      [Termination (ms): Min: 0.0, Avg: 0.0, Max: 0.0, Diff: 0.0, Sum: 0.0]
         [Termination Attempts: Min: 6, Avg: 9.0, Max: 13, Diff: 7, Sum: 36]
      [GC Worker Other (ms): Min: 0.0, Avg: 0.0, Max: 0.0, Diff: 0.0, Sum: 0.0]
      [GC Worker Total (ms): Min: 59.0, Avg: 59.0, Max: 59.0, Diff: 0.0, Sum: 236.1]
      [GC Worker End (ms): Min: 47834.2, Avg: 47834.2, Max: 47834.2, Diff: 0.0]
   [Code Root Fixup: 0.0 ms]
   [Code Root Purge: 0.0 ms]
   [Clear CT: 0.0 ms]
   [Other: 0.3 ms]
      [Choose CSet: 0.0 ms]
      [Ref Proc: 0.0 ms]
      [Ref Enq: 0.0 ms]
      [Redirty Cards: 0.1 ms]
      [Humongous Register: 0.0 ms]
      [Humongous Reclaim: 0.0 ms]
      [Free CSet: 0.1 ms]
   [Eden: 89.0M(89.0M)->0.0B(89.0M) Survivors: 13.0M->13.0M Heap: 1749.0M(2048.0M)->1691.0M(2048.0M)]
 [Times: user=0.25 sys=0.00, real=0.06 secs] 
47.912: [GC pause (G1 Evacuation Pause) (young), 0.0801007 secs]
   [Parallel Time: 79.6 ms, GC Workers: 4]
      [GC Worker Start (ms): Min: 47912.4, Avg: 47912.4, Max: 47912.4, Diff: 0.0]
      [Ext Root Scanning (ms): Min: 0.2, Avg: 0.2, Max: 0.2, Diff: 0.0, Sum: 0.8]
      [Update RS (ms): Min: 21.8, Avg: 22.1, Max: 22.3, Diff: 0.5, Sum: 88.3]
         [Processed Buffers: Min: 37, Avg: 37.8, Max: 39, Diff: 2, Sum: 151]
      [Scan RS (ms): Min: 0.1, Avg: 0.3, Max: 0.6, Diff: 0.4, Sum: 1.3]
      [Code Root Scanning (ms): Min: 0.0, Avg: 0.0, Max: 0.0, Diff: 0.0, Sum: 0.0]
      [Object Copy (ms): Min: 57.0, Avg: 57.0, Max: 57.0, Diff: 0.0, Sum: 228.0]
      [Termination (ms): Min: 0.0, Avg: 0.0, Max: 0.0, Diff: 0.0, Sum: 0.0]
         [Termination Attempts: Min: 3, Avg: 7.8, Max: 11, Diff: 8, Sum: 31]
      [GC Worker Other (ms): Min: 0.0, Avg: 0.0, Max: 0.0, Diff: 0.0, Sum: 0.0]
      [GC Worker Total (ms): Min: 79.6, Avg: 79.6, Max: 79.6, Diff: 0.0, Sum: 318.5]
      [GC Worker End (ms): Min: 47992.0, Avg: 47992.0, Max: 47992.0, Diff: 0.0]
   [Code Root Fixup: 0.0 ms]
   [Code Root Purge: 0.0 ms]
   [Clear CT: 0.0 ms]
   [Other: 0.4 ms]
      [Choose CSet: 0.0 ms]
      [Ref Proc: 0.1 ms]
      [Ref Enq: 0.0 ms]
      [Redirty Cards: 0.1 ms]
      [Humongous Register: 0.0 ms]
      [Humongous Reclaim: 0.0 ms]
      [Free CSet: 0.1 ms]
   [Eden: 89.0M(89.0M)->0.0B(89.0M) Survivors: 13.0M->13.0M Heap: 1780.0M(2048.0M)->1725.0M(2048.0M)]
 [Times: user=0.30 sys=0.02, real=0.08 secs] 
48.071: [GC pause (G1 Evacuation Pause) (young) (to-space exhausted), 0.0736949 secs]
   [Parallel Time: 69.1 ms, GC Workers: 4]
      [GC Worker Start (ms): Min: 48070.7, Avg: 48070.7, Max: 48070.8, Diff: 0.0]
      [Ext Root Scanning (ms): Min: 0.2, Avg: 0.2, Max: 0.2, Diff: 0.0, Sum: 0.8]
      [Update RS (ms): Min: 21.5, Avg: 21.9, Max: 22.2, Diff: 0.7, Sum: 87.4]
         [Processed Buffers: Min: 33, Avg: 34.0, Max: 35, Diff: 2, Sum: 136]
      [Scan RS (ms): Min: 0.1, Avg: 0.5, Max: 0.8, Diff: 0.7, Sum: 1.8]
      [Code Root Scanning (ms): Min: 0.0, Avg: 0.0, Max: 0.0, Diff: 0.0, Sum: 0.0]
      [Object Copy (ms): Min: 46.5, Avg: 46.5, Max: 46.6, Diff: 0.0, Sum: 186.1]
      [Termination (ms): Min: 0.0, Avg: 0.0, Max: 0.0, Diff: 0.0, Sum: 0.0]
         [Termination Attempts: Min: 18, Avg: 21.8, Max: 25, Diff: 7, Sum: 87]
      [GC Worker Other (ms): Min: 0.0, Avg: 0.0, Max: 0.0, Diff: 0.0, Sum: 0.1]
      [GC Worker Total (ms): Min: 69.0, Avg: 69.1, Max: 69.1, Diff: 0.0, Sum: 276.2]
      [GC Worker End (ms): Min: 48139.8, Avg: 48139.8, Max: 48139.8, Diff: 0.0]
   [Code Root Fixup: 0.0 ms]
   [Code Root Purge: 0.0 ms]
   [Clear CT: 0.0 ms]
   [Other: 4.6 ms]
      [Evacuation Failure: 4.2 ms]
      [Choose CSet: 0.0 ms]
      [Ref Proc: 0.0 ms]
      [Ref Enq: 0.0 ms]
      [Redirty Cards: 0.1 ms]
      [Humongous Register: 0.0 ms]
      [Humongous Reclaim: 0.0 ms]
      [Free CSet: 0.1 ms]
   [Eden: 89.0M(89.0M)->0.0B(89.0M) Survivors: 13.0M->13.0M Heap: 1814.0M(2048.0M)->1787.1M(2048.0M)]
 [Times: user=0.30 sys=0.02, real=0.07 secs] 
48.220: [GC pause (G1 Evacuation Pause) (young) (to-space exhausted), 0.0925169 secs]
   [Parallel Time: 80.3 ms, GC Workers: 4]
      [GC Worker Start (ms): Min: 48219.8, Avg: 48219.8, Max: 48219.8, Diff: 0.0]
      [Ext Root Scanning (ms): Min: 0.2, Avg: 0.2, Max: 0.2, Diff: 0.0, Sum: 0.8]
      [Update RS (ms): Min: 0.0, Avg: 9.4, Max: 12.6, Diff: 12.6, Sum: 37.8]
         [Processed Buffers: Min: 0, Avg: 30.8, Max: 45, Diff: 45, Sum: 123]
      [Scan RS (ms): Min: 0.0, Avg: 0.8, Max: 1.1, Diff: 1.0, Sum: 3.1]
      [Code Root Scanning (ms): Min: 0.0, Avg: 0.0, Max: 0.0, Diff: 0.0, Sum: 0.0]
      [Object Copy (ms): Min: 64.9, Avg: 68.8, Max: 78.4, Diff: 13.5, Sum: 275.3]
      [Termination (ms): Min: 0.0, Avg: 1.0, Max: 1.6, Diff: 1.6, Sum: 3.9]
         [Termination Attempts: Min: 1, Avg: 1.0, Max: 1, Diff: 0, Sum: 4]
      [GC Worker Other (ms): Min: 0.0, Avg: 0.0, Max: 0.0, Diff: 0.0, Sum: 0.0]
      [GC Worker Total (ms): Min: 80.2, Avg: 80.2, Max: 80.2, Diff: 0.0, Sum: 320.9]
      [GC Worker End (ms): Min: 48300.0, Avg: 48300.0, Max: 48300.0, Diff: 0.0]
   [Code Root Fixup: 0.0 ms]
   [Code Root Purge: 0.0 ms]
   [Clear CT: 0.2 ms]
   [Other: 12.0 ms]
      [Evacuation Failure: 11.6 ms]
      [Choose CSet: 0.0 ms]
      [Ref Proc: 0.2 ms]
      [Ref Enq: 0.0 ms]
      [Redirty Cards: 0.1 ms]
      [Humongous Register: 0.0 ms]
      [Humongous Reclaim: 0.0 ms]
      [Free CSet: 0.1 ms]
   [Eden: 60.0M(89.0M)->0.0B(102.0M) Survivors: 13.0M->0.0B Heap: 1847.1M(2048.0M)->1843.1M(2048.0M)]
 [Times: user=0.20 sys=0.00, real=0.09 secs] 
48.316: [GC pause (G1 Evacuation Pause) (young) (to-space exhausted), 0.0290708 secs]
   [Parallel Time: 28.1 ms, GC Workers: 4]
      [GC Worker Start (ms): Min: 48315.9, Avg: 48315.9, Max: 48315.9, Diff: 0.1]
      [Ext Root Scanning (ms): Min: 0.2, Avg: 0.2, Max: 0.2, Diff: 0.1, Sum: 0.8]
      [Update RS (ms): Min: 25.1, Avg: 25.4, Max: 25.6, Diff: 0.5, Sum: 101.5]
         [Processed Buffers: Min: 56, Avg: 58.8, Max: 60, Diff: 4, Sum: 235]
      [Scan RS (ms): Min: 0.0, Avg: 0.0, Max: 0.0, Diff: 0.0, Sum: 0.0]
      [Code Root Scanning (ms): Min: 0.0, Avg: 0.0, Max: 0.0, Diff: 0.0, Sum: 0.0]
      [Object Copy (ms): Min: 0.7, Avg: 1.4, Max: 2.7, Diff: 2.0, Sum: 5.8]
      [Termination (ms): Min: 0.0, Avg: 1.0, Max: 2.0, Diff: 2.0, Sum: 4.0]
         [Termination Attempts: Min: 1, Avg: 1.0, Max: 1, Diff: 0, Sum: 4]
      [GC Worker Other (ms): Min: 0.0, Avg: 0.0, Max: 0.0, Diff: 0.0, Sum: 0.0]
      [GC Worker Total (ms): Min: 28.0, Avg: 28.0, Max: 28.1, Diff: 0.1, Sum: 112.2]
      [GC Worker End (ms): Min: 48343.9, Avg: 48343.9, Max: 48343.9, Diff: 0.0]
   [Code Root Fixup: 0.0 ms]
   [Code Root Purge: 0.0 ms]
   [Clear CT: 0.0 ms]
   [Other: 0.9 ms]
      [Evacuation Failure: 0.7 ms]
      [Choose CSet: 0.0 ms]
      [Ref Proc: 0.1 ms]
      [Ref Enq: 0.0 ms]
      [Redirty Cards: 0.1 ms]
      [Humongous Register: 0.0 ms]
      [Humongous Reclaim: 0.0 ms]
      [Free CSet: 0.0 ms]
   [Eden: 4096.0K(102.0M)->0.0B(102.0M) Survivors: 0.0B->0.0B Heap: 1847.1M(2048.0M)->1847.1M(2048.0M)]
 [Times: user=0.13 sys=0.00, real=0.03 secs] 
48.345: [Full GC (Allocation Failure)  1847M->1208M(2048M), 1.6897308 secs]
   [Eden: 0.0B(102.0M)->0.0B(331.0M) Survivors: 0.0B->0.0B Heap: 1847.1M(2048.0M)->1209.0M(2048.0M)], [Metaspace: 9261K->9261K(1058816K)]
 [Times: user=3.42 sys=0.00, real=1.69 secs] 
50.035: [GC concurrent-mark-abort]
50.318: [GC pause (G1 Evacuation Pause) (young), 0.1539099 secs]
   [Parallel Time: 153.3 ms, GC Workers: 4]
      [GC Worker Start (ms): Min: 50318.1, Avg: 50318.2, Max: 50318.2, Diff: 0.0]
      [Ext Root Scanning (ms): Min: 0.2, Avg: 0.2, Max: 0.2, Diff: 0.0, Sum: 0.8]
      [Update RS (ms): Min: 0.0, Avg: 0.0, Max: 0.0, Diff: 0.0, Sum: 0.1]
         [Processed Buffers: Min: 1, Avg: 1.0, Max: 1, Diff: 0, Sum: 4]
      [Scan RS (ms): Min: 0.0, Avg: 0.0, Max: 0.1, Diff: 0.0, Sum: 0.2]
      [Code Root Scanning (ms): Min: 0.0, Avg: 0.0, Max: 0.0, Diff: 0.0, Sum: 0.0]
      [Object Copy (ms): Min: 152.9, Avg: 152.9, Max: 152.9, Diff: 0.0, Sum: 611.6]
      [Termination (ms): Min: 0.0, Avg: 0.0, Max: 0.0, Diff: 0.0, Sum: 0.0]
         [Termination Attempts: Min: 6, Avg: 8.8, Max: 15, Diff: 9, Sum: 35]
      [GC Worker Other (ms): Min: 0.0, Avg: 0.0, Max: 0.0, Diff: 0.0, Sum: 0.1]
      [GC Worker Total (ms): Min: 153.2, Avg: 153.2, Max: 153.2, Diff: 0.0, Sum: 612.8]
      [GC Worker End (ms): Min: 50471.3, Avg: 50471.4, Max: 50471.4, Diff: 0.0]
   [Code Root Fixup: 0.0 ms]
   [Code Root Purge: 0.0 ms]
   [Clear CT: 0.1 ms]
   [Other: 0.5 ms]
      [Choose CSet: 0.0 ms]
      [Ref Proc: 0.0 ms]
      [Ref Enq: 0.0 ms]
      [Redirty Cards: 0.1 ms]
      [Humongous Register: 0.0 ms]
      [Humongous Reclaim: 0.0 ms]
      [Free CSet: 0.2 ms]
   [Eden: 331.0M(331.0M)->0.0B(234.0M) Survivors: 0.0B->42.0M Heap: 1540.0M(2048.0M)->1330.4M(2048.0M)]
 [Times: user=0.63 sys=0.00, real=0.15 secs] 
50.691: [GC pause (G1 Evacuation Pause) (young) (initial-mark), 0.1944336 secs]
   [Parallel Time: 193.6 ms, GC Workers: 4]
      [GC Worker Start (ms): Min: 50690.9, Avg: 50690.9, Max: 50691.0, Diff: 0.0]
      [Ext Root Scanning (ms): Min: 0.3, Avg: 0.3, Max: 0.3, Diff: 0.0, Sum: 1.2]
      [Update RS (ms): Min: 16.7, Avg: 16.8, Max: 17.0, Diff: 0.3, Sum: 67.1]
         [Processed Buffers: Min: 28, Avg: 31.0, Max: 34, Diff: 6, Sum: 124]
      [Scan RS (ms): Min: 7.9, Avg: 8.1, Max: 8.2, Diff: 0.3, Sum: 32.6]
      [Code Root Scanning (ms): Min: 0.0, Avg: 0.0, Max: 0.0, Diff: 0.0, Sum: 0.0]
      [Object Copy (ms): Min: 168.3, Avg: 168.3, Max: 168.3, Diff: 0.0, Sum: 673.2]
      [Termination (ms): Min: 0.0, Avg: 0.0, Max: 0.0, Diff: 0.0, Sum: 0.0]
         [Termination Attempts: Min: 29, Avg: 29.5, Max: 30, Diff: 1, Sum: 118]
      [GC Worker Other (ms): Min: 0.0, Avg: 0.0, Max: 0.0, Diff: 0.0, Sum: 0.1]
      [GC Worker Total (ms): Min: 193.5, Avg: 193.5, Max: 193.6, Diff: 0.0, Sum: 774.2]
      [GC Worker End (ms): Min: 50884.5, Avg: 50884.5, Max: 50884.5, Diff: 0.0]
   [Code Root Fixup: 0.0 ms]
   [Code Root Purge: 0.0 ms]
   [Clear CT: 0.1 ms]
   [Other: 0.7 ms]
      [Choose CSet: 0.0 ms]
      [Ref Proc: 0.0 ms]
      [Ref Enq: 0.0 ms]
      [Redirty Cards: 0.2 ms]
      [Humongous Register: 0.0 ms]
      [Humongous Reclaim: 0.0 ms]
      [Free CSet: 0.2 ms]
   [Eden: 234.0M(234.0M)->0.0B(170.0M) Survivors: 42.0M->35.0M Heap: 1564.4M(2048.0M)->1415.7M(2048.0M)]
 [Times: user=0.75 sys=0.00, real=0.19 secs] 
50.885: [GC concurrent-root-region-scan-start]
50.972: [GC concurrent-root-region-scan-end, 0.0867756 secs]
50.972: [GC concurrent-mark-start]
51.120: [GC pause (G1 Evacuation Pause) (young), 0.1676587 secs]
   [Parallel Time: 167.0 ms, GC Workers: 4]
      [GC Worker Start (ms): Min: 51119.6, Avg: 51119.6, Max: 51119.7, Diff: 0.1]
      [Ext Root Scanning (ms): Min: 0.2, Avg: 0.2, Max: 0.2, Diff: 0.1, Sum: 0.8]
      [Update RS (ms): Min: 19.2, Avg: 19.3, Max: 19.6, Diff: 0.4, Sum: 77.2]
         [Processed Buffers: Min: 32, Avg: 33.5, Max: 35, Diff: 3, Sum: 134]
      [Scan RS (ms): Min: 18.1, Avg: 18.5, Max: 18.7, Diff: 0.6, Sum: 74.0]
      [Code Root Scanning (ms): Min: 0.0, Avg: 0.0, Max: 0.0, Diff: 0.0, Sum: 0.0]
      [Object Copy (ms): Min: 128.8, Avg: 128.9, Max: 129.0, Diff: 0.3, Sum: 515.5]
      [Termination (ms): Min: 0.0, Avg: 0.0, Max: 0.0, Diff: 0.0, Sum: 0.1]
         [Termination Attempts: Min: 29, Avg: 346.3, Max: 481, Diff: 452, Sum: 1385]
      [GC Worker Other (ms): Min: 0.0, Avg: 0.0, Max: 0.0, Diff: 0.0, Sum: 0.1]
      [GC Worker Total (ms): Min: 166.9, Avg: 166.9, Max: 167.0, Diff: 0.1, Sum: 667.8]
      [GC Worker End (ms): Min: 51286.6, Avg: 51286.6, Max: 51286.6, Diff: 0.0]
   [Code Root Fixup: 0.0 ms]
   [Code Root Purge: 0.0 ms]
   [Clear CT: 0.1 ms]
   [Other: 0.6 ms]
      [Choose CSet: 0.0 ms]
      [Ref Proc: 0.1 ms]
      [Ref Enq: 0.0 ms]
      [Redirty Cards: 0.2 ms]
      [Humongous Register: 0.0 ms]
      [Humongous Reclaim: 0.0 ms]
      [Free CSet: 0.2 ms]
   [Eden: 170.0M(170.0M)->0.0B(124.0M) Survivors: 35.0M->26.0M Heap: 1585.7M(2048.0M)->1477.9M(2048.0M)]
 [Times: user=0.69 sys=0.00, real=0.17 secs] 
51.435: [GC pause (G1 Evacuation Pause) (young), 0.1178325 secs]
   [Parallel Time: 117.3 ms, GC Workers: 4]
      [GC Worker Start (ms): Min: 51435.3, Avg: 51435.3, Max: 51435.3, Diff: 0.0]
      [Ext Root Scanning (ms): Min: 0.2, Avg: 0.2, Max: 0.2, Diff: 0.0, Sum: 0.8]
      [Update RS (ms): Min: 21.7, Avg: 21.8, Max: 21.8, Diff: 0.1, Sum: 87.1]
         [Processed Buffers: Min: 36, Avg: 36.3, Max: 37, Diff: 1, Sum: 145]
      [Scan RS (ms): Min: 2.0, Avg: 2.1, Max: 2.3, Diff: 0.3, Sum: 8.5]
      [Code Root Scanning (ms): Min: 0.0, Avg: 0.0, Max: 0.0, Diff: 0.0, Sum: 0.0]
      [Object Copy (ms): Min: 93.1, Avg: 93.2, Max: 93.3, Diff: 0.1, Sum: 372.8]
      [Termination (ms): Min: 0.0, Avg: 0.0, Max: 0.0, Diff: 0.0, Sum: 0.0]
         [Termination Attempts: Min: 9, Avg: 13.8, Max: 19, Diff: 10, Sum: 55]
      [GC Worker Other (ms): Min: 0.0, Avg: 0.0, Max: 0.0, Diff: 0.0, Sum: 0.1]
      [GC Worker Total (ms): Min: 117.3, Avg: 117.3, Max: 117.3, Diff: 0.0, Sum: 469.3]
      [GC Worker End (ms): Min: 51552.6, Avg: 51552.6, Max: 51552.6, Diff: 0.0]
   [Code Root Fixup: 0.0 ms]
   [Code Root Purge: 0.0 ms]
   [Clear CT: 0.1 ms]
   [Other: 0.4 ms]
      [Choose CSet: 0.0 ms]
      [Ref Proc: 0.0 ms]
      [Ref Enq: 0.0 ms]
      [Redirty Cards: 0.1 ms]
      [Humongous Register: 0.0 ms]
      [Humongous Reclaim: 0.0 ms]
      [Free CSet: 0.1 ms]
   [Eden: 124.0M(124.0M)->0.0B(87.0M) Survivors: 26.0M->19.0M Heap: 1601.9M(2048.0M)->1527.2M(2048.0M)]
 [Times: user=0.44 sys=0.00, real=0.12 secs] 
51.653: [GC pause (G1 Evacuation Pause) (young), 0.0951928 secs]
   [Parallel Time: 94.7 ms, GC Workers: 4]
      [GC Worker Start (ms): Min: 51653.4, Avg: 51653.4, Max: 51653.5, Diff: 0.2]
      [Ext Root Scanning (ms): Min: 0.1, Avg: 0.2, Max: 0.2, Diff: 0.2, Sum: 0.7]
      [Update RS (ms): Min: 21.8, Avg: 22.0, Max: 22.1, Diff: 0.2, Sum: 87.9]
         [Processed Buffers: Min: 32, Avg: 33.0, Max: 36, Diff: 4, Sum: 132]
      [Scan RS (ms): Min: 8.4, Avg: 8.6, Max: 8.8, Diff: 0.4, Sum: 34.5]
      [Code Root Scanning (ms): Min: 0.0, Avg: 0.0, Max: 0.0, Diff: 0.0, Sum: 0.0]
      [Object Copy (ms): Min: 63.8, Avg: 63.9, Max: 64.0, Diff: 0.2, Sum: 255.4]
      [Termination (ms): Min: 0.0, Avg: 0.0, Max: 0.0, Diff: 0.0, Sum: 0.0]
         [Termination Attempts: Min: 4, Avg: 6.5, Max: 9, Diff: 5, Sum: 26]
      [GC Worker Other (ms): Min: 0.0, Avg: 0.0, Max: 0.0, Diff: 0.0, Sum: 0.1]
      [GC Worker Total (ms): Min: 94.5, Avg: 94.7, Max: 94.7, Diff: 0.2, Sum: 378.6]
      [GC Worker End (ms): Min: 51748.1, Avg: 51748.1, Max: 51748.1, Diff: 0.0]
   [Code Root Fixup: 0.0 ms]
   [Code Root Purge: 0.0 ms]
   [Clear CT: 0.0 ms]
   [Other: 0.4 ms]
      [Choose CSet: 0.0 ms]
      [Ref Proc: 0.0 ms]
      [Ref Enq: 0.0 ms]
      [Redirty Cards: 0.1 ms]
      [Humongous Register: 0.0 ms]
      [Humongous Reclaim: 0.0 ms]
      [Free CSet: 0.1 ms]
   [Eden: 87.0M(87.0M)->0.0B(88.0M) Survivors: 19.0M->14.0M Heap: 1614.2M(2048.0M)->1557.4M(2048.0M)]
 [Times: user=0.39 sys=0.00, real=0.10 secs] 
51.847: [GC pause (G1 Evacuation Pause) (young), 0.0619687 secs]
   [Parallel Time: 61.6 ms, GC Workers: 4]
      [GC Worker Start (ms): Min: 51846.7, Avg: 51846.7, Max: 51846.7, Diff: 0.0]
      [Ext Root Scanning (ms): Min: 0.2, Avg: 0.2, Max: 0.2, Diff: 0.0, Sum: 0.8]
      [Update RS (ms): Min: 16.5, Avg: 16.7, Max: 17.0, Diff: 0.4, Sum: 66.7]
         [Processed Buffers: Min: 28, Avg: 29.3, Max: 30, Diff: 2, Sum: 117]
      [Scan RS (ms): Min: 0.0, Avg: 0.0, Max: 0.1, Diff: 0.1, Sum: 0.1]
      [Code Root Scanning (ms): Min: 0.0, Avg: 0.0, Max: 0.0, Diff: 0.0, Sum: 0.0]
      [Object Copy (ms): Min: 44.3, Avg: 44.6, Max: 44.7, Diff: 0.4, Sum: 178.5]
      [Termination (ms): Min: 0.0, Avg: 0.0, Max: 0.0, Diff: 0.0, Sum: 0.0]
         [Termination Attempts: Min: 18, Avg: 22.5, Max: 26, Diff: 8, Sum: 90]
      [GC Worker Other (ms): Min: 0.0, Avg: 0.0, Max: 0.0, Diff: 0.0, Sum: 0.0]
      [GC Worker Total (ms): Min: 61.5, Avg: 61.5, Max: 61.5, Diff: 0.0, Sum: 246.2]
      [GC Worker End (ms): Min: 51908.2, Avg: 51908.2, Max: 51908.2, Diff: 0.0]
   [Code Root Fixup: 0.0 ms]
   [Code Root Purge: 0.0 ms]
   [Clear CT: 0.0 ms]
   [Other: 0.3 ms]
      [Choose CSet: 0.0 ms]
      [Ref Proc: 0.0 ms]
      [Ref Enq: 0.0 ms]
      [Redirty Cards: 0.1 ms]
      [Humongous Register: 0.0 ms]
      [Humongous Reclaim: 0.0 ms]
      [Free CSet: 0.1 ms]
   [Eden: 88.0M(88.0M)->0.0B(89.0M) Survivors: 14.0M->13.0M Heap: 1645.4M(2048.0M)->1589.4M(2048.0M)]
 [Times: user=0.25 sys=0.00, real=0.06 secs] 
51.996: [GC pause (G1 Evacuation Pause) (young), 0.0839833 secs]
   [Parallel Time: 83.6 ms, GC Workers: 4]
      [GC Worker Start (ms): Min: 51995.6, Avg: 51995.6, Max: 51995.6, Diff: 0.0]
      [Ext Root Scanning (ms): Min: 0.2, Avg: 0.2, Max: 0.2, Diff: 0.0, Sum: 0.7]
      [Update RS (ms): Min: 19.0, Avg: 19.1, Max: 19.1, Diff: 0.1, Sum: 76.4]
         [Processed Buffers: Min: 31, Avg: 32.0, Max: 33, Diff: 2, Sum: 128]
      [Scan RS (ms): Min: 0.6, Avg: 0.7, Max: 0.7, Diff: 0.1, Sum: 2.7]
      [Code Root Scanning (ms): Min: 0.0, Avg: 0.0, Max: 0.0, Diff: 0.0, Sum: 0.0]
      [Object Copy (ms): Min: 63.6, Avg: 63.6, Max: 63.6, Diff: 0.0, Sum: 254.3]
      [Termination (ms): Min: 0.0, Avg: 0.0, Max: 0.0, Diff: 0.0, Sum: 0.0]
         [Termination Attempts: Min: 6, Avg: 9.8, Max: 13, Diff: 7, Sum: 39]
      [GC Worker Other (ms): Min: 0.0, Avg: 0.0, Max: 0.0, Diff: 0.0, Sum: 0.0]
      [GC Worker Total (ms): Min: 83.5, Avg: 83.6, Max: 83.6, Diff: 0.0, Sum: 334.2]
      [GC Worker End (ms): Min: 52079.2, Avg: 52079.2, Max: 52079.2, Diff: 0.0]
   [Code Root Fixup: 0.0 ms]
   [Code Root Purge: 0.0 ms]
   [Clear CT: 0.0 ms]
   [Other: 0.4 ms]
      [Choose CSet: 0.0 ms]
      [Ref Proc: 0.0 ms]
      [Ref Enq: 0.0 ms]
      [Redirty Cards: 0.1 ms]
      [Humongous Register: 0.0 ms]
      [Humongous Reclaim: 0.0 ms]
      [Free CSet: 0.1 ms]
   [Eden: 89.0M(89.0M)->0.0B(89.0M) Survivors: 13.0M->13.0M Heap: 1678.4M(2048.0M)->1622.5M(2048.0M)]
 [Times: user=0.36 sys=0.00, real=0.09 secs] 
52.159: [GC pause (G1 Evacuation Pause) (young), 0.0719030 secs]
   [Parallel Time: 71.5 ms, GC Workers: 4]
      [GC Worker Start (ms): Min: 52159.6, Avg: 52159.6, Max: 52159.6, Diff: 0.0]
      [Ext Root Scanning (ms): Min: 0.2, Avg: 0.2, Max: 0.2, Diff: 0.0, Sum: 0.8]
      [Update RS (ms): Min: 20.6, Avg: 20.7, Max: 21.0, Diff: 0.3, Sum: 82.9]
         [Processed Buffers: Min: 33, Avg: 35.3, Max: 38, Diff: 5, Sum: 141]
      [Scan RS (ms): Min: 0.5, Avg: 0.7, Max: 0.8, Diff: 0.3, Sum: 2.7]
      [Code Root Scanning (ms): Min: 0.0, Avg: 0.0, Max: 0.0, Diff: 0.0, Sum: 0.0]
      [Object Copy (ms): Min: 49.8, Avg: 49.8, Max: 49.8, Diff: 0.1, Sum: 199.2]
      [Termination (ms): Min: 0.0, Avg: 0.0, Max: 0.0, Diff: 0.0, Sum: 0.1]
         [Termination Attempts: Min: 24, Avg: 206.3, Max: 276, Diff: 252, Sum: 825]
      [GC Worker Other (ms): Min: 0.0, Avg: 0.0, Max: 0.0, Diff: 0.0, Sum: 0.0]
      [GC Worker Total (ms): Min: 71.4, Avg: 71.4, Max: 71.5, Diff: 0.0, Sum: 285.8]
      [GC Worker End (ms): Min: 52231.0, Avg: 52231.0, Max: 52231.0, Diff: 0.0]
   [Code Root Fixup: 0.0 ms]
   [Code Root Purge: 0.0 ms]
   [Clear CT: 0.0 ms]
   [Other: 0.4 ms]
      [Choose CSet: 0.0 ms]
      [Ref Proc: 0.0 ms]
      [Ref Enq: 0.0 ms]
      [Redirty Cards: 0.1 ms]
      [Humongous Register: 0.0 ms]
      [Humongous Reclaim: 0.0 ms]
      [Free CSet: 0.1 ms]
   [Eden: 89.0M(89.0M)->0.0B(89.0M) Survivors: 13.0M->13.0M Heap: 1711.5M(2048.0M)->1655.8M(2048.0M)]
 [Times: user=0.27 sys=0.00, real=0.07 secs] 
52.318: [GC pause (G1 Evacuation Pause) (young), 0.0753891 secs]
   [Parallel Time: 75.0 ms, GC Workers: 4]
      [GC Worker Start (ms): Min: 52318.6, Avg: 52318.6, Max: 52318.6, Diff: 0.0]
      [Ext Root Scanning (ms): Min: 0.2, Avg: 0.2, Max: 0.2, Diff: 0.0, Sum: 0.8]
      [Update RS (ms): Min: 17.2, Avg: 17.3, Max: 17.5, Diff: 0.2, Sum: 69.3]
         [Processed Buffers: Min: 31, Avg: 31.5, Max: 33, Diff: 2, Sum: 126]
      [Scan RS (ms): Min: 0.0, Avg: 0.0, Max: 0.1, Diff: 0.1, Sum: 0.1]
      [Code Root Scanning (ms): Min: 0.0, Avg: 0.0, Max: 0.0, Diff: 0.0, Sum: 0.0]
      [Object Copy (ms): Min: 57.3, Avg: 57.4, Max: 57.5, Diff: 0.2, Sum: 229.7]
      [Termination (ms): Min: 0.0, Avg: 0.0, Max: 0.0, Diff: 0.0, Sum: 0.0]
         [Termination Attempts: Min: 3, Avg: 5.0, Max: 7, Diff: 4, Sum: 20]
      [GC Worker Other (ms): Min: 0.0, Avg: 0.0, Max: 0.0, Diff: 0.0, Sum: 0.0]
      [GC Worker Total (ms): Min: 75.0, Avg: 75.0, Max: 75.0, Diff: 0.0, Sum: 299.9]
      [GC Worker End (ms): Min: 52393.6, Avg: 52393.6, Max: 52393.6, Diff: 0.0]
   [Code Root Fixup: 0.0 ms]
   [Code Root Purge: 0.0 ms]
   [Clear CT: 0.0 ms]
   [Other: 0.3 ms]
      [Choose CSet: 0.0 ms]
      [Ref Proc: 0.0 ms]
      [Ref Enq: 0.0 ms]
      [Redirty Cards: 0.1 ms]
      [Humongous Register: 0.0 ms]
      [Humongous Reclaim: 0.0 ms]
      [Free CSet: 0.1 ms]
   [Eden: 89.0M(89.0M)->0.0B(89.0M) Survivors: 13.0M->13.0M Heap: 1744.8M(2048.0M)->1687.6M(2048.0M)]
 [Times: user=0.31 sys=0.00, real=0.08 secs] 
52.473: [GC pause (G1 Evacuation Pause) (young), 0.0703233 secs]
   [Parallel Time: 69.9 ms, GC Workers: 4]
      [GC Worker Start (ms): Min: 52473.0, Avg: 52473.0, Max: 52473.1, Diff: 0.0]
      [Ext Root Scanning (ms): Min: 0.2, Avg: 0.2, Max: 0.2, Diff: 0.0, Sum: 0.8]
      [Update RS (ms): Min: 20.2, Avg: 20.3, Max: 20.4, Diff: 0.2, Sum: 81.3]
         [Processed Buffers: Min: 33, Avg: 34.5, Max: 36, Diff: 3, Sum: 138]
      [Scan RS (ms): Min: 0.3, Avg: 0.4, Max: 0.5, Diff: 0.2, Sum: 1.5]
      [Code Root Scanning (ms): Min: 0.0, Avg: 0.0, Max: 0.0, Diff: 0.0, Sum: 0.0]
      [Object Copy (ms): Min: 48.9, Avg: 49.0, Max: 49.0, Diff: 0.0, Sum: 195.8]
      [Termination (ms): Min: 0.0, Avg: 0.0, Max: 0.0, Diff: 0.0, Sum: 0.0]
         [Termination Attempts: Min: 21, Avg: 22.3, Max: 25, Diff: 4, Sum: 89]
      [GC Worker Other (ms): Min: 0.0, Avg: 0.0, Max: 0.0, Diff: 0.0, Sum: 0.0]
      [GC Worker Total (ms): Min: 69.9, Avg: 69.9, Max: 69.9, Diff: 0.0, Sum: 279.5]
      [GC Worker End (ms): Min: 52542.9, Avg: 52542.9, Max: 52542.9, Diff: 0.0]
   [Code Root Fixup: 0.0 ms]
   [Code Root Purge: 0.0 ms]
   [Clear CT: 0.0 ms]
   [Other: 0.3 ms]
      [Choose CSet: 0.0 ms]
      [Ref Proc: 0.0 ms]
      [Ref Enq: 0.0 ms]
      [Redirty Cards: 0.1 ms]
      [Humongous Register: 0.0 ms]
      [Humongous Reclaim: 0.0 ms]
      [Free CSet: 0.1 ms]
   [Eden: 89.0M(89.0M)->0.0B(89.0M) Survivors: 13.0M->13.0M Heap: 1776.6M(2048.0M)->1721.4M(2048.0M)]
 [Times: user=0.25 sys=0.00, real=0.07 secs] 
52.624: [GC pause (G1 Evacuation Pause) (young) (to-space exhausted), 0.0827382 secs]
   [Parallel Time: 80.0 ms, GC Workers: 4]
      [GC Worker Start (ms): Min: 52624.5, Avg: 52624.5, Max: 52624.5, Diff: 0.0]
      [Ext Root Scanning (ms): Min: 0.2, Avg: 0.2, Max: 0.2, Diff: 0.0, Sum: 0.8]
      [Update RS (ms): Min: 17.8, Avg: 18.1, Max: 18.2, Diff: 0.4, Sum: 72.2]
         [Processed Buffers: Min: 30, Avg: 31.3, Max: 33, Diff: 3, Sum: 125]
      [Scan RS (ms): Min: 1.6, Avg: 1.7, Max: 2.0, Diff: 0.4, Sum: 6.9]
      [Code Root Scanning (ms): Min: 0.0, Avg: 0.0, Max: 0.0, Diff: 0.0, Sum: 0.0]
      [Object Copy (ms): Min: 60.0, Avg: 60.0, Max: 60.0, Diff: 0.0, Sum: 240.0]
      [Termination (ms): Min: 0.0, Avg: 0.0, Max: 0.0, Diff: 0.0, Sum: 0.0]
         [Termination Attempts: Min: 10, Avg: 12.0, Max: 15, Diff: 5, Sum: 48]
      [GC Worker Other (ms): Min: 0.0, Avg: 0.0, Max: 0.0, Diff: 0.0, Sum: 0.0]
      [GC Worker Total (ms): Min: 80.0, Avg: 80.0, Max: 80.0, Diff: 0.0, Sum: 319.9]
      [GC Worker End (ms): Min: 52704.5, Avg: 52704.5, Max: 52704.5, Diff: 0.0]
   [Code Root Fixup: 0.0 ms]
   [Code Root Purge: 0.0 ms]
   [Clear CT: 0.0 ms]
   [Other: 2.7 ms]
      [Evacuation Failure: 2.3 ms]
      [Choose CSet: 0.0 ms]
      [Ref Proc: 0.1 ms]
      [Ref Enq: 0.0 ms]
      [Redirty Cards: 0.1 ms]
      [Humongous Register: 0.0 ms]
      [Humongous Reclaim: 0.0 ms]
      [Free CSet: 0.1 ms]
   [Eden: 89.0M(89.0M)->0.0B(89.0M) Survivors: 13.0M->13.0M Heap: 1810.4M(2048.0M)->1768.0M(2048.0M)]
 [Times: user=0.28 sys=0.00, real=0.08 secs] 
52.790: [GC pause (G1 Evacuation Pause) (young) (to-space exhausted), 0.1151277 secs]
   [Parallel Time: 100.6 ms, GC Workers: 4]
      [GC Worker Start (ms): Min: 52789.7, Avg: 52789.7, Max: 52789.7, Diff: 0.0]
      [Ext Root Scanning (ms): Min: 0.2, Avg: 0.2, Max: 0.2, Diff: 0.0, Sum: 0.8]
      [Update RS (ms): Min: 0.0, Avg: 12.3, Max: 16.5, Diff: 16.5, Sum: 49.3]
         [Processed Buffers: Min: 0, Avg: 34.0, Max: 72, Diff: 72, Sum: 136]
      [Scan RS (ms): Min: 0.0, Avg: 2.9, Max: 3.9, Diff: 3.9, Sum: 11.4]
      [Code Root Scanning (ms): Min: 0.0, Avg: 0.0, Max: 0.0, Diff: 0.0, Sum: 0.0]
      [Object Copy (ms): Min: 80.1, Avg: 85.2, Max: 100.3, Diff: 20.3, Sum: 340.7]
      [Termination (ms): Min: 0.0, Avg: 0.0, Max: 0.1, Diff: 0.1, Sum: 0.2]
         [Termination Attempts: Min: 1, Avg: 413.5, Max: 593, Diff: 592, Sum: 1654]
      [GC Worker Other (ms): Min: 0.0, Avg: 0.0, Max: 0.0, Diff: 0.0, Sum: 0.0]
      [GC Worker Total (ms): Min: 100.6, Avg: 100.6, Max: 100.6, Diff: 0.0, Sum: 402.4]
      [GC Worker End (ms): Min: 52890.3, Avg: 52890.3, Max: 52890.3, Diff: 0.0]
   [Code Root Fixup: 0.0 ms]
   [Code Root Purge: 0.0 ms]
   [Clear CT: 0.1 ms]
   [Other: 14.4 ms]
      [Evacuation Failure: 14.0 ms]
      [Choose CSet: 0.0 ms]
      [Ref Proc: 0.0 ms]
      [Ref Enq: 0.0 ms]
      [Redirty Cards: 0.2 ms]
      [Humongous Register: 0.0 ms]
      [Humongous Reclaim: 0.0 ms]
      [Free CSet: 0.1 ms]
   [Eden: 83.0M(89.0M)->0.0B(102.0M) Survivors: 13.0M->0.0B Heap: 1851.0M(2048.0M)->1847.0M(2048.0M)]
 [Times: user=0.31 sys=0.00, real=0.12 secs] 
52.926: [GC pause (G1 Evacuation Pause) (young) (to-space exhausted), 0.0296507 secs]
   [Parallel Time: 28.8 ms, GC Workers: 4]
      [GC Worker Start (ms): Min: 52926.4, Avg: 52926.4, Max: 52926.4, Diff: 0.0]
      [Ext Root Scanning (ms): Min: 0.2, Avg: 0.2, Max: 0.2, Diff: 0.0, Sum: 0.8]
      [Update RS (ms): Min: 26.0, Avg: 26.1, Max: 26.3, Diff: 0.3, Sum: 104.4]
         [Processed Buffers: Min: 59, Avg: 59.5, Max: 61, Diff: 2, Sum: 238]
      [Scan RS (ms): Min: 0.0, Avg: 0.0, Max: 0.0, Diff: 0.0, Sum: 0.0]
      [Code Root Scanning (ms): Min: 0.0, Avg: 0.0, Max: 0.0, Diff: 0.0, Sum: 0.0]
      [Object Copy (ms): Min: 0.7, Avg: 1.4, Max: 2.5, Diff: 1.9, Sum: 5.8]
      [Termination (ms): Min: 0.0, Avg: 1.1, Max: 1.8, Diff: 1.8, Sum: 4.4]
         [Termination Attempts: Min: 1, Avg: 1.0, Max: 1, Diff: 0, Sum: 4]
      [GC Worker Other (ms): Min: 0.0, Avg: 0.0, Max: 0.0, Diff: 0.0, Sum: 0.0]
      [GC Worker Total (ms): Min: 28.8, Avg: 28.8, Max: 28.8, Diff: 0.0, Sum: 115.3]
      [GC Worker End (ms): Min: 52955.2, Avg: 52955.2, Max: 52955.2, Diff: 0.0]
   [Code Root Fixup: 0.0 ms]
   [Code Root Purge: 0.0 ms]
   [Clear CT: 0.0 ms]
   [Other: 0.8 ms]
      [Evacuation Failure: 0.6 ms]
      [Choose CSet: 0.0 ms]
      [Ref Proc: 0.0 ms]
      [Ref Enq: 0.0 ms]
      [Redirty Cards: 0.0 ms]
      [Humongous Register: 0.0 ms]
      [Humongous Reclaim: 0.0 ms]
      [Free CSet: 0.0 ms]
   [Eden: 4096.0K(102.0M)->0.0B(102.0M) Survivors: 0.0B->0.0B Heap: 1851.0M(2048.0M)->1851.0M(2048.0M)]
 [Times: user=0.13 sys=0.00, real=0.03 secs] 
52.956: [Full GC (Allocation Failure)  1850M->1196M(2048M), 1.6763778 secs]
   [Eden: 0.0B(102.0M)->0.0B(342.0M) Survivors: 0.0B->0.0B Heap: 1851.0M(2048.0M)->1196.5M(2048.0M)], [Metaspace: 9272K->9272K(1058816K)]
 [Times: user=3.34 sys=0.00, real=1.68 secs] 
54.633: [GC concurrent-mark-abort]
54.925: [GC pause (G1 Evacuation Pause) (young), 0.1561592 secs]
   [Parallel Time: 155.5 ms, GC Workers: 4]
      [GC Worker Start (ms): Min: 54924.6, Avg: 54924.7, Max: 54924.7, Diff: 0.1]
      [Ext Root Scanning (ms): Min: 0.2, Avg: 0.2, Max: 0.3, Diff: 0.1, Sum: 0.9]
      [Update RS (ms): Min: 0.0, Avg: 0.0, Max: 0.0, Diff: 0.0, Sum: 0.1]
         [Processed Buffers: Min: 0, Avg: 1.0, Max: 2, Diff: 2, Sum: 4]
      [Scan RS (ms): Min: 0.0, Avg: 0.0, Max: 0.1, Diff: 0.0, Sum: 0.2]
      [Code Root Scanning (ms): Min: 0.0, Avg: 0.0, Max: 0.0, Diff: 0.0, Sum: 0.0]
      [Object Copy (ms): Min: 155.1, Avg: 155.1, Max: 155.1, Diff: 0.0, Sum: 620.4]
      [Termination (ms): Min: 0.0, Avg: 0.0, Max: 0.0, Diff: 0.0, Sum: 0.0]
         [Termination Attempts: Min: 19, Avg: 26.8, Max: 34, Diff: 15, Sum: 107]
      [GC Worker Other (ms): Min: 0.0, Avg: 0.0, Max: 0.0, Diff: 0.0, Sum: 0.1]
      [GC Worker Total (ms): Min: 155.4, Avg: 155.4, Max: 155.5, Diff: 0.1, Sum: 621.6]
      [GC Worker End (ms): Min: 55080.1, Avg: 55080.1, Max: 55080.1, Diff: 0.0]
   [Code Root Fixup: 0.0 ms]
   [Code Root Purge: 0.0 ms]
   [Clear CT: 0.1 ms]
   [Other: 0.6 ms]
      [Choose CSet: 0.0 ms]
      [Ref Proc: 0.1 ms]
      [Ref Enq: 0.0 ms]
      [Redirty Cards: 0.1 ms]
      [Humongous Register: 0.0 ms]
      [Humongous Reclaim: 0.0 ms]
      [Free CSet: 0.2 ms]
   [Eden: 342.0M(342.0M)->0.0B(241.0M) Survivors: 0.0B->43.0M Heap: 1538.5M(2048.0M)->1321.3M(2048.0M)]
 [Times: user=0.63 sys=0.00, real=0.16 secs] 
55.308: [GC pause (G1 Evacuation Pause) (young) (initial-mark), 0.1970319 secs]
   [Parallel Time: 196.2 ms, GC Workers: 4]
      [GC Worker Start (ms): Min: 55307.8, Avg: 55307.8, Max: 55307.9, Diff: 0.1]
      [Ext Root Scanning (ms): Min: 0.3, Avg: 0.3, Max: 0.3, Diff: 0.1, Sum: 1.2]
      [Update RS (ms): Min: 20.0, Avg: 20.2, Max: 20.6, Diff: 0.5, Sum: 80.7]
         [Processed Buffers: Min: 32, Avg: 33.8, Max: 35, Diff: 3, Sum: 135]
      [Scan RS (ms): Min: 0.6, Avg: 1.0, Max: 1.1, Diff: 0.5, Sum: 4.0]
      [Code Root Scanning (ms): Min: 0.0, Avg: 0.0, Max: 0.0, Diff: 0.0, Sum: 0.0]
      [Object Copy (ms): Min: 174.5, Avg: 174.5, Max: 174.6, Diff: 0.1, Sum: 698.2]
      [Termination (ms): Min: 0.0, Avg: 0.1, Max: 0.1, Diff: 0.1, Sum: 0.2]
         [Termination Attempts: Min: 14, Avg: 609.0, Max: 918, Diff: 904, Sum: 2436]
      [GC Worker Other (ms): Min: 0.0, Avg: 0.0, Max: 0.0, Diff: 0.0, Sum: 0.1]
      [GC Worker Total (ms): Min: 196.1, Avg: 196.1, Max: 196.2, Diff: 0.1, Sum: 784.5]
      [GC Worker End (ms): Min: 55504.0, Avg: 55504.0, Max: 55504.0, Diff: 0.0]
   [Code Root Fixup: 0.0 ms]
   [Code Root Purge: 0.0 ms]
   [Clear CT: 0.2 ms]
   [Other: 0.7 ms]
      [Choose CSet: 0.0 ms]
      [Ref Proc: 0.1 ms]
      [Ref Enq: 0.0 ms]
      [Redirty Cards: 0.2 ms]
      [Humongous Register: 0.0 ms]
      [Humongous Reclaim: 0.0 ms]
      [Free CSet: 0.2 ms]
   [Eden: 241.0M(241.0M)->0.0B(173.0M) Survivors: 43.0M->36.0M Heap: 1562.3M(2048.0M)->1412.1M(2048.0M)]
 [Times: user=0.81 sys=0.00, real=0.20 secs] 
55.505: [GC concurrent-root-region-scan-start]
55.565: [GC concurrent-root-region-scan-end, 0.0605405 secs]
55.565: [GC concurrent-mark-start]
55.701: [GC pause (G1 Evacuation Pause) (young), 0.1816044 secs]
   [Parallel Time: 181.0 ms, GC Workers: 4]
      [GC Worker Start (ms): Min: 55701.0, Avg: 55701.1, Max: 55701.1, Diff: 0.1]
      [Ext Root Scanning (ms): Min: 0.2, Avg: 0.2, Max: 0.2, Diff: 0.1, Sum: 0.8]
      [Update RS (ms): Min: 17.9, Avg: 18.0, Max: 18.1, Diff: 0.2, Sum: 71.8]
         [Processed Buffers: Min: 29, Avg: 30.5, Max: 31, Diff: 2, Sum: 122]
      [Scan RS (ms): Min: 6.4, Avg: 6.5, Max: 6.5, Diff: 0.1, Sum: 25.8]
      [Code Root Scanning (ms): Min: 0.0, Avg: 0.0, Max: 0.0, Diff: 0.0, Sum: 0.0]
      [Object Copy (ms): Min: 129.4, Avg: 136.2, Max: 156.3, Diff: 26.9, Sum: 544.6]
      [Termination (ms): Min: 0.0, Avg: 20.1, Max: 26.9, Diff: 26.9, Sum: 80.6]
         [Termination Attempts: Min: 1, Avg: 958.3, Max: 1492, Diff: 1491, Sum: 3833]
      [GC Worker Other (ms): Min: 0.0, Avg: 0.0, Max: 0.0, Diff: 0.0, Sum: 0.1]
      [GC Worker Total (ms): Min: 180.9, Avg: 180.9, Max: 181.0, Diff: 0.1, Sum: 723.7]
      [GC Worker End (ms): Min: 55882.0, Avg: 55882.0, Max: 55882.0, Diff: 0.0]
   [Code Root Fixup: 0.0 ms]
   [Code Root Purge: 0.0 ms]
   [Clear CT: 0.1 ms]
   [Other: 0.5 ms]
      [Choose CSet: 0.0 ms]
      [Ref Proc: 0.0 ms]
      [Ref Enq: 0.0 ms]
      [Redirty Cards: 0.1 ms]
      [Humongous Register: 0.0 ms]
      [Humongous Reclaim: 0.0 ms]
      [Free CSet: 0.2 ms]
   [Eden: 173.0M(173.0M)->0.0B(125.0M) Survivors: 36.0M->27.0M Heap: 1585.1M(2048.0M)->1476.5M(2048.0M)]
 [Times: user=0.64 sys=0.02, real=0.18 secs] 
56.028: [GC pause (G1 Evacuation Pause) (young), 0.1507426 secs]
   [Parallel Time: 150.2 ms, GC Workers: 4]
      [GC Worker Start (ms): Min: 56028.3, Avg: 56028.3, Max: 56028.3, Diff: 0.0]
      [Ext Root Scanning (ms): Min: 0.2, Avg: 0.2, Max: 0.2, Diff: 0.0, Sum: 0.7]
      [Update RS (ms): Min: 18.7, Avg: 18.8, Max: 18.9, Diff: 0.2, Sum: 75.1]
         [Processed Buffers: Min: 32, Avg: 33.0, Max: 34, Diff: 2, Sum: 132]
      [Scan RS (ms): Min: 6.1, Avg: 6.2, Max: 6.3, Diff: 0.2, Sum: 24.8]
      [Code Root Scanning (ms): Min: 0.0, Avg: 0.0, Max: 0.0, Diff: 0.0, Sum: 0.0]
      [Object Copy (ms): Min: 125.0, Avg: 125.0, Max: 125.1, Diff: 0.1, Sum: 500.0]
      [Termination (ms): Min: 0.0, Avg: 0.1, Max: 0.1, Diff: 0.1, Sum: 0.2]
         [Termination Attempts: Min: 13, Avg: 632.5, Max: 913, Diff: 900, Sum: 2530]
      [GC Worker Other (ms): Min: 0.0, Avg: 0.0, Max: 0.0, Diff: 0.0, Sum: 0.1]
      [GC Worker Total (ms): Min: 150.2, Avg: 150.2, Max: 150.2, Diff: 0.0, Sum: 600.9]
      [GC Worker End (ms): Min: 56178.6, Avg: 56178.6, Max: 56178.6, Diff: 0.0]
   [Code Root Fixup: 0.0 ms]
   [Code Root Purge: 0.0 ms]
   [Clear CT: 0.1 ms]
   [Other: 0.4 ms]
      [Choose CSet: 0.0 ms]
      [Ref Proc: 0.0 ms]
      [Ref Enq: 0.0 ms]
      [Redirty Cards: 0.1 ms]
      [Humongous Register: 0.0 ms]
      [Humongous Reclaim: 0.0 ms]
      [Free CSet: 0.1 ms]
   [Eden: 125.0M(125.0M)->0.0B(90.0M) Survivors: 27.0M->19.0M Heap: 1601.5M(2048.0M)->1522.9M(2048.0M)]
 [Times: user=0.56 sys=0.00, real=0.15 secs] 
56.281: [GC pause (G1 Evacuation Pause) (young), 0.0833434 secs]
   [Parallel Time: 82.9 ms, GC Workers: 4]
      [GC Worker Start (ms): Min: 56281.4, Avg: 56281.4, Max: 56281.5, Diff: 0.0]
      [Ext Root Scanning (ms): Min: 0.2, Avg: 0.2, Max: 0.2, Diff: 0.0, Sum: 0.8]
      [Update RS (ms): Min: 20.6, Avg: 20.7, Max: 20.7, Diff: 0.1, Sum: 82.6]
         [Processed Buffers: Min: 35, Avg: 36.0, Max: 38, Diff: 3, Sum: 144]
      [Scan RS (ms): Min: 4.4, Avg: 4.5, Max: 4.5, Diff: 0.2, Sum: 17.8]
      [Code Root Scanning (ms): Min: 0.0, Avg: 0.0, Max: 0.0, Diff: 0.0, Sum: 0.0]
      [Object Copy (ms): Min: 57.4, Avg: 57.5, Max: 57.5, Diff: 0.1, Sum: 229.8]
      [Termination (ms): Min: 0.0, Avg: 0.0, Max: 0.0, Diff: 0.0, Sum: 0.0]
         [Termination Attempts: Min: 4, Avg: 7.5, Max: 10, Diff: 6, Sum: 30]
      [GC Worker Other (ms): Min: 0.0, Avg: 0.0, Max: 0.1, Diff: 0.0, Sum: 0.2]
      [GC Worker Total (ms): Min: 82.8, Avg: 82.8, Max: 82.8, Diff: 0.1, Sum: 331.3]
      [GC Worker End (ms): Min: 56364.2, Avg: 56364.3, Max: 56364.3, Diff: 0.0]
   [Code Root Fixup: 0.0 ms]
   [Code Root Purge: 0.0 ms]
   [Clear CT: 0.0 ms]
   [Other: 0.4 ms]
      [Choose CSet: 0.0 ms]
      [Ref Proc: 0.0 ms]
      [Ref Enq: 0.0 ms]
      [Redirty Cards: 0.1 ms]
      [Humongous Register: 0.0 ms]
      [Humongous Reclaim: 0.0 ms]
      [Free CSet: 0.1 ms]
   [Eden: 90.0M(90.0M)->0.0B(88.0M) Survivors: 19.0M->14.0M Heap: 1612.9M(2048.0M)->1555.4M(2048.0M)]
 [Times: user=0.31 sys=0.00, real=0.08 secs] 
56.456: [GC pause (G1 Evacuation Pause) (young), 0.0780782 secs]
   [Parallel Time: 77.7 ms, GC Workers: 4]
      [GC Worker Start (ms): Min: 56456.1, Avg: 56456.1, Max: 56456.1, Diff: 0.0]
      [Ext Root Scanning (ms): Min: 0.2, Avg: 0.2, Max: 0.2, Diff: 0.0, Sum: 0.8]
      [Update RS (ms): Min: 18.4, Avg: 18.6, Max: 18.8, Diff: 0.4, Sum: 74.5]
         [Processed Buffers: Min: 31, Avg: 32.0, Max: 33, Diff: 2, Sum: 128]
      [Scan RS (ms): Min: 1.2, Avg: 1.4, Max: 1.7, Diff: 0.4, Sum: 5.6]
      [Code Root Scanning (ms): Min: 0.0, Avg: 0.0, Max: 0.0, Diff: 0.0, Sum: 0.0]
      [Object Copy (ms): Min: 57.4, Avg: 57.4, Max: 57.4, Diff: 0.0, Sum: 229.6]
      [Termination (ms): Min: 0.0, Avg: 0.0, Max: 0.0, Diff: 0.0, Sum: 0.0]
         [Termination Attempts: Min: 29, Avg: 34.8, Max: 44, Diff: 15, Sum: 139]
      [GC Worker Other (ms): Min: 0.0, Avg: 0.0, Max: 0.0, Diff: 0.0, Sum: 0.0]
      [GC Worker Total (ms): Min: 77.6, Avg: 77.6, Max: 77.6, Diff: 0.0, Sum: 310.5]
      [GC Worker End (ms): Min: 56533.7, Avg: 56533.7, Max: 56533.7, Diff: 0.0]
   [Code Root Fixup: 0.0 ms]
   [Code Root Purge: 0.0 ms]
   [Clear CT: 0.0 ms]
   [Other: 0.4 ms]
      [Choose CSet: 0.0 ms]
      [Ref Proc: 0.0 ms]
      [Ref Enq: 0.0 ms]
      [Redirty Cards: 0.1 ms]
      [Humongous Register: 0.0 ms]
      [Humongous Reclaim: 0.0 ms]
      [Free CSet: 0.1 ms]
   [Eden: 88.0M(88.0M)->0.0B(89.0M) Survivors: 14.0M->13.0M Heap: 1643.4M(2048.0M)->1588.7M(2048.0M)]
 [Times: user=0.31 sys=0.00, real=0.08 secs] 
56.612: [GC pause (G1 Evacuation Pause) (young), 0.0582433 secs]
   [Parallel Time: 57.9 ms, GC Workers: 4]
      [GC Worker Start (ms): Min: 56612.2, Avg: 56612.2, Max: 56612.2, Diff: 0.0]
      [Ext Root Scanning (ms): Min: 0.2, Avg: 0.2, Max: 0.2, Diff: 0.0, Sum: 0.8]
      [Update RS (ms): Min: 21.9, Avg: 22.1, Max: 22.2, Diff: 0.3, Sum: 88.3]
         [Processed Buffers: Min: 33, Avg: 34.8, Max: 36, Diff: 3, Sum: 139]
      [Scan RS (ms): Min: 0.0, Avg: 0.0, Max: 0.1, Diff: 0.1, Sum: 0.1]
      [Code Root Scanning (ms): Min: 0.0, Avg: 0.0, Max: 0.0, Diff: 0.0, Sum: 0.0]
      [Object Copy (ms): Min: 35.4, Avg: 35.5, Max: 35.6, Diff: 0.3, Sum: 142.1]
      [Termination (ms): Min: 0.0, Avg: 0.0, Max: 0.0, Diff: 0.0, Sum: 0.0]
         [Termination Attempts: Min: 6, Avg: 12.3, Max: 17, Diff: 11, Sum: 49]
      [GC Worker Other (ms): Min: 0.0, Avg: 0.0, Max: 0.0, Diff: 0.0, Sum: 0.0]
      [GC Worker Total (ms): Min: 57.8, Avg: 57.8, Max: 57.8, Diff: 0.0, Sum: 231.3]
      [GC Worker End (ms): Min: 56670.0, Avg: 56670.0, Max: 56670.0, Diff: 0.0]
   [Code Root Fixup: 0.0 ms]
   [Code Root Purge: 0.0 ms]
   [Clear CT: 0.0 ms]
   [Other: 0.3 ms]
      [Choose CSet: 0.0 ms]
      [Ref Proc: 0.0 ms]
      [Ref Enq: 0.0 ms]
      [Redirty Cards: 0.1 ms]
      [Humongous Register: 0.0 ms]
      [Humongous Reclaim: 0.0 ms]
      [Free CSet: 0.1 ms]
   [Eden: 89.0M(89.0M)->0.0B(89.0M) Survivors: 13.0M->13.0M Heap: 1677.7M(2048.0M)->1621.6M(2048.0M)]
 [Times: user=0.25 sys=0.00, real=0.06 secs] 
56.760: [GC pause (G1 Evacuation Pause) (young), 0.0846889 secs]
   [Parallel Time: 84.4 ms, GC Workers: 4]
      [GC Worker Start (ms): Min: 56760.3, Avg: 56760.3, Max: 56760.4, Diff: 0.0]
      [Ext Root Scanning (ms): Min: 0.2, Avg: 0.2, Max: 0.2, Diff: 0.0, Sum: 0.8]
      [Update RS (ms): Min: 30.5, Avg: 30.6, Max: 30.8, Diff: 0.3, Sum: 122.5]
         [Processed Buffers: Min: 53, Avg: 54.5, Max: 58, Diff: 5, Sum: 218]
      [Scan RS (ms): Min: 0.0, Avg: 0.0, Max: 0.0, Diff: 0.0, Sum: 0.0]
      [Code Root Scanning (ms): Min: 0.0, Avg: 0.0, Max: 0.0, Diff: 0.0, Sum: 0.0]
      [Object Copy (ms): Min: 53.4, Avg: 53.5, Max: 53.6, Diff: 0.3, Sum: 214.0]
      [Termination (ms): Min: 0.0, Avg: 0.0, Max: 0.0, Diff: 0.0, Sum: 0.0]
         [Termination Attempts: Min: 4, Avg: 6.0, Max: 8, Diff: 4, Sum: 24]
      [GC Worker Other (ms): Min: 0.0, Avg: 0.0, Max: 0.0, Diff: 0.0, Sum: 0.0]
      [GC Worker Total (ms): Min: 84.3, Avg: 84.3, Max: 84.3, Diff: 0.0, Sum: 337.3]
      [GC Worker End (ms): Min: 56844.7, Avg: 56844.7, Max: 56844.7, Diff: 0.0]
   [Code Root Fixup: 0.0 ms]
   [Code Root Purge: 0.0 ms]
   [Clear CT: 0.0 ms]
   [Other: 0.3 ms]
      [Choose CSet: 0.0 ms]
      [Ref Proc: 0.0 ms]
      [Ref Enq: 0.0 ms]
      [Redirty Cards: 0.1 ms]
      [Humongous Register: 0.0 ms]
      [Humongous Reclaim: 0.0 ms]
      [Free CSet: 0.1 ms]
   [Eden: 89.0M(89.0M)->0.0B(89.0M) Survivors: 13.0M->13.0M Heap: 1710.6M(2048.0M)->1655.9M(2048.0M)]
 [Times: user=0.38 sys=0.00, real=0.09 secs] 
56.924: [GC pause (G1 Evacuation Pause) (young), 0.0502284 secs]
   [Parallel Time: 49.9 ms, GC Workers: 4]
      [GC Worker Start (ms): Min: 56923.7, Avg: 56923.7, Max: 56923.8, Diff: 0.0]
      [Ext Root Scanning (ms): Min: 0.2, Avg: 0.2, Max: 0.2, Diff: 0.0, Sum: 0.8]
      [Update RS (ms): Min: 14.3, Avg: 14.4, Max: 14.7, Diff: 0.4, Sum: 57.7]
         [Processed Buffers: Min: 27, Avg: 28.3, Max: 30, Diff: 3, Sum: 113]
      [Scan RS (ms): Min: 0.0, Avg: 0.3, Max: 0.4, Diff: 0.4, Sum: 1.0]
      [Code Root Scanning (ms): Min: 0.0, Avg: 0.0, Max: 0.0, Diff: 0.0, Sum: 0.0]
      [Object Copy (ms): Min: 34.9, Avg: 34.9, Max: 35.0, Diff: 0.0, Sum: 139.8]
      [Termination (ms): Min: 0.0, Avg: 0.0, Max: 0.0, Diff: 0.0, Sum: 0.0]
         [Termination Attempts: Min: 30, Avg: 43.8, Max: 58, Diff: 28, Sum: 175]
      [GC Worker Other (ms): Min: 0.0, Avg: 0.0, Max: 0.0, Diff: 0.0, Sum: 0.1]
      [GC Worker Total (ms): Min: 49.8, Avg: 49.8, Max: 49.8, Diff: 0.0, Sum: 199.4]
      [GC Worker End (ms): Min: 56973.6, Avg: 56973.6, Max: 56973.6, Diff: 0.0]
   [Code Root Fixup: 0.0 ms]
   [Code Root Purge: 0.0 ms]
   [Clear CT: 0.0 ms]
   [Other: 0.3 ms]
      [Choose CSet: 0.0 ms]
      [Ref Proc: 0.0 ms]
      [Ref Enq: 0.0 ms]
      [Redirty Cards: 0.1 ms]
      [Humongous Register: 0.0 ms]
      [Humongous Reclaim: 0.0 ms]
      [Free CSet: 0.1 ms]
   [Eden: 89.0M(89.0M)->0.0B(89.0M) Survivors: 13.0M->13.0M Heap: 1744.9M(2048.0M)->1688.3M(2048.0M)]
 [Times: user=0.19 sys=0.00, real=0.05 secs] 
57.053: [GC pause (G1 Evacuation Pause) (young), 0.0752358 secs]
   [Parallel Time: 74.9 ms, GC Workers: 4]
      [GC Worker Start (ms): Min: 57053.5, Avg: 57053.5, Max: 57053.6, Diff: 0.0]
      [Ext Root Scanning (ms): Min: 0.2, Avg: 0.2, Max: 0.2, Diff: 0.0, Sum: 0.8]
      [Update RS (ms): Min: 16.4, Avg: 16.4, Max: 16.5, Diff: 0.1, Sum: 65.7]
         [Processed Buffers: Min: 30, Avg: 31.0, Max: 32, Diff: 2, Sum: 124]
      [Scan RS (ms): Min: 1.3, Avg: 1.4, Max: 1.4, Diff: 0.1, Sum: 5.6]
      [Code Root Scanning (ms): Min: 0.0, Avg: 0.0, Max: 0.0, Diff: 0.0, Sum: 0.0]
      [Object Copy (ms): Min: 56.8, Avg: 56.8, Max: 56.8, Diff: 0.0, Sum: 227.3]
      [Termination (ms): Min: 0.0, Avg: 0.0, Max: 0.0, Diff: 0.0, Sum: 0.0]
         [Termination Attempts: Min: 9, Avg: 12.0, Max: 15, Diff: 6, Sum: 48]
      [GC Worker Other (ms): Min: 0.0, Avg: 0.0, Max: 0.0, Diff: 0.0, Sum: 0.0]
      [GC Worker Total (ms): Min: 74.8, Avg: 74.8, Max: 74.9, Diff: 0.0, Sum: 299.4]
      [GC Worker End (ms): Min: 57128.4, Avg: 57128.4, Max: 57128.4, Diff: 0.0]
   [Code Root Fixup: 0.0 ms]
   [Code Root Purge: 0.0 ms]
   [Clear CT: 0.0 ms]
   [Other: 0.3 ms]
      [Choose CSet: 0.0 ms]
      [Ref Proc: 0.0 ms]
      [Ref Enq: 0.0 ms]
      [Redirty Cards: 0.1 ms]
      [Humongous Register: 0.0 ms]
      [Humongous Reclaim: 0.0 ms]
      [Free CSet: 0.1 ms]
   [Eden: 89.0M(89.0M)->0.0B(89.0M) Survivors: 13.0M->13.0M Heap: 1777.3M(2048.0M)->1720.6M(2048.0M)]
 [Times: user=0.31 sys=0.00, real=0.08 secs] 
57.207: [GC pause (G1 Evacuation Pause) (young) (to-space exhausted), 0.0616021 secs]
   [Parallel Time: 59.2 ms, GC Workers: 4]
      [GC Worker Start (ms): Min: 57206.9, Avg: 57206.9, Max: 57206.9, Diff: 0.0]
      [Ext Root Scanning (ms): Min: 0.2, Avg: 0.2, Max: 0.2, Diff: 0.0, Sum: 0.8]
      [Update RS (ms): Min: 18.0, Avg: 18.1, Max: 18.2, Diff: 0.2, Sum: 72.4]
         [Processed Buffers: Min: 33, Avg: 33.8, Max: 34, Diff: 1, Sum: 135]
      [Scan RS (ms): Min: 0.0, Avg: 0.0, Max: 0.1, Diff: 0.1, Sum: 0.1]
      [Code Root Scanning (ms): Min: 0.0, Avg: 0.0, Max: 0.0, Diff: 0.0, Sum: 0.0]
      [Object Copy (ms): Min: 40.8, Avg: 40.8, Max: 40.9, Diff: 0.1, Sum: 163.4]
      [Termination (ms): Min: 0.0, Avg: 0.0, Max: 0.0, Diff: 0.0, Sum: 0.0]
         [Termination Attempts: Min: 1, Avg: 2.0, Max: 3, Diff: 2, Sum: 8]
      [GC Worker Other (ms): Min: 0.0, Avg: 0.0, Max: 0.0, Diff: 0.0, Sum: 0.1]
      [GC Worker Total (ms): Min: 59.2, Avg: 59.2, Max: 59.2, Diff: 0.0, Sum: 236.8]
      [GC Worker End (ms): Min: 57266.1, Avg: 57266.1, Max: 57266.1, Diff: 0.0]
   [Code Root Fixup: 0.0 ms]
   [Code Root Purge: 0.0 ms]
   [Clear CT: 0.0 ms]
   [Other: 2.3 ms]
      [Evacuation Failure: 2.0 ms]
      [Choose CSet: 0.0 ms]
      [Ref Proc: 0.0 ms]
      [Ref Enq: 0.0 ms]
      [Redirty Cards: 0.1 ms]
      [Humongous Register: 0.0 ms]
      [Humongous Reclaim: 0.0 ms]
      [Free CSet: 0.1 ms]
   [Eden: 89.0M(89.0M)->0.0B(89.0M) Survivors: 13.0M->13.0M Heap: 1809.6M(2048.0M)->1758.5M(2048.0M)]
 [Times: user=0.25 sys=0.00, real=0.06 secs] 
57.360: [GC pause (G1 Evacuation Pause) (young) (to-space exhausted), 0.1321281 secs]
   [Parallel Time: 117.2 ms, GC Workers: 4]
      [GC Worker Start (ms): Min: 57359.8, Avg: 57359.8, Max: 57359.8, Diff: 0.0]
      [Ext Root Scanning (ms): Min: 0.2, Avg: 0.2, Max: 0.2, Diff: 0.0, Sum: 0.8]
      [Update RS (ms): Min: 6.8, Avg: 6.9, Max: 7.1, Diff: 0.3, Sum: 27.8]
         [Processed Buffers: Min: 13, Avg: 37.3, Max: 65, Diff: 52, Sum: 149]
      [Scan RS (ms): Min: 4.7, Avg: 4.8, Max: 5.0, Diff: 0.3, Sum: 19.4]
      [Code Root Scanning (ms): Min: 0.0, Avg: 0.0, Max: 0.0, Diff: 0.0, Sum: 0.0]
      [Object Copy (ms): Min: 105.1, Avg: 105.1, Max: 105.1, Diff: 0.1, Sum: 420.4]
      [Termination (ms): Min: 0.0, Avg: 0.0, Max: 0.0, Diff: 0.0, Sum: 0.1]
         [Termination Attempts: Min: 1, Avg: 1.3, Max: 2, Diff: 1, Sum: 5]
      [GC Worker Other (ms): Min: 0.0, Avg: 0.0, Max: 0.0, Diff: 0.0, Sum: 0.0]
      [GC Worker Total (ms): Min: 117.1, Avg: 117.1, Max: 117.1, Diff: 0.0, Sum: 468.4]
      [GC Worker End (ms): Min: 57476.9, Avg: 57476.9, Max: 57476.9, Diff: 0.0]
   [Code Root Fixup: 0.0 ms]
   [Code Root Purge: 0.0 ms]
   [Clear CT: 0.3 ms]
   [Other: 14.6 ms]
      [Evacuation Failure: 14.1 ms]
      [Choose CSet: 0.0 ms]
      [Ref Proc: 0.1 ms]
      [Ref Enq: 0.0 ms]
      [Redirty Cards: 0.2 ms]
      [Humongous Register: 0.0 ms]
      [Humongous Reclaim: 0.0 ms]
      [Free CSet: 0.1 ms]
   [Eden: 89.0M(89.0M)->0.0B(101.0M) Survivors: 13.0M->1024.0K Heap: 1847.5M(2048.0M)->1839.5M(2048.0M)]
 [Times: user=0.22 sys=0.00, real=0.13 secs] 
57.515: [GC pause (G1 Evacuation Pause) (young) (to-space exhausted), 0.0638033 secs]
   [Parallel Time: 61.0 ms, GC Workers: 4]
      [GC Worker Start (ms): Min: 57515.3, Avg: 57515.4, Max: 57515.4, Diff: 0.1]
      [Ext Root Scanning (ms): Min: 0.2, Avg: 0.2, Max: 0.2, Diff: 0.1, Sum: 0.8]
      [Update RS (ms): Min: 25.1, Avg: 27.7, Max: 28.6, Diff: 3.5, Sum: 110.7]
         [Processed Buffers: Min: 51, Avg: 56.5, Max: 62, Diff: 11, Sum: 226]
      [Scan RS (ms): Min: 5.1, Avg: 5.2, Max: 5.3, Diff: 0.1, Sum: 20.8]
      [Code Root Scanning (ms): Min: 0.0, Avg: 0.0, Max: 0.0, Diff: 0.0, Sum: 0.0]
      [Object Copy (ms): Min: 26.9, Avg: 27.8, Max: 30.5, Diff: 3.6, Sum: 111.4]
      [Termination (ms): Min: 0.0, Avg: 0.0, Max: 0.0, Diff: 0.0, Sum: 0.0]
         [Termination Attempts: Min: 1, Avg: 131.3, Max: 175, Diff: 174, Sum: 525]
      [GC Worker Other (ms): Min: 0.0, Avg: 0.0, Max: 0.0, Diff: 0.0, Sum: 0.0]
      [GC Worker Total (ms): Min: 60.9, Avg: 61.0, Max: 61.0, Diff: 0.1, Sum: 243.8]
      [GC Worker End (ms): Min: 57576.3, Avg: 57576.3, Max: 57576.3, Diff: 0.0]
   [Code Root Fixup: 0.0 ms]
   [Code Root Purge: 0.0 ms]
   [Clear CT: 0.0 ms]
   [Other: 2.8 ms]
      [Evacuation Failure: 2.5 ms]
      [Choose CSet: 0.0 ms]
      [Ref Proc: 0.1 ms]
      [Ref Enq: 0.0 ms]
      [Redirty Cards: 0.1 ms]
      [Humongous Register: 0.0 ms]
      [Humongous Reclaim: 0.0 ms]
      [Free CSet: 0.0 ms]
   [Eden: 11.0M(101.0M)->0.0B(102.0M) Survivors: 1024.0K->0.0B Heap: 1850.5M(2048.0M)->1849.5M(2048.0M)]
 [Times: user=0.20 sys=0.03, real=0.06 secs] 
57.581: [GC pause (G1 Evacuation Pause) (young) (to-space exhausted), 0.0203794 secs]
   [Parallel Time: 19.7 ms, GC Workers: 4]
      [GC Worker Start (ms): Min: 57580.6, Avg: 57580.6, Max: 57580.6, Diff: 0.0]
      [Ext Root Scanning (ms): Min: 0.2, Avg: 0.2, Max: 0.2, Diff: 0.0, Sum: 0.8]
      [Update RS (ms): Min: 18.9, Avg: 19.2, Max: 19.4, Diff: 0.5, Sum: 76.9]
         [Processed Buffers: Min: 47, Avg: 66.8, Max: 94, Diff: 47, Sum: 267]
      [Scan RS (ms): Min: 0.0, Avg: 0.0, Max: 0.0, Diff: 0.0, Sum: 0.0]
      [Code Root Scanning (ms): Min: 0.0, Avg: 0.0, Max: 0.0, Diff: 0.0, Sum: 0.0]
      [Object Copy (ms): Min: 0.0, Avg: 0.2, Max: 0.5, Diff: 0.4, Sum: 0.7]
      [Termination (ms): Min: 0.0, Avg: 0.1, Max: 0.3, Diff: 0.3, Sum: 0.5]
         [Termination Attempts: Min: 1, Avg: 1.0, Max: 1, Diff: 0, Sum: 4]
      [GC Worker Other (ms): Min: 0.0, Avg: 0.0, Max: 0.0, Diff: 0.0, Sum: 0.0]
      [GC Worker Total (ms): Min: 19.7, Avg: 19.7, Max: 19.7, Diff: 0.0, Sum: 78.9]
      [GC Worker End (ms): Min: 57600.3, Avg: 57600.3, Max: 57600.3, Diff: 0.0]
   [Code Root Fixup: 0.0 ms]
   [Code Root Purge: 0.0 ms]
   [Clear CT: 0.0 ms]
   [Other: 0.6 ms]
      [Evacuation Failure: 0.5 ms]
      [Choose CSet: 0.0 ms]
      [Ref Proc: 0.0 ms]
      [Ref Enq: 0.0 ms]
      [Redirty Cards: 0.0 ms]
      [Humongous Register: 0.0 ms]
      [Humongous Reclaim: 0.0 ms]
      [Free CSet: 0.0 ms]
   [Eden: 1024.0K(102.0M)->0.0B(102.0M) Survivors: 0.0B->0.0B Heap: 1850.5M(2048.0M)->1850.5M(2048.0M)]
 [Times: user=0.06 sys=0.00, real=0.02 secs] 
57.601: [Full GC (Allocation Failure)  1850M->1172M(2048M), 1.6379552 secs]
   [Eden: 0.0B(102.0M)->0.0B(348.0M) Survivors: 0.0B->0.0B Heap: 1850.5M(2048.0M)->1173.0M(2048.0M)], [Metaspace: 9285K->9285K(1058816K)]
 [Times: user=3.27 sys=0.00, real=1.64 secs] 
59.239: [GC concurrent-mark-abort]
59.543: [GC pause (G1 Evacuation Pause) (young), 0.1437081 secs]
   [Parallel Time: 143.0 ms, GC Workers: 4]
      [GC Worker Start (ms): Min: 59543.0, Avg: 59543.0, Max: 59543.0, Diff: 0.0]
      [Ext Root Scanning (ms): Min: 0.2, Avg: 0.2, Max: 0.2, Diff: 0.0, Sum: 0.8]
      [Update RS (ms): Min: 0.0, Avg: 0.0, Max: 0.1, Diff: 0.1, Sum: 0.2]
         [Processed Buffers: Min: 0, Avg: 1.3, Max: 2, Diff: 2, Sum: 5]
      [Scan RS (ms): Min: 0.0, Avg: 0.0, Max: 0.1, Diff: 0.1, Sum: 0.2]
      [Code Root Scanning (ms): Min: 0.0, Avg: 0.0, Max: 0.0, Diff: 0.0, Sum: 0.0]
      [Object Copy (ms): Min: 142.6, Avg: 142.6, Max: 142.7, Diff: 0.1, Sum: 570.6]
      [Termination (ms): Min: 0.0, Avg: 0.0, Max: 0.0, Diff: 0.0, Sum: 0.0]
         [Termination Attempts: Min: 7, Avg: 9.3, Max: 13, Diff: 6, Sum: 37]
      [GC Worker Other (ms): Min: 0.0, Avg: 0.0, Max: 0.0, Diff: 0.0, Sum: 0.1]
      [GC Worker Total (ms): Min: 143.0, Avg: 143.0, Max: 143.0, Diff: 0.0, Sum: 571.9]
      [GC Worker End (ms): Min: 59686.0, Avg: 59686.0, Max: 59686.0, Diff: 0.0]
   [Code Root Fixup: 0.0 ms]
   [Code Root Purge: 0.0 ms]
   [Clear CT: 0.1 ms]
   [Other: 0.6 ms]
      [Choose CSet: 0.0 ms]
      [Ref Proc: 0.0 ms]
      [Ref Enq: 0.0 ms]
      [Redirty Cards: 0.1 ms]
      [Humongous Register: 0.0 ms]
      [Humongous Reclaim: 0.0 ms]
      [Free CSet: 0.2 ms]
   [Eden: 348.0M(348.0M)->0.0B(254.0M) Survivors: 0.0B->44.0M Heap: 1521.0M(2048.0M)->1301.3M(2048.0M)]
 [Times: user=0.63 sys=0.00, real=0.14 secs] 
59.840: [GC pause (G1 Evacuation Pause) (young) (initial-mark), 0.1745222 secs]
   [Parallel Time: 173.8 ms, GC Workers: 4]
      [GC Worker Start (ms): Min: 59840.1, Avg: 59840.1, Max: 59840.1, Diff: 0.0]
      [Ext Root Scanning (ms): Min: 0.3, Avg: 0.3, Max: 0.3, Diff: 0.0, Sum: 1.1]
      [Update RS (ms): Min: 25.1, Avg: 25.2, Max: 25.4, Diff: 0.3, Sum: 100.8]
         [Processed Buffers: Min: 40, Avg: 40.3, Max: 41, Diff: 1, Sum: 161]
      [Scan RS (ms): Min: 6.2, Avg: 6.4, Max: 6.5, Diff: 0.3, Sum: 25.6]
      [Code Root Scanning (ms): Min: 0.0, Avg: 0.0, Max: 0.0, Diff: 0.0, Sum: 0.0]
      [Object Copy (ms): Min: 141.8, Avg: 141.8, Max: 141.9, Diff: 0.1, Sum: 567.2]
      [Termination (ms): Min: 0.0, Avg: 0.1, Max: 0.1, Diff: 0.1, Sum: 0.3]
         [Termination Attempts: Min: 19, Avg: 740.8, Max: 1049, Diff: 1030, Sum: 2963]
      [GC Worker Other (ms): Min: 0.0, Avg: 0.0, Max: 0.0, Diff: 0.0, Sum: 0.1]
      [GC Worker Total (ms): Min: 173.7, Avg: 173.8, Max: 173.8, Diff: 0.0, Sum: 695.1]
      [GC Worker End (ms): Min: 60013.8, Avg: 60013.8, Max: 60013.8, Diff: 0.0]
   [Code Root Fixup: 0.0 ms]
   [Code Root Purge: 0.0 ms]
   [Clear CT: 0.1 ms]
   [Other: 0.6 ms]
      [Choose CSet: 0.0 ms]
      [Ref Proc: 0.0 ms]
      [Ref Enq: 0.0 ms]
      [Redirty Cards: 0.2 ms]
      [Humongous Register: 0.0 ms]
      [Humongous Reclaim: 0.0 ms]
      [Free CSet: 0.2 ms]
   [Eden: 155.0M(58.0M)->0.0B(211.0M) Survivors: 44.0M->13.0M Heap: 1456.3M(2048.0M)->1359.3M(2048.0M)]
 [Times: user=0.75 sys=0.00, real=0.17 secs] 
60.015: [GC concurrent-root-region-scan-start]
60.047: [GC concurrent-root-region-scan-end, 0.0321111 secs]
60.047: [GC concurrent-mark-start]
60.253: [GC pause (G1 Evacuation Pause) (young), 0.1512314 secs]
   [Parallel Time: 150.6 ms, GC Workers: 4]
      [GC Worker Start (ms): Min: 60252.9, Avg: 60252.9, Max: 60252.9, Diff: 0.0]
      [Ext Root Scanning (ms): Min: 0.2, Avg: 0.2, Max: 0.2, Diff: 0.0, Sum: 0.8]
      [Update RS (ms): Min: 21.4, Avg: 21.4, Max: 21.6, Diff: 0.2, Sum: 85.7]
         [Processed Buffers: Min: 36, Avg: 36.5, Max: 38, Diff: 2, Sum: 146]
      [Scan RS (ms): Min: 6.8, Avg: 7.0, Max: 7.0, Diff: 0.2, Sum: 27.9]
      [Code Root Scanning (ms): Min: 0.0, Avg: 0.0, Max: 0.0, Diff: 0.0, Sum: 0.0]
      [Object Copy (ms): Min: 121.9, Avg: 121.9, Max: 121.9, Diff: 0.1, Sum: 487.5]
      [Termination (ms): Min: 0.0, Avg: 0.0, Max: 0.1, Diff: 0.1, Sum: 0.2]
         [Termination Attempts: Min: 10, Avg: 551.8, Max: 778, Diff: 768, Sum: 2207]
      [GC Worker Other (ms): Min: 0.0, Avg: 0.0, Max: 0.0, Diff: 0.0, Sum: 0.1]
      [GC Worker Total (ms): Min: 150.5, Avg: 150.5, Max: 150.6, Diff: 0.0, Sum: 602.2]
      [GC Worker End (ms): Min: 60403.4, Avg: 60403.5, Max: 60403.5, Diff: 0.0]
   [Code Root Fixup: 0.0 ms]
   [Code Root Purge: 0.0 ms]
   [Clear CT: 0.1 ms]
   [Other: 0.6 ms]
      [Choose CSet: 0.0 ms]
      [Ref Proc: 0.0 ms]
      [Ref Enq: 0.0 ms]
      [Redirty Cards: 0.2 ms]
      [Humongous Register: 0.1 ms]
      [Humongous Reclaim: 0.0 ms]
      [Free CSet: 0.2 ms]
   [Eden: 211.0M(211.0M)->0.0B(153.0M) Survivors: 13.0M->28.0M Heap: 1570.3M(2048.0M)->1436.5M(2048.0M)]
 [Times: user=0.63 sys=0.00, real=0.15 secs] 
60.583: [GC pause (G1 Evacuation Pause) (young), 0.1577799 secs]
   [Parallel Time: 157.1 ms, GC Workers: 4]
      [GC Worker Start (ms): Min: 60582.7, Avg: 60582.8, Max: 60582.8, Diff: 0.0]
      [Ext Root Scanning (ms): Min: 0.2, Avg: 0.2, Max: 0.2, Diff: 0.0, Sum: 0.8]
      [Update RS (ms): Min: 15.9, Avg: 16.0, Max: 16.1, Diff: 0.2, Sum: 64.1]
         [Processed Buffers: Min: 31, Avg: 32.5, Max: 34, Diff: 3, Sum: 130]
      [Scan RS (ms): Min: 21.5, Avg: 21.6, Max: 21.7, Diff: 0.2, Sum: 86.3]
      [Code Root Scanning (ms): Min: 0.0, Avg: 0.0, Max: 0.0, Diff: 0.0, Sum: 0.0]
      [Object Copy (ms): Min: 119.2, Avg: 119.3, Max: 119.3, Diff: 0.0, Sum: 477.0]
      [Termination (ms): Min: 0.0, Avg: 0.0, Max: 0.0, Diff: 0.0, Sum: 0.0]
         [Termination Attempts: Min: 27, Avg: 29.8, Max: 36, Diff: 9, Sum: 119]
      [GC Worker Other (ms): Min: 0.0, Avg: 0.0, Max: 0.0, Diff: 0.0, Sum: 0.0]
      [GC Worker Total (ms): Min: 157.1, Avg: 157.1, Max: 157.1, Diff: 0.0, Sum: 628.3]
      [GC Worker End (ms): Min: 60739.8, Avg: 60739.8, Max: 60739.8, Diff: 0.0]
   [Code Root Fixup: 0.0 ms]
   [Code Root Purge: 0.0 ms]
   [Clear CT: 0.1 ms]
   [Other: 0.6 ms]
      [Choose CSet: 0.0 ms]
      [Ref Proc: 0.1 ms]
      [Ref Enq: 0.0 ms]
      [Redirty Cards: 0.2 ms]
      [Humongous Register: 0.0 ms]
      [Humongous Reclaim: 0.0 ms]
      [Free CSet: 0.2 ms]
   [Eden: 153.0M(153.0M)->0.0B(112.0M) Survivors: 28.0M->23.0M Heap: 1589.5M(2048.0M)->1492.8M(2048.0M)]
 [Times: user=0.61 sys=0.00, real=0.16 secs] 
60.896: [GC pause (G1 Evacuation Pause) (young), 0.1208301 secs]
   [Parallel Time: 120.4 ms, GC Workers: 4]
      [GC Worker Start (ms): Min: 60895.8, Avg: 60895.8, Max: 60895.8, Diff: 0.0]
      [Ext Root Scanning (ms): Min: 0.2, Avg: 0.2, Max: 0.2, Diff: 0.0, Sum: 0.8]
      [Update RS (ms): Min: 35.4, Avg: 35.6, Max: 35.8, Diff: 0.4, Sum: 142.4]
         [Processed Buffers: Min: 59, Avg: 60.8, Max: 63, Diff: 4, Sum: 243]
      [Scan RS (ms): Min: 0.4, Avg: 0.6, Max: 0.8, Diff: 0.4, Sum: 2.4]
      [Code Root Scanning (ms): Min: 0.0, Avg: 0.0, Max: 0.0, Diff: 0.0, Sum: 0.0]
      [Object Copy (ms): Min: 83.9, Avg: 83.9, Max: 84.0, Diff: 0.0, Sum: 335.8]
      [Termination (ms): Min: 0.0, Avg: 0.0, Max: 0.0, Diff: 0.0, Sum: 0.0]
         [Termination Attempts: Min: 25, Avg: 91.0, Max: 118, Diff: 93, Sum: 364]
      [GC Worker Other (ms): Min: 0.0, Avg: 0.0, Max: 0.0, Diff: 0.0, Sum: 0.0]
      [GC Worker Total (ms): Min: 120.4, Avg: 120.4, Max: 120.4, Diff: 0.0, Sum: 481.5]
      [GC Worker End (ms): Min: 61016.2, Avg: 61016.2, Max: 61016.2, Diff: 0.0]
   [Code Root Fixup: 0.0 ms]
   [Code Root Purge: 0.0 ms]
   [Clear CT: 0.1 ms]
   [Other: 0.4 ms]
      [Choose CSet: 0.0 ms]
      [Ref Proc: 0.0 ms]
      [Ref Enq: 0.0 ms]
      [Redirty Cards: 0.1 ms]
      [Humongous Register: 0.0 ms]
      [Humongous Reclaim: 0.0 ms]
      [Free CSet: 0.1 ms]
   [Eden: 112.0M(112.0M)->0.0B(85.0M) Survivors: 23.0M->17.0M Heap: 1604.8M(2048.0M)->1534.4M(2048.0M)]
 [Times: user=0.50 sys=0.00, real=0.12 secs] 
61.098: [GC pause (G1 Evacuation Pause) (young), 0.0919905 secs]
   [Parallel Time: 91.6 ms, GC Workers: 4]
      [GC Worker Start (ms): Min: 61098.3, Avg: 61098.3, Max: 61098.3, Diff: 0.0]
      [Ext Root Scanning (ms): Min: 0.2, Avg: 0.2, Max: 0.2, Diff: 0.0, Sum: 0.8]
      [Update RS (ms): Min: 16.7, Avg: 16.7, Max: 16.8, Diff: 0.2, Sum: 67.0]
         [Processed Buffers: Min: 30, Avg: 31.8, Max: 33, Diff: 3, Sum: 127]
      [Scan RS (ms): Min: 0.3, Avg: 0.4, Max: 0.5, Diff: 0.2, Sum: 1.7]
      [Code Root Scanning (ms): Min: 0.0, Avg: 0.0, Max: 0.0, Diff: 0.0, Sum: 0.0]
      [Object Copy (ms): Min: 74.0, Avg: 74.1, Max: 74.2, Diff: 0.2, Sum: 296.2]
      [Termination (ms): Min: 0.0, Avg: 0.1, Max: 0.1, Diff: 0.1, Sum: 0.3]
         [Termination Attempts: Min: 27, Avg: 926.0, Max: 1338, Diff: 1311, Sum: 3704]
      [GC Worker Other (ms): Min: 0.0, Avg: 0.0, Max: 0.0, Diff: 0.0, Sum: 0.0]
      [GC Worker Total (ms): Min: 91.5, Avg: 91.5, Max: 91.5, Diff: 0.0, Sum: 366.1]
      [GC Worker End (ms): Min: 61189.8, Avg: 61189.8, Max: 61189.8, Diff: 0.0]
   [Code Root Fixup: 0.0 ms]
   [Code Root Purge: 0.0 ms]
   [Clear CT: 0.0 ms]
   [Other: 0.4 ms]
      [Choose CSet: 0.0 ms]
      [Ref Proc: 0.0 ms]
      [Ref Enq: 0.0 ms]
      [Redirty Cards: 0.1 ms]
      [Humongous Register: 0.0 ms]
      [Humongous Reclaim: 0.0 ms]
      [Free CSet: 0.1 ms]
   [Eden: 85.0M(85.0M)->0.0B(89.0M) Survivors: 17.0M->13.0M Heap: 1619.4M(2048.0M)->1564.1M(2048.0M)]
 [Times: user=0.38 sys=0.00, real=0.09 secs] 
61.278: [GC pause (G1 Evacuation Pause) (young), 0.0676182 secs]
   [Parallel Time: 67.2 ms, GC Workers: 4]
      [GC Worker Start (ms): Min: 61277.6, Avg: 61277.6, Max: 61277.6, Diff: 0.0]
      [Ext Root Scanning (ms): Min: 0.2, Avg: 0.2, Max: 0.2, Diff: 0.0, Sum: 0.8]
      [Update RS (ms): Min: 20.1, Avg: 20.2, Max: 20.4, Diff: 0.3, Sum: 80.6]
         [Processed Buffers: Min: 34, Avg: 35.3, Max: 38, Diff: 4, Sum: 141]
      [Scan RS (ms): Min: 2.0, Avg: 2.2, Max: 2.3, Diff: 0.3, Sum: 8.8]
      [Code Root Scanning (ms): Min: 0.0, Avg: 0.0, Max: 0.0, Diff: 0.0, Sum: 0.0]
      [Object Copy (ms): Min: 44.6, Avg: 44.6, Max: 44.7, Diff: 0.1, Sum: 178.4]
      [Termination (ms): Min: 0.0, Avg: 0.0, Max: 0.0, Diff: 0.0, Sum: 0.0]
         [Termination Attempts: Min: 30, Avg: 32.5, Max: 35, Diff: 5, Sum: 130]
      [GC Worker Other (ms): Min: 0.0, Avg: 0.0, Max: 0.0, Diff: 0.0, Sum: 0.0]
      [GC Worker Total (ms): Min: 67.2, Avg: 67.2, Max: 67.2, Diff: 0.0, Sum: 268.7]
      [GC Worker End (ms): Min: 61344.8, Avg: 61344.8, Max: 61344.8, Diff: 0.0]
   [Code Root Fixup: 0.0 ms]
   [Code Root Purge: 0.0 ms]
   [Clear CT: 0.0 ms]
   [Other: 0.4 ms]
      [Choose CSet: 0.0 ms]
      [Ref Proc: 0.0 ms]
      [Ref Enq: 0.0 ms]
      [Redirty Cards: 0.1 ms]
      [Humongous Register: 0.0 ms]
      [Humongous Reclaim: 0.0 ms]
      [Free CSet: 0.1 ms]
   [Eden: 89.0M(89.0M)->0.0B(89.0M) Survivors: 13.0M->13.0M Heap: 1653.1M(2048.0M)->1598.7M(2048.0M)]
 [Times: user=0.31 sys=0.00, real=0.07 secs] 
61.423: [GC pause (G1 Evacuation Pause) (young), 0.0877276 secs]
   [Parallel Time: 87.3 ms, GC Workers: 4]
      [GC Worker Start (ms): Min: 61423.1, Avg: 61423.1, Max: 61423.1, Diff: 0.0]
      [Ext Root Scanning (ms): Min: 0.2, Avg: 0.2, Max: 0.2, Diff: 0.0, Sum: 0.8]
      [Update RS (ms): Min: 18.8, Avg: 18.9, Max: 19.0, Diff: 0.3, Sum: 75.6]
         [Processed Buffers: Min: 30, Avg: 31.0, Max: 32, Diff: 2, Sum: 124]
      [Scan RS (ms): Min: 0.4, Avg: 0.5, Max: 0.6, Diff: 0.3, Sum: 2.0]
      [Code Root Scanning (ms): Min: 0.0, Avg: 0.0, Max: 0.0, Diff: 0.0, Sum: 0.0]
      [Object Copy (ms): Min: 67.7, Avg: 67.7, Max: 67.7, Diff: 0.0, Sum: 270.8]
      [Termination (ms): Min: 0.0, Avg: 0.0, Max: 0.0, Diff: 0.0, Sum: 0.0]
         [Termination Attempts: Min: 5, Avg: 7.3, Max: 11, Diff: 6, Sum: 29]
      [GC Worker Other (ms): Min: 0.0, Avg: 0.0, Max: 0.0, Diff: 0.0, Sum: 0.0]
      [GC Worker Total (ms): Min: 87.3, Avg: 87.3, Max: 87.3, Diff: 0.0, Sum: 349.2]
      [GC Worker End (ms): Min: 61510.4, Avg: 61510.4, Max: 61510.4, Diff: 0.0]
   [Code Root Fixup: 0.0 ms]
   [Code Root Purge: 0.0 ms]
   [Clear CT: 0.0 ms]
   [Other: 0.3 ms]
      [Choose CSet: 0.0 ms]
      [Ref Proc: 0.0 ms]
      [Ref Enq: 0.0 ms]
      [Redirty Cards: 0.1 ms]
      [Humongous Register: 0.0 ms]
      [Humongous Reclaim: 0.0 ms]
      [Free CSet: 0.1 ms]
   [Eden: 89.0M(89.0M)->0.0B(89.0M) Survivors: 13.0M->13.0M Heap: 1687.7M(2048.0M)->1631.3M(2048.0M)]
 [Times: user=0.31 sys=0.00, real=0.09 secs] 
61.589: [GC pause (G1 Evacuation Pause) (young), 0.0730984 secs]
   [Parallel Time: 72.7 ms, GC Workers: 4]
      [GC Worker Start (ms): Min: 61589.3, Avg: 61589.3, Max: 61589.3, Diff: 0.0]
      [Ext Root Scanning (ms): Min: 0.2, Avg: 0.2, Max: 0.2, Diff: 0.0, Sum: 0.9]
      [Update RS (ms): Min: 20.6, Avg: 20.7, Max: 20.7, Diff: 0.1, Sum: 82.8]
         [Processed Buffers: Min: 34, Avg: 34.0, Max: 34, Diff: 0, Sum: 136]
      [Scan RS (ms): Min: 0.4, Avg: 0.4, Max: 0.5, Diff: 0.1, Sum: 1.7]
      [Code Root Scanning (ms): Min: 0.0, Avg: 0.0, Max: 0.0, Diff: 0.0, Sum: 0.0]
      [Object Copy (ms): Min: 51.3, Avg: 51.3, Max: 51.3, Diff: 0.0, Sum: 205.3]
      [Termination (ms): Min: 0.0, Avg: 0.0, Max: 0.0, Diff: 0.0, Sum: 0.0]
         [Termination Attempts: Min: 18, Avg: 36.3, Max: 51, Diff: 33, Sum: 145]
      [GC Worker Other (ms): Min: 0.0, Avg: 0.0, Max: 0.0, Diff: 0.0, Sum: 0.1]
      [GC Worker Total (ms): Min: 72.6, Avg: 72.7, Max: 72.7, Diff: 0.0, Sum: 290.7]
      [GC Worker End (ms): Min: 61662.0, Avg: 61662.0, Max: 61662.0, Diff: 0.0]
   [Code Root Fixup: 0.0 ms]
   [Code Root Purge: 0.0 ms]
   [Clear CT: 0.0 ms]
   [Other: 0.3 ms]
      [Choose CSet: 0.0 ms]
      [Ref Proc: 0.0 ms]
      [Ref Enq: 0.0 ms]
      [Redirty Cards: 0.1 ms]
      [Humongous Register: 0.0 ms]
      [Humongous Reclaim: 0.0 ms]
      [Free CSet: 0.1 ms]
   [Eden: 89.0M(89.0M)->0.0B(89.0M) Survivors: 13.0M->13.0M Heap: 1720.3M(2048.0M)->1665.5M(2048.0M)]
 [Times: user=0.31 sys=0.00, real=0.07 secs] 
61.751: [GC pause (G1 Evacuation Pause) (young), 0.0755029 secs]
   [Parallel Time: 75.1 ms, GC Workers: 4]
      [GC Worker Start (ms): Min: 61751.2, Avg: 61751.2, Max: 61751.2, Diff: 0.0]
      [Ext Root Scanning (ms): Min: 0.2, Avg: 0.2, Max: 0.2, Diff: 0.0, Sum: 0.8]
      [Update RS (ms): Min: 18.0, Avg: 18.1, Max: 18.2, Diff: 0.3, Sum: 72.4]
         [Processed Buffers: Min: 30, Avg: 31.0, Max: 32, Diff: 2, Sum: 124]
      [Scan RS (ms): Min: 0.0, Avg: 0.1, Max: 0.1, Diff: 0.1, Sum: 0.3]
      [Code Root Scanning (ms): Min: 0.0, Avg: 0.0, Max: 0.0, Diff: 0.0, Sum: 0.0]
      [Object Copy (ms): Min: 56.6, Avg: 56.7, Max: 56.7, Diff: 0.1, Sum: 226.7]
      [Termination (ms): Min: 0.0, Avg: 0.0, Max: 0.0, Diff: 0.0, Sum: 0.0]
         [Termination Attempts: Min: 22, Avg: 32.8, Max: 40, Diff: 18, Sum: 131]
      [GC Worker Other (ms): Min: 0.0, Avg: 0.0, Max: 0.0, Diff: 0.0, Sum: 0.0]
      [GC Worker Total (ms): Min: 75.0, Avg: 75.1, Max: 75.1, Diff: 0.0, Sum: 300.2]
      [GC Worker End (ms): Min: 61826.2, Avg: 61826.2, Max: 61826.2, Diff: 0.0]
   [Code Root Fixup: 0.0 ms]
   [Code Root Purge: 0.0 ms]
   [Clear CT: 0.0 ms]
   [Other: 0.4 ms]
      [Choose CSet: 0.0 ms]
      [Ref Proc: 0.0 ms]
      [Ref Enq: 0.0 ms]
      [Redirty Cards: 0.1 ms]
      [Humongous Register: 0.0 ms]
      [Humongous Reclaim: 0.0 ms]
      [Free CSet: 0.1 ms]
   [Eden: 89.0M(89.0M)->0.0B(89.0M) Survivors: 13.0M->13.0M Heap: 1754.5M(2048.0M)->1698.5M(2048.0M)]
 [Times: user=0.31 sys=0.00, real=0.08 secs] 
61.912: [GC pause (G1 Evacuation Pause) (young), 0.0461454 secs]
   [Parallel Time: 45.8 ms, GC Workers: 4]
      [GC Worker Start (ms): Min: 61911.9, Avg: 61911.9, Max: 61911.9, Diff: 0.0]
      [Ext Root Scanning (ms): Min: 0.2, Avg: 0.2, Max: 0.2, Diff: 0.0, Sum: 0.8]
      [Update RS (ms): Min: 17.6, Avg: 17.7, Max: 17.8, Diff: 0.2, Sum: 70.7]
         [Processed Buffers: Min: 33, Avg: 33.8, Max: 34, Diff: 1, Sum: 135]
      [Scan RS (ms): Min: 0.0, Avg: 0.1, Max: 0.2, Diff: 0.2, Sum: 0.4]
      [Code Root Scanning (ms): Min: 0.0, Avg: 0.0, Max: 0.0, Diff: 0.0, Sum: 0.0]
      [Object Copy (ms): Min: 27.7, Avg: 27.8, Max: 27.8, Diff: 0.1, Sum: 111.1]
      [Termination (ms): Min: 0.0, Avg: 0.0, Max: 0.0, Diff: 0.0, Sum: 0.0]
         [Termination Attempts: Min: 4, Avg: 6.5, Max: 8, Diff: 4, Sum: 26]
      [GC Worker Other (ms): Min: 0.0, Avg: 0.0, Max: 0.0, Diff: 0.0, Sum: 0.0]
      [GC Worker Total (ms): Min: 45.8, Avg: 45.8, Max: 45.8, Diff: 0.0, Sum: 183.1]
      [GC Worker End (ms): Min: 61957.7, Avg: 61957.7, Max: 61957.7, Diff: 0.0]
   [Code Root Fixup: 0.0 ms]
   [Code Root Purge: 0.0 ms]
   [Clear CT: 0.0 ms]
   [Other: 0.3 ms]
      [Choose CSet: 0.0 ms]
      [Ref Proc: 0.0 ms]
      [Ref Enq: 0.0 ms]
      [Redirty Cards: 0.1 ms]
      [Humongous Register: 0.0 ms]
      [Humongous Reclaim: 0.0 ms]
      [Free CSet: 0.1 ms]
   [Eden: 89.0M(89.0M)->0.0B(89.0M) Survivors: 13.0M->13.0M Heap: 1787.5M(2048.0M)->1730.6M(2048.0M)]
 [Times: user=0.19 sys=0.00, real=0.05 secs] 
62.037: [GC pause (G1 Evacuation Pause) (young) (to-space exhausted), 0.0909982 secs]
   [Parallel Time: 86.0 ms, GC Workers: 4]
      [GC Worker Start (ms): Min: 62036.9, Avg: 62036.9, Max: 62036.9, Diff: 0.0]
      [Ext Root Scanning (ms): Min: 0.2, Avg: 0.2, Max: 0.2, Diff: 0.0, Sum: 0.8]
      [Update RS (ms): Min: 26.6, Avg: 26.7, Max: 26.8, Diff: 0.2, Sum: 106.7]
         [Processed Buffers: Min: 50, Avg: 50.5, Max: 51, Diff: 1, Sum: 202]
      [Scan RS (ms): Min: 0.0, Avg: 0.0, Max: 0.0, Diff: 0.0, Sum: 0.0]
      [Code Root Scanning (ms): Min: 0.0, Avg: 0.0, Max: 0.0, Diff: 0.0, Sum: 0.0]
      [Object Copy (ms): Min: 58.9, Avg: 59.1, Max: 59.1, Diff: 0.2, Sum: 236.3]
      [Termination (ms): Min: 0.0, Avg: 0.0, Max: 0.0, Diff: 0.0, Sum: 0.0]
         [Termination Attempts: Min: 9, Avg: 9.8, Max: 11, Diff: 2, Sum: 39]
      [GC Worker Other (ms): Min: 0.0, Avg: 0.0, Max: 0.0, Diff: 0.0, Sum: 0.0]
      [GC Worker Total (ms): Min: 86.0, Avg: 86.0, Max: 86.0, Diff: 0.0, Sum: 343.9]
      [GC Worker End (ms): Min: 62122.9, Avg: 62122.9, Max: 62122.9, Diff: 0.0]
   [Code Root Fixup: 0.0 ms]
   [Code Root Purge: 0.0 ms]
   [Clear CT: 0.0 ms]
   [Other: 4.9 ms]
      [Evacuation Failure: 4.7 ms]
      [Choose CSet: 0.0 ms]
      [Ref Proc: 0.0 ms]
      [Ref Enq: 0.0 ms]
      [Redirty Cards: 0.1 ms]
      [Humongous Register: 0.0 ms]
      [Humongous Reclaim: 0.0 ms]
      [Free CSet: 0.1 ms]
   [Eden: 89.0M(89.0M)->0.0B(89.0M) Survivors: 13.0M->13.0M Heap: 1819.6M(2048.0M)->1789.0M(2048.0M)]
 [Times: user=0.31 sys=0.00, real=0.09 secs] 
62.180: [GC pause (G1 Evacuation Pause) (young) (to-space exhausted), 0.0965951 secs]
   [Parallel Time: 85.4 ms, GC Workers: 4]
      [GC Worker Start (ms): Min: 62180.5, Avg: 62180.6, Max: 62180.6, Diff: 0.0]
      [Ext Root Scanning (ms): Min: 0.2, Avg: 0.2, Max: 0.2, Diff: 0.0, Sum: 0.8]
      [Update RS (ms): Min: 10.3, Avg: 14.6, Max: 16.2, Diff: 5.9, Sum: 58.4]
         [Processed Buffers: Min: 26, Avg: 33.3, Max: 39, Diff: 13, Sum: 133]
      [Scan RS (ms): Min: 1.0, Avg: 1.1, Max: 1.3, Diff: 0.4, Sum: 4.5]
      [Code Root Scanning (ms): Min: 0.0, Avg: 0.0, Max: 0.0, Diff: 0.0, Sum: 0.0]
      [Object Copy (ms): Min: 66.8, Avg: 68.6, Max: 73.9, Diff: 7.1, Sum: 274.4]
      [Termination (ms): Min: 0.0, Avg: 0.8, Max: 1.1, Diff: 1.1, Sum: 3.2]
         [Termination Attempts: Min: 1, Avg: 73.5, Max: 112, Diff: 111, Sum: 294]
      [GC Worker Other (ms): Min: 0.0, Avg: 0.0, Max: 0.0, Diff: 0.0, Sum: 0.0]
      [GC Worker Total (ms): Min: 85.3, Avg: 85.4, Max: 85.4, Diff: 0.0, Sum: 341.4]
      [GC Worker End (ms): Min: 62265.9, Avg: 62265.9, Max: 62265.9, Diff: 0.0]
   [Code Root Fixup: 0.0 ms]
   [Code Root Purge: 0.0 ms]
   [Clear CT: 0.1 ms]
   [Other: 11.1 ms]
      [Evacuation Failure: 10.7 ms]
      [Choose CSet: 0.0 ms]
      [Ref Proc: 0.1 ms]
      [Ref Enq: 0.0 ms]
      [Redirty Cards: 0.2 ms]
      [Humongous Register: 0.0 ms]
      [Humongous Reclaim: 0.0 ms]
      [Free CSet: 0.1 ms]
   [Eden: 61.0M(89.0M)->0.0B(102.0M) Survivors: 13.0M->0.0B Heap: 1850.0M(2048.0M)->1845.0M(2048.0M)]
 [Times: user=0.19 sys=0.00, real=0.10 secs] 
62.301: [GC pause (G1 Evacuation Pause) (young) (to-space exhausted), 0.0218378 secs]
   [Parallel Time: 20.8 ms, GC Workers: 4]
      [GC Worker Start (ms): Min: 62300.6, Avg: 62300.6, Max: 62300.6, Diff: 0.0]
      [Ext Root Scanning (ms): Min: 0.2, Avg: 0.2, Max: 0.2, Diff: 0.0, Sum: 0.8]
      [Update RS (ms): Min: 17.0, Avg: 17.4, Max: 17.6, Diff: 0.6, Sum: 69.8]
         [Processed Buffers: Min: 40, Avg: 41.5, Max: 43, Diff: 3, Sum: 166]
      [Scan RS (ms): Min: 0.0, Avg: 0.0, Max: 0.0, Diff: 0.0, Sum: 0.0]
      [Code Root Scanning (ms): Min: 0.0, Avg: 0.0, Max: 0.0, Diff: 0.0, Sum: 0.0]
      [Object Copy (ms): Min: 1.6, Avg: 2.3, Max: 3.0, Diff: 1.4, Sum: 9.1]
      [Termination (ms): Min: 0.0, Avg: 0.8, Max: 1.4, Diff: 1.4, Sum: 3.2]
         [Termination Attempts: Min: 1, Avg: 1.0, Max: 1, Diff: 0, Sum: 4]
      [GC Worker Other (ms): Min: 0.0, Avg: 0.0, Max: 0.0, Diff: 0.0, Sum: 0.0]
      [GC Worker Total (ms): Min: 20.7, Avg: 20.7, Max: 20.7, Diff: 0.0, Sum: 82.9]
      [GC Worker End (ms): Min: 62321.3, Avg: 62321.3, Max: 62321.3, Diff: 0.0]
   [Code Root Fixup: 0.0 ms]
   [Code Root Purge: 0.0 ms]
   [Clear CT: 0.0 ms]
   [Other: 1.0 ms]
      [Evacuation Failure: 0.8 ms]
      [Choose CSet: 0.0 ms]
      [Ref Proc: 0.1 ms]
      [Ref Enq: 0.0 ms]
      [Redirty Cards: 0.0 ms]
      [Humongous Register: 0.0 ms]
      [Humongous Reclaim: 0.0 ms]
      [Free CSet: 0.0 ms]
   [Eden: 5120.0K(102.0M)->0.0B(102.0M) Survivors: 0.0B->0.0B Heap: 1850.0M(2048.0M)->1850.0M(2048.0M)]
 [Times: user=0.06 sys=0.00, real=0.02 secs] 
62.323: [Full GC (Allocation Failure)  1849M->1182M(2048M), 1.6412312 secs]
   [Eden: 0.0B(102.0M)->0.0B(341.0M) Survivors: 0.0B->0.0B Heap: 1850.0M(2048.0M)->1182.3M(2048.0M)], [Metaspace: 9308K->9308K(1058816K)]
 [Times: user=3.27 sys=0.00, real=1.64 secs] 
63.964: [GC concurrent-mark-abort]
64.259: [GC pause (G1 Evacuation Pause) (young), 0.1400286 secs]
   [Parallel Time: 139.4 ms, GC Workers: 4]
      [GC Worker Start (ms): Min: 64259.4, Avg: 64259.4, Max: 64259.4, Diff: 0.0]
      [Ext Root Scanning (ms): Min: 0.2, Avg: 0.2, Max: 0.2, Diff: 0.0, Sum: 0.9]
      [Update RS (ms): Min: 0.0, Avg: 0.0, Max: 0.1, Diff: 0.1, Sum: 0.2]
         [Processed Buffers: Min: 1, Avg: 1.8, Max: 3, Diff: 2, Sum: 7]
      [Scan RS (ms): Min: 0.0, Avg: 0.0, Max: 0.1, Diff: 0.1, Sum: 0.2]
      [Code Root Scanning (ms): Min: 0.0, Avg: 0.0, Max: 0.0, Diff: 0.0, Sum: 0.0]
      [Object Copy (ms): Min: 138.9, Avg: 139.0, Max: 139.0, Diff: 0.1, Sum: 555.8]
      [Termination (ms): Min: 0.0, Avg: 0.0, Max: 0.0, Diff: 0.0, Sum: 0.0]
         [Termination Attempts: Min: 10, Avg: 16.8, Max: 23, Diff: 13, Sum: 67]
      [GC Worker Other (ms): Min: 0.0, Avg: 0.0, Max: 0.0, Diff: 0.0, Sum: 0.1]
      [GC Worker Total (ms): Min: 139.3, Avg: 139.3, Max: 139.3, Diff: 0.0, Sum: 557.2]
      [GC Worker End (ms): Min: 64398.7, Avg: 64398.7, Max: 64398.7, Diff: 0.0]
   [Code Root Fixup: 0.0 ms]
   [Code Root Purge: 0.0 ms]
   [Clear CT: 0.1 ms]
   [Other: 0.6 ms]
      [Choose CSet: 0.0 ms]
      [Ref Proc: 0.0 ms]
      [Ref Enq: 0.0 ms]
      [Redirty Cards: 0.1 ms]
      [Humongous Register: 0.0 ms]
      [Humongous Reclaim: 0.0 ms]
      [Free CSet: 0.2 ms]
   [Eden: 341.0M(341.0M)->0.0B(248.0M) Survivors: 0.0B->43.0M Heap: 1523.3M(2048.0M)->1306.8M(2048.0M)]
 [Times: user=0.56 sys=0.00, real=0.14 secs] 
64.626: [GC pause (G1 Evacuation Pause) (young) (initial-mark), 0.2113991 secs]
   [Parallel Time: 210.4 ms, GC Workers: 4]
      [GC Worker Start (ms): Min: 64626.6, Avg: 64626.6, Max: 64626.7, Diff: 0.1]
      [Ext Root Scanning (ms): Min: 0.3, Avg: 0.3, Max: 0.3, Diff: 0.0, Sum: 1.1]
      [Update RS (ms): Min: 24.9, Avg: 25.0, Max: 25.0, Diff: 0.2, Sum: 99.8]
         [Processed Buffers: Min: 39, Avg: 40.3, Max: 43, Diff: 4, Sum: 161]
      [Scan RS (ms): Min: 19.6, Avg: 19.8, Max: 19.9, Diff: 0.3, Sum: 79.3]
      [Code Root Scanning (ms): Min: 0.0, Avg: 0.0, Max: 0.0, Diff: 0.0, Sum: 0.0]
      [Object Copy (ms): Min: 165.0, Avg: 165.2, Max: 165.3, Diff: 0.3, Sum: 660.8]
      [Termination (ms): Min: 0.0, Avg: 0.0, Max: 0.1, Diff: 0.1, Sum: 0.2]
         [Termination Attempts: Min: 5, Avg: 403.5, Max: 569, Diff: 564, Sum: 1614]
      [GC Worker Other (ms): Min: 0.0, Avg: 0.0, Max: 0.0, Diff: 0.0, Sum: 0.1]
      [GC Worker Total (ms): Min: 210.3, Avg: 210.3, Max: 210.3, Diff: 0.0, Sum: 841.3]
      [GC Worker End (ms): Min: 64836.9, Avg: 64836.9, Max: 64837.0, Diff: 0.0]
   [Code Root Fixup: 0.0 ms]
   [Code Root Purge: 0.0 ms]
   [Clear CT: 0.1 ms]
   [Other: 0.9 ms]
      [Choose CSet: 0.0 ms]
      [Ref Proc: 0.0 ms]
      [Ref Enq: 0.0 ms]
      [Redirty Cards: 0.2 ms]
      [Humongous Register: 0.0 ms]
      [Humongous Reclaim: 0.0 ms]
      [Free CSet: 0.4 ms]
   [Eden: 248.0M(248.0M)->0.0B(65.0M) Survivors: 43.0M->37.0M Heap: 1554.8M(2048.0M)->1397.7M(2048.0M)]
 [Times: user=0.77 sys=0.00, real=0.21 secs] 
64.838: [GC concurrent-root-region-scan-start]
64.895: [GC concurrent-root-region-scan-end, 0.0566329 secs]
64.895: [GC concurrent-mark-start]
64.953: [GC pause (G1 Evacuation Pause) (young), 0.0942206 secs]
   [Parallel Time: 93.8 ms, GC Workers: 4]
      [GC Worker Start (ms): Min: 64953.6, Avg: 64953.6, Max: 64953.6, Diff: 0.0]
      [Ext Root Scanning (ms): Min: 0.2, Avg: 0.2, Max: 0.2, Diff: 0.0, Sum: 0.8]
      [Update RS (ms): Min: 21.4, Avg: 21.6, Max: 21.7, Diff: 0.3, Sum: 86.4]
         [Processed Buffers: Min: 35, Avg: 37.0, Max: 39, Diff: 4, Sum: 148]
      [Scan RS (ms): Min: 1.7, Avg: 1.8, Max: 2.0, Diff: 0.3, Sum: 7.2]
      [Code Root Scanning (ms): Min: 0.0, Avg: 0.0, Max: 0.0, Diff: 0.0, Sum: 0.0]
      [Object Copy (ms): Min: 70.1, Avg: 70.1, Max: 70.1, Diff: 0.0, Sum: 280.5]
      [Termination (ms): Min: 0.0, Avg: 0.0, Max: 0.0, Diff: 0.0, Sum: 0.0]
         [Termination Attempts: Min: 15, Avg: 30.0, Max: 35, Diff: 20, Sum: 120]
      [GC Worker Other (ms): Min: 0.0, Avg: 0.0, Max: 0.0, Diff: 0.0, Sum: 0.0]
      [GC Worker Total (ms): Min: 93.7, Avg: 93.7, Max: 93.7, Diff: 0.0, Sum: 375.0]
      [GC Worker End (ms): Min: 65047.3, Avg: 65047.3, Max: 65047.3, Diff: 0.0]
   [Code Root Fixup: 0.0 ms]
   [Code Root Purge: 0.0 ms]
   [Clear CT: 0.0 ms]
   [Other: 0.4 ms]
      [Choose CSet: 0.0 ms]
      [Ref Proc: 0.0 ms]
      [Ref Enq: 0.0 ms]
      [Redirty Cards: 0.1 ms]
      [Humongous Register: 0.0 ms]
      [Humongous Reclaim: 0.0 ms]
      [Free CSet: 0.1 ms]
   [Eden: 65.0M(65.0M)->0.0B(89.0M) Survivors: 37.0M->13.0M Heap: 1462.7M(2048.0M)->1423.0M(2048.0M)]
 [Times: user=0.38 sys=0.00, real=0.10 secs] 
65.136: [GC pause (G1 Evacuation Pause) (young), 0.0795837 secs]
   [Parallel Time: 79.2 ms, GC Workers: 4]
      [GC Worker Start (ms): Min: 65136.1, Avg: 65136.1, Max: 65136.1, Diff: 0.0]
      [Ext Root Scanning (ms): Min: 0.2, Avg: 0.2, Max: 0.2, Diff: 0.0, Sum: 0.8]
      [Update RS (ms): Min: 18.4, Avg: 18.5, Max: 18.6, Diff: 0.2, Sum: 74.1]
         [Processed Buffers: Min: 31, Avg: 32.5, Max: 33, Diff: 2, Sum: 130]
      [Scan RS (ms): Min: 4.2, Avg: 4.3, Max: 4.4, Diff: 0.3, Sum: 17.4]
      [Code Root Scanning (ms): Min: 0.0, Avg: 0.0, Max: 0.0, Diff: 0.0, Sum: 0.0]
      [Object Copy (ms): Min: 56.0, Avg: 56.0, Max: 56.1, Diff: 0.1, Sum: 224.1]
      [Termination (ms): Min: 0.0, Avg: 0.0, Max: 0.0, Diff: 0.0, Sum: 0.0]
         [Termination Attempts: Min: 11, Avg: 14.5, Max: 17, Diff: 6, Sum: 58]
      [GC Worker Other (ms): Min: 0.0, Avg: 0.0, Max: 0.0, Diff: 0.0, Sum: 0.0]
      [GC Worker Total (ms): Min: 79.1, Avg: 79.1, Max: 79.1, Diff: 0.0, Sum: 316.5]
      [GC Worker End (ms): Min: 65215.3, Avg: 65215.3, Max: 65215.3, Diff: 0.0]
   [Code Root Fixup: 0.0 ms]
   [Code Root Purge: 0.0 ms]
   [Clear CT: 0.1 ms]
   [Other: 0.4 ms]
      [Choose CSet: 0.0 ms]
      [Ref Proc: 0.0 ms]
      [Ref Enq: 0.0 ms]
      [Redirty Cards: 0.1 ms]
      [Humongous Register: 0.0 ms]
      [Humongous Reclaim: 0.0 ms]
      [Free CSet: 0.1 ms]
   [Eden: 89.0M(89.0M)->0.0B(89.0M) Survivors: 13.0M->13.0M Heap: 1512.0M(2048.0M)->1458.7M(2048.0M)]
 [Times: user=0.38 sys=0.00, real=0.08 secs] 
65.293: [GC pause (G1 Evacuation Pause) (young), 0.0736981 secs]
   [Parallel Time: 73.3 ms, GC Workers: 4]
      [GC Worker Start (ms): Min: 65292.7, Avg: 65292.7, Max: 65292.7, Diff: 0.0]
      [Ext Root Scanning (ms): Min: 0.2, Avg: 0.2, Max: 0.2, Diff: 0.0, Sum: 0.8]
      [Update RS (ms): Min: 21.8, Avg: 22.0, Max: 22.3, Diff: 0.5, Sum: 87.9]
         [Processed Buffers: Min: 34, Avg: 35.3, Max: 36, Diff: 2, Sum: 141]
      [Scan RS (ms): Min: 0.0, Avg: 0.0, Max: 0.0, Diff: 0.0, Sum: 0.1]
      [Code Root Scanning (ms): Min: 0.0, Avg: 0.0, Max: 0.0, Diff: 0.0, Sum: 0.0]
      [Object Copy (ms): Min: 50.7, Avg: 51.0, Max: 51.2, Diff: 0.4, Sum: 204.2]
      [Termination (ms): Min: 0.0, Avg: 0.0, Max: 0.0, Diff: 0.0, Sum: 0.0]
         [Termination Attempts: Min: 8, Avg: 12.5, Max: 19, Diff: 11, Sum: 50]
      [GC Worker Other (ms): Min: 0.0, Avg: 0.0, Max: 0.0, Diff: 0.0, Sum: 0.0]
      [GC Worker Total (ms): Min: 73.3, Avg: 73.3, Max: 73.3, Diff: 0.0, Sum: 293.0]
      [GC Worker End (ms): Min: 65366.0, Avg: 65366.0, Max: 65366.0, Diff: 0.0]
   [Code Root Fixup: 0.0 ms]
   [Code Root Purge: 0.0 ms]
   [Clear CT: 0.0 ms]
   [Other: 0.4 ms]
      [Choose CSet: 0.0 ms]
      [Ref Proc: 0.0 ms]
      [Ref Enq: 0.0 ms]
      [Redirty Cards: 0.1 ms]
      [Humongous Register: 0.0 ms]
      [Humongous Reclaim: 0.0 ms]
      [Free CSet: 0.1 ms]
   [Eden: 89.0M(89.0M)->0.0B(89.0M) Survivors: 13.0M->13.0M Heap: 1547.7M(2048.0M)->1492.1M(2048.0M)]
 [Times: user=0.31 sys=0.00, real=0.07 secs] 
65.450: [GC pause (G1 Evacuation Pause) (young), 0.0968908 secs]
   [Parallel Time: 96.5 ms, GC Workers: 4]
      [GC Worker Start (ms): Min: 65450.0, Avg: 65450.0, Max: 65450.0, Diff: 0.0]
      [Ext Root Scanning (ms): Min: 0.2, Avg: 0.2, Max: 0.2, Diff: 0.0, Sum: 0.8]
      [Update RS (ms): Min: 19.3, Avg: 19.6, Max: 19.7, Diff: 0.4, Sum: 78.3]
         [Processed Buffers: Min: 31, Avg: 31.8, Max: 33, Diff: 2, Sum: 127]
      [Scan RS (ms): Min: 0.1, Avg: 0.3, Max: 0.5, Diff: 0.4, Sum: 1.0]
      [Code Root Scanning (ms): Min: 0.0, Avg: 0.0, Max: 0.0, Diff: 0.0, Sum: 0.0]
      [Object Copy (ms): Min: 76.3, Avg: 76.4, Max: 76.4, Diff: 0.1, Sum: 305.5]
      [Termination (ms): Min: 0.0, Avg: 0.1, Max: 0.1, Diff: 0.1, Sum: 0.3]
         [Termination Attempts: Min: 8, Avg: 746.0, Max: 1064, Diff: 1056, Sum: 2984]
      [GC Worker Other (ms): Min: 0.0, Avg: 0.0, Max: 0.0, Diff: 0.0, Sum: 0.0]
      [GC Worker Total (ms): Min: 96.5, Avg: 96.5, Max: 96.5, Diff: 0.0, Sum: 385.9]
      [GC Worker End (ms): Min: 65546.5, Avg: 65546.5, Max: 65546.5, Diff: 0.0]
   [Code Root Fixup: 0.0 ms]
   [Code Root Purge: 0.0 ms]
   [Clear CT: 0.0 ms]
   [Other: 0.4 ms]
      [Choose CSet: 0.0 ms]
      [Ref Proc: 0.0 ms]
      [Ref Enq: 0.0 ms]
      [Redirty Cards: 0.1 ms]
      [Humongous Register: 0.0 ms]
      [Humongous Reclaim: 0.0 ms]
      [Free CSet: 0.1 ms]
   [Eden: 89.0M(89.0M)->0.0B(89.0M) Survivors: 13.0M->13.0M Heap: 1581.1M(2048.0M)->1523.8M(2048.0M)]
 [Times: user=0.39 sys=0.00, real=0.10 secs] 
65.625: [GC pause (G1 Evacuation Pause) (young), 0.0729046 secs]
   [Parallel Time: 72.5 ms, GC Workers: 4]
      [GC Worker Start (ms): Min: 65624.9, Avg: 65624.9, Max: 65624.9, Diff: 0.0]
      [Ext Root Scanning (ms): Min: 0.2, Avg: 0.2, Max: 0.2, Diff: 0.0, Sum: 0.8]
      [Update RS (ms): Min: 19.7, Avg: 19.8, Max: 19.9, Diff: 0.2, Sum: 79.1]
         [Processed Buffers: Min: 34, Avg: 34.8, Max: 36, Diff: 2, Sum: 139]
      [Scan RS (ms): Min: 1.4, Avg: 1.5, Max: 1.6, Diff: 0.2, Sum: 5.9]
      [Code Root Scanning (ms): Min: 0.0, Avg: 0.0, Max: 0.0, Diff: 0.0, Sum: 0.0]
      [Object Copy (ms): Min: 51.0, Avg: 51.0, Max: 51.0, Diff: 0.0, Sum: 204.1]
      [Termination (ms): Min: 0.0, Avg: 0.0, Max: 0.0, Diff: 0.0, Sum: 0.1]
         [Termination Attempts: Min: 1, Avg: 1.8, Max: 2, Diff: 1, Sum: 7]
      [GC Worker Other (ms): Min: 0.0, Avg: 0.0, Max: 0.0, Diff: 0.0, Sum: 0.0]
      [GC Worker Total (ms): Min: 72.5, Avg: 72.5, Max: 72.5, Diff: 0.0, Sum: 290.0]
      [GC Worker End (ms): Min: 65697.4, Avg: 65697.4, Max: 65697.5, Diff: 0.0]
   [Code Root Fixup: 0.0 ms]
   [Code Root Purge: 0.0 ms]
   [Clear CT: 0.0 ms]
   [Other: 0.3 ms]
      [Choose CSet: 0.0 ms]
      [Ref Proc: 0.0 ms]
      [Ref Enq: 0.0 ms]
      [Redirty Cards: 0.1 ms]
      [Humongous Register: 0.0 ms]
      [Humongous Reclaim: 0.0 ms]
      [Free CSet: 0.1 ms]
   [Eden: 89.0M(89.0M)->0.0B(89.0M) Survivors: 13.0M->13.0M Heap: 1612.8M(2048.0M)->1556.7M(2048.0M)]
 [Times: user=0.25 sys=0.00, real=0.07 secs] 
65.776: [GC pause (G1 Evacuation Pause) (young), 0.0669107 secs]
   [Parallel Time: 66.5 ms, GC Workers: 4]
      [GC Worker Start (ms): Min: 65776.4, Avg: 65776.4, Max: 65776.4, Diff: 0.0]
      [Ext Root Scanning (ms): Min: 0.2, Avg: 0.2, Max: 0.2, Diff: 0.0, Sum: 0.8]
      [Update RS (ms): Min: 31.6, Avg: 31.7, Max: 31.9, Diff: 0.3, Sum: 126.9]
         [Processed Buffers: Min: 58, Avg: 59.5, Max: 61, Diff: 3, Sum: 238]
      [Scan RS (ms): Min: 0.0, Avg: 0.0, Max: 0.0, Diff: 0.0, Sum: 0.1]
      [Code Root Scanning (ms): Min: 0.0, Avg: 0.0, Max: 0.0, Diff: 0.0, Sum: 0.0]
      [Object Copy (ms): Min: 34.3, Avg: 34.4, Max: 34.6, Diff: 0.3, Sum: 137.8]
      [Termination (ms): Min: 0.0, Avg: 0.0, Max: 0.0, Diff: 0.0, Sum: 0.0]
         [Termination Attempts: Min: 5, Avg: 9.0, Max: 16, Diff: 11, Sum: 36]
      [GC Worker Other (ms): Min: 0.0, Avg: 0.0, Max: 0.0, Diff: 0.0, Sum: 0.1]
      [GC Worker Total (ms): Min: 66.4, Avg: 66.4, Max: 66.4, Diff: 0.0, Sum: 265.6]
      [GC Worker End (ms): Min: 65842.8, Avg: 65842.8, Max: 65842.8, Diff: 0.0]
   [Code Root Fixup: 0.0 ms]
   [Code Root Purge: 0.0 ms]
   [Clear CT: 0.0 ms]
   [Other: 0.4 ms]
      [Choose CSet: 0.0 ms]
      [Ref Proc: 0.1 ms]
      [Ref Enq: 0.0 ms]
      [Redirty Cards: 0.1 ms]
      [Humongous Register: 0.0 ms]
      [Humongous Reclaim: 0.0 ms]
      [Free CSet: 0.1 ms]
   [Eden: 89.0M(89.0M)->0.0B(89.0M) Survivors: 13.0M->13.0M Heap: 1645.7M(2048.0M)->1588.7M(2048.0M)]
 [Times: user=0.31 sys=0.00, real=0.07 secs] 
65.920: [GC pause (G1 Evacuation Pause) (young), 0.0698108 secs]
   [Parallel Time: 69.4 ms, GC Workers: 4]
      [GC Worker Start (ms): Min: 65920.2, Avg: 65920.2, Max: 65920.2, Diff: 0.0]
      [Ext Root Scanning (ms): Min: 0.2, Avg: 0.2, Max: 0.2, Diff: 0.0, Sum: 0.8]
      [Update RS (ms): Min: 18.5, Avg: 18.6, Max: 18.7, Diff: 0.2, Sum: 74.4]
         [Processed Buffers: Min: 33, Avg: 34.0, Max: 35, Diff: 2, Sum: 136]
      [Scan RS (ms): Min: 0.0, Avg: 0.0, Max: 0.0, Diff: 0.0, Sum: 0.1]
      [Code Root Scanning (ms): Min: 0.0, Avg: 0.0, Max: 0.0, Diff: 0.0, Sum: 0.0]
      [Object Copy (ms): Min: 50.5, Avg: 50.6, Max: 50.7, Diff: 0.2, Sum: 202.3]
      [Termination (ms): Min: 0.0, Avg: 0.0, Max: 0.0, Diff: 0.0, Sum: 0.0]
         [Termination Attempts: Min: 4, Avg: 6.3, Max: 8, Diff: 4, Sum: 25]
      [GC Worker Other (ms): Min: 0.0, Avg: 0.0, Max: 0.0, Diff: 0.0, Sum: 0.1]
      [GC Worker Total (ms): Min: 69.4, Avg: 69.4, Max: 69.4, Diff: 0.0, Sum: 277.6]
      [GC Worker End (ms): Min: 65989.6, Avg: 65989.6, Max: 65989.6, Diff: 0.0]
   [Code Root Fixup: 0.0 ms]
   [Code Root Purge: 0.0 ms]
   [Clear CT: 0.0 ms]
   [Other: 0.3 ms]
      [Choose CSet: 0.0 ms]
      [Ref Proc: 0.0 ms]
      [Ref Enq: 0.0 ms]
      [Redirty Cards: 0.1 ms]
      [Humongous Register: 0.0 ms]
      [Humongous Reclaim: 0.0 ms]
      [Free CSet: 0.1 ms]
   [Eden: 89.0M(89.0M)->0.0B(89.0M) Survivors: 13.0M->13.0M Heap: 1677.7M(2048.0M)->1620.0M(2048.0M)]
 [Times: user=0.25 sys=0.00, real=0.07 secs] 
66.066: [GC pause (G1 Evacuation Pause) (young), 0.0783553 secs]
   [Parallel Time: 78.0 ms, GC Workers: 4]
      [GC Worker Start (ms): Min: 66066.2, Avg: 66066.2, Max: 66066.2, Diff: 0.0]
      [Ext Root Scanning (ms): Min: 0.2, Avg: 0.2, Max: 0.2, Diff: 0.0, Sum: 0.8]
      [Update RS (ms): Min: 21.8, Avg: 22.0, Max: 22.2, Diff: 0.4, Sum: 88.0]
         [Processed Buffers: Min: 36, Avg: 37.3, Max: 39, Diff: 3, Sum: 149]
      [Scan RS (ms): Min: 0.0, Avg: 0.0, Max: 0.1, Diff: 0.1, Sum: 0.1]
      [Code Root Scanning (ms): Min: 0.0, Avg: 0.0, Max: 0.0, Diff: 0.0, Sum: 0.0]
      [Object Copy (ms): Min: 55.5, Avg: 55.7, Max: 55.8, Diff: 0.3, Sum: 222.7]
      [Termination (ms): Min: 0.0, Avg: 0.0, Max: 0.0, Diff: 0.0, Sum: 0.0]
         [Termination Attempts: Min: 15, Avg: 24.8, Max: 31, Diff: 16, Sum: 99]
      [GC Worker Other (ms): Min: 0.0, Avg: 0.0, Max: 0.0, Diff: 0.0, Sum: 0.1]
      [GC Worker Total (ms): Min: 77.9, Avg: 77.9, Max: 78.0, Diff: 0.0, Sum: 311.7]
      [GC Worker End (ms): Min: 66144.1, Avg: 66144.1, Max: 66144.1, Diff: 0.0]
   [Code Root Fixup: 0.0 ms]
   [Code Root Purge: 0.0 ms]
   [Clear CT: 0.0 ms]
   [Other: 0.3 ms]
      [Choose CSet: 0.0 ms]
      [Ref Proc: 0.0 ms]
      [Ref Enq: 0.0 ms]
      [Redirty Cards: 0.1 ms]
      [Humongous Register: 0.0 ms]
      [Humongous Reclaim: 0.0 ms]
      [Free CSet: 0.1 ms]
   [Eden: 89.0M(89.0M)->0.0B(89.0M) Survivors: 13.0M->13.0M Heap: 1709.0M(2048.0M)->1653.6M(2048.0M)]
 [Times: user=0.31 sys=0.00, real=0.08 secs] 
66.222: [GC pause (G1 Evacuation Pause) (young), 0.0726618 secs]
   [Parallel Time: 72.2 ms, GC Workers: 4]
      [GC Worker Start (ms): Min: 66222.4, Avg: 66222.4, Max: 66222.4, Diff: 0.0]
      [Ext Root Scanning (ms): Min: 0.2, Avg: 0.2, Max: 0.2, Diff: 0.0, Sum: 0.8]
      [Update RS (ms): Min: 19.7, Avg: 20.0, Max: 20.3, Diff: 0.6, Sum: 79.9]
         [Processed Buffers: Min: 33, Avg: 33.8, Max: 36, Diff: 3, Sum: 135]
      [Scan RS (ms): Min: 0.0, Avg: 0.3, Max: 0.5, Diff: 0.5, Sum: 1.1]
      [Code Root Scanning (ms): Min: 0.0, Avg: 0.0, Max: 0.0, Diff: 0.0, Sum: 0.0]
      [Object Copy (ms): Min: 51.7, Avg: 51.7, Max: 51.8, Diff: 0.1, Sum: 207.0]
      [Termination (ms): Min: 0.0, Avg: 0.0, Max: 0.0, Diff: 0.0, Sum: 0.0]
         [Termination Attempts: Min: 1, Avg: 1.0, Max: 1, Diff: 0, Sum: 4]
      [GC Worker Other (ms): Min: 0.0, Avg: 0.0, Max: 0.0, Diff: 0.0, Sum: 0.0]
      [GC Worker Total (ms): Min: 72.2, Avg: 72.2, Max: 72.2, Diff: 0.0, Sum: 288.8]
      [GC Worker End (ms): Min: 66294.6, Avg: 66294.6, Max: 66294.6, Diff: 0.0]
   [Code Root Fixup: 0.0 ms]
   [Code Root Purge: 0.0 ms]
   [Clear CT: 0.0 ms]
   [Other: 0.4 ms]
      [Choose CSet: 0.0 ms]
      [Ref Proc: 0.0 ms]
      [Ref Enq: 0.0 ms]
      [Redirty Cards: 0.1 ms]
      [Humongous Register: 0.0 ms]
      [Humongous Reclaim: 0.0 ms]
      [Free CSet: 0.1 ms]
   [Eden: 89.0M(89.0M)->0.0B(89.0M) Survivors: 13.0M->13.0M Heap: 1742.6M(2048.0M)->1685.7M(2048.0M)]
 [Times: user=0.31 sys=0.00, real=0.07 secs] 
66.372: [GC pause (G1 Evacuation Pause) (young), 0.0850645 secs]
   [Parallel Time: 84.6 ms, GC Workers: 4]
      [GC Worker Start (ms): Min: 66371.9, Avg: 66371.9, Max: 66371.9, Diff: 0.0]
      [Ext Root Scanning (ms): Min: 0.2, Avg: 0.2, Max: 0.2, Diff: 0.0, Sum: 0.8]
      [Update RS (ms): Min: 22.8, Avg: 22.9, Max: 23.0, Diff: 0.2, Sum: 91.4]
         [Processed Buffers: Min: 36, Avg: 37.3, Max: 39, Diff: 3, Sum: 149]
      [Scan RS (ms): Min: 0.5, Avg: 0.6, Max: 0.7, Diff: 0.2, Sum: 2.5]
      [Code Root Scanning (ms): Min: 0.0, Avg: 0.0, Max: 0.0, Diff: 0.0, Sum: 0.0]
      [Object Copy (ms): Min: 60.9, Avg: 60.9, Max: 60.9, Diff: 0.1, Sum: 243.5]
      [Termination (ms): Min: 0.0, Avg: 0.0, Max: 0.1, Diff: 0.1, Sum: 0.1]
         [Termination Attempts: Min: 10, Avg: 410.8, Max: 597, Diff: 587, Sum: 1643]
      [GC Worker Other (ms): Min: 0.0, Avg: 0.0, Max: 0.0, Diff: 0.0, Sum: 0.0]
      [GC Worker Total (ms): Min: 84.6, Avg: 84.6, Max: 84.6, Diff: 0.0, Sum: 338.5]
      [GC Worker End (ms): Min: 66456.5, Avg: 66456.5, Max: 66456.5, Diff: 0.0]
   [Code Root Fixup: 0.0 ms]
   [Code Root Purge: 0.0 ms]
   [Clear CT: 0.0 ms]
   [Other: 0.4 ms]
      [Choose CSet: 0.0 ms]
      [Ref Proc: 0.0 ms]
      [Ref Enq: 0.0 ms]
      [Redirty Cards: 0.1 ms]
      [Humongous Register: 0.0 ms]
      [Humongous Reclaim: 0.0 ms]
      [Free CSet: 0.1 ms]
   [Eden: 89.0M(89.0M)->0.0B(89.0M) Survivors: 13.0M->13.0M Heap: 1774.7M(2048.0M)->1718.8M(2048.0M)]
 [Times: user=0.31 sys=0.00, real=0.09 secs] 
66.534: [GC pause (G1 Evacuation Pause) (young) (to-space exhausted), 0.0778299 secs]
   [Parallel Time: 75.5 ms, GC Workers: 4]
      [GC Worker Start (ms): Min: 66533.9, Avg: 66533.9, Max: 66533.9, Diff: 0.0]
      [Ext Root Scanning (ms): Min: 0.2, Avg: 0.2, Max: 0.2, Diff: 0.0, Sum: 0.8]
      [Update RS (ms): Min: 22.7, Avg: 22.9, Max: 23.2, Diff: 0.5, Sum: 91.6]
         [Processed Buffers: Min: 30, Avg: 33.0, Max: 35, Diff: 5, Sum: 132]
      [Scan RS (ms): Min: 0.0, Avg: 0.0, Max: 0.1, Diff: 0.1, Sum: 0.1]
      [Code Root Scanning (ms): Min: 0.0, Avg: 0.0, Max: 0.0, Diff: 0.0, Sum: 0.0]
      [Object Copy (ms): Min: 52.0, Avg: 52.3, Max: 52.5, Diff: 0.4, Sum: 209.3]
      [Termination (ms): Min: 0.0, Avg: 0.0, Max: 0.0, Diff: 0.0, Sum: 0.0]
         [Termination Attempts: Min: 1, Avg: 1.0, Max: 1, Diff: 0, Sum: 4]
      [GC Worker Other (ms): Min: 0.0, Avg: 0.0, Max: 0.0, Diff: 0.0, Sum: 0.0]
      [GC Worker Total (ms): Min: 75.5, Avg: 75.5, Max: 75.5, Diff: 0.0, Sum: 301.8]
      [GC Worker End (ms): Min: 66609.3, Avg: 66609.3, Max: 66609.3, Diff: 0.0]
   [Code Root Fixup: 0.0 ms]
   [Code Root Purge: 0.0 ms]
   [Clear CT: 0.0 ms]
   [Other: 2.3 ms]
      [Evacuation Failure: 2.0 ms]
      [Choose CSet: 0.0 ms]
      [Ref Proc: 0.0 ms]
      [Ref Enq: 0.0 ms]
      [Redirty Cards: 0.1 ms]
      [Humongous Register: 0.0 ms]
      [Humongous Reclaim: 0.0 ms]
      [Free CSet: 0.1 ms]
   [Eden: 89.0M(89.0M)->0.0B(89.0M) Survivors: 13.0M->13.0M Heap: 1807.8M(2048.0M)->1764.3M(2048.0M)]
 [Times: user=0.31 sys=0.00, real=0.08 secs] 
66.699: [GC pause (G1 Evacuation Pause) (young) (to-space exhausted), 0.1106633 secs]
   [Parallel Time: 95.8 ms, GC Workers: 4]
      [GC Worker Start (ms): Min: 66699.0, Avg: 66699.0, Max: 66699.0, Diff: 0.0]
      [Ext Root Scanning (ms): Min: 0.2, Avg: 0.2, Max: 0.2, Diff: 0.0, Sum: 0.8]
      [Update RS (ms): Min: 0.0, Avg: 4.2, Max: 5.7, Diff: 5.7, Sum: 16.9]
         [Processed Buffers: Min: 0, Avg: 30.3, Max: 47, Diff: 47, Sum: 121]
      [Scan RS (ms): Min: 0.0, Avg: 0.4, Max: 0.6, Diff: 0.6, Sum: 1.6]
      [Code Root Scanning (ms): Min: 0.0, Avg: 0.0, Max: 0.0, Diff: 0.0, Sum: 0.0]
      [Object Copy (ms): Min: 88.0, Avg: 90.0, Max: 94.0, Diff: 6.1, Sum: 360.2]
      [Termination (ms): Min: 0.0, Avg: 0.9, Max: 1.5, Diff: 1.5, Sum: 3.5]
         [Termination Attempts: Min: 1, Avg: 1.0, Max: 1, Diff: 0, Sum: 4]
      [GC Worker Other (ms): Min: 0.0, Avg: 0.0, Max: 0.0, Diff: 0.0, Sum: 0.0]
      [GC Worker Total (ms): Min: 95.8, Avg: 95.8, Max: 95.8, Diff: 0.0, Sum: 383.1]
      [GC Worker End (ms): Min: 66794.8, Avg: 66794.8, Max: 66794.8, Diff: 0.0]
   [Code Root Fixup: 0.0 ms]
   [Code Root Purge: 0.0 ms]
   [Clear CT: 0.2 ms]
   [Other: 14.7 ms]
      [Evacuation Failure: 14.1 ms]
      [Choose CSet: 0.0 ms]
      [Ref Proc: 0.2 ms]
      [Ref Enq: 0.0 ms]
      [Redirty Cards: 0.2 ms]
      [Humongous Register: 0.0 ms]
      [Humongous Reclaim: 0.0 ms]
      [Free CSet: 0.1 ms]
   [Eden: 82.0M(89.0M)->0.0B(102.0M) Survivors: 13.0M->0.0B Heap: 1846.3M(2048.0M)->1841.3M(2048.0M)]
 [Times: user=0.19 sys=0.00, real=0.11 secs] 
66.816: [GC pause (G1 Evacuation Pause) (young) (to-space exhausted), 0.0306755 secs]
   [Parallel Time: 29.4 ms, GC Workers: 4]
      [GC Worker Start (ms): Min: 66816.0, Avg: 66816.0, Max: 66816.0, Diff: 0.0]
      [Ext Root Scanning (ms): Min: 0.2, Avg: 0.2, Max: 0.2, Diff: 0.0, Sum: 0.8]
      [Update RS (ms): Min: 25.7, Avg: 25.9, Max: 26.1, Diff: 0.4, Sum: 103.6]
         [Processed Buffers: Min: 58, Avg: 61.0, Max: 63, Diff: 5, Sum: 244]
      [Scan RS (ms): Min: 0.0, Avg: 0.0, Max: 0.0, Diff: 0.0, Sum: 0.0]
      [Code Root Scanning (ms): Min: 0.0, Avg: 0.0, Max: 0.0, Diff: 0.0, Sum: 0.0]
      [Object Copy (ms): Min: 2.0, Avg: 2.5, Max: 3.2, Diff: 1.3, Sum: 9.9]
      [Termination (ms): Min: 0.0, Avg: 0.8, Max: 1.3, Diff: 1.3, Sum: 3.1]
         [Termination Attempts: Min: 1, Avg: 1.0, Max: 1, Diff: 0, Sum: 4]
      [GC Worker Other (ms): Min: 0.0, Avg: 0.0, Max: 0.0, Diff: 0.0, Sum: 0.0]
      [GC Worker Total (ms): Min: 29.3, Avg: 29.4, Max: 29.4, Diff: 0.0, Sum: 117.4]
      [GC Worker End (ms): Min: 66845.4, Avg: 66845.4, Max: 66845.4, Diff: 0.0]
   [Code Root Fixup: 0.0 ms]
   [Code Root Purge: 0.0 ms]
   [Clear CT: 0.1 ms]
   [Other: 1.1 ms]
      [Evacuation Failure: 0.8 ms]
      [Choose CSet: 0.0 ms]
      [Ref Proc: 0.1 ms]
      [Ref Enq: 0.0 ms]
      [Redirty Cards: 0.0 ms]
      [Humongous Register: 0.1 ms]
      [Humongous Reclaim: 0.0 ms]
      [Free CSet: 0.0 ms]
   [Eden: 5120.0K(102.0M)->0.0B(102.0M) Survivors: 0.0B->0.0B Heap: 1846.3M(2048.0M)->1846.3M(2048.0M)]
 [Times: user=0.13 sys=0.00, real=0.03 secs] 
66.847: [Full GC (Allocation Failure)  1846M->1195M(2048M), 1.6594293 secs]
   [Eden: 0.0B(102.0M)->0.0B(335.0M) Survivors: 0.0B->0.0B Heap: 1846.3M(2048.0M)->1195.9M(2048.0M)], [Metaspace: 9332K->9332K(1058816K)]
 [Times: user=3.28 sys=0.00, real=1.66 secs] 
68.506: [GC concurrent-mark-abort]
68.799: [GC pause (G1 Evacuation Pause) (young), 0.1425887 secs]
   [Parallel Time: 141.9 ms, GC Workers: 4]
      [GC Worker Start (ms): Min: 68798.9, Avg: 68798.9, Max: 68798.9, Diff: 0.1]
      [Ext Root Scanning (ms): Min: 0.2, Avg: 0.2, Max: 0.3, Diff: 0.1, Sum: 0.9]
      [Update RS (ms): Min: 0.0, Avg: 0.0, Max: 0.1, Diff: 0.1, Sum: 0.2]
         [Processed Buffers: Min: 0, Avg: 1.3, Max: 2, Diff: 2, Sum: 5]
      [Scan RS (ms): Min: 0.0, Avg: 0.0, Max: 0.1, Diff: 0.1, Sum: 0.2]
      [Code Root Scanning (ms): Min: 0.0, Avg: 0.0, Max: 0.0, Diff: 0.0, Sum: 0.0]
      [Object Copy (ms): Min: 141.5, Avg: 141.5, Max: 141.6, Diff: 0.1, Sum: 566.1]
      [Termination (ms): Min: 0.0, Avg: 0.0, Max: 0.0, Diff: 0.0, Sum: 0.0]
         [Termination Attempts: Min: 1, Avg: 1.0, Max: 1, Diff: 0, Sum: 4]
      [GC Worker Other (ms): Min: 0.0, Avg: 0.0, Max: 0.0, Diff: 0.0, Sum: 0.1]
      [GC Worker Total (ms): Min: 141.8, Avg: 141.9, Max: 141.9, Diff: 0.1, Sum: 567.5]
      [GC Worker End (ms): Min: 68940.8, Avg: 68940.8, Max: 68940.8, Diff: 0.0]
   [Code Root Fixup: 0.0 ms]
   [Code Root Purge: 0.0 ms]
   [Clear CT: 0.1 ms]
   [Other: 0.5 ms]
      [Choose CSet: 0.0 ms]
      [Ref Proc: 0.0 ms]
      [Ref Enq: 0.0 ms]
      [Redirty Cards: 0.1 ms]
      [Humongous Register: 0.0 ms]
      [Humongous Reclaim: 0.0 ms]
      [Free CSet: 0.2 ms]
   [Eden: 335.0M(335.0M)->0.0B(240.0M) Survivors: 0.0B->42.0M Heap: 1530.9M(2048.0M)->1318.3M(2048.0M)]
 [Times: user=0.56 sys=0.00, real=0.14 secs] 
69.171: [GC pause (G1 Evacuation Pause) (young) (initial-mark), 0.2253654 secs]
   [Parallel Time: 224.3 ms, GC Workers: 4]
      [GC Worker Start (ms): Min: 69171.6, Avg: 69171.7, Max: 69171.7, Diff: 0.1]
      [Ext Root Scanning (ms): Min: 0.3, Avg: 0.3, Max: 0.3, Diff: 0.1, Sum: 1.2]
      [Update RS (ms): Min: 17.2, Avg: 17.3, Max: 17.6, Diff: 0.4, Sum: 69.3]
         [Processed Buffers: Min: 29, Avg: 29.5, Max: 31, Diff: 2, Sum: 118]
      [Scan RS (ms): Min: 24.4, Avg: 24.6, Max: 24.8, Diff: 0.5, Sum: 98.3]
      [Code Root Scanning (ms): Min: 0.0, Avg: 0.0, Max: 0.0, Diff: 0.0, Sum: 0.0]
      [Object Copy (ms): Min: 181.9, Avg: 182.0, Max: 182.1, Diff: 0.2, Sum: 728.0]
      [Termination (ms): Min: 0.0, Avg: 0.0, Max: 0.0, Diff: 0.0, Sum: 0.0]
         [Termination Attempts: Min: 16, Avg: 17.5, Max: 20, Diff: 4, Sum: 70]
      [GC Worker Other (ms): Min: 0.0, Avg: 0.0, Max: 0.0, Diff: 0.0, Sum: 0.1]
      [GC Worker Total (ms): Min: 224.2, Avg: 224.2, Max: 224.3, Diff: 0.1, Sum: 897.0]
      [GC Worker End (ms): Min: 69395.9, Avg: 69395.9, Max: 69395.9, Diff: 0.0]
   [Code Root Fixup: 0.0 ms]
   [Code Root Purge: 0.0 ms]
   [Clear CT: 0.1 ms]
   [Other: 1.0 ms]
      [Choose CSet: 0.0 ms]
      [Ref Proc: 0.0 ms]
      [Ref Enq: 0.0 ms]
      [Redirty Cards: 0.2 ms]
      [Humongous Register: 0.0 ms]
      [Humongous Reclaim: 0.0 ms]
      [Free CSet: 0.4 ms]
   [Eden: 240.0M(240.0M)->0.0B(66.0M) Survivors: 42.0M->36.0M Heap: 1558.3M(2048.0M)->1404.5M(2048.0M)]
 [Times: user=0.84 sys=0.00, real=0.23 secs] 
69.397: [GC concurrent-root-region-scan-start]
69.450: [GC concurrent-root-region-scan-end, 0.0528479 secs]
69.450: [GC concurrent-mark-start]
69.523: [GC pause (G1 Evacuation Pause) (young), 0.0972276 secs]
   [Parallel Time: 96.7 ms, GC Workers: 4]
      [GC Worker Start (ms): Min: 69523.5, Avg: 69523.5, Max: 69523.5, Diff: 0.0]
      [Ext Root Scanning (ms): Min: 0.2, Avg: 0.2, Max: 0.2, Diff: 0.0, Sum: 0.8]
      [Update RS (ms): Min: 18.9, Avg: 19.0, Max: 19.2, Diff: 0.3, Sum: 76.0]
         [Processed Buffers: Min: 31, Avg: 32.3, Max: 34, Diff: 3, Sum: 129]
      [Scan RS (ms): Min: 5.1, Avg: 5.4, Max: 5.5, Diff: 0.4, Sum: 21.5]
      [Code Root Scanning (ms): Min: 0.0, Avg: 0.0, Max: 0.0, Diff: 0.0, Sum: 0.0]
      [Object Copy (ms): Min: 72.0, Avg: 72.1, Max: 72.1, Diff: 0.1, Sum: 288.2]
      [Termination (ms): Min: 0.0, Avg: 0.0, Max: 0.0, Diff: 0.0, Sum: 0.0]
         [Termination Attempts: Min: 28, Avg: 32.0, Max: 35, Diff: 7, Sum: 128]
      [GC Worker Other (ms): Min: 0.0, Avg: 0.0, Max: 0.0, Diff: 0.0, Sum: 0.1]
      [GC Worker Total (ms): Min: 96.6, Avg: 96.7, Max: 96.7, Diff: 0.0, Sum: 386.6]
      [GC Worker End (ms): Min: 69620.2, Avg: 69620.2, Max: 69620.2, Diff: 0.0]
   [Code Root Fixup: 0.0 ms]
   [Code Root Purge: 0.0 ms]
   [Clear CT: 0.0 ms]
   [Other: 0.5 ms]
      [Choose CSet: 0.0 ms]
      [Ref Proc: 0.0 ms]
      [Ref Enq: 0.0 ms]
      [Redirty Cards: 0.1 ms]
      [Humongous Register: 0.0 ms]
      [Humongous Reclaim: 0.0 ms]
      [Free CSet: 0.1 ms]
   [Eden: 66.0M(66.0M)->0.0B(89.0M) Survivors: 36.0M->13.0M Heap: 1470.5M(2048.0M)->1427.2M(2048.0M)]
 [Times: user=0.38 sys=0.00, real=0.10 secs] 
69.716: [GC pause (G1 Evacuation Pause) (young), 0.0947271 secs]
   [Parallel Time: 94.3 ms, GC Workers: 4]
      [GC Worker Start (ms): Min: 69716.6, Avg: 69716.6, Max: 69716.6, Diff: 0.0]
      [Ext Root Scanning (ms): Min: 0.2, Avg: 0.2, Max: 0.2, Diff: 0.0, Sum: 0.8]
      [Update RS (ms): Min: 21.6, Avg: 21.8, Max: 22.3, Diff: 0.6, Sum: 87.3]
         [Processed Buffers: Min: 31, Avg: 35.3, Max: 38, Diff: 7, Sum: 141]
      [Scan RS (ms): Min: 1.7, Avg: 2.1, Max: 2.3, Diff: 0.6, Sum: 8.4]
      [Code Root Scanning (ms): Min: 0.0, Avg: 0.0, Max: 0.0, Diff: 0.0, Sum: 0.0]
      [Object Copy (ms): Min: 70.1, Avg: 70.1, Max: 70.2, Diff: 0.1, Sum: 280.4]
      [Termination (ms): Min: 0.0, Avg: 0.1, Max: 0.1, Diff: 0.1, Sum: 0.3]
         [Termination Attempts: Min: 13, Avg: 833.8, Max: 1220, Diff: 1207, Sum: 3335]
      [GC Worker Other (ms): Min: 0.0, Avg: 0.0, Max: 0.0, Diff: 0.0, Sum: 0.0]
      [GC Worker Total (ms): Min: 94.3, Avg: 94.3, Max: 94.3, Diff: 0.0, Sum: 377.2]
      [GC Worker End (ms): Min: 69810.9, Avg: 69810.9, Max: 69810.9, Diff: 0.0]
   [Code Root Fixup: 0.0 ms]
   [Code Root Purge: 0.0 ms]
   [Clear CT: 0.0 ms]
   [Other: 0.4 ms]
      [Choose CSet: 0.0 ms]
      [Ref Proc: 0.0 ms]
      [Ref Enq: 0.0 ms]
      [Redirty Cards: 0.1 ms]
      [Humongous Register: 0.0 ms]
      [Humongous Reclaim: 0.0 ms]
      [Free CSet: 0.1 ms]
   [Eden: 89.0M(89.0M)->0.0B(89.0M) Survivors: 13.0M->13.0M Heap: 1516.2M(2048.0M)->1462.3M(2048.0M)]
 [Times: user=0.36 sys=0.00, real=0.10 secs] 
69.890: [GC pause (G1 Evacuation Pause) (young), 0.0785615 secs]
   [Parallel Time: 78.1 ms, GC Workers: 4]
      [GC Worker Start (ms): Min: 69890.1, Avg: 69890.1, Max: 69890.1, Diff: 0.0]
      [Ext Root Scanning (ms): Min: 0.2, Avg: 0.2, Max: 0.2, Diff: 0.0, Sum: 0.8]
      [Update RS (ms): Min: 19.6, Avg: 19.8, Max: 20.0, Diff: 0.4, Sum: 79.2]
         [Processed Buffers: Min: 30, Avg: 31.8, Max: 34, Diff: 4, Sum: 127]
      [Scan RS (ms): Min: 0.0, Avg: 0.1, Max: 0.3, Diff: 0.3, Sum: 0.5]
      [Code Root Scanning (ms): Min: 0.0, Avg: 0.0, Max: 0.0, Diff: 0.0, Sum: 0.0]
      [Object Copy (ms): Min: 57.8, Avg: 57.9, Max: 58.0, Diff: 0.2, Sum: 231.6]
      [Termination (ms): Min: 0.0, Avg: 0.0, Max: 0.1, Diff: 0.1, Sum: 0.2]
         [Termination Attempts: Min: 3, Avg: 460.5, Max: 708, Diff: 705, Sum: 1842]
      [GC Worker Other (ms): Min: 0.0, Avg: 0.0, Max: 0.0, Diff: 0.0, Sum: 0.0]
      [GC Worker Total (ms): Min: 78.1, Avg: 78.1, Max: 78.1, Diff: 0.0, Sum: 312.3]
      [GC Worker End (ms): Min: 69968.2, Avg: 69968.2, Max: 69968.2, Diff: 0.0]
   [Code Root Fixup: 0.0 ms]
   [Code Root Purge: 0.0 ms]
   [Clear CT: 0.0 ms]
   [Other: 0.4 ms]
      [Choose CSet: 0.0 ms]
      [Ref Proc: 0.0 ms]
      [Ref Enq: 0.0 ms]
      [Redirty Cards: 0.1 ms]
      [Humongous Register: 0.0 ms]
      [Humongous Reclaim: 0.0 ms]
      [Free CSet: 0.1 ms]
   [Eden: 89.0M(89.0M)->0.0B(89.0M) Survivors: 13.0M->13.0M Heap: 1551.3M(2048.0M)->1494.3M(2048.0M)]
 [Times: user=0.31 sys=0.00, real=0.08 secs] 
70.044: [GC pause (G1 Evacuation Pause) (young), 0.0669719 secs]
   [Parallel Time: 66.6 ms, GC Workers: 4]
      [GC Worker Start (ms): Min: 70044.1, Avg: 70044.1, Max: 70044.1, Diff: 0.0]
      [Ext Root Scanning (ms): Min: 0.2, Avg: 0.2, Max: 0.2, Diff: 0.0, Sum: 0.8]
      [Update RS (ms): Min: 18.6, Avg: 18.6, Max: 18.7, Diff: 0.1, Sum: 74.4]
         [Processed Buffers: Min: 33, Avg: 34.5, Max: 36, Diff: 3, Sum: 138]
      [Scan RS (ms): Min: 0.6, Avg: 0.6, Max: 0.6, Diff: 0.1, Sum: 2.4]
      [Code Root Scanning (ms): Min: 0.0, Avg: 0.0, Max: 0.0, Diff: 0.0, Sum: 0.0]
      [Object Copy (ms): Min: 47.1, Avg: 47.2, Max: 47.2, Diff: 0.0, Sum: 188.6]
      [Termination (ms): Min: 0.0, Avg: 0.0, Max: 0.0, Diff: 0.0, Sum: 0.1]
         [Termination Attempts: Min: 35, Avg: 133.5, Max: 190, Diff: 155, Sum: 534]
      [GC Worker Other (ms): Min: 0.0, Avg: 0.0, Max: 0.0, Diff: 0.0, Sum: 0.0]
      [GC Worker Total (ms): Min: 66.6, Avg: 66.6, Max: 66.6, Diff: 0.0, Sum: 266.3]
      [GC Worker End (ms): Min: 70110.7, Avg: 70110.7, Max: 70110.7, Diff: 0.0]
   [Code Root Fixup: 0.0 ms]
   [Code Root Purge: 0.0 ms]
   [Clear CT: 0.0 ms]
   [Other: 0.3 ms]
      [Choose CSet: 0.0 ms]
      [Ref Proc: 0.0 ms]
      [Ref Enq: 0.0 ms]
      [Redirty Cards: 0.1 ms]
      [Humongous Register: 0.0 ms]
      [Humongous Reclaim: 0.0 ms]
      [Free CSet: 0.1 ms]
   [Eden: 89.0M(89.0M)->0.0B(89.0M) Survivors: 13.0M->13.0M Heap: 1583.3M(2048.0M)->1526.8M(2048.0M)]
 [Times: user=0.25 sys=0.00, real=0.07 secs] 
70.188: [GC pause (G1 Evacuation Pause) (young), 0.0773212 secs]
   [Parallel Time: 77.0 ms, GC Workers: 4]
      [GC Worker Start (ms): Min: 70188.0, Avg: 70188.0, Max: 70188.1, Diff: 0.1]
      [Ext Root Scanning (ms): Min: 0.2, Avg: 0.2, Max: 0.2, Diff: 0.1, Sum: 0.8]
      [Update RS (ms): Min: 27.1, Avg: 27.3, Max: 27.5, Diff: 0.4, Sum: 109.2]
         [Processed Buffers: Min: 49, Avg: 49.8, Max: 50, Diff: 1, Sum: 199]
      [Scan RS (ms): Min: 0.0, Avg: 0.0, Max: 0.0, Diff: 0.0, Sum: 0.0]
      [Code Root Scanning (ms): Min: 0.0, Avg: 0.0, Max: 0.0, Diff: 0.0, Sum: 0.0]
      [Object Copy (ms): Min: 49.2, Avg: 49.4, Max: 49.6, Diff: 0.3, Sum: 197.5]
      [Termination (ms): Min: 0.0, Avg: 0.0, Max: 0.0, Diff: 0.0, Sum: 0.0]
         [Termination Attempts: Min: 6, Avg: 9.0, Max: 11, Diff: 5, Sum: 36]
      [GC Worker Other (ms): Min: 0.0, Avg: 0.0, Max: 0.0, Diff: 0.0, Sum: 0.1]
      [GC Worker Total (ms): Min: 76.9, Avg: 76.9, Max: 77.0, Diff: 0.1, Sum: 307.7]
      [GC Worker End (ms): Min: 70265.0, Avg: 70265.0, Max: 70265.0, Diff: 0.0]
   [Code Root Fixup: 0.0 ms]
   [Code Root Purge: 0.0 ms]
   [Clear CT: 0.0 ms]
   [Other: 0.3 ms]
      [Choose CSet: 0.0 ms]
      [Ref Proc: 0.0 ms]
      [Ref Enq: 0.0 ms]
      [Redirty Cards: 0.1 ms]
      [Humongous Register: 0.0 ms]
      [Humongous Reclaim: 0.0 ms]
      [Free CSet: 0.1 ms]
   [Eden: 89.0M(89.0M)->0.0B(89.0M) Survivors: 13.0M->13.0M Heap: 1615.8M(2048.0M)->1558.3M(2048.0M)]
 [Times: user=0.31 sys=0.00, real=0.08 secs] 
70.344: [GC pause (G1 Evacuation Pause) (young), 0.0715925 secs]
   [Parallel Time: 71.2 ms, GC Workers: 4]
      [GC Worker Start (ms): Min: 70343.9, Avg: 70343.9, Max: 70343.9, Diff: 0.0]
      [Ext Root Scanning (ms): Min: 0.2, Avg: 0.2, Max: 0.2, Diff: 0.0, Sum: 0.8]
      [Update RS (ms): Min: 18.7, Avg: 18.9, Max: 19.2, Diff: 0.4, Sum: 75.7]
         [Processed Buffers: Min: 33, Avg: 33.8, Max: 35, Diff: 2, Sum: 135]
      [Scan RS (ms): Min: 0.1, Avg: 0.3, Max: 0.5, Diff: 0.4, Sum: 1.3]
      [Code Root Scanning (ms): Min: 0.0, Avg: 0.0, Max: 0.0, Diff: 0.0, Sum: 0.0]
      [Object Copy (ms): Min: 51.7, Avg: 51.7, Max: 51.7, Diff: 0.0, Sum: 206.9]
      [Termination (ms): Min: 0.0, Avg: 0.0, Max: 0.0, Diff: 0.0, Sum: 0.0]
         [Termination Attempts: Min: 8, Avg: 12.3, Max: 16, Diff: 8, Sum: 49]
      [GC Worker Other (ms): Min: 0.0, Avg: 0.0, Max: 0.0, Diff: 0.0, Sum: 0.0]
      [GC Worker Total (ms): Min: 71.2, Avg: 71.2, Max: 71.2, Diff: 0.0, Sum: 284.8]
      [GC Worker End (ms): Min: 70415.1, Avg: 70415.1, Max: 70415.1, Diff: 0.0]
   [Code Root Fixup: 0.0 ms]
   [Code Root Purge: 0.0 ms]
   [Clear CT: 0.0 ms]
   [Other: 0.3 ms]
      [Choose CSet: 0.0 ms]
      [Ref Proc: 0.0 ms]
      [Ref Enq: 0.0 ms]
      [Redirty Cards: 0.1 ms]
      [Humongous Register: 0.0 ms]
      [Humongous Reclaim: 0.0 ms]
      [Free CSet: 0.1 ms]
   [Eden: 89.0M(89.0M)->0.0B(89.0M) Survivors: 13.0M->13.0M Heap: 1647.3M(2048.0M)->1590.6M(2048.0M)]
 [Times: user=0.25 sys=0.00, real=0.07 secs] 
70.493: [GC pause (G1 Evacuation Pause) (young), 0.0942261 secs]
   [Parallel Time: 93.8 ms, GC Workers: 4]
      [GC Worker Start (ms): Min: 70493.4, Avg: 70493.4, Max: 70493.4, Diff: 0.0]
      [Ext Root Scanning (ms): Min: 0.2, Avg: 0.2, Max: 0.2, Diff: 0.0, Sum: 0.8]
      [Update RS (ms): Min: 21.7, Avg: 21.9, Max: 21.9, Diff: 0.2, Sum: 87.5]
         [Processed Buffers: Min: 36, Avg: 37.0, Max: 38, Diff: 2, Sum: 148]
      [Scan RS (ms): Min: 0.2, Avg: 0.3, Max: 0.4, Diff: 0.2, Sum: 1.1]
      [Code Root Scanning (ms): Min: 0.0, Avg: 0.0, Max: 0.0, Diff: 0.0, Sum: 0.0]
      [Object Copy (ms): Min: 71.4, Avg: 71.4, Max: 71.4, Diff: 0.0, Sum: 285.8]
      [Termination (ms): Min: 0.0, Avg: 0.0, Max: 0.0, Diff: 0.0, Sum: 0.0]
         [Termination Attempts: Min: 5, Avg: 8.8, Max: 13, Diff: 8, Sum: 35]
      [GC Worker Other (ms): Min: 0.0, Avg: 0.0, Max: 0.0, Diff: 0.0, Sum: 0.1]
      [GC Worker Total (ms): Min: 93.8, Avg: 93.8, Max: 93.8, Diff: 0.0, Sum: 375.2]
      [GC Worker End (ms): Min: 70587.2, Avg: 70587.2, Max: 70587.2, Diff: 0.0]
   [Code Root Fixup: 0.0 ms]
   [Code Root Purge: 0.0 ms]
   [Clear CT: 0.0 ms]
   [Other: 0.4 ms]
      [Choose CSet: 0.0 ms]
      [Ref Proc: 0.0 ms]
      [Ref Enq: 0.0 ms]
      [Redirty Cards: 0.1 ms]
      [Humongous Register: 0.0 ms]
      [Humongous Reclaim: 0.0 ms]
      [Free CSet: 0.1 ms]
   [Eden: 89.0M(89.0M)->0.0B(89.0M) Survivors: 13.0M->13.0M Heap: 1679.6M(2048.0M)->1624.5M(2048.0M)]
 [Times: user=0.38 sys=0.00, real=0.09 secs] 
70.667: [GC pause (G1 Evacuation Pause) (young), 0.0791209 secs]
   [Parallel Time: 78.7 ms, GC Workers: 4]
      [GC Worker Start (ms): Min: 70667.0, Avg: 70667.0, Max: 70667.0, Diff: 0.0]
      [Ext Root Scanning (ms): Min: 0.2, Avg: 0.2, Max: 0.2, Diff: 0.0, Sum: 0.8]
      [Update RS (ms): Min: 21.3, Avg: 21.4, Max: 21.7, Diff: 0.4, Sum: 85.8]
         [Processed Buffers: Min: 32, Avg: 33.5, Max: 35, Diff: 3, Sum: 134]
      [Scan RS (ms): Min: 0.6, Avg: 0.8, Max: 1.0, Diff: 0.4, Sum: 3.1]
      [Code Root Scanning (ms): Min: 0.0, Avg: 0.0, Max: 0.0, Diff: 0.0, Sum: 0.0]
      [Object Copy (ms): Min: 56.1, Avg: 56.1, Max: 56.1, Diff: 0.0, Sum: 224.4]
      [Termination (ms): Min: 0.0, Avg: 0.0, Max: 0.0, Diff: 0.0, Sum: 0.0]
         [Termination Attempts: Min: 10, Avg: 17.8, Max: 27, Diff: 17, Sum: 71]
      [GC Worker Other (ms): Min: 0.0, Avg: 0.0, Max: 0.0, Diff: 0.0, Sum: 0.0]
      [GC Worker Total (ms): Min: 78.5, Avg: 78.5, Max: 78.5, Diff: 0.0, Sum: 314.2]
      [GC Worker End (ms): Min: 70745.6, Avg: 70745.6, Max: 70745.6, Diff: 0.0]
   [Code Root Fixup: 0.0 ms]
   [Code Root Purge: 0.0 ms]
   [Clear CT: 0.0 ms]
   [Other: 0.4 ms]
      [Choose CSet: 0.0 ms]
      [Ref Proc: 0.0 ms]
      [Ref Enq: 0.0 ms]
      [Redirty Cards: 0.1 ms]
      [Humongous Register: 0.0 ms]
      [Humongous Reclaim: 0.0 ms]
      [Free CSet: 0.1 ms]
   [Eden: 89.0M(89.0M)->0.0B(89.0M) Survivors: 13.0M->13.0M Heap: 1713.5M(2048.0M)->1658.8M(2048.0M)]
 [Times: user=0.31 sys=0.00, real=0.08 secs] 
70.825: [GC pause (G1 Evacuation Pause) (young), 0.0687540 secs]
   [Parallel Time: 68.4 ms, GC Workers: 4]
      [GC Worker Start (ms): Min: 70825.0, Avg: 70825.0, Max: 70825.0, Diff: 0.0]
      [Ext Root Scanning (ms): Min: 0.2, Avg: 0.2, Max: 0.2, Diff: 0.0, Sum: 0.8]
      [Update RS (ms): Min: 17.5, Avg: 17.6, Max: 17.8, Diff: 0.4, Sum: 70.4]
         [Processed Buffers: Min: 29, Avg: 30.3, Max: 31, Diff: 2, Sum: 121]
      [Scan RS (ms): Min: 0.0, Avg: 0.0, Max: 0.1, Diff: 0.1, Sum: 0.1]
      [Code Root Scanning (ms): Min: 0.0, Avg: 0.0, Max: 0.0, Diff: 0.0, Sum: 0.0]
      [Object Copy (ms): Min: 50.3, Avg: 50.5, Max: 50.6, Diff: 0.3, Sum: 202.2]
      [Termination (ms): Min: 0.0, Avg: 0.0, Max: 0.0, Diff: 0.0, Sum: 0.0]
         [Termination Attempts: Min: 10, Avg: 11.3, Max: 14, Diff: 4, Sum: 45]
      [GC Worker Other (ms): Min: 0.0, Avg: 0.0, Max: 0.0, Diff: 0.0, Sum: 0.0]
      [GC Worker Total (ms): Min: 68.4, Avg: 68.4, Max: 68.4, Diff: 0.0, Sum: 273.5]
      [GC Worker End (ms): Min: 70893.4, Avg: 70893.4, Max: 70893.4, Diff: 0.0]
   [Code Root Fixup: 0.0 ms]
   [Code Root Purge: 0.0 ms]
   [Clear CT: 0.0 ms]
   [Other: 0.3 ms]
      [Choose CSet: 0.0 ms]
      [Ref Proc: 0.0 ms]
      [Ref Enq: 0.0 ms]
      [Redirty Cards: 0.1 ms]
      [Humongous Register: 0.0 ms]
      [Humongous Reclaim: 0.0 ms]
      [Free CSet: 0.1 ms]
   [Eden: 89.0M(89.0M)->0.0B(89.0M) Survivors: 13.0M->13.0M Heap: 1747.8M(2048.0M)->1693.8M(2048.0M)]
 [Times: user=0.25 sys=0.00, real=0.07 secs] 
70.970: [GC pause (G1 Evacuation Pause) (young), 0.0825313 secs]
   [Parallel Time: 82.2 ms, GC Workers: 4]
      [GC Worker Start (ms): Min: 70970.3, Avg: 70970.4, Max: 70970.4, Diff: 0.0]
      [Ext Root Scanning (ms): Min: 0.2, Avg: 0.2, Max: 0.2, Diff: 0.0, Sum: 0.8]
      [Update RS (ms): Min: 26.8, Avg: 27.0, Max: 27.2, Diff: 0.3, Sum: 108.2]
         [Processed Buffers: Min: 45, Avg: 46.0, Max: 47, Diff: 2, Sum: 184]
      [Scan RS (ms): Min: 0.0, Avg: 0.0, Max: 0.0, Diff: 0.0, Sum: 0.0]
      [Code Root Scanning (ms): Min: 0.0, Avg: 0.0, Max: 0.0, Diff: 0.0, Sum: 0.0]
      [Object Copy (ms): Min: 54.8, Avg: 54.9, Max: 55.1, Diff: 0.3, Sum: 219.5]
      [Termination (ms): Min: 0.0, Avg: 0.0, Max: 0.0, Diff: 0.0, Sum: 0.0]
         [Termination Attempts: Min: 12, Avg: 18.0, Max: 25, Diff: 13, Sum: 72]
      [GC Worker Other (ms): Min: 0.0, Avg: 0.0, Max: 0.0, Diff: 0.0, Sum: 0.1]
      [GC Worker Total (ms): Min: 82.1, Avg: 82.2, Max: 82.2, Diff: 0.0, Sum: 328.7]
      [GC Worker End (ms): Min: 71052.5, Avg: 71052.5, Max: 71052.5, Diff: 0.0]
   [Code Root Fixup: 0.0 ms]
   [Code Root Purge: 0.0 ms]
   [Clear CT: 0.0 ms]
   [Other: 0.3 ms]
      [Choose CSet: 0.0 ms]
      [Ref Proc: 0.0 ms]
      [Ref Enq: 0.0 ms]
      [Redirty Cards: 0.1 ms]
      [Humongous Register: 0.0 ms]
      [Humongous Reclaim: 0.0 ms]
      [Free CSet: 0.1 ms]
   [Eden: 89.0M(89.0M)->0.0B(89.0M) Survivors: 13.0M->13.0M Heap: 1782.8M(2048.0M)->1724.3M(2048.0M)]
 [Times: user=0.31 sys=0.00, real=0.08 secs] 
71.131: [GC pause (G1 Evacuation Pause) (young) (to-space exhausted), 0.0829184 secs]
   [Parallel Time: 77.7 ms, GC Workers: 4]
      [GC Worker Start (ms): Min: 71130.6, Avg: 71130.6, Max: 71130.6, Diff: 0.0]
      [Ext Root Scanning (ms): Min: 0.2, Avg: 0.2, Max: 0.2, Diff: 0.0, Sum: 0.8]
      [Update RS (ms): Min: 17.2, Avg: 17.3, Max: 17.5, Diff: 0.2, Sum: 69.2]
         [Processed Buffers: Min: 29, Avg: 29.5, Max: 30, Diff: 1, Sum: 118]
      [Scan RS (ms): Min: 2.4, Avg: 2.6, Max: 2.7, Diff: 0.2, Sum: 10.3]
      [Code Root Scanning (ms): Min: 0.0, Avg: 0.0, Max: 0.0, Diff: 0.0, Sum: 0.0]
      [Object Copy (ms): Min: 57.6, Avg: 57.6, Max: 57.6, Diff: 0.0, Sum: 230.3]
      [Termination (ms): Min: 0.0, Avg: 0.0, Max: 0.0, Diff: 0.0, Sum: 0.0]
         [Termination Attempts: Min: 24, Avg: 28.0, Max: 33, Diff: 9, Sum: 112]
      [GC Worker Other (ms): Min: 0.0, Avg: 0.0, Max: 0.0, Diff: 0.0, Sum: 0.0]
      [GC Worker Total (ms): Min: 77.7, Avg: 77.7, Max: 77.7, Diff: 0.0, Sum: 310.7]
      [GC Worker End (ms): Min: 71208.3, Avg: 71208.3, Max: 71208.3, Diff: 0.0]
   [Code Root Fixup: 0.0 ms]
   [Code Root Purge: 0.0 ms]
   [Clear CT: 0.0 ms]
   [Other: 5.2 ms]
      [Evacuation Failure: 4.9 ms]
      [Choose CSet: 0.0 ms]
      [Ref Proc: 0.0 ms]
      [Ref Enq: 0.0 ms]
      [Redirty Cards: 0.1 ms]
      [Humongous Register: 0.0 ms]
      [Humongous Reclaim: 0.0 ms]
      [Free CSet: 0.1 ms]
   [Eden: 89.0M(89.0M)->0.0B(89.0M) Survivors: 13.0M->13.0M Heap: 1813.3M(2048.0M)->1783.9M(2048.0M)]
 [Times: user=0.27 sys=0.00, real=0.08 secs] 
71.268: [GC pause (G1 Evacuation Pause) (young) (to-space exhausted), 0.0925271 secs]
   [Parallel Time: 80.8 ms, GC Workers: 4]
      [GC Worker Start (ms): Min: 71268.0, Avg: 71268.0, Max: 71268.0, Diff: 0.0]
      [Ext Root Scanning (ms): Min: 0.2, Avg: 0.2, Max: 0.2, Diff: 0.0, Sum: 0.8]
      [Update RS (ms): Min: 0.0, Avg: 16.4, Max: 22.0, Diff: 22.0, Sum: 65.4]
         [Processed Buffers: Min: 0, Avg: 32.0, Max: 47, Diff: 47, Sum: 128]
      [Scan RS (ms): Min: 0.0, Avg: 0.5, Max: 0.8, Diff: 0.8, Sum: 2.1]
      [Code Root Scanning (ms): Min: 0.0, Avg: 0.0, Max: 0.0, Diff: 0.0, Sum: 0.0]
      [Object Copy (ms): Min: 54.2, Avg: 61.5, Max: 79.4, Diff: 25.2, Sum: 245.9]
      [Termination (ms): Min: 0.0, Avg: 2.2, Max: 3.9, Diff: 3.9, Sum: 8.9]
         [Termination Attempts: Min: 1, Avg: 112.5, Max: 210, Diff: 209, Sum: 450]
      [GC Worker Other (ms): Min: 0.0, Avg: 0.0, Max: 0.0, Diff: 0.0, Sum: 0.0]
      [GC Worker Total (ms): Min: 80.8, Avg: 80.8, Max: 80.8, Diff: 0.0, Sum: 323.2]
      [GC Worker End (ms): Min: 71348.8, Avg: 71348.8, Max: 71348.8, Diff: 0.0]
   [Code Root Fixup: 0.0 ms]
   [Code Root Purge: 0.0 ms]
   [Clear CT: 0.0 ms]
   [Other: 11.7 ms]
      [Evacuation Failure: 11.3 ms]
      [Choose CSet: 0.0 ms]
      [Ref Proc: 0.0 ms]
      [Ref Enq: 0.0 ms]
      [Redirty Cards: 0.1 ms]
      [Humongous Register: 0.0 ms]
      [Humongous Reclaim: 0.0 ms]
      [Free CSet: 0.1 ms]
   [Eden: 63.0M(89.0M)->0.0B(102.0M) Survivors: 13.0M->0.0B Heap: 1846.9M(2048.0M)->1841.9M(2048.0M)]
 [Times: user=0.23 sys=0.00, real=0.09 secs] 
71.377: [GC pause (G1 Evacuation Pause) (young) (to-space exhausted), 0.0288601 secs]
   [Parallel Time: 27.8 ms, GC Workers: 4]
      [GC Worker Start (ms): Min: 71377.4, Avg: 71377.4, Max: 71377.4, Diff: 0.0]
      [Ext Root Scanning (ms): Min: 0.2, Avg: 0.2, Max: 0.2, Diff: 0.0, Sum: 0.8]
      [Update RS (ms): Min: 24.2, Avg: 24.4, Max: 24.6, Diff: 0.4, Sum: 97.6]
         [Processed Buffers: Min: 55, Avg: 55.5, Max: 56, Diff: 1, Sum: 222]
      [Scan RS (ms): Min: 0.0, Avg: 0.0, Max: 0.0, Diff: 0.0, Sum: 0.0]
      [Code Root Scanning (ms): Min: 0.0, Avg: 0.0, Max: 0.0, Diff: 0.0, Sum: 0.0]
      [Object Copy (ms): Min: 1.6, Avg: 2.6, Max: 3.1, Diff: 1.4, Sum: 10.4]
      [Termination (ms): Min: 0.0, Avg: 0.6, Max: 1.6, Diff: 1.6, Sum: 2.4]
         [Termination Attempts: Min: 1, Avg: 1.0, Max: 1, Diff: 0, Sum: 4]
      [GC Worker Other (ms): Min: 0.0, Avg: 0.0, Max: 0.0, Diff: 0.0, Sum: 0.0]
      [GC Worker Total (ms): Min: 27.8, Avg: 27.8, Max: 27.8, Diff: 0.0, Sum: 111.2]
      [GC Worker End (ms): Min: 71405.2, Avg: 71405.2, Max: 71405.2, Diff: 0.0]
   [Code Root Fixup: 0.0 ms]
   [Code Root Purge: 0.0 ms]
   [Clear CT: 0.0 ms]
   [Other: 1.0 ms]
      [Evacuation Failure: 0.8 ms]
      [Choose CSet: 0.0 ms]
      [Ref Proc: 0.0 ms]
      [Ref Enq: 0.0 ms]
      [Redirty Cards: 0.0 ms]
      [Humongous Register: 0.0 ms]
      [Humongous Reclaim: 0.0 ms]
      [Free CSet: 0.0 ms]
   [Eden: 5120.0K(102.0M)->0.0B(102.0M) Survivors: 0.0B->0.0B Heap: 1846.9M(2048.0M)->1845.9M(2048.0M)]
 [Times: user=0.08 sys=0.00, real=0.03 secs] 
71.407: [GC pause (G1 Evacuation Pause) (young) (to-space exhausted), 0.0034682 secs]
   [Parallel Time: 2.6 ms, GC Workers: 4]
      [GC Worker Start (ms): Min: 71407.4, Avg: 71407.4, Max: 71407.4, Diff: 0.0]
      [Ext Root Scanning (ms): Min: 0.2, Avg: 0.2, Max: 0.2, Diff: 0.0, Sum: 0.8]
      [Update RS (ms): Min: 1.3, Avg: 1.5, Max: 1.6, Diff: 0.2, Sum: 5.8]
         [Processed Buffers: Min: 5, Avg: 6.0, Max: 7, Diff: 2, Sum: 24]
      [Scan RS (ms): Min: 0.0, Avg: 0.0, Max: 0.0, Diff: 0.0, Sum: 0.0]
      [Code Root Scanning (ms): Min: 0.0, Avg: 0.0, Max: 0.0, Diff: 0.0, Sum: 0.0]
      [Object Copy (ms): Min: 0.0, Avg: 0.5, Max: 1.0, Diff: 0.9, Sum: 2.1]
      [Termination (ms): Min: 0.0, Avg: 0.4, Max: 0.8, Diff: 0.8, Sum: 1.5]
         [Termination Attempts: Min: 1, Avg: 1.0, Max: 1, Diff: 0, Sum: 4]
      [GC Worker Other (ms): Min: 0.0, Avg: 0.0, Max: 0.0, Diff: 0.0, Sum: 0.0]
      [GC Worker Total (ms): Min: 2.6, Avg: 2.6, Max: 2.6, Diff: 0.0, Sum: 10.3]
      [GC Worker End (ms): Min: 71410.0, Avg: 71410.0, Max: 71410.0, Diff: 0.0]
   [Code Root Fixup: 0.0 ms]
   [Code Root Purge: 0.0 ms]
   [Clear CT: 0.0 ms]
   [Other: 0.8 ms]
      [Evacuation Failure: 0.7 ms]
      [Choose CSet: 0.0 ms]
      [Ref Proc: 0.0 ms]
      [Ref Enq: 0.0 ms]
      [Redirty Cards: 0.0 ms]
      [Humongous Register: 0.0 ms]
      [Humongous Reclaim: 0.0 ms]
      [Free CSet: 0.0 ms]
   [Eden: 1024.0K(102.0M)->0.0B(102.0M) Survivors: 0.0B->0.0B Heap: 1846.9M(2048.0M)->1846.9M(2048.0M)]
 [Times: user=0.00 sys=0.00, real=0.00 secs] 
71.411: [Full GC (Allocation Failure)  1846M->1204M(2048M), 1.6605304 secs]
   [Eden: 0.0B(102.0M)->0.0B(279.0M) Survivors: 0.0B->0.0B Heap: 1846.9M(2048.0M)->1204.8M(2048.0M)], [Metaspace: 9343K->9343K(1058816K)]
 [Times: user=3.25 sys=0.00, real=1.66 secs] 
73.072: [GC concurrent-mark-abort]
73.315: [GC pause (G1 Evacuation Pause) (young), 0.1171516 secs]
   [Parallel Time: 116.6 ms, GC Workers: 4]
      [GC Worker Start (ms): Min: 73315.0, Avg: 73315.1, Max: 73315.1, Diff: 0.1]
      [Ext Root Scanning (ms): Min: 0.2, Avg: 0.2, Max: 0.3, Diff: 0.1, Sum: 0.9]
      [Update RS (ms): Min: 0.0, Avg: 0.0, Max: 0.1, Diff: 0.1, Sum: 0.1]
         [Processed Buffers: Min: 0, Avg: 1.0, Max: 2, Diff: 2, Sum: 4]
      [Scan RS (ms): Min: 0.0, Avg: 0.0, Max: 0.1, Diff: 0.0, Sum: 0.1]
      [Code Root Scanning (ms): Min: 0.0, Avg: 0.0, Max: 0.0, Diff: 0.0, Sum: 0.0]
      [Object Copy (ms): Min: 116.2, Avg: 116.2, Max: 116.2, Diff: 0.0, Sum: 464.7]
      [Termination (ms): Min: 0.0, Avg: 0.0, Max: 0.0, Diff: 0.0, Sum: 0.0]
         [Termination Attempts: Min: 17, Avg: 22.3, Max: 25, Diff: 8, Sum: 89]
      [GC Worker Other (ms): Min: 0.0, Avg: 0.0, Max: 0.0, Diff: 0.0, Sum: 0.1]
      [GC Worker Total (ms): Min: 116.5, Avg: 116.5, Max: 116.5, Diff: 0.1, Sum: 466.0]
      [GC Worker End (ms): Min: 73431.6, Avg: 73431.6, Max: 73431.6, Diff: 0.0]
   [Code Root Fixup: 0.0 ms]
   [Code Root Purge: 0.0 ms]
   [Clear CT: 0.1 ms]
   [Other: 0.5 ms]
      [Choose CSet: 0.0 ms]
      [Ref Proc: 0.0 ms]
      [Ref Enq: 0.0 ms]
      [Redirty Cards: 0.1 ms]
      [Humongous Register: 0.0 ms]
      [Humongous Reclaim: 0.0 ms]
      [Free CSet: 0.2 ms]
   [Eden: 279.0M(279.0M)->0.0B(235.0M) Survivors: 0.0B->35.0M Heap: 1483.8M(2048.0M)->1307.6M(2048.0M)]
 [Times: user=0.42 sys=0.00, real=0.12 secs] 
73.637: [GC pause (G1 Evacuation Pause) (young) (initial-mark), 0.1841809 secs]
   [Parallel Time: 183.4 ms, GC Workers: 4]
      [GC Worker Start (ms): Min: 73637.1, Avg: 73637.2, Max: 73637.2, Diff: 0.1]
      [Ext Root Scanning (ms): Min: 0.3, Avg: 0.3, Max: 0.3, Diff: 0.1, Sum: 1.2]
      [Update RS (ms): Min: 22.3, Avg: 22.4, Max: 22.7, Diff: 0.4, Sum: 89.8]
         [Processed Buffers: Min: 30, Avg: 32.0, Max: 34, Diff: 4, Sum: 128]
      [Scan RS (ms): Min: 3.4, Avg: 3.6, Max: 3.8, Diff: 0.4, Sum: 14.5]
      [Code Root Scanning (ms): Min: 0.0, Avg: 0.0, Max: 0.0, Diff: 0.0, Sum: 0.0]
      [Object Copy (ms): Min: 156.9, Avg: 156.9, Max: 156.9, Diff: 0.0, Sum: 627.7]
      [Termination (ms): Min: 0.0, Avg: 0.0, Max: 0.0, Diff: 0.0, Sum: 0.0]
         [Termination Attempts: Min: 23, Avg: 27.0, Max: 31, Diff: 8, Sum: 108]
      [GC Worker Other (ms): Min: 0.0, Avg: 0.0, Max: 0.0, Diff: 0.0, Sum: 0.1]
      [GC Worker Total (ms): Min: 183.3, Avg: 183.3, Max: 183.3, Diff: 0.1, Sum: 733.2]
      [GC Worker End (ms): Min: 73820.5, Avg: 73820.5, Max: 73820.5, Diff: 0.0]
   [Code Root Fixup: 0.0 ms]
   [Code Root Purge: 0.0 ms]
   [Clear CT: 0.1 ms]
   [Other: 0.7 ms]
      [Choose CSet: 0.0 ms]
      [Ref Proc: 0.0 ms]
      [Ref Enq: 0.0 ms]
      [Redirty Cards: 0.2 ms]
      [Humongous Register: 0.0 ms]
      [Humongous Reclaim: 0.0 ms]
      [Free CSet: 0.2 ms]
   [Eden: 235.0M(235.0M)->0.0B(184.0M) Survivors: 35.0M->34.0M Heap: 1542.6M(2048.0M)->1392.2M(2048.0M)]
 [Times: user=0.70 sys=0.00, real=0.18 secs] 
73.821: [GC concurrent-root-region-scan-start]
73.875: [GC concurrent-root-region-scan-end, 0.0539637 secs]
73.875: [GC concurrent-mark-start]
74.042: [GC pause (G1 Evacuation Pause) (young), 0.1670188 secs]
   [Parallel Time: 166.4 ms, GC Workers: 4]
      [GC Worker Start (ms): Min: 74041.8, Avg: 74041.8, Max: 74041.9, Diff: 0.1]
      [Ext Root Scanning (ms): Min: 0.2, Avg: 0.2, Max: 0.2, Diff: 0.1, Sum: 0.8]
      [Update RS (ms): Min: 16.9, Avg: 17.1, Max: 17.3, Diff: 0.4, Sum: 68.5]
         [Processed Buffers: Min: 28, Avg: 29.0, Max: 32, Diff: 4, Sum: 116]
      [Scan RS (ms): Min: 3.3, Avg: 3.4, Max: 3.6, Diff: 0.4, Sum: 13.7]
      [Code Root Scanning (ms): Min: 0.0, Avg: 0.0, Max: 0.0, Diff: 0.0, Sum: 0.0]
      [Object Copy (ms): Min: 145.6, Avg: 145.6, Max: 145.6, Diff: 0.0, Sum: 582.3]
      [Termination (ms): Min: 0.0, Avg: 0.0, Max: 0.0, Diff: 0.0, Sum: 0.0]
         [Termination Attempts: Min: 11, Avg: 12.8, Max: 16, Diff: 5, Sum: 51]
      [GC Worker Other (ms): Min: 0.0, Avg: 0.0, Max: 0.0, Diff: 0.0, Sum: 0.1]
      [GC Worker Total (ms): Min: 166.3, Avg: 166.3, Max: 166.4, Diff: 0.1, Sum: 665.4]
      [GC Worker End (ms): Min: 74208.2, Avg: 74208.2, Max: 74208.2, Diff: 0.0]
   [Code Root Fixup: 0.0 ms]
   [Code Root Purge: 0.0 ms]
   [Clear CT: 0.1 ms]
   [Other: 0.5 ms]
      [Choose CSet: 0.0 ms]
      [Ref Proc: 0.0 ms]
      [Ref Enq: 0.0 ms]
      [Redirty Cards: 0.2 ms]
      [Humongous Register: 0.0 ms]
      [Humongous Reclaim: 0.0 ms]
      [Free CSet: 0.2 ms]
   [Eden: 184.0M(184.0M)->0.0B(134.0M) Survivors: 34.0M->28.0M Heap: 1576.2M(2048.0M)->1460.6M(2048.0M)]
 [Times: user=0.67 sys=0.00, real=0.17 secs] 
74.351: [GC pause (G1 Evacuation Pause) (young), 0.1085753 secs]
   [Parallel Time: 108.1 ms, GC Workers: 4]
      [GC Worker Start (ms): Min: 74350.7, Avg: 74350.7, Max: 74350.7, Diff: 0.0]
      [Ext Root Scanning (ms): Min: 0.2, Avg: 0.2, Max: 0.2, Diff: 0.0, Sum: 0.8]
      [Update RS (ms): Min: 17.8, Avg: 17.9, Max: 18.0, Diff: 0.2, Sum: 71.7]
         [Processed Buffers: Min: 30, Avg: 31.8, Max: 34, Diff: 4, Sum: 127]
      [Scan RS (ms): Min: 3.3, Avg: 3.4, Max: 3.5, Diff: 0.2, Sum: 13.7]
      [Code Root Scanning (ms): Min: 0.0, Avg: 0.0, Max: 0.0, Diff: 0.0, Sum: 0.0]
      [Object Copy (ms): Min: 86.4, Avg: 86.4, Max: 86.5, Diff: 0.0, Sum: 345.7]
      [Termination (ms): Min: 0.0, Avg: 0.0, Max: 0.0, Diff: 0.0, Sum: 0.0]
         [Termination Attempts: Min: 1, Avg: 6.5, Max: 9, Diff: 8, Sum: 26]
      [GC Worker Other (ms): Min: 0.0, Avg: 0.0, Max: 0.0, Diff: 0.0, Sum: 0.1]
      [GC Worker Total (ms): Min: 108.0, Avg: 108.0, Max: 108.0, Diff: 0.0, Sum: 432.0]
      [GC Worker End (ms): Min: 74458.7, Avg: 74458.7, Max: 74458.7, Diff: 0.0]
   [Code Root Fixup: 0.0 ms]
   [Code Root Purge: 0.0 ms]
   [Clear CT: 0.0 ms]
   [Other: 0.5 ms]
      [Choose CSet: 0.0 ms]
      [Ref Proc: 0.0 ms]
      [Ref Enq: 0.0 ms]
      [Redirty Cards: 0.1 ms]
      [Humongous Register: 0.0 ms]
      [Humongous Reclaim: 0.0 ms]
      [Free CSet: 0.1 ms]
   [Eden: 134.0M(134.0M)->0.0B(97.0M) Survivors: 28.0M->21.0M Heap: 1594.6M(2048.0M)->1509.7M(2048.0M)]
 [Times: user=0.44 sys=0.00, real=0.11 secs] 
74.558: [GC pause (G1 Evacuation Pause) (young), 0.0817933 secs]
   [Parallel Time: 81.3 ms, GC Workers: 4]
      [GC Worker Start (ms): Min: 74557.8, Avg: 74557.8, Max: 74557.8, Diff: 0.0]
      [Ext Root Scanning (ms): Min: 0.2, Avg: 0.2, Max: 0.2, Diff: 0.0, Sum: 0.8]
      [Update RS (ms): Min: 18.7, Avg: 18.8, Max: 19.0, Diff: 0.3, Sum: 75.3]
         [Processed Buffers: Min: 34, Avg: 34.5, Max: 35, Diff: 1, Sum: 138]
      [Scan RS (ms): Min: 4.0, Avg: 4.2, Max: 4.3, Diff: 0.3, Sum: 16.8]
      [Code Root Scanning (ms): Min: 0.0, Avg: 0.0, Max: 0.0, Diff: 0.0, Sum: 0.0]
      [Object Copy (ms): Min: 58.1, Avg: 58.1, Max: 58.1, Diff: 0.0, Sum: 232.3]
      [Termination (ms): Min: 0.0, Avg: 0.0, Max: 0.0, Diff: 0.0, Sum: 0.0]
         [Termination Attempts: Min: 14, Avg: 18.3, Max: 24, Diff: 10, Sum: 73]
      [GC Worker Other (ms): Min: 0.0, Avg: 0.0, Max: 0.0, Diff: 0.0, Sum: 0.1]
      [GC Worker Total (ms): Min: 81.3, Avg: 81.3, Max: 81.3, Diff: 0.0, Sum: 325.3]
      [GC Worker End (ms): Min: 74639.1, Avg: 74639.1, Max: 74639.1, Diff: 0.0]
   [Code Root Fixup: 0.0 ms]
   [Code Root Purge: 0.0 ms]
   [Clear CT: 0.0 ms]
   [Other: 0.4 ms]
      [Choose CSet: 0.0 ms]
      [Ref Proc: 0.0 ms]
      [Ref Enq: 0.0 ms]
      [Redirty Cards: 0.1 ms]
      [Humongous Register: 0.0 ms]
      [Humongous Reclaim: 0.0 ms]
      [Free CSet: 0.1 ms]
   [Eden: 97.0M(97.0M)->0.0B(87.0M) Survivors: 21.0M->15.0M Heap: 1606.7M(2048.0M)->1543.8M(2048.0M)]
 [Times: user=0.38 sys=0.00, real=0.08 secs] 
74.714: [GC pause (G1 Evacuation Pause) (young), 0.0804773 secs]
   [Parallel Time: 80.1 ms, GC Workers: 4]
      [GC Worker Start (ms): Min: 74714.1, Avg: 74714.1, Max: 74714.1, Diff: 0.0]
      [Ext Root Scanning (ms): Min: 0.2, Avg: 0.2, Max: 0.2, Diff: 0.0, Sum: 0.8]
      [Update RS (ms): Min: 21.9, Avg: 22.0, Max: 22.1, Diff: 0.2, Sum: 88.0]
         [Processed Buffers: Min: 33, Avg: 37.5, Max: 40, Diff: 7, Sum: 150]
      [Scan RS (ms): Min: 0.0, Avg: 0.0, Max: 0.0, Diff: 0.0, Sum: 0.1]
      [Code Root Scanning (ms): Min: 0.0, Avg: 0.0, Max: 0.0, Diff: 0.0, Sum: 0.0]
      [Object Copy (ms): Min: 57.8, Avg: 57.9, Max: 58.0, Diff: 0.2, Sum: 231.5]
      [Termination (ms): Min: 0.0, Avg: 0.0, Max: 0.0, Diff: 0.0, Sum: 0.0]
         [Termination Attempts: Min: 1, Avg: 3.5, Max: 6, Diff: 5, Sum: 14]
      [GC Worker Other (ms): Min: 0.0, Avg: 0.0, Max: 0.0, Diff: 0.0, Sum: 0.1]
      [GC Worker Total (ms): Min: 80.1, Avg: 80.1, Max: 80.1, Diff: 0.0, Sum: 320.4]
      [GC Worker End (ms): Min: 74794.2, Avg: 74794.2, Max: 74794.2, Diff: 0.0]
   [Code Root Fixup: 0.0 ms]
   [Code Root Purge: 0.0 ms]
   [Clear CT: 0.0 ms]
   [Other: 0.3 ms]
      [Choose CSet: 0.0 ms]
      [Ref Proc: 0.0 ms]
      [Ref Enq: 0.0 ms]
      [Redirty Cards: 0.1 ms]
      [Humongous Register: 0.0 ms]
      [Humongous Reclaim: 0.0 ms]
      [Free CSet: 0.1 ms]
   [Eden: 87.0M(87.0M)->0.0B(89.0M) Survivors: 15.0M->13.0M Heap: 1630.8M(2048.0M)->1577.2M(2048.0M)]
 [Times: user=0.38 sys=0.00, real=0.08 secs] 
74.871: [GC pause (G1 Evacuation Pause) (young), 0.0683155 secs]
   [Parallel Time: 67.9 ms, GC Workers: 4]
      [GC Worker Start (ms): Min: 74871.5, Avg: 74871.5, Max: 74871.5, Diff: 0.0]
      [Ext Root Scanning (ms): Min: 0.2, Avg: 0.2, Max: 0.2, Diff: 0.0, Sum: 0.8]
      [Update RS (ms): Min: 19.2, Avg: 19.3, Max: 19.4, Diff: 0.2, Sum: 77.3]
         [Processed Buffers: Min: 33, Avg: 33.5, Max: 35, Diff: 2, Sum: 134]
      [Scan RS (ms): Min: 0.0, Avg: 0.0, Max: 0.1, Diff: 0.1, Sum: 0.1]
      [Code Root Scanning (ms): Min: 0.0, Avg: 0.0, Max: 0.0, Diff: 0.0, Sum: 0.0]
      [Object Copy (ms): Min: 48.2, Avg: 48.3, Max: 48.4, Diff: 0.2, Sum: 193.4]
      [Termination (ms): Min: 0.0, Avg: 0.0, Max: 0.0, Diff: 0.0, Sum: 0.0]
         [Termination Attempts: Min: 4, Avg: 9.8, Max: 13, Diff: 9, Sum: 39]
      [GC Worker Other (ms): Min: 0.0, Avg: 0.0, Max: 0.0, Diff: 0.0, Sum: 0.0]
      [GC Worker Total (ms): Min: 67.9, Avg: 67.9, Max: 67.9, Diff: 0.0, Sum: 271.6]
      [GC Worker End (ms): Min: 74939.4, Avg: 74939.4, Max: 74939.4, Diff: 0.0]
   [Code Root Fixup: 0.0 ms]
   [Code Root Purge: 0.0 ms]
   [Clear CT: 0.0 ms]
   [Other: 0.4 ms]
      [Choose CSet: 0.0 ms]
      [Ref Proc: 0.0 ms]
      [Ref Enq: 0.0 ms]
      [Redirty Cards: 0.1 ms]
      [Humongous Register: 0.0 ms]
      [Humongous Reclaim: 0.0 ms]
      [Free CSet: 0.1 ms]
   [Eden: 89.0M(89.0M)->0.0B(89.0M) Survivors: 13.0M->13.0M Heap: 1666.2M(2048.0M)->1609.2M(2048.0M)]
 [Times: user=0.31 sys=0.00, real=0.07 secs] 
75.019: [GC pause (G1 Evacuation Pause) (young), 0.0988951 secs]
   [Parallel Time: 98.5 ms, GC Workers: 4]
      [GC Worker Start (ms): Min: 75019.6, Avg: 75019.6, Max: 75019.6, Diff: 0.0]
      [Ext Root Scanning (ms): Min: 0.2, Avg: 0.2, Max: 0.2, Diff: 0.0, Sum: 0.8]
      [Update RS (ms): Min: 23.2, Avg: 23.4, Max: 23.8, Diff: 0.6, Sum: 93.7]
         [Processed Buffers: Min: 35, Avg: 36.8, Max: 38, Diff: 3, Sum: 147]
      [Scan RS (ms): Min: 0.0, Avg: 0.0, Max: 0.0, Diff: 0.0, Sum: 0.1]
      [Code Root Scanning (ms): Min: 0.0, Avg: 0.0, Max: 0.0, Diff: 0.0, Sum: 0.0]
      [Object Copy (ms): Min: 74.4, Avg: 74.8, Max: 75.0, Diff: 0.6, Sum: 299.0]
      [Termination (ms): Min: 0.0, Avg: 0.1, Max: 0.1, Diff: 0.1, Sum: 0.3]
         [Termination Attempts: Min: 17, Avg: 661.5, Max: 978, Diff: 961, Sum: 2646]
      [GC Worker Other (ms): Min: 0.0, Avg: 0.0, Max: 0.0, Diff: 0.0, Sum: 0.0]
      [GC Worker Total (ms): Min: 98.5, Avg: 98.5, Max: 98.5, Diff: 0.0, Sum: 394.0]
      [GC Worker End (ms): Min: 75118.1, Avg: 75118.1, Max: 75118.1, Diff: 0.0]
   [Code Root Fixup: 0.0 ms]
   [Code Root Purge: 0.0 ms]
   [Clear CT: 0.0 ms]
   [Other: 0.3 ms]
      [Choose CSet: 0.0 ms]
      [Ref Proc: 0.0 ms]
      [Ref Enq: 0.0 ms]
      [Redirty Cards: 0.1 ms]
      [Humongous Register: 0.0 ms]
      [Humongous Reclaim: 0.0 ms]
      [Free CSet: 0.1 ms]
   [Eden: 89.0M(89.0M)->0.0B(89.0M) Survivors: 13.0M->13.0M Heap: 1698.2M(2048.0M)->1643.2M(2048.0M)]
 [Times: user=0.38 sys=0.00, real=0.10 secs] 
75.196: [GC pause (G1 Evacuation Pause) (young), 0.0721836 secs]
   [Parallel Time: 71.8 ms, GC Workers: 4]
      [GC Worker Start (ms): Min: 75195.7, Avg: 75195.7, Max: 75195.7, Diff: 0.0]
      [Ext Root Scanning (ms): Min: 0.2, Avg: 0.2, Max: 0.2, Diff: 0.0, Sum: 0.8]
      [Update RS (ms): Min: 22.1, Avg: 22.1, Max: 22.3, Diff: 0.2, Sum: 88.6]
         [Processed Buffers: Min: 31, Avg: 33.3, Max: 36, Diff: 5, Sum: 133]
      [Scan RS (ms): Min: 0.9, Avg: 1.0, Max: 1.1, Diff: 0.2, Sum: 4.0]
      [Code Root Scanning (ms): Min: 0.0, Avg: 0.0, Max: 0.0, Diff: 0.0, Sum: 0.0]
      [Object Copy (ms): Min: 48.4, Avg: 48.4, Max: 48.4, Diff: 0.0, Sum: 193.5]
      [Termination (ms): Min: 0.0, Avg: 0.0, Max: 0.0, Diff: 0.0, Sum: 0.1]
         [Termination Attempts: Min: 1, Avg: 182.3, Max: 262, Diff: 261, Sum: 729]
      [GC Worker Other (ms): Min: 0.0, Avg: 0.0, Max: 0.0, Diff: 0.0, Sum: 0.1]
      [GC Worker Total (ms): Min: 71.8, Avg: 71.8, Max: 71.8, Diff: 0.0, Sum: 287.1]
      [GC Worker End (ms): Min: 75267.5, Avg: 75267.5, Max: 75267.5, Diff: 0.0]
   [Code Root Fixup: 0.0 ms]
   [Code Root Purge: 0.0 ms]
   [Clear CT: 0.0 ms]
   [Other: 0.3 ms]
      [Choose CSet: 0.0 ms]
      [Ref Proc: 0.0 ms]
      [Ref Enq: 0.0 ms]
      [Redirty Cards: 0.1 ms]
      [Humongous Register: 0.0 ms]
      [Humongous Reclaim: 0.0 ms]
      [Free CSet: 0.1 ms]
   [Eden: 89.0M(89.0M)->0.0B(89.0M) Survivors: 13.0M->13.0M Heap: 1732.2M(2048.0M)->1677.3M(2048.0M)]
 [Times: user=0.31 sys=0.00, real=0.07 secs] 
75.350: [GC pause (G1 Evacuation Pause) (young), 0.0686359 secs]
   [Parallel Time: 68.3 ms, GC Workers: 4]
      [GC Worker Start (ms): Min: 75350.5, Avg: 75350.5, Max: 75350.5, Diff: 0.0]
      [Ext Root Scanning (ms): Min: 0.2, Avg: 0.2, Max: 0.2, Diff: 0.0, Sum: 0.9]
      [Update RS (ms): Min: 14.8, Avg: 14.9, Max: 15.0, Diff: 0.1, Sum: 59.5]
         [Processed Buffers: Min: 29, Avg: 29.8, Max: 31, Diff: 2, Sum: 119]
      [Scan RS (ms): Min: 0.1, Avg: 0.1, Max: 0.2, Diff: 0.1, Sum: 0.6]
      [Code Root Scanning (ms): Min: 0.0, Avg: 0.0, Max: 0.0, Diff: 0.0, Sum: 0.0]
      [Object Copy (ms): Min: 53.0, Avg: 53.0, Max: 53.0, Diff: 0.0, Sum: 212.0]
      [Termination (ms): Min: 0.0, Avg: 0.0, Max: 0.0, Diff: 0.0, Sum: 0.0]
         [Termination Attempts: Min: 27, Avg: 31.3, Max: 35, Diff: 8, Sum: 125]
      [GC Worker Other (ms): Min: 0.0, Avg: 0.0, Max: 0.0, Diff: 0.0, Sum: 0.0]
      [GC Worker Total (ms): Min: 68.2, Avg: 68.3, Max: 68.3, Diff: 0.0, Sum: 273.0]
      [GC Worker End (ms): Min: 75418.7, Avg: 75418.7, Max: 75418.7, Diff: 0.0]
   [Code Root Fixup: 0.0 ms]
   [Code Root Purge: 0.0 ms]
   [Clear CT: 0.0 ms]
   [Other: 0.3 ms]
      [Choose CSet: 0.0 ms]
      [Ref Proc: 0.0 ms]
      [Ref Enq: 0.0 ms]
      [Redirty Cards: 0.1 ms]
      [Humongous Register: 0.0 ms]
      [Humongous Reclaim: 0.0 ms]
      [Free CSet: 0.1 ms]
   [Eden: 89.0M(89.0M)->0.0B(89.0M) Survivors: 13.0M->13.0M Heap: 1766.3M(2048.0M)->1707.9M(2048.0M)]
 [Times: user=0.27 sys=0.00, real=0.07 secs] 
75.500: [GC pause (G1 Evacuation Pause) (young), 0.0615376 secs]
   [Parallel Time: 61.2 ms, GC Workers: 4]
      [GC Worker Start (ms): Min: 75500.1, Avg: 75500.2, Max: 75500.4, Diff: 0.3]
      [Ext Root Scanning (ms): Min: 0.0, Avg: 0.2, Max: 0.2, Diff: 0.2, Sum: 0.7]
      [Update RS (ms): Min: 23.3, Avg: 23.5, Max: 23.8, Diff: 0.5, Sum: 94.1]
         [Processed Buffers: Min: 43, Avg: 43.8, Max: 45, Diff: 2, Sum: 175]
      [Scan RS (ms): Min: 0.0, Avg: 0.0, Max: 0.0, Diff: 0.0, Sum: 0.1]
      [Code Root Scanning (ms): Min: 0.0, Avg: 0.0, Max: 0.0, Diff: 0.0, Sum: 0.0]
      [Object Copy (ms): Min: 37.1, Avg: 37.4, Max: 37.5, Diff: 0.5, Sum: 149.4]
      [Termination (ms): Min: 0.0, Avg: 0.0, Max: 0.0, Diff: 0.0, Sum: 0.0]
         [Termination Attempts: Min: 11, Avg: 15.3, Max: 17, Diff: 6, Sum: 61]
      [GC Worker Other (ms): Min: 0.0, Avg: 0.0, Max: 0.0, Diff: 0.0, Sum: 0.1]
      [GC Worker Total (ms): Min: 60.9, Avg: 61.1, Max: 61.2, Diff: 0.3, Sum: 244.4]
      [GC Worker End (ms): Min: 75561.3, Avg: 75561.3, Max: 75561.3, Diff: 0.0]
   [Code Root Fixup: 0.0 ms]
   [Code Root Purge: 0.0 ms]
   [Clear CT: 0.0 ms]
   [Other: 0.3 ms]
      [Choose CSet: 0.0 ms]
      [Ref Proc: 0.0 ms]
      [Ref Enq: 0.0 ms]
      [Redirty Cards: 0.1 ms]
      [Humongous Register: 0.0 ms]
      [Humongous Reclaim: 0.0 ms]
      [Free CSet: 0.1 ms]
   [Eden: 89.0M(89.0M)->0.0B(89.0M) Survivors: 13.0M->13.0M Heap: 1796.9M(2048.0M)->1741.5M(2048.0M)]
 [Times: user=0.25 sys=0.00, real=0.06 secs] 
75.641: [GC pause (G1 Evacuation Pause) (young) (to-space exhausted), 0.1087366 secs]
   [Parallel Time: 99.5 ms, GC Workers: 4]
      [GC Worker Start (ms): Min: 75641.5, Avg: 75641.5, Max: 75641.6, Diff: 0.0]
      [Ext Root Scanning (ms): Min: 0.2, Avg: 0.2, Max: 0.2, Diff: 0.0, Sum: 0.9]
      [Update RS (ms): Min: 19.7, Avg: 23.7, Max: 35.4, Diff: 15.7, Sum: 94.9]
         [Processed Buffers: Min: 16, Avg: 29.0, Max: 34, Diff: 18, Sum: 116]
      [Scan RS (ms): Min: 0.0, Avg: 0.4, Max: 0.7, Diff: 0.6, Sum: 1.6]
      [Code Root Scanning (ms): Min: 0.0, Avg: 0.0, Max: 0.0, Diff: 0.0, Sum: 0.0]
      [Object Copy (ms): Min: 63.8, Avg: 74.0, Max: 77.8, Diff: 14.0, Sum: 295.9]
      [Termination (ms): Min: 0.0, Avg: 1.1, Max: 1.8, Diff: 1.8, Sum: 4.6]
         [Termination Attempts: Min: 1, Avg: 1.0, Max: 1, Diff: 0, Sum: 4]
      [GC Worker Other (ms): Min: 0.0, Avg: 0.0, Max: 0.0, Diff: 0.0, Sum: 0.0]
      [GC Worker Total (ms): Min: 99.4, Avg: 99.5, Max: 99.5, Diff: 0.0, Sum: 397.9]
      [GC Worker End (ms): Min: 75741.0, Avg: 75741.0, Max: 75741.0, Diff: 0.0]
   [Code Root Fixup: 0.0 ms]
   [Code Root Purge: 0.0 ms]
   [Clear CT: 0.0 ms]
   [Other: 9.2 ms]
      [Evacuation Failure: 8.9 ms]
      [Choose CSet: 0.0 ms]
      [Ref Proc: 0.0 ms]
      [Ref Enq: 0.0 ms]
      [Redirty Cards: 0.1 ms]
      [Humongous Register: 0.0 ms]
      [Humongous Reclaim: 0.0 ms]
      [Free CSet: 0.1 ms]
   [Eden: 89.0M(89.0M)->0.0B(97.0M) Survivors: 13.0M->5120.0K Heap: 1830.5M(2048.0M)->1818.8M(2048.0M)]
 [Times: user=0.38 sys=0.00, real=0.11 secs] 
75.794: [GC pause (G1 Evacuation Pause) (young) (to-space exhausted), 0.0584156 secs]
   [Parallel Time: 53.4 ms, GC Workers: 4]
      [GC Worker Start (ms): Min: 75793.6, Avg: 75793.7, Max: 75793.7, Diff: 0.0]
      [Ext Root Scanning (ms): Min: 0.2, Avg: 0.2, Max: 0.2, Diff: 0.0, Sum: 0.9]
      [Update RS (ms): Min: 8.3, Avg: 13.6, Max: 18.8, Diff: 10.6, Sum: 54.2]
         [Processed Buffers: Min: 19, Avg: 32.0, Max: 44, Diff: 25, Sum: 128]
      [Scan RS (ms): Min: 4.3, Avg: 4.4, Max: 4.4, Diff: 0.1, Sum: 17.5]
      [Code Root Scanning (ms): Min: 0.0, Avg: 0.0, Max: 0.0, Diff: 0.0, Sum: 0.0]
      [Object Copy (ms): Min: 30.0, Avg: 35.2, Max: 40.5, Diff: 10.5, Sum: 140.9]
      [Termination (ms): Min: 0.0, Avg: 0.0, Max: 0.0, Diff: 0.0, Sum: 0.1]
         [Termination Attempts: Min: 1, Avg: 320.0, Max: 467, Diff: 466, Sum: 1280]
      [GC Worker Other (ms): Min: 0.0, Avg: 0.0, Max: 0.0, Diff: 0.0, Sum: 0.0]
      [GC Worker Total (ms): Min: 53.4, Avg: 53.4, Max: 53.4, Diff: 0.0, Sum: 213.6]
      [GC Worker End (ms): Min: 75847.1, Avg: 75847.1, Max: 75847.1, Diff: 0.0]
   [Code Root Fixup: 0.0 ms]
   [Code Root Purge: 0.0 ms]
   [Clear CT: 0.0 ms]
   [Other: 4.9 ms]
      [Evacuation Failure: 4.7 ms]
      [Choose CSet: 0.0 ms]
      [Ref Proc: 0.0 ms]
      [Ref Enq: 0.0 ms]
      [Redirty Cards: 0.1 ms]
      [Humongous Register: 0.0 ms]
      [Humongous Reclaim: 0.0 ms]
      [Free CSet: 0.0 ms]
   [Eden: 28.0M(97.0M)->0.0B(102.0M) Survivors: 5120.0K->0.0B Heap: 1846.8M(2048.0M)->1842.8M(2048.0M)]
 [Times: user=0.20 sys=0.05, real=0.06 secs] 
75.860: [GC pause (G1 Evacuation Pause) (young) (to-space exhausted), 0.0198961 secs]
   [Parallel Time: 18.8 ms, GC Workers: 4]
      [GC Worker Start (ms): Min: 75859.6, Avg: 75859.6, Max: 75859.6, Diff: 0.0]
      [Ext Root Scanning (ms): Min: 0.2, Avg: 0.2, Max: 0.2, Diff: 0.0, Sum: 0.8]
      [Update RS (ms): Min: 15.5, Avg: 15.9, Max: 16.1, Diff: 0.6, Sum: 63.4]
         [Processed Buffers: Min: 41, Avg: 55.0, Max: 87, Diff: 46, Sum: 220]
      [Scan RS (ms): Min: 0.0, Avg: 0.0, Max: 0.0, Diff: 0.0, Sum: 0.0]
      [Code Root Scanning (ms): Min: 0.0, Avg: 0.0, Max: 0.0, Diff: 0.0, Sum: 0.0]
      [Object Copy (ms): Min: 1.9, Avg: 2.2, Max: 2.6, Diff: 0.7, Sum: 8.9]
      [Termination (ms): Min: 0.0, Avg: 0.5, Max: 0.7, Diff: 0.7, Sum: 1.9]
         [Termination Attempts: Min: 1, Avg: 1.0, Max: 1, Diff: 0, Sum: 4]
      [GC Worker Other (ms): Min: 0.0, Avg: 0.0, Max: 0.0, Diff: 0.0, Sum: 0.0]
      [GC Worker Total (ms): Min: 18.8, Avg: 18.8, Max: 18.8, Diff: 0.0, Sum: 75.1]
      [GC Worker End (ms): Min: 75878.4, Avg: 75878.4, Max: 75878.4, Diff: 0.0]
   [Code Root Fixup: 0.0 ms]
   [Code Root Purge: 0.0 ms]
   [Clear CT: 0.0 ms]
   [Other: 1.1 ms]
      [Evacuation Failure: 0.9 ms]
      [Choose CSet: 0.0 ms]
      [Ref Proc: 0.0 ms]
      [Ref Enq: 0.0 ms]
      [Redirty Cards: 0.0 ms]
      [Humongous Register: 0.1 ms]
      [Humongous Reclaim: 0.0 ms]
      [Free CSet: 0.0 ms]
   [Eden: 4096.0K(102.0M)->0.0B(102.0M) Survivors: 0.0B->0.0B Heap: 1846.8M(2048.0M)->1846.8M(2048.0M)]
 [Times: user=0.06 sys=0.00, real=0.02 secs] 
75.880: [Full GC (Allocation Failure)  1846M->1193M(2048M), 1.6617489 secs]
   [Eden: 0.0B(102.0M)->0.0B(342.0M) Survivors: 0.0B->0.0B Heap: 1846.8M(2048.0M)->1193.3M(2048.0M)], [Metaspace: 9344K->9344K(1058816K)]
 [Times: user=3.28 sys=0.00, real=1.66 secs] 
77.541: [GC concurrent-mark-abort]
77.846: [GC pause (G1 Evacuation Pause) (young), 0.1445141 secs]
   [Parallel Time: 143.9 ms, GC Workers: 4]
      [GC Worker Start (ms): Min: 77846.0, Avg: 77846.0, Max: 77846.0, Diff: 0.0]
      [Ext Root Scanning (ms): Min: 0.2, Avg: 0.2, Max: 0.2, Diff: 0.0, Sum: 0.8]
      [Update RS (ms): Min: 0.0, Avg: 0.0, Max: 0.1, Diff: 0.1, Sum: 0.2]
         [Processed Buffers: Min: 0, Avg: 1.0, Max: 2, Diff: 2, Sum: 4]
      [Scan RS (ms): Min: 0.0, Avg: 0.0, Max: 0.1, Diff: 0.1, Sum: 0.2]
      [Code Root Scanning (ms): Min: 0.0, Avg: 0.0, Max: 0.0, Diff: 0.0, Sum: 0.0]
      [Object Copy (ms): Min: 143.5, Avg: 143.5, Max: 143.5, Diff: 0.1, Sum: 574.1]
      [Termination (ms): Min: 0.0, Avg: 0.0, Max: 0.0, Diff: 0.0, Sum: 0.0]
         [Termination Attempts: Min: 2, Avg: 3.3, Max: 5, Diff: 3, Sum: 13]
      [GC Worker Other (ms): Min: 0.0, Avg: 0.0, Max: 0.0, Diff: 0.0, Sum: 0.1]
      [GC Worker Total (ms): Min: 143.8, Avg: 143.8, Max: 143.8, Diff: 0.0, Sum: 575.3]
      [GC Worker End (ms): Min: 77989.8, Avg: 77989.8, Max: 77989.8, Diff: 0.0]
   [Code Root Fixup: 0.0 ms]
   [Code Root Purge: 0.0 ms]
   [Clear CT: 0.1 ms]
   [Other: 0.5 ms]
      [Choose CSet: 0.0 ms]
      [Ref Proc: 0.0 ms]
      [Ref Enq: 0.0 ms]
      [Redirty Cards: 0.1 ms]
      [Humongous Register: 0.0 ms]
      [Humongous Reclaim: 0.0 ms]
      [Free CSet: 0.2 ms]
   [Eden: 342.0M(342.0M)->0.0B(242.0M) Survivors: 0.0B->43.0M Heap: 1535.3M(2048.0M)->1319.5M(2048.0M)]
 [Times: user=0.56 sys=0.00, real=0.14 secs] 
78.143: [GC pause (G1 Evacuation Pause) (young) (initial-mark), 0.1636016 secs]
   [Parallel Time: 162.8 ms, GC Workers: 4]
      [GC Worker Start (ms): Min: 78143.1, Avg: 78143.1, Max: 78143.2, Diff: 0.1]
      [Ext Root Scanning (ms): Min: 0.3, Avg: 0.3, Max: 0.3, Diff: 0.0, Sum: 1.2]
      [Update RS (ms): Min: 19.7, Avg: 19.8, Max: 19.8, Diff: 0.1, Sum: 79.0]
         [Processed Buffers: Min: 31, Avg: 31.8, Max: 33, Diff: 2, Sum: 127]
      [Scan RS (ms): Min: 8.2, Avg: 8.2, Max: 8.2, Diff: 0.0, Sum: 32.7]
      [Code Root Scanning (ms): Min: 0.0, Avg: 0.0, Max: 0.0, Diff: 0.0, Sum: 0.0]
      [Object Copy (ms): Min: 134.4, Avg: 134.4, Max: 134.5, Diff: 0.1, Sum: 537.7]
      [Termination (ms): Min: 0.0, Avg: 0.0, Max: 0.0, Diff: 0.0, Sum: 0.0]
         [Termination Attempts: Min: 3, Avg: 3.5, Max: 4, Diff: 1, Sum: 14]
      [GC Worker Other (ms): Min: 0.0, Avg: 0.0, Max: 0.0, Diff: 0.0, Sum: 0.1]
      [GC Worker Total (ms): Min: 162.6, Avg: 162.7, Max: 162.7, Diff: 0.1, Sum: 650.7]
      [GC Worker End (ms): Min: 78305.8, Avg: 78305.8, Max: 78305.8, Diff: 0.0]
   [Code Root Fixup: 0.0 ms]
   [Code Root Purge: 0.0 ms]
   [Clear CT: 0.1 ms]
   [Other: 0.8 ms]
      [Choose CSet: 0.0 ms]
      [Ref Proc: 0.1 ms]
      [Ref Enq: 0.0 ms]
      [Redirty Cards: 0.2 ms]
      [Humongous Register: 0.0 ms]
      [Humongous Reclaim: 0.0 ms]
      [Free CSet: 0.3 ms]
   [Eden: 151.0M(59.0M)->0.0B(201.0M) Survivors: 43.0M->13.0M Heap: 1470.5M(2048.0M)->1372.6M(2048.0M)]
 [Times: user=0.63 sys=0.00, real=0.16 secs] 
78.307: [GC concurrent-root-region-scan-start]
78.337: [GC concurrent-root-region-scan-end, 0.0301488 secs]
78.337: [GC concurrent-mark-start]
78.515: [GC pause (G1 Evacuation Pause) (young), 0.1373084 secs]
   [Parallel Time: 136.7 ms, GC Workers: 4]
      [GC Worker Start (ms): Min: 78515.3, Avg: 78515.3, Max: 78515.4, Diff: 0.0]
      [Ext Root Scanning (ms): Min: 0.2, Avg: 0.2, Max: 0.2, Diff: 0.0, Sum: 0.8]
      [Update RS (ms): Min: 21.0, Avg: 21.1, Max: 21.2, Diff: 0.2, Sum: 84.3]
         [Processed Buffers: Min: 33, Avg: 34.8, Max: 37, Diff: 4, Sum: 139]
      [Scan RS (ms): Min: 6.3, Avg: 6.5, Max: 6.5, Diff: 0.2, Sum: 25.9]
      [Code Root Scanning (ms): Min: 0.0, Avg: 0.0, Max: 0.0, Diff: 0.0, Sum: 0.0]
      [Object Copy (ms): Min: 108.9, Avg: 108.9, Max: 108.9, Diff: 0.0, Sum: 435.5]
      [Termination (ms): Min: 0.0, Avg: 0.0, Max: 0.0, Diff: 0.0, Sum: 0.0]
         [Termination Attempts: Min: 11, Avg: 16.8, Max: 22, Diff: 11, Sum: 67]
      [GC Worker Other (ms): Min: 0.0, Avg: 0.0, Max: 0.0, Diff: 0.0, Sum: 0.1]
      [GC Worker Total (ms): Min: 136.6, Avg: 136.7, Max: 136.7, Diff: 0.0, Sum: 546.6]
      [GC Worker End (ms): Min: 78652.0, Avg: 78652.0, Max: 78652.0, Diff: 0.0]
   [Code Root Fixup: 0.0 ms]
   [Code Root Purge: 0.0 ms]
   [Clear CT: 0.1 ms]
   [Other: 0.5 ms]
      [Choose CSet: 0.0 ms]
      [Ref Proc: 0.0 ms]
      [Ref Enq: 0.0 ms]
      [Redirty Cards: 0.2 ms]
      [Humongous Register: 0.0 ms]
      [Humongous Reclaim: 0.0 ms]
      [Free CSet: 0.2 ms]
   [Eden: 201.0M(201.0M)->0.0B(148.0M) Survivors: 13.0M->27.0M Heap: 1573.6M(2048.0M)->1445.0M(2048.0M)]
 [Times: user=0.50 sys=0.00, real=0.14 secs] 
78.802: [GC pause (G1 Evacuation Pause) (young), 0.1581128 secs]
   [Parallel Time: 157.3 ms, GC Workers: 4]
      [GC Worker Start (ms): Min: 78802.4, Avg: 78802.5, Max: 78802.5, Diff: 0.0]
      [Ext Root Scanning (ms): Min: 0.2, Avg: 0.2, Max: 0.2, Diff: 0.0, Sum: 0.8]
      [Update RS (ms): Min: 24.6, Avg: 24.8, Max: 24.9, Diff: 0.3, Sum: 99.0]
         [Processed Buffers: Min: 42, Avg: 43.0, Max: 45, Diff: 3, Sum: 172]
      [Scan RS (ms): Min: 17.6, Avg: 17.6, Max: 17.8, Diff: 0.2, Sum: 70.6]
      [Code Root Scanning (ms): Min: 0.0, Avg: 0.0, Max: 0.0, Diff: 0.0, Sum: 0.0]
      [Object Copy (ms): Min: 114.6, Avg: 114.6, Max: 114.6, Diff: 0.0, Sum: 458.5]
      [Termination (ms): Min: 0.0, Avg: 0.0, Max: 0.0, Diff: 0.0, Sum: 0.0]
         [Termination Attempts: Min: 10, Avg: 14.8, Max: 21, Diff: 11, Sum: 59]
      [GC Worker Other (ms): Min: 0.0, Avg: 0.0, Max: 0.0, Diff: 0.0, Sum: 0.0]
      [GC Worker Total (ms): Min: 157.2, Avg: 157.2, Max: 157.3, Diff: 0.0, Sum: 629.0]
      [GC Worker End (ms): Min: 78959.7, Avg: 78959.7, Max: 78959.7, Diff: 0.0]
   [Code Root Fixup: 0.0 ms]
   [Code Root Purge: 0.0 ms]
   [Clear CT: 0.1 ms]
   [Other: 0.8 ms]
      [Choose CSet: 0.0 ms]
      [Ref Proc: 0.2 ms]
      [Ref Enq: 0.0 ms]
      [Redirty Cards: 0.2 ms]
      [Humongous Register: 0.0 ms]
      [Humongous Reclaim: 0.0 ms]
      [Free CSet: 0.2 ms]
   [Eden: 148.0M(148.0M)->0.0B(110.0M) Survivors: 27.0M->22.0M Heap: 1593.0M(2048.0M)->1497.3M(2048.0M)]
 [Times: user=0.63 sys=0.00, real=0.16 secs] 
79.071: [GC pause (G1 Evacuation Pause) (young), 0.1018905 secs]
   [Parallel Time: 101.4 ms, GC Workers: 4]
      [GC Worker Start (ms): Min: 79071.3, Avg: 79071.3, Max: 79071.3, Diff: 0.0]
      [Ext Root Scanning (ms): Min: 0.2, Avg: 0.2, Max: 0.2, Diff: 0.0, Sum: 0.8]
      [Update RS (ms): Min: 15.8, Avg: 15.9, Max: 16.0, Diff: 0.2, Sum: 63.6]
         [Processed Buffers: Min: 26, Avg: 27.8, Max: 29, Diff: 3, Sum: 111]
      [Scan RS (ms): Min: 4.2, Avg: 4.3, Max: 4.4, Diff: 0.2, Sum: 17.2]
      [Code Root Scanning (ms): Min: 0.0, Avg: 0.0, Max: 0.0, Diff: 0.0, Sum: 0.0]
      [Object Copy (ms): Min: 80.9, Avg: 80.9, Max: 81.0, Diff: 0.0, Sum: 323.8]
      [Termination (ms): Min: 0.0, Avg: 0.0, Max: 0.0, Diff: 0.0, Sum: 0.1]
         [Termination Attempts: Min: 14, Avg: 315.8, Max: 450, Diff: 436, Sum: 1263]
      [GC Worker Other (ms): Min: 0.0, Avg: 0.0, Max: 0.0, Diff: 0.0, Sum: 0.1]
      [GC Worker Total (ms): Min: 101.4, Avg: 101.4, Max: 101.4, Diff: 0.0, Sum: 405.6]
      [GC Worker End (ms): Min: 79172.7, Avg: 79172.7, Max: 79172.7, Diff: 0.0]
   [Code Root Fixup: 0.0 ms]
   [Code Root Purge: 0.0 ms]
   [Clear CT: 0.0 ms]
   [Other: 0.4 ms]
      [Choose CSet: 0.0 ms]
      [Ref Proc: 0.0 ms]
      [Ref Enq: 0.0 ms]
      [Redirty Cards: 0.1 ms]
      [Humongous Register: 0.0 ms]
      [Humongous Reclaim: 0.0 ms]
      [Free CSet: 0.1 ms]
   [Eden: 110.0M(110.0M)->0.0B(85.0M) Survivors: 22.0M->17.0M Heap: 1607.3M(2048.0M)->1540.8M(2048.0M)]
 [Times: user=0.44 sys=0.00, real=0.10 secs] 
79.253: [GC pause (G1 Evacuation Pause) (young), 0.0607833 secs]
   [Parallel Time: 60.4 ms, GC Workers: 4]
      [GC Worker Start (ms): Min: 79253.1, Avg: 79253.1, Max: 79253.1, Diff: 0.0]
      [Ext Root Scanning (ms): Min: 0.2, Avg: 0.2, Max: 0.2, Diff: 0.0, Sum: 0.9]
      [Update RS (ms): Min: 16.6, Avg: 16.8, Max: 17.4, Diff: 0.8, Sum: 67.3]
         [Processed Buffers: Min: 28, Avg: 30.0, Max: 33, Diff: 5, Sum: 120]
      [Scan RS (ms): Min: 2.8, Avg: 3.3, Max: 3.6, Diff: 0.8, Sum: 13.2]
      [Code Root Scanning (ms): Min: 0.0, Avg: 0.0, Max: 0.0, Diff: 0.0, Sum: 0.0]
      [Object Copy (ms): Min: 40.0, Avg: 40.0, Max: 40.0, Diff: 0.1, Sum: 160.0]
      [Termination (ms): Min: 0.0, Avg: 0.0, Max: 0.0, Diff: 0.0, Sum: 0.1]
         [Termination Attempts: Min: 26, Avg: 243.0, Max: 359, Diff: 333, Sum: 972]
      [GC Worker Other (ms): Min: 0.0, Avg: 0.0, Max: 0.0, Diff: 0.0, Sum: 0.0]
      [GC Worker Total (ms): Min: 60.4, Avg: 60.4, Max: 60.4, Diff: 0.0, Sum: 241.6]
      [GC Worker End (ms): Min: 79313.5, Avg: 79313.5, Max: 79313.5, Diff: 0.0]
   [Code Root Fixup: 0.0 ms]
   [Code Root Purge: 0.0 ms]
   [Clear CT: 0.0 ms]
   [Other: 0.3 ms]
      [Choose CSet: 0.0 ms]
      [Ref Proc: 0.0 ms]
      [Ref Enq: 0.0 ms]
      [Redirty Cards: 0.1 ms]
      [Humongous Register: 0.0 ms]
      [Humongous Reclaim: 0.0 ms]
      [Free CSet: 0.1 ms]
   [Eden: 85.0M(85.0M)->0.0B(89.0M) Survivors: 17.0M->13.0M Heap: 1625.8M(2048.0M)->1570.9M(2048.0M)]
 [Times: user=0.25 sys=0.00, real=0.06 secs] 
79.393: [GC pause (G1 Evacuation Pause) (young), 0.0673581 secs]
   [Parallel Time: 67.0 ms, GC Workers: 4]
      [GC Worker Start (ms): Min: 79393.1, Avg: 79393.1, Max: 79393.1, Diff: 0.0]
      [Ext Root Scanning (ms): Min: 0.2, Avg: 0.2, Max: 0.2, Diff: 0.0, Sum: 0.9]
      [Update RS (ms): Min: 17.0, Avg: 17.1, Max: 17.2, Diff: 0.2, Sum: 68.5]
         [Processed Buffers: Min: 32, Avg: 32.8, Max: 34, Diff: 2, Sum: 131]
      [Scan RS (ms): Min: 0.0, Avg: 0.0, Max: 0.0, Diff: 0.0, Sum: 0.1]
      [Code Root Scanning (ms): Min: 0.0, Avg: 0.0, Max: 0.0, Diff: 0.0, Sum: 0.0]
      [Object Copy (ms): Min: 49.5, Avg: 49.6, Max: 49.7, Diff: 0.2, Sum: 198.4]
      [Termination (ms): Min: 0.0, Avg: 0.0, Max: 0.0, Diff: 0.0, Sum: 0.0]
         [Termination Attempts: Min: 6, Avg: 8.0, Max: 11, Diff: 5, Sum: 32]
      [GC Worker Other (ms): Min: 0.0, Avg: 0.0, Max: 0.0, Diff: 0.0, Sum: 0.0]
      [GC Worker Total (ms): Min: 67.0, Avg: 67.0, Max: 67.0, Diff: 0.0, Sum: 267.9]
      [GC Worker End (ms): Min: 79460.0, Avg: 79460.0, Max: 79460.0, Diff: 0.0]
   [Code Root Fixup: 0.0 ms]
   [Code Root Purge: 0.0 ms]
   [Clear CT: 0.0 ms]
   [Other: 0.3 ms]
      [Choose CSet: 0.0 ms]
      [Ref Proc: 0.0 ms]
      [Ref Enq: 0.0 ms]
      [Redirty Cards: 0.1 ms]
      [Humongous Register: 0.0 ms]
      [Humongous Reclaim: 0.0 ms]
      [Free CSet: 0.1 ms]
   [Eden: 89.0M(89.0M)->0.0B(89.0M) Survivors: 13.0M->13.0M Heap: 1659.9M(2048.0M)->1605.1M(2048.0M)]
 [Times: user=0.25 sys=0.00, real=0.07 secs] 
79.538: [GC pause (G1 Evacuation Pause) (young), 0.0822705 secs]
   [Parallel Time: 81.8 ms, GC Workers: 4]
      [GC Worker Start (ms): Min: 79538.3, Avg: 79538.3, Max: 79538.3, Diff: 0.1]
      [Ext Root Scanning (ms): Min: 0.2, Avg: 0.2, Max: 0.2, Diff: 0.1, Sum: 0.9]
      [Update RS (ms): Min: 26.2, Avg: 26.3, Max: 26.4, Diff: 0.2, Sum: 105.1]
         [Processed Buffers: Min: 41, Avg: 46.0, Max: 48, Diff: 7, Sum: 184]
      [Scan RS (ms): Min: 0.0, Avg: 0.0, Max: 0.0, Diff: 0.0, Sum: 0.1]
      [Code Root Scanning (ms): Min: 0.0, Avg: 0.0, Max: 0.0, Diff: 0.0, Sum: 0.0]
      [Object Copy (ms): Min: 55.1, Avg: 55.2, Max: 55.3, Diff: 0.2, Sum: 220.8]
      [Termination (ms): Min: 0.0, Avg: 0.0, Max: 0.0, Diff: 0.0, Sum: 0.0]
         [Termination Attempts: Min: 13, Avg: 17.8, Max: 24, Diff: 11, Sum: 71]
      [GC Worker Other (ms): Min: 0.0, Avg: 0.0, Max: 0.0, Diff: 0.0, Sum: 0.1]
      [GC Worker Total (ms): Min: 81.7, Avg: 81.7, Max: 81.8, Diff: 0.1, Sum: 326.9]
      [GC Worker End (ms): Min: 79620.0, Avg: 79620.0, Max: 79620.0, Diff: 0.0]
   [Code Root Fixup: 0.0 ms]
   [Code Root Purge: 0.0 ms]
   [Clear CT: 0.2 ms]
   [Other: 0.3 ms]
      [Choose CSet: 0.0 ms]
      [Ref Proc: 0.0 ms]
      [Ref Enq: 0.0 ms]
      [Redirty Cards: 0.1 ms]
      [Humongous Register: 0.0 ms]
      [Humongous Reclaim: 0.0 ms]
      [Free CSet: 0.1 ms]
   [Eden: 89.0M(89.0M)->0.0B(89.0M) Survivors: 13.0M->13.0M Heap: 1694.1M(2048.0M)->1637.2M(2048.0M)]
 [Times: user=0.31 sys=0.00, real=0.08 secs] 
79.697: [GC pause (G1 Evacuation Pause) (young), 0.0841084 secs]
   [Parallel Time: 83.8 ms, GC Workers: 4]
      [GC Worker Start (ms): Min: 79697.3, Avg: 79697.3, Max: 79697.3, Diff: 0.0]
      [Ext Root Scanning (ms): Min: 0.2, Avg: 0.2, Max: 0.2, Diff: 0.0, Sum: 0.8]
      [Update RS (ms): Min: 26.4, Avg: 26.5, Max: 26.7, Diff: 0.3, Sum: 106.1]
         [Processed Buffers: Min: 44, Avg: 45.5, Max: 48, Diff: 4, Sum: 182]
      [Scan RS (ms): Min: 0.0, Avg: 0.0, Max: 0.0, Diff: 0.0, Sum: 0.1]
      [Code Root Scanning (ms): Min: 0.0, Avg: 0.0, Max: 0.0, Diff: 0.0, Sum: 0.0]
      [Object Copy (ms): Min: 56.8, Avg: 56.9, Max: 57.1, Diff: 0.3, Sum: 227.8]
      [Termination (ms): Min: 0.0, Avg: 0.0, Max: 0.0, Diff: 0.0, Sum: 0.1]
         [Termination Attempts: Min: 1, Avg: 3.8, Max: 6, Diff: 5, Sum: 15]
      [GC Worker Other (ms): Min: 0.0, Avg: 0.0, Max: 0.0, Diff: 0.0, Sum: 0.0]
      [GC Worker Total (ms): Min: 83.7, Avg: 83.7, Max: 83.7, Diff: 0.0, Sum: 334.9]
      [GC Worker End (ms): Min: 79781.0, Avg: 79781.0, Max: 79781.0, Diff: 0.0]
   [Code Root Fixup: 0.0 ms]
   [Code Root Purge: 0.0 ms]
   [Clear CT: 0.0 ms]
   [Other: 0.3 ms]
      [Choose CSet: 0.0 ms]
      [Ref Proc: 0.0 ms]
      [Ref Enq: 0.0 ms]
      [Redirty Cards: 0.1 ms]
      [Humongous Register: 0.0 ms]
      [Humongous Reclaim: 0.0 ms]
      [Free CSet: 0.1 ms]
   [Eden: 89.0M(89.0M)->0.0B(89.0M) Survivors: 13.0M->13.0M Heap: 1726.2M(2048.0M)->1671.7M(2048.0M)]
 [Times: user=0.38 sys=0.00, real=0.09 secs] 
79.859: [GC pause (G1 Evacuation Pause) (young), 0.0682671 secs]
   [Parallel Time: 67.8 ms, GC Workers: 4]
      [GC Worker Start (ms): Min: 79859.0, Avg: 79859.0, Max: 79859.0, Diff: 0.0]
      [Ext Root Scanning (ms): Min: 0.2, Avg: 0.2, Max: 0.2, Diff: 0.0, Sum: 0.8]
      [Update RS (ms): Min: 27.3, Avg: 27.4, Max: 27.7, Diff: 0.5, Sum: 109.6]
         [Processed Buffers: Min: 50, Avg: 50.3, Max: 51, Diff: 1, Sum: 201]
      [Scan RS (ms): Min: 0.0, Avg: 0.0, Max: 0.1, Diff: 0.1, Sum: 0.1]
      [Code Root Scanning (ms): Min: 0.0, Avg: 0.0, Max: 0.0, Diff: 0.0, Sum: 0.0]
      [Object Copy (ms): Min: 39.8, Avg: 40.1, Max: 40.2, Diff: 0.4, Sum: 160.5]
      [Termination (ms): Min: 0.0, Avg: 0.0, Max: 0.0, Diff: 0.0, Sum: 0.0]
         [Termination Attempts: Min: 12, Avg: 16.3, Max: 26, Diff: 14, Sum: 65]
      [GC Worker Other (ms): Min: 0.0, Avg: 0.0, Max: 0.0, Diff: 0.0, Sum: 0.0]
      [GC Worker Total (ms): Min: 67.8, Avg: 67.8, Max: 67.8, Diff: 0.0, Sum: 271.2]
      [GC Worker End (ms): Min: 79926.8, Avg: 79926.8, Max: 79926.8, Diff: 0.0]
   [Code Root Fixup: 0.0 ms]
   [Code Root Purge: 0.0 ms]
   [Clear CT: 0.0 ms]
   [Other: 0.4 ms]
      [Choose CSet: 0.0 ms]
      [Ref Proc: 0.1 ms]
      [Ref Enq: 0.0 ms]
      [Redirty Cards: 0.1 ms]
      [Humongous Register: 0.0 ms]
      [Humongous Reclaim: 0.0 ms]
      [Free CSet: 0.1 ms]
   [Eden: 89.0M(89.0M)->0.0B(89.0M) Survivors: 13.0M->13.0M Heap: 1760.7M(2048.0M)->1704.1M(2048.0M)]
 [Times: user=0.25 sys=0.00, real=0.07 secs] 
80.012: [GC pause (G1 Evacuation Pause) (young), 0.0831580 secs]
   [Parallel Time: 82.8 ms, GC Workers: 4]
      [GC Worker Start (ms): Min: 80011.7, Avg: 80011.7, Max: 80011.7, Diff: 0.0]
      [Ext Root Scanning (ms): Min: 0.2, Avg: 0.2, Max: 0.2, Diff: 0.0, Sum: 0.8]
      [Update RS (ms): Min: 14.9, Avg: 15.0, Max: 15.1, Diff: 0.2, Sum: 60.1]
         [Processed Buffers: Min: 25, Avg: 26.3, Max: 27, Diff: 2, Sum: 105]
      [Scan RS (ms): Min: 1.2, Avg: 1.3, Max: 1.4, Diff: 0.2, Sum: 5.1]
      [Code Root Scanning (ms): Min: 0.0, Avg: 0.0, Max: 0.0, Diff: 0.0, Sum: 0.0]
      [Object Copy (ms): Min: 66.2, Avg: 66.2, Max: 66.2, Diff: 0.0, Sum: 264.8]
      [Termination (ms): Min: 0.0, Avg: 0.0, Max: 0.0, Diff: 0.0, Sum: 0.0]
         [Termination Attempts: Min: 12, Avg: 14.5, Max: 21, Diff: 9, Sum: 58]
      [GC Worker Other (ms): Min: 0.0, Avg: 0.0, Max: 0.0, Diff: 0.0, Sum: 0.0]
      [GC Worker Total (ms): Min: 82.7, Avg: 82.7, Max: 82.7, Diff: 0.0, Sum: 330.9]
      [GC Worker End (ms): Min: 80094.5, Avg: 80094.5, Max: 80094.5, Diff: 0.0]
   [Code Root Fixup: 0.0 ms]
   [Code Root Purge: 0.0 ms]
   [Clear CT: 0.0 ms]
   [Other: 0.4 ms]
      [Choose CSet: 0.0 ms]
      [Ref Proc: 0.0 ms]
      [Ref Enq: 0.0 ms]
      [Redirty Cards: 0.1 ms]
      [Humongous Register: 0.0 ms]
      [Humongous Reclaim: 0.0 ms]
      [Free CSet: 0.1 ms]
   [Eden: 89.0M(89.0M)->0.0B(89.0M) Survivors: 13.0M->13.0M Heap: 1793.1M(2048.0M)->1737.7M(2048.0M)]
 [Times: user=0.38 sys=0.00, real=0.08 secs] 
80.172: [GC pause (G1 Evacuation Pause) (young) (to-space exhausted), 0.0849439 secs]
   [Parallel Time: 78.8 ms, GC Workers: 4]
      [GC Worker Start (ms): Min: 80172.1, Avg: 80172.1, Max: 80172.2, Diff: 0.0]
      [Ext Root Scanning (ms): Min: 0.2, Avg: 0.2, Max: 0.2, Diff: 0.0, Sum: 0.8]
      [Update RS (ms): Min: 18.1, Avg: 18.2, Max: 18.5, Diff: 0.4, Sum: 72.9]
         [Processed Buffers: Min: 27, Avg: 28.5, Max: 30, Diff: 3, Sum: 114]
      [Scan RS (ms): Min: 2.0, Avg: 2.2, Max: 2.3, Diff: 0.3, Sum: 8.7]
      [Code Root Scanning (ms): Min: 0.0, Avg: 0.0, Max: 0.0, Diff: 0.0, Sum: 0.0]
      [Object Copy (ms): Min: 56.6, Avg: 57.2, Max: 58.0, Diff: 1.5, Sum: 228.9]
      [Termination (ms): Min: 0.0, Avg: 0.9, Max: 1.6, Diff: 1.6, Sum: 3.7]
         [Termination Attempts: Min: 1, Avg: 29.0, Max: 44, Diff: 43, Sum: 116]
      [GC Worker Other (ms): Min: 0.0, Avg: 0.0, Max: 0.0, Diff: 0.0, Sum: 0.0]
      [GC Worker Total (ms): Min: 78.8, Avg: 78.8, Max: 78.8, Diff: 0.0, Sum: 315.1]
      [GC Worker End (ms): Min: 80250.9, Avg: 80250.9, Max: 80250.9, Diff: 0.0]
   [Code Root Fixup: 0.0 ms]
   [Code Root Purge: 0.0 ms]
   [Clear CT: 0.0 ms]
   [Other: 6.1 ms]
      [Evacuation Failure: 5.8 ms]
      [Choose CSet: 0.0 ms]
      [Ref Proc: 0.0 ms]
      [Ref Enq: 0.0 ms]
      [Redirty Cards: 0.1 ms]
      [Humongous Register: 0.0 ms]
      [Humongous Reclaim: 0.0 ms]
      [Free CSet: 0.1 ms]
   [Eden: 89.0M(89.0M)->0.0B(90.0M) Survivors: 13.0M->12.0M Heap: 1826.7M(2048.0M)->1803.3M(2048.0M)]
 [Times: user=0.27 sys=0.00, real=0.09 secs] 
80.312: [GC pause (G1 Evacuation Pause) (young) (to-space exhausted), 0.0955475 secs]
   [Parallel Time: 84.6 ms, GC Workers: 4]
      [GC Worker Start (ms): Min: 80311.9, Avg: 80311.9, Max: 80311.9, Diff: 0.0]
      [Ext Root Scanning (ms): Min: 0.2, Avg: 0.2, Max: 0.2, Diff: 0.0, Sum: 0.8]
      [Update RS (ms): Min: 0.0, Avg: 13.8, Max: 18.5, Diff: 18.5, Sum: 55.3]
         [Processed Buffers: Min: 0, Avg: 31.3, Max: 43, Diff: 43, Sum: 125]
      [Scan RS (ms): Min: 0.0, Avg: 0.9, Max: 1.3, Diff: 1.3, Sum: 3.6]
      [Code Root Scanning (ms): Min: 0.0, Avg: 0.0, Max: 0.0, Diff: 0.0, Sum: 0.0]
      [Object Copy (ms): Min: 64.7, Avg: 69.7, Max: 84.4, Diff: 19.6, Sum: 278.6]
      [Termination (ms): Min: 0.0, Avg: 0.0, Max: 0.0, Diff: 0.0, Sum: 0.0]
         [Termination Attempts: Min: 1, Avg: 21.0, Max: 35, Diff: 34, Sum: 84]
      [GC Worker Other (ms): Min: 0.0, Avg: 0.0, Max: 0.0, Diff: 0.0, Sum: 0.0]
      [GC Worker Total (ms): Min: 84.6, Avg: 84.6, Max: 84.6, Diff: 0.0, Sum: 338.3]
      [GC Worker End (ms): Min: 80396.5, Avg: 80396.5, Max: 80396.5, Diff: 0.0]
   [Code Root Fixup: 0.0 ms]
   [Code Root Purge: 0.0 ms]
   [Clear CT: 0.0 ms]
   [Other: 10.9 ms]
      [Evacuation Failure: 10.6 ms]
      [Choose CSet: 0.0 ms]
      [Ref Proc: 0.1 ms]
      [Ref Enq: 0.0 ms]
      [Redirty Cards: 0.1 ms]
      [Humongous Register: 0.0 ms]
      [Humongous Reclaim: 0.0 ms]
      [Free CSet: 0.1 ms]
   [Eden: 48.0M(90.0M)->0.0B(102.0M) Survivors: 12.0M->0.0B Heap: 1851.3M(2048.0M)->1845.3M(2048.0M)]
 [Times: user=0.20 sys=0.02, real=0.10 secs] 
80.425: [GC pause (G1 Evacuation Pause) (young) (to-space exhausted), 0.0246581 secs]
   [Parallel Time: 23.5 ms, GC Workers: 4]
      [GC Worker Start (ms): Min: 80425.4, Avg: 80425.4, Max: 80425.5, Diff: 0.0]
      [Ext Root Scanning (ms): Min: 0.2, Avg: 0.2, Max: 0.2, Diff: 0.0, Sum: 0.8]
      [Update RS (ms): Min: 19.1, Avg: 19.5, Max: 19.6, Diff: 0.5, Sum: 77.9]
         [Processed Buffers: Min: 42, Avg: 45.3, Max: 48, Diff: 6, Sum: 181]
      [Scan RS (ms): Min: 0.0, Avg: 0.0, Max: 0.0, Diff: 0.0, Sum: 0.0]
      [Code Root Scanning (ms): Min: 0.0, Avg: 0.0, Max: 0.0, Diff: 0.0, Sum: 0.0]
      [Object Copy (ms): Min: 2.1, Avg: 3.1, Max: 4.1, Diff: 2.0, Sum: 12.4]
      [Termination (ms): Min: 0.0, Avg: 0.7, Max: 1.5, Diff: 1.5, Sum: 2.6]
         [Termination Attempts: Min: 1, Avg: 1.0, Max: 1, Diff: 0, Sum: 4]
      [GC Worker Other (ms): Min: 0.0, Avg: 0.0, Max: 0.0, Diff: 0.0, Sum: 0.0]
      [GC Worker Total (ms): Min: 23.4, Avg: 23.5, Max: 23.5, Diff: 0.0, Sum: 93.8]
      [GC Worker End (ms): Min: 80448.9, Avg: 80448.9, Max: 80448.9, Diff: 0.0]
   [Code Root Fixup: 0.0 ms]
   [Code Root Purge: 0.0 ms]
   [Clear CT: 0.0 ms]
   [Other: 1.1 ms]
      [Evacuation Failure: 1.0 ms]
      [Choose CSet: 0.0 ms]
      [Ref Proc: 0.0 ms]
      [Ref Enq: 0.0 ms]
      [Redirty Cards: 0.0 ms]
      [Humongous Register: 0.0 ms]
      [Humongous Reclaim: 0.0 ms]
      [Free CSet: 0.0 ms]
   [Eden: 6144.0K(102.0M)->0.0B(102.0M) Survivors: 0.0B->0.0B Heap: 1851.3M(2048.0M)->1851.3M(2048.0M)]
 [Times: user=0.08 sys=0.00, real=0.03 secs] 
80.450: [Full GC (Allocation Failure)  1851M->1197M(2048M), 1.6608906 secs]
   [Eden: 0.0B(102.0M)->0.0B(330.0M) Survivors: 0.0B->0.0B Heap: 1851.3M(2048.0M)->1197.4M(2048.0M)], [Metaspace: 9345K->9345K(1058816K)]
 [Times: user=3.30 sys=0.00, real=1.66 secs] 
82.111: [GC concurrent-mark-abort]
82.392: [GC pause (G1 Evacuation Pause) (young), 0.1458927 secs]
   [Parallel Time: 145.2 ms, GC Workers: 4]
      [GC Worker Start (ms): Min: 82391.8, Avg: 82391.8, Max: 82391.8, Diff: 0.0]
      [Ext Root Scanning (ms): Min: 0.2, Avg: 0.2, Max: 0.2, Diff: 0.0, Sum: 0.8]
      [Update RS (ms): Min: 0.0, Avg: 0.0, Max: 0.1, Diff: 0.1, Sum: 0.1]
         [Processed Buffers: Min: 0, Avg: 1.0, Max: 2, Diff: 2, Sum: 4]
      [Scan RS (ms): Min: 0.0, Avg: 0.0, Max: 0.1, Diff: 0.1, Sum: 0.2]
      [Code Root Scanning (ms): Min: 0.0, Avg: 0.0, Max: 0.0, Diff: 0.0, Sum: 0.0]
      [Object Copy (ms): Min: 144.9, Avg: 144.9, Max: 144.9, Diff: 0.0, Sum: 579.5]
      [Termination (ms): Min: 0.0, Avg: 0.0, Max: 0.0, Diff: 0.0, Sum: 0.0]
         [Termination Attempts: Min: 10, Avg: 16.8, Max: 20, Diff: 10, Sum: 67]
      [GC Worker Other (ms): Min: 0.0, Avg: 0.0, Max: 0.0, Diff: 0.0, Sum: 0.1]
      [GC Worker Total (ms): Min: 145.2, Avg: 145.2, Max: 145.2, Diff: 0.0, Sum: 580.7]
      [GC Worker End (ms): Min: 82537.0, Avg: 82537.0, Max: 82537.0, Diff: 0.0]
   [Code Root Fixup: 0.0 ms]
   [Code Root Purge: 0.0 ms]
   [Clear CT: 0.1 ms]
   [Other: 0.6 ms]
      [Choose CSet: 0.0 ms]
      [Ref Proc: 0.0 ms]
      [Ref Enq: 0.0 ms]
      [Redirty Cards: 0.1 ms]
      [Humongous Register: 0.0 ms]
      [Humongous Reclaim: 0.0 ms]
      [Free CSet: 0.2 ms]
   [Eden: 330.0M(330.0M)->0.0B(238.0M) Survivors: 0.0B->42.0M Heap: 1527.4M(2048.0M)->1319.8M(2048.0M)]
 [Times: user=0.56 sys=0.00, real=0.15 secs] 
82.755: [GC pause (G1 Evacuation Pause) (young) (initial-mark), 0.1984294 secs]
   [Parallel Time: 197.6 ms, GC Workers: 4]
      [GC Worker Start (ms): Min: 82755.3, Avg: 82755.3, Max: 82755.4, Diff: 0.0]
      [Ext Root Scanning (ms): Min: 0.2, Avg: 0.3, Max: 0.3, Diff: 0.0, Sum: 1.1]
      [Update RS (ms): Min: 23.1, Avg: 23.2, Max: 23.4, Diff: 0.3, Sum: 93.0]
         [Processed Buffers: Min: 38, Avg: 38.0, Max: 38, Diff: 0, Sum: 152]
      [Scan RS (ms): Min: 10.8, Avg: 11.0, Max: 11.1, Diff: 0.3, Sum: 43.8]
      [Code Root Scanning (ms): Min: 0.0, Avg: 0.0, Max: 0.0, Diff: 0.0, Sum: 0.0]
      [Object Copy (ms): Min: 163.0, Avg: 163.0, Max: 163.1, Diff: 0.0, Sum: 652.2]
      [Termination (ms): Min: 0.0, Avg: 0.0, Max: 0.0, Diff: 0.0, Sum: 0.0]
         [Termination Attempts: Min: 12, Avg: 24.0, Max: 36, Diff: 24, Sum: 96]
      [GC Worker Other (ms): Min: 0.0, Avg: 0.0, Max: 0.0, Diff: 0.0, Sum: 0.1]
      [GC Worker Total (ms): Min: 197.5, Avg: 197.5, Max: 197.6, Diff: 0.0, Sum: 790.1]
      [GC Worker End (ms): Min: 82952.9, Avg: 82952.9, Max: 82952.9, Diff: 0.0]
   [Code Root Fixup: 0.0 ms]
   [Code Root Purge: 0.0 ms]
   [Clear CT: 0.1 ms]
   [Other: 0.7 ms]
      [Choose CSet: 0.0 ms]
      [Ref Proc: 0.0 ms]
      [Ref Enq: 0.0 ms]
      [Redirty Cards: 0.2 ms]
      [Humongous Register: 0.0 ms]
      [Humongous Reclaim: 0.0 ms]
      [Free CSet: 0.3 ms]
   [Eden: 238.0M(238.0M)->0.0B(67.0M) Survivors: 42.0M->35.0M Heap: 1557.8M(2048.0M)->1404.7M(2048.0M)]
 [Times: user=0.81 sys=0.00, real=0.20 secs] 
82.954: [GC concurrent-root-region-scan-start]
83.009: [GC concurrent-root-region-scan-end, 0.0549574 secs]
83.009: [GC concurrent-mark-start]
83.054: [GC pause (G1 Evacuation Pause) (young), 0.1260575 secs]
   [Parallel Time: 125.6 ms, GC Workers: 4]
      [GC Worker Start (ms): Min: 83053.7, Avg: 83053.8, Max: 83053.8, Diff: 0.0]
      [Ext Root Scanning (ms): Min: 0.2, Avg: 0.2, Max: 0.2, Diff: 0.0, Sum: 0.8]
      [Update RS (ms): Min: 36.9, Avg: 37.0, Max: 37.3, Diff: 0.4, Sum: 148.1]
         [Processed Buffers: Min: 59, Avg: 60.8, Max: 64, Diff: 5, Sum: 243]
      [Scan RS (ms): Min: 2.9, Avg: 3.1, Max: 3.3, Diff: 0.4, Sum: 12.4]
      [Code Root Scanning (ms): Min: 0.0, Avg: 0.0, Max: 0.0, Diff: 0.0, Sum: 0.0]
      [Object Copy (ms): Min: 85.2, Avg: 85.2, Max: 85.2, Diff: 0.1, Sum: 340.8]
      [Termination (ms): Min: 0.0, Avg: 0.0, Max: 0.1, Diff: 0.1, Sum: 0.1]
         [Termination Attempts: Min: 9, Avg: 390.8, Max: 554, Diff: 545, Sum: 1563]
      [GC Worker Other (ms): Min: 0.0, Avg: 0.0, Max: 0.0, Diff: 0.0, Sum: 0.1]
      [GC Worker Total (ms): Min: 125.6, Avg: 125.6, Max: 125.6, Diff: 0.0, Sum: 502.3]
      [GC Worker End (ms): Min: 83179.3, Avg: 83179.3, Max: 83179.3, Diff: 0.0]
   [Code Root Fixup: 0.0 ms]
   [Code Root Purge: 0.0 ms]
   [Clear CT: 0.0 ms]
   [Other: 0.4 ms]
      [Choose CSet: 0.0 ms]
      [Ref Proc: 0.0 ms]
      [Ref Enq: 0.0 ms]
      [Redirty Cards: 0.1 ms]
      [Humongous Register: 0.0 ms]
      [Humongous Reclaim: 0.0 ms]
      [Free CSet: 0.1 ms]
   [Eden: 67.0M(67.0M)->0.0B(102.0M) Survivors: 35.0M->13.0M Heap: 1471.7M(2048.0M)->1432.2M(2048.0M)]
 [Times: user=0.50 sys=0.00, real=0.13 secs] 
83.282: [GC pause (G1 Evacuation Pause) (young), 0.0892928 secs]
   [Parallel Time: 88.9 ms, GC Workers: 4]
      [GC Worker Start (ms): Min: 83282.0, Avg: 83282.0, Max: 83282.0, Diff: 0.0]
      [Ext Root Scanning (ms): Min: 0.2, Avg: 0.2, Max: 0.2, Diff: 0.0, Sum: 0.8]
      [Update RS (ms): Min: 18.2, Avg: 18.3, Max: 18.4, Diff: 0.2, Sum: 73.2]
         [Processed Buffers: Min: 30, Avg: 31.0, Max: 33, Diff: 3, Sum: 124]
      [Scan RS (ms): Min: 5.7, Avg: 5.8, Max: 5.9, Diff: 0.2, Sum: 23.1]
      [Code Root Scanning (ms): Min: 0.0, Avg: 0.0, Max: 0.0, Diff: 0.0, Sum: 0.0]
      [Object Copy (ms): Min: 64.5, Avg: 64.5, Max: 64.5, Diff: 0.0, Sum: 258.1]
      [Termination (ms): Min: 0.0, Avg: 0.0, Max: 0.0, Diff: 0.0, Sum: 0.0]
         [Termination Attempts: Min: 10, Avg: 14.3, Max: 19, Diff: 9, Sum: 57]
      [GC Worker Other (ms): Min: 0.0, Avg: 0.0, Max: 0.0, Diff: 0.0, Sum: 0.1]
      [GC Worker Total (ms): Min: 88.8, Avg: 88.8, Max: 88.8, Diff: 0.0, Sum: 355.3]
      [GC Worker End (ms): Min: 83370.8, Avg: 83370.8, Max: 83370.8, Diff: 0.0]
   [Code Root Fixup: 0.0 ms]
   [Code Root Purge: 0.0 ms]
   [Clear CT: 0.0 ms]
   [Other: 0.4 ms]
      [Choose CSet: 0.0 ms]
      [Ref Proc: 0.0 ms]
      [Ref Enq: 0.0 ms]
      [Redirty Cards: 0.1 ms]
      [Humongous Register: 0.0 ms]
      [Humongous Reclaim: 0.0 ms]
      [Free CSet: 0.1 ms]
   [Eden: 102.0M(102.0M)->0.0B(124.0M) Survivors: 13.0M->15.0M Heap: 1534.2M(2048.0M)->1469.7M(2048.0M)]
 [Times: user=0.31 sys=0.00, real=0.09 secs] 
83.479: [GC pause (G1 Evacuation Pause) (young), 0.0992979 secs]
   [Parallel Time: 98.7 ms, GC Workers: 4]
      [GC Worker Start (ms): Min: 83479.3, Avg: 83479.3, Max: 83479.3, Diff: 0.0]
      [Ext Root Scanning (ms): Min: 0.2, Avg: 0.2, Max: 0.2, Diff: 0.0, Sum: 0.8]
      [Update RS (ms): Min: 20.1, Avg: 20.2, Max: 20.5, Diff: 0.3, Sum: 80.9]
         [Processed Buffers: Min: 33, Avg: 33.3, Max: 34, Diff: 1, Sum: 133]
      [Scan RS (ms): Min: 0.0, Avg: 0.0, Max: 0.0, Diff: 0.0, Sum: 0.1]
      [Code Root Scanning (ms): Min: 0.0, Avg: 0.0, Max: 0.0, Diff: 0.0, Sum: 0.0]
      [Object Copy (ms): Min: 78.0, Avg: 78.2, Max: 78.3, Diff: 0.3, Sum: 312.9]
      [Termination (ms): Min: 0.0, Avg: 0.0, Max: 0.0, Diff: 0.0, Sum: 0.0]
         [Termination Attempts: Min: 20, Avg: 25.3, Max: 33, Diff: 13, Sum: 101]
      [GC Worker Other (ms): Min: 0.0, Avg: 0.0, Max: 0.0, Diff: 0.0, Sum: 0.0]
      [GC Worker Total (ms): Min: 98.7, Avg: 98.7, Max: 98.7, Diff: 0.0, Sum: 394.7]
      [GC Worker End (ms): Min: 83578.0, Avg: 83578.0, Max: 83578.0, Diff: 0.0]
   [Code Root Fixup: 0.0 ms]
   [Code Root Purge: 0.0 ms]
   [Clear CT: 0.2 ms]
   [Other: 0.4 ms]
      [Choose CSet: 0.0 ms]
      [Ref Proc: 0.0 ms]
      [Ref Enq: 0.0 ms]
      [Redirty Cards: 0.1 ms]
      [Humongous Register: 0.0 ms]
      [Humongous Reclaim: 0.0 ms]
      [Free CSet: 0.1 ms]
   [Eden: 124.0M(124.0M)->0.0B(93.0M) Survivors: 15.0M->18.0M Heap: 1593.7M(2048.0M)->1514.8M(2048.0M)]
 [Times: user=0.44 sys=0.00, real=0.10 secs] 
83.665: [GC pause (G1 Evacuation Pause) (young), 0.0894282 secs]
   [Parallel Time: 89.0 ms, GC Workers: 4]
      [GC Worker Start (ms): Min: 83665.2, Avg: 83665.2, Max: 83665.2, Diff: 0.0]
      [Ext Root Scanning (ms): Min: 0.2, Avg: 0.2, Max: 0.2, Diff: 0.0, Sum: 0.8]
      [Update RS (ms): Min: 18.0, Avg: 18.2, Max: 18.5, Diff: 0.5, Sum: 72.7]
         [Processed Buffers: Min: 29, Avg: 30.0, Max: 32, Diff: 3, Sum: 120]
      [Scan RS (ms): Min: 1.3, Avg: 1.5, Max: 1.8, Diff: 0.5, Sum: 6.2]
      [Code Root Scanning (ms): Min: 0.0, Avg: 0.0, Max: 0.0, Diff: 0.0, Sum: 0.0]
      [Object Copy (ms): Min: 69.0, Avg: 69.0, Max: 69.0, Diff: 0.0, Sum: 276.0]
      [Termination (ms): Min: 0.0, Avg: 0.0, Max: 0.0, Diff: 0.0, Sum: 0.1]
         [Termination Attempts: Min: 11, Avg: 193.3, Max: 270, Diff: 259, Sum: 773]
      [GC Worker Other (ms): Min: 0.0, Avg: 0.0, Max: 0.0, Diff: 0.0, Sum: 0.0]
      [GC Worker Total (ms): Min: 88.9, Avg: 88.9, Max: 88.9, Diff: 0.0, Sum: 355.8]
      [GC Worker End (ms): Min: 83754.1, Avg: 83754.1, Max: 83754.1, Diff: 0.0]
   [Code Root Fixup: 0.0 ms]
   [Code Root Purge: 0.0 ms]
   [Clear CT: 0.1 ms]
   [Other: 0.4 ms]
      [Choose CSet: 0.0 ms]
      [Ref Proc: 0.0 ms]
      [Ref Enq: 0.0 ms]
      [Redirty Cards: 0.1 ms]
      [Humongous Register: 0.0 ms]
      [Humongous Reclaim: 0.0 ms]
      [Free CSet: 0.1 ms]
   [Eden: 93.0M(93.0M)->0.0B(88.0M) Survivors: 18.0M->14.0M Heap: 1607.8M(2048.0M)->1549.2M(2048.0M)]
 [Times: user=0.38 sys=0.00, real=0.09 secs] 
83.834: [GC pause (G1 Evacuation Pause) (young), 0.0945645 secs]
   [Parallel Time: 94.1 ms, GC Workers: 4]
      [GC Worker Start (ms): Min: 83833.7, Avg: 83833.8, Max: 83834.0, Diff: 0.3]
      [Ext Root Scanning (ms): Min: 0.0, Avg: 0.2, Max: 0.3, Diff: 0.3, Sum: 0.7]
      [Update RS (ms): Min: 21.8, Avg: 22.1, Max: 22.3, Diff: 0.5, Sum: 88.3]
         [Processed Buffers: Min: 29, Avg: 33.0, Max: 35, Diff: 6, Sum: 132]
      [Scan RS (ms): Min: 0.2, Avg: 0.4, Max: 0.8, Diff: 0.5, Sum: 1.8]
      [Code Root Scanning (ms): Min: 0.0, Avg: 0.0, Max: 0.0, Diff: 0.0, Sum: 0.0]
      [Object Copy (ms): Min: 71.2, Avg: 71.3, Max: 71.3, Diff: 0.1, Sum: 285.1]
      [Termination (ms): Min: 0.0, Avg: 0.0, Max: 0.1, Diff: 0.1, Sum: 0.2]
         [Termination Attempts: Min: 2, Avg: 581.0, Max: 841, Diff: 839, Sum: 2324]
      [GC Worker Other (ms): Min: 0.0, Avg: 0.0, Max: 0.0, Diff: 0.0, Sum: 0.0]
      [GC Worker Total (ms): Min: 93.8, Avg: 94.0, Max: 94.1, Diff: 0.3, Sum: 376.2]
      [GC Worker End (ms): Min: 83927.8, Avg: 83927.8, Max: 83927.8, Diff: 0.0]
   [Code Root Fixup: 0.0 ms]
   [Code Root Purge: 0.0 ms]
   [Clear CT: 0.0 ms]
   [Other: 0.4 ms]
      [Choose CSet: 0.0 ms]
      [Ref Proc: 0.0 ms]
      [Ref Enq: 0.0 ms]
      [Redirty Cards: 0.1 ms]
      [Humongous Register: 0.0 ms]
      [Humongous Reclaim: 0.0 ms]
      [Free CSet: 0.1 ms]
   [Eden: 88.0M(88.0M)->0.0B(89.0M) Survivors: 14.0M->13.0M Heap: 1637.2M(2048.0M)->1581.0M(2048.0M)]
 [Times: user=0.38 sys=0.00, real=0.09 secs] 
84.007: [GC pause (G1 Evacuation Pause) (young), 0.0632071 secs]
   [Parallel Time: 62.9 ms, GC Workers: 4]
      [GC Worker Start (ms): Min: 84006.6, Avg: 84006.6, Max: 84006.6, Diff: 0.0]
      [Ext Root Scanning (ms): Min: 0.2, Avg: 0.2, Max: 0.2, Diff: 0.0, Sum: 0.8]
      [Update RS (ms): Min: 16.8, Avg: 16.9, Max: 17.0, Diff: 0.2, Sum: 67.6]
         [Processed Buffers: Min: 29, Avg: 29.5, Max: 31, Diff: 2, Sum: 118]
      [Scan RS (ms): Min: 1.8, Avg: 1.9, Max: 2.0, Diff: 0.2, Sum: 7.8]
      [Code Root Scanning (ms): Min: 0.0, Avg: 0.0, Max: 0.0, Diff: 0.0, Sum: 0.0]
      [Object Copy (ms): Min: 43.7, Avg: 43.8, Max: 43.8, Diff: 0.0, Sum: 175.0]
      [Termination (ms): Min: 0.0, Avg: 0.0, Max: 0.0, Diff: 0.0, Sum: 0.0]
         [Termination Attempts: Min: 12, Avg: 19.0, Max: 22, Diff: 10, Sum: 76]
      [GC Worker Other (ms): Min: 0.0, Avg: 0.0, Max: 0.0, Diff: 0.0, Sum: 0.0]
      [GC Worker Total (ms): Min: 62.8, Avg: 62.8, Max: 62.8, Diff: 0.0, Sum: 251.3]
      [GC Worker End (ms): Min: 84069.4, Avg: 84069.4, Max: 84069.4, Diff: 0.0]
   [Code Root Fixup: 0.0 ms]
   [Code Root Purge: 0.0 ms]
   [Clear CT: 0.0 ms]
   [Other: 0.3 ms]
      [Choose CSet: 0.0 ms]
      [Ref Proc: 0.0 ms]
      [Ref Enq: 0.0 ms]
      [Redirty Cards: 0.1 ms]
      [Humongous Register: 0.0 ms]
      [Humongous Reclaim: 0.0 ms]
      [Free CSet: 0.1 ms]
   [Eden: 89.0M(89.0M)->0.0B(89.0M) Survivors: 13.0M->13.0M Heap: 1670.0M(2048.0M)->1614.8M(2048.0M)]
 [Times: user=0.25 sys=0.00, real=0.06 secs] 
84.148: [GC pause (G1 Evacuation Pause) (young), 0.0734060 secs]
   [Parallel Time: 73.0 ms, GC Workers: 4]
      [GC Worker Start (ms): Min: 84147.8, Avg: 84147.8, Max: 84147.8, Diff: 0.0]
      [Ext Root Scanning (ms): Min: 0.2, Avg: 0.2, Max: 0.2, Diff: 0.0, Sum: 0.9]
      [Update RS (ms): Min: 18.2, Avg: 18.3, Max: 18.5, Diff: 0.3, Sum: 73.2]
         [Processed Buffers: Min: 31, Avg: 32.3, Max: 34, Diff: 3, Sum: 129]
      [Scan RS (ms): Min: 0.5, Avg: 0.7, Max: 0.8, Diff: 0.3, Sum: 2.8]
      [Code Root Scanning (ms): Min: 0.0, Avg: 0.0, Max: 0.0, Diff: 0.0, Sum: 0.0]
      [Object Copy (ms): Min: 53.7, Avg: 53.8, Max: 53.8, Diff: 0.0, Sum: 215.0]
      [Termination (ms): Min: 0.0, Avg: 0.0, Max: 0.0, Diff: 0.0, Sum: 0.0]
         [Termination Attempts: Min: 6, Avg: 12.3, Max: 16, Diff: 10, Sum: 49]
      [GC Worker Other (ms): Min: 0.0, Avg: 0.0, Max: 0.0, Diff: 0.0, Sum: 0.0]
      [GC Worker Total (ms): Min: 73.0, Avg: 73.0, Max: 73.0, Diff: 0.0, Sum: 292.0]
      [GC Worker End (ms): Min: 84220.8, Avg: 84220.8, Max: 84220.8, Diff: 0.0]
   [Code Root Fixup: 0.0 ms]
   [Code Root Purge: 0.0 ms]
   [Clear CT: 0.0 ms]
   [Other: 0.3 ms]
      [Choose CSet: 0.0 ms]
      [Ref Proc: 0.0 ms]
      [Ref Enq: 0.0 ms]
      [Redirty Cards: 0.1 ms]
      [Humongous Register: 0.0 ms]
      [Humongous Reclaim: 0.0 ms]
      [Free CSet: 0.1 ms]
   [Eden: 89.0M(89.0M)->0.0B(89.0M) Survivors: 13.0M->13.0M Heap: 1703.8M(2048.0M)->1647.4M(2048.0M)]
 [Times: user=0.31 sys=0.00, real=0.07 secs] 
84.297: [GC pause (G1 Evacuation Pause) (young), 0.0724210 secs]
   [Parallel Time: 72.0 ms, GC Workers: 4]
      [GC Worker Start (ms): Min: 84296.7, Avg: 84296.7, Max: 84296.7, Diff: 0.0]
      [Ext Root Scanning (ms): Min: 0.2, Avg: 0.2, Max: 0.2, Diff: 0.0, Sum: 0.8]
      [Update RS (ms): Min: 21.9, Avg: 22.0, Max: 22.0, Diff: 0.1, Sum: 87.9]
         [Processed Buffers: Min: 34, Avg: 35.5, Max: 38, Diff: 4, Sum: 142]
      [Scan RS (ms): Min: 0.0, Avg: 0.0, Max: 0.1, Diff: 0.1, Sum: 0.2]
      [Code Root Scanning (ms): Min: 0.0, Avg: 0.0, Max: 0.0, Diff: 0.0, Sum: 0.0]
      [Object Copy (ms): Min: 49.7, Avg: 49.7, Max: 49.7, Diff: 0.0, Sum: 198.9]
      [Termination (ms): Min: 0.0, Avg: 0.0, Max: 0.0, Diff: 0.0, Sum: 0.0]
         [Termination Attempts: Min: 14, Avg: 18.3, Max: 22, Diff: 8, Sum: 73]
      [GC Worker Other (ms): Min: 0.0, Avg: 0.0, Max: 0.0, Diff: 0.0, Sum: 0.0]
      [GC Worker Total (ms): Min: 72.0, Avg: 72.0, Max: 72.0, Diff: 0.0, Sum: 287.9]
      [GC Worker End (ms): Min: 84368.6, Avg: 84368.6, Max: 84368.6, Diff: 0.0]
   [Code Root Fixup: 0.0 ms]
   [Code Root Purge: 0.0 ms]
   [Clear CT: 0.0 ms]
   [Other: 0.4 ms]
      [Choose CSet: 0.0 ms]
      [Ref Proc: 0.0 ms]
      [Ref Enq: 0.0 ms]
      [Redirty Cards: 0.1 ms]
      [Humongous Register: 0.0 ms]
      [Humongous Reclaim: 0.0 ms]
      [Free CSet: 0.1 ms]
   [Eden: 89.0M(89.0M)->0.0B(89.0M) Survivors: 13.0M->13.0M Heap: 1736.4M(2048.0M)->1679.0M(2048.0M)]
 [Times: user=0.25 sys=0.00, real=0.07 secs] 
84.448: [GC pause (G1 Evacuation Pause) (young), 0.0855895 secs]
   [Parallel Time: 85.2 ms, GC Workers: 4]
      [GC Worker Start (ms): Min: 84447.7, Avg: 84447.7, Max: 84447.7, Diff: 0.0]
      [Ext Root Scanning (ms): Min: 0.2, Avg: 0.2, Max: 0.2, Diff: 0.0, Sum: 0.8]
      [Update RS (ms): Min: 19.9, Avg: 20.2, Max: 20.3, Diff: 0.4, Sum: 80.6]
         [Processed Buffers: Min: 31, Avg: 31.8, Max: 33, Diff: 2, Sum: 127]
      [Scan RS (ms): Min: 0.3, Avg: 0.5, Max: 0.7, Diff: 0.4, Sum: 1.8]
      [Code Root Scanning (ms): Min: 0.0, Avg: 0.0, Max: 0.0, Diff: 0.0, Sum: 0.0]
      [Object Copy (ms): Min: 64.3, Avg: 64.3, Max: 64.3, Diff: 0.0, Sum: 257.2]
      [Termination (ms): Min: 0.0, Avg: 0.0, Max: 0.0, Diff: 0.0, Sum: 0.0]
         [Termination Attempts: Min: 1, Avg: 2.3, Max: 3, Diff: 2, Sum: 9]
      [GC Worker Other (ms): Min: 0.0, Avg: 0.0, Max: 0.0, Diff: 0.0, Sum: 0.1]
      [GC Worker Total (ms): Min: 85.1, Avg: 85.1, Max: 85.2, Diff: 0.0, Sum: 340.6]
      [GC Worker End (ms): Min: 84532.8, Avg: 84532.8, Max: 84532.8, Diff: 0.0]
   [Code Root Fixup: 0.0 ms]
   [Code Root Purge: 0.0 ms]
   [Clear CT: 0.0 ms]
   [Other: 0.4 ms]
      [Choose CSet: 0.0 ms]
      [Ref Proc: 0.0 ms]
      [Ref Enq: 0.0 ms]
      [Redirty Cards: 0.1 ms]
      [Humongous Register: 0.0 ms]
      [Humongous Reclaim: 0.0 ms]
      [Free CSet: 0.1 ms]
   [Eden: 89.0M(89.0M)->0.0B(89.0M) Survivors: 13.0M->13.0M Heap: 1768.0M(2048.0M)->1712.4M(2048.0M)]
 [Times: user=0.38 sys=0.00, real=0.09 secs] 
84.617: [GC pause (G1 Evacuation Pause) (young), 0.0482568 secs]
   [Parallel Time: 47.9 ms, GC Workers: 4]
      [GC Worker Start (ms): Min: 84617.3, Avg: 84617.3, Max: 84617.3, Diff: 0.0]
      [Ext Root Scanning (ms): Min: 0.2, Avg: 0.2, Max: 0.2, Diff: 0.0, Sum: 0.8]
      [Update RS (ms): Min: 15.1, Avg: 15.2, Max: 15.4, Diff: 0.3, Sum: 61.0]
         [Processed Buffers: Min: 28, Avg: 28.8, Max: 30, Diff: 2, Sum: 115]
      [Scan RS (ms): Min: 0.2, Avg: 0.3, Max: 0.5, Diff: 0.3, Sum: 1.4]
      [Code Root Scanning (ms): Min: 0.0, Avg: 0.0, Max: 0.0, Diff: 0.0, Sum: 0.0]
      [Object Copy (ms): Min: 32.0, Avg: 32.1, Max: 32.1, Diff: 0.0, Sum: 128.3]
      [Termination (ms): Min: 0.0, Avg: 0.0, Max: 0.0, Diff: 0.0, Sum: 0.0]
         [Termination Attempts: Min: 20, Avg: 25.0, Max: 28, Diff: 8, Sum: 100]
      [GC Worker Other (ms): Min: 0.0, Avg: 0.0, Max: 0.0, Diff: 0.0, Sum: 0.0]
      [GC Worker Total (ms): Min: 47.9, Avg: 47.9, Max: 47.9, Diff: 0.0, Sum: 191.5]
      [GC Worker End (ms): Min: 84665.2, Avg: 84665.2, Max: 84665.2, Diff: 0.0]
   [Code Root Fixup: 0.0 ms]
   [Code Root Purge: 0.0 ms]
   [Clear CT: 0.0 ms]
   [Other: 0.3 ms]
      [Choose CSet: 0.0 ms]
      [Ref Proc: 0.0 ms]
      [Ref Enq: 0.0 ms]
      [Redirty Cards: 0.1 ms]
      [Humongous Register: 0.0 ms]
      [Humongous Reclaim: 0.0 ms]
      [Free CSet: 0.1 ms]
   [Eden: 89.0M(89.0M)->0.0B(89.0M) Survivors: 13.0M->13.0M Heap: 1801.4M(2048.0M)->1745.1M(2048.0M)]
 [Times: user=0.19 sys=0.00, real=0.05 secs] 
84.744: [GC pause (G1 Evacuation Pause) (young) (to-space exhausted), 0.0997053 secs]
   [Parallel Time: 89.2 ms, GC Workers: 4]
      [GC Worker Start (ms): Min: 84744.2, Avg: 84744.2, Max: 84744.2, Diff: 0.0]
      [Ext Root Scanning (ms): Min: 0.2, Avg: 0.2, Max: 0.2, Diff: 0.0, Sum: 0.8]
      [Update RS (ms): Min: 15.6, Avg: 15.6, Max: 15.7, Diff: 0.1, Sum: 62.6]
         [Processed Buffers: Min: 31, Avg: 31.3, Max: 32, Diff: 1, Sum: 125]
      [Scan RS (ms): Min: 0.6, Avg: 0.7, Max: 0.7, Diff: 0.1, Sum: 2.8]
      [Code Root Scanning (ms): Min: 0.0, Avg: 0.0, Max: 0.0, Diff: 0.0, Sum: 0.0]
      [Object Copy (ms): Min: 71.8, Avg: 72.1, Max: 72.6, Diff: 0.8, Sum: 288.3]
      [Termination (ms): Min: 0.0, Avg: 0.5, Max: 0.8, Diff: 0.8, Sum: 2.0]
         [Termination Attempts: Min: 1, Avg: 36.5, Max: 80, Diff: 79, Sum: 146]
      [GC Worker Other (ms): Min: 0.0, Avg: 0.0, Max: 0.0, Diff: 0.0, Sum: 0.0]
      [GC Worker Total (ms): Min: 89.1, Avg: 89.1, Max: 89.1, Diff: 0.0, Sum: 356.5]
      [GC Worker End (ms): Min: 84833.3, Avg: 84833.3, Max: 84833.3, Diff: 0.0]
   [Code Root Fixup: 0.0 ms]
   [Code Root Purge: 0.0 ms]
   [Clear CT: 0.0 ms]
   [Other: 10.5 ms]
      [Evacuation Failure: 10.2 ms]
      [Choose CSet: 0.0 ms]
      [Ref Proc: 0.0 ms]
      [Ref Enq: 0.0 ms]
      [Redirty Cards: 0.1 ms]
      [Humongous Register: 0.0 ms]
      [Humongous Reclaim: 0.0 ms]
      [Free CSet: 0.1 ms]
   [Eden: 89.0M(89.0M)->0.0B(93.0M) Survivors: 13.0M->9216.0K Heap: 1834.1M(2048.0M)->1822.4M(2048.0M)]
 [Times: user=0.31 sys=0.00, real=0.10 secs] 
84.866: [GC pause (G1 Evacuation Pause) (young) (to-space exhausted), 0.0572994 secs]
   [Parallel Time: 51.6 ms, GC Workers: 4]
      [GC Worker Start (ms): Min: 84865.8, Avg: 84865.8, Max: 84865.8, Diff: 0.0]
      [Ext Root Scanning (ms): Min: 0.2, Avg: 0.2, Max: 0.2, Diff: 0.0, Sum: 0.8]
      [Update RS (ms): Min: 16.9, Avg: 18.7, Max: 19.5, Diff: 2.6, Sum: 74.9]
         [Processed Buffers: Min: 45, Avg: 47.3, Max: 49, Diff: 4, Sum: 189]
      [Scan RS (ms): Min: 0.5, Avg: 0.6, Max: 0.8, Diff: 0.3, Sum: 2.5]
      [Code Root Scanning (ms): Min: 0.0, Avg: 0.0, Max: 0.0, Diff: 0.0, Sum: 0.0]
      [Object Copy (ms): Min: 30.5, Avg: 31.2, Max: 32.5, Diff: 2.0, Sum: 125.0]
      [Termination (ms): Min: 0.0, Avg: 0.8, Max: 1.3, Diff: 1.3, Sum: 3.2]
         [Termination Attempts: Min: 1, Avg: 1.0, Max: 1, Diff: 0, Sum: 4]
      [GC Worker Other (ms): Min: 0.0, Avg: 0.0, Max: 0.0, Diff: 0.0, Sum: 0.0]
      [GC Worker Total (ms): Min: 51.6, Avg: 51.6, Max: 51.6, Diff: 0.0, Sum: 206.5]
      [GC Worker End (ms): Min: 84917.4, Avg: 84917.4, Max: 84917.4, Diff: 0.0]
   [Code Root Fixup: 0.0 ms]
   [Code Root Purge: 0.0 ms]
   [Clear CT: 0.0 ms]
   [Other: 5.6 ms]
      [Evacuation Failure: 5.4 ms]
      [Choose CSet: 0.0 ms]
      [Ref Proc: 0.0 ms]
      [Ref Enq: 0.0 ms]
      [Redirty Cards: 0.1 ms]
      [Humongous Register: 0.0 ms]
      [Humongous Reclaim: 0.0 ms]
      [Free CSet: 0.0 ms]
   [Eden: 25.0M(93.0M)->0.0B(102.0M) Survivors: 9216.0K->0.0B Heap: 1847.4M(2048.0M)->1845.4M(2048.0M)]
 [Times: user=0.17 sys=0.00, real=0.06 secs] 
84.925: [GC pause (G1 Evacuation Pause) (young) (to-space exhausted), 0.0267147 secs]
   [Parallel Time: 25.9 ms, GC Workers: 4]
      [GC Worker Start (ms): Min: 84925.1, Avg: 84925.1, Max: 84925.1, Diff: 0.0]
      [Ext Root Scanning (ms): Min: 0.2, Avg: 0.2, Max: 0.2, Diff: 0.0, Sum: 0.8]
      [Update RS (ms): Min: 24.0, Avg: 24.3, Max: 24.6, Diff: 0.7, Sum: 97.3]
         [Processed Buffers: Min: 51, Avg: 74.0, Max: 97, Diff: 46, Sum: 296]
      [Scan RS (ms): Min: 0.0, Avg: 0.0, Max: 0.0, Diff: 0.0, Sum: 0.0]
      [Code Root Scanning (ms): Min: 0.0, Avg: 0.0, Max: 0.0, Diff: 0.0, Sum: 0.0]
      [Object Copy (ms): Min: 0.0, Avg: 0.6, Max: 1.7, Diff: 1.7, Sum: 2.3]
      [Termination (ms): Min: 0.0, Avg: 0.8, Max: 1.3, Diff: 1.3, Sum: 3.2]
         [Termination Attempts: Min: 1, Avg: 1.0, Max: 1, Diff: 0, Sum: 4]
      [GC Worker Other (ms): Min: 0.0, Avg: 0.0, Max: 0.0, Diff: 0.0, Sum: 0.0]
      [GC Worker Total (ms): Min: 25.9, Avg: 25.9, Max: 25.9, Diff: 0.0, Sum: 103.6]
      [GC Worker End (ms): Min: 84951.0, Avg: 84951.0, Max: 84951.0, Diff: 0.0]
   [Code Root Fixup: 0.0 ms]
   [Code Root Purge: 0.0 ms]
   [Clear CT: 0.0 ms]
   [Other: 0.8 ms]
      [Evacuation Failure: 0.6 ms]
      [Choose CSet: 0.0 ms]
      [Ref Proc: 0.0 ms]
      [Ref Enq: 0.0 ms]
      [Redirty Cards: 0.0 ms]
      [Humongous Register: 0.0 ms]
      [Humongous Reclaim: 0.0 ms]
      [Free CSet: 0.0 ms]
   [Eden: 2048.0K(102.0M)->0.0B(102.0M) Survivors: 0.0B->0.0B Heap: 1847.4M(2048.0M)->1847.4M(2048.0M)]
 [Times: user=0.11 sys=0.00, real=0.03 secs] 
84.952: [Full GC (Allocation Failure)  1847M->1174M(2048M), 1.6233808 secs]
   [Eden: 0.0B(102.0M)->0.0B(359.0M) Survivors: 0.0B->0.0B Heap: 1847.4M(2048.0M)->1174.4M(2048.0M)], [Metaspace: 9376K->9376K(1058816K)]
 [Times: user=3.20 sys=0.00, real=1.62 secs] 
86.575: [GC concurrent-mark-abort]
86.879: [GC pause (G1 Evacuation Pause) (young), 0.1412342 secs]
   [Parallel Time: 140.6 ms, GC Workers: 4]
      [GC Worker Start (ms): Min: 86878.9, Avg: 86879.0, Max: 86879.0, Diff: 0.1]
      [Ext Root Scanning (ms): Min: 0.2, Avg: 0.2, Max: 0.3, Diff: 0.1, Sum: 0.9]
      [Update RS (ms): Min: 0.0, Avg: 0.0, Max: 0.1, Diff: 0.1, Sum: 0.2]
         [Processed Buffers: Min: 0, Avg: 1.0, Max: 2, Diff: 2, Sum: 4]
      [Scan RS (ms): Min: 0.0, Avg: 0.0, Max: 0.1, Diff: 0.1, Sum: 0.2]
      [Code Root Scanning (ms): Min: 0.0, Avg: 0.0, Max: 0.0, Diff: 0.0, Sum: 0.0]
      [Object Copy (ms): Min: 140.1, Avg: 140.2, Max: 140.2, Diff: 0.1, Sum: 560.8]
      [Termination (ms): Min: 0.0, Avg: 0.0, Max: 0.0, Diff: 0.0, Sum: 0.0]
         [Termination Attempts: Min: 2, Avg: 4.0, Max: 7, Diff: 5, Sum: 16]
      [GC Worker Other (ms): Min: 0.0, Avg: 0.0, Max: 0.0, Diff: 0.0, Sum: 0.1]
      [GC Worker Total (ms): Min: 140.5, Avg: 140.5, Max: 140.6, Diff: 0.1, Sum: 562.1]
      [GC Worker End (ms): Min: 87019.5, Avg: 87019.5, Max: 87019.5, Diff: 0.0]
   [Code Root Fixup: 0.0 ms]
   [Code Root Purge: 0.0 ms]
   [Clear CT: 0.1 ms]
   [Other: 0.5 ms]
      [Choose CSet: 0.0 ms]
      [Ref Proc: 0.0 ms]
      [Ref Enq: 0.0 ms]
      [Redirty Cards: 0.1 ms]
      [Humongous Register: 0.0 ms]
      [Humongous Reclaim: 0.0 ms]
      [Free CSet: 0.2 ms]
   [Eden: 359.0M(359.0M)->0.0B(257.0M) Survivors: 0.0B->45.0M Heap: 1533.4M(2048.0M)->1304.8M(2048.0M)]
 [Times: user=0.56 sys=0.00, real=0.14 secs] 
87.177: [GC pause (G1 Evacuation Pause) (young) (initial-mark), 0.1736735 secs]
   [Parallel Time: 172.9 ms, GC Workers: 4]
      [GC Worker Start (ms): Min: 87177.4, Avg: 87177.5, Max: 87177.5, Diff: 0.1]
      [Ext Root Scanning (ms): Min: 0.3, Avg: 0.3, Max: 0.3, Diff: 0.0, Sum: 1.2]
      [Update RS (ms): Min: 21.2, Avg: 21.3, Max: 21.4, Diff: 0.3, Sum: 85.0]
         [Processed Buffers: Min: 33, Avg: 34.0, Max: 35, Diff: 2, Sum: 136]
      [Scan RS (ms): Min: 5.4, Avg: 5.5, Max: 5.7, Diff: 0.3, Sum: 22.2]
      [Code Root Scanning (ms): Min: 0.0, Avg: 0.0, Max: 0.0, Diff: 0.0, Sum: 0.0]
      [Object Copy (ms): Min: 145.7, Avg: 145.7, Max: 145.7, Diff: 0.0, Sum: 582.9]
      [Termination (ms): Min: 0.0, Avg: 0.0, Max: 0.0, Diff: 0.0, Sum: 0.0]
         [Termination Attempts: Min: 10, Avg: 14.3, Max: 19, Diff: 9, Sum: 57]
      [GC Worker Other (ms): Min: 0.0, Avg: 0.0, Max: 0.0, Diff: 0.0, Sum: 0.1]
      [GC Worker Total (ms): Min: 172.8, Avg: 172.9, Max: 172.9, Diff: 0.1, Sum: 691.5]
      [GC Worker End (ms): Min: 87350.3, Avg: 87350.3, Max: 87350.4, Diff: 0.0]
   [Code Root Fixup: 0.0 ms]
   [Code Root Purge: 0.0 ms]
   [Clear CT: 0.1 ms]
   [Other: 0.7 ms]
      [Choose CSet: 0.0 ms]
      [Ref Proc: 0.0 ms]
      [Ref Enq: 0.0 ms]
      [Redirty Cards: 0.2 ms]
      [Humongous Register: 0.0 ms]
      [Humongous Reclaim: 0.0 ms]
      [Free CSet: 0.2 ms]
   [Eden: 178.0M(57.0M)->0.0B(210.0M) Survivors: 45.0M->13.0M Heap: 1482.8M(2048.0M)->1368.4M(2048.0M)]
 [Times: user=0.67 sys=0.00, real=0.17 secs] 
87.351: [GC concurrent-root-region-scan-start]
87.382: [GC concurrent-root-region-scan-end, 0.0305286 secs]
87.382: [GC concurrent-mark-start]
87.571: [GC pause (G1 Evacuation Pause) (young), 0.1226301 secs]
   [Parallel Time: 122.0 ms, GC Workers: 4]
      [GC Worker Start (ms): Min: 87571.4, Avg: 87571.5, Max: 87571.5, Diff: 0.1]
      [Ext Root Scanning (ms): Min: 0.2, Avg: 0.2, Max: 0.2, Diff: 0.0, Sum: 0.9]
      [Update RS (ms): Min: 18.1, Avg: 18.3, Max: 18.4, Diff: 0.3, Sum: 73.1]
         [Processed Buffers: Min: 30, Avg: 30.5, Max: 31, Diff: 1, Sum: 122]
      [Scan RS (ms): Min: 7.8, Avg: 7.8, Max: 7.9, Diff: 0.1, Sum: 31.4]
      [Code Root Scanning (ms): Min: 0.0, Avg: 0.0, Max: 0.0, Diff: 0.0, Sum: 0.0]
      [Object Copy (ms): Min: 95.5, Avg: 95.6, Max: 95.8, Diff: 0.3, Sum: 382.5]
      [Termination (ms): Min: 0.0, Avg: 0.0, Max: 0.0, Diff: 0.0, Sum: 0.0]
         [Termination Attempts: Min: 4, Avg: 57.0, Max: 83, Diff: 79, Sum: 228]
      [GC Worker Other (ms): Min: 0.0, Avg: 0.0, Max: 0.0, Diff: 0.0, Sum: 0.1]
      [GC Worker Total (ms): Min: 122.0, Avg: 122.0, Max: 122.0, Diff: 0.1, Sum: 488.0]
      [GC Worker End (ms): Min: 87693.5, Avg: 87693.5, Max: 87693.5, Diff: 0.0]
   [Code Root Fixup: 0.0 ms]
   [Code Root Purge: 0.0 ms]
   [Clear CT: 0.1 ms]
   [Other: 0.5 ms]
      [Choose CSet: 0.0 ms]
      [Ref Proc: 0.0 ms]
      [Ref Enq: 0.0 ms]
      [Redirty Cards: 0.1 ms]
      [Humongous Register: 0.0 ms]
      [Humongous Reclaim: 0.0 ms]
      [Free CSet: 0.2 ms]
   [Eden: 210.0M(210.0M)->0.0B(153.0M) Survivors: 13.0M->28.0M Heap: 1578.4M(2048.0M)->1444.1M(2048.0M)]
 [Times: user=0.50 sys=0.00, real=0.12 secs] 
87.847: [GC pause (G1 Evacuation Pause) (young), 0.1453432 secs]
   [Parallel Time: 144.7 ms, GC Workers: 4]
      [GC Worker Start (ms): Min: 87847.4, Avg: 87847.4, Max: 87847.5, Diff: 0.0]
      [Ext Root Scanning (ms): Min: 0.2, Avg: 0.2, Max: 0.2, Diff: 0.0, Sum: 0.9]
      [Update RS (ms): Min: 19.6, Avg: 19.8, Max: 20.1, Diff: 0.5, Sum: 79.1]
         [Processed Buffers: Min: 32, Avg: 33.3, Max: 36, Diff: 4, Sum: 133]
      [Scan RS (ms): Min: 14.5, Avg: 14.9, Max: 15.3, Diff: 0.8, Sum: 59.6]
      [Code Root Scanning (ms): Min: 0.0, Avg: 0.0, Max: 0.0, Diff: 0.0, Sum: 0.0]
      [Object Copy (ms): Min: 109.6, Avg: 109.8, Max: 109.9, Diff: 0.3, Sum: 439.1]
      [Termination (ms): Min: 0.0, Avg: 0.0, Max: 0.0, Diff: 0.0, Sum: 0.0]
         [Termination Attempts: Min: 11, Avg: 14.3, Max: 19, Diff: 8, Sum: 57]
      [GC Worker Other (ms): Min: 0.0, Avg: 0.0, Max: 0.0, Diff: 0.0, Sum: 0.1]
      [GC Worker Total (ms): Min: 144.7, Avg: 144.7, Max: 144.7, Diff: 0.1, Sum: 578.8]
      [GC Worker End (ms): Min: 87992.1, Avg: 87992.1, Max: 87992.1, Diff: 0.0]
   [Code Root Fixup: 0.0 ms]
   [Code Root Purge: 0.0 ms]
   [Clear CT: 0.1 ms]
   [Other: 0.5 ms]
      [Choose CSet: 0.0 ms]
      [Ref Proc: 0.1 ms]
      [Ref Enq: 0.0 ms]
      [Redirty Cards: 0.2 ms]
      [Humongous Register: 0.0 ms]
      [Humongous Reclaim: 0.0 ms]
      [Free CSet: 0.2 ms]
   [Eden: 153.0M(153.0M)->0.0B(110.0M) Survivors: 28.0M->23.0M Heap: 1597.1M(2048.0M)->1500.8M(2048.0M)]
 [Times: user=0.56 sys=0.00, real=0.14 secs] 
88.127: [GC pause (G1 Evacuation Pause) (young), 0.1021984 secs]
   [Parallel Time: 101.8 ms, GC Workers: 4]
      [GC Worker Start (ms): Min: 88127.2, Avg: 88127.2, Max: 88127.2, Diff: 0.0]
      [Ext Root Scanning (ms): Min: 0.2, Avg: 0.2, Max: 0.2, Diff: 0.0, Sum: 0.8]
      [Update RS (ms): Min: 23.8, Avg: 23.9, Max: 24.1, Diff: 0.3, Sum: 95.7]
         [Processed Buffers: Min: 36, Avg: 36.3, Max: 37, Diff: 1, Sum: 145]
      [Scan RS (ms): Min: 1.3, Avg: 1.5, Max: 1.7, Diff: 0.4, Sum: 6.2]
      [Code Root Scanning (ms): Min: 0.0, Avg: 0.0, Max: 0.0, Diff: 0.0, Sum: 0.0]
      [Object Copy (ms): Min: 76.0, Avg: 76.1, Max: 76.1, Diff: 0.0, Sum: 304.2]
      [Termination (ms): Min: 0.0, Avg: 0.0, Max: 0.0, Diff: 0.0, Sum: 0.0]
         [Termination Attempts: Min: 15, Avg: 18.8, Max: 24, Diff: 9, Sum: 75]
      [GC Worker Other (ms): Min: 0.0, Avg: 0.0, Max: 0.0, Diff: 0.0, Sum: 0.1]
      [GC Worker Total (ms): Min: 101.7, Avg: 101.7, Max: 101.7, Diff: 0.0, Sum: 407.0]
      [GC Worker End (ms): Min: 88228.9, Avg: 88228.9, Max: 88228.9, Diff: 0.0]
   [Code Root Fixup: 0.0 ms]
   [Code Root Purge: 0.0 ms]
   [Clear CT: 0.0 ms]
   [Other: 0.4 ms]
      [Choose CSet: 0.0 ms]
      [Ref Proc: 0.0 ms]
      [Ref Enq: 0.0 ms]
      [Redirty Cards: 0.1 ms]
      [Humongous Register: 0.0 ms]
      [Humongous Reclaim: 0.0 ms]
      [Free CSet: 0.1 ms]
   [Eden: 110.0M(110.0M)->0.0B(85.0M) Survivors: 23.0M->17.0M Heap: 1610.8M(2048.0M)->1541.1M(2048.0M)]
 [Times: user=0.38 sys=0.00, real=0.10 secs] 
88.311: [GC pause (G1 Evacuation Pause) (young), 0.0667400 secs]
   [Parallel Time: 66.3 ms, GC Workers: 4]
      [GC Worker Start (ms): Min: 88310.9, Avg: 88310.9, Max: 88310.9, Diff: 0.0]
      [Ext Root Scanning (ms): Min: 0.2, Avg: 0.2, Max: 0.2, Diff: 0.0, Sum: 0.8]
      [Update RS (ms): Min: 19.4, Avg: 19.5, Max: 19.6, Diff: 0.3, Sum: 77.8]
         [Processed Buffers: Min: 32, Avg: 32.5, Max: 33, Diff: 1, Sum: 130]
      [Scan RS (ms): Min: 0.3, Avg: 0.4, Max: 0.5, Diff: 0.3, Sum: 1.8]
      [Code Root Scanning (ms): Min: 0.0, Avg: 0.0, Max: 0.0, Diff: 0.0, Sum: 0.0]
      [Object Copy (ms): Min: 46.1, Avg: 46.1, Max: 46.2, Diff: 0.0, Sum: 184.6]
      [Termination (ms): Min: 0.0, Avg: 0.0, Max: 0.0, Diff: 0.0, Sum: 0.0]
         [Termination Attempts: Min: 4, Avg: 6.3, Max: 9, Diff: 5, Sum: 25]
      [GC Worker Other (ms): Min: 0.0, Avg: 0.0, Max: 0.0, Diff: 0.0, Sum: 0.1]
      [GC Worker Total (ms): Min: 66.3, Avg: 66.3, Max: 66.3, Diff: 0.0, Sum: 265.1]
      [GC Worker End (ms): Min: 88377.2, Avg: 88377.2, Max: 88377.2, Diff: 0.0]
   [Code Root Fixup: 0.0 ms]
   [Code Root Purge: 0.0 ms]
   [Clear CT: 0.0 ms]
   [Other: 0.4 ms]
      [Choose CSet: 0.0 ms]
      [Ref Proc: 0.0 ms]
      [Ref Enq: 0.0 ms]
      [Redirty Cards: 0.1 ms]
      [Humongous Register: 0.0 ms]
      [Humongous Reclaim: 0.0 ms]
      [Free CSet: 0.1 ms]
   [Eden: 85.0M(85.0M)->0.0B(89.0M) Survivors: 17.0M->13.0M Heap: 1626.1M(2048.0M)->1573.0M(2048.0M)]
 [Times: user=0.25 sys=0.00, real=0.07 secs] 
88.463: [GC pause (G1 Evacuation Pause) (young), 0.0803859 secs]
   [Parallel Time: 80.0 ms, GC Workers: 4]
      [GC Worker Start (ms): Min: 88463.2, Avg: 88463.2, Max: 88463.2, Diff: 0.0]
      [Ext Root Scanning (ms): Min: 0.2, Avg: 0.2, Max: 0.2, Diff: 0.0, Sum: 0.8]
      [Update RS (ms): Min: 20.2, Avg: 20.4, Max: 20.6, Diff: 0.3, Sum: 81.7]
         [Processed Buffers: Min: 35, Avg: 35.8, Max: 37, Diff: 2, Sum: 143]
      [Scan RS (ms): Min: 0.4, Avg: 0.6, Max: 0.7, Diff: 0.3, Sum: 2.4]
      [Code Root Scanning (ms): Min: 0.0, Avg: 0.0, Max: 0.0, Diff: 0.0, Sum: 0.0]
      [Object Copy (ms): Min: 58.8, Avg: 58.8, Max: 58.8, Diff: 0.0, Sum: 235.1]
      [Termination (ms): Min: 0.0, Avg: 0.0, Max: 0.0, Diff: 0.0, Sum: 0.0]
         [Termination Attempts: Min: 24, Avg: 33.5, Max: 42, Diff: 18, Sum: 134]
      [GC Worker Other (ms): Min: 0.0, Avg: 0.0, Max: 0.0, Diff: 0.0, Sum: 0.0]
      [GC Worker Total (ms): Min: 80.0, Avg: 80.0, Max: 80.0, Diff: 0.0, Sum: 320.0]
      [GC Worker End (ms): Min: 88543.2, Avg: 88543.2, Max: 88543.2, Diff: 0.0]
   [Code Root Fixup: 0.0 ms]
   [Code Root Purge: 0.0 ms]
   [Clear CT: 0.0 ms]
   [Other: 0.3 ms]
      [Choose CSet: 0.0 ms]
      [Ref Proc: 0.0 ms]
      [Ref Enq: 0.0 ms]
      [Redirty Cards: 0.1 ms]
      [Humongous Register: 0.0 ms]
      [Humongous Reclaim: 0.0 ms]
      [Free CSet: 0.1 ms]
   [Eden: 89.0M(89.0M)->0.0B(89.0M) Survivors: 13.0M->13.0M Heap: 1662.0M(2048.0M)->1606.0M(2048.0M)]
 [Times: user=0.31 sys=0.00, real=0.08 secs] 
88.621: [GC pause (G1 Evacuation Pause) (young), 0.0566242 secs]
   [Parallel Time: 56.2 ms, GC Workers: 4]
      [GC Worker Start (ms): Min: 88621.2, Avg: 88621.3, Max: 88621.3, Diff: 0.0]
      [Ext Root Scanning (ms): Min: 0.2, Avg: 0.2, Max: 0.2, Diff: 0.0, Sum: 0.8]
      [Update RS (ms): Min: 16.9, Avg: 17.0, Max: 17.1, Diff: 0.2, Sum: 68.0]
         [Processed Buffers: Min: 31, Avg: 31.8, Max: 33, Diff: 2, Sum: 127]
      [Scan RS (ms): Min: 0.0, Avg: 0.0, Max: 0.1, Diff: 0.1, Sum: 0.1]
      [Code Root Scanning (ms): Min: 0.0, Avg: 0.0, Max: 0.0, Diff: 0.0, Sum: 0.0]
      [Object Copy (ms): Min: 38.9, Avg: 39.0, Max: 39.0, Diff: 0.1, Sum: 155.8]
      [Termination (ms): Min: 0.0, Avg: 0.0, Max: 0.0, Diff: 0.0, Sum: 0.0]
         [Termination Attempts: Min: 7, Avg: 10.5, Max: 16, Diff: 9, Sum: 42]
      [GC Worker Other (ms): Min: 0.0, Avg: 0.0, Max: 0.0, Diff: 0.0, Sum: 0.1]
      [GC Worker Total (ms): Min: 56.2, Avg: 56.2, Max: 56.2, Diff: 0.0, Sum: 224.8]
      [GC Worker End (ms): Min: 88677.5, Avg: 88677.5, Max: 88677.5, Diff: 0.0]
   [Code Root Fixup: 0.0 ms]
   [Code Root Purge: 0.0 ms]
   [Clear CT: 0.0 ms]
   [Other: 0.3 ms]
      [Choose CSet: 0.0 ms]
      [Ref Proc: 0.0 ms]
      [Ref Enq: 0.0 ms]
      [Redirty Cards: 0.1 ms]
      [Humongous Register: 0.0 ms]
      [Humongous Reclaim: 0.0 ms]
      [Free CSet: 0.1 ms]
   [Eden: 89.0M(89.0M)->0.0B(89.0M) Survivors: 13.0M->13.0M Heap: 1695.0M(2048.0M)->1638.1M(2048.0M)]
 [Times: user=0.25 sys=0.00, real=0.06 secs] 
88.755: [GC pause (G1 Evacuation Pause) (young), 0.0838874 secs]
   [Parallel Time: 83.5 ms, GC Workers: 4]
      [GC Worker Start (ms): Min: 88755.0, Avg: 88755.0, Max: 88755.0, Diff: 0.0]
      [Ext Root Scanning (ms): Min: 0.2, Avg: 0.2, Max: 0.2, Diff: 0.0, Sum: 0.8]
      [Update RS (ms): Min: 19.1, Avg: 19.2, Max: 19.3, Diff: 0.1, Sum: 76.7]
         [Processed Buffers: Min: 34, Avg: 35.0, Max: 36, Diff: 2, Sum: 140]
      [Scan RS (ms): Min: 1.2, Avg: 1.3, Max: 1.3, Diff: 0.1, Sum: 5.1]
      [Code Root Scanning (ms): Min: 0.0, Avg: 0.0, Max: 0.0, Diff: 0.0, Sum: 0.0]
      [Object Copy (ms): Min: 62.8, Avg: 62.8, Max: 62.8, Diff: 0.0, Sum: 251.2]
      [Termination (ms): Min: 0.0, Avg: 0.0, Max: 0.0, Diff: 0.0, Sum: 0.0]
         [Termination Attempts: Min: 4, Avg: 8.3, Max: 12, Diff: 8, Sum: 33]
      [GC Worker Other (ms): Min: 0.0, Avg: 0.0, Max: 0.0, Diff: 0.0, Sum: 0.0]
      [GC Worker Total (ms): Min: 83.5, Avg: 83.5, Max: 83.5, Diff: 0.0, Sum: 333.9]
      [GC Worker End (ms): Min: 88838.4, Avg: 88838.4, Max: 88838.4, Diff: 0.0]
   [Code Root Fixup: 0.0 ms]
   [Code Root Purge: 0.0 ms]
   [Clear CT: 0.0 ms]
   [Other: 0.4 ms]
      [Choose CSet: 0.0 ms]
      [Ref Proc: 0.0 ms]
      [Ref Enq: 0.0 ms]
      [Redirty Cards: 0.1 ms]
      [Humongous Register: 0.0 ms]
      [Humongous Reclaim: 0.0 ms]
      [Free CSet: 0.1 ms]
   [Eden: 89.0M(89.0M)->0.0B(89.0M) Survivors: 13.0M->13.0M Heap: 1727.1M(2048.0M)->1670.1M(2048.0M)]
 [Times: user=0.31 sys=0.00, real=0.08 secs] 
88.915: [GC pause (G1 Evacuation Pause) (young), 0.0956691 secs]
   [Parallel Time: 95.2 ms, GC Workers: 4]
      [GC Worker Start (ms): Min: 88915.6, Avg: 88915.6, Max: 88915.6, Diff: 0.0]
      [Ext Root Scanning (ms): Min: 0.2, Avg: 0.2, Max: 0.2, Diff: 0.0, Sum: 0.8]
      [Update RS (ms): Min: 35.9, Avg: 36.2, Max: 37.0, Diff: 1.1, Sum: 144.7]
         [Processed Buffers: Min: 57, Avg: 59.5, Max: 61, Diff: 4, Sum: 238]
      [Scan RS (ms): Min: 0.0, Avg: 0.0, Max: 0.0, Diff: 0.0, Sum: 0.1]
      [Code Root Scanning (ms): Min: 0.0, Avg: 0.0, Max: 0.0, Diff: 0.0, Sum: 0.0]
      [Object Copy (ms): Min: 58.0, Avg: 58.8, Max: 59.0, Diff: 1.1, Sum: 235.1]
      [Termination (ms): Min: 0.0, Avg: 0.0, Max: 0.0, Diff: 0.0, Sum: 0.0]
         [Termination Attempts: Min: 1, Avg: 2.8, Max: 4, Diff: 3, Sum: 11]
      [GC Worker Other (ms): Min: 0.0, Avg: 0.0, Max: 0.0, Diff: 0.0, Sum: 0.0]
      [GC Worker Total (ms): Min: 95.2, Avg: 95.2, Max: 95.2, Diff: 0.0, Sum: 380.8]
      [GC Worker End (ms): Min: 89010.8, Avg: 89010.8, Max: 89010.8, Diff: 0.0]
   [Code Root Fixup: 0.0 ms]
   [Code Root Purge: 0.0 ms]
   [Clear CT: 0.0 ms]
   [Other: 0.4 ms]
      [Choose CSet: 0.0 ms]
      [Ref Proc: 0.0 ms]
      [Ref Enq: 0.0 ms]
      [Redirty Cards: 0.1 ms]
      [Humongous Register: 0.0 ms]
      [Humongous Reclaim: 0.0 ms]
      [Free CSet: 0.1 ms]
   [Eden: 89.0M(89.0M)->0.0B(89.0M) Survivors: 13.0M->13.0M Heap: 1759.1M(2048.0M)->1701.8M(2048.0M)]
 [Times: user=0.38 sys=0.00, real=0.10 secs] 
89.089: [GC pause (G1 Evacuation Pause) (young), 0.0857098 secs]
   [Parallel Time: 85.3 ms, GC Workers: 4]
      [GC Worker Start (ms): Min: 89089.0, Avg: 89089.0, Max: 89089.0, Diff: 0.0]
      [Ext Root Scanning (ms): Min: 0.2, Avg: 0.2, Max: 0.2, Diff: 0.0, Sum: 0.9]
      [Update RS (ms): Min: 21.8, Avg: 22.0, Max: 22.2, Diff: 0.4, Sum: 88.1]
         [Processed Buffers: Min: 34, Avg: 34.0, Max: 34, Diff: 0, Sum: 136]
      [Scan RS (ms): Min: 0.0, Avg: 0.1, Max: 0.2, Diff: 0.2, Sum: 0.2]
      [Code Root Scanning (ms): Min: 0.0, Avg: 0.0, Max: 0.0, Diff: 0.0, Sum: 0.0]
      [Object Copy (ms): Min: 62.9, Avg: 63.0, Max: 63.1, Diff: 0.2, Sum: 251.9]
      [Termination (ms): Min: 0.0, Avg: 0.0, Max: 0.0, Diff: 0.0, Sum: 0.0]
         [Termination Attempts: Min: 19, Avg: 22.3, Max: 27, Diff: 8, Sum: 89]
      [GC Worker Other (ms): Min: 0.0, Avg: 0.0, Max: 0.0, Diff: 0.0, Sum: 0.1]
      [GC Worker Total (ms): Min: 85.3, Avg: 85.3, Max: 85.3, Diff: 0.0, Sum: 341.2]
      [GC Worker End (ms): Min: 89174.3, Avg: 89174.3, Max: 89174.3, Diff: 0.0]
   [Code Root Fixup: 0.0 ms]
   [Code Root Purge: 0.0 ms]
   [Clear CT: 0.0 ms]
   [Other: 0.3 ms]
      [Choose CSet: 0.0 ms]
      [Ref Proc: 0.0 ms]
      [Ref Enq: 0.0 ms]
      [Redirty Cards: 0.1 ms]
      [Humongous Register: 0.0 ms]
      [Humongous Reclaim: 0.0 ms]
      [Free CSet: 0.1 ms]
   [Eden: 89.0M(89.0M)->0.0B(89.0M) Survivors: 13.0M->13.0M Heap: 1790.8M(2048.0M)->1736.5M(2048.0M)]
 [Times: user=0.38 sys=0.00, real=0.09 secs] 
89.250: [GC pause (G1 Evacuation Pause) (young) (to-space exhausted), 0.0755607 secs]
   [Parallel Time: 70.7 ms, GC Workers: 4]
      [GC Worker Start (ms): Min: 89250.2, Avg: 89250.2, Max: 89250.2, Diff: 0.0]
      [Ext Root Scanning (ms): Min: 0.2, Avg: 0.2, Max: 0.2, Diff: 0.0, Sum: 0.8]
      [Update RS (ms): Min: 18.9, Avg: 19.2, Max: 19.4, Diff: 0.4, Sum: 76.7]
         [Processed Buffers: Min: 30, Avg: 30.5, Max: 31, Diff: 1, Sum: 122]
      [Scan RS (ms): Min: 0.0, Avg: 0.0, Max: 0.0, Diff: 0.0, Sum: 0.1]
      [Code Root Scanning (ms): Min: 0.0, Avg: 0.0, Max: 0.0, Diff: 0.0, Sum: 0.0]
      [Object Copy (ms): Min: 51.1, Avg: 51.3, Max: 51.5, Diff: 0.4, Sum: 205.2]
      [Termination (ms): Min: 0.0, Avg: 0.0, Max: 0.0, Diff: 0.0, Sum: 0.0]
         [Termination Attempts: Min: 17, Avg: 20.5, Max: 26, Diff: 9, Sum: 82]
      [GC Worker Other (ms): Min: 0.0, Avg: 0.0, Max: 0.0, Diff: 0.0, Sum: 0.0]
      [GC Worker Total (ms): Min: 70.7, Avg: 70.7, Max: 70.7, Diff: 0.0, Sum: 282.9]
      [GC Worker End (ms): Min: 89320.9, Avg: 89320.9, Max: 89320.9, Diff: 0.0]
   [Code Root Fixup: 0.0 ms]
   [Code Root Purge: 0.0 ms]
   [Clear CT: 0.0 ms]
   [Other: 4.8 ms]
      [Evacuation Failure: 4.4 ms]
      [Choose CSet: 0.0 ms]
      [Ref Proc: 0.0 ms]
      [Ref Enq: 0.0 ms]
      [Redirty Cards: 0.1 ms]
      [Humongous Register: 0.0 ms]
      [Humongous Reclaim: 0.0 ms]
      [Free CSet: 0.1 ms]
   [Eden: 89.0M(89.0M)->0.0B(89.0M) Survivors: 13.0M->13.0M Heap: 1825.5M(2048.0M)->1795.4M(2048.0M)]
 [Times: user=0.25 sys=0.01, real=0.08 secs] 
89.382: [GC pause (G1 Evacuation Pause) (young) (to-space exhausted), 0.0927270 secs]
   [Parallel Time: 80.8 ms, GC Workers: 4]
      [GC Worker Start (ms): Min: 89381.7, Avg: 89381.7, Max: 89381.7, Diff: 0.0]
      [Ext Root Scanning (ms): Min: 0.2, Avg: 0.2, Max: 0.2, Diff: 0.0, Sum: 0.8]
      [Update RS (ms): Min: 4.8, Avg: 10.3, Max: 12.1, Diff: 7.3, Sum: 41.0]
         [Processed Buffers: Min: 16, Avg: 33.5, Max: 47, Diff: 31, Sum: 134]
      [Scan RS (ms): Min: 0.0, Avg: 0.0, Max: 0.1, Diff: 0.1, Sum: 0.1]
      [Code Root Scanning (ms): Min: 0.0, Avg: 0.0, Max: 0.0, Diff: 0.0, Sum: 0.0]
      [Object Copy (ms): Min: 12.3, Avg: 28.6, Max: 75.7, Diff: 63.4, Sum: 114.4]
      [Termination (ms): Min: 0.0, Avg: 41.7, Max: 56.2, Diff: 56.2, Sum: 166.7]
         [Termination Attempts: Min: 1, Avg: 1.0, Max: 1, Diff: 0, Sum: 4]
      [GC Worker Other (ms): Min: 0.0, Avg: 0.0, Max: 0.0, Diff: 0.0, Sum: 0.0]
      [GC Worker Total (ms): Min: 80.8, Avg: 80.8, Max: 80.8, Diff: 0.0, Sum: 323.1]
      [GC Worker End (ms): Min: 89462.4, Avg: 89462.4, Max: 89462.5, Diff: 0.0]
   [Code Root Fixup: 0.0 ms]
   [Code Root Purge: 0.0 ms]
   [Clear CT: 0.0 ms]
   [Other: 11.9 ms]
      [Evacuation Failure: 11.6 ms]
      [Choose CSet: 0.0 ms]
      [Ref Proc: 0.0 ms]
      [Ref Enq: 0.0 ms]
      [Redirty Cards: 0.1 ms]
      [Humongous Register: 0.0 ms]
      [Humongous Reclaim: 0.0 ms]
      [Free CSet: 0.0 ms]
   [Eden: 61.0M(89.0M)->0.0B(102.0M) Survivors: 13.0M->0.0B Heap: 1856.4M(2048.0M)->1849.4M(2048.0M)]
 [Times: user=0.28 sys=0.00, real=0.09 secs] 
89.481: [GC pause (G1 Evacuation Pause) (young) (to-space exhausted), 0.0301225 secs]
   [Parallel Time: 28.9 ms, GC Workers: 4]
      [GC Worker Start (ms): Min: 89481.2, Avg: 89481.2, Max: 89481.2, Diff: 0.0]
      [Ext Root Scanning (ms): Min: 0.2, Avg: 0.2, Max: 0.2, Diff: 0.0, Sum: 0.9]
      [Update RS (ms): Min: 23.6, Avg: 23.7, Max: 23.8, Diff: 0.2, Sum: 94.9]
         [Processed Buffers: Min: 54, Avg: 56.8, Max: 58, Diff: 4, Sum: 227]
      [Scan RS (ms): Min: 0.0, Avg: 0.0, Max: 0.0, Diff: 0.0, Sum: 0.0]
      [Code Root Scanning (ms): Min: 0.0, Avg: 0.0, Max: 0.0, Diff: 0.0, Sum: 0.0]
      [Object Copy (ms): Min: 4.2, Avg: 4.7, Max: 4.9, Diff: 0.8, Sum: 18.6]
      [Termination (ms): Min: 0.0, Avg: 0.3, Max: 0.8, Diff: 0.8, Sum: 1.2]
         [Termination Attempts: Min: 1, Avg: 1.0, Max: 1, Diff: 0, Sum: 4]
      [GC Worker Other (ms): Min: 0.0, Avg: 0.0, Max: 0.0, Diff: 0.0, Sum: 0.0]
      [GC Worker Total (ms): Min: 28.9, Avg: 28.9, Max: 28.9, Diff: 0.0, Sum: 115.5]
      [GC Worker End (ms): Min: 89510.1, Avg: 89510.1, Max: 89510.1, Diff: 0.0]
   [Code Root Fixup: 0.0 ms]
   [Code Root Purge: 0.0 ms]
   [Clear CT: 0.0 ms]
   [Other: 1.2 ms]
      [Evacuation Failure: 1.0 ms]
      [Choose CSet: 0.0 ms]
      [Ref Proc: 0.0 ms]
      [Ref Enq: 0.0 ms]
      [Redirty Cards: 0.0 ms]
      [Humongous Register: 0.0 ms]
      [Humongous Reclaim: 0.0 ms]
      [Free CSet: 0.0 ms]
   [Eden: 7168.0K(102.0M)->0.0B(102.0M) Survivors: 0.0B->0.0B Heap: 1856.4M(2048.0M)->1856.4M(2048.0M)]
 [Times: user=0.13 sys=0.00, real=0.03 secs] 
89.511: [Full GC (Allocation Failure)  1856M->1188M(2048M), 1.6337092 secs]
   [Eden: 0.0B(102.0M)->0.0B(346.0M) Survivors: 0.0B->0.0B Heap: 1856.4M(2048.0M)->1188.5M(2048.0M)], [Metaspace: 9378K->9378K(1058816K)]
 [Times: user=3.28 sys=0.00, real=1.63 secs] 
91.145: [GC concurrent-mark-abort]
91.442: [GC pause (G1 Evacuation Pause) (young), 0.1434781 secs]
   [Parallel Time: 142.8 ms, GC Workers: 4]
      [GC Worker Start (ms): Min: 91441.8, Avg: 91441.8, Max: 91441.9, Diff: 0.1]
      [Ext Root Scanning (ms): Min: 0.2, Avg: 0.2, Max: 0.3, Diff: 0.1, Sum: 0.9]
      [Update RS (ms): Min: 0.0, Avg: 0.0, Max: 0.1, Diff: 0.1, Sum: 0.2]
         [Processed Buffers: Min: 0, Avg: 1.3, Max: 3, Diff: 3, Sum: 5]
      [Scan RS (ms): Min: 0.0, Avg: 0.0, Max: 0.1, Diff: 0.1, Sum: 0.2]
      [Code Root Scanning (ms): Min: 0.0, Avg: 0.0, Max: 0.0, Diff: 0.0, Sum: 0.0]
      [Object Copy (ms): Min: 142.3, Avg: 142.4, Max: 142.4, Diff: 0.1, Sum: 569.4]
      [Termination (ms): Min: 0.0, Avg: 0.0, Max: 0.0, Diff: 0.0, Sum: 0.0]
         [Termination Attempts: Min: 16, Avg: 17.5, Max: 20, Diff: 4, Sum: 70]
      [GC Worker Other (ms): Min: 0.0, Avg: 0.0, Max: 0.0, Diff: 0.0, Sum: 0.1]
      [GC Worker Total (ms): Min: 142.7, Avg: 142.7, Max: 142.8, Diff: 0.1, Sum: 570.9]
      [GC Worker End (ms): Min: 91584.6, Avg: 91584.6, Max: 91584.6, Diff: 0.0]
   [Code Root Fixup: 0.0 ms]
   [Code Root Purge: 0.0 ms]
   [Clear CT: 0.1 ms]
   [Other: 0.6 ms]
      [Choose CSet: 0.0 ms]
      [Ref Proc: 0.0 ms]
      [Ref Enq: 0.0 ms]
      [Redirty Cards: 0.2 ms]
      [Humongous Register: 0.0 ms]
      [Humongous Reclaim: 0.0 ms]
      [Free CSet: 0.2 ms]
   [Eden: 346.0M(346.0M)->0.0B(247.0M) Survivors: 0.0B->44.0M Heap: 1534.5M(2048.0M)->1314.9M(2048.0M)]
 [Times: user=0.55 sys=0.00, real=0.14 secs] 
91.824: [GC pause (G1 Evacuation Pause) (young) (initial-mark), 0.1880776 secs]
   [Parallel Time: 187.3 ms, GC Workers: 4]
      [GC Worker Start (ms): Min: 91823.7, Avg: 91823.7, Max: 91823.8, Diff: 0.1]
      [Ext Root Scanning (ms): Min: 0.2, Avg: 0.3, Max: 0.3, Diff: 0.1, Sum: 1.1]
      [Update RS (ms): Min: 19.1, Avg: 19.3, Max: 19.5, Diff: 0.5, Sum: 77.0]
         [Processed Buffers: Min: 32, Avg: 33.8, Max: 37, Diff: 5, Sum: 135]
      [Scan RS (ms): Min: 7.2, Avg: 7.5, Max: 7.7, Diff: 0.5, Sum: 30.0]
      [Code Root Scanning (ms): Min: 0.0, Avg: 0.0, Max: 0.0, Diff: 0.0, Sum: 0.0]
      [Object Copy (ms): Min: 160.1, Avg: 160.1, Max: 160.1, Diff: 0.1, Sum: 640.5]
      [Termination (ms): Min: 0.0, Avg: 0.0, Max: 0.0, Diff: 0.0, Sum: 0.0]
         [Termination Attempts: Min: 6, Avg: 7.5, Max: 9, Diff: 3, Sum: 30]
      [GC Worker Other (ms): Min: 0.0, Avg: 0.0, Max: 0.0, Diff: 0.0, Sum: 0.1]
      [GC Worker Total (ms): Min: 187.1, Avg: 187.2, Max: 187.2, Diff: 0.1, Sum: 748.7]
      [GC Worker End (ms): Min: 92010.9, Avg: 92010.9, Max: 92010.9, Diff: 0.0]
   [Code Root Fixup: 0.0 ms]
   [Code Root Purge: 0.0 ms]
   [Clear CT: 0.1 ms]
   [Other: 0.7 ms]
      [Choose CSet: 0.0 ms]
      [Ref Proc: 0.0 ms]
      [Ref Enq: 0.0 ms]
      [Redirty Cards: 0.2 ms]
      [Humongous Register: 0.0 ms]
      [Humongous Reclaim: 0.0 ms]
      [Free CSet: 0.2 ms]
   [Eden: 247.0M(247.0M)->0.0B(180.0M) Survivors: 44.0M->37.0M Heap: 1561.9M(2048.0M)->1404.2M(2048.0M)]
 [Times: user=0.75 sys=0.00, real=0.19 secs] 
92.012: [GC concurrent-root-region-scan-start]
92.073: [GC concurrent-root-region-scan-end, 0.0612615 secs]
92.073: [GC concurrent-mark-start]
93.495: [GC concurrent-mark-end, 1.4217001 secs]
93.495: [GC remark 93.495: [Finalize Marking, 0.0001087 secs] 93.495: [GC ref-proc, 0.0000677 secs] 93.495: [Unloading, 0.0011762 secs], 0.0039974 secs]
 [Times: user=0.06 sys=0.00, real=0.00 secs] 
93.499: [GC cleanup 1561M->1402M(2048M), 0.0020970 secs]
 [Times: user=0.00 sys=0.00, real=0.00 secs] 
93.501: [GC concurrent-cleanup-start]
93.501: [GC concurrent-cleanup-end, 0.0001113 secs]
Heap
 garbage-first heap   total 2097152K, used 1436266K [0x0000000080000000, 0x0000000080104000, 0x0000000100000000)
  region size 1024K, 195 young (199680K), 37 survivors (37888K)
 Metaspace       used 9404K, capacity 9734K, committed 9984K, reserved 1058816K
  class space    used 1094K, capacity 1172K, committed 1280K, reserved 1048576K
