Java HotSpot(TM) 64-Bit Server VM (25.101-b13) for windows-amd64 JRE (1.8.0_101-b13), built on Jun 22 2016 01:21:29 by "java_re" with MS VC++ 10.0 (VS2010)
Memory: 4k page, physical 16664920k(10421832k free), swap 18872148k(10394724k free)
CommandLine flags: -XX:InitialHeapSize=266638720 -XX:MaxHeapSize=2147483648 -XX:+PrintGC -XX:+PrintGCDetails -XX:+PrintGCTimeStamps -XX:+PrintStringDeduplicationStatistics -XX:+UseCompressedClassPointers -XX:+UseCompressedOops -XX:+UseG1GC -XX:-UseLargePagesIndividualAllocation -XX:+UseStringDeduplication 
10.130: [GC pause (G1 Evacuation Pause) (young), 0.0103560 secs]
   [Parallel Time: 8.7 ms, GC Workers: 4]
      [GC Worker Start (ms): Min: 10130.5, Avg: 10130.9, Max: 10132.0, Diff: 1.5]
      [Ext Root Scanning (ms): Min: 0.0, Avg: 0.8, Max: 1.1, Diff: 1.1, Sum: 3.4]
      [Update RS (ms): Min: 0.0, Avg: 0.0, Max: 0.0, Diff: 0.0, Sum: 0.0]
         [Processed Buffers: Min: 0, Avg: 0.0, Max: 0, Diff: 0, Sum: 0]
      [Scan RS (ms): Min: 0.0, Avg: 0.0, Max: 0.0, Diff: 0.0, Sum: 0.0]
      [Code Root Scanning (ms): Min: 0.0, Avg: 0.6, Max: 2.1, Diff: 2.0, Sum: 2.4]
      [Object Copy (ms): Min: 5.4, Avg: 6.8, Max: 7.5, Diff: 2.1, Sum: 27.1]
      [Termination (ms): Min: 0.0, Avg: 0.0, Max: 0.0, Diff: 0.0, Sum: 0.0]
         [Termination Attempts: Min: 23, Avg: 26.0, Max: 29, Diff: 6, Sum: 104]
      [GC Worker Other (ms): Min: 0.0, Avg: 0.0, Max: 0.0, Diff: 0.0, Sum: 0.1]
      [GC Worker Total (ms): Min: 7.1, Avg: 8.3, Max: 8.7, Diff: 1.5, Sum: 33.0]
      [GC Worker End (ms): Min: 10139.1, Avg: 10139.1, Max: 10139.1, Diff: 0.0]
   [Code Root Fixup: 0.1 ms]
   [Code Root Purge: 0.0 ms]
   [String Dedup Fixup: 0.5 ms, GC Workers: 4]
      [Queue Fixup (ms): Min: 0.0, Avg: 0.0, Max: 0.0, Diff: 0.0, Sum: 0.0]
      [Table Fixup (ms): Min: 0.0, Avg: 0.1, Max: 0.3, Diff: 0.3, Sum: 0.3]
   [Clear CT: 0.3 ms]
   [Other: 0.7 ms]
      [Choose CSet: 0.0 ms]
      [Ref Proc: 0.2 ms]
      [Ref Enq: 0.0 ms]
      [Redirty Cards: 0.3 ms]
      [Humongous Register: 0.0 ms]
      [Humongous Reclaim: 0.0 ms]
      [Free CSet: 0.0 ms]
   [Eden: 12.0M(12.0M)->0.0B(14.0M) Survivors: 0.0B->2048.0K Heap: 12.0M(256.0M)->2999.0K(256.0M)]
 [Times: user=0.06 sys=0.00, real=0.01 secs] 
10.141: [GC concurrent-string-deduplication, 42.6K->15.5K(27.1K), avg 63.6%, 0.0004099 secs]
   [Last Exec: 0.0004099 secs, Idle: 9.9242366 secs, Blocked: 0/0.0000000 secs]
      [Inspected:            2607]
         [Skipped:              0(  0.0%)]
         [Hashed:             496( 19.0%)]
         [Known:             1828( 70.1%)]
         [New:                779( 29.9%)     42.6K]
      [Deduplicated:          576( 73.9%)     27.1K( 63.6%)]
         [Young:                0(  0.0%)      0.0B(  0.0%)]
         [Old:                576(100.0%)     27.1K(100.0%)]
   [Total Exec: 1/0.0004099 secs, Idle: 1/9.9242366 secs, Blocked: 0/0.0000000 secs]
      [Inspected:            2607]
         [Skipped:              0(  0.0%)]
         [Hashed:             496( 19.0%)]
         [Known:             1828( 70.1%)]
         [New:                779( 29.9%)     42.6K]
      [Deduplicated:          576( 73.9%)     27.1K( 63.6%)]
         [Young:                0(  0.0%)      0.0B(  0.0%)]
         [Old:                576(100.0%)     27.1K(100.0%)]
   [Table]
      [Memory Usage: 125.1K]
      [Size: 2048, Min: 1024, Max: 16777216]
      [Entries: 4657, Load: 227.4%, Cached: 0, Added: 4657, Removed: 0]
      [Resize Count: 1, Shrink Threshold: 1365(66.7%), Grow Threshold: 4096(200.0%)]
      [Rehash Count: 0, Rehash Threshold: 120, Hash Seed: 0x0]
      [Age Threshold: 3]
   [Queue]
      [Dropped: 0]
10.160: [GC pause (G1 Evacuation Pause) (young), 0.0150565 secs]
   [Parallel Time: 14.2 ms, GC Workers: 4]
      [GC Worker Start (ms): Min: 10159.8, Avg: 10159.8, Max: 10159.9, Diff: 0.1]
      [Ext Root Scanning (ms): Min: 0.2, Avg: 0.3, Max: 0.6, Diff: 0.4, Sum: 1.2]
      [Update RS (ms): Min: 0.0, Avg: 0.3, Max: 0.5, Diff: 0.5, Sum: 1.1]
         [Processed Buffers: Min: 0, Avg: 2.0, Max: 3, Diff: 3, Sum: 8]
      [Scan RS (ms): Min: 0.0, Avg: 0.2, Max: 0.3, Diff: 0.2, Sum: 0.7]
      [Code Root Scanning (ms): Min: 0.0, Avg: 0.1, Max: 0.3, Diff: 0.3, Sum: 0.3]
      [Object Copy (ms): Min: 13.1, Avg: 13.2, Max: 13.4, Diff: 0.3, Sum: 53.0]
      [Termination (ms): Min: 0.0, Avg: 0.0, Max: 0.0, Diff: 0.0, Sum: 0.0]
         [Termination Attempts: Min: 5, Avg: 6.0, Max: 8, Diff: 3, Sum: 24]
      [GC Worker Other (ms): Min: 0.0, Avg: 0.0, Max: 0.0, Diff: 0.0, Sum: 0.1]
      [GC Worker Total (ms): Min: 14.0, Avg: 14.1, Max: 14.1, Diff: 0.1, Sum: 56.3]
      [GC Worker End (ms): Min: 10173.9, Avg: 10173.9, Max: 10173.9, Diff: 0.0]
   [Code Root Fixup: 0.1 ms]
   [Code Root Purge: 0.0 ms]
   [String Dedup Fixup: 0.3 ms, GC Workers: 4]
      [Queue Fixup (ms): Min: 0.0, Avg: 0.0, Max: 0.1, Diff: 0.1, Sum: 0.1]
      [Table Fixup (ms): Min: 0.0, Avg: 0.1, Max: 0.1, Diff: 0.1, Sum: 0.3]
   [Clear CT: 0.1 ms]
   [Other: 0.3 ms]
      [Choose CSet: 0.0 ms]
      [Ref Proc: 0.2 ms]
      [Ref Enq: 0.0 ms]
      [Redirty Cards: 0.0 ms]
      [Humongous Register: 0.0 ms]
      [Humongous Reclaim: 0.0 ms]
      [Free CSet: 0.0 ms]
   [Eden: 14.0M(14.0M)->0.0B(21.0M) Survivors: 2048.0K->2048.0K Heap: 16.9M(256.0M)->10.1M(256.0M)]
 [Times: user=0.06 sys=0.00, real=0.02 secs] 
10.176: [GC concurrent-string-deduplication, 151.0K->102.9K(48.1K), avg 38.8%, 0.0007945 secs]
   [Last Exec: 0.0007945 secs, Idle: 0.0334258 secs, Blocked: 0/0.0000000 secs]
      [Inspected:            9244]
         [Skipped:              0(  0.0%)]
         [Hashed:            1244( 13.5%)]
         [Known:             7195( 77.8%)]
         [New:               2049( 22.2%)    151.0K]
      [Deduplicated:          869( 42.4%)     48.1K( 31.9%)]
         [Young:                0(  0.0%)      0.0B(  0.0%)]
         [Old:                869(100.0%)     48.1K(100.0%)]
   [Total Exec: 2/0.0012044 secs, Idle: 2/9.9576624 secs, Blocked: 0/0.0000000 secs]
      [Inspected:           11851]
         [Skipped:              0(  0.0%)]
         [Hashed:            1740( 14.7%)]
         [Known:             9023( 76.1%)]
         [New:               2828( 23.9%)    193.6K]
      [Deduplicated:         1445( 51.1%)     75.2K( 38.8%)]
         [Young:                0(  0.0%)      0.0B(  0.0%)]
         [Old:               1445(100.0%)     75.2K(100.0%)]
   [Table]
      [Memory Usage: 169.6K]
      [Size: 4096, Min: 1024, Max: 16777216]
      [Entries: 5870, Load: 143.3%, Cached: 0, Added: 5870, Removed: 0]
      [Resize Count: 2, Shrink Threshold: 2730(66.7%), Grow Threshold: 8192(200.0%)]
      [Rehash Count: 0, Rehash Threshold: 120, Hash Seed: 0x0]
      [Age Threshold: 3]
   [Queue]
      [Dropped: 0]
10.198: [GC pause (G1 Evacuation Pause) (young), 0.0049160 secs]
   [Parallel Time: 4.4 ms, GC Workers: 4]
      [GC Worker Start (ms): Min: 10197.8, Avg: 10197.8, Max: 10197.9, Diff: 0.1]
      [Ext Root Scanning (ms): Min: 0.2, Avg: 0.2, Max: 0.2, Diff: 0.1, Sum: 0.8]
      [Update RS (ms): Min: 0.3, Avg: 0.4, Max: 0.5, Diff: 0.2, Sum: 1.4]
         [Processed Buffers: Min: 1, Avg: 2.5, Max: 7, Diff: 6, Sum: 10]
      [Scan RS (ms): Min: 0.0, Avg: 0.0, Max: 0.0, Diff: 0.0, Sum: 0.0]
      [Code Root Scanning (ms): Min: 0.0, Avg: 0.0, Max: 0.0, Diff: 0.0, Sum: 0.0]
      [Object Copy (ms): Min: 3.6, Avg: 3.8, Max: 3.8, Diff: 0.2, Sum: 15.0]
      [Termination (ms): Min: 0.0, Avg: 0.0, Max: 0.0, Diff: 0.0, Sum: 0.0]
         [Termination Attempts: Min: 2, Avg: 3.3, Max: 4, Diff: 2, Sum: 13]
      [GC Worker Other (ms): Min: 0.0, Avg: 0.0, Max: 0.0, Diff: 0.0, Sum: 0.0]
      [GC Worker Total (ms): Min: 4.3, Avg: 4.3, Max: 4.4, Diff: 0.1, Sum: 17.4]
      [GC Worker End (ms): Min: 10202.2, Avg: 10202.2, Max: 10202.2, Diff: 0.0]
   [Code Root Fixup: 0.0 ms]
   [Code Root Purge: 0.0 ms]
   [String Dedup Fixup: 0.1 ms, GC Workers: 4]
      [Queue Fixup (ms): Min: 0.0, Avg: 0.0, Max: 0.0, Diff: 0.0, Sum: 0.0]
      [Table Fixup (ms): Min: 0.0, Avg: 0.0, Max: 0.0, Diff: 0.0, Sum: 0.2]
   [Clear CT: 0.2 ms]
   [Other: 0.3 ms]
      [Choose CSet: 0.0 ms]
      [Ref Proc: 0.0 ms]
      [Ref Enq: 0.0 ms]
      [Redirty Cards: 0.1 ms]
      [Humongous Register: 0.0 ms]
      [Humongous Reclaim: 0.0 ms]
      [Free CSet: 0.0 ms]
   [Eden: 21.0M(21.0M)->0.0B(150.0M) Survivors: 2048.0K->3072.0K Heap: 31.1M(256.0M)->16.4M(256.0M)]
 [Times: user=0.03 sys=0.03, real=0.00 secs] 
10.380: [GC pause (G1 Evacuation Pause) (young), 0.0662339 secs]
   [Parallel Time: 65.8 ms, GC Workers: 4]
      [GC Worker Start (ms): Min: 10379.8, Avg: 10379.8, Max: 10379.8, Diff: 0.0]
      [Ext Root Scanning (ms): Min: 0.2, Avg: 0.2, Max: 0.2, Diff: 0.0, Sum: 0.7]
      [Update RS (ms): Min: 0.5, Avg: 0.7, Max: 0.9, Diff: 0.3, Sum: 2.6]
         [Processed Buffers: Min: 2, Avg: 2.3, Max: 3, Diff: 1, Sum: 9]
      [Scan RS (ms): Min: 0.0, Avg: 0.0, Max: 0.1, Diff: 0.1, Sum: 0.1]
      [Code Root Scanning (ms): Min: 0.0, Avg: 0.0, Max: 0.0, Diff: 0.0, Sum: 0.0]
      [Object Copy (ms): Min: 64.7, Avg: 64.9, Max: 65.0, Diff: 0.2, Sum: 259.7]
      [Termination (ms): Min: 0.0, Avg: 0.0, Max: 0.0, Diff: 0.0, Sum: 0.0]
         [Termination Attempts: Min: 1, Avg: 1.0, Max: 1, Diff: 0, Sum: 4]
      [GC Worker Other (ms): Min: 0.0, Avg: 0.0, Max: 0.0, Diff: 0.0, Sum: 0.0]
      [GC Worker Total (ms): Min: 65.8, Avg: 65.8, Max: 65.8, Diff: 0.0, Sum: 263.2]
      [GC Worker End (ms): Min: 10445.6, Avg: 10445.6, Max: 10445.6, Diff: 0.0]
   [Code Root Fixup: 0.0 ms]
   [Code Root Purge: 0.0 ms]
   [String Dedup Fixup: 0.1 ms, GC Workers: 4]
      [Queue Fixup (ms): Min: 0.0, Avg: 0.0, Max: 0.0, Diff: 0.0, Sum: 0.0]
      [Table Fixup (ms): Min: 0.0, Avg: 0.0, Max: 0.1, Diff: 0.0, Sum: 0.2]
   [Clear CT: 0.0 ms]
   [Other: 0.3 ms]
      [Choose CSet: 0.0 ms]
      [Ref Proc: 0.0 ms]
      [Ref Enq: 0.0 ms]
      [Redirty Cards: 0.1 ms]
      [Humongous Register: 0.0 ms]
      [Humongous Reclaim: 0.0 ms]
      [Free CSet: 0.1 ms]
   [Eden: 150.0M(150.0M)->0.0B(15.0M) Survivors: 3072.0K->20.0M Heap: 166.4M(256.0M)->71.8M(256.0M)]
 [Times: user=0.22 sys=0.03, real=0.07 secs] 
10.446: [GC concurrent-string-deduplication, 6144.0B->5720.0B(424.0B), avg 37.9%, 0.0002486 secs]
   [Last Exec: 0.0002486 secs, Idle: 0.2702708 secs, Blocked: 0/0.0000000 secs]
      [Inspected:            5054]
         [Skipped:              0(  0.0%)]
         [Hashed:             118(  2.3%)]
         [Known:             4936( 97.7%)]
         [New:                118(  2.3%)   6144.0B]
      [Deduplicated:            8(  6.8%)    424.0B(  6.9%)]
         [Young:                8(100.0%)    424.0B(100.0%)]
         [Old:                  0(  0.0%)      0.0B(  0.0%)]
   [Total Exec: 3/0.0014529 secs, Idle: 3/10.2279332 secs, Blocked: 0/0.0000000 secs]
      [Inspected:           16905]
         [Skipped:              0(  0.0%)]
         [Hashed:            1858( 11.0%)]
         [Known:            13959( 82.6%)]
         [New:               2946( 17.4%)    199.6K]
      [Deduplicated:         1453( 49.3%)     75.6K( 37.9%)]
         [Young:                8(  0.6%)    424.0B(  0.5%)]
         [Old:               1445( 99.4%)     75.2K( 99.5%)]
   [Table]
      [Memory Usage: 172.6K]
      [Size: 4096, Min: 1024, Max: 16777216]
      [Entries: 5998, Load: 146.4%, Cached: 0, Added: 5998, Removed: 0]
      [Resize Count: 2, Shrink Threshold: 2730(66.7%), Grow Threshold: 8192(200.0%)]
      [Rehash Count: 0, Rehash Threshold: 120, Hash Seed: 0x0]
      [Age Threshold: 3]
   [Queue]
      [Dropped: 0]
10.479: [GC pause (G1 Evacuation Pause) (young), 0.0384130 secs]
   [Parallel Time: 38.0 ms, GC Workers: 4]
      [GC Worker Start (ms): Min: 10479.4, Avg: 10479.5, Max: 10479.5, Diff: 0.0]
      [Ext Root Scanning (ms): Min: 0.2, Avg: 0.2, Max: 0.2, Diff: 0.0, Sum: 0.8]
      [Update RS (ms): Min: 0.6, Avg: 0.8, Max: 1.0, Diff: 0.4, Sum: 3.1]
         [Processed Buffers: Min: 2, Avg: 2.3, Max: 3, Diff: 1, Sum: 9]
      [Scan RS (ms): Min: 5.6, Avg: 5.7, Max: 5.8, Diff: 0.2, Sum: 22.9]
      [Code Root Scanning (ms): Min: 0.0, Avg: 0.0, Max: 0.0, Diff: 0.0, Sum: 0.0]
      [Object Copy (ms): Min: 31.0, Avg: 31.3, Max: 31.4, Diff: 0.4, Sum: 125.2]
      [Termination (ms): Min: 0.0, Avg: 0.0, Max: 0.0, Diff: 0.0, Sum: 0.0]
         [Termination Attempts: Min: 9, Avg: 12.5, Max: 15, Diff: 6, Sum: 50]
      [GC Worker Other (ms): Min: 0.0, Avg: 0.0, Max: 0.0, Diff: 0.0, Sum: 0.0]
      [GC Worker Total (ms): Min: 38.0, Avg: 38.0, Max: 38.0, Diff: 0.0, Sum: 152.0]
      [GC Worker End (ms): Min: 10517.5, Avg: 10517.5, Max: 10517.5, Diff: 0.0]
   [Code Root Fixup: 0.0 ms]
   [Code Root Purge: 0.0 ms]
   [String Dedup Fixup: 0.1 ms, GC Workers: 4]
      [Queue Fixup (ms): Min: 0.0, Avg: 0.0, Max: 0.0, Diff: 0.0, Sum: 0.0]
      [Table Fixup (ms): Min: 0.0, Avg: 0.1, Max: 0.1, Diff: 0.0, Sum: 0.2]
   [Clear CT: 0.0 ms]
   [Other: 0.3 ms]
      [Choose CSet: 0.0 ms]
      [Ref Proc: 0.0 ms]
      [Ref Enq: 0.0 ms]
      [Redirty Cards: 0.1 ms]
      [Humongous Register: 0.0 ms]
      [Humongous Reclaim: 0.0 ms]
      [Free CSet: 0.1 ms]
   [Eden: 15.0M(15.0M)->0.0B(7168.0K) Survivors: 20.0M->5120.0K Heap: 86.8M(256.0M)->76.9M(256.0M)]
 [Times: user=0.19 sys=0.00, real=0.04 secs] 
10.518: [GC concurrent-string-deduplication, 5264.0B->4944.0B(320.0B), avg 37.1%, 0.0002390 secs]
   [Last Exec: 0.0002390 secs, Idle: 0.0715809 secs, Blocked: 0/0.0000000 secs]
      [Inspected:            4883]
         [Skipped:              0(  0.0%)]
         [Hashed:             109(  2.2%)]
         [Known:             4774( 97.8%)]
         [New:                109(  2.2%)   5264.0B]
      [Deduplicated:            6(  5.5%)    320.0B(  6.1%)]
         [Young:                0(  0.0%)      0.0B(  0.0%)]
         [Old:                  6(100.0%)    320.0B(100.0%)]
   [Total Exec: 4/0.0016919 secs, Idle: 4/10.2995142 secs, Blocked: 0/0.0000000 secs]
      [Inspected:           21788]
         [Skipped:              0(  0.0%)]
         [Hashed:            1967(  9.0%)]
         [Known:            18733( 86.0%)]
         [New:               3055( 14.0%)    204.8K]
      [Deduplicated:         1459( 47.8%)     75.9K( 37.1%)]
         [Young:                8(  0.5%)    424.0B(  0.5%)]
         [Old:               1451( 99.5%)     75.5K( 99.5%)]
   [Table]
      [Memory Usage: 175.0K]
      [Size: 4096, Min: 1024, Max: 16777216]
      [Entries: 6101, Load: 149.0%, Cached: 0, Added: 6101, Removed: 0]
      [Resize Count: 2, Shrink Threshold: 2730(66.7%), Grow Threshold: 8192(200.0%)]
      [Rehash Count: 0, Rehash Threshold: 120, Hash Seed: 0x0]
      [Age Threshold: 3]
   [Queue]
      [Dropped: 0]
10.549: [GC pause (G1 Evacuation Pause) (young), 0.0047646 secs]
   [Parallel Time: 4.5 ms, GC Workers: 4]
      [GC Worker Start (ms): Min: 10548.7, Avg: 10548.7, Max: 10548.7, Diff: 0.0]
      [Ext Root Scanning (ms): Min: 0.2, Avg: 0.2, Max: 0.2, Diff: 0.0, Sum: 0.7]
      [Update RS (ms): Min: 0.7, Avg: 1.0, Max: 1.3, Diff: 0.6, Sum: 3.9]
         [Processed Buffers: Min: 2, Avg: 2.8, Max: 4, Diff: 2, Sum: 11]
      [Scan RS (ms): Min: 0.0, Avg: 0.0, Max: 0.0, Diff: 0.0, Sum: 0.0]
      [Code Root Scanning (ms): Min: 0.0, Avg: 0.0, Max: 0.0, Diff: 0.0, Sum: 0.0]
      [Object Copy (ms): Min: 3.0, Avg: 3.3, Max: 3.6, Diff: 0.6, Sum: 13.3]
      [Termination (ms): Min: 0.0, Avg: 0.0, Max: 0.0, Diff: 0.0, Sum: 0.0]
         [Termination Attempts: Min: 23, Avg: 26.8, Max: 29, Diff: 6, Sum: 107]
      [GC Worker Other (ms): Min: 0.0, Avg: 0.0, Max: 0.0, Diff: 0.0, Sum: 0.0]
      [GC Worker Total (ms): Min: 4.5, Avg: 4.5, Max: 4.5, Diff: 0.0, Sum: 18.1]
      [GC Worker End (ms): Min: 10553.2, Avg: 10553.2, Max: 10553.2, Diff: 0.0]
   [Code Root Fixup: 0.0 ms]
   [Code Root Purge: 0.0 ms]
   [String Dedup Fixup: 0.1 ms, GC Workers: 4]
      [Queue Fixup (ms): Min: 0.0, Avg: 0.0, Max: 0.0, Diff: 0.0, Sum: 0.0]
      [Table Fixup (ms): Min: 0.0, Avg: 0.0, Max: 0.1, Diff: 0.0, Sum: 0.2]
   [Clear CT: 0.0 ms]
   [Other: 0.1 ms]
      [Choose CSet: 0.0 ms]
      [Ref Proc: 0.0 ms]
      [Ref Enq: 0.0 ms]
      [Redirty Cards: 0.0 ms]
      [Humongous Register: 0.0 ms]
      [Humongous Reclaim: 0.0 ms]
      [Free CSet: 0.0 ms]
   [Eden: 7168.0K(7168.0K)->0.0B(10.0M) Survivors: 5120.0K->2048.0K Heap: 83.9M(256.0M)->78.4M(256.0M)]
 [Times: user=0.00 sys=0.00, real=0.00 secs] 
10.554: [GC concurrent-string-deduplication, 160.0B->0.0B(160.0B), avg 37.1%, 0.0000042 secs]
   [Last Exec: 0.0000042 secs, Idle: 0.0353204 secs, Blocked: 0/0.0000000 secs]
      [Inspected:               3]
         [Skipped:              0(  0.0%)]
         [Hashed:               3(100.0%)]
         [Known:                0(  0.0%)]
         [New:                  3(100.0%)    160.0B]
      [Deduplicated:            3(100.0%)    160.0B(100.0%)]
         [Young:                0(  0.0%)      0.0B(  0.0%)]
         [Old:                  3(100.0%)    160.0B(100.0%)]
   [Total Exec: 5/0.0016961 secs, Idle: 5/10.3348346 secs, Blocked: 0/0.0000000 secs]
      [Inspected:           21791]
         [Skipped:              0(  0.0%)]
         [Hashed:            1970(  9.0%)]
         [Known:            18733( 86.0%)]
         [New:               3058( 14.0%)    204.9K]
      [Deduplicated:         1462( 47.8%)     76.1K( 37.1%)]
         [Young:                8(  0.5%)    424.0B(  0.5%)]
         [Old:               1454( 99.5%)     75.7K( 99.5%)]
   [Table]
      [Memory Usage: 175.0K]
      [Size: 4096, Min: 1024, Max: 16777216]
      [Entries: 6101, Load: 149.0%, Cached: 0, Added: 6101, Removed: 0]
      [Resize Count: 2, Shrink Threshold: 2730(66.7%), Grow Threshold: 8192(200.0%)]
      [Rehash Count: 0, Rehash Threshold: 120, Hash Seed: 0x0]
      [Age Threshold: 3]
   [Queue]
      [Dropped: 0]
10.563: [GC pause (G1 Evacuation Pause) (young), 0.0040869 secs]
   [Parallel Time: 3.9 ms, GC Workers: 4]
      [GC Worker Start (ms): Min: 10563.1, Avg: 10563.1, Max: 10563.1, Diff: 0.0]
      [Ext Root Scanning (ms): Min: 0.2, Avg: 0.2, Max: 0.2, Diff: 0.0, Sum: 0.8]
      [Update RS (ms): Min: 0.8, Avg: 0.9, Max: 1.1, Diff: 0.3, Sum: 3.7]
         [Processed Buffers: Min: 2, Avg: 2.8, Max: 4, Diff: 2, Sum: 11]
      [Scan RS (ms): Min: 0.0, Avg: 0.0, Max: 0.0, Diff: 0.0, Sum: 0.0]
      [Code Root Scanning (ms): Min: 0.0, Avg: 0.0, Max: 0.0, Diff: 0.0, Sum: 0.0]
      [Object Copy (ms): Min: 2.6, Avg: 2.7, Max: 2.8, Diff: 0.3, Sum: 10.8]
      [Termination (ms): Min: 0.0, Avg: 0.0, Max: 0.0, Diff: 0.0, Sum: 0.0]
         [Termination Attempts: Min: 7, Avg: 10.5, Max: 13, Diff: 6, Sum: 42]
      [GC Worker Other (ms): Min: 0.0, Avg: 0.0, Max: 0.0, Diff: 0.0, Sum: 0.0]
      [GC Worker Total (ms): Min: 3.8, Avg: 3.8, Max: 3.8, Diff: 0.0, Sum: 15.3]
      [GC Worker End (ms): Min: 10566.9, Avg: 10566.9, Max: 10566.9, Diff: 0.0]
   [Code Root Fixup: 0.0 ms]
   [Code Root Purge: 0.0 ms]
   [String Dedup Fixup: 0.1 ms, GC Workers: 4]
      [Queue Fixup (ms): Min: 0.0, Avg: 0.0, Max: 0.0, Diff: 0.0, Sum: 0.0]
      [Table Fixup (ms): Min: 0.0, Avg: 0.0, Max: 0.1, Diff: 0.0, Sum: 0.2]
   [Clear CT: 0.0 ms]
   [Other: 0.1 ms]
      [Choose CSet: 0.0 ms]
      [Ref Proc: 0.0 ms]
      [Ref Enq: 0.0 ms]
      [Redirty Cards: 0.0 ms]
      [Humongous Register: 0.0 ms]
      [Humongous Reclaim: 0.0 ms]
      [Free CSet: 0.0 ms]
   [Eden: 10.0M(10.0M)->0.0B(28.0M) Survivors: 2048.0K->2048.0K Heap: 88.4M(256.0M)->82.4M(256.0M)]
 [Times: user=0.00 sys=0.00, real=0.00 secs] 
10.567: [GC concurrent-string-deduplication, 160.0B->0.0B(160.0B), avg 37.2%, 0.0000035 secs]
   [Last Exec: 0.0000035 secs, Idle: 0.0136616 secs, Blocked: 0/0.0000000 secs]
      [Inspected:               3]
         [Skipped:              0(  0.0%)]
         [Hashed:               3(100.0%)]
         [Known:                0(  0.0%)]
         [New:                  3(100.0%)    160.0B]
      [Deduplicated:            3(100.0%)    160.0B(100.0%)]
         [Young:                0(  0.0%)      0.0B(  0.0%)]
         [Old:                  3(100.0%)    160.0B(100.0%)]
   [Total Exec: 6/0.0016996 secs, Idle: 6/10.3484962 secs, Blocked: 0/0.0000000 secs]
      [Inspected:           21794]
         [Skipped:              0(  0.0%)]
         [Hashed:            1973(  9.1%)]
         [Known:            18733( 86.0%)]
         [New:               3061( 14.0%)    205.1K]
      [Deduplicated:         1465( 47.9%)     76.3K( 37.2%)]
         [Young:                8(  0.5%)    424.0B(  0.5%)]
         [Old:               1457( 99.5%)     75.8K( 99.5%)]
   [Table]
      [Memory Usage: 175.0K]
      [Size: 4096, Min: 1024, Max: 16777216]
      [Entries: 6101, Load: 149.0%, Cached: 0, Added: 6101, Removed: 0]
      [Resize Count: 2, Shrink Threshold: 2730(66.7%), Grow Threshold: 8192(200.0%)]
      [Rehash Count: 0, Rehash Threshold: 120, Hash Seed: 0x0]
      [Age Threshold: 3]
   [Queue]
      [Dropped: 0]
10.591: [GC pause (G1 Evacuation Pause) (young), 0.0146334 secs]
   [Parallel Time: 14.4 ms, GC Workers: 4]
      [GC Worker Start (ms): Min: 10591.4, Avg: 10591.4, Max: 10591.4, Diff: 0.0]
      [Ext Root Scanning (ms): Min: 0.2, Avg: 0.2, Max: 0.2, Diff: 0.0, Sum: 0.8]
      [Update RS (ms): Min: 0.8, Avg: 1.0, Max: 1.1, Diff: 0.3, Sum: 3.8]
         [Processed Buffers: Min: 2, Avg: 3.0, Max: 6, Diff: 4, Sum: 12]
      [Scan RS (ms): Min: 0.0, Avg: 0.0, Max: 0.0, Diff: 0.0, Sum: 0.0]
      [Code Root Scanning (ms): Min: 0.0, Avg: 0.0, Max: 0.0, Diff: 0.0, Sum: 0.0]
      [Object Copy (ms): Min: 13.1, Avg: 13.2, Max: 13.4, Diff: 0.3, Sum: 52.8]
      [Termination (ms): Min: 0.0, Avg: 0.0, Max: 0.0, Diff: 0.0, Sum: 0.0]
         [Termination Attempts: Min: 6, Avg: 10.5, Max: 15, Diff: 9, Sum: 42]
      [GC Worker Other (ms): Min: 0.0, Avg: 0.0, Max: 0.0, Diff: 0.0, Sum: 0.0]
      [GC Worker Total (ms): Min: 14.4, Avg: 14.4, Max: 14.4, Diff: 0.0, Sum: 57.4]
      [GC Worker End (ms): Min: 10605.8, Avg: 10605.8, Max: 10605.8, Diff: 0.0]
   [Code Root Fixup: 0.0 ms]
   [Code Root Purge: 0.0 ms]
   [String Dedup Fixup: 0.1 ms, GC Workers: 4]
      [Queue Fixup (ms): Min: 0.0, Avg: 0.0, Max: 0.0, Diff: 0.0, Sum: 0.0]
      [Table Fixup (ms): Min: 0.0, Avg: 0.1, Max: 0.1, Diff: 0.0, Sum: 0.2]
   [Clear CT: 0.0 ms]
   [Other: 0.2 ms]
      [Choose CSet: 0.0 ms]
      [Ref Proc: 0.0 ms]
      [Ref Enq: 0.0 ms]
      [Redirty Cards: 0.0 ms]
      [Humongous Register: 0.0 ms]
      [Humongous Reclaim: 0.0 ms]
      [Free CSet: 0.0 ms]
   [Eden: 28.0M(28.0M)->0.0B(55.0M) Survivors: 2048.0K->4096.0K Heap: 110.4M(256.0M)->92.4M(256.0M)]
 [Times: user=0.02 sys=0.00, real=0.01 secs] 
10.606: [GC concurrent-string-deduplication, 896.0B->576.0B(320.0B), avg 37.2%, 0.0000311 secs]
   [Last Exec: 0.0000311 secs, Idle: 0.0388328 secs, Blocked: 0/0.0000000 secs]
      [Inspected:             525]
         [Skipped:              0(  0.0%)]
         [Hashed:              18(  3.4%)]
         [Known:              507( 96.6%)]
         [New:                 18(  3.4%)    896.0B]
      [Deduplicated:            6( 33.3%)    320.0B( 35.7%)]
         [Young:                0(  0.0%)      0.0B(  0.0%)]
         [Old:                  6(100.0%)    320.0B(100.0%)]
   [Total Exec: 7/0.0017307 secs, Idle: 7/10.3873290 secs, Blocked: 0/0.0000000 secs]
      [Inspected:           22319]
         [Skipped:              0(  0.0%)]
         [Hashed:            1991(  8.9%)]
         [Known:            19240( 86.2%)]
         [New:               3079( 13.8%)    205.9K]
      [Deduplicated:         1471( 47.8%)     76.6K( 37.2%)]
         [Young:                8(  0.5%)    424.0B(  0.5%)]
         [Old:               1463( 99.5%)     76.1K( 99.5%)]
   [Table]
      [Memory Usage: 175.3K]
      [Size: 4096, Min: 1024, Max: 16777216]
      [Entries: 6113, Load: 149.2%, Cached: 0, Added: 6113, Removed: 0]
      [Resize Count: 2, Shrink Threshold: 2730(66.7%), Grow Threshold: 8192(200.0%)]
      [Rehash Count: 0, Rehash Threshold: 120, Hash Seed: 0x0]
      [Age Threshold: 3]
   [Queue]
      [Dropped: 0]
10.656: [GC pause (G1 Evacuation Pause) (young), 0.0423882 secs]
   [Parallel Time: 42.1 ms, GC Workers: 4]
      [GC Worker Start (ms): Min: 10655.6, Avg: 10655.6, Max: 10655.6, Diff: 0.0]
      [Ext Root Scanning (ms): Min: 0.2, Avg: 0.2, Max: 0.2, Diff: 0.0, Sum: 0.8]
      [Update RS (ms): Min: 1.1, Avg: 1.3, Max: 1.5, Diff: 0.4, Sum: 5.1]
         [Processed Buffers: Min: 3, Avg: 3.3, Max: 4, Diff: 1, Sum: 13]
      [Scan RS (ms): Min: 1.6, Avg: 1.8, Max: 2.0, Diff: 0.4, Sum: 7.2]
      [Code Root Scanning (ms): Min: 0.0, Avg: 0.0, Max: 0.0, Diff: 0.0, Sum: 0.0]
      [Object Copy (ms): Min: 38.8, Avg: 38.8, Max: 38.8, Diff: 0.1, Sum: 155.1]
      [Termination (ms): Min: 0.0, Avg: 0.0, Max: 0.0, Diff: 0.0, Sum: 0.1]
         [Termination Attempts: Min: 1, Avg: 268.8, Max: 378, Diff: 377, Sum: 1075]
      [GC Worker Other (ms): Min: 0.0, Avg: 0.0, Max: 0.0, Diff: 0.0, Sum: 0.0]
      [GC Worker Total (ms): Min: 42.1, Avg: 42.1, Max: 42.1, Diff: 0.0, Sum: 168.4]
      [GC Worker End (ms): Min: 10697.7, Avg: 10697.7, Max: 10697.7, Diff: 0.0]
   [Code Root Fixup: 0.0 ms]
   [Code Root Purge: 0.0 ms]
   [String Dedup Fixup: 0.1 ms, GC Workers: 4]
      [Queue Fixup (ms): Min: 0.0, Avg: 0.0, Max: 0.0, Diff: 0.0, Sum: 0.0]
      [Table Fixup (ms): Min: 0.0, Avg: 0.1, Max: 0.1, Diff: 0.0, Sum: 0.2]
   [Clear CT: 0.0 ms]
   [Other: 0.2 ms]
      [Choose CSet: 0.0 ms]
      [Ref Proc: 0.0 ms]
      [Ref Enq: 0.0 ms]
      [Redirty Cards: 0.0 ms]
      [Humongous Register: 0.0 ms]
      [Humongous Reclaim: 0.0 ms]
      [Free CSet: 0.0 ms]
   [Eden: 55.0M(55.0M)->0.0B(84.0M) Survivors: 4096.0K->8192.0K Heap: 147.4M(256.0M)->111.5M(256.0M)]
 [Times: user=0.13 sys=0.00, real=0.04 secs] 
10.698: [GC concurrent-string-deduplication, 2848.0B->2688.0B(160.0B), avg 36.8%, 0.0001443 secs]
   [Last Exec: 0.0001443 secs, Idle: 0.0918754 secs, Blocked: 0/0.0000000 secs]
      [Inspected:            2842]
         [Skipped:              0(  0.0%)]
         [Hashed:              59(  2.1%)]
         [Known:             2783( 97.9%)]
         [New:                 59(  2.1%)   2848.0B]
      [Deduplicated:            3(  5.1%)    160.0B(  5.6%)]
         [Young:                0(  0.0%)      0.0B(  0.0%)]
         [Old:                  3(100.0%)    160.0B(100.0%)]
   [Total Exec: 8/0.0018750 secs, Idle: 8/10.4792044 secs, Blocked: 0/0.0000000 secs]
      [Inspected:           25161]
         [Skipped:              0(  0.0%)]
         [Hashed:            2050(  8.1%)]
         [Known:            22023( 87.5%)]
         [New:               3138( 12.5%)    208.7K]
      [Deduplicated:         1474( 47.0%)     76.7K( 36.8%)]
         [Young:                8(  0.5%)    424.0B(  0.5%)]
         [Old:               1466( 99.5%)     76.3K( 99.5%)]
   [Table]
      [Memory Usage: 176.9K]
      [Size: 4096, Min: 1024, Max: 16777216]
      [Entries: 6182, Load: 150.9%, Cached: 0, Added: 6182, Removed: 0]
      [Resize Count: 2, Shrink Threshold: 2730(66.7%), Grow Threshold: 8192(200.0%)]
      [Rehash Count: 0, Rehash Threshold: 120, Hash Seed: 0x0]
      [Age Threshold: 3]
   [Queue]
      [Dropped: 0]
10.747: [GC pause (G1 Evacuation Pause) (young), 0.0414331 secs]
   [Parallel Time: 41.1 ms, GC Workers: 4]
      [GC Worker Start (ms): Min: 10746.9, Avg: 10746.9, Max: 10746.9, Diff: 0.0]
      [Ext Root Scanning (ms): Min: 0.2, Avg: 0.2, Max: 0.2, Diff: 0.0, Sum: 0.8]
      [Update RS (ms): Min: 1.5, Avg: 1.7, Max: 2.1, Diff: 0.6, Sum: 6.9]
         [Processed Buffers: Min: 3, Avg: 3.5, Max: 5, Diff: 2, Sum: 14]
      [Scan RS (ms): Min: 6.8, Avg: 7.2, Max: 7.4, Diff: 0.5, Sum: 28.7]
      [Code Root Scanning (ms): Min: 0.0, Avg: 0.0, Max: 0.0, Diff: 0.0, Sum: 0.0]
      [Object Copy (ms): Min: 31.9, Avg: 32.0, Max: 32.0, Diff: 0.1, Sum: 127.8]
      [Termination (ms): Min: 0.0, Avg: 0.0, Max: 0.0, Diff: 0.0, Sum: 0.0]
         [Termination Attempts: Min: 15, Avg: 18.0, Max: 20, Diff: 5, Sum: 72]
      [GC Worker Other (ms): Min: 0.0, Avg: 0.0, Max: 0.0, Diff: 0.0, Sum: 0.0]
      [GC Worker Total (ms): Min: 41.1, Avg: 41.1, Max: 41.1, Diff: 0.0, Sum: 164.3]
      [GC Worker End (ms): Min: 10787.9, Avg: 10787.9, Max: 10787.9, Diff: 0.0]
   [Code Root Fixup: 0.0 ms]
   [Code Root Purge: 0.0 ms]
   [String Dedup Fixup: 0.1 ms, GC Workers: 4]
      [Queue Fixup (ms): Min: 0.0, Avg: 0.0, Max: 0.0, Diff: 0.0, Sum: 0.0]
      [Table Fixup (ms): Min: 0.0, Avg: 0.1, Max: 0.1, Diff: 0.0, Sum: 0.2]
   [Clear CT: 0.0 ms]
   [Other: 0.2 ms]
      [Choose CSet: 0.0 ms]
      [Ref Proc: 0.0 ms]
      [Ref Enq: 0.0 ms]
      [Redirty Cards: 0.1 ms]
      [Humongous Register: 0.0 ms]
      [Humongous Reclaim: 0.0 ms]
      [Free CSet: 0.0 ms]
   [Eden: 43.0M(22.0M)->0.0B(74.0M) Survivors: 8192.0K->4096.0K Heap: 154.5M(256.0M)->127.4M(256.0M)]
 [Times: user=0.19 sys=0.00, real=0.04 secs] 
10.789: [GC concurrent-string-deduplication, 5296.0B->5136.0B(160.0B), avg 35.9%, 0.0003535 secs]
   [Last Exec: 0.0003535 secs, Idle: 0.0901405 secs, Blocked: 0/0.0000000 secs]
      [Inspected:            4826]
         [Skipped:              0(  0.0%)]
         [Hashed:             110(  2.3%)]
         [Known:             4716( 97.7%)]
         [New:                110(  2.3%)   5296.0B]
      [Deduplicated:            3(  2.7%)    160.0B(  3.0%)]
         [Young:                0(  0.0%)      0.0B(  0.0%)]
         [Old:                  3(100.0%)    160.0B(100.0%)]
   [Total Exec: 9/0.0022285 secs, Idle: 9/10.5693449 secs, Blocked: 0/0.0000000 secs]
      [Inspected:           29987]
         [Skipped:              0(  0.0%)]
         [Hashed:            2160(  7.2%)]
         [Known:            26739( 89.2%)]
         [New:               3248( 10.8%)    213.9K]
      [Deduplicated:         1477( 45.5%)     76.9K( 35.9%)]
         [Young:                8(  0.5%)    424.0B(  0.5%)]
         [Old:               1469( 99.5%)     76.5K( 99.5%)]
   [Table]
      [Memory Usage: 179.4K]
      [Size: 4096, Min: 1024, Max: 16777216]
      [Entries: 6289, Load: 153.5%, Cached: 0, Added: 6289, Removed: 0]
      [Resize Count: 2, Shrink Threshold: 2730(66.7%), Grow Threshold: 8192(200.0%)]
      [Rehash Count: 0, Rehash Threshold: 120, Hash Seed: 0x0]
      [Age Threshold: 3]
   [Queue]
      [Dropped: 0]
10.865: [GC pause (G1 Evacuation Pause) (young) (initial-mark), 0.0399080 secs]
   [Parallel Time: 39.6 ms, GC Workers: 4]
      [GC Worker Start (ms): Min: 10864.8, Avg: 10864.9, Max: 10864.9, Diff: 0.0]
      [Ext Root Scanning (ms): Min: 0.3, Avg: 0.3, Max: 0.3, Diff: 0.0, Sum: 1.1]
      [Update RS (ms): Min: 1.7, Avg: 2.0, Max: 2.2, Diff: 0.5, Sum: 7.9]
         [Processed Buffers: Min: 3, Avg: 3.8, Max: 5, Diff: 2, Sum: 15]
      [Scan RS (ms): Min: 2.9, Avg: 3.1, Max: 3.4, Diff: 0.5, Sum: 12.5]
      [Code Root Scanning (ms): Min: 0.0, Avg: 0.0, Max: 0.0, Diff: 0.0, Sum: 0.0]
      [Object Copy (ms): Min: 34.1, Avg: 34.1, Max: 34.2, Diff: 0.0, Sum: 136.6]
      [Termination (ms): Min: 0.0, Avg: 0.0, Max: 0.0, Diff: 0.0, Sum: 0.0]
         [Termination Attempts: Min: 4, Avg: 73.3, Max: 103, Diff: 99, Sum: 293]
      [GC Worker Other (ms): Min: 0.0, Avg: 0.0, Max: 0.0, Diff: 0.0, Sum: 0.0]
      [GC Worker Total (ms): Min: 39.5, Avg: 39.5, Max: 39.5, Diff: 0.0, Sum: 158.1]
      [GC Worker End (ms): Min: 10904.4, Avg: 10904.4, Max: 10904.4, Diff: 0.0]
   [Code Root Fixup: 0.0 ms]
   [Code Root Purge: 0.0 ms]
   [String Dedup Fixup: 0.1 ms, GC Workers: 4]
      [Queue Fixup (ms): Min: 0.0, Avg: 0.0, Max: 0.0, Diff: 0.0, Sum: 0.0]
      [Table Fixup (ms): Min: 0.0, Avg: 0.1, Max: 0.1, Diff: 0.0, Sum: 0.2]
   [Clear CT: 0.0 ms]
   [Other: 0.2 ms]
      [Choose CSet: 0.0 ms]
      [Ref Proc: 0.0 ms]
      [Ref Enq: 0.0 ms]
      [Redirty Cards: 0.1 ms]
      [Humongous Register: 0.0 ms]
      [Humongous Reclaim: 0.0 ms]
      [Free CSet: 0.1 ms]
   [Eden: 74.0M(74.0M)->0.0B(56.0M) Survivors: 4096.0K->10.0M Heap: 201.4M(256.0M)->153.0M(256.0M)]
 [Times: user=0.19 sys=0.00, real=0.04 secs] 
10.905: [GC concurrent-root-region-scan-start]
10.905: [GC concurrent-string-deduplication, 3504.0B->3504.0B(0.0B), avg 35.4%, 0.0002053 secs]
   [Last Exec: 0.0002053 secs, Idle: 0.1159991 secs, Blocked: 0/0.0000000 secs]
      [Inspected:            3850]
         [Skipped:              0(  0.0%)]
         [Hashed:              73(  1.9%)]
         [Known:             3777( 98.1%)]
         [New:                 73(  1.9%)   3504.0B]
      [Deduplicated:            0(  0.0%)      0.0B(  0.0%)]
         [Young:                0(  0.0%)      0.0B(  0.0%)]
         [Old:                  0(  0.0%)      0.0B(  0.0%)]
   [Total Exec: 10/0.0024338 secs, Idle: 10/10.6853441 secs, Blocked: 0/0.0000000 secs]
      [Inspected:           33837]
         [Skipped:              0(  0.0%)]
         [Hashed:            2233(  6.6%)]
         [Known:            30516( 90.2%)]
         [New:               3321(  9.8%)    217.3K]
      [Deduplicated:         1477( 44.5%)     76.9K( 35.4%)]
         [Young:                8(  0.5%)    424.0B(  0.5%)]
         [Old:               1469( 99.5%)     76.5K( 99.5%)]
   [Table]
      [Memory Usage: 181.1K]
      [Size: 4096, Min: 1024, Max: 16777216]
      [Entries: 6362, Load: 155.3%, Cached: 0, Added: 6362, Removed: 0]
      [Resize Count: 2, Shrink Threshold: 2730(66.7%), Grow Threshold: 8192(200.0%)]
      [Rehash Count: 0, Rehash Threshold: 120, Hash Seed: 0x0]
      [Age Threshold: 3]
   [Queue]
      [Dropped: 0]
10.927: [GC concurrent-root-region-scan-end, 0.0219020 secs]
10.927: [GC concurrent-mark-start]
10.965: [GC pause (G1 Evacuation Pause) (young), 0.0491372 secs]
   [Parallel Time: 45.5 ms, GC Workers: 4]
      [GC Worker Start (ms): Min: 10965.3, Avg: 10965.3, Max: 10965.3, Diff: 0.0]
      [Ext Root Scanning (ms): Min: 0.2, Avg: 0.2, Max: 0.2, Diff: 0.0, Sum: 0.8]
      [Update RS (ms): Min: 1.8, Avg: 1.9, Max: 2.1, Diff: 0.2, Sum: 7.7]
         [Processed Buffers: Min: 4, Avg: 4.0, Max: 4, Diff: 0, Sum: 16]
      [Scan RS (ms): Min: 10.2, Avg: 10.4, Max: 10.7, Diff: 0.5, Sum: 41.8]
      [Code Root Scanning (ms): Min: 0.0, Avg: 0.0, Max: 0.0, Diff: 0.0, Sum: 0.0]
      [Object Copy (ms): Min: 32.7, Avg: 32.9, Max: 32.9, Diff: 0.3, Sum: 131.5]
      [Termination (ms): Min: 0.0, Avg: 0.0, Max: 0.0, Diff: 0.0, Sum: 0.0]
         [Termination Attempts: Min: 5, Avg: 85.8, Max: 120, Diff: 115, Sum: 343]
      [GC Worker Other (ms): Min: 0.0, Avg: 0.0, Max: 0.0, Diff: 0.0, Sum: 0.0]
      [GC Worker Total (ms): Min: 45.4, Avg: 45.5, Max: 45.5, Diff: 0.0, Sum: 181.8]
      [GC Worker End (ms): Min: 11010.8, Avg: 11010.8, Max: 11010.8, Diff: 0.0]
   [Code Root Fixup: 0.0 ms]
   [Code Root Purge: 0.0 ms]
   [String Dedup Fixup: 0.1 ms, GC Workers: 4]
      [Queue Fixup (ms): Min: 0.0, Avg: 0.0, Max: 0.0, Diff: 0.0, Sum: 0.0]
      [Table Fixup (ms): Min: 0.1, Avg: 0.1, Max: 0.1, Diff: 0.0, Sum: 0.2]
   [Clear CT: 0.0 ms]
   [Other: 3.5 ms]
      [Choose CSet: 0.0 ms]
      [Ref Proc: 0.0 ms]
      [Ref Enq: 0.0 ms]
      [Redirty Cards: 0.1 ms]
      [Humongous Register: 0.0 ms]
      [Humongous Reclaim: 0.0 ms]
      [Free CSet: 0.1 ms]
   [Eden: 56.0M(56.0M)->0.0B(51.0M) Survivors: 10.0M->9216.0K Heap: 209.0M(256.0M)->174.3M(512.0M)]
 [Times: user=0.19 sys=0.02, real=0.05 secs] 
11.015: [GC concurrent-string-deduplication, 2656.0B->2496.0B(160.0B), avg 35.0%, 0.0001469 secs]
   [Last Exec: 0.0001469 secs, Idle: 0.1094978 secs, Blocked: 0/0.0000000 secs]
      [Inspected:            2607]
         [Skipped:              0(  0.0%)]
         [Hashed:              55(  2.1%)]
         [Known:             2552( 97.9%)]
         [New:                 55(  2.1%)   2656.0B]
      [Deduplicated:            3(  5.5%)    160.0B(  6.0%)]
         [Young:                0(  0.0%)      0.0B(  0.0%)]
         [Old:                  3(100.0%)    160.0B(100.0%)]
   [Total Exec: 11/0.0025807 secs, Idle: 11/10.7948418 secs, Blocked: 0/0.0000000 secs]
      [Inspected:           36444]
         [Skipped:              0(  0.0%)]
         [Hashed:            2288(  6.3%)]
         [Known:            33068( 90.7%)]
         [New:               3376(  9.3%)    219.9K]
      [Deduplicated:         1480( 43.8%)     77.0K( 35.0%)]
         [Young:                8(  0.5%)    424.0B(  0.5%)]
         [Old:               1472( 99.5%)     76.6K( 99.5%)]
   [Table]
      [Memory Usage: 182.3K]
      [Size: 4096, Min: 1024, Max: 16777216]
      [Entries: 6414, Load: 156.6%, Cached: 0, Added: 6414, Removed: 0]
      [Resize Count: 2, Shrink Threshold: 2730(66.7%), Grow Threshold: 8192(200.0%)]
      [Rehash Count: 0, Rehash Threshold: 120, Hash Seed: 0x0]
      [Age Threshold: 3]
   [Queue]
      [Dropped: 0]
11.101: [GC pause (G1 Evacuation Pause) (young), 0.0364122 secs]
   [Parallel Time: 32.3 ms, GC Workers: 4]
      [GC Worker Start (ms): Min: 11101.5, Avg: 11101.5, Max: 11101.5, Diff: 0.0]
      [Ext Root Scanning (ms): Min: 0.2, Avg: 0.2, Max: 0.2, Diff: 0.0, Sum: 0.7]
      [Update RS (ms): Min: 1.7, Avg: 1.8, Max: 2.1, Diff: 0.4, Sum: 7.3]
         [Processed Buffers: Min: 3, Avg: 4.0, Max: 5, Diff: 2, Sum: 16]
      [Scan RS (ms): Min: 0.0, Avg: 0.0, Max: 0.0, Diff: 0.0, Sum: 0.1]
      [Code Root Scanning (ms): Min: 0.0, Avg: 0.0, Max: 0.0, Diff: 0.0, Sum: 0.0]
      [Object Copy (ms): Min: 30.0, Avg: 30.2, Max: 30.3, Diff: 0.4, Sum: 120.9]
      [Termination (ms): Min: 0.0, Avg: 0.0, Max: 0.0, Diff: 0.0, Sum: 0.0]
         [Termination Attempts: Min: 9, Avg: 12.0, Max: 18, Diff: 9, Sum: 48]
      [GC Worker Other (ms): Min: 0.0, Avg: 0.0, Max: 0.0, Diff: 0.0, Sum: 0.0]
      [GC Worker Total (ms): Min: 32.3, Avg: 32.3, Max: 32.3, Diff: 0.0, Sum: 129.1]
      [GC Worker End (ms): Min: 11133.8, Avg: 11133.8, Max: 11133.8, Diff: 0.0]
   [Code Root Fixup: 0.0 ms]
   [Code Root Purge: 0.0 ms]
   [String Dedup Fixup: 0.1 ms, GC Workers: 4]
      [Queue Fixup (ms): Min: 0.0, Avg: 0.0, Max: 0.0, Diff: 0.0, Sum: 0.0]
      [Table Fixup (ms): Min: 0.1, Avg: 0.1, Max: 0.1, Diff: 0.0, Sum: 0.2]
   [Clear CT: 0.0 ms]
   [Other: 4.0 ms]
      [Choose CSet: 0.0 ms]
      [Ref Proc: 0.0 ms]
      [Ref Enq: 0.0 ms]
      [Redirty Cards: 0.0 ms]
      [Humongous Register: 0.0 ms]
      [Humongous Reclaim: 0.0 ms]
      [Free CSet: 0.0 ms]
   [Eden: 51.0M(51.0M)->0.0B(73.0M) Survivors: 9216.0K->8192.0K Heap: 225.3M(512.0M)->192.6M(820.0M)]
 [Times: user=0.14 sys=0.00, real=0.04 secs] 
11.138: [GC concurrent-string-deduplication, 5120.0B->4800.0B(320.0B), avg 34.4%, 0.0002473 secs]
   [Last Exec: 0.0002473 secs, Idle: 0.1232450 secs, Blocked: 0/0.0000000 secs]
      [Inspected:            4574]
         [Skipped:              0(  0.0%)]
         [Hashed:             106(  2.3%)]
         [Known:             4468( 97.7%)]
         [New:                106(  2.3%)   5120.0B]
      [Deduplicated:            6(  5.7%)    320.0B(  6.3%)]
         [Young:                0(  0.0%)      0.0B(  0.0%)]
         [Old:                  6(100.0%)    320.0B(100.0%)]
   [Total Exec: 12/0.0028280 secs, Idle: 12/10.9180868 secs, Blocked: 0/0.0000000 secs]
      [Inspected:           41018]
         [Skipped:              0(  0.0%)]
         [Hashed:            2394(  5.8%)]
         [Known:            37536( 91.5%)]
         [New:               3482(  8.5%)    224.9K]
      [Deduplicated:         1486( 42.7%)     77.3K( 34.4%)]
         [Young:                8(  0.5%)    424.0B(  0.5%)]
         [Old:               1478( 99.5%)     76.9K( 99.5%)]
   [Table]
      [Memory Usage: 184.7K]
      [Size: 4096, Min: 1024, Max: 16777216]
      [Entries: 6514, Load: 159.0%, Cached: 0, Added: 6514, Removed: 0]
      [Resize Count: 2, Shrink Threshold: 2730(66.7%), Grow Threshold: 8192(200.0%)]
      [Rehash Count: 0, Rehash Threshold: 120, Hash Seed: 0x0]
      [Age Threshold: 3]
   [Queue]
      [Dropped: 0]
11.199: [GC concurrent-mark-end, 0.2725545 secs]
11.200: [GC remark 11.200: [Finalize Marking, 0.0000443 secs] 11.200: [GC ref-proc, 0.0000661 secs] 11.200: [Unloading, 0.0011960 secs], 0.0016945 secs]
 [Times: user=0.06 sys=0.00, real=0.00 secs] 
11.203: [GC cleanup 238M->238M(820M), 0.0004449 secs]
 [Times: user=0.00 sys=0.00, real=0.00 secs] 
11.232: [GC pause (G1 Evacuation Pause) (young), 0.0514174 secs]
   [Parallel Time: 48.0 ms, GC Workers: 4]
      [GC Worker Start (ms): Min: 11232.3, Avg: 11238.1, Max: 11255.6, Diff: 23.3]
      [Ext Root Scanning (ms): Min: 0.0, Avg: 0.2, Max: 0.2, Diff: 0.2, Sum: 0.7]
      [Update RS (ms): Min: 0.0, Avg: 2.1, Max: 2.9, Diff: 2.9, Sum: 8.3]
         [Processed Buffers: Min: 0, Avg: 5.0, Max: 10, Diff: 10, Sum: 20]
      [Scan RS (ms): Min: 0.0, Avg: 0.0, Max: 0.0, Diff: 0.0, Sum: 0.1]
      [Code Root Scanning (ms): Min: 0.0, Avg: 0.0, Max: 0.0, Diff: 0.0, Sum: 0.0]
      [Object Copy (ms): Min: 24.6, Avg: 39.8, Max: 44.9, Diff: 20.3, Sum: 159.2]
      [Termination (ms): Min: 0.0, Avg: 0.0, Max: 0.1, Diff: 0.1, Sum: 0.2]
         [Termination Attempts: Min: 1, Avg: 8.5, Max: 12, Diff: 11, Sum: 34]
      [GC Worker Other (ms): Min: 0.0, Avg: 0.0, Max: 0.0, Diff: 0.0, Sum: 0.0]
      [GC Worker Total (ms): Min: 24.6, Avg: 42.1, Max: 47.9, Diff: 23.3, Sum: 168.4]
      [GC Worker End (ms): Min: 11280.2, Avg: 11280.2, Max: 11280.2, Diff: 0.0]
   [Code Root Fixup: 0.0 ms]
   [Code Root Purge: 0.0 ms]
   [String Dedup Fixup: 0.1 ms, GC Workers: 4]
      [Queue Fixup (ms): Min: 0.0, Avg: 0.0, Max: 0.0, Diff: 0.0, Sum: 0.0]
      [Table Fixup (ms): Min: 0.0, Avg: 0.1, Max: 0.1, Diff: 0.1, Sum: 0.2]
   [Clear CT: 0.0 ms]
   [Other: 3.3 ms]
      [Choose CSet: 0.0 ms]
      [Ref Proc: 0.1 ms]
      [Ref Enq: 0.0 ms]
      [Redirty Cards: 0.1 ms]
      [Humongous Register: 0.0 ms]
      [Humongous Reclaim: 0.0 ms]
      [Free CSet: 0.1 ms]
   [Eden: 73.0M(73.0M)->0.0B(118.0M) Survivors: 8192.0K->11.0M Heap: 265.6M(820.0M)->220.7M(1066.0M)]
 [Times: user=0.19 sys=0.00, real=0.05 secs] 
11.284: [GC concurrent-string-deduplication, 2304.0B->2304.0B(0.0B), avg 34.0%, 0.0001379 secs]
   [Last Exec: 0.0001379 secs, Idle: 0.1455036 secs, Blocked: 0/0.0000000 secs]
      [Inspected:            2409]
         [Skipped:              0(  0.0%)]
         [Hashed:              48(  2.0%)]
         [Known:             2361( 98.0%)]
         [New:                 48(  2.0%)   2304.0B]
      [Deduplicated:            0(  0.0%)      0.0B(  0.0%)]
         [Young:                0(  0.0%)      0.0B(  0.0%)]
         [Old:                  0(  0.0%)      0.0B(  0.0%)]
   [Total Exec: 13/0.0029659 secs, Idle: 13/11.0635904 secs, Blocked: 0/0.0000000 secs]
      [Inspected:           43427]
         [Skipped:              0(  0.0%)]
         [Hashed:            2442(  5.6%)]
         [Known:            39897( 91.9%)]
         [New:               3530(  8.1%)    227.2K]
      [Deduplicated:         1486( 42.1%)     77.3K( 34.0%)]
         [Young:                8(  0.5%)    424.0B(  0.5%)]
         [Old:               1478( 99.5%)     76.9K( 99.5%)]
   [Table]
      [Memory Usage: 185.3K]
      [Size: 4096, Min: 1024, Max: 16777216]
      [Entries: 6541, Load: 159.7%, Cached: 0, Added: 6583, Removed: 42]
      [Resize Count: 2, Shrink Threshold: 2730(66.7%), Grow Threshold: 8192(200.0%)]
      [Rehash Count: 0, Rehash Threshold: 120, Hash Seed: 0x0]
      [Age Threshold: 3]
   [Queue]
      [Dropped: 0]
11.347: [GC pause (G1 Evacuation Pause) (young), 0.0490901 secs]
   [Parallel Time: 45.2 ms, GC Workers: 4]
      [GC Worker Start (ms): Min: 11347.2, Avg: 11347.2, Max: 11347.2, Diff: 0.0]
      [Ext Root Scanning (ms): Min: 0.2, Avg: 0.2, Max: 0.2, Diff: 0.0, Sum: 0.8]
      [Update RS (ms): Min: 2.0, Avg: 2.3, Max: 2.5, Diff: 0.5, Sum: 9.2]
         [Processed Buffers: Min: 4, Avg: 4.8, Max: 6, Diff: 2, Sum: 19]
      [Scan RS (ms): Min: 3.9, Avg: 4.1, Max: 4.2, Diff: 0.3, Sum: 16.3]
      [Code Root Scanning (ms): Min: 0.0, Avg: 0.0, Max: 0.0, Diff: 0.0, Sum: 0.0]
      [Object Copy (ms): Min: 38.5, Avg: 38.6, Max: 38.7, Diff: 0.2, Sum: 154.2]
      [Termination (ms): Min: 0.0, Avg: 0.0, Max: 0.0, Diff: 0.0, Sum: 0.1]
         [Termination Attempts: Min: 13, Avg: 215.3, Max: 304, Diff: 291, Sum: 861]
      [GC Worker Other (ms): Min: 0.0, Avg: 0.0, Max: 0.0, Diff: 0.0, Sum: 0.0]
      [GC Worker Total (ms): Min: 45.2, Avg: 45.2, Max: 45.2, Diff: 0.0, Sum: 180.7]
      [GC Worker End (ms): Min: 11392.4, Avg: 11392.4, Max: 11392.4, Diff: 0.0]
   [Code Root Fixup: 0.0 ms]
   [Code Root Purge: 0.0 ms]
   [String Dedup Fixup: 0.1 ms, GC Workers: 4]
      [Queue Fixup (ms): Min: 0.0, Avg: 0.0, Max: 0.0, Diff: 0.0, Sum: 0.0]
      [Table Fixup (ms): Min: 0.1, Avg: 0.1, Max: 0.1, Diff: 0.0, Sum: 0.2]
   [Clear CT: 0.0 ms]
   [Other: 3.8 ms]
      [Choose CSet: 0.0 ms]
      [Ref Proc: 0.0 ms]
      [Ref Enq: 0.0 ms]
      [Redirty Cards: 0.1 ms]
      [Humongous Register: 0.0 ms]
      [Humongous Reclaim: 0.0 ms]
      [Free CSet: 0.1 ms]
   [Eden: 47.0M(42.0M)->0.0B(171.0M) Survivors: 11.0M->7168.0K Heap: 267.7M(1066.0M)->238.5M(1263.0M)]
 [Times: user=0.16 sys=0.03, real=0.05 secs] 
11.404: [GC concurrent-string-deduplication, 7424.0B->7104.0B(320.0B), avg 33.1%, 0.0077462 secs]
   [Last Exec: 0.0077462 secs, Idle: 0.1124004 secs, Blocked: 0/0.0000000 secs]
      [Inspected:            7608]
         [Skipped:              0(  0.0%)]
         [Hashed:             154(  2.0%)]
         [Known:             7454( 98.0%)]
         [New:                154(  2.0%)   7424.0B]
      [Deduplicated:            6(  3.9%)    320.0B(  4.3%)]
         [Young:                0(  0.0%)      0.0B(  0.0%)]
         [Old:                  6(100.0%)    320.0B(100.0%)]
   [Total Exec: 14/0.0107120 secs, Idle: 14/11.1759908 secs, Blocked: 0/0.0000000 secs]
      [Inspected:           51035]
         [Skipped:              0(  0.0%)]
         [Hashed:            2596(  5.1%)]
         [Known:            47351( 92.8%)]
         [New:               3684(  7.2%)    234.4K]
      [Deduplicated:         1492( 40.5%)     77.7K( 33.1%)]
         [Young:                8(  0.5%)    424.0B(  0.5%)]
         [Old:               1484( 99.5%)     77.2K( 99.5%)]
   [Table]
      [Memory Usage: 188.8K]
      [Size: 4096, Min: 1024, Max: 16777216]
      [Entries: 6689, Load: 163.3%, Cached: 0, Added: 6731, Removed: 42]
      [Resize Count: 2, Shrink Threshold: 2730(66.7%), Grow Threshold: 8192(200.0%)]
      [Rehash Count: 0, Rehash Threshold: 120, Hash Seed: 0x0]
      [Age Threshold: 3]
   [Queue]
      [Dropped: 0]
11.581: [GC pause (G1 Evacuation Pause) (young), 0.0733107 secs]
   [Parallel Time: 69.9 ms, GC Workers: 4]
      [GC Worker Start (ms): Min: 11581.1, Avg: 11581.1, Max: 11581.2, Diff: 0.1]
      [Ext Root Scanning (ms): Min: 0.2, Avg: 0.2, Max: 0.2, Diff: 0.1, Sum: 0.8]
      [Update RS (ms): Min: 2.1, Avg: 2.2, Max: 2.2, Diff: 0.1, Sum: 8.7]
         [Processed Buffers: Min: 4, Avg: 5.0, Max: 6, Diff: 2, Sum: 20]
      [Scan RS (ms): Min: 1.2, Avg: 1.3, Max: 1.3, Diff: 0.2, Sum: 5.1]
      [Code Root Scanning (ms): Min: 0.0, Avg: 0.0, Max: 0.0, Diff: 0.0, Sum: 0.0]
      [Object Copy (ms): Min: 66.1, Avg: 66.2, Max: 66.2, Diff: 0.1, Sum: 264.6]
      [Termination (ms): Min: 0.0, Avg: 0.0, Max: 0.0, Diff: 0.0, Sum: 0.0]
         [Termination Attempts: Min: 5, Avg: 8.8, Max: 13, Diff: 8, Sum: 35]
      [GC Worker Other (ms): Min: 0.0, Avg: 0.0, Max: 0.0, Diff: 0.0, Sum: 0.1]
      [GC Worker Total (ms): Min: 69.8, Avg: 69.8, Max: 69.9, Diff: 0.1, Sum: 279.3]
      [GC Worker End (ms): Min: 11651.0, Avg: 11651.0, Max: 11651.0, Diff: 0.0]
   [Code Root Fixup: 0.0 ms]
   [Code Root Purge: 0.0 ms]
   [String Dedup Fixup: 0.1 ms, GC Workers: 4]
      [Queue Fixup (ms): Min: 0.0, Avg: 0.0, Max: 0.0, Diff: 0.0, Sum: 0.0]
      [Table Fixup (ms): Min: 0.1, Avg: 0.1, Max: 0.1, Diff: 0.0, Sum: 0.2]
   [Clear CT: 0.1 ms]
   [Other: 3.3 ms]
      [Choose CSet: 0.0 ms]
      [Ref Proc: 0.0 ms]
      [Ref Enq: 0.0 ms]
      [Redirty Cards: 0.1 ms]
      [Humongous Register: 0.0 ms]
      [Humongous Reclaim: 0.0 ms]
      [Free CSet: 0.1 ms]
   [Eden: 171.0M(171.0M)->0.0B(169.0M) Survivors: 7168.0K->23.0M Heap: 409.5M(1263.0M)->301.4M(1420.0M)]
 [Times: user=0.24 sys=0.03, real=0.07 secs] 
11.655: [GC concurrent-string-deduplication, 3744.0B->3744.0B(0.0B), avg 32.6%, 0.0002377 secs]
   [Last Exec: 0.0002377 secs, Idle: 0.2502640 secs, Blocked: 0/0.0000000 secs]
      [Inspected:            4589]
         [Skipped:              0(  0.0%)]
         [Hashed:              78(  1.7%)]
         [Known:             4511( 98.3%)]
         [New:                 78(  1.7%)   3744.0B]
      [Deduplicated:            0(  0.0%)      0.0B(  0.0%)]
         [Young:                0(  0.0%)      0.0B(  0.0%)]
         [Old:                  0(  0.0%)      0.0B(  0.0%)]
   [Total Exec: 15/0.0109497 secs, Idle: 15/11.4262549 secs, Blocked: 0/0.0000000 secs]
      [Inspected:           55624]
         [Skipped:              0(  0.0%)]
         [Hashed:            2674(  4.8%)]
         [Known:            51862( 93.2%)]
         [New:               3762(  6.8%)    238.1K]
      [Deduplicated:         1492( 39.7%)     77.7K( 32.6%)]
         [Young:                8(  0.5%)    424.0B(  0.5%)]
         [Old:               1484( 99.5%)     77.2K( 99.5%)]
   [Table]
      [Memory Usage: 190.6K]
      [Size: 4096, Min: 1024, Max: 16777216]
      [Entries: 6767, Load: 165.2%, Cached: 0, Added: 6809, Removed: 42]
      [Resize Count: 2, Shrink Threshold: 2730(66.7%), Grow Threshold: 8192(200.0%)]
      [Rehash Count: 0, Rehash Threshold: 120, Hash Seed: 0x0]
      [Age Threshold: 3]
   [Queue]
      [Dropped: 0]
11.852: [GC pause (G1 Evacuation Pause) (young), 0.1386331 secs]
   [Parallel Time: 136.2 ms, GC Workers: 4]
      [GC Worker Start (ms): Min: 11852.0, Avg: 11852.1, Max: 11852.1, Diff: 0.1]
      [Ext Root Scanning (ms): Min: 0.2, Avg: 0.2, Max: 0.2, Diff: 0.1, Sum: 0.8]
      [Update RS (ms): Min: 2.7, Avg: 2.7, Max: 2.8, Diff: 0.2, Sum: 10.9]
         [Processed Buffers: Min: 4, Avg: 5.3, Max: 7, Diff: 3, Sum: 21]
      [Scan RS (ms): Min: 14.2, Avg: 14.3, Max: 14.4, Diff: 0.2, Sum: 57.3]
      [Code Root Scanning (ms): Min: 0.0, Avg: 0.0, Max: 0.0, Diff: 0.0, Sum: 0.0]
      [Object Copy (ms): Min: 118.7, Avg: 118.8, Max: 118.8, Diff: 0.1, Sum: 475.1]
      [Termination (ms): Min: 0.0, Avg: 0.1, Max: 0.1, Diff: 0.1, Sum: 0.2]
         [Termination Attempts: Min: 24, Avg: 551.5, Max: 789, Diff: 765, Sum: 2206]
      [GC Worker Other (ms): Min: 0.0, Avg: 0.0, Max: 0.0, Diff: 0.0, Sum: 0.1]
      [GC Worker Total (ms): Min: 136.1, Avg: 136.1, Max: 136.2, Diff: 0.1, Sum: 544.5]
      [GC Worker End (ms): Min: 11988.2, Avg: 11988.2, Max: 11988.2, Diff: 0.0]
   [Code Root Fixup: 0.0 ms]
   [Code Root Purge: 0.0 ms]
   [String Dedup Fixup: 0.1 ms, GC Workers: 4]
      [Queue Fixup (ms): Min: 0.0, Avg: 0.0, Max: 0.0, Diff: 0.0, Sum: 0.1]
      [Table Fixup (ms): Min: 0.0, Avg: 0.1, Max: 0.1, Diff: 0.0, Sum: 0.2]
   [Clear CT: 0.1 ms]
   [Other: 2.3 ms]
      [Choose CSet: 0.0 ms]
      [Ref Proc: 0.0 ms]
      [Ref Enq: 0.0 ms]
      [Redirty Cards: 0.2 ms]
      [Humongous Register: 0.0 ms]
      [Humongous Reclaim: 0.0 ms]
      [Free CSet: 0.1 ms]
   [Eden: 169.0M(169.0M)->0.0B(82.0M) Survivors: 23.0M->24.0M Heap: 470.4M(1420.0M)->364.4M(1546.0M)]
 [Times: user=0.56 sys=0.00, real=0.14 secs] 
11.991: [GC concurrent-string-deduplication, 12.0K->11.7K(320.0B), avg 31.2%, 0.0006505 secs]
   [Last Exec: 0.0006505 secs, Idle: 0.3359646 secs, Blocked: 0/0.0000000 secs]
      [Inspected:           12207]
         [Skipped:              0(  0.0%)]
         [Hashed:             256(  2.1%)]
         [Known:            11951( 97.9%)]
         [New:                256(  2.1%)     12.0K]
      [Deduplicated:            6(  2.3%)    320.0B(  2.6%)]
         [Young:                0(  0.0%)      0.0B(  0.0%)]
         [Old:                  6(100.0%)    320.0B(100.0%)]
   [Total Exec: 16/0.0116002 secs, Idle: 16/11.7622194 secs, Blocked: 0/0.0000000 secs]
      [Inspected:           67831]
         [Skipped:              0(  0.0%)]
         [Hashed:            2930(  4.3%)]
         [Known:            63813( 94.1%)]
         [New:               4018(  5.9%)    250.1K]
      [Deduplicated:         1498( 37.3%)     78.0K( 31.2%)]
         [Young:                8(  0.5%)    424.0B(  0.5%)]
         [Old:               1490( 99.5%)     77.6K( 99.5%)]
   [Table]
      [Memory Usage: 196.5K]
      [Size: 4096, Min: 1024, Max: 16777216]
      [Entries: 7017, Load: 171.3%, Cached: 0, Added: 7059, Removed: 42]
      [Resize Count: 2, Shrink Threshold: 2730(66.7%), Grow Threshold: 8192(200.0%)]
      [Rehash Count: 0, Rehash Threshold: 120, Hash Seed: 0x0]
      [Age Threshold: 3]
   [Queue]
      [Dropped: 0]
12.106: [GC pause (G1 Evacuation Pause) (young), 0.0677834 secs]
   [Parallel Time: 65.9 ms, GC Workers: 4]
      [GC Worker Start (ms): Min: 12106.3, Avg: 12106.3, Max: 12106.3, Diff: 0.0]
      [Ext Root Scanning (ms): Min: 0.2, Avg: 0.2, Max: 0.2, Diff: 0.0, Sum: 0.8]
      [Update RS (ms): Min: 2.4, Avg: 2.8, Max: 3.0, Diff: 0.5, Sum: 11.1]
         [Processed Buffers: Min: 5, Avg: 5.5, Max: 6, Diff: 1, Sum: 22]
      [Scan RS (ms): Min: 1.7, Avg: 1.9, Max: 2.2, Diff: 0.5, Sum: 7.6]
      [Code Root Scanning (ms): Min: 0.0, Avg: 0.0, Max: 0.0, Diff: 0.0, Sum: 0.0]
      [Object Copy (ms): Min: 61.0, Avg: 61.0, Max: 61.1, Diff: 0.1, Sum: 244.1]
      [Termination (ms): Min: 0.0, Avg: 0.0, Max: 0.0, Diff: 0.0, Sum: 0.0]
         [Termination Attempts: Min: 19, Avg: 24.8, Max: 31, Diff: 12, Sum: 99]
      [GC Worker Other (ms): Min: 0.0, Avg: 0.0, Max: 0.0, Diff: 0.0, Sum: 0.0]
      [GC Worker Total (ms): Min: 65.9, Avg: 65.9, Max: 65.9, Diff: 0.0, Sum: 263.6]
      [GC Worker End (ms): Min: 12172.2, Avg: 12172.2, Max: 12172.2, Diff: 0.0]
   [Code Root Fixup: 0.0 ms]
   [Code Root Purge: 0.0 ms]
   [String Dedup Fixup: 0.1 ms, GC Workers: 4]
      [Queue Fixup (ms): Min: 0.0, Avg: 0.0, Max: 0.0, Diff: 0.0, Sum: 0.0]
      [Table Fixup (ms): Min: 0.1, Avg: 0.1, Max: 0.1, Diff: 0.0, Sum: 0.3]
   [Clear CT: 0.0 ms]
   [Other: 1.7 ms]
      [Choose CSet: 0.0 ms]
      [Ref Proc: 0.0 ms]
      [Ref Enq: 0.0 ms]
      [Redirty Cards: 0.1 ms]
      [Humongous Register: 0.0 ms]
      [Humongous Reclaim: 0.0 ms]
      [Free CSet: 0.1 ms]
   [Eden: 82.0M(82.0M)->0.0B(197.0M) Survivors: 24.0M->14.0M Heap: 446.4M(1546.0M)->393.6M(1647.0M)]
 [Times: user=0.25 sys=0.00, real=0.07 secs] 
12.175: [GC concurrent-string-deduplication, 7104.0B->7104.0B(0.0B), avg 30.3%, 0.0003820 secs]
   [Last Exec: 0.0003820 secs, Idle: 0.1827308 secs, Blocked: 0/0.0000000 secs]
      [Inspected:            7133]
         [Skipped:              0(  0.0%)]
         [Hashed:             148(  2.1%)]
         [Known:             6985( 97.9%)]
         [New:                148(  2.1%)   7104.0B]
      [Deduplicated:            0(  0.0%)      0.0B(  0.0%)]
         [Young:                0(  0.0%)      0.0B(  0.0%)]
         [Old:                  0(  0.0%)      0.0B(  0.0%)]
   [Total Exec: 17/0.0119822 secs, Idle: 17/11.9449503 secs, Blocked: 0/0.0000000 secs]
      [Inspected:           74964]
         [Skipped:              0(  0.0%)]
         [Hashed:            3078(  4.1%)]
         [Known:            70798( 94.4%)]
         [New:               4166(  5.6%)    257.0K]
      [Deduplicated:         1498( 36.0%)     78.0K( 30.3%)]
         [Young:                8(  0.5%)    424.0B(  0.5%)]
         [Old:               1490( 99.5%)     77.6K( 99.5%)]
   [Table]
      [Memory Usage: 199.9K]
      [Size: 4096, Min: 1024, Max: 16777216]
      [Entries: 7165, Load: 174.9%, Cached: 0, Added: 7207, Removed: 42]
      [Resize Count: 2, Shrink Threshold: 2730(66.7%), Grow Threshold: 8192(200.0%)]
      [Rehash Count: 0, Rehash Threshold: 120, Hash Seed: 0x0]
      [Age Threshold: 3]
   [Queue]
      [Dropped: 0]
12.389: [GC pause (G1 Evacuation Pause) (young), 0.1122276 secs]
   [Parallel Time: 110.5 ms, GC Workers: 4]
      [GC Worker Start (ms): Min: 12388.7, Avg: 12388.7, Max: 12388.7, Diff: 0.0]
      [Ext Root Scanning (ms): Min: 0.2, Avg: 0.2, Max: 0.2, Diff: 0.1, Sum: 0.8]
      [Update RS (ms): Min: 3.4, Avg: 3.6, Max: 4.0, Diff: 0.5, Sum: 14.5]
         [Processed Buffers: Min: 6, Avg: 6.8, Max: 8, Diff: 2, Sum: 27]
      [Scan RS (ms): Min: 3.7, Avg: 4.0, Max: 4.2, Diff: 0.5, Sum: 16.1]
      [Code Root Scanning (ms): Min: 0.0, Avg: 0.0, Max: 0.0, Diff: 0.0, Sum: 0.0]
      [Object Copy (ms): Min: 102.6, Avg: 102.6, Max: 102.6, Diff: 0.1, Sum: 410.3]
      [Termination (ms): Min: 0.0, Avg: 0.0, Max: 0.0, Diff: 0.0, Sum: 0.0]
         [Termination Attempts: Min: 16, Avg: 20.5, Max: 24, Diff: 8, Sum: 82]
      [GC Worker Other (ms): Min: 0.0, Avg: 0.0, Max: 0.0, Diff: 0.0, Sum: 0.1]
      [GC Worker Total (ms): Min: 110.4, Avg: 110.4, Max: 110.5, Diff: 0.0, Sum: 441.8]
      [GC Worker End (ms): Min: 12499.1, Avg: 12499.1, Max: 12499.1, Diff: 0.0]
   [Code Root Fixup: 0.0 ms]
   [Code Root Purge: 0.0 ms]
   [String Dedup Fixup: 0.1 ms, GC Workers: 4]
      [Queue Fixup (ms): Min: 0.0, Avg: 0.0, Max: 0.0, Diff: 0.0, Sum: 0.1]
      [Table Fixup (ms): Min: 0.1, Avg: 0.1, Max: 0.1, Diff: 0.0, Sum: 0.3]
   [Clear CT: 0.1 ms]
   [Other: 1.6 ms]
      [Choose CSet: 0.0 ms]
      [Ref Proc: 0.0 ms]
      [Ref Enq: 0.0 ms]
      [Redirty Cards: 0.1 ms]
      [Humongous Register: 0.0 ms]
      [Humongous Reclaim: 0.0 ms]
      [Free CSet: 0.1 ms]
   [Eden: 197.0M(197.0M)->0.0B(193.0M) Survivors: 14.0M->27.0M Heap: 590.6M(1647.0M)->465.4M(1728.0M)]
 [Times: user=0.42 sys=0.02, real=0.11 secs] 
12.508: [GC concurrent-string-deduplication, 11.1K->11.1K(0.0B), avg 29.1%, 0.0070604 secs]
   [Last Exec: 0.0070604 secs, Idle: 0.3263947 secs, Blocked: 0/0.0000000 secs]
      [Inspected:           11824]
         [Skipped:              0(  0.0%)]
         [Hashed:             236(  2.0%)]
         [Known:            11588( 98.0%)]
         [New:                236(  2.0%)     11.1K]
      [Deduplicated:            0(  0.0%)      0.0B(  0.0%)]
         [Young:                0(  0.0%)      0.0B(  0.0%)]
         [Old:                  0(  0.0%)      0.0B(  0.0%)]
   [Total Exec: 18/0.0190426 secs, Idle: 18/12.2713449 secs, Blocked: 0/0.0000000 secs]
      [Inspected:           86788]
         [Skipped:              0(  0.0%)]
         [Hashed:            3314(  3.8%)]
         [Known:            82386( 94.9%)]
         [New:               4402(  5.1%)    268.1K]
      [Deduplicated:         1498( 34.0%)     78.0K( 29.1%)]
         [Young:                8(  0.5%)    424.0B(  0.5%)]
         [Old:               1490( 99.5%)     77.6K( 99.5%)]
   [Table]
      [Memory Usage: 205.6K]
      [Size: 4096, Min: 1024, Max: 16777216]
      [Entries: 7405, Load: 180.8%, Cached: 0, Added: 7447, Removed: 42]
      [Resize Count: 2, Shrink Threshold: 2730(66.7%), Grow Threshold: 8192(200.0%)]
      [Rehash Count: 0, Rehash Threshold: 120, Hash Seed: 0x0]
      [Age Threshold: 3]
   [Queue]
      [Dropped: 0]
12.592: [GC pause (G1 Evacuation Pause) (young), 0.0850173 secs]
   [Parallel Time: 83.5 ms, GC Workers: 4]
      [GC Worker Start (ms): Min: 12591.9, Avg: 12591.9, Max: 12591.9, Diff: 0.0]
      [Ext Root Scanning (ms): Min: 0.2, Avg: 0.2, Max: 0.2, Diff: 0.0, Sum: 0.8]
      [Update RS (ms): Min: 3.6, Avg: 3.7, Max: 3.8, Diff: 0.1, Sum: 14.9]
         [Processed Buffers: Min: 6, Avg: 6.5, Max: 7, Diff: 1, Sum: 26]
      [Scan RS (ms): Min: 16.7, Avg: 16.9, Max: 17.0, Diff: 0.3, Sum: 67.5]
      [Code Root Scanning (ms): Min: 0.0, Avg: 0.0, Max: 0.0, Diff: 0.0, Sum: 0.0]
      [Object Copy (ms): Min: 62.4, Avg: 62.6, Max: 62.8, Diff: 0.4, Sum: 250.3]
      [Termination (ms): Min: 0.0, Avg: 0.1, Max: 0.1, Diff: 0.1, Sum: 0.3]
         [Termination Attempts: Min: 9, Avg: 766.8, Max: 1416, Diff: 1407, Sum: 3067]
      [GC Worker Other (ms): Min: 0.0, Avg: 0.0, Max: 0.0, Diff: 0.0, Sum: 0.0]
      [GC Worker Total (ms): Min: 83.4, Avg: 83.4, Max: 83.4, Diff: 0.0, Sum: 333.8]
      [GC Worker End (ms): Min: 12675.3, Avg: 12675.3, Max: 12675.3, Diff: 0.0]
   [Code Root Fixup: 0.0 ms]
   [Code Root Purge: 0.0 ms]
   [String Dedup Fixup: 0.1 ms, GC Workers: 4]
      [Queue Fixup (ms): Min: 0.0, Avg: 0.0, Max: 0.0, Diff: 0.0, Sum: 0.0]
      [Table Fixup (ms): Min: 0.1, Avg: 0.1, Max: 0.1, Diff: 0.0, Sum: 0.3]
   [Clear CT: 0.0 ms]
   [Other: 1.4 ms]
      [Choose CSet: 0.0 ms]
      [Ref Proc: 0.0 ms]
      [Ref Enq: 0.0 ms]
      [Redirty Cards: 0.1 ms]
      [Humongous Register: 0.0 ms]
      [Humongous Reclaim: 0.0 ms]
      [Free CSet: 0.1 ms]
   [Eden: 63.0M(59.0M)->0.0B(317.0M) Survivors: 27.0M->11.0M Heap: 528.4M(1728.0M)->488.4M(1792.0M)]
 [Times: user=0.23 sys=0.08, real=0.09 secs] 
12.677: [GC concurrent-string-deduplication, 4736.0B->4416.0B(320.0B), avg 28.7%, 0.0002659 secs]
   [Last Exec: 0.0002659 secs, Idle: 0.1689618 secs, Blocked: 0/0.0000000 secs]
      [Inspected:            4941]
         [Skipped:              0(  0.0%)]
         [Hashed:              98(  2.0%)]
         [Known:             4843( 98.0%)]
         [New:                 98(  2.0%)   4736.0B]
      [Deduplicated:            6(  6.1%)    320.0B(  6.8%)]
         [Young:                0(  0.0%)      0.0B(  0.0%)]
         [Old:                  6(100.0%)    320.0B(100.0%)]
   [Total Exec: 19/0.0193085 secs, Idle: 19/12.4403068 secs, Blocked: 0/0.0000000 secs]
      [Inspected:           91729]
         [Skipped:              0(  0.0%)]
         [Hashed:            3412(  3.7%)]
         [Known:            87229( 95.1%)]
         [New:               4500(  4.9%)    272.7K]
      [Deduplicated:         1504( 33.4%)     78.3K( 28.7%)]
         [Young:                8(  0.5%)    424.0B(  0.5%)]
         [Old:               1496( 99.5%)     77.9K( 99.5%)]
   [Table]
      [Memory Usage: 207.7K]
      [Size: 4096, Min: 1024, Max: 16777216]
      [Entries: 7497, Load: 183.0%, Cached: 0, Added: 7539, Removed: 42]
      [Resize Count: 2, Shrink Threshold: 2730(66.7%), Grow Threshold: 8192(200.0%)]
      [Rehash Count: 0, Rehash Threshold: 120, Hash Seed: 0x0]
      [Age Threshold: 3]
   [Queue]
      [Dropped: 0]
12.973: [GC pause (G1 Evacuation Pause) (young), 0.1628889 secs]
   [Parallel Time: 161.5 ms, GC Workers: 4]
      [GC Worker Start (ms): Min: 12973.4, Avg: 12973.4, Max: 12973.4, Diff: 0.0]
      [Ext Root Scanning (ms): Min: 0.2, Avg: 0.2, Max: 0.2, Diff: 0.0, Sum: 0.8]
      [Update RS (ms): Min: 3.4, Avg: 3.6, Max: 3.9, Diff: 0.4, Sum: 14.4]
         [Processed Buffers: Min: 6, Avg: 7.0, Max: 9, Diff: 3, Sum: 28]
      [Scan RS (ms): Min: 0.0, Avg: 0.0, Max: 0.1, Diff: 0.1, Sum: 0.2]
      [Code Root Scanning (ms): Min: 0.0, Avg: 0.0, Max: 0.0, Diff: 0.0, Sum: 0.0]
      [Object Copy (ms): Min: 157.4, Avg: 157.6, Max: 157.7, Diff: 0.3, Sum: 630.3]
      [Termination (ms): Min: 0.0, Avg: 0.0, Max: 0.0, Diff: 0.0, Sum: 0.0]
         [Termination Attempts: Min: 3, Avg: 5.3, Max: 8, Diff: 5, Sum: 21]
      [GC Worker Other (ms): Min: 0.0, Avg: 0.0, Max: 0.0, Diff: 0.0, Sum: 0.1]
      [GC Worker Total (ms): Min: 161.4, Avg: 161.5, Max: 161.5, Diff: 0.0, Sum: 645.8]
      [GC Worker End (ms): Min: 13134.8, Avg: 13134.8, Max: 13134.8, Diff: 0.0]
   [Code Root Fixup: 0.0 ms]
   [Code Root Purge: 0.0 ms]
   [String Dedup Fixup: 0.1 ms, GC Workers: 4]
      [Queue Fixup (ms): Min: 0.0, Avg: 0.0, Max: 0.0, Diff: 0.0, Sum: 0.1]
      [Table Fixup (ms): Min: 0.1, Avg: 0.1, Max: 0.1, Diff: 0.0, Sum: 0.3]
   [Clear CT: 0.1 ms]
   [Other: 1.2 ms]
      [Choose CSet: 0.0 ms]
      [Ref Proc: 0.0 ms]
      [Ref Enq: 0.0 ms]
      [Redirty Cards: 0.1 ms]
      [Humongous Register: 0.0 ms]
      [Humongous Reclaim: 0.0 ms]
      [Free CSet: 0.2 ms]
   [Eden: 317.0M(317.0M)->0.0B(99.0M) Survivors: 11.0M->41.0M Heap: 805.4M(1792.0M)->604.7M(1844.0M)]
 [Times: user=0.59 sys=0.02, real=0.16 secs] 
13.137: [GC concurrent-string-deduplication, 13.1K->13.1K(0.0B), avg 27.4%, 0.0006803 secs]
   [Last Exec: 0.0006803 secs, Idle: 0.4589828 secs, Blocked: 0/0.0000000 secs]
      [Inspected:           13482]
         [Skipped:              0(  0.0%)]
         [Hashed:             279(  2.1%)]
         [Known:            13203( 97.9%)]
         [New:                279(  2.1%)     13.1K]
      [Deduplicated:            0(  0.0%)      0.0B(  0.0%)]
         [Young:                0(  0.0%)      0.0B(  0.0%)]
         [Old:                  0(  0.0%)      0.0B(  0.0%)]
   [Total Exec: 20/0.0199888 secs, Idle: 20/12.8992895 secs, Blocked: 0/0.0000000 secs]
      [Inspected:          105211]
         [Skipped:              0(  0.0%)]
         [Hashed:            3691(  3.5%)]
         [Known:           100432( 95.5%)]
         [New:               4779(  4.5%)    285.8K]
      [Deduplicated:         1504( 31.5%)     78.3K( 27.4%)]
         [Young:                8(  0.5%)    424.0B(  0.5%)]
         [Old:               1496( 99.5%)     77.9K( 99.5%)]
   [Table]
      [Memory Usage: 214.3K]
      [Size: 4096, Min: 1024, Max: 16777216]
      [Entries: 7776, Load: 189.8%, Cached: 0, Added: 7818, Removed: 42]
      [Resize Count: 2, Shrink Threshold: 2730(66.7%), Grow Threshold: 8192(200.0%)]
      [Rehash Count: 0, Rehash Threshold: 120, Hash Seed: 0x0]
      [Age Threshold: 3]
   [Queue]
      [Dropped: 0]
13.214: [GC pause (G1 Evacuation Pause) (young), 0.1194519 secs]
   [Parallel Time: 118.0 ms, GC Workers: 4]
      [GC Worker Start (ms): Min: 13214.0, Avg: 13214.0, Max: 13214.0, Diff: 0.0]
      [Ext Root Scanning (ms): Min: 0.2, Avg: 0.2, Max: 0.2, Diff: 0.0, Sum: 0.9]
      [Update RS (ms): Min: 5.4, Avg: 5.5, Max: 5.5, Diff: 0.1, Sum: 21.8]
         [Processed Buffers: Min: 9, Avg: 10.3, Max: 12, Diff: 3, Sum: 41]
      [Scan RS (ms): Min: 17.6, Avg: 18.0, Max: 19.2, Diff: 1.6, Sum: 72.2]
      [Code Root Scanning (ms): Min: 0.0, Avg: 0.0, Max: 0.0, Diff: 0.0, Sum: 0.0]
      [Object Copy (ms): Min: 93.0, Avg: 94.2, Max: 94.7, Diff: 1.6, Sum: 376.8]
      [Termination (ms): Min: 0.0, Avg: 0.0, Max: 0.1, Diff: 0.1, Sum: 0.1]
         [Termination Attempts: Min: 1, Avg: 1.0, Max: 1, Diff: 0, Sum: 4]
      [GC Worker Other (ms): Min: 0.0, Avg: 0.0, Max: 0.0, Diff: 0.0, Sum: 0.0]
      [GC Worker Total (ms): Min: 118.0, Avg: 118.0, Max: 118.0, Diff: 0.0, Sum: 471.9]
      [GC Worker End (ms): Min: 13332.0, Avg: 13332.0, Max: 13332.0, Diff: 0.0]
   [Code Root Fixup: 0.0 ms]
   [Code Root Purge: 0.0 ms]
   [String Dedup Fixup: 0.1 ms, GC Workers: 4]
      [Queue Fixup (ms): Min: 0.0, Avg: 0.0, Max: 0.0, Diff: 0.0, Sum: 0.1]
      [Table Fixup (ms): Min: 0.1, Avg: 0.1, Max: 0.1, Diff: 0.0, Sum: 0.3]
   [Clear CT: 0.0 ms]
   [Other: 1.3 ms]
      [Choose CSet: 0.0 ms]
      [Ref Proc: 0.0 ms]
      [Ref Enq: 0.0 ms]
      [Redirty Cards: 0.1 ms]
      [Humongous Register: 0.0 ms]
      [Humongous Reclaim: 0.0 ms]
      [Free CSet: 0.1 ms]
   [Eden: 51.0M(51.0M)->0.0B(146.0M) Survivors: 41.0M->12.0M Heap: 655.7M(1844.0M)->621.9M(1885.0M)]
 [Times: user=0.50 sys=0.00, real=0.12 secs] 
13.334: [GC concurrent-string-deduplication, 10.7K->10.4K(320.0B), avg 26.5%, 0.0005789 secs]
   [Last Exec: 0.0005789 secs, Idle: 0.1966047 secs, Blocked: 0/0.0000000 secs]
      [Inspected:           11544]
         [Skipped:              0(  0.0%)]
         [Hashed:             227(  2.0%)]
         [Known:            11317( 98.0%)]
         [New:                227(  2.0%)     10.7K]
      [Deduplicated:            6(  2.6%)    320.0B(  2.9%)]
         [Young:                0(  0.0%)      0.0B(  0.0%)]
         [Old:                  6(100.0%)    320.0B(100.0%)]
   [Total Exec: 21/0.0205677 secs, Idle: 21/13.0958943 secs, Blocked: 0/0.0000000 secs]
      [Inspected:          116755]
         [Skipped:              0(  0.0%)]
         [Hashed:            3918(  3.4%)]
         [Known:           111749( 95.7%)]
         [New:               5006(  4.3%)    296.5K]
      [Deduplicated:         1510( 30.2%)     78.6K( 26.5%)]
         [Young:                8(  0.5%)    424.0B(  0.5%)]
         [Old:               1502( 99.5%)     78.2K( 99.5%)]
   [Table]
      [Memory Usage: 219.5K]
      [Size: 4096, Min: 1024, Max: 16777216]
      [Entries: 7999, Load: 195.3%, Cached: 0, Added: 8041, Removed: 42]
      [Resize Count: 2, Shrink Threshold: 2730(66.7%), Grow Threshold: 8192(200.0%)]
      [Rehash Count: 0, Rehash Threshold: 120, Hash Seed: 0x0]
      [Age Threshold: 3]
   [Queue]
      [Dropped: 0]
13.481: [GC pause (G1 Evacuation Pause) (young), 0.0780923 secs]
   [Parallel Time: 77.1 ms, GC Workers: 4]
      [GC Worker Start (ms): Min: 13481.5, Avg: 13481.6, Max: 13481.6, Diff: 0.1]
      [Ext Root Scanning (ms): Min: 0.2, Avg: 0.2, Max: 0.3, Diff: 0.1, Sum: 0.8]
      [Update RS (ms): Min: 3.8, Avg: 3.9, Max: 4.1, Diff: 0.3, Sum: 15.6]
         [Processed Buffers: Min: 7, Avg: 8.3, Max: 10, Diff: 3, Sum: 33]
      [Scan RS (ms): Min: 0.0, Avg: 0.0, Max: 0.1, Diff: 0.1, Sum: 0.1]
      [Code Root Scanning (ms): Min: 0.0, Avg: 0.0, Max: 0.0, Diff: 0.0, Sum: 0.0]
      [Object Copy (ms): Min: 72.7, Avg: 72.8, Max: 72.9, Diff: 0.2, Sum: 291.3]
      [Termination (ms): Min: 0.0, Avg: 0.0, Max: 0.0, Diff: 0.0, Sum: 0.0]
         [Termination Attempts: Min: 11, Avg: 15.8, Max: 18, Diff: 7, Sum: 63]
      [GC Worker Other (ms): Min: 0.0, Avg: 0.0, Max: 0.0, Diff: 0.0, Sum: 0.1]
      [GC Worker Total (ms): Min: 77.0, Avg: 77.0, Max: 77.0, Diff: 0.1, Sum: 308.0]
      [GC Worker End (ms): Min: 13558.6, Avg: 13558.6, Max: 13558.6, Diff: 0.0]
   [Code Root Fixup: 0.0 ms]
   [Code Root Purge: 0.0 ms]
   [String Dedup Fixup: 0.1 ms, GC Workers: 4]
      [Queue Fixup (ms): Min: 0.0, Avg: 0.0, Max: 0.0, Diff: 0.0, Sum: 0.0]
      [Table Fixup (ms): Min: 0.1, Avg: 0.1, Max: 0.1, Diff: 0.0, Sum: 0.3]
   [Clear CT: 0.1 ms]
   [Other: 0.9 ms]
      [Choose CSet: 0.0 ms]
      [Ref Proc: 0.0 ms]
      [Ref Enq: 0.0 ms]
      [Redirty Cards: 0.1 ms]
      [Humongous Register: 0.0 ms]
      [Humongous Reclaim: 0.0 ms]
      [Free CSet: 0.1 ms]
   [Eden: 146.0M(146.0M)->0.0B(134.0M) Survivors: 12.0M->20.0M Heap: 767.9M(1885.0M)->678.9M(1918.0M)]
 [Times: user=0.27 sys=0.00, real=0.08 secs] 
13.560: [GC concurrent-string-deduplication, 5984.0B->5664.0B(320.0B), avg 26.1%, 0.0003044 secs]
   [Last Exec: 0.0003044 secs, Idle: 0.2253988 secs, Blocked: 0/0.0000000 secs]
      [Inspected:            6138]
         [Skipped:              0(  0.0%)]
         [Hashed:             124(  2.0%)]
         [Known:             6014( 98.0%)]
         [New:                124(  2.0%)   5984.0B]
      [Deduplicated:            6(  4.8%)    320.0B(  5.3%)]
         [Young:                0(  0.0%)      0.0B(  0.0%)]
         [Old:                  6(100.0%)    320.0B(100.0%)]
   [Total Exec: 22/0.0208721 secs, Idle: 22/13.3212930 secs, Blocked: 0/0.0000000 secs]
      [Inspected:          122893]
         [Skipped:              0(  0.0%)]
         [Hashed:            4042(  3.3%)]
         [Known:           117763( 95.8%)]
         [New:               5130(  4.2%)    302.3K]
      [Deduplicated:         1516( 29.6%)     78.9K( 26.1%)]
         [Young:                8(  0.5%)    424.0B(  0.5%)]
         [Old:               1508( 99.5%)     78.5K( 99.5%)]
   [Table]
      [Memory Usage: 222.5K]
      [Size: 4096, Min: 1024, Max: 16777216]
      [Entries: 8127, Load: 198.4%, Cached: 0, Added: 8169, Removed: 42]
      [Resize Count: 2, Shrink Threshold: 2730(66.7%), Grow Threshold: 8192(200.0%)]
      [Rehash Count: 0, Rehash Threshold: 120, Hash Seed: 0x0]
      [Age Threshold: 3]
   [Queue]
      [Dropped: 0]
13.700: [GC pause (G1 Evacuation Pause) (young), 0.1152964 secs]
   [Parallel Time: 114.1 ms, GC Workers: 4]
      [GC Worker Start (ms): Min: 13700.6, Avg: 13700.6, Max: 13700.6, Diff: 0.0]
      [Ext Root Scanning (ms): Min: 0.2, Avg: 0.2, Max: 0.2, Diff: 0.0, Sum: 0.8]
      [Update RS (ms): Min: 5.3, Avg: 5.4, Max: 5.5, Diff: 0.2, Sum: 21.5]
         [Processed Buffers: Min: 8, Avg: 8.8, Max: 9, Diff: 1, Sum: 35]
      [Scan RS (ms): Min: 11.7, Avg: 12.0, Max: 12.1, Diff: 0.4, Sum: 48.1]
      [Code Root Scanning (ms): Min: 0.0, Avg: 0.0, Max: 0.0, Diff: 0.0, Sum: 0.0]
      [Object Copy (ms): Min: 96.4, Avg: 96.5, Max: 96.7, Diff: 0.3, Sum: 385.9]
      [Termination (ms): Min: 0.0, Avg: 0.0, Max: 0.0, Diff: 0.0, Sum: 0.0]
         [Termination Attempts: Min: 15, Avg: 18.5, Max: 23, Diff: 8, Sum: 74]
      [GC Worker Other (ms): Min: 0.0, Avg: 0.0, Max: 0.0, Diff: 0.0, Sum: 0.1]
      [GC Worker Total (ms): Min: 114.1, Avg: 114.1, Max: 114.1, Diff: 0.0, Sum: 456.4]
      [GC Worker End (ms): Min: 13814.7, Avg: 13814.7, Max: 13814.7, Diff: 0.0]
   [Code Root Fixup: 0.0 ms]
   [Code Root Purge: 0.0 ms]
   [String Dedup Fixup: 0.1 ms, GC Workers: 4]
      [Queue Fixup (ms): Min: 0.0, Avg: 0.0, Max: 0.0, Diff: 0.0, Sum: 0.0]
      [Table Fixup (ms): Min: 0.1, Avg: 0.1, Max: 0.1, Diff: 0.0, Sum: 0.3]
   [Clear CT: 0.1 ms]
   [Other: 1.0 ms]
      [Choose CSet: 0.0 ms]
      [Ref Proc: 0.0 ms]
      [Ref Enq: 0.0 ms]
      [Redirty Cards: 0.1 ms]
      [Humongous Register: 0.0 ms]
      [Humongous Reclaim: 0.0 ms]
      [Free CSet: 0.1 ms]
   [Eden: 134.0M(134.0M)->0.0B(153.0M) Survivors: 20.0M->20.0M Heap: 812.9M(1918.0M)->728.4M(1944.0M)]
 [Times: user=0.44 sys=0.00, real=0.12 secs] 
13.831: [GC concurrent-string-deduplication, 7680.0B->7680.0B(0.0B), avg 25.5%, 0.0155498 secs]
   [Last Exec: 0.0155498 secs, Idle: 0.2559398 secs, Blocked: 0/0.0000000 secs]
      [Inspected:            7778]
         [Skipped:              0(  0.0%)]
         [Hashed:             160(  2.1%)]
         [Known:             7618( 97.9%)]
         [New:                160(  2.1%)   7680.0B]
      [Deduplicated:            0(  0.0%)      0.0B(  0.0%)]
         [Young:                0(  0.0%)      0.0B(  0.0%)]
         [Old:                  0(  0.0%)      0.0B(  0.0%)]
   [Total Exec: 23/0.0364218 secs, Idle: 23/13.5772328 secs, Blocked: 0/0.0000000 secs]
      [Inspected:          130671]
         [Skipped:              0(  0.0%)]
         [Hashed:            4202(  3.2%)]
         [Known:           125381( 96.0%)]
         [New:               5290(  4.0%)    309.8K]
      [Deduplicated:         1516( 28.7%)     78.9K( 25.5%)]
         [Young:                8(  0.5%)    424.0B(  0.5%)]
         [Old:               1508( 99.5%)     78.5K( 99.5%)]
   [Table]
      [Memory Usage: 226.2K]
      [Size: 4096, Min: 1024, Max: 16777216]
      [Entries: 8287, Load: 202.3%, Cached: 0, Added: 8329, Removed: 42]
      [Resize Count: 2, Shrink Threshold: 2730(66.7%), Grow Threshold: 8192(200.0%)]
      [Rehash Count: 0, Rehash Threshold: 120, Hash Seed: 0x0]
      [Age Threshold: 3]
   [Queue]
      [Dropped: 0]
13.972: [GC pause (G1 Evacuation Pause) (young), 0.1177250 secs]
   [Parallel Time: 116.6 ms, GC Workers: 4]
      [GC Worker Start (ms): Min: 13972.5, Avg: 13972.5, Max: 13972.5, Diff: 0.1]
      [Ext Root Scanning (ms): Min: 0.2, Avg: 0.2, Max: 0.2, Diff: 0.1, Sum: 0.8]
      [Update RS (ms): Min: 5.6, Avg: 5.8, Max: 6.2, Diff: 0.6, Sum: 23.4]
         [Processed Buffers: Min: 9, Avg: 9.3, Max: 10, Diff: 1, Sum: 37]
      [Scan RS (ms): Min: 5.8, Avg: 6.2, Max: 6.4, Diff: 0.6, Sum: 24.9]
      [Code Root Scanning (ms): Min: 0.0, Avg: 0.0, Max: 0.0, Diff: 0.0, Sum: 0.0]
      [Object Copy (ms): Min: 104.0, Avg: 104.2, Max: 104.3, Diff: 0.2, Sum: 416.9]
      [Termination (ms): Min: 0.0, Avg: 0.0, Max: 0.0, Diff: 0.0, Sum: 0.0]
         [Termination Attempts: Min: 1, Avg: 1.0, Max: 1, Diff: 0, Sum: 4]
      [GC Worker Other (ms): Min: 0.0, Avg: 0.0, Max: 0.0, Diff: 0.0, Sum: 0.1]
      [GC Worker Total (ms): Min: 116.5, Avg: 116.5, Max: 116.6, Diff: 0.1, Sum: 466.1]
      [GC Worker End (ms): Min: 14089.0, Avg: 14089.0, Max: 14089.0, Diff: 0.0]
   [Code Root Fixup: 0.0 ms]
   [Code Root Purge: 0.0 ms]
   [String Dedup Fixup: 0.1 ms, GC Workers: 4]
      [Queue Fixup (ms): Min: 0.0, Avg: 0.0, Max: 0.0, Diff: 0.0, Sum: 0.1]
      [Table Fixup (ms): Min: 0.1, Avg: 0.1, Max: 0.1, Diff: 0.0, Sum: 0.3]
   [Clear CT: 0.1 ms]
   [Other: 0.9 ms]
      [Choose CSet: 0.0 ms]
      [Ref Proc: 0.0 ms]
      [Ref Enq: 0.0 ms]
      [Redirty Cards: 0.1 ms]
      [Humongous Register: 0.0 ms]
      [Humongous Reclaim: 0.0 ms]
      [Free CSet: 0.1 ms]
   [Eden: 153.0M(153.0M)->0.0B(198.0M) Survivors: 20.0M->22.0M Heap: 881.4M(1944.0M)->784.3M(1965.0M)]
 [Times: user=0.42 sys=0.00, real=0.12 secs] 
14.091: [GC concurrent-string-deduplication, 9992.0B->9832.0B(160.0B), avg 24.7%, 0.0004991 secs]
   [Last Exec: 0.0004991 secs, Idle: 0.2586995 secs, Blocked: 0/0.0000000 secs]
      [Inspected:           10553]
         [Skipped:              0(  0.0%)]
         [Hashed:             208(  2.0%)]
         [Known:            10345( 98.0%)]
         [New:                208(  2.0%)   9992.0B]
      [Deduplicated:            3(  1.4%)    160.0B(  1.6%)]
         [Young:                0(  0.0%)      0.0B(  0.0%)]
         [Old:                  3(100.0%)    160.0B(100.0%)]
   [Total Exec: 24/0.0369209 secs, Idle: 24/13.8359323 secs, Blocked: 0/0.0000000 secs]
      [Inspected:          141224]
         [Skipped:              0(  0.0%)]
         [Hashed:            4410(  3.1%)]
         [Known:           135726( 96.1%)]
         [New:               5498(  3.9%)    319.6K]
      [Deduplicated:         1519( 27.6%)     79.1K( 24.7%)]
         [Young:                8(  0.5%)    424.0B(  0.5%)]
         [Old:               1511( 99.5%)     78.6K( 99.5%)]
   [Table]
      [Memory Usage: 263.0K]
      [Size: 8192, Min: 1024, Max: 16777216]
      [Entries: 8492, Load: 103.7%, Cached: 0, Added: 8534, Removed: 42]
      [Resize Count: 3, Shrink Threshold: 5461(66.7%), Grow Threshold: 16384(200.0%)]
      [Rehash Count: 0, Rehash Threshold: 120, Hash Seed: 0x0]
      [Age Threshold: 3]
   [Queue]
      [Dropped: 0]
14.283: [GC pause (G1 Evacuation Pause) (young), 0.1303140 secs]
   [Parallel Time: 129.4 ms, GC Workers: 4]
      [GC Worker Start (ms): Min: 14283.3, Avg: 14283.3, Max: 14283.3, Diff: 0.1]
      [Ext Root Scanning (ms): Min: 0.2, Avg: 0.2, Max: 0.2, Diff: 0.1, Sum: 0.8]
      [Update RS (ms): Min: 6.0, Avg: 6.1, Max: 6.2, Diff: 0.2, Sum: 24.2]
         [Processed Buffers: Min: 10, Avg: 10.5, Max: 12, Diff: 2, Sum: 42]
      [Scan RS (ms): Min: 4.6, Avg: 4.7, Max: 4.8, Diff: 0.2, Sum: 18.9]
      [Code Root Scanning (ms): Min: 0.0, Avg: 0.0, Max: 0.0, Diff: 0.0, Sum: 0.0]
      [Object Copy (ms): Min: 118.3, Avg: 118.3, Max: 118.3, Diff: 0.0, Sum: 473.1]
      [Termination (ms): Min: 0.0, Avg: 0.0, Max: 0.0, Diff: 0.0, Sum: 0.0]
         [Termination Attempts: Min: 5, Avg: 9.8, Max: 15, Diff: 10, Sum: 39]
      [GC Worker Other (ms): Min: 0.0, Avg: 0.0, Max: 0.0, Diff: 0.0, Sum: 0.1]
      [GC Worker Total (ms): Min: 129.3, Avg: 129.3, Max: 129.3, Diff: 0.1, Sum: 517.2]
      [GC Worker End (ms): Min: 14412.6, Avg: 14412.6, Max: 14412.6, Diff: 0.0]
   [Code Root Fixup: 0.0 ms]
   [Code Root Purge: 0.0 ms]
   [String Dedup Fixup: 0.1 ms, GC Workers: 4]
      [Queue Fixup (ms): Min: 0.0, Avg: 0.0, Max: 0.0, Diff: 0.0, Sum: 0.1]
      [Table Fixup (ms): Min: 0.1, Avg: 0.1, Max: 0.1, Diff: 0.0, Sum: 0.3]
   [Clear CT: 0.1 ms]
   [Other: 0.8 ms]
      [Choose CSet: 0.0 ms]
      [Ref Proc: 0.0 ms]
      [Ref Enq: 0.0 ms]
      [Redirty Cards: 0.1 ms]
      [Humongous Register: 0.0 ms]
      [Humongous Reclaim: 0.0 ms]
      [Free CSet: 0.1 ms]
   [Eden: 198.0M(198.0M)->0.0B(207.0M) Survivors: 22.0M->28.0M Heap: 982.3M(1965.0M)->858.4M(1982.0M)]
 [Times: user=0.50 sys=0.00, real=0.13 secs] 
14.414: [GC concurrent-string-deduplication, 10.2K->10.1K(160.0B), avg 24.0%, 0.0005190 secs]
   [Last Exec: 0.0005190 secs, Idle: 0.3228550 secs, Blocked: 0/0.0000000 secs]
      [Inspected:           10735]
         [Skipped:              0(  0.0%)]
         [Hashed:             218(  2.0%)]
         [Known:            10517( 98.0%)]
         [New:                218(  2.0%)     10.2K]
      [Deduplicated:            3(  1.4%)    160.0B(  1.5%)]
         [Young:                0(  0.0%)      0.0B(  0.0%)]
         [Old:                  3(100.0%)    160.0B(100.0%)]
   [Total Exec: 25/0.0374399 secs, Idle: 25/14.1587873 secs, Blocked: 0/0.0000000 secs]
      [Inspected:          151959]
         [Skipped:              0(  0.0%)]
         [Hashed:            4628(  3.0%)]
         [Known:           146243( 96.2%)]
         [New:               5716(  3.8%)    329.8K]
      [Deduplicated:         1522( 26.6%)     79.2K( 24.0%)]
         [Young:                8(  0.5%)    424.0B(  0.5%)]
         [Old:               1514( 99.5%)     78.8K( 99.5%)]
   [Table]
      [Memory Usage: 268.1K]
      [Size: 8192, Min: 1024, Max: 16777216]
      [Entries: 8708, Load: 106.3%, Cached: 0, Added: 8750, Removed: 42]
      [Resize Count: 3, Shrink Threshold: 5461(66.7%), Grow Threshold: 16384(200.0%)]
      [Rehash Count: 0, Rehash Threshold: 120, Hash Seed: 0x0]
      [Age Threshold: 3]
   [Queue]
      [Dropped: 0]
14.611: [GC pause (G1 Evacuation Pause) (young), 0.1763757 secs]
   [Parallel Time: 175.3 ms, GC Workers: 4]
      [GC Worker Start (ms): Min: 14610.7, Avg: 14610.8, Max: 14610.8, Diff: 0.1]
      [Ext Root Scanning (ms): Min: 0.2, Avg: 0.2, Max: 0.2, Diff: 0.1, Sum: 0.8]
      [Update RS (ms): Min: 6.7, Avg: 6.8, Max: 7.0, Diff: 0.3, Sum: 27.3]
         [Processed Buffers: Min: 10, Avg: 11.0, Max: 13, Diff: 3, Sum: 44]
      [Scan RS (ms): Min: 11.9, Avg: 12.0, Max: 12.2, Diff: 0.4, Sum: 48.2]
      [Code Root Scanning (ms): Min: 0.0, Avg: 0.0, Max: 0.0, Diff: 0.0, Sum: 0.0]
      [Object Copy (ms): Min: 156.1, Avg: 156.2, Max: 156.4, Diff: 0.3, Sum: 624.8]
      [Termination (ms): Min: 0.0, Avg: 0.0, Max: 0.0, Diff: 0.0, Sum: 0.0]
         [Termination Attempts: Min: 4, Avg: 6.0, Max: 9, Diff: 5, Sum: 24]
      [GC Worker Other (ms): Min: 0.0, Avg: 0.0, Max: 0.0, Diff: 0.0, Sum: 0.1]
      [GC Worker Total (ms): Min: 175.3, Avg: 175.3, Max: 175.3, Diff: 0.0, Sum: 701.2]
      [GC Worker End (ms): Min: 14786.1, Avg: 14786.1, Max: 14786.1, Diff: 0.0]
   [Code Root Fixup: 0.0 ms]
   [Code Root Purge: 0.0 ms]
   [String Dedup Fixup: 0.1 ms, GC Workers: 4]
      [Queue Fixup (ms): Min: 0.0, Avg: 0.0, Max: 0.0, Diff: 0.0, Sum: 0.1]
      [Table Fixup (ms): Min: 0.1, Avg: 0.1, Max: 0.1, Diff: 0.0, Sum: 0.3]
   [Clear CT: 0.1 ms]
   [Other: 0.8 ms]
      [Choose CSet: 0.0 ms]
      [Ref Proc: 0.0 ms]
      [Ref Enq: 0.0 ms]
      [Redirty Cards: 0.1 ms]
      [Humongous Register: 0.1 ms]
      [Humongous Reclaim: 0.0 ms]
      [Free CSet: 0.2 ms]
   [Eden: 207.0M(207.0M)->0.0B(206.0M) Survivors: 28.0M->30.0M Heap: 1065.4M(1982.0M)->933.8M(1996.0M)]
 [Times: user=0.69 sys=0.00, real=0.18 secs] 
14.788: [GC concurrent-string-deduplication, 13.6K->13.4K(160.0B), avg 23.1%, 0.0006530 secs]
   [Last Exec: 0.0006530 secs, Idle: 0.3729804 secs, Blocked: 0/0.0000000 secs]
      [Inspected:           13918]
         [Skipped:              0(  0.0%)]
         [Hashed:             289(  2.1%)]
         [Known:            13629( 97.9%)]
         [New:                289(  2.1%)     13.6K]
      [Deduplicated:            3(  1.0%)    160.0B(  1.2%)]
         [Young:                0(  0.0%)      0.0B(  0.0%)]
         [Old:                  3(100.0%)    160.0B(100.0%)]
   [Total Exec: 26/0.0380929 secs, Idle: 26/14.5317678 secs, Blocked: 0/0.0000000 secs]
      [Inspected:          165877]
         [Skipped:              0(  0.0%)]
         [Hashed:            4917(  3.0%)]
         [Known:           159872( 96.4%)]
         [New:               6005(  3.6%)    343.4K]
      [Deduplicated:         1525( 25.4%)     79.4K( 23.1%)]
         [Young:                8(  0.5%)    424.0B(  0.5%)]
         [Old:               1517( 99.5%)     79.0K( 99.5%)]
   [Table]
      [Memory Usage: 274.8K]
      [Size: 8192, Min: 1024, Max: 16777216]
      [Entries: 8994, Load: 109.8%, Cached: 0, Added: 9036, Removed: 42]
      [Resize Count: 3, Shrink Threshold: 5461(66.7%), Grow Threshold: 16384(200.0%)]
      [Rehash Count: 0, Rehash Threshold: 120, Hash Seed: 0x0]
      [Age Threshold: 3]
   [Queue]
      [Dropped: 0]
15.012: [GC pause (G1 Evacuation Pause) (young) (initial-mark), 0.1690927 secs]
   [Parallel Time: 168.1 ms, GC Workers: 4]
      [GC Worker Start (ms): Min: 15011.7, Avg: 15011.7, Max: 15011.7, Diff: 0.0]
      [Ext Root Scanning (ms): Min: 0.3, Avg: 0.3, Max: 0.3, Diff: 0.0, Sum: 1.1]
      [Update RS (ms): Min: 7.4, Avg: 7.6, Max: 7.8, Diff: 0.4, Sum: 30.3]
         [Processed Buffers: Min: 11, Avg: 12.0, Max: 13, Diff: 2, Sum: 48]
      [Scan RS (ms): Min: 8.0, Avg: 8.3, Max: 8.3, Diff: 0.3, Sum: 33.0]
      [Code Root Scanning (ms): Min: 0.0, Avg: 0.0, Max: 0.0, Diff: 0.0, Sum: 0.0]
      [Object Copy (ms): Min: 151.9, Avg: 151.9, Max: 152.0, Diff: 0.1, Sum: 607.7]
      [Termination (ms): Min: 0.0, Avg: 0.0, Max: 0.0, Diff: 0.0, Sum: 0.0]
         [Termination Attempts: Min: 9, Avg: 10.8, Max: 14, Diff: 5, Sum: 43]
      [GC Worker Other (ms): Min: 0.0, Avg: 0.0, Max: 0.0, Diff: 0.0, Sum: 0.1]
      [GC Worker Total (ms): Min: 168.0, Avg: 168.1, Max: 168.1, Diff: 0.0, Sum: 672.3]
      [GC Worker End (ms): Min: 15179.8, Avg: 15179.8, Max: 15179.8, Diff: 0.0]
   [Code Root Fixup: 0.0 ms]
   [Code Root Purge: 0.0 ms]
   [String Dedup Fixup: 0.1 ms, GC Workers: 4]
      [Queue Fixup (ms): Min: 0.0, Avg: 0.0, Max: 0.0, Diff: 0.0, Sum: 0.1]
      [Table Fixup (ms): Min: 0.1, Avg: 0.1, Max: 0.1, Diff: 0.0, Sum: 0.3]
   [Clear CT: 0.1 ms]
   [Other: 0.8 ms]
      [Choose CSet: 0.0 ms]
      [Ref Proc: 0.0 ms]
      [Ref Enq: 0.0 ms]
      [Redirty Cards: 0.1 ms]
      [Humongous Register: 0.0 ms]
      [Humongous Reclaim: 0.0 ms]
      [Free CSet: 0.2 ms]
   [Eden: 206.0M(206.0M)->0.0B(210.0M) Survivors: 30.0M->30.0M Heap: 1139.8M(1996.0M)->1008.5M(2007.0M)]
 [Times: user=0.61 sys=0.05, real=0.17 secs] 
15.181: [GC concurrent-root-region-scan-start]
15.182: [GC concurrent-string-deduplication, 13.3K->13.2K(160.0B), avg 22.3%, 0.0007245 secs]
   [Last Exec: 0.0007245 secs, Idle: 0.3929031 secs, Blocked: 0/0.0000000 secs]
      [Inspected:           13882]
         [Skipped:              0(  0.0%)]
         [Hashed:             284(  2.0%)]
         [Known:            13598( 98.0%)]
         [New:                284(  2.0%)     13.3K]
      [Deduplicated:            3(  1.1%)    160.0B(  1.2%)]
         [Young:                0(  0.0%)      0.0B(  0.0%)]
         [Old:                  3(100.0%)    160.0B(100.0%)]
   [Total Exec: 27/0.0388174 secs, Idle: 27/14.9246709 secs, Blocked: 0/0.0000000 secs]
      [Inspected:          179759]
         [Skipped:              0(  0.0%)]
         [Hashed:            5201(  2.9%)]
         [Known:           173470( 96.5%)]
         [New:               6289(  3.5%)    356.7K]
      [Deduplicated:         1528( 24.3%)     79.5K( 22.3%)]
         [Young:                8(  0.5%)    424.0B(  0.5%)]
         [Old:               1520( 99.5%)     79.1K( 99.5%)]
   [Table]
      [Memory Usage: 281.4K]
      [Size: 8192, Min: 1024, Max: 16777216]
      [Entries: 9275, Load: 113.2%, Cached: 0, Added: 9317, Removed: 42]
      [Resize Count: 3, Shrink Threshold: 5461(66.7%), Grow Threshold: 16384(200.0%)]
      [Rehash Count: 0, Rehash Threshold: 120, Hash Seed: 0x0]
      [Age Threshold: 3]
   [Queue]
      [Dropped: 0]
15.234: [GC concurrent-root-region-scan-end, 0.0531263 secs]
15.234: [GC concurrent-mark-start]
15.423: [GC pause (G1 Evacuation Pause) (young), 0.1508670 secs]
   [Parallel Time: 149.9 ms, GC Workers: 4]
      [GC Worker Start (ms): Min: 15423.4, Avg: 15423.4, Max: 15423.4, Diff: 0.0]
      [Ext Root Scanning (ms): Min: 0.2, Avg: 0.2, Max: 0.2, Diff: 0.0, Sum: 0.8]
      [Update RS (ms): Min: 7.6, Avg: 7.7, Max: 7.8, Diff: 0.2, Sum: 30.7]
         [Processed Buffers: Min: 13, Avg: 13.0, Max: 13, Diff: 0, Sum: 52]
      [Scan RS (ms): Min: 10.3, Avg: 10.4, Max: 10.4, Diff: 0.2, Sum: 41.5]
      [Code Root Scanning (ms): Min: 0.0, Avg: 0.0, Max: 0.0, Diff: 0.0, Sum: 0.0]
      [Object Copy (ms): Min: 131.6, Avg: 131.6, Max: 131.6, Diff: 0.0, Sum: 526.5]
      [Termination (ms): Min: 0.0, Avg: 0.0, Max: 0.0, Diff: 0.0, Sum: 0.0]
         [Termination Attempts: Min: 3, Avg: 6.5, Max: 12, Diff: 9, Sum: 26]
      [GC Worker Other (ms): Min: 0.0, Avg: 0.0, Max: 0.0, Diff: 0.0, Sum: 0.1]
      [GC Worker Total (ms): Min: 149.9, Avg: 149.9, Max: 149.9, Diff: 0.0, Sum: 599.5]
      [GC Worker End (ms): Min: 15573.3, Avg: 15573.3, Max: 15573.3, Diff: 0.0]
   [Code Root Fixup: 0.0 ms]
   [Code Root Purge: 0.0 ms]
   [String Dedup Fixup: 0.1 ms, GC Workers: 4]
      [Queue Fixup (ms): Min: 0.0, Avg: 0.0, Max: 0.0, Diff: 0.0, Sum: 0.1]
      [Table Fixup (ms): Min: 0.1, Avg: 0.1, Max: 0.1, Diff: 0.0, Sum: 0.3]
   [Clear CT: 0.1 ms]
   [Other: 0.7 ms]
      [Choose CSet: 0.0 ms]
      [Ref Proc: 0.0 ms]
      [Ref Enq: 0.0 ms]
      [Redirty Cards: 0.2 ms]
      [Humongous Register: 0.0 ms]
      [Humongous Reclaim: 0.0 ms]
      [Free CSet: 0.2 ms]
   [Eden: 210.0M(210.0M)->0.0B(173.0M) Survivors: 30.0M->30.0M Heap: 1218.5M(2007.0M)->1085.7M(2016.0M)]
 [Times: user=0.56 sys=0.00, real=0.15 secs] 
15.607: [GC concurrent-string-deduplication, 16.6K->16.5K(160.0B), avg 21.3%, 0.0325120 secs]
   [Last Exec: 0.0325120 secs, Idle: 0.3927928 secs, Blocked: 0/0.0000000 secs]
      [Inspected:           18329]
         [Skipped:              0(  0.0%)]
         [Hashed:             354(  1.9%)]
         [Known:            17975( 98.1%)]
         [New:                354(  1.9%)     16.6K]
      [Deduplicated:            3(  0.8%)    160.0B(  0.9%)]
         [Young:                0(  0.0%)      0.0B(  0.0%)]
         [Old:                  3(100.0%)    160.0B(100.0%)]
   [Total Exec: 28/0.0713295 secs, Idle: 28/15.3174637 secs, Blocked: 0/0.0000000 secs]
      [Inspected:          198088]
         [Skipped:              0(  0.0%)]
         [Hashed:            5555(  2.8%)]
         [Known:           191445( 96.6%)]
         [New:               6643(  3.4%)    373.3K]
      [Deduplicated:         1531( 23.0%)     79.7K( 21.3%)]
         [Young:                8(  0.5%)    424.0B(  0.5%)]
         [Old:               1523( 99.5%)     79.3K( 99.5%)]
   [Table]
      [Memory Usage: 289.6K]
      [Size: 8192, Min: 1024, Max: 16777216]
      [Entries: 9626, Load: 117.5%, Cached: 0, Added: 9668, Removed: 42]
      [Resize Count: 3, Shrink Threshold: 5461(66.7%), Grow Threshold: 16384(200.0%)]
      [Rehash Count: 0, Rehash Threshold: 120, Hash Seed: 0x0]
      [Age Threshold: 3]
   [Queue]
      [Dropped: 0]
15.782: [GC pause (G1 Evacuation Pause) (young), 0.1277135 secs]
   [Parallel Time: 126.9 ms, GC Workers: 4]
      [GC Worker Start (ms): Min: 15782.3, Avg: 15782.3, Max: 15782.3, Diff: 0.0]
      [Ext Root Scanning (ms): Min: 0.2, Avg: 0.2, Max: 0.2, Diff: 0.0, Sum: 0.8]
      [Update RS (ms): Min: 8.3, Avg: 8.4, Max: 8.5, Diff: 0.1, Sum: 33.5]
         [Processed Buffers: Min: 13, Avg: 14.3, Max: 15, Diff: 2, Sum: 57]
      [Scan RS (ms): Min: 8.7, Avg: 8.8, Max: 8.8, Diff: 0.1, Sum: 35.1]
      [Code Root Scanning (ms): Min: 0.0, Avg: 0.0, Max: 0.0, Diff: 0.0, Sum: 0.0]
      [Object Copy (ms): Min: 109.5, Avg: 109.5, Max: 109.6, Diff: 0.1, Sum: 438.2]
      [Termination (ms): Min: 0.0, Avg: 0.0, Max: 0.0, Diff: 0.0, Sum: 0.0]
         [Termination Attempts: Min: 23, Avg: 26.5, Max: 30, Diff: 7, Sum: 106]
      [GC Worker Other (ms): Min: 0.0, Avg: 0.0, Max: 0.0, Diff: 0.0, Sum: 0.1]
      [GC Worker Total (ms): Min: 126.9, Avg: 126.9, Max: 126.9, Diff: 0.0, Sum: 507.6]
      [GC Worker End (ms): Min: 15909.2, Avg: 15909.2, Max: 15909.2, Diff: 0.0]
   [Code Root Fixup: 0.0 ms]
   [Code Root Purge: 0.0 ms]
   [String Dedup Fixup: 0.1 ms, GC Workers: 4]
      [Queue Fixup (ms): Min: 0.0, Avg: 0.0, Max: 0.0, Diff: 0.0, Sum: 0.1]
      [Table Fixup (ms): Min: 0.1, Avg: 0.1, Max: 0.1, Diff: 0.0, Sum: 0.3]
   [Clear CT: 0.1 ms]
   [Other: 0.6 ms]
      [Choose CSet: 0.0 ms]
      [Ref Proc: 0.0 ms]
      [Ref Enq: 0.0 ms]
      [Redirty Cards: 0.1 ms]
      [Humongous Register: 0.0 ms]
      [Humongous Reclaim: 0.0 ms]
      [Free CSet: 0.1 ms]
   [Eden: 173.0M(173.0M)->0.0B(247.0M) Survivors: 30.0M->26.0M Heap: 1258.7M(2016.0M)->1151.3M(2023.0M)]
 [Times: user=0.50 sys=0.00, real=0.13 secs] 
15.911: [GC concurrent-string-deduplication, 9200.0B->8880.0B(320.0B), avg 20.9%, 0.0004327 secs]
   [Last Exec: 0.0004327 secs, Idle: 0.3031854 secs, Blocked: 0/0.0000000 secs]
      [Inspected:            9103]
         [Skipped:              0(  0.0%)]
         [Hashed:             191(  2.1%)]
         [Known:             8912( 97.9%)]
         [New:                191(  2.1%)   9200.0B]
      [Deduplicated:            6(  3.1%)    320.0B(  3.5%)]
         [Young:                0(  0.0%)      0.0B(  0.0%)]
         [Old:                  6(100.0%)    320.0B(100.0%)]
   [Total Exec: 29/0.0717622 secs, Idle: 29/15.6206491 secs, Blocked: 0/0.0000000 secs]
      [Inspected:          207191]
         [Skipped:              0(  0.0%)]
         [Hashed:            5746(  2.8%)]
         [Known:           200357( 96.7%)]
         [New:               6834(  3.3%)    382.3K]
      [Deduplicated:         1537( 22.5%)     80.0K( 20.9%)]
         [Young:                8(  0.5%)    424.0B(  0.5%)]
         [Old:               1529( 99.5%)     79.6K( 99.5%)]
   [Table]
      [Memory Usage: 293.9K]
      [Size: 8192, Min: 1024, Max: 16777216]
      [Entries: 9811, Load: 119.8%, Cached: 0, Added: 9853, Removed: 42]
      [Resize Count: 3, Shrink Threshold: 5461(66.7%), Grow Threshold: 16384(200.0%)]
      [Rehash Count: 0, Rehash Threshold: 120, Hash Seed: 0x0]
      [Age Threshold: 3]
   [Queue]
      [Dropped: 0]
16.149: [GC pause (G1 Evacuation Pause) (young), 0.1495116 secs]
   [Parallel Time: 148.7 ms, GC Workers: 4]
      [GC Worker Start (ms): Min: 16148.8, Avg: 16148.9, Max: 16148.9, Diff: 0.0]
      [Ext Root Scanning (ms): Min: 0.2, Avg: 0.2, Max: 0.2, Diff: 0.0, Sum: 0.8]
      [Update RS (ms): Min: 9.0, Avg: 9.1, Max: 9.3, Diff: 0.3, Sum: 36.5]
         [Processed Buffers: Min: 14, Avg: 15.3, Max: 16, Diff: 2, Sum: 61]
      [Scan RS (ms): Min: 0.0, Avg: 0.2, Max: 0.3, Diff: 0.3, Sum: 0.7]
      [Code Root Scanning (ms): Min: 0.0, Avg: 0.0, Max: 0.0, Diff: 0.0, Sum: 0.0]
      [Object Copy (ms): Min: 139.1, Avg: 139.1, Max: 139.1, Diff: 0.0, Sum: 556.4]
      [Termination (ms): Min: 0.0, Avg: 0.0, Max: 0.0, Diff: 0.0, Sum: 0.0]
         [Termination Attempts: Min: 4, Avg: 5.8, Max: 8, Diff: 4, Sum: 23]
      [GC Worker Other (ms): Min: 0.0, Avg: 0.0, Max: 0.0, Diff: 0.0, Sum: 0.1]
      [GC Worker Total (ms): Min: 148.6, Avg: 148.6, Max: 148.6, Diff: 0.0, Sum: 594.5]
      [GC Worker End (ms): Min: 16297.5, Avg: 16297.5, Max: 16297.5, Diff: 0.0]
   [Code Root Fixup: 0.0 ms]
   [Code Root Purge: 0.0 ms]
   [String Dedup Fixup: 0.1 ms, GC Workers: 4]
      [Queue Fixup (ms): Min: 0.0, Avg: 0.0, Max: 0.0, Diff: 0.0, Sum: 0.1]
      [Table Fixup (ms): Min: 0.1, Avg: 0.1, Max: 0.1, Diff: 0.0, Sum: 0.4]
   [Clear CT: 0.1 ms]
   [Other: 0.6 ms]
      [Choose CSet: 0.0 ms]
      [Ref Proc: 0.1 ms]
      [Ref Enq: 0.0 ms]
      [Redirty Cards: 0.1 ms]
      [Humongous Register: 0.0 ms]
      [Humongous Reclaim: 0.0 ms]
      [Free CSet: 0.2 ms]
   [Eden: 247.0M(247.0M)->0.0B(322.0M) Survivors: 26.0M->35.0M Heap: 1398.3M(2023.0M)->1241.8M(2028.0M)]
 [Times: user=0.63 sys=0.00, real=0.15 secs] 
16.299: [GC concurrent-string-deduplication, 14.3K->14.1K(160.0B), avg 20.2%, 0.0007268 secs]
   [Last Exec: 0.0007268 secs, Idle: 0.3878541 secs, Blocked: 0/0.0000000 secs]
      [Inspected:           14908]
         [Skipped:              0(  0.0%)]
         [Hashed:             304(  2.0%)]
         [Known:            14604( 98.0%)]
         [New:                304(  2.0%)     14.3K]
      [Deduplicated:            3(  1.0%)    160.0B(  1.1%)]
         [Young:                0(  0.0%)      0.0B(  0.0%)]
         [Old:                  3(100.0%)    160.0B(100.0%)]
   [Total Exec: 30/0.0724890 secs, Idle: 30/16.0085031 secs, Blocked: 0/0.0000000 secs]
      [Inspected:          222099]
         [Skipped:              0(  0.0%)]
         [Hashed:            6050(  2.7%)]
         [Known:           214961( 96.8%)]
         [New:               7138(  3.2%)    396.6K]
      [Deduplicated:         1540( 21.6%)     80.2K( 20.2%)]
         [Young:                8(  0.5%)    424.0B(  0.5%)]
         [Old:               1532( 99.5%)     79.7K( 99.5%)]
   [Table]
      [Memory Usage: 301.0K]
      [Size: 8192, Min: 1024, Max: 16777216]
      [Entries: 10112, Load: 123.4%, Cached: 0, Added: 10154, Removed: 42]
      [Resize Count: 3, Shrink Threshold: 5461(66.7%), Grow Threshold: 16384(200.0%)]
      [Rehash Count: 0, Rehash Threshold: 120, Hash Seed: 0x0]
      [Age Threshold: 3]
   [Queue]
      [Dropped: 0]
16.619: [GC pause (G1 Evacuation Pause) (young), 0.2048140 secs]
   [Parallel Time: 204.0 ms, GC Workers: 4]
      [GC Worker Start (ms): Min: 16618.7, Avg: 16618.7, Max: 16618.7, Diff: 0.0]
      [Ext Root Scanning (ms): Min: 0.2, Avg: 0.2, Max: 0.2, Diff: 0.0, Sum: 0.8]
      [Update RS (ms): Min: 13.7, Avg: 13.9, Max: 14.1, Diff: 0.3, Sum: 55.5]
         [Processed Buffers: Min: 21, Avg: 22.8, Max: 24, Diff: 3, Sum: 91]
      [Scan RS (ms): Min: 0.0, Avg: 0.1, Max: 0.3, Diff: 0.3, Sum: 0.5]
      [Code Root Scanning (ms): Min: 0.0, Avg: 0.0, Max: 0.0, Diff: 0.0, Sum: 0.0]
      [Object Copy (ms): Min: 189.6, Avg: 189.7, Max: 189.7, Diff: 0.1, Sum: 758.7]
      [Termination (ms): Min: 0.0, Avg: 0.0, Max: 0.0, Diff: 0.0, Sum: 0.0]
         [Termination Attempts: Min: 13, Avg: 17.3, Max: 24, Diff: 11, Sum: 69]
      [GC Worker Other (ms): Min: 0.0, Avg: 0.0, Max: 0.0, Diff: 0.0, Sum: 0.1]
      [GC Worker Total (ms): Min: 203.9, Avg: 203.9, Max: 203.9, Diff: 0.0, Sum: 815.7]
      [GC Worker End (ms): Min: 16822.6, Avg: 16822.6, Max: 16822.6, Diff: 0.0]
   [Code Root Fixup: 0.0 ms]
   [Code Root Purge: 0.0 ms]
   [String Dedup Fixup: 0.1 ms, GC Workers: 4]
      [Queue Fixup (ms): Min: 0.0, Avg: 0.0, Max: 0.0, Diff: 0.0, Sum: 0.1]
      [Table Fixup (ms): Min: 0.1, Avg: 0.1, Max: 0.1, Diff: 0.0, Sum: 0.4]
   [Clear CT: 0.1 ms]
   [Other: 0.6 ms]
      [Choose CSet: 0.0 ms]
      [Ref Proc: 0.0 ms]
      [Ref Enq: 0.0 ms]
      [Redirty Cards: 0.2 ms]
      [Humongous Register: 0.0 ms]
      [Humongous Reclaim: 0.0 ms]
      [Free CSet: 0.2 ms]
   [Eden: 322.0M(322.0M)->0.0B(294.0M) Survivors: 35.0M->45.0M Heap: 1563.8M(2028.0M)->1362.6M(2032.0M)]
 [Times: user=0.81 sys=0.00, real=0.20 secs] 
16.824: [GC concurrent-string-deduplication, 17.7K->17.7K(0.0B), avg 19.3%, 0.0008602 secs]
   [Last Exec: 0.0008602 secs, Idle: 0.5243401 secs, Blocked: 0/0.0000000 secs]
      [Inspected:           18795]
         [Skipped:              0(  0.0%)]
         [Hashed:             378(  2.0%)]
         [Known:            18417( 98.0%)]
         [New:                378(  2.0%)     17.7K]
      [Deduplicated:            0(  0.0%)      0.0B(  0.0%)]
         [Young:                0(  0.0%)      0.0B(  0.0%)]
         [Old:                  0(  0.0%)      0.0B(  0.0%)]
   [Total Exec: 31/0.0733492 secs, Idle: 31/16.5328432 secs, Blocked: 0/0.0000000 secs]
      [Inspected:          240894]
         [Skipped:              0(  0.0%)]
         [Hashed:            6428(  2.7%)]
         [Known:           233378( 96.9%)]
         [New:               7516(  3.1%)    414.3K]
      [Deduplicated:         1540( 20.5%)     80.2K( 19.3%)]
         [Young:                8(  0.5%)    424.0B(  0.5%)]
         [Old:               1532( 99.5%)     79.7K( 99.5%)]
   [Table]
      [Memory Usage: 309.9K]
      [Size: 8192, Min: 1024, Max: 16777216]
      [Entries: 10490, Load: 128.1%, Cached: 0, Added: 10532, Removed: 42]
      [Resize Count: 3, Shrink Threshold: 5461(66.7%), Grow Threshold: 16384(200.0%)]
      [Rehash Count: 0, Rehash Threshold: 120, Hash Seed: 0x0]
      [Age Threshold: 3]
   [Queue]
      [Dropped: 0]
17.007: [GC pause (G1 Evacuation Pause) (young), 0.1721830 secs]
   [Parallel Time: 171.2 ms, GC Workers: 4]
      [GC Worker Start (ms): Min: 17007.5, Avg: 17007.5, Max: 17007.6, Diff: 0.0]
      [Ext Root Scanning (ms): Min: 0.2, Avg: 0.2, Max: 0.2, Diff: 0.0, Sum: 0.8]
      [Update RS (ms): Min: 11.4, Avg: 11.5, Max: 11.5, Diff: 0.2, Sum: 45.8]
         [Processed Buffers: Min: 17, Avg: 18.5, Max: 20, Diff: 3, Sum: 74]
      [Scan RS (ms): Min: 20.1, Avg: 20.2, Max: 20.3, Diff: 0.2, Sum: 80.7]
      [Code Root Scanning (ms): Min: 0.0, Avg: 0.0, Max: 0.0, Diff: 0.0, Sum: 0.0]
      [Object Copy (ms): Min: 139.3, Avg: 139.3, Max: 139.3, Diff: 0.0, Sum: 557.1]
      [Termination (ms): Min: 0.0, Avg: 0.0, Max: 0.0, Diff: 0.0, Sum: 0.0]
         [Termination Attempts: Min: 14, Avg: 15.5, Max: 17, Diff: 3, Sum: 62]
      [GC Worker Other (ms): Min: 0.0, Avg: 0.0, Max: 0.0, Diff: 0.0, Sum: 0.1]
      [GC Worker Total (ms): Min: 171.1, Avg: 171.1, Max: 171.1, Diff: 0.0, Sum: 684.5]
      [GC Worker End (ms): Min: 17178.7, Avg: 17178.7, Max: 17178.7, Diff: 0.0]
   [Code Root Fixup: 0.0 ms]
   [Code Root Purge: 0.0 ms]
   [String Dedup Fixup: 0.1 ms, GC Workers: 4]
      [Queue Fixup (ms): Min: 0.0, Avg: 0.0, Max: 0.0, Diff: 0.0, Sum: 0.1]
      [Table Fixup (ms): Min: 0.1, Avg: 0.1, Max: 0.1, Diff: 0.0, Sum: 0.4]
   [Clear CT: 0.1 ms]
   [Other: 0.8 ms]
      [Choose CSet: 0.0 ms]
      [Ref Proc: 0.1 ms]
      [Ref Enq: 0.0 ms]
      [Redirty Cards: 0.2 ms]
      [Humongous Register: 0.0 ms]
      [Humongous Reclaim: 0.0 ms]
      [Free CSet: 0.3 ms]
   [Eden: 166.0M(166.0M)->0.0B(301.0M) Survivors: 45.0M->27.0M Heap: 1528.6M(2032.0M)->1424.9M(2036.0M)]
 [Times: user=0.67 sys=0.00, real=0.17 secs] 
17.181: [GC concurrent-string-deduplication, 14.9K->14.8K(160.0B), avg 18.7%, 0.0007650 secs]
   [Last Exec: 0.0007650 secs, Idle: 0.3553962 secs, Blocked: 0/0.0000000 secs]
      [Inspected:           16453]
         [Skipped:              0(  0.0%)]
         [Hashed:             318(  1.9%)]
         [Known:            16135( 98.1%)]
         [New:                318(  1.9%)     14.9K]
      [Deduplicated:            3(  0.9%)    160.0B(  1.0%)]
         [Young:                0(  0.0%)      0.0B(  0.0%)]
         [Old:                  3(100.0%)    160.0B(100.0%)]
   [Total Exec: 32/0.0741141 secs, Idle: 32/16.8882394 secs, Blocked: 0/0.0000000 secs]
      [Inspected:          257347]
         [Skipped:              0(  0.0%)]
         [Hashed:            6746(  2.6%)]
         [Known:           249513( 97.0%)]
         [New:               7834(  3.0%)    429.2K]
      [Deduplicated:         1543( 19.7%)     80.3K( 18.7%)]
         [Young:                8(  0.5%)    424.0B(  0.5%)]
         [Old:               1535( 99.5%)     79.9K( 99.5%)]
   [Table]
      [Memory Usage: 317.3K]
      [Size: 8192, Min: 1024, Max: 16777216]
      [Entries: 10806, Load: 131.9%, Cached: 0, Added: 10848, Removed: 42]
      [Resize Count: 3, Shrink Threshold: 5461(66.7%), Grow Threshold: 16384(200.0%)]
      [Rehash Count: 0, Rehash Threshold: 120, Hash Seed: 0x0]
      [Age Threshold: 3]
   [Queue]
      [Dropped: 0]
17.335: [GC concurrent-mark-end, 2.1012811 secs]
17.335: [GC remark 17.335: [Finalize Marking, 0.0000343 secs] 17.335: [GC ref-proc, 0.0000638 secs] 17.336: [Unloading, 0.0013198 secs], 0.0032998 secs]
 [Times: user=0.00 sys=0.00, real=0.00 secs] 
17.339: [GC cleanup 1560M->1560M(2036M), 0.0016826 secs]
 [Times: user=0.02 sys=0.00, real=0.00 secs] 
17.493: [GC pause (G1 Evacuation Pause) (young), 0.1888297 secs]
   [Parallel Time: 188.0 ms, GC Workers: 4]
      [GC Worker Start (ms): Min: 17493.0, Avg: 17493.0, Max: 17493.0, Diff: 0.0]
      [Ext Root Scanning (ms): Min: 0.2, Avg: 0.2, Max: 0.2, Diff: 0.0, Sum: 0.8]
      [Update RS (ms): Min: 15.7, Avg: 15.8, Max: 16.0, Diff: 0.3, Sum: 63.2]
         [Processed Buffers: Min: 26, Avg: 26.8, Max: 28, Diff: 2, Sum: 107]
      [Scan RS (ms): Min: 2.3, Avg: 2.4, Max: 2.5, Diff: 0.3, Sum: 9.7]
      [Code Root Scanning (ms): Min: 0.0, Avg: 0.0, Max: 0.0, Diff: 0.0, Sum: 0.0]
      [Object Copy (ms): Min: 169.5, Avg: 169.5, Max: 169.6, Diff: 0.1, Sum: 678.1]
      [Termination (ms): Min: 0.0, Avg: 0.0, Max: 0.0, Diff: 0.0, Sum: 0.0]
         [Termination Attempts: Min: 11, Avg: 12.5, Max: 13, Diff: 2, Sum: 50]
      [GC Worker Other (ms): Min: 0.0, Avg: 0.0, Max: 0.0, Diff: 0.0, Sum: 0.1]
      [GC Worker Total (ms): Min: 187.9, Avg: 188.0, Max: 188.0, Diff: 0.0, Sum: 751.8]
      [GC Worker End (ms): Min: 17681.0, Avg: 17681.0, Max: 17681.0, Diff: 0.0]
   [Code Root Fixup: 0.0 ms]
   [Code Root Purge: 0.0 ms]
   [String Dedup Fixup: 0.1 ms, GC Workers: 4]
      [Queue Fixup (ms): Min: 0.0, Avg: 0.0, Max: 0.0, Diff: 0.0, Sum: 0.1]
      [Table Fixup (ms): Min: 0.1, Avg: 0.1, Max: 0.1, Diff: 0.0, Sum: 0.4]
   [Clear CT: 0.1 ms]
   [Other: 0.6 ms]
      [Choose CSet: 0.0 ms]
      [Ref Proc: 0.0 ms]
      [Ref Enq: 0.0 ms]
      [Redirty Cards: 0.2 ms]
      [Humongous Register: 0.0 ms]
      [Humongous Reclaim: 0.0 ms]
      [Free CSet: 0.2 ms]
   [Eden: 301.0M(301.0M)->0.0B(60.0M) Survivors: 27.0M->41.0M Heap: 1725.9M(2036.0M)->1534.7M(2039.0M)]
 [Times: user=0.75 sys=0.00, real=0.19 secs] 
17.683: [GC concurrent-string-deduplication, 14.5K->14.3K(160.0B), avg 18.1%, 0.0006861 secs]
   [Last Exec: 0.0006861 secs, Idle: 0.5011940 secs, Blocked: 0/0.0000000 secs]
      [Inspected:           14968]
         [Skipped:              0(  0.0%)]
         [Hashed:             308(  2.1%)]
         [Known:            14660( 97.9%)]
         [New:                308(  2.1%)     14.5K]
      [Deduplicated:            3(  1.0%)    160.0B(  1.1%)]
         [Young:                0(  0.0%)      0.0B(  0.0%)]
         [Old:                  3(100.0%)    160.0B(100.0%)]
   [Total Exec: 33/0.0748002 secs, Idle: 33/17.3894334 secs, Blocked: 0/0.0000000 secs]
      [Inspected:          272315]
         [Skipped:              0(  0.0%)]
         [Hashed:            7054(  2.6%)]
         [Known:           264173( 97.0%)]
         [New:               8142(  3.0%)    443.6K]
      [Deduplicated:         1546( 19.0%)     80.5K( 18.1%)]
         [Young:                8(  0.5%)    424.0B(  0.5%)]
         [Old:               1538( 99.5%)     80.1K( 99.5%)]
   [Table]
      [Memory Usage: 324.4K]
      [Size: 8192, Min: 1024, Max: 16777216]
      [Entries: 11111, Load: 135.6%, Cached: 0, Added: 11153, Removed: 42]
      [Resize Count: 3, Shrink Threshold: 5461(66.7%), Grow Threshold: 16384(200.0%)]
      [Rehash Count: 0, Rehash Threshold: 120, Hash Seed: 0x0]
      [Age Threshold: 3]
   [Queue]
      [Dropped: 0]
17.780: [GC pause (G1 Evacuation Pause) (mixed), 0.1293351 secs]
   [Parallel Time: 128.5 ms, GC Workers: 4]
      [GC Worker Start (ms): Min: 17780.3, Avg: 17780.3, Max: 17780.3, Diff: 0.0]
      [Ext Root Scanning (ms): Min: 0.2, Avg: 0.2, Max: 0.2, Diff: 0.0, Sum: 0.8]
      [Update RS (ms): Min: 12.4, Avg: 12.6, Max: 12.8, Diff: 0.5, Sum: 50.3]
         [Processed Buffers: Min: 21, Avg: 21.8, Max: 23, Diff: 2, Sum: 87]
      [Scan RS (ms): Min: 15.4, Avg: 15.6, Max: 15.8, Diff: 0.5, Sum: 62.6]
      [Code Root Scanning (ms): Min: 0.0, Avg: 0.0, Max: 0.0, Diff: 0.0, Sum: 0.0]
      [Object Copy (ms): Min: 100.0, Avg: 100.0, Max: 100.1, Diff: 0.1, Sum: 400.1]
      [Termination (ms): Min: 0.0, Avg: 0.0, Max: 0.1, Diff: 0.1, Sum: 0.2]
         [Termination Attempts: Min: 1, Avg: 437.0, Max: 622, Diff: 621, Sum: 1748]
      [GC Worker Other (ms): Min: 0.0, Avg: 0.0, Max: 0.0, Diff: 0.0, Sum: 0.1]
      [GC Worker Total (ms): Min: 128.5, Avg: 128.5, Max: 128.5, Diff: 0.0, Sum: 514.0]
      [GC Worker End (ms): Min: 17908.8, Avg: 17908.8, Max: 17908.8, Diff: 0.0]
   [Code Root Fixup: 0.0 ms]
   [Code Root Purge: 0.0 ms]
   [String Dedup Fixup: 0.1 ms, GC Workers: 4]
      [Queue Fixup (ms): Min: 0.0, Avg: 0.0, Max: 0.0, Diff: 0.0, Sum: 0.1]
      [Table Fixup (ms): Min: 0.1, Avg: 0.1, Max: 0.1, Diff: 0.0, Sum: 0.4]
   [Clear CT: 0.1 ms]
   [Other: 0.6 ms]
      [Choose CSet: 0.0 ms]
      [Ref Proc: 0.0 ms]
      [Ref Enq: 0.0 ms]
      [Redirty Cards: 0.2 ms]
      [Humongous Register: 0.0 ms]
      [Humongous Reclaim: 0.0 ms]
      [Free CSet: 0.2 ms]
   [Eden: 60.0M(60.0M)->0.0B(212.0M) Survivors: 41.0M->13.0M Heap: 1594.7M(2039.0M)->1545.8M(2041.0M)]
 [Times: user=0.50 sys=0.00, real=0.13 secs] 
17.910: [GC concurrent-string-deduplication, 9760.0B->9600.0B(160.0B), avg 17.8%, 0.0004776 secs]
   [Last Exec: 0.0004776 secs, Idle: 0.2270621 secs, Blocked: 0/0.0000000 secs]
      [Inspected:           10027]
         [Skipped:              0(  0.0%)]
         [Hashed:             203(  2.0%)]
         [Known:             9824( 98.0%)]
         [New:                203(  2.0%)   9760.0B]
      [Deduplicated:            3(  1.5%)    160.0B(  1.6%)]
         [Young:                0(  0.0%)      0.0B(  0.0%)]
         [Old:                  3(100.0%)    160.0B(100.0%)]
   [Total Exec: 34/0.0752778 secs, Idle: 34/17.6164955 secs, Blocked: 0/0.0000000 secs]
      [Inspected:          282342]
         [Skipped:              0(  0.0%)]
         [Hashed:            7257(  2.6%)]
         [Known:           273997( 97.0%)]
         [New:               8345(  3.0%)    453.2K]
      [Deduplicated:         1549( 18.6%)     80.6K( 17.8%)]
         [Young:                8(  0.5%)    424.0B(  0.5%)]
         [Old:               1541( 99.5%)     80.2K( 99.5%)]
   [Table]
      [Memory Usage: 329.1K]
      [Size: 8192, Min: 1024, Max: 16777216]
      [Entries: 11311, Load: 138.1%, Cached: 0, Added: 11353, Removed: 42]
      [Resize Count: 3, Shrink Threshold: 5461(66.7%), Grow Threshold: 16384(200.0%)]
      [Rehash Count: 0, Rehash Threshold: 120, Hash Seed: 0x0]
      [Age Threshold: 3]
   [Queue]
      [Dropped: 0]
18.132: [GC pause (G1 Evacuation Pause) (young), 0.1208102 secs]
   [Parallel Time: 120.0 ms, GC Workers: 4]
      [GC Worker Start (ms): Min: 18132.3, Avg: 18132.3, Max: 18132.3, Diff: 0.0]
      [Ext Root Scanning (ms): Min: 0.2, Avg: 0.2, Max: 0.2, Diff: 0.0, Sum: 0.8]
      [Update RS (ms): Min: 13.9, Avg: 14.0, Max: 14.0, Diff: 0.1, Sum: 55.9]
         [Processed Buffers: Min: 23, Avg: 23.8, Max: 25, Diff: 2, Sum: 95]
      [Scan RS (ms): Min: 0.0, Avg: 0.0, Max: 0.1, Diff: 0.0, Sum: 0.2]
      [Code Root Scanning (ms): Min: 0.0, Avg: 0.0, Max: 0.0, Diff: 0.0, Sum: 0.0]
      [Object Copy (ms): Min: 105.7, Avg: 105.7, Max: 105.8, Diff: 0.0, Sum: 423.0]
      [Termination (ms): Min: 0.0, Avg: 0.0, Max: 0.0, Diff: 0.0, Sum: 0.0]
         [Termination Attempts: Min: 21, Avg: 28.0, Max: 36, Diff: 15, Sum: 112]
      [GC Worker Other (ms): Min: 0.0, Avg: 0.0, Max: 0.0, Diff: 0.0, Sum: 0.1]
      [GC Worker Total (ms): Min: 120.0, Avg: 120.0, Max: 120.0, Diff: 0.0, Sum: 479.9]
      [GC Worker End (ms): Min: 18252.3, Avg: 18252.3, Max: 18252.3, Diff: 0.0]
   [Code Root Fixup: 0.0 ms]
   [Code Root Purge: 0.0 ms]
   [String Dedup Fixup: 0.1 ms, GC Workers: 4]
      [Queue Fixup (ms): Min: 0.0, Avg: 0.0, Max: 0.0, Diff: 0.0, Sum: 0.1]
      [Table Fixup (ms): Min: 0.1, Avg: 0.1, Max: 0.1, Diff: 0.0, Sum: 0.4]
   [Clear CT: 0.1 ms]
   [Other: 0.6 ms]
      [Choose CSet: 0.0 ms]
      [Ref Proc: 0.1 ms]
      [Ref Enq: 0.0 ms]
      [Redirty Cards: 0.1 ms]
      [Humongous Register: 0.1 ms]
      [Humongous Reclaim: 0.0 ms]
      [Free CSet: 0.2 ms]
   [Eden: 212.0M(212.0M)->0.0B(150.0M) Survivors: 13.0M->29.0M Heap: 1757.8M(2041.0M)->1624.5M(2043.0M)]
 [Times: user=0.50 sys=0.00, real=0.12 secs] 
18.255: [GC concurrent-string-deduplication, 10.5K->10.5K(0.0B), avg 17.4%, 0.0016332 secs]
   [Last Exec: 0.0016332 secs, Idle: 0.3430138 secs, Blocked: 0/0.0000000 secs]
      [Inspected:           11796]
         [Skipped:              0(  0.0%)]
         [Hashed:             223(  1.9%)]
         [Known:            11573( 98.1%)]
         [New:                223(  1.9%)     10.5K]
      [Deduplicated:            0(  0.0%)      0.0B(  0.0%)]
         [Young:                0(  0.0%)      0.0B(  0.0%)]
         [Old:                  0(  0.0%)      0.0B(  0.0%)]
   [Total Exec: 35/0.0769110 secs, Idle: 35/17.9595093 secs, Blocked: 0/0.0000000 secs]
      [Inspected:          294138]
         [Skipped:              0(  0.0%)]
         [Hashed:            7480(  2.5%)]
         [Known:           285570( 97.1%)]
         [New:               8568(  2.9%)    463.6K]
      [Deduplicated:         1549( 18.1%)     80.6K( 17.4%)]
         [Young:                8(  0.5%)    424.0B(  0.5%)]
         [Old:               1541( 99.5%)     80.2K( 99.5%)]
   [Table]
      [Memory Usage: 334.3K]
      [Size: 8192, Min: 1024, Max: 16777216]
      [Entries: 11534, Load: 140.8%, Cached: 0, Added: 11576, Removed: 42]
      [Resize Count: 3, Shrink Threshold: 5461(66.7%), Grow Threshold: 16384(200.0%)]
      [Rehash Count: 0, Rehash Threshold: 120, Hash Seed: 0x0]
      [Age Threshold: 3]
   [Queue]
      [Dropped: 0]
18.326: [GC pause (G1 Evacuation Pause) (young) (initial-mark), 0.1111380 secs]
   [Parallel Time: 110.4 ms, GC Workers: 4]
      [GC Worker Start (ms): Min: 18325.7, Avg: 18325.7, Max: 18325.7, Diff: 0.0]
      [Ext Root Scanning (ms): Min: 0.3, Avg: 0.3, Max: 0.3, Diff: 0.0, Sum: 1.1]
      [Update RS (ms): Min: 25.5, Avg: 25.7, Max: 26.0, Diff: 0.5, Sum: 102.9]
         [Processed Buffers: Min: 38, Avg: 40.8, Max: 44, Diff: 6, Sum: 163]
      [Scan RS (ms): Min: 11.3, Avg: 11.6, Max: 11.7, Diff: 0.5, Sum: 46.3]
      [Code Root Scanning (ms): Min: 0.0, Avg: 0.0, Max: 0.0, Diff: 0.0, Sum: 0.0]
      [Object Copy (ms): Min: 72.7, Avg: 72.8, Max: 72.8, Diff: 0.0, Sum: 291.0]
      [Termination (ms): Min: 0.0, Avg: 0.0, Max: 0.0, Diff: 0.0, Sum: 0.0]
         [Termination Attempts: Min: 2, Avg: 3.8, Max: 6, Diff: 4, Sum: 15]
      [GC Worker Other (ms): Min: 0.0, Avg: 0.0, Max: 0.0, Diff: 0.0, Sum: 0.0]
      [GC Worker Total (ms): Min: 110.3, Avg: 110.3, Max: 110.3, Diff: 0.0, Sum: 441.3]
      [GC Worker End (ms): Min: 18436.0, Avg: 18436.0, Max: 18436.0, Diff: 0.0]
   [Code Root Fixup: 0.0 ms]
   [Code Root Purge: 0.0 ms]
   [String Dedup Fixup: 0.2 ms, GC Workers: 4]
      [Queue Fixup (ms): Min: 0.0, Avg: 0.0, Max: 0.0, Diff: 0.0, Sum: 0.0]
      [Table Fixup (ms): Min: 0.1, Avg: 0.1, Max: 0.1, Diff: 0.0, Sum: 0.5]
   [Clear CT: 0.1 ms]
   [Other: 0.5 ms]
      [Choose CSet: 0.0 ms]
      [Ref Proc: 0.0 ms]
      [Ref Enq: 0.0 ms]
      [Redirty Cards: 0.1 ms]
      [Humongous Register: 0.0 ms]
      [Humongous Reclaim: 0.0 ms]
      [Free CSet: 0.1 ms]
   [Eden: 73.0M(73.0M)->0.0B(133.0M) Survivors: 29.0M->13.0M Heap: 1697.5M(2043.0M)->1653.6M(2044.0M)]
 [Times: user=0.44 sys=0.00, real=0.11 secs] 
18.437: [GC concurrent-root-region-scan-start]
18.437: [GC concurrent-string-deduplication, 6752.0B->6432.0B(320.0B), avg 17.2%, 0.0003265 secs]
   [Last Exec: 0.0003265 secs, Idle: 0.1820355 secs, Blocked: 0/0.0000000 secs]
      [Inspected:            6797]
         [Skipped:              0(  0.0%)]
         [Hashed:             140(  2.1%)]
         [Known:             6657( 97.9%)]
         [New:                140(  2.1%)   6752.0B]
      [Deduplicated:            6(  4.3%)    320.0B(  4.7%)]
         [Young:                0(  0.0%)      0.0B(  0.0%)]
         [Old:                  6(100.0%)    320.0B(100.0%)]
   [Total Exec: 36/0.0772375 secs, Idle: 36/18.1415447 secs, Blocked: 0/0.0000000 secs]
      [Inspected:          300935]
         [Skipped:              0(  0.0%)]
         [Hashed:            7620(  2.5%)]
         [Known:           292227( 97.1%)]
         [New:               8708(  2.9%)    470.2K]
      [Deduplicated:         1555( 17.9%)     80.9K( 17.2%)]
         [Young:                8(  0.5%)    424.0B(  0.5%)]
         [Old:               1547( 99.5%)     80.5K( 99.5%)]
   [Table]
      [Memory Usage: 337.5K]
      [Size: 8192, Min: 1024, Max: 16777216]
      [Entries: 11668, Load: 142.4%, Cached: 0, Added: 11710, Removed: 42]
      [Resize Count: 3, Shrink Threshold: 5461(66.7%), Grow Threshold: 16384(200.0%)]
      [Rehash Count: 0, Rehash Threshold: 120, Hash Seed: 0x0]
      [Age Threshold: 3]
   [Queue]
      [Dropped: 0]
18.467: [GC concurrent-root-region-scan-end, 0.0300253 secs]
18.467: [GC concurrent-mark-start]
18.590: [GC pause (G1 Evacuation Pause) (young), 0.1003997 secs]
   [Parallel Time: 99.8 ms, GC Workers: 4]
      [GC Worker Start (ms): Min: 18590.4, Avg: 18590.4, Max: 18590.4, Diff: 0.0]
      [Ext Root Scanning (ms): Min: 0.2, Avg: 0.2, Max: 0.2, Diff: 0.0, Sum: 0.7]
      [Update RS (ms): Min: 15.1, Avg: 15.3, Max: 15.4, Diff: 0.3, Sum: 61.1]
         [Processed Buffers: Min: 22, Avg: 23.3, Max: 24, Diff: 2, Sum: 93]
      [Scan RS (ms): Min: 1.6, Avg: 1.7, Max: 1.9, Diff: 0.3, Sum: 6.8]
      [Code Root Scanning (ms): Min: 0.0, Avg: 0.0, Max: 0.0, Diff: 0.0, Sum: 0.0]
      [Object Copy (ms): Min: 82.6, Avg: 82.6, Max: 82.6, Diff: 0.0, Sum: 330.3]
      [Termination (ms): Min: 0.0, Avg: 0.0, Max: 0.0, Diff: 0.0, Sum: 0.0]
         [Termination Attempts: Min: 28, Avg: 34.5, Max: 44, Diff: 16, Sum: 138]
      [GC Worker Other (ms): Min: 0.0, Avg: 0.0, Max: 0.0, Diff: 0.0, Sum: 0.1]
      [GC Worker Total (ms): Min: 99.7, Avg: 99.7, Max: 99.8, Diff: 0.0, Sum: 399.0]
      [GC Worker End (ms): Min: 18690.1, Avg: 18690.1, Max: 18690.1, Diff: 0.0]
   [Code Root Fixup: 0.0 ms]
   [Code Root Purge: 0.0 ms]
   [String Dedup Fixup: 0.1 ms, GC Workers: 4]
      [Queue Fixup (ms): Min: 0.0, Avg: 0.0, Max: 0.0, Diff: 0.0, Sum: 0.1]
      [Table Fixup (ms): Min: 0.1, Avg: 0.1, Max: 0.1, Diff: 0.0, Sum: 0.4]
   [Clear CT: 0.0 ms]
   [Other: 0.4 ms]
      [Choose CSet: 0.0 ms]
      [Ref Proc: 0.0 ms]
      [Ref Enq: 0.0 ms]
      [Redirty Cards: 0.1 ms]
      [Humongous Register: 0.0 ms]
      [Humongous Reclaim: 0.0 ms]
      [Free CSet: 0.1 ms]
   [Eden: 133.0M(133.0M)->0.0B(101.0M) Survivors: 13.0M->19.0M Heap: 1786.6M(2044.0M)->1700.3M(2045.0M)]
 [Times: user=0.39 sys=0.00, real=0.10 secs] 
18.691: [GC concurrent-string-deduplication, 9776.0B->9456.0B(320.0B), avg 16.9%, 0.0004769 secs]
   [Last Exec: 0.0004769 secs, Idle: 0.2536148 secs, Blocked: 0/0.0000000 secs]
      [Inspected:           10505]
         [Skipped:              0(  0.0%)]
         [Hashed:             203(  1.9%)]
         [Known:            10302( 98.1%)]
         [New:                203(  1.9%)   9776.0B]
      [Deduplicated:            6(  3.0%)    320.0B(  3.3%)]
         [Young:                0(  0.0%)      0.0B(  0.0%)]
         [Old:                  6(100.0%)    320.0B(100.0%)]
   [Total Exec: 37/0.0777144 secs, Idle: 37/18.3951595 secs, Blocked: 0/0.0000000 secs]
      [Inspected:          311440]
         [Skipped:              0(  0.0%)]
         [Hashed:            7823(  2.5%)]
         [Known:           302529( 97.1%)]
         [New:               8911(  2.9%)    479.8K]
      [Deduplicated:         1561( 17.5%)     81.3K( 16.9%)]
         [Young:                8(  0.5%)    424.0B(  0.5%)]
         [Old:               1553( 99.5%)     80.8K( 99.5%)]
   [Table]
      [Memory Usage: 342.1K]
      [Size: 8192, Min: 1024, Max: 16777216]
      [Entries: 11865, Load: 144.8%, Cached: 0, Added: 11907, Removed: 42]
      [Resize Count: 3, Shrink Threshold: 5461(66.7%), Grow Threshold: 16384(200.0%)]
      [Rehash Count: 0, Rehash Threshold: 120, Hash Seed: 0x0]
      [Age Threshold: 3]
   [Queue]
      [Dropped: 0]
18.797: [GC pause (G1 Evacuation Pause) (young), 0.0812557 secs]
   [Parallel Time: 80.6 ms, GC Workers: 4]
      [GC Worker Start (ms): Min: 18797.1, Avg: 18797.1, Max: 18797.1, Diff: 0.0]
      [Ext Root Scanning (ms): Min: 0.2, Avg: 0.2, Max: 0.2, Diff: 0.0, Sum: 0.8]
      [Update RS (ms): Min: 15.4, Avg: 15.5, Max: 15.5, Diff: 0.1, Sum: 61.9]
         [Processed Buffers: Min: 24, Avg: 26.0, Max: 30, Diff: 6, Sum: 104]
      [Scan RS (ms): Min: 2.2, Avg: 2.2, Max: 2.2, Diff: 0.1, Sum: 8.8]
      [Code Root Scanning (ms): Min: 0.0, Avg: 0.0, Max: 0.0, Diff: 0.0, Sum: 0.0]
      [Object Copy (ms): Min: 62.6, Avg: 62.7, Max: 62.7, Diff: 0.1, Sum: 250.7]
      [Termination (ms): Min: 0.0, Avg: 0.0, Max: 0.0, Diff: 0.0, Sum: 0.0]
         [Termination Attempts: Min: 2, Avg: 5.3, Max: 8, Diff: 6, Sum: 21]
      [GC Worker Other (ms): Min: 0.0, Avg: 0.0, Max: 0.0, Diff: 0.0, Sum: 0.0]
      [GC Worker Total (ms): Min: 80.6, Avg: 80.6, Max: 80.6, Diff: 0.0, Sum: 322.3]
      [GC Worker End (ms): Min: 18877.7, Avg: 18877.7, Max: 18877.7, Diff: 0.0]
   [Code Root Fixup: 0.0 ms]
   [Code Root Purge: 0.0 ms]
   [String Dedup Fixup: 0.1 ms, GC Workers: 4]
      [Queue Fixup (ms): Min: 0.0, Avg: 0.0, Max: 0.0, Diff: 0.0, Sum: 0.0]
      [Table Fixup (ms): Min: 0.1, Avg: 0.1, Max: 0.1, Diff: 0.0, Sum: 0.4]
   [Clear CT: 0.0 ms]
   [Other: 0.5 ms]
      [Choose CSet: 0.0 ms]
      [Ref Proc: 0.0 ms]
      [Ref Enq: 0.0 ms]
      [Redirty Cards: 0.1 ms]
      [Humongous Register: 0.0 ms]
      [Humongous Reclaim: 0.0 ms]
      [Free CSet: 0.1 ms]
   [Eden: 101.0M(101.0M)->0.0B(87.0M) Survivors: 19.0M->15.0M Heap: 1801.3M(2045.0M)->1737.9M(2046.0M)]
 [Times: user=0.31 sys=0.00, real=0.08 secs] 
18.879: [GC concurrent-string-deduplication, 7968.0B->7968.0B(0.0B), avg 16.7%, 0.0003618 secs]
   [Last Exec: 0.0003618 secs, Idle: 0.1870477 secs, Blocked: 0/0.0000000 secs]
      [Inspected:            7710]
         [Skipped:              0(  0.0%)]
         [Hashed:             166(  2.2%)]
         [Known:             7544( 97.8%)]
         [New:                166(  2.2%)   7968.0B]
      [Deduplicated:            0(  0.0%)      0.0B(  0.0%)]
         [Young:                0(  0.0%)      0.0B(  0.0%)]
         [Old:                  0(  0.0%)      0.0B(  0.0%)]
   [Total Exec: 38/0.0780762 secs, Idle: 38/18.5822072 secs, Blocked: 0/0.0000000 secs]
      [Inspected:          319150]
         [Skipped:              0(  0.0%)]
         [Hashed:            7989(  2.5%)]
         [Known:           310073( 97.2%)]
         [New:               9077(  2.8%)    487.6K]
      [Deduplicated:         1561( 17.2%)     81.3K( 16.7%)]
         [Young:                8(  0.5%)    424.0B(  0.5%)]
         [Old:               1553( 99.5%)     80.8K( 99.5%)]
   [Table]
      [Memory Usage: 346.0K]
      [Size: 8192, Min: 1024, Max: 16777216]
      [Entries: 12033, Load: 146.9%, Cached: 0, Added: 12075, Removed: 42]
      [Resize Count: 3, Shrink Threshold: 5461(66.7%), Grow Threshold: 16384(200.0%)]
      [Rehash Count: 0, Rehash Threshold: 120, Hash Seed: 0x0]
      [Age Threshold: 3]
   [Queue]
      [Dropped: 0]
18.970: [GC pause (G1 Evacuation Pause) (young), 0.0825647 secs]
   [Parallel Time: 82.0 ms, GC Workers: 4]
      [GC Worker Start (ms): Min: 18970.0, Avg: 18970.0, Max: 18970.0, Diff: 0.0]
      [Ext Root Scanning (ms): Min: 0.2, Avg: 0.2, Max: 0.2, Diff: 0.0, Sum: 0.7]
      [Update RS (ms): Min: 18.0, Avg: 18.2, Max: 18.5, Diff: 0.5, Sum: 72.9]
         [Processed Buffers: Min: 27, Avg: 28.3, Max: 30, Diff: 3, Sum: 113]
      [Scan RS (ms): Min: 1.0, Avg: 1.2, Max: 1.4, Diff: 0.4, Sum: 4.8]
      [Code Root Scanning (ms): Min: 0.0, Avg: 0.0, Max: 0.0, Diff: 0.0, Sum: 0.0]
      [Object Copy (ms): Min: 62.2, Avg: 62.2, Max: 62.3, Diff: 0.1, Sum: 249.0]
      [Termination (ms): Min: 0.0, Avg: 0.0, Max: 0.1, Diff: 0.0, Sum: 0.1]
         [Termination Attempts: Min: 9, Avg: 376.0, Max: 516, Diff: 507, Sum: 1504]
      [GC Worker Other (ms): Min: 0.0, Avg: 0.0, Max: 0.0, Diff: 0.0, Sum: 0.0]
      [GC Worker Total (ms): Min: 81.9, Avg: 81.9, Max: 81.9, Diff: 0.0, Sum: 327.7]
      [GC Worker End (ms): Min: 19051.9, Avg: 19051.9, Max: 19051.9, Diff: 0.0]
   [Code Root Fixup: 0.0 ms]
   [Code Root Purge: 0.0 ms]
   [String Dedup Fixup: 0.1 ms, GC Workers: 4]
      [Queue Fixup (ms): Min: 0.0, Avg: 0.0, Max: 0.0, Diff: 0.0, Sum: 0.1]
      [Table Fixup (ms): Min: 0.1, Avg: 0.1, Max: 0.1, Diff: 0.0, Sum: 0.4]
   [Clear CT: 0.0 ms]
   [Other: 0.4 ms]
      [Choose CSet: 0.0 ms]
      [Ref Proc: 0.0 ms]
      [Ref Enq: 0.0 ms]
      [Redirty Cards: 0.1 ms]
      [Humongous Register: 0.0 ms]
      [Humongous Reclaim: 0.0 ms]
      [Free CSet: 0.1 ms]
   [Eden: 87.0M(87.0M)->0.0B(89.0M) Survivors: 15.0M->13.0M Heap: 1824.9M(2046.0M)->1771.3M(2047.0M)]
 [Times: user=0.31 sys=0.00, real=0.08 secs] 
19.053: [GC concurrent-string-deduplication, 8704.0B->8544.0B(160.0B), avg 16.4%, 0.0006116 secs]
   [Last Exec: 0.0006116 secs, Idle: 0.1738088 secs, Blocked: 0/0.0000000 secs]
      [Inspected:            8887]
         [Skipped:              0(  0.0%)]
         [Hashed:             181(  2.0%)]
         [Known:             8706( 98.0%)]
         [New:                181(  2.0%)   8704.0B]
      [Deduplicated:            3(  1.7%)    160.0B(  1.8%)]
         [Young:                0(  0.0%)      0.0B(  0.0%)]
         [Old:                  3(100.0%)    160.0B(100.0%)]
   [Total Exec: 39/0.0786879 secs, Idle: 39/18.7560160 secs, Blocked: 0/0.0000000 secs]
      [Inspected:          328037]
         [Skipped:              0(  0.0%)]
         [Hashed:            8170(  2.5%)]
         [Known:           318779( 97.2%)]
         [New:               9258(  2.8%)    496.1K]
      [Deduplicated:         1564( 16.9%)     81.4K( 16.4%)]
         [Young:                8(  0.5%)    424.0B(  0.5%)]
         [Old:               1556( 99.5%)     81.0K( 99.5%)]
   [Table]
      [Memory Usage: 350.4K]
      [Size: 8192, Min: 1024, Max: 16777216]
      [Entries: 12220, Load: 149.2%, Cached: 0, Added: 12262, Removed: 42]
      [Resize Count: 3, Shrink Threshold: 5461(66.7%), Grow Threshold: 16384(200.0%)]
      [Rehash Count: 0, Rehash Threshold: 120, Hash Seed: 0x0]
      [Age Threshold: 3]
   [Queue]
      [Dropped: 0]
19.157: [GC pause (G1 Evacuation Pause) (young), 0.0485644 secs]
   [Parallel Time: 48.1 ms, GC Workers: 4]
      [GC Worker Start (ms): Min: 19157.3, Avg: 19157.3, Max: 19157.4, Diff: 0.0]
      [Ext Root Scanning (ms): Min: 0.2, Avg: 0.2, Max: 0.2, Diff: 0.0, Sum: 0.8]
      [Update RS (ms): Min: 15.6, Avg: 15.8, Max: 15.9, Diff: 0.3, Sum: 63.0]
         [Processed Buffers: Min: 29, Avg: 31.3, Max: 33, Diff: 4, Sum: 125]
      [Scan RS (ms): Min: 0.3, Avg: 0.4, Max: 0.5, Diff: 0.3, Sum: 1.5]
      [Code Root Scanning (ms): Min: 0.0, Avg: 0.0, Max: 0.0, Diff: 0.0, Sum: 0.0]
      [Object Copy (ms): Min: 31.6, Avg: 31.6, Max: 31.7, Diff: 0.1, Sum: 126.6]
      [Termination (ms): Min: 0.0, Avg: 0.0, Max: 0.0, Diff: 0.0, Sum: 0.0]
         [Termination Attempts: Min: 12, Avg: 14.5, Max: 17, Diff: 5, Sum: 58]
      [GC Worker Other (ms): Min: 0.0, Avg: 0.0, Max: 0.0, Diff: 0.0, Sum: 0.0]
      [GC Worker Total (ms): Min: 48.0, Avg: 48.0, Max: 48.0, Diff: 0.0, Sum: 192.0]
      [GC Worker End (ms): Min: 19205.3, Avg: 19205.3, Max: 19205.3, Diff: 0.0]
   [Code Root Fixup: 0.0 ms]
   [Code Root Purge: 0.0 ms]
   [String Dedup Fixup: 0.1 ms, GC Workers: 4]
      [Queue Fixup (ms): Min: 0.0, Avg: 0.0, Max: 0.0, Diff: 0.0, Sum: 0.0]
      [Table Fixup (ms): Min: 0.1, Avg: 0.1, Max: 0.1, Diff: 0.0, Sum: 0.5]
   [Clear CT: 0.0 ms]
   [Other: 0.3 ms]
      [Choose CSet: 0.0 ms]
      [Ref Proc: 0.0 ms]
      [Ref Enq: 0.0 ms]
      [Redirty Cards: 0.1 ms]
      [Humongous Register: 0.0 ms]
      [Humongous Reclaim: 0.0 ms]
      [Free CSet: 0.1 ms]
   [Eden: 89.0M(89.0M)->0.0B(89.0M) Survivors: 13.0M->13.0M Heap: 1860.3M(2047.0M)->1801.8M(2048.0M)]
 [Times: user=0.19 sys=0.00, real=0.05 secs] 
19.206: [GC concurrent-string-deduplication, 304.0B->144.0B(160.0B), avg 16.4%, 0.0000154 secs]
   [Last Exec: 0.0000154 secs, Idle: 0.1526481 secs, Blocked: 0/0.0000000 secs]
      [Inspected:             168]
         [Skipped:              0(  0.0%)]
         [Hashed:               6(  3.6%)]
         [Known:              162( 96.4%)]
         [New:                  6(  3.6%)    304.0B]
      [Deduplicated:            3( 50.0%)    160.0B( 52.6%)]
         [Young:                0(  0.0%)      0.0B(  0.0%)]
         [Old:                  3(100.0%)    160.0B(100.0%)]
   [Total Exec: 40/0.0787033 secs, Idle: 40/18.9086641 secs, Blocked: 0/0.0000000 secs]
      [Inspected:          328205]
         [Skipped:              0(  0.0%)]
         [Hashed:            8176(  2.5%)]
         [Known:           318941( 97.2%)]
         [New:               9264(  2.8%)    496.4K]
      [Deduplicated:         1567( 16.9%)     81.6K( 16.4%)]
         [Young:                8(  0.5%)    424.0B(  0.5%)]
         [Old:               1559( 99.5%)     81.1K( 99.5%)]
   [Table]
      [Memory Usage: 350.5K]
      [Size: 8192, Min: 1024, Max: 16777216]
      [Entries: 12223, Load: 149.2%, Cached: 0, Added: 12265, Removed: 42]
      [Resize Count: 3, Shrink Threshold: 5461(66.7%), Grow Threshold: 16384(200.0%)]
      [Rehash Count: 0, Rehash Threshold: 120, Hash Seed: 0x0]
      [Age Threshold: 3]
   [Queue]
      [Dropped: 0]
19.289: [GC pause (G1 Evacuation Pause) (young), 0.0789836 secs]
   [Parallel Time: 78.5 ms, GC Workers: 4]
      [GC Worker Start (ms): Min: 19288.8, Avg: 19288.8, Max: 19288.9, Diff: 0.0]
      [Ext Root Scanning (ms): Min: 0.2, Avg: 0.2, Max: 0.2, Diff: 0.0, Sum: 0.7]
      [Update RS (ms): Min: 17.3, Avg: 17.4, Max: 17.5, Diff: 0.2, Sum: 69.7]
         [Processed Buffers: Min: 31, Avg: 34.0, Max: 36, Diff: 5, Sum: 136]
      [Scan RS (ms): Min: 0.2, Avg: 0.2, Max: 0.4, Diff: 0.2, Sum: 1.0]
      [Code Root Scanning (ms): Min: 0.0, Avg: 0.0, Max: 0.0, Diff: 0.0, Sum: 0.0]
      [Object Copy (ms): Min: 60.4, Avg: 60.5, Max: 60.5, Diff: 0.1, Sum: 241.8]
      [Termination (ms): Min: 0.0, Avg: 0.0, Max: 0.0, Diff: 0.0, Sum: 0.0]
         [Termination Attempts: Min: 18, Avg: 22.5, Max: 28, Diff: 10, Sum: 90]
      [GC Worker Other (ms): Min: 0.0, Avg: 0.0, Max: 0.0, Diff: 0.0, Sum: 0.0]
      [GC Worker Total (ms): Min: 78.3, Avg: 78.3, Max: 78.3, Diff: 0.0, Sum: 313.3]
      [GC Worker End (ms): Min: 19367.2, Avg: 19367.2, Max: 19367.2, Diff: 0.0]
   [Code Root Fixup: 0.0 ms]
   [Code Root Purge: 0.0 ms]
   [String Dedup Fixup: 0.1 ms, GC Workers: 4]
      [Queue Fixup (ms): Min: 0.0, Avg: 0.0, Max: 0.0, Diff: 0.0, Sum: 0.1]
      [Table Fixup (ms): Min: 0.1, Avg: 0.1, Max: 0.1, Diff: 0.0, Sum: 0.5]
   [Clear CT: 0.0 ms]
   [Other: 0.3 ms]
      [Choose CSet: 0.0 ms]
      [Ref Proc: 0.0 ms]
      [Ref Enq: 0.0 ms]
      [Redirty Cards: 0.1 ms]
      [Humongous Register: 0.0 ms]
      [Humongous Reclaim: 0.0 ms]
      [Free CSet: 0.1 ms]
   [Eden: 89.0M(89.0M)->0.0B(89.0M) Survivors: 13.0M->13.0M Heap: 1890.8M(2048.0M)->1835.5M(2048.0M)]
 [Times: user=0.31 sys=0.00, real=0.08 secs] 
19.368: [GC concurrent-string-deduplication, 9872.0B->9552.0B(320.0B), avg 16.2%, 0.0004936 secs]
   [Last Exec: 0.0004936 secs, Idle: 0.1619389 secs, Blocked: 0/0.0000000 secs]
      [Inspected:           10246]
         [Skipped:              0(  0.0%)]
         [Hashed:             205(  2.0%)]
         [Known:            10041( 98.0%)]
         [New:                205(  2.0%)   9872.0B]
      [Deduplicated:            6(  2.9%)    320.0B(  3.2%)]
         [Young:                0(  0.0%)      0.0B(  0.0%)]
         [Old:                  6(100.0%)    320.0B(100.0%)]
   [Total Exec: 41/0.0791969 secs, Idle: 41/19.0706030 secs, Blocked: 0/0.0000000 secs]
      [Inspected:          338451]
         [Skipped:              0(  0.0%)]
         [Hashed:            8381(  2.5%)]
         [Known:           328982( 97.2%)]
         [New:               9469(  2.8%)    506.0K]
      [Deduplicated:         1573( 16.6%)     81.9K( 16.2%)]
         [Young:                8(  0.5%)    424.0B(  0.5%)]
         [Old:               1565( 99.5%)     81.5K( 99.5%)]
   [Table]
      [Memory Usage: 355.6K]
      [Size: 8192, Min: 1024, Max: 16777216]
      [Entries: 12443, Load: 151.9%, Cached: 0, Added: 12485, Removed: 42]
      [Resize Count: 3, Shrink Threshold: 5461(66.7%), Grow Threshold: 16384(200.0%)]
      [Rehash Count: 0, Rehash Threshold: 120, Hash Seed: 0x0]
      [Age Threshold: 3]
   [Queue]
      [Dropped: 0]
19.446: [GC pause (G1 Evacuation Pause) (young), 0.0638280 secs]
   [Parallel Time: 63.3 ms, GC Workers: 4]
      [GC Worker Start (ms): Min: 19446.1, Avg: 19446.1, Max: 19446.2, Diff: 0.1]
      [Ext Root Scanning (ms): Min: 0.2, Avg: 0.2, Max: 0.2, Diff: 0.1, Sum: 0.8]
      [Update RS (ms): Min: 24.8, Avg: 25.0, Max: 25.1, Diff: 0.3, Sum: 100.1]
         [Processed Buffers: Min: 47, Avg: 48.3, Max: 50, Diff: 3, Sum: 193]
      [Scan RS (ms): Min: 0.0, Avg: 0.0, Max: 0.0, Diff: 0.0, Sum: 0.0]
      [Code Root Scanning (ms): Min: 0.0, Avg: 0.0, Max: 0.0, Diff: 0.0, Sum: 0.0]
      [Object Copy (ms): Min: 37.9, Avg: 38.0, Max: 38.1, Diff: 0.2, Sum: 152.0]
      [Termination (ms): Min: 0.0, Avg: 0.0, Max: 0.0, Diff: 0.0, Sum: 0.0]
         [Termination Attempts: Min: 4, Avg: 6.5, Max: 9, Diff: 5, Sum: 26]
      [GC Worker Other (ms): Min: 0.0, Avg: 0.0, Max: 0.0, Diff: 0.0, Sum: 0.1]
      [GC Worker Total (ms): Min: 63.2, Avg: 63.3, Max: 63.3, Diff: 0.1, Sum: 253.1]
      [GC Worker End (ms): Min: 19509.4, Avg: 19509.4, Max: 19509.4, Diff: 0.0]
   [Code Root Fixup: 0.0 ms]
   [Code Root Purge: 0.0 ms]
   [String Dedup Fixup: 0.1 ms, GC Workers: 4]
      [Queue Fixup (ms): Min: 0.0, Avg: 0.0, Max: 0.0, Diff: 0.0, Sum: 0.0]
      [Table Fixup (ms): Min: 0.1, Avg: 0.1, Max: 0.1, Diff: 0.0, Sum: 0.5]
   [Clear CT: 0.0 ms]
   [Other: 0.3 ms]
      [Choose CSet: 0.0 ms]
      [Ref Proc: 0.0 ms]
      [Ref Enq: 0.0 ms]
      [Redirty Cards: 0.1 ms]
      [Humongous Register: 0.0 ms]
      [Humongous Reclaim: 0.0 ms]
      [Free CSet: 0.1 ms]
   [Eden: 89.0M(89.0M)->0.0B(89.0M) Survivors: 13.0M->13.0M Heap: 1924.5M(2048.0M)->1868.3M(2048.0M)]
 [Times: user=0.25 sys=0.00, real=0.06 secs] 
19.510: [GC concurrent-string-deduplication, 3936.0B->3936.0B(0.0B), avg 16.1%, 0.0001934 secs]
   [Last Exec: 0.0001934 secs, Idle: 0.1415335 secs, Blocked: 0/0.0000000 secs]
      [Inspected:            4030]
         [Skipped:              0(  0.0%)]
         [Hashed:              82(  2.0%)]
         [Known:             3948( 98.0%)]
         [New:                 82(  2.0%)   3936.0B]
      [Deduplicated:            0(  0.0%)      0.0B(  0.0%)]
         [Young:                0(  0.0%)      0.0B(  0.0%)]
         [Old:                  0(  0.0%)      0.0B(  0.0%)]
   [Total Exec: 42/0.0793903 secs, Idle: 42/19.2121365 secs, Blocked: 0/0.0000000 secs]
      [Inspected:          342481]
         [Skipped:              0(  0.0%)]
         [Hashed:            8463(  2.5%)]
         [Known:           332930( 97.2%)]
         [New:               9551(  2.8%)    509.8K]
      [Deduplicated:         1573( 16.5%)     81.9K( 16.1%)]
         [Young:                8(  0.5%)    424.0B(  0.5%)]
         [Old:               1565( 99.5%)     81.5K( 99.5%)]
   [Table]
      [Memory Usage: 357.6K]
      [Size: 8192, Min: 1024, Max: 16777216]
      [Entries: 12525, Load: 152.9%, Cached: 0, Added: 12567, Removed: 42]
      [Resize Count: 3, Shrink Threshold: 5461(66.7%), Grow Threshold: 16384(200.0%)]
      [Rehash Count: 0, Rehash Threshold: 120, Hash Seed: 0x0]
      [Age Threshold: 3]
   [Queue]
      [Dropped: 0]
19.592: [GC pause (G1 Evacuation Pause) (young), 0.0657515 secs]
   [Parallel Time: 65.2 ms, GC Workers: 4]
      [GC Worker Start (ms): Min: 19591.9, Avg: 19591.9, Max: 19591.9, Diff: 0.0]
      [Ext Root Scanning (ms): Min: 0.2, Avg: 0.2, Max: 0.2, Diff: 0.0, Sum: 0.8]
      [Update RS (ms): Min: 18.7, Avg: 18.8, Max: 19.1, Diff: 0.4, Sum: 75.3]
         [Processed Buffers: Min: 31, Avg: 33.5, Max: 36, Diff: 5, Sum: 134]
      [Scan RS (ms): Min: 0.0, Avg: 0.1, Max: 0.1, Diff: 0.1, Sum: 0.3]
      [Code Root Scanning (ms): Min: 0.0, Avg: 0.0, Max: 0.0, Diff: 0.0, Sum: 0.0]
      [Object Copy (ms): Min: 45.9, Avg: 46.1, Max: 46.2, Diff: 0.3, Sum: 184.3]
      [Termination (ms): Min: 0.0, Avg: 0.0, Max: 0.0, Diff: 0.0, Sum: 0.0]
         [Termination Attempts: Min: 5, Avg: 8.0, Max: 13, Diff: 8, Sum: 32]
      [GC Worker Other (ms): Min: 0.0, Avg: 0.0, Max: 0.0, Diff: 0.0, Sum: 0.0]
      [GC Worker Total (ms): Min: 65.2, Avg: 65.2, Max: 65.2, Diff: 0.0, Sum: 260.8]
      [GC Worker End (ms): Min: 19657.1, Avg: 19657.1, Max: 19657.1, Diff: 0.0]
   [Code Root Fixup: 0.0 ms]
   [Code Root Purge: 0.0 ms]
   [String Dedup Fixup: 0.1 ms, GC Workers: 4]
      [Queue Fixup (ms): Min: 0.0, Avg: 0.0, Max: 0.0, Diff: 0.0, Sum: 0.0]
      [Table Fixup (ms): Min: 0.1, Avg: 0.1, Max: 0.1, Diff: 0.0, Sum: 0.5]
   [Clear CT: 0.0 ms]
   [Other: 0.3 ms]
      [Choose CSet: 0.0 ms]
      [Ref Proc: 0.0 ms]
      [Ref Enq: 0.0 ms]
      [Redirty Cards: 0.1 ms]
      [Humongous Register: 0.0 ms]
      [Humongous Reclaim: 0.0 ms]
      [Free CSet: 0.1 ms]
   [Eden: 89.0M(89.0M)->0.0B(89.0M) Survivors: 13.0M->13.0M Heap: 1957.3M(2048.0M)->1899.3M(2048.0M)]
 [Times: user=0.25 sys=0.00, real=0.07 secs] 
19.658: [GC concurrent-string-deduplication, 4048.0B->3888.0B(160.0B), avg 16.0%, 0.0001963 secs]
   [Last Exec: 0.0001963 secs, Idle: 0.1474428 secs, Blocked: 0/0.0000000 secs]
      [Inspected:            3957]
         [Skipped:              0(  0.0%)]
         [Hashed:              84(  2.1%)]
         [Known:             3873( 97.9%)]
         [New:                 84(  2.1%)   4048.0B]
      [Deduplicated:            3(  3.6%)    160.0B(  4.0%)]
         [Young:                0(  0.0%)      0.0B(  0.0%)]
         [Old:                  3(100.0%)    160.0B(100.0%)]
   [Total Exec: 43/0.0795866 secs, Idle: 43/19.3595793 secs, Blocked: 0/0.0000000 secs]
      [Inspected:          346438]
         [Skipped:              0(  0.0%)]
         [Hashed:            8547(  2.5%)]
         [Known:           336803( 97.2%)]
         [New:               9635(  2.8%)    513.8K]
      [Deduplicated:         1576( 16.4%)     82.0K( 16.0%)]
         [Young:                8(  0.5%)    424.0B(  0.5%)]
         [Old:               1568( 99.5%)     81.6K( 99.5%)]
   [Table]
      [Memory Usage: 359.7K]
      [Size: 8192, Min: 1024, Max: 16777216]
      [Entries: 12616, Load: 154.0%, Cached: 0, Added: 12658, Removed: 42]
      [Resize Count: 3, Shrink Threshold: 5461(66.7%), Grow Threshold: 16384(200.0%)]
      [Rehash Count: 0, Rehash Threshold: 120, Hash Seed: 0x0]
      [Age Threshold: 3]
   [Queue]
      [Dropped: 0]
19.737: [GC pause (G1 Evacuation Pause) (young), 0.0797187 secs]
   [Parallel Time: 79.2 ms, GC Workers: 4]
      [GC Worker Start (ms): Min: 19737.3, Avg: 19737.3, Max: 19737.4, Diff: 0.0]
      [Ext Root Scanning (ms): Min: 0.2, Avg: 0.2, Max: 0.2, Diff: 0.0, Sum: 0.8]
      [Update RS (ms): Min: 21.9, Avg: 22.2, Max: 22.5, Diff: 0.5, Sum: 88.8]
         [Processed Buffers: Min: 35, Avg: 36.5, Max: 38, Diff: 3, Sum: 146]
      [Scan RS (ms): Min: 0.6, Avg: 0.9, Max: 1.2, Diff: 0.5, Sum: 3.7]
      [Code Root Scanning (ms): Min: 0.0, Avg: 0.0, Max: 0.0, Diff: 0.0, Sum: 0.0]
      [Object Copy (ms): Min: 55.8, Avg: 55.8, Max: 55.9, Diff: 0.0, Sum: 223.4]
      [Termination (ms): Min: 0.0, Avg: 0.0, Max: 0.0, Diff: 0.0, Sum: 0.0]
         [Termination Attempts: Min: 12, Avg: 13.5, Max: 15, Diff: 3, Sum: 54]
      [GC Worker Other (ms): Min: 0.0, Avg: 0.0, Max: 0.0, Diff: 0.0, Sum: 0.0]
      [GC Worker Total (ms): Min: 79.1, Avg: 79.2, Max: 79.2, Diff: 0.0, Sum: 316.7]
      [GC Worker End (ms): Min: 19816.5, Avg: 19816.5, Max: 19816.5, Diff: 0.0]
   [Code Root Fixup: 0.0 ms]
   [Code Root Purge: 0.0 ms]
   [String Dedup Fixup: 0.1 ms, GC Workers: 4]
      [Queue Fixup (ms): Min: 0.0, Avg: 0.0, Max: 0.0, Diff: 0.0, Sum: 0.0]
      [Table Fixup (ms): Min: 0.1, Avg: 0.1, Max: 0.1, Diff: 0.0, Sum: 0.5]
   [Clear CT: 0.0 ms]
   [Other: 0.3 ms]
      [Choose CSet: 0.0 ms]
      [Ref Proc: 0.0 ms]
      [Ref Enq: 0.0 ms]
      [Redirty Cards: 0.1 ms]
      [Humongous Register: 0.0 ms]
      [Humongous Reclaim: 0.0 ms]
      [Free CSet: 0.1 ms]
   [Eden: 89.0M(89.0M)->0.0B(89.0M) Survivors: 13.0M->13.0M Heap: 1988.3M(2048.0M)->1933.5M(2048.0M)]
 [Times: user=0.31 sys=0.00, real=0.08 secs] 
19.818: [GC concurrent-string-deduplication, 7040.0B->6720.0B(320.0B), avg 15.8%, 0.0003708 secs]
   [Last Exec: 0.0003708 secs, Idle: 0.1592258 secs, Blocked: 0/0.0000000 secs]
      [Inspected:            7328]
         [Skipped:              0(  0.0%)]
         [Hashed:             146(  2.0%)]
         [Known:             7182( 98.0%)]
         [New:                146(  2.0%)   7040.0B]
      [Deduplicated:            6(  4.1%)    320.0B(  4.5%)]
         [Young:                0(  0.0%)      0.0B(  0.0%)]
         [Old:                  6(100.0%)    320.0B(100.0%)]
   [Total Exec: 44/0.0799574 secs, Idle: 44/19.5188051 secs, Blocked: 0/0.0000000 secs]
      [Inspected:          353766]
         [Skipped:              0(  0.0%)]
         [Hashed:            8693(  2.5%)]
         [Known:           343985( 97.2%)]
         [New:               9781(  2.8%)    520.7K]
      [Deduplicated:         1582( 16.2%)     82.3K( 15.8%)]
         [Young:                8(  0.5%)    424.0B(  0.5%)]
         [Old:               1574( 99.5%)     81.9K( 99.5%)]
   [Table]
      [Memory Usage: 363.0K]
      [Size: 8192, Min: 1024, Max: 16777216]
      [Entries: 12756, Load: 155.7%, Cached: 0, Added: 12798, Removed: 42]
      [Resize Count: 3, Shrink Threshold: 5461(66.7%), Grow Threshold: 16384(200.0%)]
      [Rehash Count: 0, Rehash Threshold: 120, Hash Seed: 0x0]
      [Age Threshold: 3]
   [Queue]
      [Dropped: 0]
19.899: [GC pause (G1 Evacuation Pause) (young) (to-space exhausted), 0.0939865 secs]
   [Parallel Time: 87.8 ms, GC Workers: 4]
      [GC Worker Start (ms): Min: 19899.3, Avg: 19899.3, Max: 19899.3, Diff: 0.0]
      [Ext Root Scanning (ms): Min: 0.2, Avg: 0.2, Max: 0.2, Diff: 0.0, Sum: 0.8]
      [Update RS (ms): Min: 20.1, Avg: 20.4, Max: 20.6, Diff: 0.5, Sum: 81.5]
         [Processed Buffers: Min: 33, Avg: 33.0, Max: 33, Diff: 0, Sum: 132]
      [Scan RS (ms): Min: 0.1, Avg: 0.3, Max: 0.5, Diff: 0.5, Sum: 1.3]
      [Code Root Scanning (ms): Min: 0.0, Avg: 0.0, Max: 0.0, Diff: 0.0, Sum: 0.0]
      [Object Copy (ms): Min: 66.9, Avg: 66.9, Max: 66.9, Diff: 0.0, Sum: 267.6]
      [Termination (ms): Min: 0.0, Avg: 0.0, Max: 0.0, Diff: 0.0, Sum: 0.0]
         [Termination Attempts: Min: 12, Avg: 121.0, Max: 201, Diff: 189, Sum: 484]
      [GC Worker Other (ms): Min: 0.0, Avg: 0.0, Max: 0.0, Diff: 0.0, Sum: 0.0]
      [GC Worker Total (ms): Min: 87.8, Avg: 87.8, Max: 87.8, Diff: 0.0, Sum: 351.2]
      [GC Worker End (ms): Min: 19987.1, Avg: 19987.1, Max: 19987.1, Diff: 0.0]
   [Code Root Fixup: 0.0 ms]
   [Code Root Purge: 0.0 ms]
   [String Dedup Fixup: 0.2 ms, GC Workers: 4]
      [Queue Fixup (ms): Min: 0.0, Avg: 0.0, Max: 0.0, Diff: 0.0, Sum: 0.0]
      [Table Fixup (ms): Min: 0.1, Avg: 0.1, Max: 0.1, Diff: 0.0, Sum: 0.5]
   [Clear CT: 0.0 ms]
   [Other: 6.0 ms]
      [Evacuation Failure: 5.6 ms]
      [Choose CSet: 0.0 ms]
      [Ref Proc: 0.0 ms]
      [Ref Enq: 0.0 ms]
      [Redirty Cards: 0.1 ms]
      [Humongous Register: 0.0 ms]
      [Humongous Reclaim: 0.0 ms]
      [Free CSet: 0.1 ms]
   [Eden: 89.0M(89.0M)->0.0B(89.0M) Survivors: 13.0M->13.0M Heap: 2022.5M(2048.0M)->1994.0M(2048.0M)]
 [Times: user=0.33 sys=0.00, real=0.09 secs] 
19.994: [GC concurrent-string-deduplication, 4768.0B->4608.0B(160.0B), avg 15.7%, 0.0002277 secs]
   [Last Exec: 0.0002277 secs, Idle: 0.1757493 secs, Blocked: 0/0.0000000 secs]
      [Inspected:            4402]
         [Skipped:              0(  0.0%)]
         [Hashed:              99(  2.2%)]
         [Known:             4303( 97.8%)]
         [New:                 99(  2.2%)   4768.0B]
      [Deduplicated:            3(  3.0%)    160.0B(  3.4%)]
         [Young:                0(  0.0%)      0.0B(  0.0%)]
         [Old:                  3(100.0%)    160.0B(100.0%)]
   [Total Exec: 45/0.0801851 secs, Idle: 45/19.6945544 secs, Blocked: 0/0.0000000 secs]
      [Inspected:          358168]
         [Skipped:              0(  0.0%)]
         [Hashed:            8792(  2.5%)]
         [Known:           348288( 97.2%)]
         [New:               9880(  2.8%)    525.3K]
      [Deduplicated:         1585( 16.0%)     82.5K( 15.7%)]
         [Young:                8(  0.5%)    424.0B(  0.5%)]
         [Old:               1577( 99.5%)     82.1K( 99.5%)]
   [Table]
      [Memory Usage: 365.2K]
      [Size: 8192, Min: 1024, Max: 16777216]
      [Entries: 12852, Load: 156.9%, Cached: 0, Added: 12894, Removed: 42]
      [Resize Count: 3, Shrink Threshold: 5461(66.7%), Grow Threshold: 16384(200.0%)]
      [Rehash Count: 0, Rehash Threshold: 120, Hash Seed: 0x0]
      [Age Threshold: 3]
   [Queue]
      [Dropped: 0]
20.061: [GC pause (G1 Evacuation Pause) (young) (to-space exhausted), 0.0862695 secs]
   [Parallel Time: 76.4 ms, GC Workers: 4]
      [GC Worker Start (ms): Min: 20060.7, Avg: 20064.8, Max: 20077.1, Diff: 16.4]
      [Ext Root Scanning (ms): Min: 0.0, Avg: 0.2, Max: 0.2, Diff: 0.2, Sum: 0.6]
      [Update RS (ms): Min: 0.5, Avg: 12.3, Max: 16.6, Diff: 16.1, Sum: 49.0]
         [Processed Buffers: Min: 1, Avg: 29.5, Max: 40, Diff: 39, Sum: 118]
      [Scan RS (ms): Min: 0.0, Avg: 0.1, Max: 0.2, Diff: 0.2, Sum: 0.3]
      [Code Root Scanning (ms): Min: 0.0, Avg: 0.0, Max: 0.0, Diff: 0.0, Sum: 0.0]
      [Object Copy (ms): Min: 59.0, Avg: 59.4, Max: 59.8, Diff: 0.8, Sum: 237.5]
      [Termination (ms): Min: 0.0, Avg: 0.4, Max: 0.6, Diff: 0.6, Sum: 1.5]
         [Termination Attempts: Min: 1, Avg: 1.0, Max: 1, Diff: 0, Sum: 4]
      [GC Worker Other (ms): Min: 0.0, Avg: 0.0, Max: 0.0, Diff: 0.0, Sum: 0.0]
      [GC Worker Total (ms): Min: 59.9, Avg: 72.2, Max: 76.4, Diff: 16.4, Sum: 289.0]
      [GC Worker End (ms): Min: 20137.1, Avg: 20137.1, Max: 20137.1, Diff: 0.0]
   [Code Root Fixup: 0.0 ms]
   [Code Root Purge: 0.0 ms]
   [String Dedup Fixup: 0.1 ms, GC Workers: 4]
      [Queue Fixup (ms): Min: 0.0, Avg: 0.0, Max: 0.0, Diff: 0.0, Sum: 0.0]
      [Table Fixup (ms): Min: 0.1, Avg: 0.1, Max: 0.1, Diff: 0.0, Sum: 0.5]
   [Clear CT: 0.1 ms]
   [Other: 9.7 ms]
      [Evacuation Failure: 9.4 ms]
      [Choose CSet: 0.0 ms]
      [Ref Proc: 0.0 ms]
      [Ref Enq: 0.0 ms]
      [Redirty Cards: 0.1 ms]
      [Humongous Register: 0.0 ms]
      [Humongous Reclaim: 0.0 ms]
      [Free CSet: 0.0 ms]
   [Eden: 54.0M(89.0M)->0.0B(102.0M) Survivors: 13.0M->0.0B Heap: 2048.0M(2048.0M)->2042.0M(2048.0M)]
 [Times: user=0.11 sys=0.02, real=0.09 secs] 
20.164: [GC pause (G1 Evacuation Pause) (young) (to-space exhausted), 0.0230935 secs]
   [Parallel Time: 21.6 ms, GC Workers: 4]
      [GC Worker Start (ms): Min: 20163.9, Avg: 20163.9, Max: 20163.9, Diff: 0.0]
      [Ext Root Scanning (ms): Min: 0.2, Avg: 0.2, Max: 0.2, Diff: 0.0, Sum: 0.8]
      [Update RS (ms): Min: 15.1, Avg: 17.2, Max: 18.0, Diff: 2.9, Sum: 68.9]
         [Processed Buffers: Min: 34, Avg: 40.5, Max: 46, Diff: 12, Sum: 162]
      [Scan RS (ms): Min: 0.0, Avg: 0.0, Max: 0.0, Diff: 0.0, Sum: 0.0]
      [Code Root Scanning (ms): Min: 0.0, Avg: 0.0, Max: 0.0, Diff: 0.0, Sum: 0.0]
      [Object Copy (ms): Min: 3.2, Avg: 4.0, Max: 5.7, Diff: 2.5, Sum: 15.8]
      [Termination (ms): Min: 0.0, Avg: 0.2, Max: 0.5, Diff: 0.5, Sum: 0.7]
         [Termination Attempts: Min: 1, Avg: 1.0, Max: 1, Diff: 0, Sum: 4]
      [GC Worker Other (ms): Min: 0.0, Avg: 0.0, Max: 0.0, Diff: 0.0, Sum: 0.0]
      [GC Worker Total (ms): Min: 21.5, Avg: 21.6, Max: 21.6, Diff: 0.0, Sum: 86.2]
      [GC Worker End (ms): Min: 20185.4, Avg: 20185.4, Max: 20185.4, Diff: 0.0]
   [Code Root Fixup: 0.0 ms]
   [Code Root Purge: 0.0 ms]
   [String Dedup Fixup: 0.1 ms, GC Workers: 4]
      [Queue Fixup (ms): Min: 0.0, Avg: 0.0, Max: 0.0, Diff: 0.0, Sum: 0.0]
      [Table Fixup (ms): Min: 0.1, Avg: 0.1, Max: 0.1, Diff: 0.0, Sum: 0.4]
   [Clear CT: 0.0 ms]
   [Other: 1.3 ms]
      [Evacuation Failure: 1.1 ms]
      [Choose CSet: 0.0 ms]
      [Ref Proc: 0.0 ms]
      [Ref Enq: 0.0 ms]
      [Redirty Cards: 0.0 ms]
      [Humongous Register: 0.0 ms]
      [Humongous Reclaim: 0.0 ms]
      [Free CSet: 0.0 ms]
   [Eden: 6144.0K(102.0M)->0.0B(102.0M) Survivors: 0.0B->0.0B Heap: 2048.0M(2048.0M)->2048.0M(2048.0M)]
 [Times: user=0.08 sys=0.00, real=0.02 secs] 
20.188: [Full GC (Allocation Failure)  2048M->1173M(2048M), 1.6781723 secs]
   [Eden: 0.0B(102.0M)->0.0B(341.0M) Survivors: 0.0B->0.0B Heap: 2048.0M(2048.0M)->1173.9M(2048.0M)], [Metaspace: 9193K->9035K(1058816K)]
 [Times: user=3.31 sys=0.00, real=1.68 secs] 
21.866: [GC concurrent-mark-abort]
22.170: [GC pause (G1 Evacuation Pause) (young), 0.1355161 secs]
   [Parallel Time: 134.7 ms, GC Workers: 4]
      [GC Worker Start (ms): Min: 22169.7, Avg: 22169.8, Max: 22169.8, Diff: 0.1]
      [Ext Root Scanning (ms): Min: 0.2, Avg: 0.2, Max: 0.3, Diff: 0.1, Sum: 0.9]
      [Update RS (ms): Min: 0.0, Avg: 0.1, Max: 0.2, Diff: 0.1, Sum: 0.3]
         [Processed Buffers: Min: 1, Avg: 1.8, Max: 3, Diff: 2, Sum: 7]
      [Scan RS (ms): Min: 0.0, Avg: 0.0, Max: 0.1, Diff: 0.0, Sum: 0.2]
      [Code Root Scanning (ms): Min: 0.0, Avg: 0.0, Max: 0.0, Diff: 0.0, Sum: 0.0]
      [Object Copy (ms): Min: 134.2, Avg: 134.3, Max: 134.3, Diff: 0.1, Sum: 537.1]
      [Termination (ms): Min: 0.0, Avg: 0.0, Max: 0.0, Diff: 0.0, Sum: 0.0]
         [Termination Attempts: Min: 6, Avg: 8.8, Max: 11, Diff: 5, Sum: 35]
      [GC Worker Other (ms): Min: 0.0, Avg: 0.0, Max: 0.0, Diff: 0.0, Sum: 0.1]
      [GC Worker Total (ms): Min: 134.6, Avg: 134.6, Max: 134.7, Diff: 0.1, Sum: 538.5]
      [GC Worker End (ms): Min: 22304.4, Avg: 22304.4, Max: 22304.4, Diff: 0.0]
   [Code Root Fixup: 0.0 ms]
   [Code Root Purge: 0.0 ms]
   [String Dedup Fixup: 0.1 ms, GC Workers: 4]
      [Queue Fixup (ms): Min: 0.0, Avg: 0.0, Max: 0.0, Diff: 0.0, Sum: 0.1]
      [Table Fixup (ms): Min: 0.1, Avg: 0.1, Max: 0.1, Diff: 0.0, Sum: 0.4]
   [Clear CT: 0.1 ms]
   [Other: 0.6 ms]
      [Choose CSet: 0.0 ms]
      [Ref Proc: 0.1 ms]
      [Ref Enq: 0.0 ms]
      [Redirty Cards: 0.1 ms]
      [Humongous Register: 0.0 ms]
      [Humongous Reclaim: 0.0 ms]
      [Free CSet: 0.2 ms]
   [Eden: 341.0M(341.0M)->0.0B(254.0M) Survivors: 0.0B->43.0M Heap: 1514.9M(2048.0M)->1298.1M(2048.0M)]
 [Times: user=0.50 sys=0.00, real=0.14 secs] 
22.306: [GC concurrent-string-deduplication, 11.1K->11.1K(0.0B), avg 15.4%, 0.0006296 secs]
   [Last Exec: 0.0006296 secs, Idle: 2.3116699 secs, Blocked: 0/0.0000000 secs]
      [Inspected:           11452]
         [Skipped:              0(  0.0%)]
         [Hashed:             237(  2.1%)]
         [Known:            11215( 97.9%)]
         [New:                237(  2.1%)     11.1K]
      [Deduplicated:            0(  0.0%)      0.0B(  0.0%)]
         [Young:                0(  0.0%)      0.0B(  0.0%)]
         [Old:                  0(  0.0%)      0.0B(  0.0%)]
   [Total Exec: 46/0.0808147 secs, Idle: 46/22.0062243 secs, Blocked: 0/0.0000000 secs]
      [Inspected:          369620]
         [Skipped:              0(  0.0%)]
         [Hashed:            9029(  2.4%)]
         [Known:           359503( 97.3%)]
         [New:              10117(  2.7%)    536.4K]
      [Deduplicated:         1585( 15.7%)     82.5K( 15.4%)]
         [Young:                8(  0.5%)    424.0B(  0.5%)]
         [Old:               1577( 99.5%)     82.1K( 99.5%)]
   [Table]
      [Memory Usage: 325.7K]
      [Size: 8192, Min: 1024, Max: 16777216]
      [Entries: 10348, Load: 126.3%, Cached: 819, Added: 13459, Removed: 3111]
      [Resize Count: 3, Shrink Threshold: 5461(66.7%), Grow Threshold: 16384(200.0%)]
      [Rehash Count: 0, Rehash Threshold: 120, Hash Seed: 0x0]
      [Age Threshold: 3]
   [Queue]
      [Dropped: 0]
22.466: [GC pause (G1 Evacuation Pause) (young) (initial-mark), 0.1732770 secs]
   [Parallel Time: 172.5 ms, GC Workers: 4]
      [GC Worker Start (ms): Min: 22466.2, Avg: 22466.2, Max: 22466.3, Diff: 0.0]
      [Ext Root Scanning (ms): Min: 0.2, Avg: 0.3, Max: 0.3, Diff: 0.0, Sum: 1.0]
      [Update RS (ms): Min: 20.8, Avg: 20.9, Max: 21.1, Diff: 0.2, Sum: 83.8]
         [Processed Buffers: Min: 34, Avg: 35.8, Max: 39, Diff: 5, Sum: 143]
      [Scan RS (ms): Min: 8.7, Avg: 8.9, Max: 9.0, Diff: 0.2, Sum: 35.6]
      [Code Root Scanning (ms): Min: 0.0, Avg: 0.0, Max: 0.0, Diff: 0.0, Sum: 0.0]
      [Object Copy (ms): Min: 142.3, Avg: 142.3, Max: 142.3, Diff: 0.1, Sum: 569.2]
      [Termination (ms): Min: 0.0, Avg: 0.0, Max: 0.0, Diff: 0.0, Sum: 0.0]
         [Termination Attempts: Min: 3, Avg: 5.5, Max: 7, Diff: 4, Sum: 22]
      [GC Worker Other (ms): Min: 0.0, Avg: 0.0, Max: 0.0, Diff: 0.0, Sum: 0.1]
      [GC Worker Total (ms): Min: 172.4, Avg: 172.4, Max: 172.4, Diff: 0.0, Sum: 689.7]
      [GC Worker End (ms): Min: 22638.7, Avg: 22638.7, Max: 22638.7, Diff: 0.0]
   [Code Root Fixup: 0.0 ms]
   [Code Root Purge: 0.0 ms]
   [String Dedup Fixup: 0.1 ms, GC Workers: 4]
      [Queue Fixup (ms): Min: 0.0, Avg: 0.0, Max: 0.0, Diff: 0.0, Sum: 0.1]
      [Table Fixup (ms): Min: 0.1, Avg: 0.1, Max: 0.1, Diff: 0.0, Sum: 0.4]
   [Clear CT: 0.1 ms]
   [Other: 0.6 ms]
      [Choose CSet: 0.0 ms]
      [Ref Proc: 0.0 ms]
      [Ref Enq: 0.0 ms]
      [Redirty Cards: 0.2 ms]
      [Humongous Register: 0.0 ms]
      [Humongous Reclaim: 0.0 ms]
      [Free CSet: 0.2 ms]
   [Eden: 164.0M(145.0M)->0.0B(215.0M) Survivors: 43.0M->24.0M Heap: 1462.1M(2048.0M)->1354.4M(2048.0M)]
 [Times: user=0.69 sys=0.00, real=0.17 secs] 
22.640: [GC concurrent-root-region-scan-start]
22.640: [GC concurrent-string-deduplication, 33.3K->26.3K(7184.0B), avg 15.7%, 0.0007865 secs]
   [Last Exec: 0.0007865 secs, Idle: 0.3335786 secs, Blocked: 0/0.0000000 secs]
      [Inspected:           14554]
         [Skipped:              0(  0.0%)]
         [Hashed:             474(  3.3%)]
         [Known:            14070( 96.7%)]
         [New:                484(  3.3%)     33.3K]
      [Deduplicated:           85( 17.6%)   7184.0B( 21.1%)]
         [Young:                0(  0.0%)      0.0B(  0.0%)]
         [Old:                 85(100.0%)   7184.0B(100.0%)]
   [Total Exec: 47/0.0816012 secs, Idle: 47/22.3398029 secs, Blocked: 0/0.0000000 secs]
      [Inspected:          384174]
         [Skipped:              0(  0.0%)]
         [Hashed:            9503(  2.5%)]
         [Known:           373573( 97.2%)]
         [New:              10601(  2.8%)    569.7K]
      [Deduplicated:         1670( 15.8%)     89.5K( 15.7%)]
         [Young:                8(  0.5%)    424.0B(  0.5%)]
         [Old:               1662( 99.5%)     89.1K( 99.5%)]
   [Table]
      [Memory Usage: 325.7K]
      [Size: 8192, Min: 1024, Max: 16777216]
      [Entries: 10755, Load: 131.3%, Cached: 412, Added: 13866, Removed: 3111]
      [Resize Count: 3, Shrink Threshold: 5461(66.7%), Grow Threshold: 16384(200.0%)]
      [Rehash Count: 0, Rehash Threshold: 120, Hash Seed: 0x0]
      [Age Threshold: 3]
   [Queue]
      [Dropped: 0]
22.684: [GC concurrent-root-region-scan-end, 0.0448775 secs]
22.684: [GC concurrent-mark-start]
22.880: [GC pause (G1 Evacuation Pause) (young), 0.1494513 secs]
   [Parallel Time: 148.8 ms, GC Workers: 4]
      [GC Worker Start (ms): Min: 22880.1, Avg: 22880.2, Max: 22880.2, Diff: 0.0]
      [Ext Root Scanning (ms): Min: 0.2, Avg: 0.2, Max: 0.2, Diff: 0.0, Sum: 0.8]
      [Update RS (ms): Min: 19.1, Avg: 19.2, Max: 19.2, Diff: 0.1, Sum: 76.7]
         [Processed Buffers: Min: 30, Avg: 32.0, Max: 33, Diff: 3, Sum: 128]
      [Scan RS (ms): Min: 3.6, Avg: 3.7, Max: 3.7, Diff: 0.1, Sum: 14.7]
      [Code Root Scanning (ms): Min: 0.0, Avg: 0.0, Max: 0.0, Diff: 0.0, Sum: 0.0]
      [Object Copy (ms): Min: 125.6, Avg: 125.7, Max: 125.7, Diff: 0.1, Sum: 502.6]
      [Termination (ms): Min: 0.0, Avg: 0.0, Max: 0.1, Diff: 0.0, Sum: 0.1]
         [Termination Attempts: Min: 15, Avg: 398.8, Max: 550, Diff: 535, Sum: 1595]
      [GC Worker Other (ms): Min: 0.0, Avg: 0.0, Max: 0.0, Diff: 0.0, Sum: 0.0]
      [GC Worker Total (ms): Min: 148.7, Avg: 148.7, Max: 148.7, Diff: 0.0, Sum: 594.9]
      [GC Worker End (ms): Min: 23028.9, Avg: 23028.9, Max: 23028.9, Diff: 0.0]
   [Code Root Fixup: 0.0 ms]
   [Code Root Purge: 0.0 ms]
   [String Dedup Fixup: 0.1 ms, GC Workers: 4]
      [Queue Fixup (ms): Min: 0.0, Avg: 0.0, Max: 0.0, Diff: 0.0, Sum: 0.1]
      [Table Fixup (ms): Min: 0.1, Avg: 0.1, Max: 0.1, Diff: 0.0, Sum: 0.4]
   [Clear CT: 0.1 ms]
   [Other: 0.5 ms]
      [Choose CSet: 0.0 ms]
      [Ref Proc: 0.0 ms]
      [Ref Enq: 0.0 ms]
      [Redirty Cards: 0.1 ms]
      [Humongous Register: 0.0 ms]
      [Humongous Reclaim: 0.0 ms]
      [Free CSet: 0.2 ms]
   [Eden: 215.0M(215.0M)->0.0B(158.0M) Survivors: 24.0M->30.0M Heap: 1569.4M(2048.0M)->1431.5M(2048.0M)]
 [Times: user=0.61 sys=0.00, real=0.15 secs] 
23.030: [GC concurrent-string-deduplication, 11.1K->10.8K(320.0B), avg 15.5%, 0.0005456 secs]
   [Last Exec: 0.0005456 secs, Idle: 0.3892894 secs, Blocked: 0/0.0000000 secs]
      [Inspected:           11236]
         [Skipped:              0(  0.0%)]
         [Hashed:             237(  2.1%)]
         [Known:            10999( 97.9%)]
         [New:                237(  2.1%)     11.1K]
      [Deduplicated:            6(  2.5%)    320.0B(  2.8%)]
         [Young:                0(  0.0%)      0.0B(  0.0%)]
         [Old:                  6(100.0%)    320.0B(100.0%)]
   [Total Exec: 48/0.0821467 secs, Idle: 48/22.7290922 secs, Blocked: 0/0.0000000 secs]
      [Inspected:          395410]
         [Skipped:              0(  0.0%)]
         [Hashed:            9740(  2.5%)]
         [Known:           384572( 97.3%)]
         [New:              10838(  2.7%)    580.9K]
      [Deduplicated:         1676( 15.5%)     89.8K( 15.5%)]
         [Young:                8(  0.5%)    424.0B(  0.5%)]
         [Old:               1668( 99.5%)     89.4K( 99.5%)]
   [Table]
      [Memory Usage: 325.7K]
      [Size: 8192, Min: 1024, Max: 16777216]
      [Entries: 10986, Load: 134.1%, Cached: 181, Added: 14097, Removed: 3111]
      [Resize Count: 3, Shrink Threshold: 5461(66.7%), Grow Threshold: 16384(200.0%)]
      [Rehash Count: 0, Rehash Threshold: 120, Hash Seed: 0x0]
      [Age Threshold: 3]
   [Queue]
      [Dropped: 0]
23.203: [GC pause (G1 Evacuation Pause) (young), 0.1350222 secs]
   [Parallel Time: 134.4 ms, GC Workers: 4]
      [GC Worker Start (ms): Min: 23203.4, Avg: 23203.5, Max: 23203.5, Diff: 0.0]
      [Ext Root Scanning (ms): Min: 0.2, Avg: 0.2, Max: 0.2, Diff: 0.0, Sum: 0.8]
      [Update RS (ms): Min: 20.2, Avg: 20.3, Max: 20.5, Diff: 0.3, Sum: 81.4]
         [Processed Buffers: Min: 34, Avg: 35.5, Max: 36, Diff: 2, Sum: 142]
      [Scan RS (ms): Min: 2.6, Avg: 2.8, Max: 2.9, Diff: 0.3, Sum: 11.1]
      [Code Root Scanning (ms): Min: 0.0, Avg: 0.0, Max: 0.0, Diff: 0.0, Sum: 0.0]
      [Object Copy (ms): Min: 111.0, Avg: 111.0, Max: 111.0, Diff: 0.0, Sum: 444.0]
      [Termination (ms): Min: 0.0, Avg: 0.0, Max: 0.0, Diff: 0.0, Sum: 0.0]
         [Termination Attempts: Min: 13, Avg: 15.3, Max: 17, Diff: 4, Sum: 61]
      [GC Worker Other (ms): Min: 0.0, Avg: 0.0, Max: 0.0, Diff: 0.0, Sum: 0.1]
      [GC Worker Total (ms): Min: 134.3, Avg: 134.3, Max: 134.3, Diff: 0.0, Sum: 537.3]
      [GC Worker End (ms): Min: 23337.8, Avg: 23337.8, Max: 23337.8, Diff: 0.0]
   [Code Root Fixup: 0.0 ms]
   [Code Root Purge: 0.0 ms]
   [String Dedup Fixup: 0.1 ms, GC Workers: 4]
      [Queue Fixup (ms): Min: 0.0, Avg: 0.0, Max: 0.0, Diff: 0.0, Sum: 0.1]
      [Table Fixup (ms): Min: 0.1, Avg: 0.1, Max: 0.1, Diff: 0.0, Sum: 0.4]
   [Clear CT: 0.1 ms]
   [Other: 0.5 ms]
      [Choose CSet: 0.0 ms]
      [Ref Proc: 0.0 ms]
      [Ref Enq: 0.0 ms]
      [Redirty Cards: 0.1 ms]
      [Humongous Register: 0.0 ms]
      [Humongous Reclaim: 0.0 ms]
      [Free CSet: 0.1 ms]
   [Eden: 158.0M(158.0M)->0.0B(116.0M) Survivors: 30.0M->24.0M Heap: 1589.5M(2048.0M)->1489.7M(2048.0M)]
 [Times: user=0.50 sys=0.00, real=0.13 secs] 
23.339: [GC concurrent-string-deduplication, 14.2K->14.2K(0.0B), avg 15.1%, 0.0007181 secs]
   [Last Exec: 0.0007181 secs, Idle: 0.3082931 secs, Blocked: 0/0.0000000 secs]
      [Inspected:           15263]
         [Skipped:              0(  0.0%)]
         [Hashed:             302(  2.0%)]
         [Known:            14961( 98.0%)]
         [New:                302(  2.0%)     14.2K]
      [Deduplicated:            0(  0.0%)      0.0B(  0.0%)]
         [Young:                0(  0.0%)      0.0B(  0.0%)]
         [Old:                  0(  0.0%)      0.0B(  0.0%)]
   [Total Exec: 49/0.0828649 secs, Idle: 49/23.0373853 secs, Blocked: 0/0.0000000 secs]
      [Inspected:          410673]
         [Skipped:              0(  0.0%)]
         [Hashed:           10042(  2.4%)]
         [Known:           399533( 97.3%)]
         [New:              11140(  2.7%)    595.0K]
      [Deduplicated:         1676( 15.0%)     89.8K( 15.1%)]
         [Young:                8(  0.5%)    424.0B(  0.5%)]
         [Old:               1668( 99.5%)     89.4K( 99.5%)]
   [Table]
      [Memory Usage: 328.6K]
      [Size: 8192, Min: 1024, Max: 16777216]
      [Entries: 11291, Load: 137.8%, Cached: 0, Added: 14402, Removed: 3111]
      [Resize Count: 3, Shrink Threshold: 5461(66.7%), Grow Threshold: 16384(200.0%)]
      [Rehash Count: 0, Rehash Threshold: 120, Hash Seed: 0x0]
      [Age Threshold: 3]
   [Queue]
      [Dropped: 0]
23.476: [GC pause (G1 Evacuation Pause) (young), 0.0993281 secs]
   [Parallel Time: 98.7 ms, GC Workers: 4]
      [GC Worker Start (ms): Min: 23475.9, Avg: 23476.0, Max: 23476.0, Diff: 0.1]
      [Ext Root Scanning (ms): Min: 0.2, Avg: 0.2, Max: 0.2, Diff: 0.1, Sum: 0.8]
      [Update RS (ms): Min: 31.9, Avg: 32.1, Max: 32.2, Diff: 0.3, Sum: 128.2]
         [Processed Buffers: Min: 51, Avg: 52.3, Max: 54, Diff: 3, Sum: 209]
      [Scan RS (ms): Min: 4.3, Avg: 4.5, Max: 4.6, Diff: 0.3, Sum: 17.8]
      [Code Root Scanning (ms): Min: 0.0, Avg: 0.0, Max: 0.0, Diff: 0.0, Sum: 0.0]
      [Object Copy (ms): Min: 61.9, Avg: 61.9, Max: 61.9, Diff: 0.0, Sum: 247.5]
      [Termination (ms): Min: 0.0, Avg: 0.0, Max: 0.0, Diff: 0.0, Sum: 0.0]
         [Termination Attempts: Min: 11, Avg: 17.0, Max: 19, Diff: 8, Sum: 68]
      [GC Worker Other (ms): Min: 0.0, Avg: 0.0, Max: 0.0, Diff: 0.0, Sum: 0.1]
      [GC Worker Total (ms): Min: 98.6, Avg: 98.6, Max: 98.7, Diff: 0.1, Sum: 394.5]
      [GC Worker End (ms): Min: 23574.6, Avg: 23574.6, Max: 23574.6, Diff: 0.0]
   [Code Root Fixup: 0.0 ms]
   [Code Root Purge: 0.0 ms]
   [String Dedup Fixup: 0.1 ms, GC Workers: 4]
      [Queue Fixup (ms): Min: 0.0, Avg: 0.0, Max: 0.0, Diff: 0.0, Sum: 0.0]
      [Table Fixup (ms): Min: 0.1, Avg: 0.1, Max: 0.1, Diff: 0.0, Sum: 0.4]
   [Clear CT: 0.1 ms]
   [Other: 0.5 ms]
      [Choose CSet: 0.0 ms]
      [Ref Proc: 0.0 ms]
      [Ref Enq: 0.0 ms]
      [Redirty Cards: 0.1 ms]
      [Humongous Register: 0.0 ms]
      [Humongous Reclaim: 0.0 ms]
      [Free CSet: 0.1 ms]
   [Eden: 116.0M(116.0M)->0.0B(84.0M) Survivors: 24.0M->18.0M Heap: 1605.7M(2048.0M)->1532.7M(2048.0M)]
 [Times: user=0.39 sys=0.00, real=0.10 secs] 
23.576: [GC concurrent-string-deduplication, 4864.0B->4704.0B(160.0B), avg 15.0%, 0.0002643 secs]
   [Last Exec: 0.0002643 secs, Idle: 0.2360662 secs, Blocked: 0/0.0000000 secs]
      [Inspected:            5479]
         [Skipped:              0(  0.0%)]
         [Hashed:             101(  1.8%)]
         [Known:             5378( 98.2%)]
         [New:                101(  1.8%)   4864.0B]
      [Deduplicated:            3(  3.0%)    160.0B(  3.3%)]
         [Young:                0(  0.0%)      0.0B(  0.0%)]
         [Old:                  3(100.0%)    160.0B(100.0%)]
   [Total Exec: 50/0.0831292 secs, Idle: 50/23.2734516 secs, Blocked: 0/0.0000000 secs]
      [Inspected:          416152]
         [Skipped:              0(  0.0%)]
         [Hashed:           10143(  2.4%)]
         [Known:           404911( 97.3%)]
         [New:              11241(  2.7%)    599.8K]
      [Deduplicated:         1679( 14.9%)     90.0K( 15.0%)]
         [Young:                8(  0.5%)    424.0B(  0.5%)]
         [Old:               1671( 99.5%)     89.6K( 99.5%)]
   [Table]
      [Memory Usage: 331.0K]
      [Size: 8192, Min: 1024, Max: 16777216]
      [Entries: 11391, Load: 139.1%, Cached: 0, Added: 14502, Removed: 3111]
      [Resize Count: 3, Shrink Threshold: 5461(66.7%), Grow Threshold: 16384(200.0%)]
      [Rehash Count: 0, Rehash Threshold: 120, Hash Seed: 0x0]
      [Age Threshold: 3]
   [Queue]
      [Dropped: 0]
23.671: [GC pause (G1 Evacuation Pause) (young), 0.0750433 secs]
   [Parallel Time: 74.5 ms, GC Workers: 4]
      [GC Worker Start (ms): Min: 23671.2, Avg: 23671.2, Max: 23671.2, Diff: 0.0]
      [Ext Root Scanning (ms): Min: 0.2, Avg: 0.2, Max: 0.2, Diff: 0.0, Sum: 0.8]
      [Update RS (ms): Min: 16.9, Avg: 16.9, Max: 17.0, Diff: 0.2, Sum: 67.8]
         [Processed Buffers: Min: 26, Avg: 28.3, Max: 29, Diff: 3, Sum: 113]
      [Scan RS (ms): Min: 1.4, Avg: 1.5, Max: 1.6, Diff: 0.2, Sum: 5.9]
      [Code Root Scanning (ms): Min: 0.0, Avg: 0.0, Max: 0.0, Diff: 0.0, Sum: 0.0]
      [Object Copy (ms): Min: 55.8, Avg: 55.9, Max: 55.9, Diff: 0.1, Sum: 223.5]
      [Termination (ms): Min: 0.0, Avg: 0.0, Max: 0.0, Diff: 0.0, Sum: 0.0]
         [Termination Attempts: Min: 14, Avg: 19.8, Max: 23, Diff: 9, Sum: 79]
      [GC Worker Other (ms): Min: 0.0, Avg: 0.0, Max: 0.0, Diff: 0.0, Sum: 0.0]
      [GC Worker Total (ms): Min: 74.5, Avg: 74.5, Max: 74.5, Diff: 0.0, Sum: 298.0]
      [GC Worker End (ms): Min: 23745.7, Avg: 23745.7, Max: 23745.7, Diff: 0.0]
   [Code Root Fixup: 0.0 ms]
   [Code Root Purge: 0.0 ms]
   [String Dedup Fixup: 0.1 ms, GC Workers: 4]
      [Queue Fixup (ms): Min: 0.0, Avg: 0.0, Max: 0.0, Diff: 0.0, Sum: 0.0]
      [Table Fixup (ms): Min: 0.1, Avg: 0.1, Max: 0.1, Diff: 0.0, Sum: 0.4]
   [Clear CT: 0.0 ms]
   [Other: 0.3 ms]
      [Choose CSet: 0.0 ms]
      [Ref Proc: 0.0 ms]
      [Ref Enq: 0.0 ms]
      [Redirty Cards: 0.1 ms]
      [Humongous Register: 0.0 ms]
      [Humongous Reclaim: 0.0 ms]
      [Free CSet: 0.1 ms]
   [Eden: 84.0M(84.0M)->0.0B(89.0M) Survivors: 18.0M->13.0M Heap: 1616.7M(2048.0M)->1564.4M(2048.0M)]
 [Times: user=0.25 sys=0.00, real=0.08 secs] 
23.747: [GC concurrent-string-deduplication, 6272.0B->5952.0B(320.0B), avg 14.9%, 0.0003300 secs]
   [Last Exec: 0.0003300 secs, Idle: 0.1706922 secs, Blocked: 0/0.0000000 secs]
      [Inspected:            6479]
         [Skipped:              0(  0.0%)]
         [Hashed:             130(  2.0%)]
         [Known:             6349( 98.0%)]
         [New:                130(  2.0%)   6272.0B]
      [Deduplicated:            6(  4.6%)    320.0B(  5.1%)]
         [Young:                0(  0.0%)      0.0B(  0.0%)]
         [Old:                  6(100.0%)    320.0B(100.0%)]
   [Total Exec: 51/0.0834592 secs, Idle: 51/23.4441438 secs, Blocked: 0/0.0000000 secs]
      [Inspected:          422631]
         [Skipped:              0(  0.0%)]
         [Hashed:           10273(  2.4%)]
         [Known:           411260( 97.3%)]
         [New:              11371(  2.7%)    605.9K]
      [Deduplicated:         1685( 14.8%)     90.3K( 14.9%)]
         [Young:                8(  0.5%)    424.0B(  0.5%)]
         [Old:               1677( 99.5%)     89.9K( 99.5%)]
   [Table]
      [Memory Usage: 333.9K]
      [Size: 8192, Min: 1024, Max: 16777216]
      [Entries: 11515, Load: 140.6%, Cached: 0, Added: 14626, Removed: 3111]
      [Resize Count: 3, Shrink Threshold: 5461(66.7%), Grow Threshold: 16384(200.0%)]
      [Rehash Count: 0, Rehash Threshold: 120, Hash Seed: 0x0]
      [Age Threshold: 3]
   [Queue]
      [Dropped: 0]
23.826: [GC pause (G1 Evacuation Pause) (young), 0.0755151 secs]
   [Parallel Time: 75.0 ms, GC Workers: 4]
      [GC Worker Start (ms): Min: 23826.3, Avg: 23826.3, Max: 23826.3, Diff: 0.0]
      [Ext Root Scanning (ms): Min: 0.2, Avg: 0.2, Max: 0.2, Diff: 0.0, Sum: 0.8]
      [Update RS (ms): Min: 18.7, Avg: 18.9, Max: 19.3, Diff: 0.6, Sum: 75.7]
         [Processed Buffers: Min: 29, Avg: 30.8, Max: 32, Diff: 3, Sum: 123]
      [Scan RS (ms): Min: 0.0, Avg: 0.1, Max: 0.2, Diff: 0.2, Sum: 0.5]
      [Code Root Scanning (ms): Min: 0.0, Avg: 0.0, Max: 0.0, Diff: 0.0, Sum: 0.0]
      [Object Copy (ms): Min: 55.4, Avg: 55.7, Max: 55.8, Diff: 0.4, Sum: 222.7]
      [Termination (ms): Min: 0.0, Avg: 0.0, Max: 0.0, Diff: 0.0, Sum: 0.0]
         [Termination Attempts: Min: 15, Avg: 19.5, Max: 27, Diff: 12, Sum: 78]
      [GC Worker Other (ms): Min: 0.0, Avg: 0.0, Max: 0.0, Diff: 0.0, Sum: 0.0]
      [GC Worker Total (ms): Min: 74.9, Avg: 74.9, Max: 75.0, Diff: 0.0, Sum: 299.8]
      [GC Worker End (ms): Min: 23901.3, Avg: 23901.3, Max: 23901.3, Diff: 0.0]
   [Code Root Fixup: 0.0 ms]
   [Code Root Purge: 0.0 ms]
   [String Dedup Fixup: 0.1 ms, GC Workers: 4]
      [Queue Fixup (ms): Min: 0.0, Avg: 0.0, Max: 0.0, Diff: 0.0, Sum: 0.0]
      [Table Fixup (ms): Min: 0.1, Avg: 0.1, Max: 0.1, Diff: 0.0, Sum: 0.4]
   [Clear CT: 0.0 ms]
   [Other: 0.3 ms]
      [Choose CSet: 0.0 ms]
      [Ref Proc: 0.0 ms]
      [Ref Enq: 0.0 ms]
      [Redirty Cards: 0.1 ms]
      [Humongous Register: 0.0 ms]
      [Humongous Reclaim: 0.0 ms]
      [Free CSet: 0.1 ms]
   [Eden: 89.0M(89.0M)->0.0B(89.0M) Survivors: 13.0M->13.0M Heap: 1653.4M(2048.0M)->1596.7M(2048.0M)]
 [Times: user=0.25 sys=0.00, real=0.08 secs] 
23.902: [GC concurrent-string-deduplication, 4752.0B->4752.0B(0.0B), avg 14.8%, 0.0005068 secs]
   [Last Exec: 0.0005068 secs, Idle: 0.1551633 secs, Blocked: 0/0.0000000 secs]
      [Inspected:            4717]
         [Skipped:              0(  0.0%)]
         [Hashed:              99(  2.1%)]
         [Known:             4618( 97.9%)]
         [New:                 99(  2.1%)   4752.0B]
      [Deduplicated:            0(  0.0%)      0.0B(  0.0%)]
         [Young:                0(  0.0%)      0.0B(  0.0%)]
         [Old:                  0(  0.0%)      0.0B(  0.0%)]
   [Total Exec: 52/0.0839660 secs, Idle: 52/23.5993071 secs, Blocked: 0/0.0000000 secs]
      [Inspected:          427348]
         [Skipped:              0(  0.0%)]
         [Hashed:           10372(  2.4%)]
         [Known:           415878( 97.3%)]
         [New:              11470(  2.7%)    610.5K]
      [Deduplicated:         1685( 14.7%)     90.3K( 14.8%)]
         [Young:                8(  0.5%)    424.0B(  0.5%)]
         [Old:               1677( 99.5%)     89.9K( 99.5%)]
   [Table]
      [Memory Usage: 336.2K]
      [Size: 8192, Min: 1024, Max: 16777216]
      [Entries: 11614, Load: 141.8%, Cached: 0, Added: 14725, Removed: 3111]
      [Resize Count: 3, Shrink Threshold: 5461(66.7%), Grow Threshold: 16384(200.0%)]
      [Rehash Count: 0, Rehash Threshold: 120, Hash Seed: 0x0]
      [Age Threshold: 3]
   [Queue]
      [Dropped: 0]
23.992: [GC pause (G1 Evacuation Pause) (young), 0.0818010 secs]
   [Parallel Time: 81.3 ms, GC Workers: 4]
      [GC Worker Start (ms): Min: 23991.7, Avg: 23991.7, Max: 23991.7, Diff: 0.0]
      [Ext Root Scanning (ms): Min: 0.2, Avg: 0.2, Max: 0.2, Diff: 0.0, Sum: 0.8]
      [Update RS (ms): Min: 21.6, Avg: 21.7, Max: 21.9, Diff: 0.3, Sum: 87.0]
         [Processed Buffers: Min: 34, Avg: 34.3, Max: 35, Diff: 1, Sum: 137]
      [Scan RS (ms): Min: 0.0, Avg: 0.1, Max: 0.2, Diff: 0.2, Sum: 0.3]
      [Code Root Scanning (ms): Min: 0.0, Avg: 0.0, Max: 0.0, Diff: 0.0, Sum: 0.0]
      [Object Copy (ms): Min: 59.1, Avg: 59.2, Max: 59.2, Diff: 0.1, Sum: 236.8]
      [Termination (ms): Min: 0.0, Avg: 0.0, Max: 0.0, Diff: 0.0, Sum: 0.0]
         [Termination Attempts: Min: 6, Avg: 10.3, Max: 13, Diff: 7, Sum: 41]
      [GC Worker Other (ms): Min: 0.0, Avg: 0.0, Max: 0.0, Diff: 0.0, Sum: 0.0]
      [GC Worker Total (ms): Min: 81.2, Avg: 81.2, Max: 81.2, Diff: 0.0, Sum: 325.0]
      [GC Worker End (ms): Min: 24072.9, Avg: 24072.9, Max: 24072.9, Diff: 0.0]
   [Code Root Fixup: 0.0 ms]
   [Code Root Purge: 0.0 ms]
   [String Dedup Fixup: 0.1 ms, GC Workers: 4]
      [Queue Fixup (ms): Min: 0.0, Avg: 0.0, Max: 0.0, Diff: 0.0, Sum: 0.1]
      [Table Fixup (ms): Min: 0.1, Avg: 0.1, Max: 0.1, Diff: 0.0, Sum: 0.5]
   [Clear CT: 0.0 ms]
   [Other: 0.3 ms]
      [Choose CSet: 0.0 ms]
      [Ref Proc: 0.0 ms]
      [Ref Enq: 0.0 ms]
      [Redirty Cards: 0.1 ms]
      [Humongous Register: 0.0 ms]
      [Humongous Reclaim: 0.0 ms]
      [Free CSet: 0.1 ms]
   [Eden: 89.0M(89.0M)->0.0B(89.0M) Survivors: 13.0M->13.0M Heap: 1685.7M(2048.0M)->1629.9M(2048.0M)]
 [Times: user=0.31 sys=0.00, real=0.08 secs] 
24.074: [GC concurrent-string-deduplication, 8960.0B->8640.0B(320.0B), avg 14.6%, 0.0004192 secs]
   [Last Exec: 0.0004192 secs, Idle: 0.1710861 secs, Blocked: 0/0.0000000 secs]
      [Inspected:            8909]
         [Skipped:              0(  0.0%)]
         [Hashed:             186(  2.1%)]
         [Known:             8723( 97.9%)]
         [New:                186(  2.1%)   8960.0B]
      [Deduplicated:            6(  3.2%)    320.0B(  3.6%)]
         [Young:                0(  0.0%)      0.0B(  0.0%)]
         [Old:                  6(100.0%)    320.0B(100.0%)]
   [Total Exec: 53/0.0843852 secs, Idle: 53/23.7703932 secs, Blocked: 0/0.0000000 secs]
      [Inspected:          436257]
         [Skipped:              0(  0.0%)]
         [Hashed:           10558(  2.4%)]
         [Known:           424601( 97.3%)]
         [New:              11656(  2.7%)    619.3K]
      [Deduplicated:         1691( 14.5%)     90.6K( 14.6%)]
         [Young:                8(  0.5%)    424.0B(  0.5%)]
         [Old:               1683( 99.5%)     90.2K( 99.5%)]
   [Table]
      [Memory Usage: 340.4K]
      [Size: 8192, Min: 1024, Max: 16777216]
      [Entries: 11794, Load: 144.0%, Cached: 0, Added: 14905, Removed: 3111]
      [Resize Count: 3, Shrink Threshold: 5461(66.7%), Grow Threshold: 16384(200.0%)]
      [Rehash Count: 0, Rehash Threshold: 120, Hash Seed: 0x0]
      [Age Threshold: 3]
   [Queue]
      [Dropped: 0]
24.159: [GC pause (G1 Evacuation Pause) (young), 0.0584727 secs]
   [Parallel Time: 58.0 ms, GC Workers: 4]
      [GC Worker Start (ms): Min: 24159.5, Avg: 24159.5, Max: 24159.5, Diff: 0.0]
      [Ext Root Scanning (ms): Min: 0.2, Avg: 0.2, Max: 0.2, Diff: 0.0, Sum: 0.8]
      [Update RS (ms): Min: 17.6, Avg: 17.9, Max: 18.1, Diff: 0.5, Sum: 71.5]
         [Processed Buffers: Min: 29, Avg: 30.3, Max: 32, Diff: 3, Sum: 121]
      [Scan RS (ms): Min: 0.2, Avg: 0.5, Max: 0.7, Diff: 0.5, Sum: 1.8]
      [Code Root Scanning (ms): Min: 0.0, Avg: 0.0, Max: 0.0, Diff: 0.0, Sum: 0.0]
      [Object Copy (ms): Min: 39.4, Avg: 39.4, Max: 39.4, Diff: 0.0, Sum: 157.5]
      [Termination (ms): Min: 0.0, Avg: 0.0, Max: 0.0, Diff: 0.0, Sum: 0.0]
         [Termination Attempts: Min: 7, Avg: 9.5, Max: 12, Diff: 5, Sum: 38]
      [GC Worker Other (ms): Min: 0.0, Avg: 0.0, Max: 0.0, Diff: 0.0, Sum: 0.0]
      [GC Worker Total (ms): Min: 57.9, Avg: 57.9, Max: 57.9, Diff: 0.0, Sum: 231.7]
      [GC Worker End (ms): Min: 24217.4, Avg: 24217.4, Max: 24217.4, Diff: 0.0]
   [Code Root Fixup: 0.0 ms]
   [Code Root Purge: 0.0 ms]
   [String Dedup Fixup: 0.1 ms, GC Workers: 4]
      [Queue Fixup (ms): Min: 0.0, Avg: 0.0, Max: 0.0, Diff: 0.0, Sum: 0.0]
      [Table Fixup (ms): Min: 0.1, Avg: 0.1, Max: 0.1, Diff: 0.0, Sum: 0.5]
   [Clear CT: 0.0 ms]
   [Other: 0.3 ms]
      [Choose CSet: 0.0 ms]
      [Ref Proc: 0.0 ms]
      [Ref Enq: 0.0 ms]
      [Redirty Cards: 0.1 ms]
      [Humongous Register: 0.0 ms]
      [Humongous Reclaim: 0.0 ms]
      [Free CSet: 0.1 ms]
   [Eden: 89.0M(89.0M)->0.0B(89.0M) Survivors: 13.0M->13.0M Heap: 1718.9M(2048.0M)->1661.7M(2048.0M)]
 [Times: user=0.25 sys=0.00, real=0.06 secs] 
24.218: [GC concurrent-string-deduplication, 3600.0B->3600.0B(0.0B), avg 14.5%, 0.0001758 secs]
   [Last Exec: 0.0001758 secs, Idle: 0.1440526 secs, Blocked: 0/0.0000000 secs]
      [Inspected:            3586]
         [Skipped:              0(  0.0%)]
         [Hashed:              75(  2.1%)]
         [Known:             3511( 97.9%)]
         [New:                 75(  2.1%)   3600.0B]
      [Deduplicated:            0(  0.0%)      0.0B(  0.0%)]
         [Young:                0(  0.0%)      0.0B(  0.0%)]
         [Old:                  0(  0.0%)      0.0B(  0.0%)]
   [Total Exec: 54/0.0845609 secs, Idle: 54/23.9144457 secs, Blocked: 0/0.0000000 secs]
      [Inspected:          439843]
         [Skipped:              0(  0.0%)]
         [Hashed:           10633(  2.4%)]
         [Known:           428112( 97.3%)]
         [New:              11731(  2.7%)    622.8K]
      [Deduplicated:         1691( 14.4%)     90.6K( 14.5%)]
         [Young:                8(  0.5%)    424.0B(  0.5%)]
         [Old:               1683( 99.5%)     90.2K( 99.5%)]
   [Table]
      [Memory Usage: 342.2K]
      [Size: 8192, Min: 1024, Max: 16777216]
      [Entries: 11869, Load: 144.9%, Cached: 0, Added: 14980, Removed: 3111]
      [Resize Count: 3, Shrink Threshold: 5461(66.7%), Grow Threshold: 16384(200.0%)]
      [Rehash Count: 0, Rehash Threshold: 120, Hash Seed: 0x0]
      [Age Threshold: 3]
   [Queue]
      [Dropped: 0]
24.307: [GC pause (G1 Evacuation Pause) (young), 0.0811540 secs]
   [Parallel Time: 80.7 ms, GC Workers: 4]
      [GC Worker Start (ms): Min: 24307.0, Avg: 24307.1, Max: 24307.1, Diff: 0.0]
      [Ext Root Scanning (ms): Min: 0.2, Avg: 0.2, Max: 0.2, Diff: 0.0, Sum: 0.8]
      [Update RS (ms): Min: 18.7, Avg: 18.8, Max: 19.1, Diff: 0.4, Sum: 75.3]
         [Processed Buffers: Min: 34, Avg: 36.5, Max: 38, Diff: 4, Sum: 146]
      [Scan RS (ms): Min: 0.0, Avg: 0.0, Max: 0.0, Diff: 0.0, Sum: 0.1]
      [Code Root Scanning (ms): Min: 0.0, Avg: 0.0, Max: 0.0, Diff: 0.0, Sum: 0.0]
      [Object Copy (ms): Min: 61.3, Avg: 61.6, Max: 61.7, Diff: 0.4, Sum: 246.3]
      [Termination (ms): Min: 0.0, Avg: 0.0, Max: 0.0, Diff: 0.0, Sum: 0.0]
         [Termination Attempts: Min: 5, Avg: 8.5, Max: 10, Diff: 5, Sum: 34]
      [GC Worker Other (ms): Min: 0.0, Avg: 0.0, Max: 0.0, Diff: 0.0, Sum: 0.0]
      [GC Worker Total (ms): Min: 80.6, Avg: 80.6, Max: 80.6, Diff: 0.0, Sum: 322.5]
      [GC Worker End (ms): Min: 24387.7, Avg: 24387.7, Max: 24387.7, Diff: 0.0]
   [Code Root Fixup: 0.0 ms]
   [Code Root Purge: 0.0 ms]
   [String Dedup Fixup: 0.1 ms, GC Workers: 4]
      [Queue Fixup (ms): Min: 0.0, Avg: 0.0, Max: 0.0, Diff: 0.0, Sum: 0.0]
      [Table Fixup (ms): Min: 0.1, Avg: 0.1, Max: 0.1, Diff: 0.0, Sum: 0.5]
   [Clear CT: 0.0 ms]
   [Other: 0.3 ms]
      [Choose CSet: 0.0 ms]
      [Ref Proc: 0.0 ms]
      [Ref Enq: 0.0 ms]
      [Redirty Cards: 0.1 ms]
      [Humongous Register: 0.0 ms]
      [Humongous Reclaim: 0.0 ms]
      [Free CSet: 0.1 ms]
   [Eden: 89.0M(89.0M)->0.0B(89.0M) Survivors: 13.0M->13.0M Heap: 1750.7M(2048.0M)->1694.7M(2048.0M)]
 [Times: user=0.38 sys=0.00, real=0.08 secs] 
24.389: [GC concurrent-string-deduplication, 8464.0B->8304.0B(160.0B), avg 14.4%, 0.0004077 secs]
   [Last Exec: 0.0004077 secs, Idle: 0.1700100 secs, Blocked: 0/0.0000000 secs]
      [Inspected:            8427]
         [Skipped:              0(  0.0%)]
         [Hashed:             176(  2.1%)]
         [Known:             8251( 97.9%)]
         [New:                176(  2.1%)   8464.0B]
      [Deduplicated:            3(  1.7%)    160.0B(  1.9%)]
         [Young:                0(  0.0%)      0.0B(  0.0%)]
         [Old:                  3(100.0%)    160.0B(100.0%)]
   [Total Exec: 55/0.0849686 secs, Idle: 55/24.0844557 secs, Blocked: 0/0.0000000 secs]
      [Inspected:          448270]
         [Skipped:              0(  0.0%)]
         [Hashed:           10809(  2.4%)]
         [Known:           436363( 97.3%)]
         [New:              11907(  2.7%)    631.1K]
      [Deduplicated:         1694( 14.2%)     90.8K( 14.4%)]
         [Young:                8(  0.5%)    424.0B(  0.5%)]
         [Old:               1686( 99.5%)     90.4K( 99.5%)]
   [Table]
      [Memory Usage: 346.2K]
      [Size: 8192, Min: 1024, Max: 16777216]
      [Entries: 12042, Load: 147.0%, Cached: 0, Added: 15153, Removed: 3111]
      [Resize Count: 3, Shrink Threshold: 5461(66.7%), Grow Threshold: 16384(200.0%)]
      [Rehash Count: 0, Rehash Threshold: 120, Hash Seed: 0x0]
      [Age Threshold: 3]
   [Queue]
      [Dropped: 0]
24.467: [GC pause (G1 Evacuation Pause) (young), 0.0587719 secs]
   [Parallel Time: 58.3 ms, GC Workers: 4]
      [GC Worker Start (ms): Min: 24466.8, Avg: 24466.8, Max: 24466.9, Diff: 0.1]
      [Ext Root Scanning (ms): Min: 0.2, Avg: 0.2, Max: 0.2, Diff: 0.1, Sum: 0.8]
      [Update RS (ms): Min: 23.2, Avg: 23.2, Max: 23.4, Diff: 0.2, Sum: 93.0]
         [Processed Buffers: Min: 46, Avg: 46.5, Max: 47, Diff: 1, Sum: 186]
      [Scan RS (ms): Min: 0.0, Avg: 0.0, Max: 0.0, Diff: 0.0, Sum: 0.0]
      [Code Root Scanning (ms): Min: 0.0, Avg: 0.0, Max: 0.0, Diff: 0.0, Sum: 0.0]
      [Object Copy (ms): Min: 34.6, Avg: 34.8, Max: 34.8, Diff: 0.2, Sum: 139.1]
      [Termination (ms): Min: 0.0, Avg: 0.0, Max: 0.0, Diff: 0.0, Sum: 0.0]
         [Termination Attempts: Min: 3, Avg: 4.5, Max: 8, Diff: 5, Sum: 18]
      [GC Worker Other (ms): Min: 0.0, Avg: 0.0, Max: 0.0, Diff: 0.0, Sum: 0.0]
      [GC Worker Total (ms): Min: 58.2, Avg: 58.2, Max: 58.3, Diff: 0.1, Sum: 233.0]
      [GC Worker End (ms): Min: 24525.1, Avg: 24525.1, Max: 24525.1, Diff: 0.0]
   [Code Root Fixup: 0.0 ms]
   [Code Root Purge: 0.0 ms]
   [String Dedup Fixup: 0.1 ms, GC Workers: 4]
      [Queue Fixup (ms): Min: 0.0, Avg: 0.0, Max: 0.0, Diff: 0.0, Sum: 0.0]
      [Table Fixup (ms): Min: 0.1, Avg: 0.1, Max: 0.1, Diff: 0.0, Sum: 0.5]
   [Clear CT: 0.0 ms]
   [Other: 0.3 ms]
      [Choose CSet: 0.0 ms]
      [Ref Proc: 0.0 ms]
      [Ref Enq: 0.0 ms]
      [Redirty Cards: 0.1 ms]
      [Humongous Register: 0.0 ms]
      [Humongous Reclaim: 0.0 ms]
      [Free CSet: 0.1 ms]
   [Eden: 89.0M(89.0M)->0.0B(89.0M) Survivors: 13.0M->13.0M Heap: 1783.7M(2048.0M)->1727.4M(2048.0M)]
 [Times: user=0.19 sys=0.00, real=0.06 secs] 
24.526: [GC concurrent-string-deduplication, 1840.0B->1680.0B(160.0B), avg 14.4%, 0.0000924 secs]
   [Last Exec: 0.0000924 secs, Idle: 0.1369412 secs, Blocked: 0/0.0000000 secs]
      [Inspected:            1736]
         [Skipped:              0(  0.0%)]
         [Hashed:              38(  2.2%)]
         [Known:             1698( 97.8%)]
         [New:                 38(  2.2%)   1840.0B]
      [Deduplicated:            3(  7.9%)    160.0B(  8.7%)]
         [Young:                0(  0.0%)      0.0B(  0.0%)]
         [Old:                  3(100.0%)    160.0B(100.0%)]
   [Total Exec: 56/0.0850610 secs, Idle: 56/24.2213969 secs, Blocked: 0/0.0000000 secs]
      [Inspected:          450006]
         [Skipped:              0(  0.0%)]
         [Hashed:           10847(  2.4%)]
         [Known:           438061( 97.3%)]
         [New:              11945(  2.7%)    632.9K]
      [Deduplicated:         1697( 14.2%)     90.9K( 14.4%)]
         [Young:                8(  0.5%)    424.0B(  0.5%)]
         [Old:               1689( 99.5%)     90.5K( 99.5%)]
   [Table]
      [Memory Usage: 347.1K]
      [Size: 8192, Min: 1024, Max: 16777216]
      [Entries: 12077, Load: 147.4%, Cached: 0, Added: 15188, Removed: 3111]
      [Resize Count: 3, Shrink Threshold: 5461(66.7%), Grow Threshold: 16384(200.0%)]
      [Rehash Count: 0, Rehash Threshold: 120, Hash Seed: 0x0]
      [Age Threshold: 3]
   [Queue]
      [Dropped: 0]
24.604: [GC pause (G1 Evacuation Pause) (young) (to-space exhausted), 0.0805713 secs]
   [Parallel Time: 76.8 ms, GC Workers: 4]
      [GC Worker Start (ms): Min: 24604.6, Avg: 24604.6, Max: 24604.6, Diff: 0.0]
      [Ext Root Scanning (ms): Min: 0.2, Avg: 0.2, Max: 0.2, Diff: 0.0, Sum: 0.8]
      [Update RS (ms): Min: 16.9, Avg: 16.9, Max: 17.0, Diff: 0.2, Sum: 67.7]
         [Processed Buffers: Min: 30, Avg: 33.0, Max: 34, Diff: 4, Sum: 132]
      [Scan RS (ms): Min: 1.5, Avg: 1.6, Max: 1.6, Diff: 0.2, Sum: 6.3]
      [Code Root Scanning (ms): Min: 0.0, Avg: 0.0, Max: 0.0, Diff: 0.0, Sum: 0.0]
      [Object Copy (ms): Min: 58.1, Avg: 58.1, Max: 58.1, Diff: 0.0, Sum: 232.3]
      [Termination (ms): Min: 0.0, Avg: 0.0, Max: 0.0, Diff: 0.0, Sum: 0.0]
         [Termination Attempts: Min: 20, Avg: 24.3, Max: 32, Diff: 12, Sum: 97]
      [GC Worker Other (ms): Min: 0.0, Avg: 0.0, Max: 0.0, Diff: 0.0, Sum: 0.0]
      [GC Worker Total (ms): Min: 76.8, Avg: 76.8, Max: 76.8, Diff: 0.0, Sum: 307.1]
      [GC Worker End (ms): Min: 24681.4, Avg: 24681.4, Max: 24681.4, Diff: 0.0]
   [Code Root Fixup: 0.0 ms]
   [Code Root Purge: 0.0 ms]
   [String Dedup Fixup: 0.1 ms, GC Workers: 4]
      [Queue Fixup (ms): Min: 0.0, Avg: 0.0, Max: 0.0, Diff: 0.0, Sum: 0.0]
      [Table Fixup (ms): Min: 0.1, Avg: 0.1, Max: 0.1, Diff: 0.0, Sum: 0.5]
   [Clear CT: 0.0 ms]
   [Other: 3.6 ms]
      [Evacuation Failure: 3.3 ms]
      [Choose CSet: 0.0 ms]
      [Ref Proc: 0.0 ms]
      [Ref Enq: 0.0 ms]
      [Redirty Cards: 0.1 ms]
      [Humongous Register: 0.0 ms]
      [Humongous Reclaim: 0.0 ms]
      [Free CSet: 0.1 ms]
   [Eden: 89.0M(89.0M)->0.0B(89.0M) Survivors: 13.0M->13.0M Heap: 1816.4M(2048.0M)->1782.9M(2048.0M)]
 [Times: user=0.38 sys=0.00, real=0.08 secs] 
24.686: [GC concurrent-string-deduplication, 7120.0B->6960.0B(160.0B), avg 14.2%, 0.0003692 secs]
   [Last Exec: 0.0003692 secs, Idle: 0.1594057 secs, Blocked: 0/0.0000000 secs]
      [Inspected:            7460]
         [Skipped:              0(  0.0%)]
         [Hashed:             148(  2.0%)]
         [Known:             7312( 98.0%)]
         [New:                148(  2.0%)   7120.0B]
      [Deduplicated:            3(  2.0%)    160.0B(  2.2%)]
         [Young:                0(  0.0%)      0.0B(  0.0%)]
         [Old:                  3(100.0%)    160.0B(100.0%)]
   [Total Exec: 57/0.0854301 secs, Idle: 57/24.3808026 secs, Blocked: 0/0.0000000 secs]
      [Inspected:          457466]
         [Skipped:              0(  0.0%)]
         [Hashed:           10995(  2.4%)]
         [Known:           445373( 97.4%)]
         [New:              12093(  2.6%)    639.8K]
      [Deduplicated:         1700( 14.1%)     91.1K( 14.2%)]
         [Young:                8(  0.5%)    424.0B(  0.5%)]
         [Old:               1692( 99.5%)     90.7K( 99.5%)]
   [Table]
      [Memory Usage: 350.5K]
      [Size: 8192, Min: 1024, Max: 16777216]
      [Entries: 12222, Load: 149.2%, Cached: 0, Added: 15333, Removed: 3111]
      [Resize Count: 3, Shrink Threshold: 5461(66.7%), Grow Threshold: 16384(200.0%)]
      [Rehash Count: 0, Rehash Threshold: 120, Hash Seed: 0x0]
      [Age Threshold: 3]
   [Queue]
      [Dropped: 0]
24.747: [GC pause (G1 Evacuation Pause) (young) (to-space exhausted), 0.0880721 secs]
   [Parallel Time: 76.3 ms, GC Workers: 4]
      [GC Worker Start (ms): Min: 24746.8, Avg: 24746.8, Max: 24746.8, Diff: 0.0]
      [Ext Root Scanning (ms): Min: 0.2, Avg: 0.2, Max: 0.2, Diff: 0.0, Sum: 0.8]
      [Update RS (ms): Min: 0.0, Avg: 12.4, Max: 16.6, Diff: 16.6, Sum: 49.4]
         [Processed Buffers: Min: 0, Avg: 36.0, Max: 71, Diff: 71, Sum: 144]
      [Scan RS (ms): Min: 0.0, Avg: 0.6, Max: 1.0, Diff: 0.9, Sum: 2.4]
      [Code Root Scanning (ms): Min: 0.0, Avg: 0.0, Max: 0.0, Diff: 0.0, Sum: 0.0]
      [Object Copy (ms): Min: 56.1, Avg: 61.7, Max: 75.1, Diff: 19.0, Sum: 246.8]
      [Termination (ms): Min: 0.0, Avg: 1.4, Max: 2.7, Diff: 2.7, Sum: 5.6]
         [Termination Attempts: Min: 1, Avg: 230.0, Max: 326, Diff: 325, Sum: 920]
      [GC Worker Other (ms): Min: 0.0, Avg: 0.0, Max: 0.0, Diff: 0.0, Sum: 0.0]
      [GC Worker Total (ms): Min: 76.2, Avg: 76.3, Max: 76.3, Diff: 0.0, Sum: 305.0]
      [GC Worker End (ms): Min: 24823.0, Avg: 24823.0, Max: 24823.0, Diff: 0.0]
   [Code Root Fixup: 0.0 ms]
   [Code Root Purge: 0.0 ms]
   [String Dedup Fixup: 0.2 ms, GC Workers: 4]
      [Queue Fixup (ms): Min: 0.0, Avg: 0.0, Max: 0.0, Diff: 0.0, Sum: 0.0]
      [Table Fixup (ms): Min: 0.1, Avg: 0.1, Max: 0.1, Diff: 0.0, Sum: 0.5]
   [Clear CT: 0.1 ms]
   [Other: 11.6 ms]
      [Evacuation Failure: 11.2 ms]
      [Choose CSet: 0.0 ms]
      [Ref Proc: 0.1 ms]
      [Ref Enq: 0.0 ms]
      [Redirty Cards: 0.1 ms]
      [Humongous Register: 0.0 ms]
      [Humongous Reclaim: 0.0 ms]
      [Free CSet: 0.1 ms]
   [Eden: 70.0M(89.0M)->0.0B(102.0M) Survivors: 13.0M->0.0B Heap: 1852.9M(2048.0M)->1843.9M(2048.0M)]
 [Times: user=0.22 sys=0.00, real=0.09 secs] 
24.854: [GC pause (G1 Evacuation Pause) (young) (to-space exhausted), 0.0302454 secs]
   [Parallel Time: 28.8 ms, GC Workers: 4]
      [GC Worker Start (ms): Min: 24854.3, Avg: 24854.3, Max: 24854.3, Diff: 0.0]
      [Ext Root Scanning (ms): Min: 0.2, Avg: 0.2, Max: 0.2, Diff: 0.0, Sum: 0.8]
      [Update RS (ms): Min: 22.9, Avg: 23.0, Max: 23.1, Diff: 0.3, Sum: 92.0]
         [Processed Buffers: Min: 48, Avg: 53.0, Max: 55, Diff: 7, Sum: 212]
      [Scan RS (ms): Min: 0.0, Avg: 0.0, Max: 0.0, Diff: 0.0, Sum: 0.0]
      [Code Root Scanning (ms): Min: 0.0, Avg: 0.0, Max: 0.0, Diff: 0.0, Sum: 0.0]
      [Object Copy (ms): Min: 4.1, Avg: 4.7, Max: 5.6, Diff: 1.5, Sum: 18.7]
      [Termination (ms): Min: 0.0, Avg: 0.9, Max: 1.5, Diff: 1.5, Sum: 3.7]
         [Termination Attempts: Min: 1, Avg: 1.0, Max: 1, Diff: 0, Sum: 4]
      [GC Worker Other (ms): Min: 0.0, Avg: 0.0, Max: 0.0, Diff: 0.0, Sum: 0.0]
      [GC Worker Total (ms): Min: 28.8, Avg: 28.8, Max: 28.8, Diff: 0.0, Sum: 115.2]
      [GC Worker End (ms): Min: 24883.1, Avg: 24883.1, Max: 24883.1, Diff: 0.0]
   [Code Root Fixup: 0.0 ms]
   [Code Root Purge: 0.0 ms]
   [String Dedup Fixup: 0.1 ms, GC Workers: 4]
      [Queue Fixup (ms): Min: 0.0, Avg: 0.0, Max: 0.0, Diff: 0.0, Sum: 0.0]
      [Table Fixup (ms): Min: 0.1, Avg: 0.1, Max: 0.1, Diff: 0.0, Sum: 0.4]
   [Clear CT: 0.0 ms]
   [Other: 1.3 ms]
      [Evacuation Failure: 1.1 ms]
      [Choose CSet: 0.0 ms]
      [Ref Proc: 0.0 ms]
      [Ref Enq: 0.0 ms]
      [Redirty Cards: 0.0 ms]
      [Humongous Register: 0.0 ms]
      [Humongous Reclaim: 0.0 ms]
      [Free CSet: 0.0 ms]
   [Eden: 9216.0K(102.0M)->0.0B(102.0M) Survivors: 0.0B->0.0B Heap: 1852.9M(2048.0M)->1852.9M(2048.0M)]
 [Times: user=0.13 sys=0.00, real=0.03 secs] 
24.885: [Full GC (Allocation Failure)  1852M->1201M(2048M), 1.7179700 secs]
   [Eden: 0.0B(102.0M)->0.0B(326.0M) Survivors: 0.0B->0.0B Heap: 1852.9M(2048.0M)->1201.5M(2048.0M)], [Metaspace: 9133K->9133K(1058816K)]
 [Times: user=3.34 sys=0.02, real=1.72 secs] 
26.603: [GC concurrent-mark-abort]
26.882: [GC pause (G1 Evacuation Pause) (young), 0.1457631 secs]
   [Parallel Time: 145.0 ms, GC Workers: 4]
      [GC Worker Start (ms): Min: 26882.2, Avg: 26882.2, Max: 26882.2, Diff: 0.1]
      [Ext Root Scanning (ms): Min: 0.2, Avg: 0.2, Max: 0.2, Diff: 0.1, Sum: 0.9]
      [Update RS (ms): Min: 0.0, Avg: 0.0, Max: 0.1, Diff: 0.1, Sum: 0.1]
         [Processed Buffers: Min: 0, Avg: 1.0, Max: 2, Diff: 2, Sum: 4]
      [Scan RS (ms): Min: 0.0, Avg: 0.0, Max: 0.1, Diff: 0.1, Sum: 0.2]
      [Code Root Scanning (ms): Min: 0.0, Avg: 0.0, Max: 0.0, Diff: 0.0, Sum: 0.0]
      [Object Copy (ms): Min: 144.7, Avg: 144.7, Max: 144.7, Diff: 0.0, Sum: 578.8]
      [Termination (ms): Min: 0.0, Avg: 0.0, Max: 0.0, Diff: 0.0, Sum: 0.0]
         [Termination Attempts: Min: 15, Avg: 18.5, Max: 24, Diff: 9, Sum: 74]
      [GC Worker Other (ms): Min: 0.0, Avg: 0.0, Max: 0.0, Diff: 0.0, Sum: 0.1]
      [GC Worker Total (ms): Min: 145.0, Avg: 145.0, Max: 145.0, Diff: 0.1, Sum: 580.0]
      [GC Worker End (ms): Min: 27027.2, Avg: 27027.2, Max: 27027.2, Diff: 0.0]
   [Code Root Fixup: 0.0 ms]
   [Code Root Purge: 0.0 ms]
   [String Dedup Fixup: 0.1 ms, GC Workers: 4]
      [Queue Fixup (ms): Min: 0.0, Avg: 0.0, Max: 0.0, Diff: 0.0, Sum: 0.1]
      [Table Fixup (ms): Min: 0.1, Avg: 0.1, Max: 0.1, Diff: 0.0, Sum: 0.4]
   [Clear CT: 0.1 ms]
   [Other: 0.5 ms]
      [Choose CSet: 0.0 ms]
      [Ref Proc: 0.0 ms]
      [Ref Enq: 0.0 ms]
      [Redirty Cards: 0.1 ms]
      [Humongous Register: 0.0 ms]
      [Humongous Reclaim: 0.0 ms]
      [Free CSet: 0.2 ms]
   [Eden: 326.0M(326.0M)->0.0B(240.0M) Survivors: 0.0B->41.0M Heap: 1527.5M(2048.0M)->1318.2M(2048.0M)]
 [Times: user=0.56 sys=0.00, real=0.14 secs] 
27.029: [GC concurrent-string-deduplication, 12.7K->12.7K(0.0B), avg 14.0%, 0.0006588 secs]
   [Last Exec: 0.0006588 secs, Idle: 2.3423620 secs, Blocked: 0/0.0000000 secs]
      [Inspected:           13738]
         [Skipped:              0(  0.0%)]
         [Hashed:             271(  2.0%)]
         [Known:            13467( 98.0%)]
         [New:                271(  2.0%)     12.7K]
      [Deduplicated:            0(  0.0%)      0.0B(  0.0%)]
         [Young:                0(  0.0%)      0.0B(  0.0%)]
         [Old:                  0(  0.0%)      0.0B(  0.0%)]
   [Total Exec: 58/0.0860889 secs, Idle: 58/26.7231646 secs, Blocked: 0/0.0000000 secs]
      [Inspected:          471204]
         [Skipped:              0(  0.0%)]
         [Hashed:           11266(  2.4%)]
         [Known:           458840( 97.4%)]
         [New:              12364(  2.6%)    652.5K]
      [Deduplicated:         1700( 13.7%)     91.1K( 14.0%)]
         [Young:                8(  0.5%)    424.0B(  0.5%)]
         [Old:               1692( 99.5%)     90.7K( 99.5%)]
   [Table]
      [Memory Usage: 326.7K]
      [Size: 8192, Min: 1024, Max: 16777216]
      [Entries: 10388, Load: 126.8%, Cached: 819, Added: 15616, Removed: 5228]
      [Resize Count: 3, Shrink Threshold: 5461(66.7%), Grow Threshold: 16384(200.0%)]
      [Rehash Count: 0, Rehash Threshold: 120, Hash Seed: 0x0]
      [Age Threshold: 3]
   [Queue]
      [Dropped: 0]
27.250: [GC pause (G1 Evacuation Pause) (young) (initial-mark), 0.2115136 secs]
   [Parallel Time: 210.6 ms, GC Workers: 4]
      [GC Worker Start (ms): Min: 27250.1, Avg: 27250.1, Max: 27250.1, Diff: 0.1]
      [Ext Root Scanning (ms): Min: 0.3, Avg: 0.3, Max: 0.3, Diff: 0.1, Sum: 1.1]
      [Update RS (ms): Min: 20.9, Avg: 21.1, Max: 21.2, Diff: 0.3, Sum: 84.2]
         [Processed Buffers: Min: 35, Avg: 35.8, Max: 37, Diff: 2, Sum: 143]
      [Scan RS (ms): Min: 10.9, Avg: 11.0, Max: 11.2, Diff: 0.3, Sum: 44.2]
      [Code Root Scanning (ms): Min: 0.0, Avg: 0.0, Max: 0.0, Diff: 0.0, Sum: 0.0]
      [Object Copy (ms): Min: 178.0, Avg: 178.0, Max: 178.1, Diff: 0.1, Sum: 712.0]
      [Termination (ms): Min: 0.1, Avg: 0.1, Max: 0.2, Diff: 0.1, Sum: 0.5]
         [Termination Attempts: Min: 14, Avg: 517.3, Max: 762, Diff: 748, Sum: 2069]
      [GC Worker Other (ms): Min: 0.0, Avg: 0.0, Max: 0.0, Diff: 0.0, Sum: 0.1]
      [GC Worker Total (ms): Min: 210.5, Avg: 210.5, Max: 210.6, Diff: 0.1, Sum: 842.1]
      [GC Worker End (ms): Min: 27460.6, Avg: 27460.6, Max: 27460.6, Diff: 0.0]
   [Code Root Fixup: 0.0 ms]
   [Code Root Purge: 0.0 ms]
   [String Dedup Fixup: 0.1 ms, GC Workers: 4]
      [Queue Fixup (ms): Min: 0.0, Avg: 0.0, Max: 0.0, Diff: 0.0, Sum: 0.1]
      [Table Fixup (ms): Min: 0.1, Avg: 0.1, Max: 0.1, Diff: 0.0, Sum: 0.4]
   [Clear CT: 0.1 ms]
   [Other: 0.7 ms]
      [Choose CSet: 0.0 ms]
      [Ref Proc: 0.0 ms]
      [Ref Enq: 0.0 ms]
      [Redirty Cards: 0.2 ms]
      [Humongous Register: 0.0 ms]
      [Humongous Reclaim: 0.0 ms]
      [Free CSet: 0.2 ms]
   [Eden: 240.0M(240.0M)->0.0B(143.0M) Survivors: 41.0M->36.0M Heap: 1558.2M(2048.0M)->1407.0M(2048.0M)]
 [Times: user=0.81 sys=0.00, real=0.21 secs] 
27.462: [GC concurrent-root-region-scan-start]
27.463: [GC concurrent-string-deduplication, 14.3K->13.8K(480.0B), avg 13.7%, 0.0007569 secs]
   [Last Exec: 0.0007569 secs, Idle: 0.4331360 secs, Blocked: 0/0.0000000 secs]
      [Inspected:           15599]
         [Skipped:              0(  0.0%)]
         [Hashed:             304(  1.9%)]
         [Known:            15295( 98.1%)]
         [New:                304(  1.9%)     14.3K]
      [Deduplicated:            9(  3.0%)    480.0B(  3.3%)]
         [Young:                0(  0.0%)      0.0B(  0.0%)]
         [Old:                  9(100.0%)    480.0B(100.0%)]
   [Total Exec: 59/0.0868459 secs, Idle: 59/27.1563006 secs, Blocked: 0/0.0000000 secs]
      [Inspected:          486803]
         [Skipped:              0(  0.0%)]
         [Hashed:           11570(  2.4%)]
         [Known:           474135( 97.4%)]
         [New:              12668(  2.6%)    666.8K]
      [Deduplicated:         1709( 13.5%)     91.5K( 13.7%)]
         [Young:                8(  0.5%)    424.0B(  0.5%)]
         [Old:               1701( 99.5%)     91.1K( 99.5%)]
   [Table]
      [Memory Usage: 326.7K]
      [Size: 8192, Min: 1024, Max: 16777216]
      [Entries: 10683, Load: 130.4%, Cached: 524, Added: 15911, Removed: 5228]
      [Resize Count: 3, Shrink Threshold: 5461(66.7%), Grow Threshold: 16384(200.0%)]
      [Rehash Count: 0, Rehash Threshold: 120, Hash Seed: 0x0]
      [Age Threshold: 3]
   [Queue]
      [Dropped: 0]
27.526: [GC concurrent-root-region-scan-end, 0.0640227 secs]
27.526: [GC concurrent-mark-start]
27.665: [GC pause (G1 Evacuation Pause) (young), 0.1592328 secs]
   [Parallel Time: 158.6 ms, GC Workers: 4]
      [GC Worker Start (ms): Min: 27664.8, Avg: 27664.8, Max: 27664.8, Diff: 0.0]
      [Ext Root Scanning (ms): Min: 0.2, Avg: 0.2, Max: 0.2, Diff: 0.0, Sum: 0.8]
      [Update RS (ms): Min: 32.7, Avg: 32.7, Max: 32.9, Diff: 0.2, Sum: 130.9]
         [Processed Buffers: Min: 53, Avg: 55.8, Max: 57, Diff: 4, Sum: 223]
      [Scan RS (ms): Min: 7.9, Avg: 7.9, Max: 7.9, Diff: 0.1, Sum: 31.6]
      [Code Root Scanning (ms): Min: 0.0, Avg: 0.0, Max: 0.0, Diff: 0.0, Sum: 0.0]
      [Object Copy (ms): Min: 117.5, Avg: 117.7, Max: 117.7, Diff: 0.2, Sum: 470.7]
      [Termination (ms): Min: 0.0, Avg: 0.0, Max: 0.0, Diff: 0.0, Sum: 0.0]
         [Termination Attempts: Min: 1, Avg: 3.5, Max: 5, Diff: 4, Sum: 14]
      [GC Worker Other (ms): Min: 0.0, Avg: 0.0, Max: 0.0, Diff: 0.0, Sum: 0.1]
      [GC Worker Total (ms): Min: 158.5, Avg: 158.5, Max: 158.5, Diff: 0.0, Sum: 634.1]
      [GC Worker End (ms): Min: 27823.3, Avg: 27823.3, Max: 27823.3, Diff: 0.0]
   [Code Root Fixup: 0.0 ms]
   [Code Root Purge: 0.0 ms]
   [String Dedup Fixup: 0.1 ms, GC Workers: 4]
      [Queue Fixup (ms): Min: 0.0, Avg: 0.0, Max: 0.0, Diff: 0.0, Sum: 0.1]
      [Table Fixup (ms): Min: 0.1, Avg: 0.1, Max: 0.1, Diff: 0.0, Sum: 0.4]
   [Clear CT: 0.1 ms]
   [Other: 0.5 ms]
      [Choose CSet: 0.0 ms]
      [Ref Proc: 0.0 ms]
      [Ref Enq: 0.0 ms]
      [Redirty Cards: 0.1 ms]
      [Humongous Register: 0.0 ms]
      [Humongous Reclaim: 0.0 ms]
      [Free CSet: 0.1 ms]
   [Eden: 143.0M(143.0M)->0.0B(136.0M) Survivors: 36.0M->23.0M Heap: 1550.0M(2048.0M)->1457.8M(2048.0M)]
 [Times: user=0.61 sys=0.00, real=0.16 secs] 
27.825: [GC concurrent-string-deduplication, 11.8K->11.8K(0.0B), avg 13.5%, 0.0005924 secs]
   [Last Exec: 0.0005924 secs, Idle: 0.3614569 secs, Blocked: 0/0.0000000 secs]
      [Inspected:           12584]
         [Skipped:              0(  0.0%)]
         [Hashed:             251(  2.0%)]
         [Known:            12333( 98.0%)]
         [New:                251(  2.0%)     11.8K]
      [Deduplicated:            0(  0.0%)      0.0B(  0.0%)]
         [Young:                0(  0.0%)      0.0B(  0.0%)]
         [Old:                  0(  0.0%)      0.0B(  0.0%)]
   [Total Exec: 60/0.0874383 secs, Idle: 60/27.5177576 secs, Blocked: 0/0.0000000 secs]
      [Inspected:          499387]
         [Skipped:              0(  0.0%)]
         [Hashed:           11821(  2.4%)]
         [Known:           486468( 97.4%)]
         [New:              12919(  2.6%)    678.6K]
      [Deduplicated:         1709( 13.2%)     91.5K( 13.5%)]
         [Young:                8(  0.5%)    424.0B(  0.5%)]
         [Old:               1701( 99.5%)     91.1K( 99.5%)]
   [Table]
      [Memory Usage: 326.7K]
      [Size: 8192, Min: 1024, Max: 16777216]
      [Entries: 10937, Load: 133.5%, Cached: 270, Added: 16165, Removed: 5228]
      [Resize Count: 3, Shrink Threshold: 5461(66.7%), Grow Threshold: 16384(200.0%)]
      [Rehash Count: 0, Rehash Threshold: 120, Hash Seed: 0x0]
      [Age Threshold: 3]
   [Queue]
      [Dropped: 0]
27.980: [GC pause (G1 Evacuation Pause) (young), 0.1440231 secs]
   [Parallel Time: 143.4 ms, GC Workers: 4]
      [GC Worker Start (ms): Min: 27979.7, Avg: 27979.7, Max: 27979.7, Diff: 0.0]
      [Ext Root Scanning (ms): Min: 0.2, Avg: 0.2, Max: 0.2, Diff: 0.0, Sum: 0.8]
      [Update RS (ms): Min: 17.8, Avg: 17.9, Max: 18.2, Diff: 0.4, Sum: 71.7]
         [Processed Buffers: Min: 28, Avg: 28.8, Max: 30, Diff: 2, Sum: 115]
      [Scan RS (ms): Min: 10.0, Avg: 10.2, Max: 10.5, Diff: 0.5, Sum: 40.8]
      [Code Root Scanning (ms): Min: 0.0, Avg: 0.0, Max: 0.0, Diff: 0.0, Sum: 0.0]
      [Object Copy (ms): Min: 114.8, Avg: 115.0, Max: 115.2, Diff: 0.4, Sum: 459.9]
      [Termination (ms): Min: 0.0, Avg: 0.0, Max: 0.1, Diff: 0.1, Sum: 0.2]
         [Termination Attempts: Min: 1, Avg: 1.0, Max: 1, Diff: 0, Sum: 4]
      [GC Worker Other (ms): Min: 0.0, Avg: 0.0, Max: 0.0, Diff: 0.0, Sum: 0.0]
      [GC Worker Total (ms): Min: 143.4, Avg: 143.4, Max: 143.4, Diff: 0.0, Sum: 573.4]
      [GC Worker End (ms): Min: 28123.1, Avg: 28123.1, Max: 28123.1, Diff: 0.0]
   [Code Root Fixup: 0.0 ms]
   [Code Root Purge: 0.0 ms]
   [String Dedup Fixup: 0.1 ms, GC Workers: 4]
      [Queue Fixup (ms): Min: 0.0, Avg: 0.0, Max: 0.0, Diff: 0.0, Sum: 0.1]
      [Table Fixup (ms): Min: 0.1, Avg: 0.1, Max: 0.1, Diff: 0.0, Sum: 0.4]
   [Clear CT: 0.1 ms]
   [Other: 0.4 ms]
      [Choose CSet: 0.0 ms]
      [Ref Proc: 0.0 ms]
      [Ref Enq: 0.0 ms]
      [Redirty Cards: 0.1 ms]
      [Humongous Register: 0.0 ms]
      [Humongous Reclaim: 0.0 ms]
      [Free CSet: 0.1 ms]
   [Eden: 136.0M(136.0M)->0.0B(100.0M) Survivors: 23.0M->20.0M Heap: 1593.8M(2048.0M)->1506.4M(2048.0M)]
 [Times: user=0.63 sys=0.00, real=0.14 secs] 
28.124: [GC concurrent-string-deduplication, 10.2K->10128.0B(320.0B), avg 13.3%, 0.0005064 secs]
   [Last Exec: 0.0005064 secs, Idle: 0.2991238 secs, Blocked: 0/0.0000000 secs]
      [Inspected:           10867]
         [Skipped:              0(  0.0%)]
         [Hashed:             217(  2.0%)]
         [Known:            10650( 98.0%)]
         [New:                217(  2.0%)     10.2K]
      [Deduplicated:            6(  2.8%)    320.0B(  3.1%)]
         [Young:                0(  0.0%)      0.0B(  0.0%)]
         [Old:                  6(100.0%)    320.0B(100.0%)]
   [Total Exec: 61/0.0879447 secs, Idle: 61/27.8168814 secs, Blocked: 0/0.0000000 secs]
      [Inspected:          510254]
         [Skipped:              0(  0.0%)]
         [Hashed:           12038(  2.4%)]
         [Known:           497118( 97.4%)]
         [New:              13136(  2.6%)    688.8K]
      [Deduplicated:         1715( 13.1%)     91.9K( 13.3%)]
         [Young:                8(  0.5%)    424.0B(  0.5%)]
         [Old:               1707( 99.5%)     91.4K( 99.5%)]
   [Table]
      [Memory Usage: 326.7K]
      [Size: 8192, Min: 1024, Max: 16777216]
      [Entries: 11148, Load: 136.1%, Cached: 59, Added: 16376, Removed: 5228]
      [Resize Count: 3, Shrink Threshold: 5461(66.7%), Grow Threshold: 16384(200.0%)]
      [Rehash Count: 0, Rehash Threshold: 120, Hash Seed: 0x0]
      [Age Threshold: 3]
   [Queue]
      [Dropped: 0]
28.240: [GC pause (G1 Evacuation Pause) (young), 0.1077674 secs]
   [Parallel Time: 107.2 ms, GC Workers: 4]
      [GC Worker Start (ms): Min: 28240.4, Avg: 28240.4, Max: 28240.4, Diff: 0.0]
      [Ext Root Scanning (ms): Min: 0.2, Avg: 0.2, Max: 0.2, Diff: 0.0, Sum: 0.8]
      [Update RS (ms): Min: 18.8, Avg: 19.0, Max: 19.2, Diff: 0.5, Sum: 75.9]
         [Processed Buffers: Min: 30, Avg: 31.5, Max: 33, Diff: 3, Sum: 126]
      [Scan RS (ms): Min: 4.9, Avg: 5.1, Max: 5.4, Diff: 0.4, Sum: 20.6]
      [Code Root Scanning (ms): Min: 0.0, Avg: 0.0, Max: 0.0, Diff: 0.0, Sum: 0.0]
      [Object Copy (ms): Min: 82.8, Avg: 82.8, Max: 82.8, Diff: 0.0, Sum: 331.3]
      [Termination (ms): Min: 0.0, Avg: 0.0, Max: 0.0, Diff: 0.0, Sum: 0.0]
         [Termination Attempts: Min: 1, Avg: 10.3, Max: 19, Diff: 18, Sum: 41]
      [GC Worker Other (ms): Min: 0.0, Avg: 0.0, Max: 0.0, Diff: 0.0, Sum: 0.1]
      [GC Worker Total (ms): Min: 107.1, Avg: 107.2, Max: 107.2, Diff: 0.0, Sum: 428.6]
      [GC Worker End (ms): Min: 28347.5, Avg: 28347.5, Max: 28347.6, Diff: 0.0]
   [Code Root Fixup: 0.0 ms]
   [Code Root Purge: 0.0 ms]
   [String Dedup Fixup: 0.1 ms, GC Workers: 4]
      [Queue Fixup (ms): Min: 0.0, Avg: 0.0, Max: 0.0, Diff: 0.0, Sum: 0.1]
      [Table Fixup (ms): Min: 0.1, Avg: 0.1, Max: 0.1, Diff: 0.0, Sum: 0.4]
   [Clear CT: 0.0 ms]
   [Other: 0.4 ms]
      [Choose CSet: 0.0 ms]
      [Ref Proc: 0.0 ms]
      [Ref Enq: 0.0 ms]
      [Redirty Cards: 0.1 ms]
      [Humongous Register: 0.0 ms]
      [Humongous Reclaim: 0.0 ms]
      [Free CSet: 0.1 ms]
   [Eden: 100.0M(100.0M)->0.0B(87.0M) Survivors: 20.0M->15.0M Heap: 1606.4M(2048.0M)->1543.8M(2048.0M)]
 [Times: user=0.44 sys=0.00, real=0.11 secs] 
28.349: [GC concurrent-string-deduplication, 10.5K->10.4K(160.0B), avg 13.2%, 0.0006197 secs]
   [Last Exec: 0.0006197 secs, Idle: 0.2238201 secs, Blocked: 0/0.0000000 secs]
      [Inspected:           10814]
         [Skipped:              0(  0.0%)]
         [Hashed:             224(  2.1%)]
         [Known:            10590( 97.9%)]
         [New:                224(  2.1%)     10.5K]
      [Deduplicated:            3(  1.3%)    160.0B(  1.5%)]
         [Young:                0(  0.0%)      0.0B(  0.0%)]
         [Old:                  3(100.0%)    160.0B(100.0%)]
   [Total Exec: 62/0.0885644 secs, Idle: 62/28.0407015 secs, Blocked: 0/0.0000000 secs]
      [Inspected:          521068]
         [Skipped:              0(  0.0%)]
         [Hashed:           12262(  2.4%)]
         [Known:           507708( 97.4%)]
         [New:              13360(  2.6%)    699.3K]
      [Deduplicated:         1718( 12.9%)     92.0K( 13.2%)]
         [Young:                8(  0.5%)    424.0B(  0.4%)]
         [Old:               1710( 99.5%)     91.6K( 99.6%)]
   [Table]
      [Memory Usage: 330.5K]
      [Size: 8192, Min: 1024, Max: 16777216]
      [Entries: 11369, Load: 138.8%, Cached: 0, Added: 16597, Removed: 5228]
      [Resize Count: 3, Shrink Threshold: 5461(66.7%), Grow Threshold: 16384(200.0%)]
      [Rehash Count: 0, Rehash Threshold: 120, Hash Seed: 0x0]
      [Age Threshold: 3]
   [Queue]
      [Dropped: 0]
28.451: [GC pause (G1 Evacuation Pause) (young), 0.0778405 secs]
   [Parallel Time: 77.3 ms, GC Workers: 4]
      [GC Worker Start (ms): Min: 28451.0, Avg: 28451.1, Max: 28451.1, Diff: 0.0]
      [Ext Root Scanning (ms): Min: 0.2, Avg: 0.2, Max: 0.2, Diff: 0.0, Sum: 0.8]
      [Update RS (ms): Min: 31.4, Avg: 31.5, Max: 31.8, Diff: 0.4, Sum: 126.0]
         [Processed Buffers: Min: 49, Avg: 51.3, Max: 54, Diff: 5, Sum: 205]
      [Scan RS (ms): Min: 0.2, Avg: 0.5, Max: 0.6, Diff: 0.4, Sum: 1.8]
      [Code Root Scanning (ms): Min: 0.0, Avg: 0.0, Max: 0.0, Diff: 0.0, Sum: 0.0]
      [Object Copy (ms): Min: 45.0, Avg: 45.1, Max: 45.1, Diff: 0.1, Sum: 180.3]
      [Termination (ms): Min: 0.0, Avg: 0.0, Max: 0.1, Diff: 0.1, Sum: 0.2]
         [Termination Attempts: Min: 20, Avg: 540.8, Max: 782, Diff: 762, Sum: 2163]
      [GC Worker Other (ms): Min: 0.0, Avg: 0.0, Max: 0.0, Diff: 0.0, Sum: 0.0]
      [GC Worker Total (ms): Min: 77.3, Avg: 77.3, Max: 77.3, Diff: 0.0, Sum: 309.2]
      [GC Worker End (ms): Min: 28528.4, Avg: 28528.4, Max: 28528.4, Diff: 0.0]
   [Code Root Fixup: 0.0 ms]
   [Code Root Purge: 0.0 ms]
   [String Dedup Fixup: 0.1 ms, GC Workers: 4]
      [Queue Fixup (ms): Min: 0.0, Avg: 0.0, Max: 0.0, Diff: 0.0, Sum: 0.0]
      [Table Fixup (ms): Min: 0.1, Avg: 0.1, Max: 0.1, Diff: 0.0, Sum: 0.4]
   [Clear CT: 0.0 ms]
   [Other: 0.3 ms]
      [Choose CSet: 0.0 ms]
      [Ref Proc: 0.0 ms]
      [Ref Enq: 0.0 ms]
      [Redirty Cards: 0.1 ms]
      [Humongous Register: 0.0 ms]
      [Humongous Reclaim: 0.0 ms]
      [Free CSet: 0.1 ms]
   [Eden: 87.0M(87.0M)->0.0B(89.0M) Survivors: 15.0M->13.0M Heap: 1630.8M(2048.0M)->1574.8M(2048.0M)]
 [Times: user=0.31 sys=0.00, real=0.08 secs] 
28.529: [GC concurrent-string-deduplication, 2448.0B->2448.0B(0.0B), avg 13.1%, 0.0001299 secs]
   [Last Exec: 0.0001299 secs, Idle: 0.1801014 secs, Blocked: 0/0.0000000 secs]
      [Inspected:            2621]
         [Skipped:              0(  0.0%)]
         [Hashed:              51(  1.9%)]
         [Known:             2570( 98.1%)]
         [New:                 51(  1.9%)   2448.0B]
      [Deduplicated:            0(  0.0%)      0.0B(  0.0%)]
         [Young:                0(  0.0%)      0.0B(  0.0%)]
         [Old:                  0(  0.0%)      0.0B(  0.0%)]
   [Total Exec: 63/0.0886943 secs, Idle: 63/28.2208029 secs, Blocked: 0/0.0000000 secs]
      [Inspected:          523689]
         [Skipped:              0(  0.0%)]
         [Hashed:           12313(  2.4%)]
         [Known:           510278( 97.4%)]
         [New:              13411(  2.6%)    701.7K]
      [Deduplicated:         1718( 12.8%)     92.0K( 13.1%)]
         [Young:                8(  0.5%)    424.0B(  0.4%)]
         [Old:               1710( 99.5%)     91.6K( 99.6%)]
   [Table]
      [Memory Usage: 331.9K]
      [Size: 8192, Min: 1024, Max: 16777216]
      [Entries: 11430, Load: 139.5%, Cached: 0, Added: 16658, Removed: 5228]
      [Resize Count: 3, Shrink Threshold: 5461(66.7%), Grow Threshold: 16384(200.0%)]
      [Rehash Count: 0, Rehash Threshold: 120, Hash Seed: 0x0]
      [Age Threshold: 3]
   [Queue]
      [Dropped: 0]
28.615: [GC pause (G1 Evacuation Pause) (young), 0.0682523 secs]
   [Parallel Time: 67.8 ms, GC Workers: 4]
      [GC Worker Start (ms): Min: 28614.8, Avg: 28614.9, Max: 28615.1, Diff: 0.3]
      [Ext Root Scanning (ms): Min: 0.0, Avg: 0.2, Max: 0.2, Diff: 0.2, Sum: 0.6]
      [Update RS (ms): Min: 15.9, Avg: 16.0, Max: 16.1, Diff: 0.2, Sum: 64.1]
         [Processed Buffers: Min: 30, Avg: 31.0, Max: 32, Diff: 2, Sum: 124]
      [Scan RS (ms): Min: 0.0, Avg: 0.0, Max: 0.1, Diff: 0.1, Sum: 0.1]
      [Code Root Scanning (ms): Min: 0.0, Avg: 0.0, Max: 0.0, Diff: 0.0, Sum: 0.0]
      [Object Copy (ms): Min: 51.4, Avg: 51.4, Max: 51.5, Diff: 0.1, Sum: 205.8]
      [Termination (ms): Min: 0.0, Avg: 0.0, Max: 0.0, Diff: 0.0, Sum: 0.0]
         [Termination Attempts: Min: 23, Avg: 25.5, Max: 28, Diff: 5, Sum: 102]
      [GC Worker Other (ms): Min: 0.0, Avg: 0.0, Max: 0.0, Diff: 0.0, Sum: 0.0]
      [GC Worker Total (ms): Min: 67.4, Avg: 67.7, Max: 67.8, Diff: 0.3, Sum: 270.7]
      [GC Worker End (ms): Min: 28682.6, Avg: 28682.6, Max: 28682.6, Diff: 0.0]
   [Code Root Fixup: 0.0 ms]
   [Code Root Purge: 0.0 ms]
   [String Dedup Fixup: 0.1 ms, GC Workers: 4]
      [Queue Fixup (ms): Min: 0.0, Avg: 0.0, Max: 0.0, Diff: 0.0, Sum: 0.0]
      [Table Fixup (ms): Min: 0.1, Avg: 0.1, Max: 0.1, Diff: 0.0, Sum: 0.4]
   [Clear CT: 0.0 ms]
   [Other: 0.3 ms]
      [Choose CSet: 0.0 ms]
      [Ref Proc: 0.0 ms]
      [Ref Enq: 0.0 ms]
      [Redirty Cards: 0.1 ms]
      [Humongous Register: 0.0 ms]
      [Humongous Reclaim: 0.0 ms]
      [Free CSet: 0.1 ms]
   [Eden: 89.0M(89.0M)->0.0B(89.0M) Survivors: 13.0M->13.0M Heap: 1663.8M(2048.0M)->1607.9M(2048.0M)]
 [Times: user=0.25 sys=0.00, real=0.07 secs] 
28.684: [GC concurrent-string-deduplication, 9088.0B->8928.0B(160.0B), avg 13.0%, 0.0004285 secs]
   [Last Exec: 0.0004285 secs, Idle: 0.1540000 secs, Blocked: 0/0.0000000 secs]
      [Inspected:            8830]
         [Skipped:              0(  0.0%)]
         [Hashed:             189(  2.1%)]
         [Known:             8641( 97.9%)]
         [New:                189(  2.1%)   9088.0B]
      [Deduplicated:            3(  1.6%)    160.0B(  1.8%)]
         [Young:                0(  0.0%)      0.0B(  0.0%)]
         [Old:                  3(100.0%)    160.0B(100.0%)]
   [Total Exec: 64/0.0891228 secs, Idle: 64/28.3748029 secs, Blocked: 0/0.0000000 secs]
      [Inspected:          532519]
         [Skipped:              0(  0.0%)]
         [Hashed:           12502(  2.3%)]
         [Known:           518919( 97.4%)]
         [New:              13600(  2.6%)    710.6K]
      [Deduplicated:         1721( 12.7%)     92.2K( 13.0%)]
         [Young:                8(  0.5%)    424.0B(  0.4%)]
         [Old:               1713( 99.5%)     91.8K( 99.6%)]
   [Table]
      [Memory Usage: 336.3K]
      [Size: 8192, Min: 1024, Max: 16777216]
      [Entries: 11616, Load: 141.8%, Cached: 0, Added: 16844, Removed: 5228]
      [Resize Count: 3, Shrink Threshold: 5461(66.7%), Grow Threshold: 16384(200.0%)]
      [Rehash Count: 0, Rehash Threshold: 120, Hash Seed: 0x0]
      [Age Threshold: 3]
   [Queue]
      [Dropped: 0]
28.762: [GC pause (G1 Evacuation Pause) (young), 0.0608958 secs]
   [Parallel Time: 60.4 ms, GC Workers: 4]
      [GC Worker Start (ms): Min: 28761.9, Avg: 28762.0, Max: 28762.0, Diff: 0.0]
      [Ext Root Scanning (ms): Min: 0.2, Avg: 0.2, Max: 0.2, Diff: 0.0, Sum: 0.8]
      [Update RS (ms): Min: 24.3, Avg: 24.3, Max: 24.4, Diff: 0.2, Sum: 97.3]
         [Processed Buffers: Min: 44, Avg: 45.3, Max: 47, Diff: 3, Sum: 181]
      [Scan RS (ms): Min: 0.0, Avg: 0.0, Max: 0.0, Diff: 0.0, Sum: 0.1]
      [Code Root Scanning (ms): Min: 0.0, Avg: 0.0, Max: 0.0, Diff: 0.0, Sum: 0.0]
      [Object Copy (ms): Min: 35.7, Avg: 35.8, Max: 35.9, Diff: 0.2, Sum: 143.3]
      [Termination (ms): Min: 0.0, Avg: 0.0, Max: 0.0, Diff: 0.0, Sum: 0.0]
         [Termination Attempts: Min: 21, Avg: 24.5, Max: 28, Diff: 7, Sum: 98]
      [GC Worker Other (ms): Min: 0.0, Avg: 0.0, Max: 0.0, Diff: 0.0, Sum: 0.0]
      [GC Worker Total (ms): Min: 60.4, Avg: 60.4, Max: 60.4, Diff: 0.0, Sum: 241.6]
      [GC Worker End (ms): Min: 28822.3, Avg: 28822.3, Max: 28822.3, Diff: 0.0]
   [Code Root Fixup: 0.0 ms]
   [Code Root Purge: 0.0 ms]
   [String Dedup Fixup: 0.1 ms, GC Workers: 4]
      [Queue Fixup (ms): Min: 0.0, Avg: 0.0, Max: 0.0, Diff: 0.0, Sum: 0.0]
      [Table Fixup (ms): Min: 0.1, Avg: 0.1, Max: 0.1, Diff: 0.0, Sum: 0.5]
   [Clear CT: 0.0 ms]
   [Other: 0.3 ms]
      [Choose CSet: 0.0 ms]
      [Ref Proc: 0.0 ms]
      [Ref Enq: 0.0 ms]
      [Redirty Cards: 0.1 ms]
      [Humongous Register: 0.0 ms]
      [Humongous Reclaim: 0.0 ms]
      [Free CSet: 0.1 ms]
   [Eden: 89.0M(89.0M)->0.0B(89.0M) Survivors: 13.0M->13.0M Heap: 1696.9M(2048.0M)->1641.3M(2048.0M)]
 [Times: user=0.19 sys=0.00, real=0.06 secs] 
28.823: [GC concurrent-string-deduplication, 2368.0B->2208.0B(160.0B), avg 13.0%, 0.0001068 secs]
   [Last Exec: 0.0001068 secs, Idle: 0.1393063 secs, Blocked: 0/0.0000000 secs]
      [Inspected:            2118]
         [Skipped:              0(  0.0%)]
         [Hashed:              49(  2.3%)]
         [Known:             2069( 97.7%)]
         [New:                 49(  2.3%)   2368.0B]
      [Deduplicated:            3(  6.1%)    160.0B(  6.8%)]
         [Young:                0(  0.0%)      0.0B(  0.0%)]
         [Old:                  3(100.0%)    160.0B(100.0%)]
   [Total Exec: 65/0.0892296 secs, Idle: 65/28.5141092 secs, Blocked: 0/0.0000000 secs]
      [Inspected:          534637]
         [Skipped:              0(  0.0%)]
         [Hashed:           12551(  2.3%)]
         [Known:           520988( 97.4%)]
         [New:              13649(  2.6%)    712.9K]
      [Deduplicated:         1724( 12.6%)     92.3K( 13.0%)]
         [Young:                8(  0.5%)    424.0B(  0.4%)]
         [Old:               1716( 99.5%)     91.9K( 99.6%)]
   [Table]
      [Memory Usage: 337.3K]
      [Size: 8192, Min: 1024, Max: 16777216]
      [Entries: 11662, Load: 142.4%, Cached: 0, Added: 16890, Removed: 5228]
      [Resize Count: 3, Shrink Threshold: 5461(66.7%), Grow Threshold: 16384(200.0%)]
      [Rehash Count: 0, Rehash Threshold: 120, Hash Seed: 0x0]
      [Age Threshold: 3]
   [Queue]
      [Dropped: 0]
28.902: [GC pause (G1 Evacuation Pause) (young), 0.0833344 secs]
   [Parallel Time: 82.8 ms, GC Workers: 4]
      [GC Worker Start (ms): Min: 28901.6, Avg: 28901.7, Max: 28901.7, Diff: 0.0]
      [Ext Root Scanning (ms): Min: 0.2, Avg: 0.2, Max: 0.2, Diff: 0.0, Sum: 0.8]
      [Update RS (ms): Min: 17.1, Avg: 17.2, Max: 17.3, Diff: 0.3, Sum: 68.7]
         [Processed Buffers: Min: 29, Avg: 30.5, Max: 32, Diff: 3, Sum: 122]
      [Scan RS (ms): Min: 0.5, Avg: 0.6, Max: 0.8, Diff: 0.3, Sum: 2.6]
      [Code Root Scanning (ms): Min: 0.0, Avg: 0.0, Max: 0.0, Diff: 0.0, Sum: 0.0]
      [Object Copy (ms): Min: 64.8, Avg: 64.8, Max: 64.8, Diff: 0.0, Sum: 259.0]
      [Termination (ms): Min: 0.0, Avg: 0.0, Max: 0.0, Diff: 0.0, Sum: 0.0]
         [Termination Attempts: Min: 5, Avg: 8.3, Max: 12, Diff: 7, Sum: 33]
      [GC Worker Other (ms): Min: 0.0, Avg: 0.0, Max: 0.0, Diff: 0.0, Sum: 0.0]
      [GC Worker Total (ms): Min: 82.8, Avg: 82.8, Max: 82.8, Diff: 0.0, Sum: 331.2]
      [GC Worker End (ms): Min: 28984.4, Avg: 28984.4, Max: 28984.4, Diff: 0.0]
   [Code Root Fixup: 0.0 ms]
   [Code Root Purge: 0.0 ms]
   [String Dedup Fixup: 0.2 ms, GC Workers: 4]
      [Queue Fixup (ms): Min: 0.0, Avg: 0.0, Max: 0.0, Diff: 0.0, Sum: 0.0]
      [Table Fixup (ms): Min: 0.1, Avg: 0.1, Max: 0.2, Diff: 0.1, Sum: 0.6]
   [Clear CT: 0.0 ms]
   [Other: 0.3 ms]
      [Choose CSet: 0.0 ms]
      [Ref Proc: 0.0 ms]
      [Ref Enq: 0.0 ms]
      [Redirty Cards: 0.1 ms]
      [Humongous Register: 0.0 ms]
      [Humongous Reclaim: 0.0 ms]
      [Free CSet: 0.1 ms]
   [Eden: 89.0M(89.0M)->0.0B(89.0M) Survivors: 13.0M->13.0M Heap: 1730.3M(2048.0M)->1671.8M(2048.0M)]
 [Times: user=0.38 sys=0.00, real=0.08 secs] 
28.985: [GC concurrent-string-deduplication, 8048.0B->7728.0B(320.0B), avg 12.9%, 0.0003839 secs]
   [Last Exec: 0.0003839 secs, Idle: 0.1619784 secs, Blocked: 0/0.0000000 secs]
      [Inspected:            8006]
         [Skipped:              0(  0.0%)]
         [Hashed:             167(  2.1%)]
         [Known:             7839( 97.9%)]
         [New:                167(  2.1%)   8048.0B]
      [Deduplicated:            6(  3.6%)    320.0B(  4.0%)]
         [Young:                0(  0.0%)      0.0B(  0.0%)]
         [Old:                  6(100.0%)    320.0B(100.0%)]
   [Total Exec: 66/0.0896135 secs, Idle: 66/28.6760875 secs, Blocked: 0/0.0000000 secs]
      [Inspected:          542643]
         [Skipped:              0(  0.0%)]
         [Hashed:           12718(  2.3%)]
         [Known:           528827( 97.5%)]
         [New:              13816(  2.5%)    720.7K]
      [Deduplicated:         1730( 12.5%)     92.6K( 12.9%)]
         [Young:                8(  0.5%)    424.0B(  0.4%)]
         [Old:               1722( 99.5%)     92.2K( 99.6%)]
   [Table]
      [Memory Usage: 341.1K]
      [Size: 8192, Min: 1024, Max: 16777216]
      [Entries: 11823, Load: 144.3%, Cached: 0, Added: 17051, Removed: 5228]
      [Resize Count: 3, Shrink Threshold: 5461(66.7%), Grow Threshold: 16384(200.0%)]
      [Rehash Count: 0, Rehash Threshold: 120, Hash Seed: 0x0]
      [Age Threshold: 3]
   [Queue]
      [Dropped: 0]
29.065: [GC pause (G1 Evacuation Pause) (young), 0.0597277 secs]
   [Parallel Time: 59.2 ms, GC Workers: 4]
      [GC Worker Start (ms): Min: 29065.3, Avg: 29065.3, Max: 29065.5, Diff: 0.2]
      [Ext Root Scanning (ms): Min: 0.0, Avg: 0.2, Max: 0.2, Diff: 0.2, Sum: 0.7]
      [Update RS (ms): Min: 18.2, Avg: 18.4, Max: 18.8, Diff: 0.6, Sum: 73.7]
         [Processed Buffers: Min: 31, Avg: 33.3, Max: 34, Diff: 3, Sum: 133]
      [Scan RS (ms): Min: 0.0, Avg: 0.0, Max: 0.1, Diff: 0.1, Sum: 0.1]
      [Code Root Scanning (ms): Min: 0.0, Avg: 0.0, Max: 0.0, Diff: 0.0, Sum: 0.0]
      [Object Copy (ms): Min: 40.2, Avg: 40.5, Max: 40.8, Diff: 0.6, Sum: 162.1]
      [Termination (ms): Min: 0.0, Avg: 0.0, Max: 0.0, Diff: 0.0, Sum: 0.0]
         [Termination Attempts: Min: 1, Avg: 1.8, Max: 2, Diff: 1, Sum: 7]
      [GC Worker Other (ms): Min: 0.0, Avg: 0.0, Max: 0.0, Diff: 0.0, Sum: 0.0]
      [GC Worker Total (ms): Min: 59.0, Avg: 59.2, Max: 59.2, Diff: 0.2, Sum: 236.7]
      [GC Worker End (ms): Min: 29124.5, Avg: 29124.5, Max: 29124.5, Diff: 0.0]
   [Code Root Fixup: 0.0 ms]
   [Code Root Purge: 0.0 ms]
   [String Dedup Fixup: 0.1 ms, GC Workers: 4]
      [Queue Fixup (ms): Min: 0.0, Avg: 0.0, Max: 0.0, Diff: 0.0, Sum: 0.0]
      [Table Fixup (ms): Min: 0.1, Avg: 0.1, Max: 0.1, Diff: 0.0, Sum: 0.5]
   [Clear CT: 0.0 ms]
   [Other: 0.3 ms]
      [Choose CSet: 0.0 ms]
      [Ref Proc: 0.0 ms]
      [Ref Enq: 0.0 ms]
      [Redirty Cards: 0.1 ms]
      [Humongous Register: 0.0 ms]
      [Humongous Reclaim: 0.0 ms]
      [Free CSet: 0.1 ms]
   [Eden: 89.0M(89.0M)->0.0B(89.0M) Survivors: 13.0M->13.0M Heap: 1760.8M(2048.0M)->1705.8M(2048.0M)]
 [Times: user=0.25 sys=0.00, real=0.06 secs] 
29.125: [GC concurrent-string-deduplication, 2496.0B->2496.0B(0.0B), avg 12.8%, 0.0001196 secs]
   [Last Exec: 0.0001196 secs, Idle: 0.1395969 secs, Blocked: 0/0.0000000 secs]
      [Inspected:            2371]
         [Skipped:              0(  0.0%)]
         [Hashed:              52(  2.2%)]
         [Known:             2319( 97.8%)]
         [New:                 52(  2.2%)   2496.0B]
      [Deduplicated:            0(  0.0%)      0.0B(  0.0%)]
         [Young:                0(  0.0%)      0.0B(  0.0%)]
         [Old:                  0(  0.0%)      0.0B(  0.0%)]
   [Total Exec: 67/0.0897332 secs, Idle: 67/28.8156844 secs, Blocked: 0/0.0000000 secs]
      [Inspected:          545014]
         [Skipped:              0(  0.0%)]
         [Hashed:           12770(  2.3%)]
         [Known:           531146( 97.5%)]
         [New:              13868(  2.5%)    723.2K]
      [Deduplicated:         1730( 12.5%)     92.6K( 12.8%)]
         [Young:                8(  0.5%)    424.0B(  0.4%)]
         [Old:               1722( 99.5%)     92.2K( 99.6%)]
   [Table]
      [Memory Usage: 342.3K]
      [Size: 8192, Min: 1024, Max: 16777216]
      [Entries: 11875, Load: 145.0%, Cached: 0, Added: 17103, Removed: 5228]
      [Resize Count: 3, Shrink Threshold: 5461(66.7%), Grow Threshold: 16384(200.0%)]
      [Rehash Count: 0, Rehash Threshold: 120, Hash Seed: 0x0]
      [Age Threshold: 3]
   [Queue]
      [Dropped: 0]
29.203: [GC pause (G1 Evacuation Pause) (young), 0.0828312 secs]
   [Parallel Time: 82.3 ms, GC Workers: 4]
      [GC Worker Start (ms): Min: 29203.2, Avg: 29203.2, Max: 29203.3, Diff: 0.0]
      [Ext Root Scanning (ms): Min: 0.2, Avg: 0.2, Max: 0.2, Diff: 0.0, Sum: 0.8]
      [Update RS (ms): Min: 20.7, Avg: 20.8, Max: 21.0, Diff: 0.3, Sum: 83.2]
         [Processed Buffers: Min: 35, Avg: 36.5, Max: 37, Diff: 2, Sum: 146]
      [Scan RS (ms): Min: 0.0, Avg: 0.0, Max: 0.1, Diff: 0.1, Sum: 0.1]
      [Code Root Scanning (ms): Min: 0.0, Avg: 0.0, Max: 0.0, Diff: 0.0, Sum: 0.0]
      [Object Copy (ms): Min: 61.1, Avg: 61.3, Max: 61.3, Diff: 0.3, Sum: 245.1]
      [Termination (ms): Min: 0.0, Avg: 0.0, Max: 0.0, Diff: 0.0, Sum: 0.0]
         [Termination Attempts: Min: 1, Avg: 1.0, Max: 1, Diff: 0, Sum: 4]
      [GC Worker Other (ms): Min: 0.0, Avg: 0.0, Max: 0.0, Diff: 0.0, Sum: 0.0]
      [GC Worker Total (ms): Min: 82.3, Avg: 82.3, Max: 82.3, Diff: 0.0, Sum: 329.2]
      [GC Worker End (ms): Min: 29285.5, Avg: 29285.5, Max: 29285.5, Diff: 0.0]
   [Code Root Fixup: 0.0 ms]
   [Code Root Purge: 0.0 ms]
   [String Dedup Fixup: 0.1 ms, GC Workers: 4]
      [Queue Fixup (ms): Min: 0.0, Avg: 0.0, Max: 0.0, Diff: 0.0, Sum: 0.0]
      [Table Fixup (ms): Min: 0.1, Avg: 0.1, Max: 0.1, Diff: 0.0, Sum: 0.5]
   [Clear CT: 0.0 ms]
   [Other: 0.3 ms]
      [Choose CSet: 0.0 ms]
      [Ref Proc: 0.0 ms]
      [Ref Enq: 0.0 ms]
      [Redirty Cards: 0.1 ms]
      [Humongous Register: 0.0 ms]
      [Humongous Reclaim: 0.0 ms]
      [Free CSet: 0.1 ms]
   [Eden: 89.0M(89.0M)->0.0B(89.0M) Survivors: 13.0M->13.0M Heap: 1794.8M(2048.0M)->1738.2M(2048.0M)]
 [Times: user=0.31 sys=0.00, real=0.08 secs] 
29.286: [GC concurrent-string-deduplication, 6416.0B->6096.0B(320.0B), avg 12.7%, 0.0003143 secs]
   [Last Exec: 0.0003143 secs, Idle: 0.1608981 secs, Blocked: 0/0.0000000 secs]
      [Inspected:            6543]
         [Skipped:              0(  0.0%)]
         [Hashed:             133(  2.0%)]
         [Known:             6410( 98.0%)]
         [New:                133(  2.0%)   6416.0B]
      [Deduplicated:            6(  4.5%)    320.0B(  5.0%)]
         [Young:                0(  0.0%)      0.0B(  0.0%)]
         [Old:                  6(100.0%)    320.0B(100.0%)]
   [Total Exec: 68/0.0900475 secs, Idle: 68/28.9765825 secs, Blocked: 0/0.0000000 secs]
      [Inspected:          551557]
         [Skipped:              0(  0.0%)]
         [Hashed:           12903(  2.3%)]
         [Known:           537556( 97.5%)]
         [New:              14001(  2.5%)    729.4K]
      [Deduplicated:         1736( 12.4%)     93.0K( 12.7%)]
         [Young:                8(  0.5%)    424.0B(  0.4%)]
         [Old:               1728( 99.5%)     92.5K( 99.6%)]
   [Table]
      [Memory Usage: 345.3K]
      [Size: 8192, Min: 1024, Max: 16777216]
      [Entries: 12002, Load: 146.5%, Cached: 0, Added: 17230, Removed: 5228]
      [Resize Count: 3, Shrink Threshold: 5461(66.7%), Grow Threshold: 16384(200.0%)]
      [Rehash Count: 0, Rehash Threshold: 120, Hash Seed: 0x0]
      [Age Threshold: 3]
   [Queue]
      [Dropped: 0]
29.373: [GC pause (G1 Evacuation Pause) (young) (to-space exhausted), 0.1255533 secs]
   [Parallel Time: 117.2 ms, GC Workers: 4]
      [GC Worker Start (ms): Min: 29372.9, Avg: 29372.9, Max: 29372.9, Diff: 0.0]
      [Ext Root Scanning (ms): Min: 0.2, Avg: 0.2, Max: 0.2, Diff: 0.0, Sum: 0.8]
      [Update RS (ms): Min: 33.2, Avg: 33.3, Max: 33.4, Diff: 0.2, Sum: 133.2]
         [Processed Buffers: Min: 53, Avg: 55.3, Max: 57, Diff: 4, Sum: 221]
      [Scan RS (ms): Min: 0.0, Avg: 0.0, Max: 0.0, Diff: 0.0, Sum: 0.0]
      [Code Root Scanning (ms): Min: 0.0, Avg: 0.0, Max: 0.0, Diff: 0.0, Sum: 0.0]
      [Object Copy (ms): Min: 83.5, Avg: 83.6, Max: 83.7, Diff: 0.2, Sum: 334.3]
      [Termination (ms): Min: 0.0, Avg: 0.0, Max: 0.0, Diff: 0.0, Sum: 0.1]
         [Termination Attempts: Min: 9, Avg: 225.0, Max: 309, Diff: 300, Sum: 900]
      [GC Worker Other (ms): Min: 0.0, Avg: 0.0, Max: 0.0, Diff: 0.0, Sum: 0.0]
      [GC Worker Total (ms): Min: 117.1, Avg: 117.1, Max: 117.1, Diff: 0.0, Sum: 468.5]
      [GC Worker End (ms): Min: 29490.0, Avg: 29490.0, Max: 29490.0, Diff: 0.0]
   [Code Root Fixup: 0.0 ms]
   [Code Root Purge: 0.0 ms]
   [String Dedup Fixup: 0.2 ms, GC Workers: 4]
      [Queue Fixup (ms): Min: 0.0, Avg: 0.0, Max: 0.0, Diff: 0.0, Sum: 0.1]
      [Table Fixup (ms): Min: 0.1, Avg: 0.1, Max: 0.1, Diff: 0.0, Sum: 0.5]
   [Clear CT: 0.1 ms]
   [Other: 8.1 ms]
      [Evacuation Failure: 7.7 ms]
      [Choose CSet: 0.0 ms]
      [Ref Proc: 0.1 ms]
      [Ref Enq: 0.0 ms]
      [Redirty Cards: 0.1 ms]
      [Humongous Register: 0.0 ms]
      [Humongous Reclaim: 0.0 ms]
      [Free CSet: 0.1 ms]
   [Eden: 89.0M(89.0M)->0.0B(90.0M) Survivors: 13.0M->12.0M Heap: 1827.2M(2048.0M)->1811.5M(2048.0M)]
 [Times: user=0.34 sys=0.00, real=0.13 secs] 
29.499: [GC concurrent-string-deduplication, 4416.0B->4416.0B(0.0B), avg 12.7%, 0.0002553 secs]
   [Last Exec: 0.0002553 secs, Idle: 0.2120384 secs, Blocked: 0/0.0000000 secs]
      [Inspected:            5207]
         [Skipped:              0(  0.0%)]
         [Hashed:              92(  1.8%)]
         [Known:             5115( 98.2%)]
         [New:                 92(  1.8%)   4416.0B]
      [Deduplicated:            0(  0.0%)      0.0B(  0.0%)]
         [Young:                0(  0.0%)      0.0B(  0.0%)]
         [Old:                  0(  0.0%)      0.0B(  0.0%)]
   [Total Exec: 69/0.0903028 secs, Idle: 69/29.1886209 secs, Blocked: 0/0.0000000 secs]
      [Inspected:          556764]
         [Skipped:              0(  0.0%)]
         [Hashed:           12995(  2.3%)]
         [Known:           542671( 97.5%)]
         [New:              14093(  2.5%)    733.8K]
      [Deduplicated:         1736( 12.3%)     93.0K( 12.7%)]
         [Young:                8(  0.5%)    424.0B(  0.4%)]
         [Old:               1728( 99.5%)     92.5K( 99.6%)]
   [Table]
      [Memory Usage: 347.6K]
      [Size: 8192, Min: 1024, Max: 16777216]
      [Entries: 12100, Load: 147.7%, Cached: 0, Added: 17328, Removed: 5228]
      [Resize Count: 3, Shrink Threshold: 5461(66.7%), Grow Threshold: 16384(200.0%)]
      [Rehash Count: 0, Rehash Threshold: 120, Hash Seed: 0x0]
      [Age Threshold: 3]
   [Queue]
      [Dropped: 0]
29.551: [GC pause (G1 Evacuation Pause) (young) (to-space exhausted), 0.0894775 secs]
   [Parallel Time: 79.8 ms, GC Workers: 4]
      [GC Worker Start (ms): Min: 29551.4, Avg: 29551.4, Max: 29551.5, Diff: 0.0]
      [Ext Root Scanning (ms): Min: 0.2, Avg: 0.2, Max: 0.2, Diff: 0.0, Sum: 0.8]
      [Update RS (ms): Min: 8.7, Avg: 13.6, Max: 15.3, Diff: 6.6, Sum: 54.5]
         [Processed Buffers: Min: 19, Avg: 29.8, Max: 37, Diff: 18, Sum: 119]
      [Scan RS (ms): Min: 4.3, Avg: 4.6, Max: 4.7, Diff: 0.4, Sum: 18.3]
      [Code Root Scanning (ms): Min: 0.0, Avg: 0.0, Max: 0.0, Diff: 0.0, Sum: 0.0]
      [Object Copy (ms): Min: 58.3, Avg: 60.7, Max: 65.9, Diff: 7.5, Sum: 242.8]
      [Termination (ms): Min: 0.0, Avg: 0.7, Max: 1.3, Diff: 1.3, Sum: 2.7]
         [Termination Attempts: Min: 1, Avg: 1.3, Max: 2, Diff: 1, Sum: 5]
      [GC Worker Other (ms): Min: 0.0, Avg: 0.0, Max: 0.0, Diff: 0.0, Sum: 0.0]
      [GC Worker Total (ms): Min: 79.8, Avg: 79.8, Max: 79.8, Diff: 0.0, Sum: 319.0]
      [GC Worker End (ms): Min: 29631.2, Avg: 29631.2, Max: 29631.2, Diff: 0.0]
   [Code Root Fixup: 0.0 ms]
   [Code Root Purge: 0.0 ms]
   [String Dedup Fixup: 0.1 ms, GC Workers: 4]
      [Queue Fixup (ms): Min: 0.0, Avg: 0.0, Max: 0.0, Diff: 0.0, Sum: 0.0]
      [Table Fixup (ms): Min: 0.1, Avg: 0.1, Max: 0.1, Diff: 0.0, Sum: 0.5]
   [Clear CT: 0.0 ms]
   [Other: 9.5 ms]
      [Evacuation Failure: 9.2 ms]
      [Choose CSet: 0.0 ms]
      [Ref Proc: 0.0 ms]
      [Ref Enq: 0.0 ms]
      [Redirty Cards: 0.1 ms]
      [Humongous Register: 0.0 ms]
      [Humongous Reclaim: 0.0 ms]
      [Free CSet: 0.1 ms]
   [Eden: 36.0M(90.0M)->0.0B(102.0M) Survivors: 12.0M->0.0B Heap: 1847.5M(2048.0M)->1843.5M(2048.0M)]
 [Times: user=0.22 sys=0.00, real=0.09 secs] 
29.657: [GC pause (G1 Evacuation Pause) (young) (to-space exhausted), 0.0226888 secs]
   [Parallel Time: 21.6 ms, GC Workers: 4]
      [GC Worker Start (ms): Min: 29656.8, Avg: 29656.8, Max: 29656.9, Diff: 0.0]
      [Ext Root Scanning (ms): Min: 0.2, Avg: 0.2, Max: 0.2, Diff: 0.0, Sum: 0.8]
      [Update RS (ms): Min: 18.6, Avg: 18.9, Max: 19.1, Diff: 0.5, Sum: 75.5]
         [Processed Buffers: Min: 38, Avg: 41.3, Max: 45, Diff: 7, Sum: 165]
      [Scan RS (ms): Min: 0.0, Avg: 0.0, Max: 0.0, Diff: 0.0, Sum: 0.0]
      [Code Root Scanning (ms): Min: 0.0, Avg: 0.0, Max: 0.0, Diff: 0.0, Sum: 0.0]
      [Object Copy (ms): Min: 1.7, Avg: 2.1, Max: 2.6, Diff: 0.9, Sum: 8.4]
      [Termination (ms): Min: 0.0, Avg: 0.4, Max: 0.8, Diff: 0.8, Sum: 1.4]
         [Termination Attempts: Min: 1, Avg: 1.0, Max: 1, Diff: 0, Sum: 4]
      [GC Worker Other (ms): Min: 0.0, Avg: 0.0, Max: 0.0, Diff: 0.0, Sum: 0.0]
      [GC Worker Total (ms): Min: 21.5, Avg: 21.5, Max: 21.5, Diff: 0.0, Sum: 86.1]
      [GC Worker End (ms): Min: 29678.4, Avg: 29678.4, Max: 29678.4, Diff: 0.0]
   [Code Root Fixup: 0.0 ms]
   [Code Root Purge: 0.0 ms]
   [String Dedup Fixup: 0.1 ms, GC Workers: 4]
      [Queue Fixup (ms): Min: 0.0, Avg: 0.0, Max: 0.0, Diff: 0.0, Sum: 0.0]
      [Table Fixup (ms): Min: 0.1, Avg: 0.1, Max: 0.1, Diff: 0.0, Sum: 0.4]
   [Clear CT: 0.0 ms]
   [Other: 1.0 ms]
      [Evacuation Failure: 0.8 ms]
      [Choose CSet: 0.0 ms]
      [Ref Proc: 0.0 ms]
      [Ref Enq: 0.0 ms]
      [Redirty Cards: 0.0 ms]
      [Humongous Register: 0.0 ms]
      [Humongous Reclaim: 0.0 ms]
      [Free CSet: 0.0 ms]
   [Eden: 4096.0K(102.0M)->0.0B(102.0M) Survivors: 0.0B->0.0B Heap: 1847.5M(2048.0M)->1847.5M(2048.0M)]
 [Times: user=0.06 sys=0.00, real=0.02 secs] 
29.680: [Full GC (Allocation Failure)  1847M->1210M(2048M), 1.6702603 secs]
   [Eden: 0.0B(102.0M)->0.0B(328.0M) Survivors: 0.0B->0.0B Heap: 1847.5M(2048.0M)->1210.4M(2048.0M)], [Metaspace: 9172K->9172K(1058816K)]
 [Times: user=3.30 sys=0.02, real=1.67 secs] 
31.350: [GC concurrent-mark-abort]
31.640: [GC pause (G1 Evacuation Pause) (young), 0.1452791 secs]
   [Parallel Time: 144.5 ms, GC Workers: 4]
      [GC Worker Start (ms): Min: 31640.5, Avg: 31640.5, Max: 31640.5, Diff: 0.1]
      [Ext Root Scanning (ms): Min: 0.2, Avg: 0.2, Max: 0.2, Diff: 0.1, Sum: 0.8]
      [Update RS (ms): Min: 0.0, Avg: 0.0, Max: 0.1, Diff: 0.1, Sum: 0.1]
         [Processed Buffers: Min: 0, Avg: 0.8, Max: 1, Diff: 1, Sum: 3]
      [Scan RS (ms): Min: 0.0, Avg: 0.0, Max: 0.1, Diff: 0.0, Sum: 0.2]
      [Code Root Scanning (ms): Min: 0.0, Avg: 0.0, Max: 0.0, Diff: 0.0, Sum: 0.0]
      [Object Copy (ms): Min: 144.1, Avg: 144.1, Max: 144.1, Diff: 0.1, Sum: 576.3]
      [Termination (ms): Min: 0.0, Avg: 0.0, Max: 0.1, Diff: 0.1, Sum: 0.2]
         [Termination Attempts: Min: 1, Avg: 5.8, Max: 10, Diff: 9, Sum: 23]
      [GC Worker Other (ms): Min: 0.0, Avg: 0.0, Max: 0.0, Diff: 0.0, Sum: 0.0]
      [GC Worker Total (ms): Min: 144.4, Avg: 144.4, Max: 144.5, Diff: 0.1, Sum: 577.7]
      [GC Worker End (ms): Min: 31784.9, Avg: 31784.9, Max: 31784.9, Diff: 0.0]
   [Code Root Fixup: 0.0 ms]
   [Code Root Purge: 0.0 ms]
   [String Dedup Fixup: 0.2 ms, GC Workers: 4]
      [Queue Fixup (ms): Min: 0.0, Avg: 0.0, Max: 0.0, Diff: 0.0, Sum: 0.1]
      [Table Fixup (ms): Min: 0.0, Avg: 0.1, Max: 0.1, Diff: 0.1, Sum: 0.4]
   [Clear CT: 0.1 ms]
   [Other: 0.5 ms]
      [Choose CSet: 0.0 ms]
      [Ref Proc: 0.1 ms]
      [Ref Enq: 0.0 ms]
      [Redirty Cards: 0.2 ms]
      [Humongous Register: 0.0 ms]
      [Humongous Reclaim: 0.0 ms]
      [Free CSet: 0.2 ms]
   [Eden: 328.0M(328.0M)->0.0B(235.0M) Survivors: 0.0B->41.0M Heap: 1538.4M(2048.0M)->1328.1M(2048.0M)]
 [Times: user=0.56 sys=0.00, real=0.15 secs] 
31.786: [GC concurrent-string-deduplication, 12.9K->12.9K(0.0B), avg 12.4%, 0.0006723 secs]
   [Last Exec: 0.0006723 secs, Idle: 2.2869701 secs, Blocked: 0/0.0000000 secs]
      [Inspected:           14167]
         [Skipped:              0(  0.0%)]
         [Hashed:             275(  1.9%)]
         [Known:            13892( 98.1%)]
         [New:                275(  1.9%)     12.9K]
      [Deduplicated:            0(  0.0%)      0.0B(  0.0%)]
         [Young:                0(  0.0%)      0.0B(  0.0%)]
         [Old:                  0(  0.0%)      0.0B(  0.0%)]
   [Total Exec: 70/0.0909751 secs, Idle: 70/31.4755910 secs, Blocked: 0/0.0000000 secs]
      [Inspected:          570931]
         [Skipped:              0(  0.0%)]
         [Hashed:           13270(  2.3%)]
         [Known:           556563( 97.5%)]
         [New:              14368(  2.5%)    746.6K]
      [Deduplicated:         1736( 12.1%)     93.0K( 12.4%)]
         [Young:                8(  0.5%)    424.0B(  0.4%)]
         [Old:               1728( 99.5%)     92.5K( 99.6%)]
   [Table]
      [Memory Usage: 324.0K]
      [Size: 8192, Min: 1024, Max: 16777216]
      [Entries: 10273, Load: 125.4%, Cached: 819, Added: 17616, Removed: 7343]
      [Resize Count: 3, Shrink Threshold: 5461(66.7%), Grow Threshold: 16384(200.0%)]
      [Rehash Count: 0, Rehash Threshold: 120, Hash Seed: 0x0]
      [Age Threshold: 3]
   [Queue]
      [Dropped: 0]
32.008: [GC pause (G1 Evacuation Pause) (young) (initial-mark), 0.2050222 secs]
   [Parallel Time: 204.1 ms, GC Workers: 4]
      [GC Worker Start (ms): Min: 32008.6, Avg: 32008.6, Max: 32008.7, Diff: 0.1]
      [Ext Root Scanning (ms): Min: 0.2, Avg: 0.2, Max: 0.3, Diff: 0.1, Sum: 1.0]
      [Update RS (ms): Min: 20.6, Avg: 20.8, Max: 20.9, Diff: 0.3, Sum: 83.2]
         [Processed Buffers: Min: 34, Avg: 35.5, Max: 38, Diff: 4, Sum: 142]
      [Scan RS (ms): Min: 9.3, Avg: 9.4, Max: 9.6, Diff: 0.3, Sum: 37.7]
      [Code Root Scanning (ms): Min: 0.0, Avg: 0.0, Max: 0.0, Diff: 0.0, Sum: 0.0]
      [Object Copy (ms): Min: 173.5, Avg: 173.5, Max: 173.5, Diff: 0.0, Sum: 693.9]
      [Termination (ms): Min: 0.0, Avg: 0.0, Max: 0.0, Diff: 0.0, Sum: 0.0]
         [Termination Attempts: Min: 5, Avg: 111.8, Max: 163, Diff: 158, Sum: 447]
      [GC Worker Other (ms): Min: 0.0, Avg: 0.0, Max: 0.0, Diff: 0.0, Sum: 0.1]
      [GC Worker Total (ms): Min: 204.0, Avg: 204.0, Max: 204.0, Diff: 0.1, Sum: 816.0]
      [GC Worker End (ms): Min: 32212.6, Avg: 32212.6, Max: 32212.6, Diff: 0.0]
   [Code Root Fixup: 0.0 ms]
   [Code Root Purge: 0.0 ms]
   [String Dedup Fixup: 0.1 ms, GC Workers: 4]
      [Queue Fixup (ms): Min: 0.0, Avg: 0.0, Max: 0.0, Diff: 0.0, Sum: 0.1]
      [Table Fixup (ms): Min: 0.1, Avg: 0.1, Max: 0.1, Diff: 0.0, Sum: 0.4]
   [Clear CT: 0.1 ms]
   [Other: 0.7 ms]
      [Choose CSet: 0.0 ms]
      [Ref Proc: 0.0 ms]
      [Ref Enq: 0.0 ms]
      [Redirty Cards: 0.2 ms]
      [Humongous Register: 0.0 ms]
      [Humongous Reclaim: 0.0 ms]
      [Free CSet: 0.2 ms]
   [Eden: 235.0M(235.0M)->0.0B(133.0M) Survivors: 41.0M->35.0M Heap: 1563.1M(2048.0M)->1413.4M(2048.0M)]
 [Times: user=0.81 sys=0.00, real=0.21 secs] 
32.214: [GC concurrent-root-region-scan-start]
32.214: [GC concurrent-string-deduplication, 16.4K->16.1K(320.0B), avg 12.2%, 0.0008400 secs]
   [Last Exec: 0.0008400 secs, Idle: 0.4270442 secs, Blocked: 0/0.0000000 secs]
      [Inspected:           17628]
         [Skipped:              0(  0.0%)]
         [Hashed:             350(  2.0%)]
         [Known:            17278( 98.0%)]
         [New:                350(  2.0%)     16.4K]
      [Deduplicated:            6(  1.7%)    320.0B(  1.9%)]
         [Young:                0(  0.0%)      0.0B(  0.0%)]
         [Old:                  6(100.0%)    320.0B(100.0%)]
   [Total Exec: 71/0.0918151 secs, Idle: 71/31.9026352 secs, Blocked: 0/0.0000000 secs]
      [Inspected:          588559]
         [Skipped:              0(  0.0%)]
         [Hashed:           13620(  2.3%)]
         [Known:           573841( 97.5%)]
         [New:              14718(  2.5%)    763.1K]
      [Deduplicated:         1742( 11.8%)     93.3K( 12.2%)]
         [Young:                8(  0.5%)    424.0B(  0.4%)]
         [Old:               1734( 99.5%)     92.9K( 99.6%)]
   [Table]
      [Memory Usage: 324.0K]
      [Size: 8192, Min: 1024, Max: 16777216]
      [Entries: 10617, Load: 129.6%, Cached: 475, Added: 17960, Removed: 7343]
      [Resize Count: 3, Shrink Threshold: 5461(66.7%), Grow Threshold: 16384(200.0%)]
      [Rehash Count: 0, Rehash Threshold: 120, Hash Seed: 0x0]
      [Age Threshold: 3]
   [Queue]
      [Dropped: 0]
32.276: [GC concurrent-root-region-scan-end, 0.0623372 secs]
32.276: [GC concurrent-mark-start]
32.417: [GC pause (G1 Evacuation Pause) (young), 0.1405562 secs]
   [Parallel Time: 139.9 ms, GC Workers: 4]
      [GC Worker Start (ms): Min: 32417.1, Avg: 32417.1, Max: 32417.2, Diff: 0.0]
      [Ext Root Scanning (ms): Min: 0.2, Avg: 0.2, Max: 0.2, Diff: 0.0, Sum: 0.8]
      [Update RS (ms): Min: 25.1, Avg: 25.3, Max: 25.4, Diff: 0.3, Sum: 101.1]
         [Processed Buffers: Min: 44, Avg: 44.0, Max: 44, Diff: 0, Sum: 176]
      [Scan RS (ms): Min: 7.9, Avg: 8.1, Max: 8.2, Diff: 0.3, Sum: 32.3]
      [Code Root Scanning (ms): Min: 0.0, Avg: 0.0, Max: 0.0, Diff: 0.0, Sum: 0.0]
      [Object Copy (ms): Min: 106.1, Avg: 106.3, Max: 106.4, Diff: 0.3, Sum: 425.4]
      [Termination (ms): Min: 0.0, Avg: 0.0, Max: 0.0, Diff: 0.0, Sum: 0.0]
         [Termination Attempts: Min: 24, Avg: 28.0, Max: 32, Diff: 8, Sum: 112]
      [GC Worker Other (ms): Min: 0.0, Avg: 0.0, Max: 0.0, Diff: 0.0, Sum: 0.1]
      [GC Worker Total (ms): Min: 139.9, Avg: 139.9, Max: 139.9, Diff: 0.0, Sum: 559.6]
      [GC Worker End (ms): Min: 32557.1, Avg: 32557.1, Max: 32557.1, Diff: 0.0]
   [Code Root Fixup: 0.0 ms]
   [Code Root Purge: 0.0 ms]
   [String Dedup Fixup: 0.1 ms, GC Workers: 4]
      [Queue Fixup (ms): Min: 0.0, Avg: 0.0, Max: 0.0, Diff: 0.0, Sum: 0.1]
      [Table Fixup (ms): Min: 0.1, Avg: 0.1, Max: 0.1, Diff: 0.0, Sum: 0.4]
   [Clear CT: 0.1 ms]
   [Other: 0.4 ms]
      [Choose CSet: 0.0 ms]
      [Ref Proc: 0.0 ms]
      [Ref Enq: 0.0 ms]
      [Redirty Cards: 0.1 ms]
      [Humongous Register: 0.0 ms]
      [Humongous Reclaim: 0.0 ms]
      [Free CSet: 0.1 ms]
   [Eden: 133.0M(133.0M)->0.0B(135.0M) Survivors: 35.0M->21.0M Heap: 1546.4M(2048.0M)->1462.3M(2048.0M)]
 [Times: user=0.55 sys=0.00, real=0.14 secs] 
32.558: [GC concurrent-string-deduplication, 10.0K->10128.0B(160.0B), avg 12.1%, 0.0004911 secs]
   [Last Exec: 0.0004911 secs, Idle: 0.3433422 secs, Blocked: 0/0.0000000 secs]
      [Inspected:           10542]
         [Skipped:              0(  0.0%)]
         [Hashed:             214(  2.0%)]
         [Known:            10328( 98.0%)]
         [New:                214(  2.0%)     10.0K]
      [Deduplicated:            3(  1.4%)    160.0B(  1.6%)]
         [Young:                0(  0.0%)      0.0B(  0.0%)]
         [Old:                  3(100.0%)    160.0B(100.0%)]
   [Total Exec: 72/0.0923061 secs, Idle: 72/32.2459774 secs, Blocked: 0/0.0000000 secs]
      [Inspected:          599101]
         [Skipped:              0(  0.0%)]
         [Hashed:           13834(  2.3%)]
         [Known:           584169( 97.5%)]
         [New:              14932(  2.5%)    773.1K]
      [Deduplicated:         1745( 11.7%)     93.4K( 12.1%)]
         [Young:                8(  0.5%)    424.0B(  0.4%)]
         [Old:               1737( 99.5%)     93.0K( 99.6%)]
   [Table]
      [Memory Usage: 324.0K]
      [Size: 8192, Min: 1024, Max: 16777216]
      [Entries: 10828, Load: 132.2%, Cached: 264, Added: 18171, Removed: 7343]
      [Resize Count: 3, Shrink Threshold: 5461(66.7%), Grow Threshold: 16384(200.0%)]
      [Rehash Count: 0, Rehash Threshold: 120, Hash Seed: 0x0]
      [Age Threshold: 3]
   [Queue]
      [Dropped: 0]
32.708: [GC pause (G1 Evacuation Pause) (young), 0.1137463 secs]
   [Parallel Time: 113.1 ms, GC Workers: 4]
      [GC Worker Start (ms): Min: 32707.9, Avg: 32707.9, Max: 32708.0, Diff: 0.1]
      [Ext Root Scanning (ms): Min: 0.1, Avg: 0.2, Max: 0.2, Diff: 0.1, Sum: 0.8]
      [Update RS (ms): Min: 17.0, Avg: 17.0, Max: 17.1, Diff: 0.1, Sum: 68.1]
         [Processed Buffers: Min: 28, Avg: 29.0, Max: 30, Diff: 2, Sum: 116]
      [Scan RS (ms): Min: 9.1, Avg: 9.1, Max: 9.2, Diff: 0.1, Sum: 36.5]
      [Code Root Scanning (ms): Min: 0.0, Avg: 0.0, Max: 0.0, Diff: 0.0, Sum: 0.0]
      [Object Copy (ms): Min: 86.6, Avg: 86.7, Max: 86.7, Diff: 0.1, Sum: 346.7]
      [Termination (ms): Min: 0.0, Avg: 0.0, Max: 0.0, Diff: 0.0, Sum: 0.0]
         [Termination Attempts: Min: 15, Avg: 43.3, Max: 58, Diff: 43, Sum: 173]
      [GC Worker Other (ms): Min: 0.0, Avg: 0.0, Max: 0.0, Diff: 0.0, Sum: 0.1]
      [GC Worker Total (ms): Min: 113.0, Avg: 113.1, Max: 113.1, Diff: 0.1, Sum: 452.3]
      [GC Worker End (ms): Min: 32821.0, Avg: 32821.0, Max: 32821.0, Diff: 0.0]
   [Code Root Fixup: 0.0 ms]
   [Code Root Purge: 0.0 ms]
   [String Dedup Fixup: 0.1 ms, GC Workers: 4]
      [Queue Fixup (ms): Min: 0.0, Avg: 0.0, Max: 0.0, Diff: 0.0, Sum: 0.1]
      [Table Fixup (ms): Min: 0.1, Avg: 0.1, Max: 0.1, Diff: 0.0, Sum: 0.4]
   [Clear CT: 0.1 ms]
   [Other: 0.4 ms]
      [Choose CSet: 0.0 ms]
      [Ref Proc: 0.0 ms]
      [Ref Enq: 0.0 ms]
      [Redirty Cards: 0.1 ms]
      [Humongous Register: 0.0 ms]
      [Humongous Reclaim: 0.0 ms]
      [Free CSet: 0.1 ms]
   [Eden: 135.0M(135.0M)->0.0B(97.0M) Survivors: 21.0M->20.0M Heap: 1597.3M(2048.0M)->1512.9M(2048.0M)]
 [Times: user=0.44 sys=0.00, real=0.11 secs] 
32.822: [GC concurrent-string-deduplication, 8272.0B->8112.0B(160.0B), avg 12.0%, 0.0004179 secs]
   [Last Exec: 0.0004179 secs, Idle: 0.2633467 secs, Blocked: 0/0.0000000 secs]
      [Inspected:            9125]
         [Skipped:              0(  0.0%)]
         [Hashed:             172(  1.9%)]
         [Known:             8953( 98.1%)]
         [New:                172(  1.9%)   8272.0B]
      [Deduplicated:            3(  1.7%)    160.0B(  1.9%)]
         [Young:                0(  0.0%)      0.0B(  0.0%)]
         [Old:                  3(100.0%)    160.0B(100.0%)]
   [Total Exec: 73/0.0927241 secs, Idle: 73/32.5093240 secs, Blocked: 0/0.0000000 secs]
      [Inspected:          608226]
         [Skipped:              0(  0.0%)]
         [Hashed:           14006(  2.3%)]
         [Known:           593122( 97.5%)]
         [New:              15104(  2.5%)    781.2K]
      [Deduplicated:         1748( 11.6%)     93.6K( 12.0%)]
         [Young:                8(  0.5%)    424.0B(  0.4%)]
         [Old:               1740( 99.5%)     93.2K( 99.6%)]
   [Table]
      [Memory Usage: 324.0K]
      [Size: 8192, Min: 1024, Max: 16777216]
      [Entries: 10997, Load: 134.2%, Cached: 95, Added: 18340, Removed: 7343]
      [Resize Count: 3, Shrink Threshold: 5461(66.7%), Grow Threshold: 16384(200.0%)]
      [Rehash Count: 0, Rehash Threshold: 120, Hash Seed: 0x0]
      [Age Threshold: 3]
   [Queue]
      [Dropped: 0]
32.933: [GC pause (G1 Evacuation Pause) (young), 0.0882058 secs]
   [Parallel Time: 87.6 ms, GC Workers: 4]
      [GC Worker Start (ms): Min: 32933.0, Avg: 32933.0, Max: 32933.0, Diff: 0.0]
      [Ext Root Scanning (ms): Min: 0.2, Avg: 0.2, Max: 0.2, Diff: 0.0, Sum: 0.8]
      [Update RS (ms): Min: 18.0, Avg: 18.2, Max: 18.4, Diff: 0.4, Sum: 72.7]
         [Processed Buffers: Min: 29, Avg: 31.5, Max: 34, Diff: 5, Sum: 126]
      [Scan RS (ms): Min: 0.3, Avg: 0.5, Max: 0.7, Diff: 0.4, Sum: 2.1]
      [Code Root Scanning (ms): Min: 0.0, Avg: 0.0, Max: 0.0, Diff: 0.0, Sum: 0.0]
      [Object Copy (ms): Min: 68.7, Avg: 68.7, Max: 68.7, Diff: 0.0, Sum: 274.8]
      [Termination (ms): Min: 0.0, Avg: 0.0, Max: 0.0, Diff: 0.0, Sum: 0.0]
         [Termination Attempts: Min: 9, Avg: 10.3, Max: 11, Diff: 2, Sum: 41]
      [GC Worker Other (ms): Min: 0.0, Avg: 0.0, Max: 0.0, Diff: 0.0, Sum: 0.1]
      [GC Worker Total (ms): Min: 87.6, Avg: 87.6, Max: 87.6, Diff: 0.0, Sum: 350.5]
      [GC Worker End (ms): Min: 33020.6, Avg: 33020.6, Max: 33020.6, Diff: 0.0]
   [Code Root Fixup: 0.0 ms]
   [Code Root Purge: 0.0 ms]
   [String Dedup Fixup: 0.1 ms, GC Workers: 4]
      [Queue Fixup (ms): Min: 0.0, Avg: 0.0, Max: 0.0, Diff: 0.0, Sum: 0.1]
      [Table Fixup (ms): Min: 0.1, Avg: 0.1, Max: 0.1, Diff: 0.0, Sum: 0.4]
   [Clear CT: 0.1 ms]
   [Other: 0.4 ms]
      [Choose CSet: 0.0 ms]
      [Ref Proc: 0.0 ms]
      [Ref Enq: 0.0 ms]
      [Redirty Cards: 0.1 ms]
      [Humongous Register: 0.0 ms]
      [Humongous Reclaim: 0.0 ms]
      [Free CSet: 0.1 ms]
   [Eden: 97.0M(97.0M)->0.0B(87.0M) Survivors: 20.0M->15.0M Heap: 1609.9M(2048.0M)->1548.1M(2048.0M)]
 [Times: user=0.38 sys=0.00, real=0.09 secs] 
33.022: [GC concurrent-string-deduplication, 8480.0B->8160.0B(320.0B), avg 11.9%, 0.0004189 secs]
   [Last Exec: 0.0004189 secs, Idle: 0.1991097 secs, Blocked: 0/0.0000000 secs]
      [Inspected:            9102]
         [Skipped:              0(  0.0%)]
         [Hashed:             176(  1.9%)]
         [Known:             8926( 98.1%)]
         [New:                176(  1.9%)   8480.0B]
      [Deduplicated:            6(  3.4%)    320.0B(  3.8%)]
         [Young:                0(  0.0%)      0.0B(  0.0%)]
         [Old:                  6(100.0%)    320.0B(100.0%)]
   [Total Exec: 74/0.0931430 secs, Idle: 74/32.7084337 secs, Blocked: 0/0.0000000 secs]
      [Inspected:          617328]
         [Skipped:              0(  0.0%)]
         [Hashed:           14182(  2.3%)]
         [Known:           602048( 97.5%)]
         [New:              15280(  2.5%)    789.5K]
      [Deduplicated:         1754( 11.5%)     93.9K( 11.9%)]
         [Young:                8(  0.5%)    424.0B(  0.4%)]
         [Old:               1746( 99.5%)     93.5K( 99.6%)]
   [Table]
      [Memory Usage: 325.7K]
      [Size: 8192, Min: 1024, Max: 16777216]
      [Entries: 11167, Load: 136.3%, Cached: 0, Added: 18510, Removed: 7343]
      [Resize Count: 3, Shrink Threshold: 5461(66.7%), Grow Threshold: 16384(200.0%)]
      [Rehash Count: 0, Rehash Threshold: 120, Hash Seed: 0x0]
      [Age Threshold: 3]
   [Queue]
      [Dropped: 0]
33.114: [GC pause (G1 Evacuation Pause) (young), 0.0831150 secs]
   [Parallel Time: 82.6 ms, GC Workers: 4]
      [GC Worker Start (ms): Min: 33114.1, Avg: 33114.1, Max: 33114.1, Diff: 0.0]
      [Ext Root Scanning (ms): Min: 0.2, Avg: 0.2, Max: 0.2, Diff: 0.0, Sum: 0.8]
      [Update RS (ms): Min: 20.6, Avg: 20.7, Max: 20.8, Diff: 0.3, Sum: 82.9]
         [Processed Buffers: Min: 32, Avg: 34.5, Max: 37, Diff: 5, Sum: 138]
      [Scan RS (ms): Min: 1.5, Avg: 1.7, Max: 1.8, Diff: 0.3, Sum: 6.6]
      [Code Root Scanning (ms): Min: 0.0, Avg: 0.0, Max: 0.0, Diff: 0.0, Sum: 0.0]
      [Object Copy (ms): Min: 60.0, Avg: 60.0, Max: 60.0, Diff: 0.0, Sum: 240.0]
      [Termination (ms): Min: 0.0, Avg: 0.0, Max: 0.0, Diff: 0.0, Sum: 0.0]
         [Termination Attempts: Min: 23, Avg: 27.8, Max: 34, Diff: 11, Sum: 111]
      [GC Worker Other (ms): Min: 0.0, Avg: 0.0, Max: 0.0, Diff: 0.0, Sum: 0.0]
      [GC Worker Total (ms): Min: 82.5, Avg: 82.6, Max: 82.6, Diff: 0.0, Sum: 330.2]
      [GC Worker End (ms): Min: 33196.6, Avg: 33196.6, Max: 33196.6, Diff: 0.0]
   [Code Root Fixup: 0.0 ms]
   [Code Root Purge: 0.0 ms]
   [String Dedup Fixup: 0.1 ms, GC Workers: 4]
      [Queue Fixup (ms): Min: 0.0, Avg: 0.0, Max: 0.0, Diff: 0.0, Sum: 0.0]
      [Table Fixup (ms): Min: 0.1, Avg: 0.1, Max: 0.1, Diff: 0.0, Sum: 0.4]
   [Clear CT: 0.0 ms]
   [Other: 0.3 ms]
      [Choose CSet: 0.0 ms]
      [Ref Proc: 0.0 ms]
      [Ref Enq: 0.0 ms]
      [Redirty Cards: 0.1 ms]
      [Humongous Register: 0.0 ms]
      [Humongous Reclaim: 0.0 ms]
      [Free CSet: 0.1 ms]
   [Eden: 87.0M(87.0M)->0.0B(89.0M) Survivors: 15.0M->13.0M Heap: 1635.1M(2048.0M)->1580.1M(2048.0M)]
 [Times: user=0.31 sys=0.00, real=0.08 secs] 
33.197: [GC concurrent-string-deduplication, 3984.0B->3984.0B(0.0B), avg 11.8%, 0.0002155 secs]
   [Last Exec: 0.0002155 secs, Idle: 0.1755456 secs, Blocked: 0/0.0000000 secs]
      [Inspected:            4536]
         [Skipped:              0(  0.0%)]
         [Hashed:              83(  1.8%)]
         [Known:             4453( 98.2%)]
         [New:                 83(  1.8%)   3984.0B]
      [Deduplicated:            0(  0.0%)      0.0B(  0.0%)]
         [Young:                0(  0.0%)      0.0B(  0.0%)]
         [Old:                  0(  0.0%)      0.0B(  0.0%)]
   [Total Exec: 75/0.0933585 secs, Idle: 75/32.8839794 secs, Blocked: 0/0.0000000 secs]
      [Inspected:          621864]
         [Skipped:              0(  0.0%)]
         [Hashed:           14265(  2.3%)]
         [Known:           606501( 97.5%)]
         [New:              15363(  2.5%)    793.4K]
      [Deduplicated:         1754( 11.4%)     93.9K( 11.8%)]
         [Young:                8(  0.5%)    424.0B(  0.4%)]
         [Old:               1746( 99.5%)     93.5K( 99.6%)]
   [Table]
      [Memory Usage: 327.7K]
      [Size: 8192, Min: 1024, Max: 16777216]
      [Entries: 11250, Load: 137.3%, Cached: 0, Added: 18593, Removed: 7343]
      [Resize Count: 3, Shrink Threshold: 5461(66.7%), Grow Threshold: 16384(200.0%)]
      [Rehash Count: 0, Rehash Threshold: 120, Hash Seed: 0x0]
      [Age Threshold: 3]
   [Queue]
      [Dropped: 0]
33.284: [GC pause (G1 Evacuation Pause) (young), 0.0937171 secs]
   [Parallel Time: 93.2 ms, GC Workers: 4]
      [GC Worker Start (ms): Min: 33284.5, Avg: 33284.9, Max: 33286.4, Diff: 1.9]
      [Ext Root Scanning (ms): Min: 0.0, Avg: 0.2, Max: 0.3, Diff: 0.3, Sum: 0.8]
      [Update RS (ms): Min: 19.4, Avg: 20.7, Max: 21.3, Diff: 1.9, Sum: 82.6]
         [Processed Buffers: Min: 28, Avg: 31.3, Max: 34, Diff: 6, Sum: 125]
      [Scan RS (ms): Min: 0.0, Avg: 0.1, Max: 0.3, Diff: 0.3, Sum: 0.3]
      [Code Root Scanning (ms): Min: 0.0, Avg: 0.0, Max: 0.0, Diff: 0.0, Sum: 0.0]
      [Object Copy (ms): Min: 71.6, Avg: 71.7, Max: 71.8, Diff: 0.2, Sum: 286.9]
      [Termination (ms): Min: 0.0, Avg: 0.0, Max: 0.0, Diff: 0.0, Sum: 0.0]
         [Termination Attempts: Min: 15, Avg: 18.5, Max: 22, Diff: 7, Sum: 74]
      [GC Worker Other (ms): Min: 0.0, Avg: 0.0, Max: 0.0, Diff: 0.0, Sum: 0.0]
      [GC Worker Total (ms): Min: 91.3, Avg: 92.7, Max: 93.2, Diff: 1.9, Sum: 370.8]
      [GC Worker End (ms): Min: 33377.6, Avg: 33377.6, Max: 33377.6, Diff: 0.0]
   [Code Root Fixup: 0.0 ms]
   [Code Root Purge: 0.0 ms]
   [String Dedup Fixup: 0.1 ms, GC Workers: 4]
      [Queue Fixup (ms): Min: 0.0, Avg: 0.0, Max: 0.0, Diff: 0.0, Sum: 0.0]
      [Table Fixup (ms): Min: 0.1, Avg: 0.1, Max: 0.1, Diff: 0.0, Sum: 0.5]
   [Clear CT: 0.0 ms]
   [Other: 0.4 ms]
      [Choose CSet: 0.0 ms]
      [Ref Proc: 0.0 ms]
      [Ref Enq: 0.0 ms]
      [Redirty Cards: 0.1 ms]
      [Humongous Register: 0.0 ms]
      [Humongous Reclaim: 0.0 ms]
      [Free CSet: 0.1 ms]
   [Eden: 89.0M(89.0M)->0.0B(89.0M) Survivors: 13.0M->13.0M Heap: 1669.1M(2048.0M)->1612.9M(2048.0M)]
 [Times: user=0.38 sys=0.00, real=0.09 secs] 
33.379: [GC concurrent-string-deduplication, 5920.0B->5760.0B(160.0B), avg 11.8%, 0.0002970 secs]
   [Last Exec: 0.0002970 secs, Idle: 0.1807714 secs, Blocked: 0/0.0000000 secs]
      [Inspected:            6194]
         [Skipped:              0(  0.0%)]
         [Hashed:             123(  2.0%)]
         [Known:             6071( 98.0%)]
         [New:                123(  2.0%)   5920.0B]
      [Deduplicated:            3(  2.4%)    160.0B(  2.7%)]
         [Young:                0(  0.0%)      0.0B(  0.0%)]
         [Old:                  3(100.0%)    160.0B(100.0%)]
   [Total Exec: 76/0.0936555 secs, Idle: 76/33.0647508 secs, Blocked: 0/0.0000000 secs]
      [Inspected:          628058]
         [Skipped:              0(  0.0%)]
         [Hashed:           14388(  2.3%)]
         [Known:           612572( 97.5%)]
         [New:              15486(  2.5%)    799.2K]
      [Deduplicated:         1757( 11.3%)     94.0K( 11.8%)]
         [Young:                8(  0.5%)    424.0B(  0.4%)]
         [Old:               1749( 99.5%)     93.6K( 99.6%)]
   [Table]
      [Memory Usage: 330.5K]
      [Size: 8192, Min: 1024, Max: 16777216]
      [Entries: 11370, Load: 138.8%, Cached: 0, Added: 18713, Removed: 7343]
      [Resize Count: 3, Shrink Threshold: 5461(66.7%), Grow Threshold: 16384(200.0%)]
      [Rehash Count: 0, Rehash Threshold: 120, Hash Seed: 0x0]
      [Age Threshold: 3]
   [Queue]
      [Dropped: 0]
33.469: [GC pause (G1 Evacuation Pause) (young), 0.0769078 secs]
   [Parallel Time: 76.4 ms, GC Workers: 4]
      [GC Worker Start (ms): Min: 33469.6, Avg: 33469.6, Max: 33469.6, Diff: 0.1]
      [Ext Root Scanning (ms): Min: 0.2, Avg: 0.2, Max: 0.2, Diff: 0.1, Sum: 0.8]
      [Update RS (ms): Min: 17.6, Avg: 17.7, Max: 17.9, Diff: 0.3, Sum: 70.8]
         [Processed Buffers: Min: 26, Avg: 28.0, Max: 31, Diff: 5, Sum: 112]
      [Scan RS (ms): Min: 0.5, Avg: 0.6, Max: 0.7, Diff: 0.2, Sum: 2.4]
      [Code Root Scanning (ms): Min: 0.0, Avg: 0.0, Max: 0.0, Diff: 0.0, Sum: 0.0]
      [Object Copy (ms): Min: 57.7, Avg: 57.8, Max: 57.8, Diff: 0.0, Sum: 231.0]
      [Termination (ms): Min: 0.0, Avg: 0.0, Max: 0.0, Diff: 0.0, Sum: 0.0]
         [Termination Attempts: Min: 24, Avg: 25.8, Max: 30, Diff: 6, Sum: 103]
      [GC Worker Other (ms): Min: 0.0, Avg: 0.0, Max: 0.0, Diff: 0.0, Sum: 0.0]
      [GC Worker Total (ms): Min: 76.2, Avg: 76.3, Max: 76.3, Diff: 0.1, Sum: 305.1]
      [GC Worker End (ms): Min: 33545.9, Avg: 33545.9, Max: 33545.9, Diff: 0.0]
   [Code Root Fixup: 0.0 ms]
   [Code Root Purge: 0.0 ms]
   [String Dedup Fixup: 0.1 ms, GC Workers: 4]
      [Queue Fixup (ms): Min: 0.0, Avg: 0.0, Max: 0.0, Diff: 0.0, Sum: 0.1]
      [Table Fixup (ms): Min: 0.1, Avg: 0.1, Max: 0.1, Diff: 0.0, Sum: 0.4]
   [Clear CT: 0.0 ms]
   [Other: 0.4 ms]
      [Choose CSet: 0.0 ms]
      [Ref Proc: 0.0 ms]
      [Ref Enq: 0.0 ms]
      [Redirty Cards: 0.1 ms]
      [Humongous Register: 0.0 ms]
      [Humongous Reclaim: 0.0 ms]
      [Free CSet: 0.1 ms]
   [Eden: 89.0M(89.0M)->0.0B(89.0M) Survivors: 13.0M->13.0M Heap: 1701.9M(2048.0M)->1645.1M(2048.0M)]
 [Times: user=0.31 sys=0.00, real=0.08 secs] 
33.547: [GC concurrent-string-deduplication, 8192.0B->7872.0B(320.0B), avg 11.7%, 0.0004198 secs]
   [Last Exec: 0.0004198 secs, Idle: 0.1679441 secs, Blocked: 0/0.0000000 secs]
      [Inspected:            8938]
         [Skipped:              0(  0.0%)]
         [Hashed:             170(  1.9%)]
         [Known:             8768( 98.1%)]
         [New:                170(  1.9%)   8192.0B]
      [Deduplicated:            6(  3.5%)    320.0B(  3.9%)]
         [Young:                0(  0.0%)      0.0B(  0.0%)]
         [Old:                  6(100.0%)    320.0B(100.0%)]
   [Total Exec: 77/0.0940753 secs, Idle: 77/33.2326949 secs, Blocked: 0/0.0000000 secs]
      [Inspected:          636996]
         [Skipped:              0(  0.0%)]
         [Hashed:           14558(  2.3%)]
         [Known:           621340( 97.5%)]
         [New:              15656(  2.5%)    807.2K]
      [Deduplicated:         1763( 11.3%)     94.4K( 11.7%)]
         [Young:                8(  0.5%)    424.0B(  0.4%)]
         [Old:               1755( 99.5%)     93.9K( 99.6%)]
   [Table]
      [Memory Usage: 334.3K]
      [Size: 8192, Min: 1024, Max: 16777216]
      [Entries: 11534, Load: 140.8%, Cached: 0, Added: 18877, Removed: 7343]
      [Resize Count: 3, Shrink Threshold: 5461(66.7%), Grow Threshold: 16384(200.0%)]
      [Rehash Count: 0, Rehash Threshold: 120, Hash Seed: 0x0]
      [Age Threshold: 3]
   [Queue]
      [Dropped: 0]
33.637: [GC pause (G1 Evacuation Pause) (young), 0.0778459 secs]
   [Parallel Time: 77.3 ms, GC Workers: 4]
      [GC Worker Start (ms): Min: 33637.2, Avg: 33637.2, Max: 33637.2, Diff: 0.0]
      [Ext Root Scanning (ms): Min: 0.2, Avg: 0.2, Max: 0.2, Diff: 0.0, Sum: 0.8]
      [Update RS (ms): Min: 17.1, Avg: 17.2, Max: 17.4, Diff: 0.4, Sum: 68.8]
         [Processed Buffers: Min: 28, Avg: 30.5, Max: 34, Diff: 6, Sum: 122]
      [Scan RS (ms): Min: 0.0, Avg: 0.2, Max: 0.3, Diff: 0.3, Sum: 0.8]
      [Code Root Scanning (ms): Min: 0.0, Avg: 0.0, Max: 0.0, Diff: 0.0, Sum: 0.0]
      [Object Copy (ms): Min: 59.6, Avg: 59.6, Max: 59.7, Diff: 0.1, Sum: 238.6]
      [Termination (ms): Min: 0.0, Avg: 0.0, Max: 0.0, Diff: 0.0, Sum: 0.1]
         [Termination Attempts: Min: 33, Avg: 406.5, Max: 564, Diff: 531, Sum: 1626]
      [GC Worker Other (ms): Min: 0.0, Avg: 0.0, Max: 0.0, Diff: 0.0, Sum: 0.0]
      [GC Worker Total (ms): Min: 77.3, Avg: 77.3, Max: 77.3, Diff: 0.0, Sum: 309.2]
      [GC Worker End (ms): Min: 33714.5, Avg: 33714.5, Max: 33714.5, Diff: 0.0]
   [Code Root Fixup: 0.0 ms]
   [Code Root Purge: 0.0 ms]
   [String Dedup Fixup: 0.2 ms, GC Workers: 4]
      [Queue Fixup (ms): Min: 0.0, Avg: 0.0, Max: 0.0, Diff: 0.0, Sum: 0.0]
      [Table Fixup (ms): Min: 0.1, Avg: 0.1, Max: 0.1, Diff: 0.0, Sum: 0.5]
   [Clear CT: 0.0 ms]
   [Other: 0.3 ms]
      [Choose CSet: 0.0 ms]
      [Ref Proc: 0.0 ms]
      [Ref Enq: 0.0 ms]
      [Redirty Cards: 0.1 ms]
      [Humongous Register: 0.1 ms]
      [Humongous Reclaim: 0.0 ms]
      [Free CSet: 0.1 ms]
   [Eden: 89.0M(89.0M)->0.0B(89.0M) Survivors: 13.0M->13.0M Heap: 1734.1M(2048.0M)->1679.0M(2048.0M)]
 [Times: user=0.25 sys=0.02, real=0.08 secs] 
33.716: [GC concurrent-string-deduplication, 8032.0B->7872.0B(160.0B), avg 11.6%, 0.0004356 secs]
   [Last Exec: 0.0004356 secs, Idle: 0.1681218 secs, Blocked: 0/0.0000000 secs]
      [Inspected:            7976]
         [Skipped:              0(  0.0%)]
         [Hashed:             167(  2.1%)]
         [Known:             7809( 97.9%)]
         [New:                167(  2.1%)   8032.0B]
      [Deduplicated:            3(  1.8%)    160.0B(  2.0%)]
         [Young:                0(  0.0%)      0.0B(  0.0%)]
         [Old:                  3(100.0%)    160.0B(100.0%)]
   [Total Exec: 78/0.0945109 secs, Idle: 78/33.4008167 secs, Blocked: 0/0.0000000 secs]
      [Inspected:          644972]
         [Skipped:              0(  0.0%)]
         [Hashed:           14725(  2.3%)]
         [Known:           629149( 97.5%)]
         [New:              15823(  2.5%)    815.0K]
      [Deduplicated:         1766( 11.2%)     94.5K( 11.6%)]
         [Young:                8(  0.5%)    424.0B(  0.4%)]
         [Old:               1758( 99.5%)     94.1K( 99.6%)]
   [Table]
      [Memory Usage: 338.2K]
      [Size: 8192, Min: 1024, Max: 16777216]
      [Entries: 11698, Load: 142.8%, Cached: 0, Added: 19041, Removed: 7343]
      [Resize Count: 3, Shrink Threshold: 5461(66.7%), Grow Threshold: 16384(200.0%)]
      [Rehash Count: 0, Rehash Threshold: 120, Hash Seed: 0x0]
      [Age Threshold: 3]
   [Queue]
      [Dropped: 0]
33.797: [GC pause (G1 Evacuation Pause) (young), 0.0542976 secs]
   [Parallel Time: 53.7 ms, GC Workers: 4]
      [GC Worker Start (ms): Min: 33797.1, Avg: 33797.1, Max: 33797.1, Diff: 0.0]
      [Ext Root Scanning (ms): Min: 0.2, Avg: 0.2, Max: 0.2, Diff: 0.0, Sum: 0.8]
      [Update RS (ms): Min: 17.3, Avg: 17.4, Max: 17.4, Diff: 0.1, Sum: 69.4]
         [Processed Buffers: Min: 33, Avg: 33.0, Max: 33, Diff: 0, Sum: 132]
      [Scan RS (ms): Min: 0.0, Avg: 0.0, Max: 0.1, Diff: 0.1, Sum: 0.1]
      [Code Root Scanning (ms): Min: 0.0, Avg: 0.0, Max: 0.0, Diff: 0.0, Sum: 0.0]
      [Object Copy (ms): Min: 35.8, Avg: 35.9, Max: 35.9, Diff: 0.1, Sum: 143.4]
      [Termination (ms): Min: 0.0, Avg: 0.0, Max: 0.0, Diff: 0.0, Sum: 0.0]
         [Termination Attempts: Min: 21, Avg: 29.0, Max: 34, Diff: 13, Sum: 116]
      [GC Worker Other (ms): Min: 0.0, Avg: 0.0, Max: 0.0, Diff: 0.0, Sum: 0.0]
      [GC Worker Total (ms): Min: 53.5, Avg: 53.5, Max: 53.5, Diff: 0.0, Sum: 213.8]
      [GC Worker End (ms): Min: 33850.6, Avg: 33850.6, Max: 33850.6, Diff: 0.0]
   [Code Root Fixup: 0.0 ms]
   [Code Root Purge: 0.0 ms]
   [String Dedup Fixup: 0.2 ms, GC Workers: 4]
      [Queue Fixup (ms): Min: 0.0, Avg: 0.0, Max: 0.0, Diff: 0.0, Sum: 0.0]
      [Table Fixup (ms): Min: 0.1, Avg: 0.1, Max: 0.1, Diff: 0.0, Sum: 0.5]
   [Clear CT: 0.0 ms]
   [Other: 0.4 ms]
      [Choose CSet: 0.0 ms]
      [Ref Proc: 0.0 ms]
      [Ref Enq: 0.0 ms]
      [Redirty Cards: 0.1 ms]
      [Humongous Register: 0.0 ms]
      [Humongous Reclaim: 0.0 ms]
      [Free CSet: 0.1 ms]
   [Eden: 89.0M(89.0M)->0.0B(89.0M) Survivors: 13.0M->13.0M Heap: 1768.0M(2048.0M)->1712.2M(2048.0M)]
 [Times: user=0.19 sys=0.00, real=0.06 secs] 
33.852: [GC concurrent-string-deduplication, 3696.0B->3696.0B(0.0B), avg 11.5%, 0.0001902 secs]
   [Last Exec: 0.0001902 secs, Idle: 0.1358580 secs, Blocked: 0/0.0000000 secs]
      [Inspected:            3642]
         [Skipped:              0(  0.0%)]
         [Hashed:              77(  2.1%)]
         [Known:             3565( 97.9%)]
         [New:                 77(  2.1%)   3696.0B]
      [Deduplicated:            0(  0.0%)      0.0B(  0.0%)]
         [Young:                0(  0.0%)      0.0B(  0.0%)]
         [Old:                  0(  0.0%)      0.0B(  0.0%)]
   [Total Exec: 79/0.0947011 secs, Idle: 79/33.5366748 secs, Blocked: 0/0.0000000 secs]
      [Inspected:          648614]
         [Skipped:              0(  0.0%)]
         [Hashed:           14802(  2.3%)]
         [Known:           632714( 97.5%)]
         [New:              15900(  2.5%)    818.6K]
      [Deduplicated:         1766( 11.1%)     94.5K( 11.5%)]
         [Young:                8(  0.5%)    424.0B(  0.4%)]
         [Old:               1758( 99.5%)     94.1K( 99.6%)]
   [Table]
      [Memory Usage: 340.0K]
      [Size: 8192, Min: 1024, Max: 16777216]
      [Entries: 11775, Load: 143.7%, Cached: 0, Added: 19118, Removed: 7343]
      [Resize Count: 3, Shrink Threshold: 5461(66.7%), Grow Threshold: 16384(200.0%)]
      [Rehash Count: 0, Rehash Threshold: 120, Hash Seed: 0x0]
      [Age Threshold: 3]
   [Queue]
      [Dropped: 0]
33.930: [GC pause (G1 Evacuation Pause) (young), 0.0700719 secs]
   [Parallel Time: 69.6 ms, GC Workers: 4]
      [GC Worker Start (ms): Min: 33930.1, Avg: 33930.1, Max: 33930.2, Diff: 0.0]
      [Ext Root Scanning (ms): Min: 0.2, Avg: 0.2, Max: 0.2, Diff: 0.0, Sum: 0.8]
      [Update RS (ms): Min: 21.4, Avg: 21.6, Max: 21.8, Diff: 0.4, Sum: 86.5]
         [Processed Buffers: Min: 35, Avg: 36.0, Max: 37, Diff: 2, Sum: 144]
      [Scan RS (ms): Min: 0.0, Avg: 0.0, Max: 0.0, Diff: 0.0, Sum: 0.1]
      [Code Root Scanning (ms): Min: 0.0, Avg: 0.0, Max: 0.0, Diff: 0.0, Sum: 0.0]
      [Object Copy (ms): Min: 47.5, Avg: 47.7, Max: 47.9, Diff: 0.4, Sum: 190.8]
      [Termination (ms): Min: 0.0, Avg: 0.0, Max: 0.0, Diff: 0.0, Sum: 0.0]
         [Termination Attempts: Min: 10, Avg: 14.0, Max: 17, Diff: 7, Sum: 56]
      [GC Worker Other (ms): Min: 0.0, Avg: 0.0, Max: 0.0, Diff: 0.0, Sum: 0.0]
      [GC Worker Total (ms): Min: 69.5, Avg: 69.5, Max: 69.6, Diff: 0.0, Sum: 278.2]
      [GC Worker End (ms): Min: 33999.7, Avg: 33999.7, Max: 33999.7, Diff: 0.0]
   [Code Root Fixup: 0.0 ms]
   [Code Root Purge: 0.0 ms]
   [String Dedup Fixup: 0.1 ms, GC Workers: 4]
      [Queue Fixup (ms): Min: 0.0, Avg: 0.0, Max: 0.0, Diff: 0.0, Sum: 0.0]
      [Table Fixup (ms): Min: 0.1, Avg: 0.1, Max: 0.1, Diff: 0.0, Sum: 0.5]
   [Clear CT: 0.0 ms]
   [Other: 0.3 ms]
      [Choose CSet: 0.0 ms]
      [Ref Proc: 0.0 ms]
      [Ref Enq: 0.0 ms]
      [Redirty Cards: 0.1 ms]
      [Humongous Register: 0.0 ms]
      [Humongous Reclaim: 0.0 ms]
      [Free CSet: 0.1 ms]
   [Eden: 89.0M(89.0M)->0.0B(89.0M) Survivors: 13.0M->13.0M Heap: 1801.2M(2048.0M)->1745.0M(2048.0M)]
 [Times: user=0.31 sys=0.00, real=0.07 secs] 
34.001: [GC concurrent-string-deduplication, 4496.0B->4176.0B(320.0B), avg 11.5%, 0.0002264 secs]
   [Last Exec: 0.0002264 secs, Idle: 0.1485612 secs, Blocked: 0/0.0000000 secs]
      [Inspected:            4447]
         [Skipped:              0(  0.0%)]
         [Hashed:              93(  2.1%)]
         [Known:             4354( 97.9%)]
         [New:                 93(  2.1%)   4496.0B]
      [Deduplicated:            6(  6.5%)    320.0B(  7.1%)]
         [Young:                0(  0.0%)      0.0B(  0.0%)]
         [Old:                  6(100.0%)    320.0B(100.0%)]
   [Total Exec: 80/0.0949275 secs, Idle: 80/33.6852360 secs, Blocked: 0/0.0000000 secs]
      [Inspected:          653061]
         [Skipped:              0(  0.0%)]
         [Hashed:           14895(  2.3%)]
         [Known:           637068( 97.6%)]
         [New:              15993(  2.4%)    823.0K]
      [Deduplicated:         1772( 11.1%)     94.8K( 11.5%)]
         [Young:                8(  0.5%)    424.0B(  0.4%)]
         [Old:               1764( 99.5%)     94.4K( 99.6%)]
   [Table]
      [Memory Usage: 342.0K]
      [Size: 8192, Min: 1024, Max: 16777216]
      [Entries: 11862, Load: 144.8%, Cached: 0, Added: 19205, Removed: 7343]
      [Resize Count: 3, Shrink Threshold: 5461(66.7%), Grow Threshold: 16384(200.0%)]
      [Rehash Count: 0, Rehash Threshold: 120, Hash Seed: 0x0]
      [Age Threshold: 3]
   [Queue]
      [Dropped: 0]
34.080: [GC pause (G1 Evacuation Pause) (young) (to-space exhausted), 0.0982831 secs]
   [Parallel Time: 89.1 ms, GC Workers: 4]
      [GC Worker Start (ms): Min: 34080.2, Avg: 34080.2, Max: 34080.2, Diff: 0.0]
      [Ext Root Scanning (ms): Min: 0.2, Avg: 0.2, Max: 0.2, Diff: 0.0, Sum: 0.8]
      [Update RS (ms): Min: 19.8, Avg: 20.0, Max: 20.4, Diff: 0.7, Sum: 80.0]
         [Processed Buffers: Min: 31, Avg: 32.3, Max: 34, Diff: 3, Sum: 129]
      [Scan RS (ms): Min: 0.3, Avg: 0.7, Max: 1.0, Diff: 0.7, Sum: 2.9]
      [Code Root Scanning (ms): Min: 0.0, Avg: 0.0, Max: 0.0, Diff: 0.0, Sum: 0.0]
      [Object Copy (ms): Min: 40.6, Avg: 60.0, Max: 68.2, Diff: 27.6, Sum: 240.1]
      [Termination (ms): Min: 0.0, Avg: 8.2, Max: 27.5, Diff: 27.5, Sum: 32.7]
         [Termination Attempts: Min: 1, Avg: 8.5, Max: 29, Diff: 28, Sum: 34]
      [GC Worker Other (ms): Min: 0.0, Avg: 0.0, Max: 0.0, Diff: 0.0, Sum: 0.0]
      [GC Worker Total (ms): Min: 89.1, Avg: 89.1, Max: 89.1, Diff: 0.0, Sum: 356.5]
      [GC Worker End (ms): Min: 34169.3, Avg: 34169.3, Max: 34169.3, Diff: 0.0]
   [Code Root Fixup: 0.0 ms]
   [Code Root Purge: 0.0 ms]
   [String Dedup Fixup: 0.1 ms, GC Workers: 4]
      [Queue Fixup (ms): Min: 0.0, Avg: 0.0, Max: 0.0, Diff: 0.0, Sum: 0.0]
      [Table Fixup (ms): Min: 0.1, Avg: 0.1, Max: 0.1, Diff: 0.0, Sum: 0.5]
   [Clear CT: 0.0 ms]
   [Other: 8.9 ms]
      [Evacuation Failure: 8.6 ms]
      [Choose CSet: 0.0 ms]
      [Ref Proc: 0.0 ms]
      [Ref Enq: 0.0 ms]
      [Redirty Cards: 0.1 ms]
      [Humongous Register: 0.0 ms]
      [Humongous Reclaim: 0.0 ms]
      [Free CSet: 0.1 ms]
   [Eden: 89.0M(89.0M)->0.0B(99.0M) Survivors: 13.0M->3072.0K Heap: 1834.0M(2048.0M)->1819.4M(2048.0M)]
 [Times: user=0.27 sys=0.00, real=0.10 secs] 
34.179: [GC concurrent-string-deduplication, 1984.0B->1824.0B(160.0B), avg 11.5%, 0.0001200 secs]
   [Last Exec: 0.0001200 secs, Idle: 0.1779332 secs, Blocked: 0/0.0000000 secs]
      [Inspected:            1865]
         [Skipped:              0(  0.0%)]
         [Hashed:              41(  2.2%)]
         [Known:             1824( 97.8%)]
         [New:                 41(  2.2%)   1984.0B]
      [Deduplicated:            3(  7.3%)    160.0B(  8.1%)]
         [Young:                0(  0.0%)      0.0B(  0.0%)]
         [Old:                  3(100.0%)    160.0B(100.0%)]
   [Total Exec: 81/0.0950475 secs, Idle: 81/33.8631692 secs, Blocked: 0/0.0000000 secs]
      [Inspected:          654926]
         [Skipped:              0(  0.0%)]
         [Hashed:           14936(  2.3%)]
         [Known:           638892( 97.6%)]
         [New:              16034(  2.4%)    824.9K]
      [Deduplicated:         1775( 11.1%)     95.0K( 11.5%)]
         [Young:                8(  0.5%)    424.0B(  0.4%)]
         [Old:               1767( 99.5%)     94.6K( 99.6%)]
   [Table]
      [Memory Usage: 342.9K]
      [Size: 8192, Min: 1024, Max: 16777216]
      [Entries: 11900, Load: 145.3%, Cached: 0, Added: 19243, Removed: 7343]
      [Resize Count: 3, Shrink Threshold: 5461(66.7%), Grow Threshold: 16384(200.0%)]
      [Rehash Count: 0, Rehash Threshold: 120, Hash Seed: 0x0]
      [Age Threshold: 3]
   [Queue]
      [Dropped: 0]
34.226: [GC pause (G1 Evacuation Pause) (young) (to-space exhausted), 0.0383793 secs]
   [Parallel Time: 33.1 ms, GC Workers: 4]
      [GC Worker Start (ms): Min: 34226.0, Avg: 34226.0, Max: 34226.0, Diff: 0.0]
      [Ext Root Scanning (ms): Min: 0.2, Avg: 0.2, Max: 0.2, Diff: 0.0, Sum: 0.8]
      [Update RS (ms): Min: 2.2, Avg: 13.7, Max: 17.9, Diff: 15.7, Sum: 55.0]
         [Processed Buffers: Min: 4, Avg: 35.3, Max: 48, Diff: 44, Sum: 141]
      [Scan RS (ms): Min: 0.8, Avg: 1.1, Max: 1.2, Diff: 0.4, Sum: 4.3]
      [Code Root Scanning (ms): Min: 0.0, Avg: 0.0, Max: 0.0, Diff: 0.0, Sum: 0.0]
      [Object Copy (ms): Min: 13.3, Avg: 17.5, Max: 29.1, Diff: 15.9, Sum: 70.2]
      [Termination (ms): Min: 0.0, Avg: 0.5, Max: 0.9, Diff: 0.9, Sum: 2.1]
         [Termination Attempts: Min: 1, Avg: 1.0, Max: 1, Diff: 0, Sum: 4]
      [GC Worker Other (ms): Min: 0.0, Avg: 0.0, Max: 0.0, Diff: 0.0, Sum: 0.0]
      [GC Worker Total (ms): Min: 33.1, Avg: 33.1, Max: 33.1, Diff: 0.0, Sum: 132.4]
      [GC Worker End (ms): Min: 34259.1, Avg: 34259.1, Max: 34259.1, Diff: 0.0]
   [Code Root Fixup: 0.0 ms]
   [Code Root Purge: 0.0 ms]
   [String Dedup Fixup: 0.1 ms, GC Workers: 4]
      [Queue Fixup (ms): Min: 0.0, Avg: 0.0, Max: 0.0, Diff: 0.0, Sum: 0.0]
      [Table Fixup (ms): Min: 0.1, Avg: 0.1, Max: 0.1, Diff: 0.0, Sum: 0.5]
   [Clear CT: 0.0 ms]
   [Other: 5.1 ms]
      [Evacuation Failure: 4.8 ms]
      [Choose CSet: 0.0 ms]
      [Ref Proc: 0.0 ms]
      [Ref Enq: 0.0 ms]
      [Redirty Cards: 0.1 ms]
      [Humongous Register: 0.0 ms]
      [Humongous Reclaim: 0.0 ms]
      [Free CSet: 0.0 ms]
   [Eden: 31.0M(99.0M)->0.0B(102.0M) Survivors: 3072.0K->0.0B Heap: 1850.4M(2048.0M)->1847.4M(2048.0M)]
 [Times: user=0.17 sys=0.00, real=0.04 secs] 
34.267: [GC pause (G1 Evacuation Pause) (young) (to-space exhausted), 0.0288053 secs]
   [Parallel Time: 27.7 ms, GC Workers: 4]
      [GC Worker Start (ms): Min: 34267.1, Avg: 34267.1, Max: 34267.1, Diff: 0.0]
      [Ext Root Scanning (ms): Min: 0.2, Avg: 0.2, Max: 0.2, Diff: 0.0, Sum: 0.8]
      [Update RS (ms): Min: 25.4, Avg: 25.6, Max: 25.8, Diff: 0.4, Sum: 102.3]
         [Processed Buffers: Min: 51, Avg: 79.3, Max: 117, Diff: 66, Sum: 317]
      [Scan RS (ms): Min: 0.0, Avg: 0.0, Max: 0.0, Diff: 0.0, Sum: 0.0]
      [Code Root Scanning (ms): Min: 0.0, Avg: 0.0, Max: 0.0, Diff: 0.0, Sum: 0.0]
      [Object Copy (ms): Min: 1.0, Avg: 1.5, Max: 1.9, Diff: 0.9, Sum: 5.9]
      [Termination (ms): Min: 0.0, Avg: 0.4, Max: 1.1, Diff: 1.1, Sum: 1.6]
         [Termination Attempts: Min: 1, Avg: 1.0, Max: 1, Diff: 0, Sum: 4]
      [GC Worker Other (ms): Min: 0.0, Avg: 0.0, Max: 0.0, Diff: 0.0, Sum: 0.0]
      [GC Worker Total (ms): Min: 27.6, Avg: 27.6, Max: 27.7, Diff: 0.0, Sum: 110.6]
      [GC Worker End (ms): Min: 34294.7, Avg: 34294.7, Max: 34294.7, Diff: 0.0]
   [Code Root Fixup: 0.0 ms]
   [Code Root Purge: 0.0 ms]
   [String Dedup Fixup: 0.2 ms, GC Workers: 4]
      [Queue Fixup (ms): Min: 0.0, Avg: 0.0, Max: 0.0, Diff: 0.0, Sum: 0.0]
      [Table Fixup (ms): Min: 0.0, Avg: 0.1, Max: 0.2, Diff: 0.2, Sum: 0.4]
   [Clear CT: 0.0 ms]
   [Other: 0.9 ms]
      [Evacuation Failure: 0.7 ms]
      [Choose CSet: 0.0 ms]
      [Ref Proc: 0.1 ms]
      [Ref Enq: 0.0 ms]
      [Redirty Cards: 0.0 ms]
      [Humongous Register: 0.0 ms]
      [Humongous Reclaim: 0.0 ms]
      [Free CSet: 0.0 ms]
   [Eden: 3072.0K(102.0M)->0.0B(102.0M) Survivors: 0.0B->0.0B Heap: 1850.4M(2048.0M)->1850.4M(2048.0M)]
 [Times: user=0.08 sys=0.00, real=0.03 secs] 
34.296: [GC pause (G1 Evacuation Pause) (young), 0.0017785 secs]
   [Parallel Time: 1.5 ms, GC Workers: 4]
      [GC Worker Start (ms): Min: 34296.4, Avg: 34296.4, Max: 34296.4, Diff: 0.0]
      [Ext Root Scanning (ms): Min: 0.2, Avg: 0.5, Max: 1.2, Diff: 1.0, Sum: 2.0]
      [Update RS (ms): Min: 0.0, Avg: 0.8, Max: 1.2, Diff: 1.2, Sum: 3.1]
         [Processed Buffers: Min: 0, Avg: 4.0, Max: 7, Diff: 7, Sum: 16]
      [Scan RS (ms): Min: 0.0, Avg: 0.0, Max: 0.0, Diff: 0.0, Sum: 0.0]
      [Code Root Scanning (ms): Min: 0.0, Avg: 0.0, Max: 0.0, Diff: 0.0, Sum: 0.0]
      [Object Copy (ms): Min: 0.0, Avg: 0.0, Max: 0.0, Diff: 0.0, Sum: 0.0]
      [Termination (ms): Min: 0.0, Avg: 0.2, Max: 0.3, Diff: 0.3, Sum: 0.7]
         [Termination Attempts: Min: 1, Avg: 1.0, Max: 1, Diff: 0, Sum: 4]
      [GC Worker Other (ms): Min: 0.0, Avg: 0.0, Max: 0.0, Diff: 0.0, Sum: 0.0]
      [GC Worker Total (ms): Min: 1.4, Avg: 1.4, Max: 1.5, Diff: 0.0, Sum: 5.8]
      [GC Worker End (ms): Min: 34297.8, Avg: 34297.8, Max: 34297.8, Diff: 0.0]
   [Code Root Fixup: 0.0 ms]
   [Code Root Purge: 0.0 ms]
   [String Dedup Fixup: 0.2 ms, GC Workers: 4]
      [Queue Fixup (ms): Min: 0.0, Avg: 0.0, Max: 0.0, Diff: 0.0, Sum: 0.0]
      [Table Fixup (ms): Min: 0.0, Avg: 0.1, Max: 0.2, Diff: 0.2, Sum: 0.4]
   [Clear CT: 0.0 ms]
   [Other: 0.1 ms]
      [Choose CSet: 0.0 ms]
      [Ref Proc: 0.0 ms]
      [Ref Enq: 0.0 ms]
      [Redirty Cards: 0.0 ms]
      [Humongous Register: 0.0 ms]
      [Humongous Reclaim: 0.0 ms]
      [Free CSet: 0.0 ms]
   [Eden: 0.0B(102.0M)->0.0B(102.0M) Survivors: 0.0B->0.0B Heap: 1850.4M(2048.0M)->1850.4M(2048.0M)]
 [Times: user=0.00 sys=0.00, real=0.00 secs] 
34.298: [Full GC (Allocation Failure)  1850M->1200M(2048M), 1.6595364 secs]
   [Eden: 0.0B(102.0M)->0.0B(334.0M) Survivors: 0.0B->0.0B Heap: 1850.4M(2048.0M)->1200.3M(2048.0M)], [Metaspace: 9192K->9192K(1058816K)]
 [Times: user=3.30 sys=0.00, real=1.66 secs] 
35.958: [GC concurrent-mark-abort]
36.247: [GC pause (G1 Evacuation Pause) (young), 0.1416772 secs]
   [Parallel Time: 140.9 ms, GC Workers: 4]
      [GC Worker Start (ms): Min: 36246.9, Avg: 36246.9, Max: 36246.9, Diff: 0.1]
      [Ext Root Scanning (ms): Min: 0.2, Avg: 0.2, Max: 0.2, Diff: 0.1, Sum: 0.8]
      [Update RS (ms): Min: 0.0, Avg: 0.0, Max: 0.1, Diff: 0.1, Sum: 0.2]
         [Processed Buffers: Min: 0, Avg: 0.8, Max: 1, Diff: 1, Sum: 3]
      [Scan RS (ms): Min: 0.0, Avg: 0.0, Max: 0.1, Diff: 0.1, Sum: 0.2]
      [Code Root Scanning (ms): Min: 0.0, Avg: 0.0, Max: 0.0, Diff: 0.0, Sum: 0.0]
      [Object Copy (ms): Min: 140.5, Avg: 140.5, Max: 140.5, Diff: 0.1, Sum: 562.1]
      [Termination (ms): Min: 0.0, Avg: 0.0, Max: 0.0, Diff: 0.0, Sum: 0.0]
         [Termination Attempts: Min: 12, Avg: 16.3, Max: 22, Diff: 10, Sum: 65]
      [GC Worker Other (ms): Min: 0.0, Avg: 0.0, Max: 0.0, Diff: 0.0, Sum: 0.1]
      [GC Worker Total (ms): Min: 140.8, Avg: 140.8, Max: 140.9, Diff: 0.1, Sum: 563.3]
      [GC Worker End (ms): Min: 36387.7, Avg: 36387.7, Max: 36387.7, Diff: 0.0]
   [Code Root Fixup: 0.0 ms]
   [Code Root Purge: 0.1 ms]
   [String Dedup Fixup: 0.1 ms, GC Workers: 4]
      [Queue Fixup (ms): Min: 0.0, Avg: 0.0, Max: 0.0, Diff: 0.0, Sum: 0.1]
      [Table Fixup (ms): Min: 0.1, Avg: 0.1, Max: 0.1, Diff: 0.0, Sum: 0.4]
   [Clear CT: 0.1 ms]
   [Other: 0.5 ms]
      [Choose CSet: 0.0 ms]
      [Ref Proc: 0.0 ms]
      [Ref Enq: 0.0 ms]
      [Redirty Cards: 0.1 ms]
      [Humongous Register: 0.0 ms]
      [Humongous Reclaim: 0.0 ms]
      [Free CSet: 0.2 ms]
   [Eden: 334.0M(334.0M)->0.0B(241.0M) Survivors: 0.0B->42.0M Heap: 1534.3M(2048.0M)->1319.8M(2048.0M)]
 [Times: user=0.56 sys=0.00, real=0.14 secs] 
36.389: [GC concurrent-string-deduplication, 10.8K->10.8K(0.0B), avg 11.4%, 0.0006100 secs]
   [Last Exec: 0.0006100 secs, Idle: 2.2099523 secs, Blocked: 0/0.0000000 secs]
      [Inspected:           11535]
         [Skipped:              0(  0.0%)]
         [Hashed:             230(  2.0%)]
         [Known:            11305( 98.0%)]
         [New:                230(  2.0%)     10.8K]
      [Deduplicated:            0(  0.0%)      0.0B(  0.0%)]
         [Young:                0(  0.0%)      0.0B(  0.0%)]
         [Old:                  0(  0.0%)      0.0B(  0.0%)]
   [Total Exec: 82/0.0956575 secs, Idle: 82/36.0731215 secs, Blocked: 0/0.0000000 secs]
      [Inspected:          666461]
         [Skipped:              0(  0.0%)]
         [Hashed:           15166(  2.3%)]
         [Known:           650197( 97.6%)]
         [New:              16264(  2.4%)    835.7K]
      [Deduplicated:         1775( 10.9%)     95.0K( 11.4%)]
         [Young:                8(  0.5%)    424.0B(  0.4%)]
         [Old:               1767( 99.5%)     94.6K( 99.6%)]
   [Table]
      [Memory Usage: 323.3K]
      [Size: 8192, Min: 1024, Max: 16777216]
      [Entries: 10245, Load: 125.1%, Cached: 819, Added: 19500, Removed: 9255]
      [Resize Count: 3, Shrink Threshold: 5461(66.7%), Grow Threshold: 16384(200.0%)]
      [Rehash Count: 0, Rehash Threshold: 120, Hash Seed: 0x0]
      [Age Threshold: 3]
   [Queue]
      [Dropped: 0]
36.625: [GC pause (G1 Evacuation Pause) (young) (initial-mark), 0.2506951 secs]
   [Parallel Time: 249.6 ms, GC Workers: 4]
      [GC Worker Start (ms): Min: 36624.8, Avg: 36624.8, Max: 36624.8, Diff: 0.0]
      [Ext Root Scanning (ms): Min: 0.3, Avg: 0.3, Max: 0.3, Diff: 0.0, Sum: 1.2]
      [Update RS (ms): Min: 51.9, Avg: 52.1, Max: 52.6, Diff: 0.7, Sum: 208.4]
         [Processed Buffers: Min: 67, Avg: 72.8, Max: 77, Diff: 10, Sum: 291]
      [Scan RS (ms): Min: 9.3, Avg: 9.7, Max: 9.9, Diff: 0.6, Sum: 38.9]
      [Code Root Scanning (ms): Min: 0.0, Avg: 0.0, Max: 0.0, Diff: 0.0, Sum: 0.0]
      [Object Copy (ms): Min: 187.3, Avg: 187.4, Max: 187.4, Diff: 0.1, Sum: 749.6]
      [Termination (ms): Min: 0.0, Avg: 0.0, Max: 0.0, Diff: 0.0, Sum: 0.1]
         [Termination Attempts: Min: 4, Avg: 5.3, Max: 8, Diff: 4, Sum: 21]
      [GC Worker Other (ms): Min: 0.0, Avg: 0.0, Max: 0.0, Diff: 0.0, Sum: 0.0]
      [GC Worker Total (ms): Min: 249.5, Avg: 249.5, Max: 249.6, Diff: 0.0, Sum: 998.2]
      [GC Worker End (ms): Min: 36874.3, Avg: 36874.3, Max: 36874.3, Diff: 0.0]
   [Code Root Fixup: 0.0 ms]
   [Code Root Purge: 0.0 ms]
   [String Dedup Fixup: 0.2 ms, GC Workers: 4]
      [Queue Fixup (ms): Min: 0.0, Avg: 0.0, Max: 0.0, Diff: 0.0, Sum: 0.1]
      [Table Fixup (ms): Min: 0.1, Avg: 0.1, Max: 0.1, Diff: 0.0, Sum: 0.4]
   [Clear CT: 0.1 ms]
   [Other: 0.9 ms]
      [Choose CSet: 0.0 ms]
      [Ref Proc: 0.0 ms]
      [Ref Enq: 0.0 ms]
      [Redirty Cards: 0.2 ms]
      [Humongous Register: 0.0 ms]
      [Humongous Reclaim: 0.0 ms]
      [Free CSet: 0.3 ms]
   [Eden: 241.0M(241.0M)->0.0B(66.0M) Survivors: 42.0M->36.0M Heap: 1560.8M(2048.0M)->1405.9M(2048.0M)]
 [Times: user=1.00 sys=0.00, real=0.25 secs] 
36.875: [GC concurrent-root-region-scan-start]
36.876: [GC concurrent-string-deduplication, 17.1K->16.5K(640.0B), avg 11.2%, 0.0008535 secs]
   [Last Exec: 0.0008535 secs, Idle: 0.4862328 secs, Blocked: 0/0.0000000 secs]
      [Inspected:           17631]
         [Skipped:              0(  0.0%)]
         [Hashed:             363(  2.1%)]
         [Known:            17268( 97.9%)]
         [New:                363(  2.1%)     17.1K]
      [Deduplicated:           12(  3.3%)    640.0B(  3.7%)]
         [Young:                0(  0.0%)      0.0B(  0.0%)]
         [Old:                 12(100.0%)    640.0B(100.0%)]
   [Total Exec: 83/0.0965110 secs, Idle: 83/36.5593542 secs, Blocked: 0/0.0000000 secs]
      [Inspected:          684092]
         [Skipped:              0(  0.0%)]
         [Hashed:           15529(  2.3%)]
         [Known:           667465( 97.6%)]
         [New:              16627(  2.4%)    852.8K]
      [Deduplicated:         1787( 10.7%)     95.6K( 11.2%)]
         [Young:                8(  0.4%)    424.0B(  0.4%)]
         [Old:               1779( 99.6%)     95.2K( 99.6%)]
   [Table]
      [Memory Usage: 323.3K]
      [Size: 8192, Min: 1024, Max: 16777216]
      [Entries: 10596, Load: 129.3%, Cached: 468, Added: 19851, Removed: 9255]
      [Resize Count: 3, Shrink Threshold: 5461(66.7%), Grow Threshold: 16384(200.0%)]
      [Rehash Count: 0, Rehash Threshold: 120, Hash Seed: 0x0]
      [Age Threshold: 3]
   [Queue]
      [Dropped: 0]
36.934: [GC concurrent-root-region-scan-end, 0.0582462 secs]
36.934: [GC concurrent-mark-start]
37.006: [GC pause (G1 Evacuation Pause) (young), 0.1090612 secs]
   [Parallel Time: 108.5 ms, GC Workers: 4]
      [GC Worker Start (ms): Min: 37006.6, Avg: 37006.6, Max: 37006.6, Diff: 0.0]
      [Ext Root Scanning (ms): Min: 0.2, Avg: 0.2, Max: 0.2, Diff: 0.0, Sum: 0.8]
      [Update RS (ms): Min: 19.2, Avg: 19.3, Max: 19.5, Diff: 0.3, Sum: 77.2]
         [Processed Buffers: Min: 31, Avg: 31.8, Max: 34, Diff: 3, Sum: 127]
      [Scan RS (ms): Min: 3.1, Avg: 3.2, Max: 3.3, Diff: 0.3, Sum: 12.9]
      [Code Root Scanning (ms): Min: 0.0, Avg: 0.0, Max: 0.0, Diff: 0.0, Sum: 0.0]
      [Object Copy (ms): Min: 85.6, Avg: 85.7, Max: 85.7, Diff: 0.1, Sum: 342.7]
      [Termination (ms): Min: 0.0, Avg: 0.0, Max: 0.1, Diff: 0.1, Sum: 0.2]
         [Termination Attempts: Min: 38, Avg: 436.0, Max: 617, Diff: 579, Sum: 1744]
      [GC Worker Other (ms): Min: 0.0, Avg: 0.0, Max: 0.0, Diff: 0.0, Sum: 0.0]
      [GC Worker Total (ms): Min: 108.4, Avg: 108.5, Max: 108.5, Diff: 0.0, Sum: 433.8]
      [GC Worker End (ms): Min: 37115.0, Avg: 37115.0, Max: 37115.0, Diff: 0.0]
   [Code Root Fixup: 0.0 ms]
   [Code Root Purge: 0.0 ms]
   [String Dedup Fixup: 0.1 ms, GC Workers: 4]
      [Queue Fixup (ms): Min: 0.0, Avg: 0.0, Max: 0.0, Diff: 0.0, Sum: 0.1]
      [Table Fixup (ms): Min: 0.1, Avg: 0.1, Max: 0.1, Diff: 0.0, Sum: 0.4]
   [Clear CT: 0.0 ms]
   [Other: 0.4 ms]
      [Choose CSet: 0.0 ms]
      [Ref Proc: 0.0 ms]
      [Ref Enq: 0.0 ms]
      [Redirty Cards: 0.1 ms]
      [Humongous Register: 0.0 ms]
      [Humongous Reclaim: 0.0 ms]
      [Free CSet: 0.1 ms]
   [Eden: 66.0M(66.0M)->0.0B(125.0M) Survivors: 36.0M->13.0M Heap: 1471.9M(2048.0M)->1430.7M(2048.0M)]
 [Times: user=0.44 sys=0.00, real=0.11 secs] 
37.116: [GC concurrent-string-deduplication, 8208.0B->8208.0B(0.0B), avg 11.1%, 0.0004009 secs]
   [Last Exec: 0.0004009 secs, Idle: 0.2392848 secs, Blocked: 0/0.0000000 secs]
      [Inspected:            8703]
         [Skipped:              0(  0.0%)]
         [Hashed:             171(  2.0%)]
         [Known:             8532( 98.0%)]
         [New:                171(  2.0%)   8208.0B]
      [Deduplicated:            0(  0.0%)      0.0B(  0.0%)]
         [Young:                0(  0.0%)      0.0B(  0.0%)]
         [Old:                  0(  0.0%)      0.0B(  0.0%)]
   [Total Exec: 84/0.0969120 secs, Idle: 84/36.7986390 secs, Blocked: 0/0.0000000 secs]
      [Inspected:          692795]
         [Skipped:              0(  0.0%)]
         [Hashed:           15700(  2.3%)]
         [Known:           675997( 97.6%)]
         [New:              16798(  2.4%)    860.8K]
      [Deduplicated:         1787( 10.6%)     95.6K( 11.1%)]
         [Young:                8(  0.4%)    424.0B(  0.4%)]
         [Old:               1779( 99.6%)     95.2K( 99.6%)]
   [Table]
      [Memory Usage: 323.3K]
      [Size: 8192, Min: 1024, Max: 16777216]
      [Entries: 10767, Load: 131.4%, Cached: 297, Added: 20022, Removed: 9255]
      [Resize Count: 3, Shrink Threshold: 5461(66.7%), Grow Threshold: 16384(200.0%)]
      [Rehash Count: 0, Rehash Threshold: 120, Hash Seed: 0x0]
      [Age Threshold: 3]
   [Queue]
      [Dropped: 0]
37.245: [GC pause (G1 Evacuation Pause) (young), 0.1029338 secs]
   [Parallel Time: 102.4 ms, GC Workers: 4]
      [GC Worker Start (ms): Min: 37244.9, Avg: 37244.9, Max: 37244.9, Diff: 0.0]
      [Ext Root Scanning (ms): Min: 0.2, Avg: 0.2, Max: 0.2, Diff: 0.0, Sum: 0.8]
      [Update RS (ms): Min: 21.3, Avg: 21.4, Max: 21.5, Diff: 0.3, Sum: 85.5]
         [Processed Buffers: Min: 34, Avg: 34.5, Max: 35, Diff: 1, Sum: 138]
      [Scan RS (ms): Min: 6.2, Avg: 6.4, Max: 6.4, Diff: 0.2, Sum: 25.4]
      [Code Root Scanning (ms): Min: 0.0, Avg: 0.0, Max: 0.0, Diff: 0.0, Sum: 0.0]
      [Object Copy (ms): Min: 74.4, Avg: 74.4, Max: 74.4, Diff: 0.0, Sum: 297.5]
      [Termination (ms): Min: 0.0, Avg: 0.0, Max: 0.0, Diff: 0.0, Sum: 0.0]
         [Termination Attempts: Min: 8, Avg: 10.5, Max: 12, Diff: 4, Sum: 42]
      [GC Worker Other (ms): Min: 0.0, Avg: 0.0, Max: 0.0, Diff: 0.0, Sum: 0.1]
      [GC Worker Total (ms): Min: 102.3, Avg: 102.3, Max: 102.3, Diff: 0.0, Sum: 409.3]
      [GC Worker End (ms): Min: 37347.2, Avg: 37347.2, Max: 37347.2, Diff: 0.0]
   [Code Root Fixup: 0.0 ms]
   [Code Root Purge: 0.0 ms]
   [String Dedup Fixup: 0.1 ms, GC Workers: 4]
      [Queue Fixup (ms): Min: 0.0, Avg: 0.0, Max: 0.0, Diff: 0.0, Sum: 0.0]
      [Table Fixup (ms): Min: 0.1, Avg: 0.1, Max: 0.1, Diff: 0.0, Sum: 0.4]
   [Clear CT: 0.1 ms]
   [Other: 0.4 ms]
      [Choose CSet: 0.0 ms]
      [Ref Proc: 0.0 ms]
      [Ref Enq: 0.0 ms]
      [Redirty Cards: 0.1 ms]
      [Humongous Register: 0.0 ms]
      [Humongous Reclaim: 0.0 ms]
      [Free CSet: 0.1 ms]
   [Eden: 125.0M(125.0M)->0.0B(125.0M) Survivors: 13.0M->18.0M Heap: 1555.7M(2048.0M)->1475.1M(2048.0M)]
 [Times: user=0.44 sys=0.00, real=0.10 secs] 
37.348: [GC concurrent-string-deduplication, 7072.0B->6912.0B(160.0B), avg 11.0%, 0.0003422 secs]
   [Last Exec: 0.0003422 secs, Idle: 0.2317818 secs, Blocked: 0/0.0000000 secs]
      [Inspected:            7236]
         [Skipped:              0(  0.0%)]
         [Hashed:             147(  2.0%)]
         [Known:             7089( 98.0%)]
         [New:                147(  2.0%)   7072.0B]
      [Deduplicated:            3(  2.0%)    160.0B(  2.3%)]
         [Young:                0(  0.0%)      0.0B(  0.0%)]
         [Old:                  3(100.0%)    160.0B(100.0%)]
   [Total Exec: 85/0.0972542 secs, Idle: 85/37.0304208 secs, Blocked: 0/0.0000000 secs]
      [Inspected:          700031]
         [Skipped:              0(  0.0%)]
         [Hashed:           15847(  2.3%)]
         [Known:           683086( 97.6%)]
         [New:              16945(  2.4%)    867.7K]
      [Deduplicated:         1790( 10.6%)     95.8K( 11.0%)]
         [Young:                8(  0.4%)    424.0B(  0.4%)]
         [Old:               1782( 99.6%)     95.4K( 99.6%)]
   [Table]
      [Memory Usage: 323.3K]
      [Size: 8192, Min: 1024, Max: 16777216]
      [Entries: 10911, Load: 133.2%, Cached: 153, Added: 20166, Removed: 9255]
      [Resize Count: 3, Shrink Threshold: 5461(66.7%), Grow Threshold: 16384(200.0%)]
      [Rehash Count: 0, Rehash Threshold: 120, Hash Seed: 0x0]
      [Age Threshold: 3]
   [Queue]
      [Dropped: 0]
37.475: [GC pause (G1 Evacuation Pause) (young), 0.1334368 secs]
   [Parallel Time: 132.9 ms, GC Workers: 4]
      [GC Worker Start (ms): Min: 37474.9, Avg: 37474.9, Max: 37475.0, Diff: 0.0]
      [Ext Root Scanning (ms): Min: 0.2, Avg: 0.2, Max: 0.2, Diff: 0.1, Sum: 0.8]
      [Update RS (ms): Min: 28.3, Avg: 28.4, Max: 28.5, Diff: 0.2, Sum: 113.4]
         [Processed Buffers: Min: 44, Avg: 45.8, Max: 47, Diff: 3, Sum: 183]
      [Scan RS (ms): Min: 0.0, Avg: 0.0, Max: 0.0, Diff: 0.0, Sum: 0.1]
      [Code Root Scanning (ms): Min: 0.0, Avg: 0.0, Max: 0.0, Diff: 0.0, Sum: 0.0]
      [Object Copy (ms): Min: 104.1, Avg: 104.2, Max: 104.3, Diff: 0.2, Sum: 416.8]
      [Termination (ms): Min: 0.0, Avg: 0.0, Max: 0.0, Diff: 0.0, Sum: 0.0]
         [Termination Attempts: Min: 24, Avg: 28.3, Max: 31, Diff: 7, Sum: 113]
      [GC Worker Other (ms): Min: 0.0, Avg: 0.0, Max: 0.0, Diff: 0.0, Sum: 0.1]
      [GC Worker Total (ms): Min: 132.8, Avg: 132.8, Max: 132.8, Diff: 0.0, Sum: 531.3]
      [GC Worker End (ms): Min: 37607.8, Avg: 37607.8, Max: 37607.8, Diff: 0.0]
   [Code Root Fixup: 0.0 ms]
   [Code Root Purge: 0.0 ms]
   [String Dedup Fixup: 0.1 ms, GC Workers: 4]
      [Queue Fixup (ms): Min: 0.0, Avg: 0.0, Max: 0.0, Diff: 0.0, Sum: 0.1]
      [Table Fixup (ms): Min: 0.1, Avg: 0.1, Max: 0.1, Diff: 0.0, Sum: 0.4]
   [Clear CT: 0.0 ms]
   [Other: 0.4 ms]
      [Choose CSet: 0.0 ms]
      [Ref Proc: 0.0 ms]
      [Ref Enq: 0.0 ms]
      [Redirty Cards: 0.1 ms]
      [Humongous Register: 0.0 ms]
      [Humongous Reclaim: 0.0 ms]
      [Free CSet: 0.1 ms]
   [Eden: 125.0M(125.0M)->0.0B(90.0M) Survivors: 18.0M->18.0M Heap: 1600.1M(2048.0M)->1522.2M(2048.0M)]
 [Times: user=0.56 sys=0.00, real=0.13 secs] 
37.609: [GC concurrent-string-deduplication, 12.2K->11.9K(320.0B), avg 10.9%, 0.0006027 secs]
   [Last Exec: 0.0006027 secs, Idle: 0.2601797 secs, Blocked: 0/0.0000000 secs]
      [Inspected:           12762]
         [Skipped:              0(  0.0%)]
         [Hashed:             259(  2.0%)]
         [Known:            12503( 98.0%)]
         [New:                259(  2.0%)     12.2K]
      [Deduplicated:            6(  2.3%)    320.0B(  2.6%)]
         [Young:                0(  0.0%)      0.0B(  0.0%)]
         [Old:                  6(100.0%)    320.0B(100.0%)]
   [Total Exec: 86/0.0978569 secs, Idle: 86/37.2906005 secs, Blocked: 0/0.0000000 secs]
      [Inspected:          712793]
         [Skipped:              0(  0.0%)]
         [Hashed:           16106(  2.3%)]
         [Known:           695589( 97.6%)]
         [New:              17204(  2.4%)    879.9K]
      [Deduplicated:         1796( 10.4%)     96.1K( 10.9%)]
         [Young:                8(  0.4%)    424.0B(  0.4%)]
         [Old:               1788( 99.6%)     95.7K( 99.6%)]
   [Table]
      [Memory Usage: 326.0K]
      [Size: 8192, Min: 1024, Max: 16777216]
      [Entries: 11177, Load: 136.4%, Cached: 0, Added: 20432, Removed: 9255]
      [Resize Count: 3, Shrink Threshold: 5461(66.7%), Grow Threshold: 16384(200.0%)]
      [Rehash Count: 0, Rehash Threshold: 120, Hash Seed: 0x0]
      [Age Threshold: 3]
   [Queue]
      [Dropped: 0]
37.712: [GC pause (G1 Evacuation Pause) (young), 0.0713173 secs]
   [Parallel Time: 70.7 ms, GC Workers: 4]
      [GC Worker Start (ms): Min: 37712.0, Avg: 37712.0, Max: 37712.0, Diff: 0.0]
      [Ext Root Scanning (ms): Min: 0.2, Avg: 0.2, Max: 0.2, Diff: 0.0, Sum: 0.8]
      [Update RS (ms): Min: 16.4, Avg: 16.5, Max: 16.7, Diff: 0.3, Sum: 66.2]
         [Processed Buffers: Min: 26, Avg: 28.0, Max: 30, Diff: 4, Sum: 112]
      [Scan RS (ms): Min: 2.0, Avg: 2.2, Max: 2.3, Diff: 0.2, Sum: 8.7]
      [Code Root Scanning (ms): Min: 0.0, Avg: 0.0, Max: 0.0, Diff: 0.0, Sum: 0.0]
      [Object Copy (ms): Min: 51.7, Avg: 51.7, Max: 51.7, Diff: 0.1, Sum: 206.8]
      [Termination (ms): Min: 0.0, Avg: 0.0, Max: 0.0, Diff: 0.0, Sum: 0.1]
         [Termination Attempts: Min: 8, Avg: 302.8, Max: 435, Diff: 427, Sum: 1211]
      [GC Worker Other (ms): Min: 0.0, Avg: 0.0, Max: 0.0, Diff: 0.0, Sum: 0.0]
      [GC Worker Total (ms): Min: 70.7, Avg: 70.7, Max: 70.7, Diff: 0.0, Sum: 282.7]
      [GC Worker End (ms): Min: 37782.7, Avg: 37782.7, Max: 37782.7, Diff: 0.0]
   [Code Root Fixup: 0.0 ms]
   [Code Root Purge: 0.0 ms]
   [String Dedup Fixup: 0.1 ms, GC Workers: 4]
      [Queue Fixup (ms): Min: 0.0, Avg: 0.0, Max: 0.0, Diff: 0.0, Sum: 0.0]
      [Table Fixup (ms): Min: 0.1, Avg: 0.1, Max: 0.1, Diff: 0.0, Sum: 0.4]
   [Clear CT: 0.0 ms]
   [Other: 0.4 ms]
      [Choose CSet: 0.0 ms]
      [Ref Proc: 0.0 ms]
      [Ref Enq: 0.0 ms]
      [Redirty Cards: 0.1 ms]
      [Humongous Register: 0.0 ms]
      [Humongous Reclaim: 0.0 ms]
      [Free CSet: 0.1 ms]
   [Eden: 90.0M(90.0M)->0.0B(88.0M) Survivors: 18.0M->14.0M Heap: 1612.2M(2048.0M)->1554.7M(2048.0M)]
 [Times: user=0.31 sys=0.00, real=0.07 secs] 
37.784: [GC concurrent-string-deduplication, 4224.0B->4224.0B(0.0B), avg 10.9%, 0.0002021 secs]
   [Last Exec: 0.0002021 secs, Idle: 0.1742604 secs, Blocked: 0/0.0000000 secs]
      [Inspected:            4294]
         [Skipped:              0(  0.0%)]
         [Hashed:              88(  2.0%)]
         [Known:             4206( 98.0%)]
         [New:                 88(  2.0%)   4224.0B]
      [Deduplicated:            0(  0.0%)      0.0B(  0.0%)]
         [Young:                0(  0.0%)      0.0B(  0.0%)]
         [Old:                  0(  0.0%)      0.0B(  0.0%)]
   [Total Exec: 87/0.0980589 secs, Idle: 87/37.4648609 secs, Blocked: 0/0.0000000 secs]
      [Inspected:          717087]
         [Skipped:              0(  0.0%)]
         [Hashed:           16194(  2.3%)]
         [Known:           699795( 97.6%)]
         [New:              17292(  2.4%)    884.0K]
      [Deduplicated:         1796( 10.4%)     96.1K( 10.9%)]
         [Young:                8(  0.4%)    424.0B(  0.4%)]
         [Old:               1788( 99.6%)     95.7K( 99.6%)]
   [Table]
      [Memory Usage: 328.0K]
      [Size: 8192, Min: 1024, Max: 16777216]
      [Entries: 11265, Load: 137.5%, Cached: 0, Added: 20520, Removed: 9255]
      [Resize Count: 3, Shrink Threshold: 5461(66.7%), Grow Threshold: 16384(200.0%)]
      [Rehash Count: 0, Rehash Threshold: 120, Hash Seed: 0x0]
      [Age Threshold: 3]
   [Queue]
      [Dropped: 0]
37.877: [GC pause (G1 Evacuation Pause) (young), 0.0688665 secs]
   [Parallel Time: 68.4 ms, GC Workers: 4]
      [GC Worker Start (ms): Min: 37876.6, Avg: 37876.6, Max: 37876.6, Diff: 0.0]
      [Ext Root Scanning (ms): Min: 0.2, Avg: 0.2, Max: 0.2, Diff: 0.0, Sum: 0.8]
      [Update RS (ms): Min: 15.9, Avg: 15.9, Max: 16.1, Diff: 0.2, Sum: 63.7]
         [Processed Buffers: Min: 29, Avg: 30.3, Max: 31, Diff: 2, Sum: 121]
      [Scan RS (ms): Min: 0.8, Avg: 1.0, Max: 1.0, Diff: 0.2, Sum: 3.9]
      [Code Root Scanning (ms): Min: 0.0, Avg: 0.0, Max: 0.0, Diff: 0.0, Sum: 0.0]
      [Object Copy (ms): Min: 51.2, Avg: 51.2, Max: 51.2, Diff: 0.0, Sum: 204.9]
      [Termination (ms): Min: 0.0, Avg: 0.0, Max: 0.0, Diff: 0.0, Sum: 0.0]
         [Termination Attempts: Min: 3, Avg: 47.0, Max: 68, Diff: 65, Sum: 188]
      [GC Worker Other (ms): Min: 0.0, Avg: 0.0, Max: 0.0, Diff: 0.0, Sum: 0.0]
      [GC Worker Total (ms): Min: 68.4, Avg: 68.4, Max: 68.4, Diff: 0.0, Sum: 273.5]
      [GC Worker End (ms): Min: 37945.0, Avg: 37945.0, Max: 37945.0, Diff: 0.0]
   [Code Root Fixup: 0.0 ms]
   [Code Root Purge: 0.0 ms]
   [String Dedup Fixup: 0.1 ms, GC Workers: 4]
      [Queue Fixup (ms): Min: 0.0, Avg: 0.0, Max: 0.0, Diff: 0.0, Sum: 0.0]
      [Table Fixup (ms): Min: 0.1, Avg: 0.1, Max: 0.1, Diff: 0.0, Sum: 0.4]
   [Clear CT: 0.0 ms]
   [Other: 0.3 ms]
      [Choose CSet: 0.0 ms]
      [Ref Proc: 0.0 ms]
      [Ref Enq: 0.0 ms]
      [Redirty Cards: 0.1 ms]
      [Humongous Register: 0.0 ms]
      [Humongous Reclaim: 0.0 ms]
      [Free CSet: 0.1 ms]
   [Eden: 88.0M(88.0M)->0.0B(89.0M) Survivors: 14.0M->13.0M Heap: 1642.7M(2048.0M)->1588.3M(2048.0M)]
 [Times: user=0.25 sys=0.00, real=0.07 secs] 
37.946: [GC concurrent-string-deduplication, 8144.0B->7824.0B(320.0B), avg 10.8%, 0.0003875 secs]
   [Last Exec: 0.0003875 secs, Idle: 0.1619508 secs, Blocked: 0/0.0000000 secs]
      [Inspected:            8097]
         [Skipped:              0(  0.0%)]
         [Hashed:             169(  2.1%)]
         [Known:             7928( 97.9%)]
         [New:                169(  2.1%)   8144.0B]
      [Deduplicated:            6(  3.6%)    320.0B(  3.9%)]
         [Young:                0(  0.0%)      0.0B(  0.0%)]
         [Old:                  6(100.0%)    320.0B(100.0%)]
   [Total Exec: 88/0.0984464 secs, Idle: 88/37.6268117 secs, Blocked: 0/0.0000000 secs]
      [Inspected:          725184]
         [Skipped:              0(  0.0%)]
         [Hashed:           16363(  2.3%)]
         [Known:           707723( 97.6%)]
         [New:              17461(  2.4%)    892.0K]
      [Deduplicated:         1802( 10.3%)     96.4K( 10.8%)]
         [Young:                8(  0.4%)    424.0B(  0.4%)]
         [Old:               1794( 99.6%)     96.0K( 99.6%)]
   [Table]
      [Memory Usage: 331.8K]
      [Size: 8192, Min: 1024, Max: 16777216]
      [Entries: 11428, Load: 139.5%, Cached: 0, Added: 20683, Removed: 9255]
      [Resize Count: 3, Shrink Threshold: 5461(66.7%), Grow Threshold: 16384(200.0%)]
      [Rehash Count: 0, Rehash Threshold: 120, Hash Seed: 0x0]
      [Age Threshold: 3]
   [Queue]
      [Dropped: 0]
38.026: [GC pause (G1 Evacuation Pause) (young), 0.0517641 secs]
   [Parallel Time: 51.3 ms, GC Workers: 4]
      [GC Worker Start (ms): Min: 38026.4, Avg: 38026.4, Max: 38026.4, Diff: 0.0]
      [Ext Root Scanning (ms): Min: 0.2, Avg: 0.2, Max: 0.2, Diff: 0.0, Sum: 0.8]
      [Update RS (ms): Min: 17.5, Avg: 17.6, Max: 17.8, Diff: 0.3, Sum: 70.5]
         [Processed Buffers: Min: 33, Avg: 33.3, Max: 34, Diff: 1, Sum: 133]
      [Scan RS (ms): Min: 0.0, Avg: 0.1, Max: 0.2, Diff: 0.2, Sum: 0.5]
      [Code Root Scanning (ms): Min: 0.0, Avg: 0.0, Max: 0.0, Diff: 0.0, Sum: 0.0]
      [Object Copy (ms): Min: 33.2, Avg: 33.3, Max: 33.3, Diff: 0.1, Sum: 133.1]
      [Termination (ms): Min: 0.0, Avg: 0.0, Max: 0.0, Diff: 0.0, Sum: 0.0]
         [Termination Attempts: Min: 24, Avg: 32.3, Max: 36, Diff: 12, Sum: 129]
      [GC Worker Other (ms): Min: 0.0, Avg: 0.0, Max: 0.0, Diff: 0.0, Sum: 0.0]
      [GC Worker Total (ms): Min: 51.2, Avg: 51.2, Max: 51.2, Diff: 0.0, Sum: 204.9]
      [GC Worker End (ms): Min: 38077.6, Avg: 38077.6, Max: 38077.6, Diff: 0.0]
   [Code Root Fixup: 0.0 ms]
   [Code Root Purge: 0.0 ms]
   [String Dedup Fixup: 0.1 ms, GC Workers: 4]
      [Queue Fixup (ms): Min: 0.0, Avg: 0.0, Max: 0.0, Diff: 0.0, Sum: 0.0]
      [Table Fixup (ms): Min: 0.1, Avg: 0.1, Max: 0.1, Diff: 0.0, Sum: 0.4]
   [Clear CT: 0.0 ms]
   [Other: 0.3 ms]
      [Choose CSet: 0.0 ms]
      [Ref Proc: 0.0 ms]
      [Ref Enq: 0.0 ms]
      [Redirty Cards: 0.1 ms]
      [Humongous Register: 0.1 ms]
      [Humongous Reclaim: 0.0 ms]
      [Free CSet: 0.1 ms]
   [Eden: 89.0M(89.0M)->0.0B(89.0M) Survivors: 13.0M->13.0M Heap: 1677.3M(2048.0M)->1620.2M(2048.0M)]
 [Times: user=0.25 sys=0.00, real=0.05 secs] 
38.078: [GC concurrent-string-deduplication, 240.0B->240.0B(0.0B), avg 10.8%, 0.0000093 secs]
   [Last Exec: 0.0000093 secs, Idle: 0.1321862 secs, Blocked: 0/0.0000000 secs]
      [Inspected:              80]
         [Skipped:              0(  0.0%)]
         [Hashed:               5(  6.3%)]
         [Known:               75( 93.8%)]
         [New:                  5(  6.3%)    240.0B]
      [Deduplicated:            0(  0.0%)      0.0B(  0.0%)]
         [Young:                0(  0.0%)      0.0B(  0.0%)]
         [Old:                  0(  0.0%)      0.0B(  0.0%)]
   [Total Exec: 89/0.0984557 secs, Idle: 89/37.7589979 secs, Blocked: 0/0.0000000 secs]
      [Inspected:          725264]
         [Skipped:              0(  0.0%)]
         [Hashed:           16368(  2.3%)]
         [Known:           707798( 97.6%)]
         [New:              17466(  2.4%)    892.2K]
      [Deduplicated:         1802( 10.3%)     96.4K( 10.8%)]
         [Young:                8(  0.4%)    424.0B(  0.4%)]
         [Old:               1794( 99.6%)     96.0K( 99.6%)]
   [Table]
      [Memory Usage: 332.0K]
      [Size: 8192, Min: 1024, Max: 16777216]
      [Entries: 11433, Load: 139.6%, Cached: 0, Added: 20688, Removed: 9255]
      [Resize Count: 3, Shrink Threshold: 5461(66.7%), Grow Threshold: 16384(200.0%)]
      [Rehash Count: 0, Rehash Threshold: 120, Hash Seed: 0x0]
      [Age Threshold: 3]
   [Queue]
      [Dropped: 0]
38.157: [GC pause (G1 Evacuation Pause) (young), 0.0815011 secs]
   [Parallel Time: 81.0 ms, GC Workers: 4]
      [GC Worker Start (ms): Min: 38157.0, Avg: 38157.0, Max: 38157.0, Diff: 0.0]
      [Ext Root Scanning (ms): Min: 0.2, Avg: 0.2, Max: 0.2, Diff: 0.0, Sum: 0.8]
      [Update RS (ms): Min: 19.8, Avg: 19.9, Max: 20.1, Diff: 0.3, Sum: 79.6]
         [Processed Buffers: Min: 33, Avg: 36.0, Max: 39, Diff: 6, Sum: 144]
      [Scan RS (ms): Min: 0.1, Avg: 0.3, Max: 0.4, Diff: 0.4, Sum: 1.3]
      [Code Root Scanning (ms): Min: 0.0, Avg: 0.0, Max: 0.0, Diff: 0.0, Sum: 0.0]
      [Object Copy (ms): Min: 60.6, Avg: 60.6, Max: 60.6, Diff: 0.0, Sum: 242.3]
      [Termination (ms): Min: 0.0, Avg: 0.0, Max: 0.0, Diff: 0.0, Sum: 0.0]
         [Termination Attempts: Min: 1, Avg: 1.0, Max: 1, Diff: 0, Sum: 4]
      [GC Worker Other (ms): Min: 0.0, Avg: 0.0, Max: 0.0, Diff: 0.0, Sum: 0.0]
      [GC Worker Total (ms): Min: 81.0, Avg: 81.0, Max: 81.0, Diff: 0.0, Sum: 323.9]
      [GC Worker End (ms): Min: 38238.0, Avg: 38238.0, Max: 38238.0, Diff: 0.0]
   [Code Root Fixup: 0.0 ms]
   [Code Root Purge: 0.0 ms]
   [String Dedup Fixup: 0.1 ms, GC Workers: 4]
      [Queue Fixup (ms): Min: 0.0, Avg: 0.0, Max: 0.0, Diff: 0.0, Sum: 0.1]
      [Table Fixup (ms): Min: 0.1, Avg: 0.1, Max: 0.1, Diff: 0.0, Sum: 0.4]
   [Clear CT: 0.0 ms]
   [Other: 0.3 ms]
      [Choose CSet: 0.0 ms]
      [Ref Proc: 0.0 ms]
      [Ref Enq: 0.0 ms]
      [Redirty Cards: 0.1 ms]
      [Humongous Register: 0.0 ms]
      [Humongous Reclaim: 0.0 ms]
      [Free CSet: 0.1 ms]
   [Eden: 89.0M(89.0M)->0.0B(89.0M) Survivors: 13.0M->13.0M Heap: 1709.2M(2048.0M)->1652.8M(2048.0M)]
 [Times: user=0.31 sys=0.00, real=0.08 secs] 
38.239: [GC concurrent-string-deduplication, 8768.0B->8448.0B(320.0B), avg 10.7%, 0.0004455 secs]
   [Last Exec: 0.0004455 secs, Idle: 0.1603615 secs, Blocked: 0/0.0000000 secs]
      [Inspected:            9058]
         [Skipped:              0(  0.0%)]
         [Hashed:             182(  2.0%)]
         [Known:             8876( 98.0%)]
         [New:                182(  2.0%)   8768.0B]
      [Deduplicated:            6(  3.3%)    320.0B(  3.6%)]
         [Young:                0(  0.0%)      0.0B(  0.0%)]
         [Old:                  6(100.0%)    320.0B(100.0%)]
   [Total Exec: 90/0.0989012 secs, Idle: 90/37.9193595 secs, Blocked: 0/0.0000000 secs]
      [Inspected:          734322]
         [Skipped:              0(  0.0%)]
         [Hashed:           16550(  2.3%)]
         [Known:           716674( 97.6%)]
         [New:              17648(  2.4%)    900.8K]
      [Deduplicated:         1808( 10.2%)     96.7K( 10.7%)]
         [Young:                8(  0.4%)    424.0B(  0.4%)]
         [Old:               1800( 99.6%)     96.3K( 99.6%)]
   [Table]
      [Memory Usage: 336.1K]
      [Size: 8192, Min: 1024, Max: 16777216]
      [Entries: 11609, Load: 141.7%, Cached: 0, Added: 20864, Removed: 9255]
      [Resize Count: 3, Shrink Threshold: 5461(66.7%), Grow Threshold: 16384(200.0%)]
      [Rehash Count: 0, Rehash Threshold: 120, Hash Seed: 0x0]
      [Age Threshold: 3]
   [Queue]
      [Dropped: 0]
38.322: [GC pause (G1 Evacuation Pause) (young), 0.0818539 secs]
   [Parallel Time: 81.3 ms, GC Workers: 4]
      [GC Worker Start (ms): Min: 38322.0, Avg: 38322.0, Max: 38322.0, Diff: 0.0]
      [Ext Root Scanning (ms): Min: 0.2, Avg: 0.2, Max: 0.2, Diff: 0.0, Sum: 0.8]
      [Update RS (ms): Min: 28.6, Avg: 28.7, Max: 28.7, Diff: 0.2, Sum: 114.7]
         [Processed Buffers: Min: 46, Avg: 47.5, Max: 51, Diff: 5, Sum: 190]
      [Scan RS (ms): Min: 0.0, Avg: 0.0, Max: 0.0, Diff: 0.0, Sum: 0.0]
      [Code Root Scanning (ms): Min: 0.0, Avg: 0.0, Max: 0.0, Diff: 0.0, Sum: 0.0]
      [Object Copy (ms): Min: 52.4, Avg: 52.4, Max: 52.5, Diff: 0.1, Sum: 209.7]
      [Termination (ms): Min: 0.0, Avg: 0.0, Max: 0.0, Diff: 0.0, Sum: 0.0]
         [Termination Attempts: Min: 5, Avg: 8.8, Max: 14, Diff: 9, Sum: 35]
      [GC Worker Other (ms): Min: 0.0, Avg: 0.0, Max: 0.0, Diff: 0.0, Sum: 0.0]
      [GC Worker Total (ms): Min: 81.3, Avg: 81.3, Max: 81.3, Diff: 0.0, Sum: 325.3]
      [GC Worker End (ms): Min: 38403.3, Avg: 38403.3, Max: 38403.3, Diff: 0.0]
   [Code Root Fixup: 0.0 ms]
   [Code Root Purge: 0.0 ms]
   [String Dedup Fixup: 0.1 ms, GC Workers: 4]
      [Queue Fixup (ms): Min: 0.0, Avg: 0.0, Max: 0.0, Diff: 0.0, Sum: 0.0]
      [Table Fixup (ms): Min: 0.1, Avg: 0.1, Max: 0.1, Diff: 0.0, Sum: 0.5]
   [Clear CT: 0.0 ms]
   [Other: 0.3 ms]
      [Choose CSet: 0.0 ms]
      [Ref Proc: 0.0 ms]
      [Ref Enq: 0.0 ms]
      [Redirty Cards: 0.1 ms]
      [Humongous Register: 0.0 ms]
      [Humongous Reclaim: 0.0 ms]
      [Free CSet: 0.1 ms]
   [Eden: 89.0M(89.0M)->0.0B(89.0M) Survivors: 13.0M->13.0M Heap: 1741.8M(2048.0M)->1685.3M(2048.0M)]
 [Times: user=0.38 sys=0.00, real=0.08 secs] 
38.404: [GC concurrent-string-deduplication, 3760.0B->3600.0B(160.0B), avg 10.7%, 0.0002059 secs]
   [Last Exec: 0.0002059 secs, Idle: 0.1648127 secs, Blocked: 0/0.0000000 secs]
      [Inspected:            4206]
         [Skipped:              0(  0.0%)]
         [Hashed:              78(  1.9%)]
         [Known:             4128( 98.1%)]
         [New:                 78(  1.9%)   3760.0B]
      [Deduplicated:            3(  3.8%)    160.0B(  4.3%)]
         [Young:                0(  0.0%)      0.0B(  0.0%)]
         [Old:                  3(100.0%)    160.0B(100.0%)]
   [Total Exec: 91/0.0991071 secs, Idle: 91/38.0841722 secs, Blocked: 0/0.0000000 secs]
      [Inspected:          738528]
         [Skipped:              0(  0.0%)]
         [Hashed:           16628(  2.3%)]
         [Known:           720802( 97.6%)]
         [New:              17726(  2.4%)    904.4K]
      [Deduplicated:         1811( 10.2%)     96.9K( 10.7%)]
         [Young:                8(  0.4%)    424.0B(  0.4%)]
         [Old:               1803( 99.6%)     96.4K( 99.6%)]
   [Table]
      [Memory Usage: 337.8K]
      [Size: 8192, Min: 1024, Max: 16777216]
      [Entries: 11684, Load: 142.6%, Cached: 0, Added: 20939, Removed: 9255]
      [Resize Count: 3, Shrink Threshold: 5461(66.7%), Grow Threshold: 16384(200.0%)]
      [Rehash Count: 0, Rehash Threshold: 120, Hash Seed: 0x0]
      [Age Threshold: 3]
   [Queue]
      [Dropped: 0]
38.486: [GC pause (G1 Evacuation Pause) (young), 0.0836565 secs]
   [Parallel Time: 83.2 ms, GC Workers: 4]
      [GC Worker Start (ms): Min: 38485.8, Avg: 38485.8, Max: 38485.8, Diff: 0.0]
      [Ext Root Scanning (ms): Min: 0.2, Avg: 0.2, Max: 0.2, Diff: 0.0, Sum: 0.8]
      [Update RS (ms): Min: 21.8, Avg: 22.1, Max: 22.3, Diff: 0.5, Sum: 88.4]
         [Processed Buffers: Min: 35, Avg: 35.5, Max: 37, Diff: 2, Sum: 142]
      [Scan RS (ms): Min: 0.0, Avg: 0.0, Max: 0.1, Diff: 0.1, Sum: 0.1]
      [Code Root Scanning (ms): Min: 0.0, Avg: 0.0, Max: 0.0, Diff: 0.0, Sum: 0.0]
      [Object Copy (ms): Min: 60.6, Avg: 60.8, Max: 61.1, Diff: 0.5, Sum: 243.2]
      [Termination (ms): Min: 0.0, Avg: 0.0, Max: 0.0, Diff: 0.0, Sum: 0.0]
         [Termination Attempts: Min: 9, Avg: 11.0, Max: 12, Diff: 3, Sum: 44]
      [GC Worker Other (ms): Min: 0.0, Avg: 0.0, Max: 0.0, Diff: 0.0, Sum: 0.0]
      [GC Worker Total (ms): Min: 83.1, Avg: 83.1, Max: 83.1, Diff: 0.0, Sum: 332.5]
      [GC Worker End (ms): Min: 38568.9, Avg: 38568.9, Max: 38568.9, Diff: 0.0]
   [Code Root Fixup: 0.0 ms]
   [Code Root Purge: 0.0 ms]
   [String Dedup Fixup: 0.1 ms, GC Workers: 4]
      [Queue Fixup (ms): Min: 0.0, Avg: 0.0, Max: 0.0, Diff: 0.0, Sum: 0.0]
      [Table Fixup (ms): Min: 0.1, Avg: 0.1, Max: 0.1, Diff: 0.0, Sum: 0.5]
   [Clear CT: 0.0 ms]
   [Other: 0.3 ms]
      [Choose CSet: 0.0 ms]
      [Ref Proc: 0.0 ms]
      [Ref Enq: 0.0 ms]
      [Redirty Cards: 0.1 ms]
      [Humongous Register: 0.0 ms]
      [Humongous Reclaim: 0.0 ms]
      [Free CSet: 0.1 ms]
   [Eden: 89.0M(89.0M)->0.0B(89.0M) Survivors: 13.0M->13.0M Heap: 1774.3M(2048.0M)->1718.2M(2048.0M)]
 [Times: user=0.31 sys=0.00, real=0.08 secs] 
38.570: [GC concurrent-string-deduplication, 5856.0B->5856.0B(0.0B), avg 10.6%, 0.0003089 secs]
   [Last Exec: 0.0003089 secs, Idle: 0.1654237 secs, Blocked: 0/0.0000000 secs]
      [Inspected:            6501]
         [Skipped:              0(  0.0%)]
         [Hashed:             122(  1.9%)]
         [Known:             6379( 98.1%)]
         [New:                122(  1.9%)   5856.0B]
      [Deduplicated:            0(  0.0%)      0.0B(  0.0%)]
         [Young:                0(  0.0%)      0.0B(  0.0%)]
         [Old:                  0(  0.0%)      0.0B(  0.0%)]
   [Total Exec: 92/0.0994160 secs, Idle: 92/38.2495959 secs, Blocked: 0/0.0000000 secs]
      [Inspected:          745029]
         [Skipped:              0(  0.0%)]
         [Hashed:           16750(  2.2%)]
         [Known:           727181( 97.6%)]
         [New:              17848(  2.4%)    910.2K]
      [Deduplicated:         1811( 10.1%)     96.9K( 10.6%)]
         [Young:                8(  0.4%)    424.0B(  0.4%)]
         [Old:               1803( 99.6%)     96.4K( 99.6%)]
   [Table]
      [Memory Usage: 340.7K]
      [Size: 8192, Min: 1024, Max: 16777216]
      [Entries: 11806, Load: 144.1%, Cached: 0, Added: 21061, Removed: 9255]
      [Resize Count: 3, Shrink Threshold: 5461(66.7%), Grow Threshold: 16384(200.0%)]
      [Rehash Count: 0, Rehash Threshold: 120, Hash Seed: 0x0]
      [Age Threshold: 3]
   [Queue]
      [Dropped: 0]
38.651: [GC pause (G1 Evacuation Pause) (young) (to-space exhausted), 0.0940298 secs]
   [Parallel Time: 91.8 ms, GC Workers: 4]
      [GC Worker Start (ms): Min: 38651.6, Avg: 38651.6, Max: 38651.6, Diff: 0.0]
      [Ext Root Scanning (ms): Min: 0.2, Avg: 0.2, Max: 0.2, Diff: 0.0, Sum: 0.8]
      [Update RS (ms): Min: 20.1, Avg: 20.3, Max: 20.6, Diff: 0.5, Sum: 81.3]
         [Processed Buffers: Min: 31, Avg: 31.8, Max: 32, Diff: 1, Sum: 127]
      [Scan RS (ms): Min: 0.0, Avg: 0.0, Max: 0.0, Diff: 0.0, Sum: 0.1]
      [Code Root Scanning (ms): Min: 0.0, Avg: 0.0, Max: 0.0, Diff: 0.0, Sum: 0.0]
      [Object Copy (ms): Min: 70.9, Avg: 71.2, Max: 71.5, Diff: 0.5, Sum: 284.7]
      [Termination (ms): Min: 0.0, Avg: 0.0, Max: 0.1, Diff: 0.1, Sum: 0.2]
         [Termination Attempts: Min: 9, Avg: 456.0, Max: 630, Diff: 621, Sum: 1824]
      [GC Worker Other (ms): Min: 0.0, Avg: 0.0, Max: 0.0, Diff: 0.0, Sum: 0.0]
      [GC Worker Total (ms): Min: 91.8, Avg: 91.8, Max: 91.8, Diff: 0.0, Sum: 367.1]
      [GC Worker End (ms): Min: 38743.4, Avg: 38743.4, Max: 38743.4, Diff: 0.0]
   [Code Root Fixup: 0.0 ms]
   [Code Root Purge: 0.0 ms]
   [String Dedup Fixup: 0.2 ms, GC Workers: 4]
      [Queue Fixup (ms): Min: 0.0, Avg: 0.0, Max: 0.0, Diff: 0.0, Sum: 0.1]
      [Table Fixup (ms): Min: 0.1, Avg: 0.1, Max: 0.1, Diff: 0.0, Sum: 0.5]
   [Clear CT: 0.0 ms]
   [Other: 2.0 ms]
      [Evacuation Failure: 1.7 ms]
      [Choose CSet: 0.0 ms]
      [Ref Proc: 0.0 ms]
      [Ref Enq: 0.0 ms]
      [Redirty Cards: 0.1 ms]
      [Humongous Register: 0.0 ms]
      [Humongous Reclaim: 0.0 ms]
      [Free CSet: 0.1 ms]
   [Eden: 89.0M(89.0M)->0.0B(89.0M) Survivors: 13.0M->13.0M Heap: 1807.2M(2048.0M)->1762.3M(2048.0M)]
 [Times: user=0.38 sys=0.00, real=0.09 secs] 
38.746: [GC concurrent-string-deduplication, 10.4K->10.1K(320.0B), avg 10.6%, 0.0005449 secs]
   [Last Exec: 0.0005449 secs, Idle: 0.1757342 secs, Blocked: 0/0.0000000 secs]
      [Inspected:           10667]
         [Skipped:              0(  0.0%)]
         [Hashed:             222(  2.1%)]
         [Known:            10445( 97.9%)]
         [New:                222(  2.1%)     10.4K]
      [Deduplicated:            6(  2.7%)    320.0B(  3.0%)]
         [Young:                0(  0.0%)      0.0B(  0.0%)]
         [Old:                  6(100.0%)    320.0B(100.0%)]
   [Total Exec: 93/0.0999609 secs, Idle: 93/38.4253302 secs, Blocked: 0/0.0000000 secs]
      [Inspected:          755696]
         [Skipped:              0(  0.0%)]
         [Hashed:           16972(  2.2%)]
         [Known:           737626( 97.6%)]
         [New:              18070(  2.4%)    920.6K]
      [Deduplicated:         1817( 10.1%)     97.2K( 10.6%)]
         [Young:                8(  0.4%)    424.0B(  0.4%)]
         [Old:               1809( 99.6%)     96.8K( 99.6%)]
   [Table]
      [Memory Usage: 345.8K]
      [Size: 8192, Min: 1024, Max: 16777216]
      [Entries: 12022, Load: 146.8%, Cached: 0, Added: 21277, Removed: 9255]
      [Resize Count: 3, Shrink Threshold: 5461(66.7%), Grow Threshold: 16384(200.0%)]
      [Rehash Count: 0, Rehash Threshold: 120, Hash Seed: 0x0]
      [Age Threshold: 3]
   [Queue]
      [Dropped: 0]
38.848: [GC pause (G1 Evacuation Pause) (young) (to-space exhausted), 0.1002303 secs]
   [Parallel Time: 85.8 ms, GC Workers: 4]
      [GC Worker Start (ms): Min: 38847.7, Avg: 38847.7, Max: 38847.7, Diff: 0.0]
      [Ext Root Scanning (ms): Min: 0.2, Avg: 0.2, Max: 0.2, Diff: 0.0, Sum: 0.8]
      [Update RS (ms): Min: 0.0, Avg: 3.8, Max: 5.3, Diff: 5.3, Sum: 15.4]
         [Processed Buffers: Min: 0, Avg: 28.8, Max: 44, Diff: 44, Sum: 115]
      [Scan RS (ms): Min: 0.0, Avg: 1.4, Max: 2.0, Diff: 2.0, Sum: 5.4]
      [Code Root Scanning (ms): Min: 0.0, Avg: 0.0, Max: 0.0, Diff: 0.0, Sum: 0.0]
      [Object Copy (ms): Min: 77.7, Avg: 79.9, Max: 84.6, Diff: 6.9, Sum: 319.5]
      [Termination (ms): Min: 0.0, Avg: 0.5, Max: 1.0, Diff: 1.0, Sum: 2.0]
         [Termination Attempts: Min: 1, Avg: 1.0, Max: 1, Diff: 0, Sum: 4]
      [GC Worker Other (ms): Min: 0.0, Avg: 0.0, Max: 0.0, Diff: 0.0, Sum: 0.0]
      [GC Worker Total (ms): Min: 85.8, Avg: 85.8, Max: 85.8, Diff: 0.0, Sum: 343.1]
      [GC Worker End (ms): Min: 38933.5, Avg: 38933.5, Max: 38933.5, Diff: 0.0]
   [Code Root Fixup: 0.0 ms]
   [Code Root Purge: 0.0 ms]
   [String Dedup Fixup: 0.2 ms, GC Workers: 4]
      [Queue Fixup (ms): Min: 0.0, Avg: 0.0, Max: 0.0, Diff: 0.0, Sum: 0.0]
      [Table Fixup (ms): Min: 0.1, Avg: 0.1, Max: 0.1, Diff: 0.1, Sum: 0.5]
   [Clear CT: 0.1 ms]
   [Other: 14.1 ms]
      [Evacuation Failure: 13.5 ms]
      [Choose CSet: 0.0 ms]
      [Ref Proc: 0.2 ms]
      [Ref Enq: 0.0 ms]
      [Redirty Cards: 0.2 ms]
      [Humongous Register: 0.0 ms]
      [Humongous Reclaim: 0.0 ms]
      [Free CSet: 0.1 ms]
   [Eden: 87.0M(89.0M)->0.0B(102.0M) Survivors: 13.0M->0.0B Heap: 1849.3M(2048.0M)->1842.3M(2048.0M)]
 [Times: user=0.14 sys=0.00, real=0.10 secs] 
38.974: [GC pause (G1 Evacuation Pause) (young) (to-space exhausted), 0.0240099 secs]
   [Parallel Time: 22.0 ms, GC Workers: 4]
      [GC Worker Start (ms): Min: 38973.6, Avg: 38973.7, Max: 38973.7, Diff: 0.1]
      [Ext Root Scanning (ms): Min: 0.2, Avg: 0.2, Max: 0.3, Diff: 0.1, Sum: 0.8]
      [Update RS (ms): Min: 16.7, Avg: 16.8, Max: 17.0, Diff: 0.3, Sum: 67.2]
         [Processed Buffers: Min: 33, Avg: 39.3, Max: 42, Diff: 9, Sum: 157]
      [Scan RS (ms): Min: 0.0, Avg: 0.0, Max: 0.0, Diff: 0.0, Sum: 0.0]
      [Code Root Scanning (ms): Min: 0.0, Avg: 0.0, Max: 0.0, Diff: 0.0, Sum: 0.0]
      [Object Copy (ms): Min: 3.5, Avg: 4.3, Max: 5.0, Diff: 1.4, Sum: 17.2]
      [Termination (ms): Min: 0.0, Avg: 0.6, Max: 1.5, Diff: 1.5, Sum: 2.6]
         [Termination Attempts: Min: 1, Avg: 1.0, Max: 1, Diff: 0, Sum: 4]
      [GC Worker Other (ms): Min: 0.0, Avg: 0.0, Max: 0.0, Diff: 0.0, Sum: 0.0]
      [GC Worker Total (ms): Min: 21.9, Avg: 22.0, Max: 22.0, Diff: 0.1, Sum: 87.9]
      [GC Worker End (ms): Min: 38995.6, Avg: 38995.6, Max: 38995.7, Diff: 0.0]
   [Code Root Fixup: 0.0 ms]
   [Code Root Purge: 0.0 ms]
   [String Dedup Fixup: 0.2 ms, GC Workers: 4]
      [Queue Fixup (ms): Min: 0.0, Avg: 0.0, Max: 0.0, Diff: 0.0, Sum: 0.0]
      [Table Fixup (ms): Min: 0.1, Avg: 0.1, Max: 0.2, Diff: 0.1, Sum: 0.5]
   [Clear CT: 0.2 ms]
   [Other: 1.6 ms]
      [Evacuation Failure: 1.2 ms]
      [Choose CSet: 0.0 ms]
      [Ref Proc: 0.1 ms]
      [Ref Enq: 0.0 ms]
      [Redirty Cards: 0.1 ms]
      [Humongous Register: 0.0 ms]
      [Humongous Reclaim: 0.0 ms]
      [Free CSet: 0.0 ms]
   [Eden: 7168.0K(102.0M)->0.0B(102.0M) Survivors: 0.0B->0.0B Heap: 1849.3M(2048.0M)->1849.3M(2048.0M)]
 [Times: user=0.13 sys=0.00, real=0.02 secs] 
38.998: [GC pause (G1 Evacuation Pause) (young), 0.0030291 secs]
   [Parallel Time: 2.6 ms, GC Workers: 4]
      [GC Worker Start (ms): Min: 38998.3, Avg: 38998.4, Max: 38998.4, Diff: 0.0]
      [Ext Root Scanning (ms): Min: 0.2, Avg: 0.2, Max: 0.2, Diff: 0.0, Sum: 0.8]
      [Update RS (ms): Min: 1.9, Avg: 2.1, Max: 2.4, Diff: 0.5, Sum: 8.5]
         [Processed Buffers: Min: 6, Avg: 7.3, Max: 8, Diff: 2, Sum: 29]
      [Scan RS (ms): Min: 0.0, Avg: 0.0, Max: 0.0, Diff: 0.0, Sum: 0.0]
      [Code Root Scanning (ms): Min: 0.0, Avg: 0.0, Max: 0.0, Diff: 0.0, Sum: 0.0]
      [Object Copy (ms): Min: 0.0, Avg: 0.0, Max: 0.0, Diff: 0.0, Sum: 0.0]
      [Termination (ms): Min: 0.0, Avg: 0.2, Max: 0.5, Diff: 0.5, Sum: 1.0]
         [Termination Attempts: Min: 1, Avg: 1.0, Max: 1, Diff: 0, Sum: 4]
      [GC Worker Other (ms): Min: 0.0, Avg: 0.0, Max: 0.0, Diff: 0.0, Sum: 0.0]
      [GC Worker Total (ms): Min: 2.6, Avg: 2.6, Max: 2.6, Diff: 0.0, Sum: 10.3]
      [GC Worker End (ms): Min: 39000.9, Avg: 39000.9, Max: 39000.9, Diff: 0.0]
   [Code Root Fixup: 0.0 ms]
   [Code Root Purge: 0.0 ms]
   [String Dedup Fixup: 0.1 ms, GC Workers: 4]
      [Queue Fixup (ms): Min: 0.0, Avg: 0.0, Max: 0.0, Diff: 0.0, Sum: 0.0]
      [Table Fixup (ms): Min: 0.1, Avg: 0.1, Max: 0.1, Diff: 0.0, Sum: 0.4]
   [Clear CT: 0.1 ms]
   [Other: 0.2 ms]
      [Choose CSet: 0.0 ms]
      [Ref Proc: 0.1 ms]
      [Ref Enq: 0.0 ms]
      [Redirty Cards: 0.1 ms]
      [Humongous Register: 0.0 ms]
      [Humongous Reclaim: 0.0 ms]
      [Free CSet: 0.0 ms]
   [Eden: 0.0B(102.0M)->0.0B(102.0M) Survivors: 0.0B->0.0B Heap: 1849.3M(2048.0M)->1849.3M(2048.0M)]
 [Times: user=0.00 sys=0.00, real=0.00 secs] 
39.002: [Full GC (Allocation Failure)  1849M->1196M(2048M), 1.6490165 secs]
   [Eden: 0.0B(102.0M)->0.0B(337.0M) Survivors: 0.0B->0.0B Heap: 1849.3M(2048.0M)->1196.5M(2048.0M)], [Metaspace: 9202K->9202K(1058816K)]
 [Times: user=3.28 sys=0.00, real=1.65 secs] 
40.651: [GC concurrent-mark-abort]
40.939: [GC pause (G1 Evacuation Pause) (young), 0.1517965 secs]
   [Parallel Time: 151.0 ms, GC Workers: 4]
      [GC Worker Start (ms): Min: 40938.7, Avg: 40938.7, Max: 40938.7, Diff: 0.1]
      [Ext Root Scanning (ms): Min: 0.2, Avg: 0.2, Max: 0.3, Diff: 0.1, Sum: 0.9]
      [Update RS (ms): Min: 0.0, Avg: 0.0, Max: 0.1, Diff: 0.1, Sum: 0.1]
         [Processed Buffers: Min: 0, Avg: 1.0, Max: 2, Diff: 2, Sum: 4]
      [Scan RS (ms): Min: 0.0, Avg: 0.0, Max: 0.1, Diff: 0.0, Sum: 0.2]
      [Code Root Scanning (ms): Min: 0.0, Avg: 0.0, Max: 0.0, Diff: 0.0, Sum: 0.0]
      [Object Copy (ms): Min: 150.6, Avg: 150.6, Max: 150.7, Diff: 0.0, Sum: 602.6]
      [Termination (ms): Min: 0.0, Avg: 0.0, Max: 0.0, Diff: 0.0, Sum: 0.0]
         [Termination Attempts: Min: 10, Avg: 12.3, Max: 16, Diff: 6, Sum: 49]
      [GC Worker Other (ms): Min: 0.0, Avg: 0.0, Max: 0.0, Diff: 0.0, Sum: 0.1]
      [GC Worker Total (ms): Min: 150.9, Avg: 151.0, Max: 151.0, Diff: 0.1, Sum: 603.9]
      [GC Worker End (ms): Min: 41089.7, Avg: 41089.7, Max: 41089.7, Diff: 0.0]
   [Code Root Fixup: 0.0 ms]
   [Code Root Purge: 0.0 ms]
   [String Dedup Fixup: 0.1 ms, GC Workers: 4]
      [Queue Fixup (ms): Min: 0.0, Avg: 0.0, Max: 0.0, Diff: 0.0, Sum: 0.1]
      [Table Fixup (ms): Min: 0.1, Avg: 0.1, Max: 0.1, Diff: 0.0, Sum: 0.4]
   [Clear CT: 0.1 ms]
   [Other: 0.5 ms]
      [Choose CSet: 0.0 ms]
      [Ref Proc: 0.0 ms]
      [Ref Enq: 0.0 ms]
      [Redirty Cards: 0.1 ms]
      [Humongous Register: 0.0 ms]
      [Humongous Reclaim: 0.0 ms]
      [Free CSet: 0.2 ms]
   [Eden: 337.0M(337.0M)->0.0B(244.0M) Survivors: 0.0B->43.0M Heap: 1533.5M(2048.0M)->1321.0M(2048.0M)]
 [Times: user=0.58 sys=0.00, real=0.15 secs] 
41.091: [GC concurrent-string-deduplication, 12.6K->12.6K(0.0B), avg 10.4%, 0.0006684 secs]
   [Last Exec: 0.0006684 secs, Idle: 2.3442711 secs, Blocked: 0/0.0000000 secs]
      [Inspected:           13302]
         [Skipped:              0(  0.0%)]
         [Hashed:             269(  2.0%)]
         [Known:            13033( 98.0%)]
         [New:                269(  2.0%)     12.6K]
      [Deduplicated:            0(  0.0%)      0.0B(  0.0%)]
         [Young:                0(  0.0%)      0.0B(  0.0%)]
         [Old:                  0(  0.0%)      0.0B(  0.0%)]
   [Total Exec: 94/0.1006293 secs, Idle: 94/40.7696012 secs, Blocked: 0/0.0000000 secs]
      [Inspected:          768998]
         [Skipped:              0(  0.0%)]
         [Hashed:           17241(  2.2%)]
         [Known:           750659( 97.6%)]
         [New:              18339(  2.4%)    933.2K]
      [Deduplicated:         1817(  9.9%)     97.2K( 10.4%)]
         [Young:                8(  0.4%)    424.0B(  0.4%)]
         [Old:               1809( 99.6%)     96.8K( 99.6%)]
   [Table]
      [Memory Usage: 325.0K]
      [Size: 8192, Min: 1024, Max: 16777216]
      [Entries: 10315, Load: 125.9%, Cached: 819, Added: 21563, Removed: 11248]
      [Resize Count: 3, Shrink Threshold: 5461(66.7%), Grow Threshold: 16384(200.0%)]
      [Rehash Count: 0, Rehash Threshold: 120, Hash Seed: 0x0]
      [Age Threshold: 3]
   [Queue]
      [Dropped: 0]
41.331: [GC pause (G1 Evacuation Pause) (young) (initial-mark), 0.2292451 secs]
   [Parallel Time: 228.2 ms, GC Workers: 4]
      [GC Worker Start (ms): Min: 41331.1, Avg: 41331.1, Max: 41331.1, Diff: 0.1]
      [Ext Root Scanning (ms): Min: 0.3, Avg: 0.3, Max: 0.3, Diff: 0.1, Sum: 1.1]
      [Update RS (ms): Min: 23.2, Avg: 23.3, Max: 23.4, Diff: 0.2, Sum: 93.1]
         [Processed Buffers: Min: 34, Avg: 34.8, Max: 35, Diff: 1, Sum: 139]
      [Scan RS (ms): Min: 13.0, Avg: 13.1, Max: 13.2, Diff: 0.2, Sum: 52.4]
      [Code Root Scanning (ms): Min: 0.0, Avg: 0.0, Max: 0.0, Diff: 0.0, Sum: 0.0]
      [Object Copy (ms): Min: 191.1, Avg: 191.2, Max: 191.5, Diff: 0.4, Sum: 764.9]
      [Termination (ms): Min: 0.0, Avg: 0.3, Max: 0.3, Diff: 0.3, Sum: 1.0]
         [Termination Attempts: Min: 1, Avg: 1.0, Max: 1, Diff: 0, Sum: 4]
      [GC Worker Other (ms): Min: 0.0, Avg: 0.0, Max: 0.0, Diff: 0.0, Sum: 0.1]
      [GC Worker Total (ms): Min: 228.1, Avg: 228.1, Max: 228.2, Diff: 0.1, Sum: 912.6]
      [GC Worker End (ms): Min: 41559.2, Avg: 41559.3, Max: 41559.3, Diff: 0.0]
   [Code Root Fixup: 0.0 ms]
   [Code Root Purge: 0.0 ms]
   [String Dedup Fixup: 0.2 ms, GC Workers: 4]
      [Queue Fixup (ms): Min: 0.0, Avg: 0.0, Max: 0.0, Diff: 0.0, Sum: 0.1]
      [Table Fixup (ms): Min: 0.1, Avg: 0.1, Max: 0.1, Diff: 0.0, Sum: 0.5]
   [Clear CT: 0.1 ms]
   [Other: 0.8 ms]
      [Choose CSet: 0.0 ms]
      [Ref Proc: 0.0 ms]
      [Ref Enq: 0.0 ms]
      [Redirty Cards: 0.2 ms]
      [Humongous Register: 0.0 ms]
      [Humongous Reclaim: 0.0 ms]
      [Free CSet: 0.3 ms]
   [Eden: 244.0M(244.0M)->0.0B(66.0M) Survivors: 43.0M->36.0M Heap: 1565.0M(2048.0M)->1407.3M(2048.0M)]
 [Times: user=0.92 sys=0.00, real=0.23 secs] 
41.560: [GC concurrent-root-region-scan-start]
41.561: [GC concurrent-string-deduplication, 20.0K->19.5K(480.0B), avg 10.2%, 0.0010026 secs]
   [Last Exec: 0.0010026 secs, Idle: 0.4691008 secs, Blocked: 0/0.0000000 secs]
      [Inspected:           20103]
         [Skipped:              0(  0.0%)]
         [Hashed:             426(  2.1%)]
         [Known:            19677( 97.9%)]
         [New:                426(  2.1%)     20.0K]
      [Deduplicated:            9(  2.1%)    480.0B(  2.3%)]
         [Young:                0(  0.0%)      0.0B(  0.0%)]
         [Old:                  9(100.0%)    480.0B(100.0%)]
   [Total Exec: 95/0.1016320 secs, Idle: 95/41.2387020 secs, Blocked: 0/0.0000000 secs]
      [Inspected:          789101]
         [Skipped:              0(  0.0%)]
         [Hashed:           17667(  2.2%)]
         [Known:           770336( 97.6%)]
         [New:              18765(  2.4%)    953.2K]
      [Deduplicated:         1826(  9.7%)     97.6K( 10.2%)]
         [Young:                8(  0.4%)    424.0B(  0.4%)]
         [Old:               1818( 99.6%)     97.2K( 99.6%)]
   [Table]
      [Memory Usage: 325.0K]
      [Size: 8192, Min: 1024, Max: 16777216]
      [Entries: 10732, Load: 131.0%, Cached: 402, Added: 21980, Removed: 11248]
      [Resize Count: 3, Shrink Threshold: 5461(66.7%), Grow Threshold: 16384(200.0%)]
      [Rehash Count: 0, Rehash Threshold: 120, Hash Seed: 0x0]
      [Age Threshold: 3]
   [Queue]
      [Dropped: 0]
41.619: [GC concurrent-root-region-scan-end, 0.0583954 secs]
41.619: [GC concurrent-mark-start]
41.683: [GC pause (G1 Evacuation Pause) (young), 0.0846283 secs]
   [Parallel Time: 84.1 ms, GC Workers: 4]
      [GC Worker Start (ms): Min: 41683.0, Avg: 41683.0, Max: 41683.0, Diff: 0.0]
      [Ext Root Scanning (ms): Min: 0.2, Avg: 0.2, Max: 0.2, Diff: 0.0, Sum: 0.8]
      [Update RS (ms): Min: 18.7, Avg: 18.8, Max: 18.9, Diff: 0.3, Sum: 75.2]
         [Processed Buffers: Min: 28, Avg: 31.0, Max: 34, Diff: 6, Sum: 124]
      [Scan RS (ms): Min: 2.2, Avg: 2.3, Max: 2.4, Diff: 0.2, Sum: 9.3]
      [Code Root Scanning (ms): Min: 0.0, Avg: 0.0, Max: 0.0, Diff: 0.0, Sum: 0.0]
      [Object Copy (ms): Min: 62.7, Avg: 62.7, Max: 62.8, Diff: 0.0, Sum: 250.9]
      [Termination (ms): Min: 0.0, Avg: 0.0, Max: 0.0, Diff: 0.0, Sum: 0.0]
         [Termination Attempts: Min: 4, Avg: 5.5, Max: 7, Diff: 3, Sum: 22]
      [GC Worker Other (ms): Min: 0.0, Avg: 0.0, Max: 0.0, Diff: 0.0, Sum: 0.1]
      [GC Worker Total (ms): Min: 84.0, Avg: 84.1, Max: 84.1, Diff: 0.0, Sum: 336.2]
      [GC Worker End (ms): Min: 41767.1, Avg: 41767.1, Max: 41767.1, Diff: 0.0]
   [Code Root Fixup: 0.0 ms]
   [Code Root Purge: 0.0 ms]
   [String Dedup Fixup: 0.1 ms, GC Workers: 4]
      [Queue Fixup (ms): Min: 0.0, Avg: 0.0, Max: 0.0, Diff: 0.0, Sum: 0.0]
      [Table Fixup (ms): Min: 0.1, Avg: 0.1, Max: 0.1, Diff: 0.0, Sum: 0.4]
   [Clear CT: 0.0 ms]
   [Other: 0.4 ms]
      [Choose CSet: 0.0 ms]
      [Ref Proc: 0.0 ms]
      [Ref Enq: 0.0 ms]
      [Redirty Cards: 0.1 ms]
      [Humongous Register: 0.0 ms]
      [Humongous Reclaim: 0.0 ms]
      [Free CSet: 0.1 ms]
   [Eden: 66.0M(66.0M)->0.0B(89.0M) Survivors: 36.0M->13.0M Heap: 1473.3M(2048.0M)->1431.9M(2048.0M)]
 [Times: user=0.36 sys=0.00, real=0.09 secs] 
41.768: [GC concurrent-string-deduplication, 5632.0B->5472.0B(160.0B), avg 10.2%, 0.0002665 secs]
   [Last Exec: 0.0002665 secs, Idle: 0.2063231 secs, Blocked: 0/0.0000000 secs]
      [Inspected:            5499]
         [Skipped:              0(  0.0%)]
         [Hashed:             117(  2.1%)]
         [Known:             5382( 97.9%)]
         [New:                117(  2.1%)   5632.0B]
      [Deduplicated:            3(  2.6%)    160.0B(  2.8%)]
         [Young:                0(  0.0%)      0.0B(  0.0%)]
         [Old:                  3(100.0%)    160.0B(100.0%)]
   [Total Exec: 96/0.1018985 secs, Idle: 96/41.4450252 secs, Blocked: 0/0.0000000 secs]
      [Inspected:          794600]
         [Skipped:              0(  0.0%)]
         [Hashed:           17784(  2.2%)]
         [Known:           775718( 97.6%)]
         [New:              18882(  2.4%)    958.7K]
      [Deduplicated:         1829(  9.7%)     97.8K( 10.2%)]
         [Young:                8(  0.4%)    424.0B(  0.4%)]
         [Old:               1821( 99.6%)     97.4K( 99.6%)]
   [Table]
      [Memory Usage: 325.0K]
      [Size: 8192, Min: 1024, Max: 16777216]
      [Entries: 10846, Load: 132.4%, Cached: 288, Added: 22094, Removed: 11248]
      [Resize Count: 3, Shrink Threshold: 5461(66.7%), Grow Threshold: 16384(200.0%)]
      [Rehash Count: 0, Rehash Threshold: 120, Hash Seed: 0x0]
      [Age Threshold: 3]
   [Queue]
      [Dropped: 0]
41.862: [GC pause (G1 Evacuation Pause) (young), 0.0734541 secs]
   [Parallel Time: 73.0 ms, GC Workers: 4]
      [GC Worker Start (ms): Min: 41862.1, Avg: 41862.1, Max: 41862.1, Diff: 0.0]
      [Ext Root Scanning (ms): Min: 0.2, Avg: 0.2, Max: 0.2, Diff: 0.0, Sum: 0.8]
      [Update RS (ms): Min: 19.5, Avg: 19.7, Max: 20.0, Diff: 0.5, Sum: 78.9]
         [Processed Buffers: Min: 32, Avg: 34.0, Max: 35, Diff: 3, Sum: 136]
      [Scan RS (ms): Min: 0.0, Avg: 0.0, Max: 0.1, Diff: 0.1, Sum: 0.1]
      [Code Root Scanning (ms): Min: 0.0, Avg: 0.0, Max: 0.0, Diff: 0.0, Sum: 0.0]
      [Object Copy (ms): Min: 52.7, Avg: 53.0, Max: 53.2, Diff: 0.5, Sum: 211.9]
      [Termination (ms): Min: 0.0, Avg: 0.0, Max: 0.0, Diff: 0.0, Sum: 0.0]
         [Termination Attempts: Min: 25, Avg: 31.3, Max: 40, Diff: 15, Sum: 125]
      [GC Worker Other (ms): Min: 0.0, Avg: 0.0, Max: 0.0, Diff: 0.0, Sum: 0.0]
      [GC Worker Total (ms): Min: 72.9, Avg: 72.9, Max: 73.0, Diff: 0.0, Sum: 291.8]
      [GC Worker End (ms): Min: 41935.0, Avg: 41935.0, Max: 41935.0, Diff: 0.0]
   [Code Root Fixup: 0.0 ms]
   [Code Root Purge: 0.0 ms]
   [String Dedup Fixup: 0.1 ms, GC Workers: 4]
      [Queue Fixup (ms): Min: 0.0, Avg: 0.0, Max: 0.0, Diff: 0.0, Sum: 0.0]
      [Table Fixup (ms): Min: 0.1, Avg: 0.1, Max: 0.1, Diff: 0.0, Sum: 0.4]
   [Clear CT: 0.0 ms]
   [Other: 0.3 ms]
      [Choose CSet: 0.0 ms]
      [Ref Proc: 0.0 ms]
      [Ref Enq: 0.0 ms]
      [Redirty Cards: 0.1 ms]
      [Humongous Register: 0.0 ms]
      [Humongous Reclaim: 0.0 ms]
      [Free CSet: 0.1 ms]
   [Eden: 89.0M(89.0M)->0.0B(89.0M) Survivors: 13.0M->13.0M Heap: 1520.9M(2048.0M)->1465.0M(2048.0M)]
 [Times: user=0.31 sys=0.00, real=0.07 secs] 
41.936: [GC concurrent-string-deduplication, 8336.0B->8016.0B(320.0B), avg 10.1%, 0.0003907 secs]
   [Last Exec: 0.0003907 secs, Idle: 0.1675496 secs, Blocked: 0/0.0000000 secs]
      [Inspected:            8088]
         [Skipped:              0(  0.0%)]
         [Hashed:             173(  2.1%)]
         [Known:             7915( 97.9%)]
         [New:                173(  2.1%)   8336.0B]
      [Deduplicated:            6(  3.5%)    320.0B(  3.8%)]
         [Young:                0(  0.0%)      0.0B(  0.0%)]
         [Old:                  6(100.0%)    320.0B(100.0%)]
   [Total Exec: 97/0.1022891 secs, Idle: 97/41.6125748 secs, Blocked: 0/0.0000000 secs]
      [Inspected:          802688]
         [Skipped:              0(  0.0%)]
         [Hashed:           17957(  2.2%)]
         [Known:           783633( 97.6%)]
         [New:              19055(  2.4%)    966.9K]
      [Deduplicated:         1835(  9.6%)     98.1K( 10.1%)]
         [Young:                8(  0.4%)    424.0B(  0.4%)]
         [Old:               1827( 99.6%)     97.7K( 99.6%)]
   [Table]
      [Memory Usage: 325.0K]
      [Size: 8192, Min: 1024, Max: 16777216]
      [Entries: 11013, Load: 134.4%, Cached: 121, Added: 22261, Removed: 11248]
      [Resize Count: 3, Shrink Threshold: 5461(66.7%), Grow Threshold: 16384(200.0%)]
      [Rehash Count: 0, Rehash Threshold: 120, Hash Seed: 0x0]
      [Age Threshold: 3]
   [Queue]
      [Dropped: 0]
42.015: [GC pause (G1 Evacuation Pause) (young), 0.0716076 secs]
   [Parallel Time: 71.0 ms, GC Workers: 4]
      [GC Worker Start (ms): Min: 42014.9, Avg: 42015.0, Max: 42015.0, Diff: 0.0]
      [Ext Root Scanning (ms): Min: 0.2, Avg: 0.2, Max: 0.2, Diff: 0.0, Sum: 0.8]
      [Update RS (ms): Min: 25.6, Avg: 25.8, Max: 26.2, Diff: 0.6, Sum: 103.1]
         [Processed Buffers: Min: 44, Avg: 46.5, Max: 49, Diff: 5, Sum: 186]
      [Scan RS (ms): Min: 0.0, Avg: 0.0, Max: 0.0, Diff: 0.0, Sum: 0.0]
      [Code Root Scanning (ms): Min: 0.0, Avg: 0.0, Max: 0.0, Diff: 0.0, Sum: 0.0]
      [Object Copy (ms): Min: 44.6, Avg: 45.0, Max: 45.1, Diff: 0.5, Sum: 179.9]
      [Termination (ms): Min: 0.0, Avg: 0.0, Max: 0.0, Diff: 0.0, Sum: 0.0]
         [Termination Attempts: Min: 5, Avg: 6.8, Max: 8, Diff: 3, Sum: 27]
      [GC Worker Other (ms): Min: 0.0, Avg: 0.0, Max: 0.0, Diff: 0.0, Sum: 0.0]
      [GC Worker Total (ms): Min: 71.0, Avg: 71.0, Max: 71.0, Diff: 0.0, Sum: 283.9]
      [GC Worker End (ms): Min: 42085.9, Avg: 42085.9, Max: 42085.9, Diff: 0.0]
   [Code Root Fixup: 0.0 ms]
   [Code Root Purge: 0.0 ms]
   [String Dedup Fixup: 0.1 ms, GC Workers: 4]
      [Queue Fixup (ms): Min: 0.0, Avg: 0.0, Max: 0.0, Diff: 0.0, Sum: 0.0]
      [Table Fixup (ms): Min: 0.1, Avg: 0.1, Max: 0.1, Diff: 0.0, Sum: 0.4]
   [Clear CT: 0.2 ms]
   [Other: 0.3 ms]
      [Choose CSet: 0.0 ms]
      [Ref Proc: 0.0 ms]
      [Ref Enq: 0.0 ms]
      [Redirty Cards: 0.1 ms]
      [Humongous Register: 0.0 ms]
      [Humongous Reclaim: 0.0 ms]
      [Free CSet: 0.1 ms]
   [Eden: 89.0M(89.0M)->0.0B(89.0M) Survivors: 13.0M->13.0M Heap: 1554.0M(2048.0M)->1498.0M(2048.0M)]
 [Times: user=0.25 sys=0.00, real=0.07 secs] 
42.087: [GC concurrent-string-deduplication, 3856.0B->3696.0B(160.0B), avg 10.1%, 0.0001880 secs]
   [Last Exec: 0.0001880 secs, Idle: 0.1506127 secs, Blocked: 0/0.0000000 secs]
      [Inspected:            3805]
         [Skipped:              0(  0.0%)]
         [Hashed:              80(  2.1%)]
         [Known:             3725( 97.9%)]
         [New:                 80(  2.1%)   3856.0B]
      [Deduplicated:            3(  3.8%)    160.0B(  4.1%)]
         [Young:                0(  0.0%)      0.0B(  0.0%)]
         [Old:                  3(100.0%)    160.0B(100.0%)]
   [Total Exec: 98/0.1024771 secs, Idle: 98/41.7631874 secs, Blocked: 0/0.0000000 secs]
      [Inspected:          806493]
         [Skipped:              0(  0.0%)]
         [Hashed:           18037(  2.2%)]
         [Known:           787358( 97.6%)]
         [New:              19135(  2.4%)    970.6K]
      [Deduplicated:         1838(  9.6%)     98.3K( 10.1%)]
         [Young:                8(  0.4%)    424.0B(  0.4%)]
         [Old:               1830( 99.6%)     97.9K( 99.6%)]
   [Table]
      [Memory Usage: 325.0K]
      [Size: 8192, Min: 1024, Max: 16777216]
      [Entries: 11090, Load: 135.4%, Cached: 44, Added: 22338, Removed: 11248]
      [Resize Count: 3, Shrink Threshold: 5461(66.7%), Grow Threshold: 16384(200.0%)]
      [Rehash Count: 0, Rehash Threshold: 120, Hash Seed: 0x0]
      [Age Threshold: 3]
   [Queue]
      [Dropped: 0]
42.165: [GC pause (G1 Evacuation Pause) (young), 0.0743191 secs]
   [Parallel Time: 73.8 ms, GC Workers: 4]
      [GC Worker Start (ms): Min: 42164.7, Avg: 42164.7, Max: 42164.7, Diff: 0.0]
      [Ext Root Scanning (ms): Min: 0.2, Avg: 0.2, Max: 0.2, Diff: 0.0, Sum: 0.8]
      [Update RS (ms): Min: 18.3, Avg: 18.4, Max: 18.5, Diff: 0.2, Sum: 73.7]
         [Processed Buffers: Min: 31, Avg: 33.5, Max: 35, Diff: 4, Sum: 134]
      [Scan RS (ms): Min: 0.4, Avg: 0.6, Max: 0.7, Diff: 0.2, Sum: 2.2]
      [Code Root Scanning (ms): Min: 0.0, Avg: 0.0, Max: 0.0, Diff: 0.0, Sum: 0.0]
      [Object Copy (ms): Min: 54.6, Avg: 54.6, Max: 54.6, Diff: 0.0, Sum: 218.5]
      [Termination (ms): Min: 0.0, Avg: 0.0, Max: 0.0, Diff: 0.0, Sum: 0.0]
         [Termination Attempts: Min: 12, Avg: 23.0, Max: 29, Diff: 17, Sum: 92]
      [GC Worker Other (ms): Min: 0.0, Avg: 0.0, Max: 0.0, Diff: 0.0, Sum: 0.0]
      [GC Worker Total (ms): Min: 73.8, Avg: 73.8, Max: 73.8, Diff: 0.0, Sum: 295.2]
      [GC Worker End (ms): Min: 42238.5, Avg: 42238.5, Max: 42238.5, Diff: 0.0]
   [Code Root Fixup: 0.0 ms]
   [Code Root Purge: 0.0 ms]
   [String Dedup Fixup: 0.1 ms, GC Workers: 4]
      [Queue Fixup (ms): Min: 0.0, Avg: 0.0, Max: 0.0, Diff: 0.0, Sum: 0.0]
      [Table Fixup (ms): Min: 0.1, Avg: 0.1, Max: 0.1, Diff: 0.0, Sum: 0.4]
   [Clear CT: 0.0 ms]
   [Other: 0.3 ms]
      [Choose CSet: 0.0 ms]
      [Ref Proc: 0.0 ms]
      [Ref Enq: 0.0 ms]
      [Redirty Cards: 0.1 ms]
      [Humongous Register: 0.0 ms]
      [Humongous Reclaim: 0.0 ms]
      [Free CSet: 0.1 ms]
   [Eden: 89.0M(89.0M)->0.0B(89.0M) Survivors: 13.0M->13.0M Heap: 1587.0M(2048.0M)->1531.3M(2048.0M)]
 [Times: user=0.31 sys=0.00, real=0.07 secs] 
42.239: [GC concurrent-string-deduplication, 6288.0B->6288.0B(0.0B), avg 10.1%, 0.0002957 secs]
   [Last Exec: 0.0002957 secs, Idle: 0.1522879 secs, Blocked: 0/0.0000000 secs]
      [Inspected:            5956]
         [Skipped:              0(  0.0%)]
         [Hashed:             131(  2.2%)]
         [Known:             5825( 97.8%)]
         [New:                131(  2.2%)   6288.0B]
      [Deduplicated:            0(  0.0%)      0.0B(  0.0%)]
         [Young:                0(  0.0%)      0.0B(  0.0%)]
         [Old:                  0(  0.0%)      0.0B(  0.0%)]
   [Total Exec: 99/0.1027728 secs, Idle: 99/41.9154753 secs, Blocked: 0/0.0000000 secs]
      [Inspected:          812449]
         [Skipped:              0(  0.0%)]
         [Hashed:           18168(  2.2%)]
         [Known:           793183( 97.6%)]
         [New:              19266(  2.4%)    976.8K]
      [Deduplicated:         1838(  9.5%)     98.3K( 10.1%)]
         [Young:                8(  0.4%)    424.0B(  0.4%)]
         [Old:               1830( 99.6%)     97.9K( 99.6%)]
   [Table]
      [Memory Usage: 327.0K]
      [Size: 8192, Min: 1024, Max: 16777216]
      [Entries: 11221, Load: 137.0%, Cached: 0, Added: 22469, Removed: 11248]
      [Resize Count: 3, Shrink Threshold: 5461(66.7%), Grow Threshold: 16384(200.0%)]
      [Rehash Count: 0, Rehash Threshold: 120, Hash Seed: 0x0]
      [Age Threshold: 3]
   [Queue]
      [Dropped: 0]
42.332: [GC pause (G1 Evacuation Pause) (young), 0.0803849 secs]
   [Parallel Time: 79.9 ms, GC Workers: 4]
      [GC Worker Start (ms): Min: 42331.6, Avg: 42331.6, Max: 42331.6, Diff: 0.0]
      [Ext Root Scanning (ms): Min: 0.2, Avg: 0.2, Max: 0.2, Diff: 0.0, Sum: 0.9]
      [Update RS (ms): Min: 21.6, Avg: 21.9, Max: 22.1, Diff: 0.5, Sum: 87.4]
         [Processed Buffers: Min: 34, Avg: 37.3, Max: 44, Diff: 10, Sum: 149]
      [Scan RS (ms): Min: 0.0, Avg: 0.0, Max: 0.1, Diff: 0.1, Sum: 0.1]
      [Code Root Scanning (ms): Min: 0.0, Avg: 0.0, Max: 0.0, Diff: 0.0, Sum: 0.0]
      [Object Copy (ms): Min: 57.5, Avg: 57.7, Max: 57.9, Diff: 0.4, Sum: 230.8]
      [Termination (ms): Min: 0.0, Avg: 0.0, Max: 0.0, Diff: 0.0, Sum: 0.1]
         [Termination Attempts: Min: 14, Avg: 167.8, Max: 238, Diff: 224, Sum: 671]
      [GC Worker Other (ms): Min: 0.0, Avg: 0.0, Max: 0.0, Diff: 0.0, Sum: 0.0]
      [GC Worker Total (ms): Min: 79.8, Avg: 79.8, Max: 79.9, Diff: 0.0, Sum: 319.4]
      [GC Worker End (ms): Min: 42411.4, Avg: 42411.4, Max: 42411.4, Diff: 0.0]
   [Code Root Fixup: 0.0 ms]
   [Code Root Purge: 0.0 ms]
   [String Dedup Fixup: 0.2 ms, GC Workers: 4]
      [Queue Fixup (ms): Min: 0.0, Avg: 0.0, Max: 0.0, Diff: 0.0, Sum: 0.0]
      [Table Fixup (ms): Min: 0.1, Avg: 0.1, Max: 0.1, Diff: 0.0, Sum: 0.5]
   [Clear CT: 0.0 ms]
   [Other: 0.3 ms]
      [Choose CSet: 0.0 ms]
      [Ref Proc: 0.0 ms]
      [Ref Enq: 0.0 ms]
      [Redirty Cards: 0.1 ms]
      [Humongous Register: 0.0 ms]
      [Humongous Reclaim: 0.0 ms]
      [Free CSet: 0.1 ms]
   [Eden: 89.0M(89.0M)->0.0B(89.0M) Survivors: 13.0M->13.0M Heap: 1620.3M(2048.0M)->1564.4M(2048.0M)]
 [Times: user=0.30 sys=0.00, real=0.08 secs] 
42.412: [GC concurrent-string-deduplication, 4816.0B->4656.0B(160.0B), avg 10.0%, 0.0002685 secs]
   [Last Exec: 0.0002685 secs, Idle: 0.1725753 secs, Blocked: 0/0.0000000 secs]
      [Inspected:            4911]
         [Skipped:              0(  0.0%)]
         [Hashed:             100(  2.0%)]
         [Known:             4811( 98.0%)]
         [New:                100(  2.0%)   4816.0B]
      [Deduplicated:            3(  3.0%)    160.0B(  3.3%)]
         [Young:                0(  0.0%)      0.0B(  0.0%)]
         [Old:                  3(100.0%)    160.0B(100.0%)]
   [Total Exec: 100/0.1030413 secs, Idle: 100/42.0880506 secs, Blocked: 0/0.0000000 secs]
      [Inspected:          817360]
         [Skipped:              0(  0.0%)]
         [Hashed:           18268(  2.2%)]
         [Known:           797994( 97.6%)]
         [New:              19366(  2.4%)    981.5K]
      [Deduplicated:         1841(  9.5%)     98.4K( 10.0%)]
         [Young:                8(  0.4%)    424.0B(  0.4%)]
         [Old:               1833( 99.6%)     98.0K( 99.6%)]
   [Table]
      [Memory Usage: 329.4K]
      [Size: 8192, Min: 1024, Max: 16777216]
      [Entries: 11323, Load: 138.2%, Cached: 0, Added: 22571, Removed: 11248]
      [Resize Count: 3, Shrink Threshold: 5461(66.7%), Grow Threshold: 16384(200.0%)]
      [Rehash Count: 0, Rehash Threshold: 120, Hash Seed: 0x0]
      [Age Threshold: 3]
   [Queue]
      [Dropped: 0]
42.493: [GC pause (G1 Evacuation Pause) (young), 0.0783835 secs]
   [Parallel Time: 77.8 ms, GC Workers: 4]
      [GC Worker Start (ms): Min: 42493.0, Avg: 42493.0, Max: 42493.0, Diff: 0.0]
      [Ext Root Scanning (ms): Min: 0.2, Avg: 0.2, Max: 0.2, Diff: 0.0, Sum: 0.8]
      [Update RS (ms): Min: 20.7, Avg: 20.9, Max: 21.1, Diff: 0.4, Sum: 83.7]
         [Processed Buffers: Min: 32, Avg: 32.8, Max: 33, Diff: 1, Sum: 131]
      [Scan RS (ms): Min: 0.0, Avg: 0.0, Max: 0.1, Diff: 0.1, Sum: 0.1]
      [Code Root Scanning (ms): Min: 0.0, Avg: 0.0, Max: 0.0, Diff: 0.0, Sum: 0.0]
      [Object Copy (ms): Min: 56.5, Avg: 56.7, Max: 56.8, Diff: 0.3, Sum: 226.6]
      [Termination (ms): Min: 0.0, Avg: 0.0, Max: 0.0, Diff: 0.0, Sum: 0.0]
         [Termination Attempts: Min: 11, Avg: 11.8, Max: 13, Diff: 2, Sum: 47]
      [GC Worker Other (ms): Min: 0.0, Avg: 0.0, Max: 0.0, Diff: 0.0, Sum: 0.0]
      [GC Worker Total (ms): Min: 77.8, Avg: 77.8, Max: 77.8, Diff: 0.0, Sum: 311.2]
      [GC Worker End (ms): Min: 42570.8, Avg: 42570.8, Max: 42570.8, Diff: 0.0]
   [Code Root Fixup: 0.0 ms]
   [Code Root Purge: 0.0 ms]
   [String Dedup Fixup: 0.2 ms, GC Workers: 4]
      [Queue Fixup (ms): Min: 0.0, Avg: 0.0, Max: 0.0, Diff: 0.0, Sum: 0.0]
      [Table Fixup (ms): Min: 0.1, Avg: 0.1, Max: 0.1, Diff: 0.0, Sum: 0.5]
   [Clear CT: 0.0 ms]
   [Other: 0.3 ms]
      [Choose CSet: 0.0 ms]
      [Ref Proc: 0.0 ms]
      [Ref Enq: 0.0 ms]
      [Redirty Cards: 0.1 ms]
      [Humongous Register: 0.0 ms]
      [Humongous Reclaim: 0.0 ms]
      [Free CSet: 0.1 ms]
   [Eden: 89.0M(89.0M)->0.0B(89.0M) Survivors: 13.0M->13.0M Heap: 1653.4M(2048.0M)->1597.6M(2048.0M)]
 [Times: user=0.31 sys=0.00, real=0.08 secs] 
42.572: [GC concurrent-string-deduplication, 6832.0B->6672.0B(160.0B), avg 10.0%, 0.0003390 secs]
   [Last Exec: 0.0003390 secs, Idle: 0.1591036 secs, Blocked: 0/0.0000000 secs]
      [Inspected:            6687]
         [Skipped:              0(  0.0%)]
         [Hashed:             142(  2.1%)]
         [Known:             6545( 97.9%)]
         [New:                142(  2.1%)   6832.0B]
      [Deduplicated:            3(  2.1%)    160.0B(  2.3%)]
         [Young:                0(  0.0%)      0.0B(  0.0%)]
         [Old:                  3(100.0%)    160.0B(100.0%)]
   [Total Exec: 101/0.1033803 secs, Idle: 101/42.2471542 secs, Blocked: 0/0.0000000 secs]
      [Inspected:          824047]
         [Skipped:              0(  0.0%)]
         [Hashed:           18410(  2.2%)]
         [Known:           804539( 97.6%)]
         [New:              19508(  2.4%)    988.1K]
      [Deduplicated:         1844(  9.5%)     98.6K( 10.0%)]
         [Young:                8(  0.4%)    424.0B(  0.4%)]
         [Old:               1836( 99.6%)     98.2K( 99.6%)]
   [Table]
      [Memory Usage: 332.6K]
      [Size: 8192, Min: 1024, Max: 16777216]
      [Entries: 11462, Load: 139.9%, Cached: 0, Added: 22710, Removed: 11248]
      [Resize Count: 3, Shrink Threshold: 5461(66.7%), Grow Threshold: 16384(200.0%)]
      [Rehash Count: 0, Rehash Threshold: 120, Hash Seed: 0x0]
      [Age Threshold: 3]
   [Queue]
      [Dropped: 0]
42.662: [GC pause (G1 Evacuation Pause) (young), 0.0765203 secs]
   [Parallel Time: 76.0 ms, GC Workers: 4]
      [GC Worker Start (ms): Min: 42661.8, Avg: 42661.9, Max: 42661.9, Diff: 0.0]
      [Ext Root Scanning (ms): Min: 0.2, Avg: 0.2, Max: 0.2, Diff: 0.0, Sum: 0.8]
      [Update RS (ms): Min: 18.0, Avg: 18.2, Max: 18.5, Diff: 0.5, Sum: 72.8]
         [Processed Buffers: Min: 28, Avg: 29.8, Max: 32, Diff: 4, Sum: 119]
      [Scan RS (ms): Min: 0.0, Avg: 0.2, Max: 0.4, Diff: 0.4, Sum: 0.9]
      [Code Root Scanning (ms): Min: 0.0, Avg: 0.0, Max: 0.0, Diff: 0.0, Sum: 0.0]
      [Object Copy (ms): Min: 57.3, Avg: 57.4, Max: 57.4, Diff: 0.1, Sum: 229.5]
      [Termination (ms): Min: 0.0, Avg: 0.0, Max: 0.0, Diff: 0.0, Sum: 0.0]
         [Termination Attempts: Min: 15, Avg: 16.8, Max: 21, Diff: 6, Sum: 67]
      [GC Worker Other (ms): Min: 0.0, Avg: 0.0, Max: 0.0, Diff: 0.0, Sum: 0.0]
      [GC Worker Total (ms): Min: 76.0, Avg: 76.0, Max: 76.0, Diff: 0.0, Sum: 304.0]
      [GC Worker End (ms): Min: 42737.8, Avg: 42737.8, Max: 42737.8, Diff: 0.0]
   [Code Root Fixup: 0.0 ms]
   [Code Root Purge: 0.0 ms]
   [String Dedup Fixup: 0.1 ms, GC Workers: 4]
      [Queue Fixup (ms): Min: 0.0, Avg: 0.0, Max: 0.0, Diff: 0.0, Sum: 0.1]
      [Table Fixup (ms): Min: 0.1, Avg: 0.1, Max: 0.1, Diff: 0.0, Sum: 0.5]
   [Clear CT: 0.0 ms]
   [Other: 0.3 ms]
      [Choose CSet: 0.0 ms]
      [Ref Proc: 0.0 ms]
      [Ref Enq: 0.0 ms]
      [Redirty Cards: 0.1 ms]
      [Humongous Register: 0.0 ms]
      [Humongous Reclaim: 0.0 ms]
      [Free CSet: 0.1 ms]
   [Eden: 89.0M(89.0M)->0.0B(89.0M) Survivors: 13.0M->13.0M Heap: 1686.6M(2048.0M)->1630.0M(2048.0M)]
 [Times: user=0.31 sys=0.00, real=0.08 secs] 
42.739: [GC concurrent-string-deduplication, 9392.0B->9072.0B(320.0B), avg 9.9%, 0.0004750 secs]
   [Last Exec: 0.0004750 secs, Idle: 0.1665665 secs, Blocked: 0/0.0000000 secs]
      [Inspected:            9831]
         [Skipped:              0(  0.0%)]
         [Hashed:             195(  2.0%)]
         [Known:             9636( 98.0%)]
         [New:                195(  2.0%)   9392.0B]
      [Deduplicated:            6(  3.1%)    320.0B(  3.4%)]
         [Young:                0(  0.0%)      0.0B(  0.0%)]
         [Old:                  6(100.0%)    320.0B(100.0%)]
   [Total Exec: 102/0.1038553 secs, Idle: 102/42.4137207 secs, Blocked: 0/0.0000000 secs]
      [Inspected:          833878]
         [Skipped:              0(  0.0%)]
         [Hashed:           18605(  2.2%)]
         [Known:           814175( 97.6%)]
         [New:              19703(  2.4%)    997.3K]
      [Deduplicated:         1850(  9.4%)     98.9K(  9.9%)]
         [Young:                8(  0.4%)    424.0B(  0.4%)]
         [Old:               1842( 99.6%)     98.5K( 99.6%)]
   [Table]
      [Memory Usage: 337.1K]
      [Size: 8192, Min: 1024, Max: 16777216]
      [Entries: 11651, Load: 142.2%, Cached: 0, Added: 22899, Removed: 11248]
      [Resize Count: 3, Shrink Threshold: 5461(66.7%), Grow Threshold: 16384(200.0%)]
      [Rehash Count: 0, Rehash Threshold: 120, Hash Seed: 0x0]
      [Age Threshold: 3]
   [Queue]
      [Dropped: 0]
42.816: [GC pause (G1 Evacuation Pause) (young), 0.0608022 secs]
   [Parallel Time: 60.3 ms, GC Workers: 4]
      [GC Worker Start (ms): Min: 42816.4, Avg: 42816.4, Max: 42816.4, Diff: 0.0]
      [Ext Root Scanning (ms): Min: 0.2, Avg: 0.2, Max: 0.2, Diff: 0.0, Sum: 0.8]
      [Update RS (ms): Min: 24.2, Avg: 24.3, Max: 24.5, Diff: 0.4, Sum: 97.3]
         [Processed Buffers: Min: 45, Avg: 46.5, Max: 47, Diff: 2, Sum: 186]
      [Scan RS (ms): Min: 0.0, Avg: 0.0, Max: 0.0, Diff: 0.0, Sum: 0.0]
      [Code Root Scanning (ms): Min: 0.0, Avg: 0.0, Max: 0.0, Diff: 0.0, Sum: 0.0]
      [Object Copy (ms): Min: 35.5, Avg: 35.7, Max: 35.9, Diff: 0.3, Sum: 142.9]
      [Termination (ms): Min: 0.0, Avg: 0.0, Max: 0.0, Diff: 0.0, Sum: 0.0]
         [Termination Attempts: Min: 26, Avg: 31.5, Max: 36, Diff: 10, Sum: 126]
      [GC Worker Other (ms): Min: 0.0, Avg: 0.0, Max: 0.0, Diff: 0.0, Sum: 0.0]
      [GC Worker Total (ms): Min: 60.3, Avg: 60.3, Max: 60.3, Diff: 0.0, Sum: 241.1]
      [GC Worker End (ms): Min: 42876.7, Avg: 42876.7, Max: 42876.7, Diff: 0.0]
   [Code Root Fixup: 0.0 ms]
   [Code Root Purge: 0.0 ms]
   [String Dedup Fixup: 0.1 ms, GC Workers: 4]
      [Queue Fixup (ms): Min: 0.0, Avg: 0.0, Max: 0.0, Diff: 0.0, Sum: 0.0]
      [Table Fixup (ms): Min: 0.1, Avg: 0.1, Max: 0.1, Diff: 0.0, Sum: 0.5]
   [Clear CT: 0.0 ms]
   [Other: 0.3 ms]
      [Choose CSet: 0.0 ms]
      [Ref Proc: 0.0 ms]
      [Ref Enq: 0.0 ms]
      [Redirty Cards: 0.1 ms]
      [Humongous Register: 0.0 ms]
      [Humongous Reclaim: 0.0 ms]
      [Free CSet: 0.1 ms]
   [Eden: 89.0M(89.0M)->0.0B(89.0M) Survivors: 13.0M->13.0M Heap: 1719.0M(2048.0M)->1662.9M(2048.0M)]
 [Times: user=0.25 sys=0.00, real=0.06 secs] 
42.878: [GC concurrent-string-deduplication, 4080.0B->4080.0B(0.0B), avg 9.9%, 0.0002216 secs]
   [Last Exec: 0.0002216 secs, Idle: 0.1383335 secs, Blocked: 0/0.0000000 secs]
      [Inspected:            4614]
         [Skipped:              0(  0.0%)]
         [Hashed:              85(  1.8%)]
         [Known:             4529( 98.2%)]
         [New:                 85(  1.8%)   4080.0B]
      [Deduplicated:            0(  0.0%)      0.0B(  0.0%)]
         [Young:                0(  0.0%)      0.0B(  0.0%)]
         [Old:                  0(  0.0%)      0.0B(  0.0%)]
   [Total Exec: 103/0.1040769 secs, Idle: 103/42.5520542 secs, Blocked: 0/0.0000000 secs]
      [Inspected:          838492]
         [Skipped:              0(  0.0%)]
         [Hashed:           18690(  2.2%)]
         [Known:           818704( 97.6%)]
         [New:              19788(  2.4%)   1001.3K]
      [Deduplicated:         1850(  9.3%)     98.9K(  9.9%)]
         [Young:                8(  0.4%)    424.0B(  0.4%)]
         [Old:               1842( 99.6%)     98.5K( 99.6%)]
   [Table]
      [Memory Usage: 339.1K]
      [Size: 8192, Min: 1024, Max: 16777216]
      [Entries: 11736, Load: 143.3%, Cached: 0, Added: 22984, Removed: 11248]
      [Resize Count: 3, Shrink Threshold: 5461(66.7%), Grow Threshold: 16384(200.0%)]
      [Rehash Count: 0, Rehash Threshold: 120, Hash Seed: 0x0]
      [Age Threshold: 3]
   [Queue]
      [Dropped: 0]
42.955: [GC pause (G1 Evacuation Pause) (young), 0.0686096 secs]
   [Parallel Time: 68.1 ms, GC Workers: 4]
      [GC Worker Start (ms): Min: 42955.5, Avg: 42955.5, Max: 42955.5, Diff: 0.0]
      [Ext Root Scanning (ms): Min: 0.2, Avg: 0.2, Max: 0.2, Diff: 0.0, Sum: 0.8]
      [Update RS (ms): Min: 17.0, Avg: 17.2, Max: 17.5, Diff: 0.5, Sum: 68.9]
         [Processed Buffers: Min: 28, Avg: 29.3, Max: 31, Diff: 3, Sum: 117]
      [Scan RS (ms): Min: 0.2, Avg: 0.4, Max: 0.7, Diff: 0.5, Sum: 1.7]
      [Code Root Scanning (ms): Min: 0.0, Avg: 0.0, Max: 0.0, Diff: 0.0, Sum: 0.0]
      [Object Copy (ms): Min: 50.2, Avg: 50.2, Max: 50.3, Diff: 0.0, Sum: 201.0]
      [Termination (ms): Min: 0.0, Avg: 0.0, Max: 0.0, Diff: 0.0, Sum: 0.0]
         [Termination Attempts: Min: 17, Avg: 23.8, Max: 31, Diff: 14, Sum: 95]
      [GC Worker Other (ms): Min: 0.0, Avg: 0.0, Max: 0.0, Diff: 0.0, Sum: 0.0]
      [GC Worker Total (ms): Min: 68.1, Avg: 68.1, Max: 68.1, Diff: 0.0, Sum: 272.4]
      [GC Worker End (ms): Min: 43023.6, Avg: 43023.6, Max: 43023.6, Diff: 0.0]
   [Code Root Fixup: 0.0 ms]
   [Code Root Purge: 0.0 ms]
   [String Dedup Fixup: 0.1 ms, GC Workers: 4]
      [Queue Fixup (ms): Min: 0.0, Avg: 0.0, Max: 0.0, Diff: 0.0, Sum: 0.0]
      [Table Fixup (ms): Min: 0.1, Avg: 0.1, Max: 0.1, Diff: 0.0, Sum: 0.4]
   [Clear CT: 0.0 ms]
   [Other: 0.3 ms]
      [Choose CSet: 0.0 ms]
      [Ref Proc: 0.0 ms]
      [Ref Enq: 0.0 ms]
      [Redirty Cards: 0.1 ms]
      [Humongous Register: 0.0 ms]
      [Humongous Reclaim: 0.0 ms]
      [Free CSet: 0.1 ms]
   [Eden: 89.0M(89.0M)->0.0B(89.0M) Survivors: 13.0M->13.0M Heap: 1751.9M(2048.0M)->1695.3M(2048.0M)]
 [Times: user=0.25 sys=0.00, real=0.07 secs] 
43.024: [GC concurrent-string-deduplication, 3808.0B->3648.0B(160.0B), avg 9.9%, 0.0001928 secs]
   [Last Exec: 0.0001928 secs, Idle: 0.1465810 secs, Blocked: 0/0.0000000 secs]
      [Inspected:            3781]
         [Skipped:              0(  0.0%)]
         [Hashed:              79(  2.1%)]
         [Known:             3702( 97.9%)]
         [New:                 79(  2.1%)   3808.0B]
      [Deduplicated:            3(  3.8%)    160.0B(  4.2%)]
         [Young:                0(  0.0%)      0.0B(  0.0%)]
         [Old:                  3(100.0%)    160.0B(100.0%)]
   [Total Exec: 104/0.1042697 secs, Idle: 104/42.6986352 secs, Blocked: 0/0.0000000 secs]
      [Inspected:          842273]
         [Skipped:              0(  0.0%)]
         [Hashed:           18769(  2.2%)]
         [Known:           822406( 97.6%)]
         [New:              19867(  2.4%)   1005.0K]
      [Deduplicated:         1853(  9.3%)     99.0K(  9.9%)]
         [Young:                8(  0.4%)    424.0B(  0.4%)]
         [Old:               1845( 99.6%)     98.6K( 99.6%)]
   [Table]
      [Memory Usage: 340.8K]
      [Size: 8192, Min: 1024, Max: 16777216]
      [Entries: 11812, Load: 144.2%, Cached: 0, Added: 23060, Removed: 11248]
      [Resize Count: 3, Shrink Threshold: 5461(66.7%), Grow Threshold: 16384(200.0%)]
      [Rehash Count: 0, Rehash Threshold: 120, Hash Seed: 0x0]
      [Age Threshold: 3]
   [Queue]
      [Dropped: 0]
43.106: [GC pause (G1 Evacuation Pause) (young), 0.0825242 secs]
   [Parallel Time: 82.0 ms, GC Workers: 4]
      [GC Worker Start (ms): Min: 43105.6, Avg: 43105.6, Max: 43105.6, Diff: 0.0]
      [Ext Root Scanning (ms): Min: 0.2, Avg: 0.2, Max: 0.2, Diff: 0.0, Sum: 0.8]
      [Update RS (ms): Min: 20.4, Avg: 20.5, Max: 20.7, Diff: 0.3, Sum: 81.9]
         [Processed Buffers: Min: 30, Avg: 32.5, Max: 36, Diff: 6, Sum: 130]
      [Scan RS (ms): Min: 0.4, Avg: 0.6, Max: 0.7, Diff: 0.3, Sum: 2.5]
      [Code Root Scanning (ms): Min: 0.0, Avg: 0.0, Max: 0.0, Diff: 0.0, Sum: 0.0]
      [Object Copy (ms): Min: 60.7, Avg: 60.7, Max: 60.7, Diff: 0.0, Sum: 242.7]
      [Termination (ms): Min: 0.0, Avg: 0.0, Max: 0.0, Diff: 0.0, Sum: 0.0]
         [Termination Attempts: Min: 6, Avg: 6.3, Max: 7, Diff: 1, Sum: 25]
      [GC Worker Other (ms): Min: 0.0, Avg: 0.0, Max: 0.0, Diff: 0.0, Sum: 0.0]
      [GC Worker Total (ms): Min: 82.0, Avg: 82.0, Max: 82.0, Diff: 0.0, Sum: 327.9]
      [GC Worker End (ms): Min: 43187.6, Avg: 43187.6, Max: 43187.6, Diff: 0.0]
   [Code Root Fixup: 0.0 ms]
   [Code Root Purge: 0.0 ms]
   [String Dedup Fixup: 0.1 ms, GC Workers: 4]
      [Queue Fixup (ms): Min: 0.0, Avg: 0.0, Max: 0.0, Diff: 0.0, Sum: 0.0]
      [Table Fixup (ms): Min: 0.1, Avg: 0.1, Max: 0.1, Diff: 0.0, Sum: 0.5]
   [Clear CT: 0.0 ms]
   [Other: 0.3 ms]
      [Choose CSet: 0.0 ms]
      [Ref Proc: 0.0 ms]
      [Ref Enq: 0.0 ms]
      [Redirty Cards: 0.1 ms]
      [Humongous Register: 0.0 ms]
      [Humongous Reclaim: 0.0 ms]
      [Free CSet: 0.1 ms]
   [Eden: 89.0M(89.0M)->0.0B(89.0M) Survivors: 13.0M->13.0M Heap: 1784.3M(2048.0M)->1728.1M(2048.0M)]
 [Times: user=0.38 sys=0.00, real=0.08 secs] 
43.188: [GC concurrent-string-deduplication, 5104.0B->4944.0B(160.0B), avg 9.8%, 0.0002447 secs]
   [Last Exec: 0.0002447 secs, Idle: 0.1638515 secs, Blocked: 0/0.0000000 secs]
      [Inspected:            4771]
         [Skipped:              0(  0.0%)]
         [Hashed:             106(  2.2%)]
         [Known:             4665( 97.8%)]
         [New:                106(  2.2%)   5104.0B]
      [Deduplicated:            3(  2.8%)    160.0B(  3.1%)]
         [Young:                0(  0.0%)      0.0B(  0.0%)]
         [Old:                  3(100.0%)    160.0B(100.0%)]
   [Total Exec: 105/0.1045144 secs, Idle: 105/42.8624866 secs, Blocked: 0/0.0000000 secs]
      [Inspected:          847044]
         [Skipped:              0(  0.0%)]
         [Hashed:           18875(  2.2%)]
         [Known:           827071( 97.6%)]
         [New:              19973(  2.4%)   1010.0K]
      [Deduplicated:         1856(  9.3%)     99.2K(  9.8%)]
         [Young:                8(  0.4%)    424.0B(  0.4%)]
         [Old:               1848( 99.6%)     98.8K( 99.6%)]
   [Table]
      [Memory Usage: 343.3K]
      [Size: 8192, Min: 1024, Max: 16777216]
      [Entries: 11916, Load: 145.5%, Cached: 0, Added: 23164, Removed: 11248]
      [Resize Count: 3, Shrink Threshold: 5461(66.7%), Grow Threshold: 16384(200.0%)]
      [Rehash Count: 0, Rehash Threshold: 120, Hash Seed: 0x0]
      [Age Threshold: 3]
   [Queue]
      [Dropped: 0]
43.277: [GC pause (G1 Evacuation Pause) (young) (to-space exhausted), 0.0780480 secs]
   [Parallel Time: 74.9 ms, GC Workers: 4]
      [GC Worker Start (ms): Min: 43276.9, Avg: 43276.9, Max: 43276.9, Diff: 0.0]
      [Ext Root Scanning (ms): Min: 0.2, Avg: 0.2, Max: 0.2, Diff: 0.0, Sum: 0.8]
      [Update RS (ms): Min: 19.0, Avg: 19.2, Max: 19.3, Diff: 0.3, Sum: 76.9]
         [Processed Buffers: Min: 27, Avg: 28.5, Max: 31, Diff: 4, Sum: 114]
      [Scan RS (ms): Min: 0.9, Avg: 1.1, Max: 1.2, Diff: 0.3, Sum: 4.3]
      [Code Root Scanning (ms): Min: 0.0, Avg: 0.0, Max: 0.0, Diff: 0.0, Sum: 0.0]
      [Object Copy (ms): Min: 54.2, Avg: 54.3, Max: 54.4, Diff: 0.2, Sum: 217.3]
      [Termination (ms): Min: 0.0, Avg: 0.0, Max: 0.0, Diff: 0.0, Sum: 0.0]
         [Termination Attempts: Min: 10, Avg: 12.3, Max: 17, Diff: 7, Sum: 49]
      [GC Worker Other (ms): Min: 0.0, Avg: 0.0, Max: 0.0, Diff: 0.0, Sum: 0.0]
      [GC Worker Total (ms): Min: 74.8, Avg: 74.8, Max: 74.8, Diff: 0.0, Sum: 299.3]
      [GC Worker End (ms): Min: 43351.7, Avg: 43351.7, Max: 43351.7, Diff: 0.0]
   [Code Root Fixup: 0.0 ms]
   [Code Root Purge: 0.0 ms]
   [String Dedup Fixup: 0.1 ms, GC Workers: 4]
      [Queue Fixup (ms): Min: 0.0, Avg: 0.0, Max: 0.0, Diff: 0.0, Sum: 0.0]
      [Table Fixup (ms): Min: 0.1, Avg: 0.1, Max: 0.1, Diff: 0.0, Sum: 0.5]
   [Clear CT: 0.0 ms]
   [Other: 3.0 ms]
      [Evacuation Failure: 2.6 ms]
      [Choose CSet: 0.0 ms]
      [Ref Proc: 0.0 ms]
      [Ref Enq: 0.0 ms]
      [Redirty Cards: 0.1 ms]
      [Humongous Register: 0.0 ms]
      [Humongous Reclaim: 0.0 ms]
      [Free CSet: 0.1 ms]
   [Eden: 89.0M(89.0M)->0.0B(89.0M) Survivors: 13.0M->13.0M Heap: 1817.1M(2048.0M)->1774.5M(2048.0M)]
 [Times: user=0.31 sys=0.00, real=0.08 secs] 
43.355: [GC concurrent-string-deduplication, 4720.0B->4560.0B(160.0B), avg 9.8%, 0.0002569 secs]
   [Last Exec: 0.0002569 secs, Idle: 0.1665345 secs, Blocked: 0/0.0000000 secs]
      [Inspected:            4727]
         [Skipped:              0(  0.0%)]
         [Hashed:              98(  2.1%)]
         [Known:             4629( 97.9%)]
         [New:                 98(  2.1%)   4720.0B]
      [Deduplicated:            3(  3.1%)    160.0B(  3.4%)]
         [Young:                0(  0.0%)      0.0B(  0.0%)]
         [Old:                  3(100.0%)    160.0B(100.0%)]
   [Total Exec: 106/0.1047713 secs, Idle: 106/43.0290211 secs, Blocked: 0/0.0000000 secs]
      [Inspected:          851771]
         [Skipped:              0(  0.0%)]
         [Hashed:           18973(  2.2%)]
         [Known:           831700( 97.6%)]
         [New:              20071(  2.4%)   1014.6K]
      [Deduplicated:         1859(  9.3%)     99.4K(  9.8%)]
         [Young:                8(  0.4%)    424.0B(  0.4%)]
         [Old:               1851( 99.6%)     98.9K( 99.6%)]
   [Table]
      [Memory Usage: 345.5K]
      [Size: 8192, Min: 1024, Max: 16777216]
      [Entries: 12011, Load: 146.6%, Cached: 0, Added: 23259, Removed: 11248]
      [Resize Count: 3, Shrink Threshold: 5461(66.7%), Grow Threshold: 16384(200.0%)]
      [Rehash Count: 0, Rehash Threshold: 120, Hash Seed: 0x0]
      [Age Threshold: 3]
   [Queue]
      [Dropped: 0]
43.457: [GC pause (G1 Evacuation Pause) (young) (to-space exhausted), 0.1299760 secs]
   [Parallel Time: 114.2 ms, GC Workers: 4]
      [GC Worker Start (ms): Min: 43457.3, Avg: 43457.3, Max: 43457.3, Diff: 0.0]
      [Ext Root Scanning (ms): Min: 0.2, Avg: 0.2, Max: 0.2, Diff: 0.0, Sum: 0.8]
      [Update RS (ms): Min: 7.6, Avg: 12.0, Max: 16.3, Diff: 8.6, Sum: 48.0]
         [Processed Buffers: Min: 14, Avg: 43.5, Max: 91, Diff: 77, Sum: 174]
      [Scan RS (ms): Min: 3.9, Avg: 4.0, Max: 4.2, Diff: 0.3, Sum: 16.0]
      [Code Root Scanning (ms): Min: 0.0, Avg: 0.0, Max: 0.0, Diff: 0.0, Sum: 0.0]
      [Object Copy (ms): Min: 39.8, Avg: 83.7, Max: 101.1, Diff: 61.3, Sum: 334.6]
      [Termination (ms): Min: 0.0, Avg: 13.6, Max: 54.0, Diff: 54.0, Sum: 54.3]
         [Termination Attempts: Min: 1, Avg: 1.0, Max: 1, Diff: 0, Sum: 4]
      [GC Worker Other (ms): Min: 0.0, Avg: 0.0, Max: 0.0, Diff: 0.0, Sum: 0.0]
      [GC Worker Total (ms): Min: 113.2, Avg: 113.4, Max: 114.2, Diff: 1.1, Sum: 453.7]
      [GC Worker End (ms): Min: 43570.5, Avg: 43570.8, Max: 43571.6, Diff: 1.1]
   [Code Root Fixup: 0.0 ms]
   [Code Root Purge: 0.0 ms]
   [String Dedup Fixup: 0.1 ms, GC Workers: 4]
      [Queue Fixup (ms): Min: 0.0, Avg: 0.0, Max: 0.0, Diff: 0.0, Sum: 0.0]
      [Table Fixup (ms): Min: 0.1, Avg: 0.1, Max: 0.1, Diff: 0.0, Sum: 0.5]
   [Clear CT: 0.0 ms]
   [Other: 15.5 ms]
      [Evacuation Failure: 15.2 ms]
      [Choose CSet: 0.0 ms]
      [Ref Proc: 0.0 ms]
      [Ref Enq: 0.0 ms]
      [Redirty Cards: 0.1 ms]
      [Humongous Register: 0.0 ms]
      [Humongous Reclaim: 0.0 ms]
      [Free CSet: 0.0 ms]
   [Eden: 80.0M(89.0M)->0.0B(102.0M) Survivors: 13.0M->0.0B Heap: 1854.5M(2048.0M)->1850.5M(2048.0M)]
 [Times: user=0.28 sys=0.00, real=0.13 secs] 
43.619: [GC pause (G1 Evacuation Pause) (young) (to-space exhausted), 0.0244153 secs]
   [Parallel Time: 23.5 ms, GC Workers: 4]
      [GC Worker Start (ms): Min: 43618.6, Avg: 43619.2, Max: 43621.2, Diff: 2.6]
      [Ext Root Scanning (ms): Min: 0.0, Avg: 0.2, Max: 0.2, Diff: 0.2, Sum: 0.7]
      [Update RS (ms): Min: 18.1, Avg: 20.0, Max: 20.9, Diff: 2.8, Sum: 80.1]
         [Processed Buffers: Min: 43, Avg: 45.0, Max: 48, Diff: 5, Sum: 180]
      [Scan RS (ms): Min: 0.0, Avg: 0.0, Max: 0.0, Diff: 0.0, Sum: 0.0]
      [Code Root Scanning (ms): Min: 0.0, Avg: 0.0, Max: 0.0, Diff: 0.0, Sum: 0.0]
      [Object Copy (ms): Min: 0.9, Avg: 1.7, Max: 2.9, Diff: 1.9, Sum: 6.9]
      [Termination (ms): Min: 0.0, Avg: 0.9, Max: 1.5, Diff: 1.5, Sum: 3.4]
         [Termination Attempts: Min: 1, Avg: 1.0, Max: 1, Diff: 0, Sum: 4]
      [GC Worker Other (ms): Min: 0.0, Avg: 0.0, Max: 0.0, Diff: 0.0, Sum: 0.0]
      [GC Worker Total (ms): Min: 20.8, Avg: 22.8, Max: 23.5, Diff: 2.6, Sum: 91.2]
      [GC Worker End (ms): Min: 43642.1, Avg: 43642.1, Max: 43642.1, Diff: 0.0]
   [Code Root Fixup: 0.0 ms]
   [Code Root Purge: 0.0 ms]
   [String Dedup Fixup: 0.1 ms, GC Workers: 4]
      [Queue Fixup (ms): Min: 0.0, Avg: 0.0, Max: 0.0, Diff: 0.0, Sum: 0.0]
      [Table Fixup (ms): Min: 0.1, Avg: 0.1, Max: 0.1, Diff: 0.0, Sum: 0.5]
   [Clear CT: 0.0 ms]
   [Other: 0.8 ms]
      [Evacuation Failure: 0.6 ms]
      [Choose CSet: 0.0 ms]
      [Ref Proc: 0.0 ms]
      [Ref Enq: 0.0 ms]
      [Redirty Cards: 0.0 ms]
      [Humongous Register: 0.0 ms]
      [Humongous Reclaim: 0.0 ms]
      [Free CSet: 0.0 ms]
   [Eden: 4096.0K(102.0M)->0.0B(102.0M) Survivors: 0.0B->0.0B Heap: 1854.5M(2048.0M)->1854.5M(2048.0M)]
 [Times: user=0.13 sys=0.00, real=0.02 secs] 
43.643: [Full GC (Allocation Failure)  1854M->1178M(2048M), 1.6333846 secs]
   [Eden: 0.0B(102.0M)->0.0B(333.0M) Survivors: 0.0B->0.0B Heap: 1854.5M(2048.0M)->1178.2M(2048.0M)], [Metaspace: 9249K->9249K(1058816K)]
 [Times: user=3.27 sys=0.00, real=1.63 secs] 
45.277: [GC concurrent-mark-abort]
45.561: [GC pause (G1 Evacuation Pause) (young), 0.1394355 secs]
   [Parallel Time: 138.7 ms, GC Workers: 4]
      [GC Worker Start (ms): Min: 45560.7, Avg: 45560.8, Max: 45560.8, Diff: 0.1]
      [Ext Root Scanning (ms): Min: 0.2, Avg: 0.2, Max: 0.2, Diff: 0.1, Sum: 0.8]
      [Update RS (ms): Min: 0.0, Avg: 0.0, Max: 0.1, Diff: 0.1, Sum: 0.2]
         [Processed Buffers: Min: 0, Avg: 1.3, Max: 3, Diff: 3, Sum: 5]
      [Scan RS (ms): Min: 0.0, Avg: 0.0, Max: 0.1, Diff: 0.1, Sum: 0.2]
      [Code Root Scanning (ms): Min: 0.0, Avg: 0.0, Max: 0.0, Diff: 0.0, Sum: 0.0]
      [Object Copy (ms): Min: 138.2, Avg: 138.3, Max: 138.3, Diff: 0.1, Sum: 553.1]
      [Termination (ms): Min: 0.0, Avg: 0.0, Max: 0.0, Diff: 0.0, Sum: 0.0]
         [Termination Attempts: Min: 13, Avg: 20.5, Max: 27, Diff: 14, Sum: 82]
      [GC Worker Other (ms): Min: 0.0, Avg: 0.0, Max: 0.0, Diff: 0.0, Sum: 0.1]
      [GC Worker Total (ms): Min: 138.6, Avg: 138.6, Max: 138.6, Diff: 0.1, Sum: 554.4]
      [GC Worker End (ms): Min: 45699.4, Avg: 45699.4, Max: 45699.4, Diff: 0.0]
   [Code Root Fixup: 0.0 ms]
   [Code Root Purge: 0.0 ms]
   [String Dedup Fixup: 0.1 ms, GC Workers: 4]
      [Queue Fixup (ms): Min: 0.0, Avg: 0.0, Max: 0.0, Diff: 0.0, Sum: 0.1]
      [Table Fixup (ms): Min: 0.1, Avg: 0.1, Max: 0.1, Diff: 0.0, Sum: 0.4]
   [Clear CT: 0.1 ms]
   [Other: 0.5 ms]
      [Choose CSet: 0.0 ms]
      [Ref Proc: 0.0 ms]
      [Ref Enq: 0.0 ms]
      [Redirty Cards: 0.1 ms]
      [Humongous Register: 0.0 ms]
      [Humongous Reclaim: 0.0 ms]
      [Free CSet: 0.2 ms]
   [Eden: 333.0M(333.0M)->0.0B(261.0M) Survivors: 0.0B->42.0M Heap: 1511.2M(2048.0M)->1299.2M(2048.0M)]
 [Times: user=0.56 sys=0.00, real=0.14 secs] 
45.701: [GC concurrent-string-deduplication, 11.7K->11.7K(0.0B), avg 9.7%, 0.0006501 secs]
   [Last Exec: 0.0006501 secs, Idle: 2.3448786 secs, Blocked: 0/0.0000000 secs]
      [Inspected:           12457]
         [Skipped:              0(  0.0%)]
         [Hashed:             249(  2.0%)]
         [Known:            12208( 98.0%)]
         [New:                249(  2.0%)     11.7K]
      [Deduplicated:            0(  0.0%)      0.0B(  0.0%)]
         [Young:                0(  0.0%)      0.0B(  0.0%)]
         [Old:                  0(  0.0%)      0.0B(  0.0%)]
   [Total Exec: 107/0.1054215 secs, Idle: 107/45.3738997 secs, Blocked: 0/0.0000000 secs]
      [Inspected:          864228]
         [Skipped:              0(  0.0%)]
         [Hashed:           19222(  2.2%)]
         [Known:           843908( 97.6%)]
         [New:              20320(  2.4%)   1026.3K]
      [Deduplicated:         1859(  9.1%)     99.4K(  9.7%)]
         [Young:                8(  0.4%)    424.0B(  0.4%)]
         [Old:               1851( 99.6%)     98.9K( 99.6%)]
   [Table]
      [Memory Usage: 322.3K]
      [Size: 8192, Min: 1024, Max: 16777216]
      [Entries: 10202, Load: 124.5%, Cached: 819, Added: 23529, Removed: 13327]
      [Resize Count: 3, Shrink Threshold: 5461(66.7%), Grow Threshold: 16384(200.0%)]
      [Rehash Count: 0, Rehash Threshold: 120, Hash Seed: 0x0]
      [Age Threshold: 3]
   [Queue]
      [Dropped: 0]
45.946: [GC pause (G1 Evacuation Pause) (young) (initial-mark), 0.2305283 secs]
   [Parallel Time: 229.4 ms, GC Workers: 4]
      [GC Worker Start (ms): Min: 45946.3, Avg: 45946.3, Max: 45946.3, Diff: 0.1]
      [Ext Root Scanning (ms): Min: 0.3, Avg: 0.3, Max: 0.3, Diff: 0.1, Sum: 1.1]
      [Update RS (ms): Min: 20.1, Avg: 20.3, Max: 20.6, Diff: 0.5, Sum: 81.2]
         [Processed Buffers: Min: 29, Avg: 31.0, Max: 32, Diff: 3, Sum: 124]
      [Scan RS (ms): Min: 23.1, Avg: 23.5, Max: 23.7, Diff: 0.6, Sum: 94.1]
      [Code Root Scanning (ms): Min: 0.0, Avg: 0.0, Max: 0.0, Diff: 0.0, Sum: 0.0]
      [Object Copy (ms): Min: 184.9, Avg: 185.1, Max: 185.3, Diff: 0.4, Sum: 740.6]
      [Termination (ms): Min: 0.0, Avg: 0.0, Max: 0.0, Diff: 0.0, Sum: 0.0]
         [Termination Attempts: Min: 10, Avg: 75.5, Max: 108, Diff: 98, Sum: 302]
      [GC Worker Other (ms): Min: 0.0, Avg: 0.0, Max: 0.0, Diff: 0.0, Sum: 0.1]
      [GC Worker Total (ms): Min: 229.2, Avg: 229.3, Max: 229.3, Diff: 0.1, Sum: 917.1]
      [GC Worker End (ms): Min: 46175.6, Avg: 46175.6, Max: 46175.6, Diff: 0.0]
   [Code Root Fixup: 0.0 ms]
   [Code Root Purge: 0.0 ms]
   [String Dedup Fixup: 0.2 ms, GC Workers: 4]
      [Queue Fixup (ms): Min: 0.0, Avg: 0.0, Max: 0.0, Diff: 0.0, Sum: 0.1]
      [Table Fixup (ms): Min: 0.1, Avg: 0.1, Max: 0.1, Diff: 0.0, Sum: 0.5]
   [Clear CT: 0.1 ms]
   [Other: 0.9 ms]
      [Choose CSet: 0.0 ms]
      [Ref Proc: 0.0 ms]
      [Ref Enq: 0.0 ms]
      [Redirty Cards: 0.2 ms]
      [Humongous Register: 0.0 ms]
      [Humongous Reclaim: 0.0 ms]
      [Free CSet: 0.4 ms]
   [Eden: 261.0M(261.0M)->0.0B(64.0M) Survivors: 42.0M->38.0M Heap: 1560.2M(2048.0M)->1394.3M(2048.0M)]
 [Times: user=0.94 sys=0.00, real=0.23 secs] 
46.177: [GC concurrent-root-region-scan-start]
46.178: [GC concurrent-string-deduplication, 17.5K->17.0K(480.0B), avg 9.6%, 0.0009026 secs]
   [Last Exec: 0.0009026 secs, Idle: 0.4758344 secs, Blocked: 0/0.0000000 secs]
      [Inspected:           17992]
         [Skipped:              0(  0.0%)]
         [Hashed:             372(  2.1%)]
         [Known:            17620( 97.9%)]
         [New:                372(  2.1%)     17.5K]
      [Deduplicated:            9(  2.4%)    480.0B(  2.7%)]
         [Young:                0(  0.0%)      0.0B(  0.0%)]
         [Old:                  9(100.0%)    480.0B(100.0%)]
   [Total Exec: 108/0.1063240 secs, Idle: 108/45.8497341 secs, Blocked: 0/0.0000000 secs]
      [Inspected:          882220]
         [Skipped:              0(  0.0%)]
         [Hashed:           19594(  2.2%)]
         [Known:           861528( 97.7%)]
         [New:              20692(  2.3%)   1043.8K]
      [Deduplicated:         1868(  9.0%)     99.8K(  9.6%)]
         [Young:                8(  0.4%)    424.0B(  0.4%)]
         [Old:               1860( 99.6%)     99.4K( 99.6%)]
   [Table]
      [Memory Usage: 322.3K]
      [Size: 8192, Min: 1024, Max: 16777216]
      [Entries: 10565, Load: 129.0%, Cached: 456, Added: 23892, Removed: 13327]
      [Resize Count: 3, Shrink Threshold: 5461(66.7%), Grow Threshold: 16384(200.0%)]
      [Rehash Count: 0, Rehash Threshold: 120, Hash Seed: 0x0]
      [Age Threshold: 3]
   [Queue]
      [Dropped: 0]
46.237: [GC concurrent-root-region-scan-end, 0.0598955 secs]
46.237: [GC concurrent-mark-start]
46.324: [GC pause (G1 Evacuation Pause) (young), 0.1078716 secs]
   [Parallel Time: 107.3 ms, GC Workers: 4]
      [GC Worker Start (ms): Min: 46323.7, Avg: 46323.8, Max: 46323.8, Diff: 0.0]
      [Ext Root Scanning (ms): Min: 0.2, Avg: 0.2, Max: 0.2, Diff: 0.0, Sum: 0.9]
      [Update RS (ms): Min: 16.8, Avg: 16.8, Max: 16.8, Diff: 0.1, Sum: 67.2]
         [Processed Buffers: Min: 27, Avg: 28.0, Max: 30, Diff: 3, Sum: 112]
      [Scan RS (ms): Min: 1.9, Avg: 1.9, Max: 2.0, Diff: 0.1, Sum: 7.8]
      [Code Root Scanning (ms): Min: 0.0, Avg: 0.0, Max: 0.0, Diff: 0.0, Sum: 0.0]
      [Object Copy (ms): Min: 88.2, Avg: 88.3, Max: 88.3, Diff: 0.0, Sum: 353.0]
      [Termination (ms): Min: 0.0, Avg: 0.0, Max: 0.0, Diff: 0.0, Sum: 0.0]
         [Termination Attempts: Min: 15, Avg: 22.3, Max: 29, Diff: 14, Sum: 89]
      [GC Worker Other (ms): Min: 0.0, Avg: 0.0, Max: 0.0, Diff: 0.0, Sum: 0.0]
      [GC Worker Total (ms): Min: 107.2, Avg: 107.2, Max: 107.2, Diff: 0.0, Sum: 428.9]
      [GC Worker End (ms): Min: 46431.0, Avg: 46431.0, Max: 46431.0, Diff: 0.0]
   [Code Root Fixup: 0.0 ms]
   [Code Root Purge: 0.0 ms]
   [String Dedup Fixup: 0.1 ms, GC Workers: 4]
      [Queue Fixup (ms): Min: 0.0, Avg: 0.0, Max: 0.0, Diff: 0.0, Sum: 0.1]
      [Table Fixup (ms): Min: 0.1, Avg: 0.1, Max: 0.1, Diff: 0.0, Sum: 0.4]
   [Clear CT: 0.0 ms]
   [Other: 0.4 ms]
      [Choose CSet: 0.0 ms]
      [Ref Proc: 0.0 ms]
      [Ref Enq: 0.0 ms]
      [Redirty Cards: 0.1 ms]
      [Humongous Register: 0.0 ms]
      [Humongous Reclaim: 0.0 ms]
      [Free CSet: 0.1 ms]
   [Eden: 64.0M(64.0M)->0.0B(89.0M) Survivors: 38.0M->13.0M Heap: 1458.3M(2048.0M)->1418.6M(2048.0M)]
 [Times: user=0.42 sys=0.00, real=0.11 secs] 
46.432: [GC concurrent-string-deduplication, 13.7K->13.5K(160.0B), avg 9.5%, 0.0007351 secs]
   [Last Exec: 0.0007351 secs, Idle: 0.2539846 secs, Blocked: 0/0.0000000 secs]
      [Inspected:           15518]
         [Skipped:              0(  0.0%)]
         [Hashed:             291(  1.9%)]
         [Known:            15227( 98.1%)]
         [New:                291(  1.9%)     13.7K]
      [Deduplicated:            3(  1.0%)    160.0B(  1.1%)]
         [Young:                0(  0.0%)      0.0B(  0.0%)]
         [Old:                  3(100.0%)    160.0B(100.0%)]
   [Total Exec: 109/0.1070592 secs, Idle: 109/46.1037187 secs, Blocked: 0/0.0000000 secs]
      [Inspected:          897738]
         [Skipped:              0(  0.0%)]
         [Hashed:           19885(  2.2%)]
         [Known:           876755( 97.7%)]
         [New:              20983(  2.3%)   1057.4K]
      [Deduplicated:         1871(  8.9%)    100.0K(  9.5%)]
         [Young:                8(  0.4%)    424.0B(  0.4%)]
         [Old:               1863( 99.6%)     99.6K( 99.6%)]
   [Table]
      [Memory Usage: 322.3K]
      [Size: 8192, Min: 1024, Max: 16777216]
      [Entries: 10853, Load: 132.5%, Cached: 168, Added: 24180, Removed: 13327]
      [Resize Count: 3, Shrink Threshold: 5461(66.7%), Grow Threshold: 16384(200.0%)]
      [Rehash Count: 0, Rehash Threshold: 120, Hash Seed: 0x0]
      [Age Threshold: 3]
   [Queue]
      [Dropped: 0]
46.537: [GC pause (G1 Evacuation Pause) (young), 0.0461200 secs]
   [Parallel Time: 45.7 ms, GC Workers: 4]
      [GC Worker Start (ms): Min: 46537.1, Avg: 46537.1, Max: 46537.1, Diff: 0.0]
      [Ext Root Scanning (ms): Min: 0.2, Avg: 0.2, Max: 0.2, Diff: 0.0, Sum: 0.8]
      [Update RS (ms): Min: 18.2, Avg: 18.3, Max: 18.3, Diff: 0.1, Sum: 73.2]
         [Processed Buffers: Min: 28, Avg: 30.3, Max: 32, Diff: 4, Sum: 121]
      [Scan RS (ms): Min: 0.4, Avg: 0.5, Max: 0.6, Diff: 0.1, Sum: 1.9]
      [Code Root Scanning (ms): Min: 0.0, Avg: 0.0, Max: 0.0, Diff: 0.0, Sum: 0.0]
      [Object Copy (ms): Min: 26.6, Avg: 26.7, Max: 26.7, Diff: 0.0, Sum: 106.7]
      [Termination (ms): Min: 0.0, Avg: 0.0, Max: 0.0, Diff: 0.0, Sum: 0.0]
         [Termination Attempts: Min: 15, Avg: 24.3, Max: 31, Diff: 16, Sum: 97]
      [GC Worker Other (ms): Min: 0.0, Avg: 0.0, Max: 0.0, Diff: 0.0, Sum: 0.0]
      [GC Worker Total (ms): Min: 45.6, Avg: 45.7, Max: 45.7, Diff: 0.0, Sum: 182.6]
      [GC Worker End (ms): Min: 46582.8, Avg: 46582.8, Max: 46582.8, Diff: 0.0]
   [Code Root Fixup: 0.0 ms]
   [Code Root Purge: 0.0 ms]
   [String Dedup Fixup: 0.1 ms, GC Workers: 4]
      [Queue Fixup (ms): Min: 0.0, Avg: 0.0, Max: 0.0, Diff: 0.0, Sum: 0.0]
      [Table Fixup (ms): Min: 0.1, Avg: 0.1, Max: 0.1, Diff: 0.0, Sum: 0.4]
   [Clear CT: 0.0 ms]
   [Other: 0.3 ms]
      [Choose CSet: 0.0 ms]
      [Ref Proc: 0.0 ms]
      [Ref Enq: 0.0 ms]
      [Redirty Cards: 0.1 ms]
      [Humongous Register: 0.0 ms]
      [Humongous Reclaim: 0.0 ms]
      [Free CSet: 0.1 ms]
   [Eden: 89.0M(89.0M)->0.0B(89.0M) Survivors: 13.0M->13.0M Heap: 1507.6M(2048.0M)->1450.9M(2048.0M)]
 [Times: user=0.19 sys=0.00, real=0.05 secs] 
46.664: [GC pause (G1 Evacuation Pause) (young), 0.0741693 secs]
   [Parallel Time: 73.7 ms, GC Workers: 4]
      [GC Worker Start (ms): Min: 46664.1, Avg: 46664.1, Max: 46664.1, Diff: 0.0]
      [Ext Root Scanning (ms): Min: 0.2, Avg: 0.2, Max: 0.2, Diff: 0.0, Sum: 0.8]
      [Update RS (ms): Min: 17.3, Avg: 17.4, Max: 17.6, Diff: 0.3, Sum: 69.5]
         [Processed Buffers: Min: 30, Avg: 32.8, Max: 35, Diff: 5, Sum: 131]
      [Scan RS (ms): Min: 0.0, Avg: 0.0, Max: 0.0, Diff: 0.0, Sum: 0.0]
      [Code Root Scanning (ms): Min: 0.0, Avg: 0.0, Max: 0.0, Diff: 0.0, Sum: 0.0]
      [Object Copy (ms): Min: 55.9, Avg: 56.1, Max: 56.2, Diff: 0.3, Sum: 224.4]
      [Termination (ms): Min: 0.0, Avg: 0.0, Max: 0.0, Diff: 0.0, Sum: 0.0]
         [Termination Attempts: Min: 24, Avg: 27.5, Max: 31, Diff: 7, Sum: 110]
      [GC Worker Other (ms): Min: 0.0, Avg: 0.0, Max: 0.0, Diff: 0.0, Sum: 0.0]
      [GC Worker Total (ms): Min: 73.7, Avg: 73.7, Max: 73.7, Diff: 0.0, Sum: 294.7]
      [GC Worker End (ms): Min: 46737.8, Avg: 46737.8, Max: 46737.8, Diff: 0.0]
   [Code Root Fixup: 0.0 ms]
   [Code Root Purge: 0.0 ms]
   [String Dedup Fixup: 0.1 ms, GC Workers: 4]
      [Queue Fixup (ms): Min: 0.0, Avg: 0.0, Max: 0.0, Diff: 0.0, Sum: 0.0]
      [Table Fixup (ms): Min: 0.1, Avg: 0.1, Max: 0.1, Diff: 0.0, Sum: 0.4]
   [Clear CT: 0.0 ms]
   [Other: 0.3 ms]
      [Choose CSet: 0.0 ms]
      [Ref Proc: 0.0 ms]
      [Ref Enq: 0.0 ms]
      [Redirty Cards: 0.1 ms]
      [Humongous Register: 0.0 ms]
      [Humongous Reclaim: 0.0 ms]
      [Free CSet: 0.1 ms]
   [Eden: 89.0M(89.0M)->0.0B(89.0M) Survivors: 13.0M->13.0M Heap: 1539.9M(2048.0M)->1483.7M(2048.0M)]
 [Times: user=0.31 sys=0.00, real=0.07 secs] 
46.739: [GC concurrent-string-deduplication, 7744.0B->7584.0B(160.0B), avg 9.4%, 0.0004000 secs]
   [Last Exec: 0.0004000 secs, Idle: 0.3058687 secs, Blocked: 0/0.0000000 secs]
      [Inspected:            8106]
         [Skipped:              0(  0.0%)]
         [Hashed:             161(  2.0%)]
         [Known:             7945( 98.0%)]
         [New:                161(  2.0%)   7744.0B]
      [Deduplicated:            3(  1.9%)    160.0B(  2.1%)]
         [Young:                0(  0.0%)      0.0B(  0.0%)]
         [Old:                  3(100.0%)    160.0B(100.0%)]
   [Total Exec: 110/0.1074591 secs, Idle: 110/46.4095873 secs, Blocked: 0/0.0000000 secs]
      [Inspected:          905844]
         [Skipped:              0(  0.0%)]
         [Hashed:           20046(  2.2%)]
         [Known:           884700( 97.7%)]
         [New:              21144(  2.3%)   1065.0K]
      [Deduplicated:         1874(  8.9%)    100.1K(  9.4%)]
         [Young:                8(  0.4%)    424.0B(  0.4%)]
         [Old:               1866( 99.6%)     99.7K( 99.6%)]
   [Table]
      [Memory Usage: 322.3K]
      [Size: 8192, Min: 1024, Max: 16777216]
      [Entries: 11011, Load: 134.4%, Cached: 10, Added: 24338, Removed: 13327]
      [Resize Count: 3, Shrink Threshold: 5461(66.7%), Grow Threshold: 16384(200.0%)]
      [Rehash Count: 0, Rehash Threshold: 120, Hash Seed: 0x0]
      [Age Threshold: 3]
   [Queue]
      [Dropped: 0]
46.818: [GC pause (G1 Evacuation Pause) (young), 0.0798951 secs]
   [Parallel Time: 79.4 ms, GC Workers: 4]
      [GC Worker Start (ms): Min: 46818.3, Avg: 46818.3, Max: 46818.3, Diff: 0.0]
      [Ext Root Scanning (ms): Min: 0.2, Avg: 0.2, Max: 0.2, Diff: 0.0, Sum: 0.8]
      [Update RS (ms): Min: 24.9, Avg: 25.0, Max: 25.0, Diff: 0.2, Sum: 99.9]
         [Processed Buffers: Min: 42, Avg: 45.8, Max: 48, Diff: 6, Sum: 183]
      [Scan RS (ms): Min: 0.0, Avg: 0.0, Max: 0.0, Diff: 0.0, Sum: 0.0]
      [Code Root Scanning (ms): Min: 0.0, Avg: 0.0, Max: 0.0, Diff: 0.0, Sum: 0.0]
      [Object Copy (ms): Min: 54.1, Avg: 54.2, Max: 54.2, Diff: 0.1, Sum: 216.7]
      [Termination (ms): Min: 0.0, Avg: 0.0, Max: 0.0, Diff: 0.0, Sum: 0.0]
         [Termination Attempts: Min: 19, Avg: 19.0, Max: 19, Diff: 0, Sum: 76]
      [GC Worker Other (ms): Min: 0.0, Avg: 0.0, Max: 0.0, Diff: 0.0, Sum: 0.0]
      [GC Worker Total (ms): Min: 79.4, Avg: 79.4, Max: 79.4, Diff: 0.0, Sum: 317.5]
      [GC Worker End (ms): Min: 46897.7, Avg: 46897.7, Max: 46897.7, Diff: 0.0]
   [Code Root Fixup: 0.0 ms]
   [Code Root Purge: 0.0 ms]
   [String Dedup Fixup: 0.1 ms, GC Workers: 4]
      [Queue Fixup (ms): Min: 0.0, Avg: 0.0, Max: 0.0, Diff: 0.0, Sum: 0.0]
      [Table Fixup (ms): Min: 0.1, Avg: 0.1, Max: 0.1, Diff: 0.0, Sum: 0.4]
   [Clear CT: 0.0 ms]
   [Other: 0.3 ms]
      [Choose CSet: 0.0 ms]
      [Ref Proc: 0.0 ms]
      [Ref Enq: 0.0 ms]
      [Redirty Cards: 0.1 ms]
      [Humongous Register: 0.0 ms]
      [Humongous Reclaim: 0.0 ms]
      [Free CSet: 0.1 ms]
   [Eden: 89.0M(89.0M)->0.0B(97.0M) Survivors: 13.0M->13.0M Heap: 1572.7M(2048.0M)->1517.9M(2048.0M)]
 [Times: user=0.31 sys=0.00, real=0.08 secs] 
46.899: [GC concurrent-string-deduplication, 5744.0B->5424.0B(320.0B), avg 9.4%, 0.0002794 secs]
   [Last Exec: 0.0002794 secs, Idle: 0.1594920 secs, Blocked: 0/0.0000000 secs]
      [Inspected:            5640]
         [Skipped:              0(  0.0%)]
         [Hashed:             119(  2.1%)]
         [Known:             5521( 97.9%)]
         [New:                119(  2.1%)   5744.0B]
      [Deduplicated:            6(  5.0%)    320.0B(  5.6%)]
         [Young:                0(  0.0%)      0.0B(  0.0%)]
         [Old:                  6(100.0%)    320.0B(100.0%)]
   [Total Exec: 111/0.1077385 secs, Idle: 111/46.5690793 secs, Blocked: 0/0.0000000 secs]
      [Inspected:          911484]
         [Skipped:              0(  0.0%)]
         [Hashed:           20165(  2.2%)]
         [Known:           890221( 97.7%)]
         [New:              21263(  2.3%)   1070.6K]
      [Deduplicated:         1880(  8.8%)    100.5K(  9.4%)]
         [Young:                8(  0.4%)    424.0B(  0.4%)]
         [Old:               1872( 99.6%)    100.0K( 99.6%)]
   [Table]
      [Memory Usage: 324.7K]
      [Size: 8192, Min: 1024, Max: 16777216]
      [Entries: 11124, Load: 135.8%, Cached: 0, Added: 24451, Removed: 13327]
      [Resize Count: 3, Shrink Threshold: 5461(66.7%), Grow Threshold: 16384(200.0%)]
      [Rehash Count: 0, Rehash Threshold: 120, Hash Seed: 0x0]
      [Age Threshold: 3]
   [Queue]
      [Dropped: 0]
46.993: [GC pause (G1 Evacuation Pause) (young), 0.0795038 secs]
   [Parallel Time: 78.9 ms, GC Workers: 4]
      [GC Worker Start (ms): Min: 46993.3, Avg: 46993.3, Max: 46993.3, Diff: 0.0]
      [Ext Root Scanning (ms): Min: 0.2, Avg: 0.2, Max: 0.2, Diff: 0.0, Sum: 0.8]
      [Update RS (ms): Min: 18.9, Avg: 19.0, Max: 19.2, Diff: 0.3, Sum: 76.1]
         [Processed Buffers: Min: 32, Avg: 32.5, Max: 33, Diff: 1, Sum: 130]
      [Scan RS (ms): Min: 0.0, Avg: 0.1, Max: 0.1, Diff: 0.1, Sum: 0.3]
      [Code Root Scanning (ms): Min: 0.0, Avg: 0.0, Max: 0.0, Diff: 0.0, Sum: 0.0]
      [Object Copy (ms): Min: 59.5, Avg: 59.6, Max: 59.6, Diff: 0.1, Sum: 238.4]
      [Termination (ms): Min: 0.0, Avg: 0.0, Max: 0.0, Diff: 0.0, Sum: 0.0]
         [Termination Attempts: Min: 4, Avg: 8.3, Max: 13, Diff: 9, Sum: 33]
      [GC Worker Other (ms): Min: 0.0, Avg: 0.0, Max: 0.0, Diff: 0.0, Sum: 0.0]
      [GC Worker Total (ms): Min: 78.9, Avg: 78.9, Max: 78.9, Diff: 0.0, Sum: 315.6]
      [GC Worker End (ms): Min: 47072.2, Avg: 47072.2, Max: 47072.2, Diff: 0.0]
   [Code Root Fixup: 0.0 ms]
   [Code Root Purge: 0.0 ms]
   [String Dedup Fixup: 0.1 ms, GC Workers: 4]
      [Queue Fixup (ms): Min: 0.0, Avg: 0.0, Max: 0.0, Diff: 0.0, Sum: 0.0]
      [Table Fixup (ms): Min: 0.1, Avg: 0.1, Max: 0.1, Diff: 0.0, Sum: 0.4]
   [Clear CT: 0.0 ms]
   [Other: 0.4 ms]
      [Choose CSet: 0.0 ms]
      [Ref Proc: 0.0 ms]
      [Ref Enq: 0.0 ms]
      [Redirty Cards: 0.1 ms]
      [Humongous Register: 0.0 ms]
      [Humongous Reclaim: 0.0 ms]
      [Free CSet: 0.1 ms]
   [Eden: 97.0M(97.0M)->0.0B(88.0M) Survivors: 13.0M->14.0M Heap: 1614.9M(2048.0M)->1554.7M(2048.0M)]
 [Times: user=0.31 sys=0.00, real=0.08 secs] 
47.073: [GC concurrent-string-deduplication, 5680.0B->5520.0B(160.0B), avg 9.3%, 0.0002739 secs]
   [Last Exec: 0.0002739 secs, Idle: 0.1742790 secs, Blocked: 0/0.0000000 secs]
      [Inspected:            5710]
         [Skipped:              0(  0.0%)]
         [Hashed:             118(  2.1%)]
         [Known:             5592( 97.9%)]
         [New:                118(  2.1%)   5680.0B]
      [Deduplicated:            3(  2.5%)    160.0B(  2.8%)]
         [Young:                0(  0.0%)      0.0B(  0.0%)]
         [Old:                  3(100.0%)    160.0B(100.0%)]
   [Total Exec: 112/0.1080124 secs, Idle: 112/46.7433584 secs, Blocked: 0/0.0000000 secs]
      [Inspected:          917194]
         [Skipped:              0(  0.0%)]
         [Hashed:           20283(  2.2%)]
         [Known:           895813( 97.7%)]
         [New:              21381(  2.3%)   1076.1K]
      [Deduplicated:         1883(  8.8%)    100.6K(  9.3%)]
         [Young:                8(  0.4%)    424.0B(  0.4%)]
         [Old:               1875( 99.6%)    100.2K( 99.6%)]
   [Table]
      [Memory Usage: 327.4K]
      [Size: 8192, Min: 1024, Max: 16777216]
      [Entries: 11239, Load: 137.2%, Cached: 0, Added: 24566, Removed: 13327]
      [Resize Count: 3, Shrink Threshold: 5461(66.7%), Grow Threshold: 16384(200.0%)]
      [Rehash Count: 0, Rehash Threshold: 120, Hash Seed: 0x0]
      [Age Threshold: 3]
   [Queue]
      [Dropped: 0]
47.159: [GC pause (G1 Evacuation Pause) (young), 0.0743332 secs]
   [Parallel Time: 73.8 ms, GC Workers: 4]
      [GC Worker Start (ms): Min: 47159.4, Avg: 47159.4, Max: 47159.4, Diff: 0.0]
      [Ext Root Scanning (ms): Min: 0.2, Avg: 0.2, Max: 0.2, Diff: 0.0, Sum: 0.8]
      [Update RS (ms): Min: 20.5, Avg: 20.6, Max: 20.8, Diff: 0.4, Sum: 82.5]
         [Processed Buffers: Min: 35, Avg: 35.3, Max: 36, Diff: 1, Sum: 141]
      [Scan RS (ms): Min: 0.4, Avg: 0.6, Max: 0.7, Diff: 0.4, Sum: 2.3]
      [Code Root Scanning (ms): Min: 0.0, Avg: 0.0, Max: 0.0, Diff: 0.0, Sum: 0.0]
      [Object Copy (ms): Min: 52.3, Avg: 52.4, Max: 52.4, Diff: 0.1, Sum: 209.4]
      [Termination (ms): Min: 0.0, Avg: 0.0, Max: 0.0, Diff: 0.0, Sum: 0.0]
         [Termination Attempts: Min: 12, Avg: 13.5, Max: 15, Diff: 3, Sum: 54]
      [GC Worker Other (ms): Min: 0.0, Avg: 0.0, Max: 0.0, Diff: 0.0, Sum: 0.0]
      [GC Worker Total (ms): Min: 73.8, Avg: 73.8, Max: 73.8, Diff: 0.0, Sum: 295.0]
      [GC Worker End (ms): Min: 47233.2, Avg: 47233.2, Max: 47233.2, Diff: 0.0]
   [Code Root Fixup: 0.0 ms]
   [Code Root Purge: 0.0 ms]
   [String Dedup Fixup: 0.1 ms, GC Workers: 4]
      [Queue Fixup (ms): Min: 0.0, Avg: 0.0, Max: 0.0, Diff: 0.0, Sum: 0.0]
      [Table Fixup (ms): Min: 0.1, Avg: 0.1, Max: 0.1, Diff: 0.0, Sum: 0.4]
   [Clear CT: 0.0 ms]
   [Other: 0.4 ms]
      [Choose CSet: 0.0 ms]
      [Ref Proc: 0.0 ms]
      [Ref Enq: 0.0 ms]
      [Redirty Cards: 0.1 ms]
      [Humongous Register: 0.0 ms]
      [Humongous Reclaim: 0.0 ms]
      [Free CSet: 0.1 ms]
   [Eden: 88.0M(88.0M)->0.0B(89.0M) Survivors: 14.0M->13.0M Heap: 1642.7M(2048.0M)->1586.7M(2048.0M)]
 [Times: user=0.31 sys=0.00, real=0.07 secs] 
47.234: [GC concurrent-string-deduplication, 3744.0B->3744.0B(0.0B), avg 9.3%, 0.0001761 secs]
   [Last Exec: 0.0001761 secs, Idle: 0.1606948 secs, Blocked: 0/0.0000000 secs]
      [Inspected:            3423]
         [Skipped:              0(  0.0%)]
         [Hashed:              78(  2.3%)]
         [Known:             3345( 97.7%)]
         [New:                 78(  2.3%)   3744.0B]
      [Deduplicated:            0(  0.0%)      0.0B(  0.0%)]
         [Young:                0(  0.0%)      0.0B(  0.0%)]
         [Old:                  0(  0.0%)      0.0B(  0.0%)]
   [Total Exec: 113/0.1081885 secs, Idle: 113/46.9040531 secs, Blocked: 0/0.0000000 secs]
      [Inspected:          920617]
         [Skipped:              0(  0.0%)]
         [Hashed:           20361(  2.2%)]
         [Known:           899158( 97.7%)]
         [New:              21459(  2.3%)   1079.8K]
      [Deduplicated:         1883(  8.8%)    100.6K(  9.3%)]
         [Young:                8(  0.4%)    424.0B(  0.4%)]
         [Old:               1875( 99.6%)    100.2K( 99.6%)]
   [Table]
      [Memory Usage: 329.2K]
      [Size: 8192, Min: 1024, Max: 16777216]
      [Entries: 11317, Load: 138.1%, Cached: 0, Added: 24644, Removed: 13327]
      [Resize Count: 3, Shrink Threshold: 5461(66.7%), Grow Threshold: 16384(200.0%)]
      [Rehash Count: 0, Rehash Threshold: 120, Hash Seed: 0x0]
      [Age Threshold: 3]
   [Queue]
      [Dropped: 0]
47.327: [GC pause (G1 Evacuation Pause) (young), 0.0944897 secs]
   [Parallel Time: 93.9 ms, GC Workers: 4]
      [GC Worker Start (ms): Min: 47326.9, Avg: 47326.9, Max: 47326.9, Diff: 0.0]
      [Ext Root Scanning (ms): Min: 0.2, Avg: 0.2, Max: 0.2, Diff: 0.0, Sum: 0.8]
      [Update RS (ms): Min: 21.1, Avg: 21.3, Max: 21.5, Diff: 0.4, Sum: 85.1]
         [Processed Buffers: Min: 31, Avg: 32.5, Max: 37, Diff: 6, Sum: 130]
      [Scan RS (ms): Min: 0.4, Avg: 0.6, Max: 0.8, Diff: 0.4, Sum: 2.5]
      [Code Root Scanning (ms): Min: 0.0, Avg: 0.0, Max: 0.0, Diff: 0.0, Sum: 0.0]
      [Object Copy (ms): Min: 71.7, Avg: 71.8, Max: 71.8, Diff: 0.0, Sum: 287.0]
      [Termination (ms): Min: 0.0, Avg: 0.0, Max: 0.1, Diff: 0.0, Sum: 0.1]
         [Termination Attempts: Min: 2, Avg: 393.5, Max: 578, Diff: 576, Sum: 1574]
      [GC Worker Other (ms): Min: 0.0, Avg: 0.0, Max: 0.0, Diff: 0.0, Sum: 0.0]
      [GC Worker Total (ms): Min: 93.9, Avg: 93.9, Max: 93.9, Diff: 0.0, Sum: 375.5]
      [GC Worker End (ms): Min: 47420.8, Avg: 47420.8, Max: 47420.8, Diff: 0.0]
   [Code Root Fixup: 0.0 ms]
   [Code Root Purge: 0.0 ms]
   [String Dedup Fixup: 0.1 ms, GC Workers: 4]
      [Queue Fixup (ms): Min: 0.0, Avg: 0.0, Max: 0.0, Diff: 0.0, Sum: 0.1]
      [Table Fixup (ms): Min: 0.1, Avg: 0.1, Max: 0.1, Diff: 0.0, Sum: 0.5]
   [Clear CT: 0.0 ms]
   [Other: 0.4 ms]
      [Choose CSet: 0.0 ms]
      [Ref Proc: 0.0 ms]
      [Ref Enq: 0.0 ms]
      [Redirty Cards: 0.1 ms]
      [Humongous Register: 0.0 ms]
      [Humongous Reclaim: 0.0 ms]
      [Free CSet: 0.1 ms]
   [Eden: 89.0M(89.0M)->0.0B(89.0M) Survivors: 13.0M->13.0M Heap: 1675.7M(2048.0M)->1619.5M(2048.0M)]
 [Times: user=0.38 sys=0.00, real=0.10 secs] 
47.422: [GC concurrent-string-deduplication, 10.5K->10.3K(160.0B), avg 9.2%, 0.0005453 secs]
   [Last Exec: 0.0005453 secs, Idle: 0.1874896 secs, Blocked: 0/0.0000000 secs]
      [Inspected:           11006]
         [Skipped:              0(  0.0%)]
         [Hashed:             223(  2.0%)]
         [Known:            10783( 98.0%)]
         [New:                223(  2.0%)     10.5K]
      [Deduplicated:            3(  1.3%)    160.0B(  1.5%)]
         [Young:                0(  0.0%)      0.0B(  0.0%)]
         [Old:                  3(100.0%)    160.0B(100.0%)]
   [Total Exec: 114/0.1087338 secs, Idle: 114/47.0915428 secs, Blocked: 0/0.0000000 secs]
      [Inspected:          931623]
         [Skipped:              0(  0.0%)]
         [Hashed:           20584(  2.2%)]
         [Known:           909941( 97.7%)]
         [New:              21682(  2.3%)   1090.3K]
      [Deduplicated:         1886(  8.7%)    100.8K(  9.2%)]
         [Young:                8(  0.4%)    424.0B(  0.4%)]
         [Old:               1878( 99.6%)    100.4K( 99.6%)]
   [Table]
      [Memory Usage: 334.6K]
      [Size: 8192, Min: 1024, Max: 16777216]
      [Entries: 11545, Load: 140.9%, Cached: 0, Added: 24872, Removed: 13327]
      [Resize Count: 3, Shrink Threshold: 5461(66.7%), Grow Threshold: 16384(200.0%)]
      [Rehash Count: 0, Rehash Threshold: 120, Hash Seed: 0x0]
      [Age Threshold: 3]
   [Queue]
      [Dropped: 0]
47.521: [GC pause (G1 Evacuation Pause) (young), 0.0553028 secs]
   [Parallel Time: 54.8 ms, GC Workers: 4]
      [GC Worker Start (ms): Min: 47520.9, Avg: 47520.9, Max: 47520.9, Diff: 0.0]
      [Ext Root Scanning (ms): Min: 0.2, Avg: 0.2, Max: 0.2, Diff: 0.1, Sum: 0.8]
      [Update RS (ms): Min: 14.9, Avg: 15.0, Max: 15.1, Diff: 0.2, Sum: 60.0]
         [Processed Buffers: Min: 27, Avg: 28.5, Max: 31, Diff: 4, Sum: 114]
      [Scan RS (ms): Min: 0.0, Avg: 0.0, Max: 0.1, Diff: 0.1, Sum: 0.1]
      [Code Root Scanning (ms): Min: 0.0, Avg: 0.0, Max: 0.0, Diff: 0.0, Sum: 0.0]
      [Object Copy (ms): Min: 39.4, Avg: 39.5, Max: 39.6, Diff: 0.2, Sum: 158.1]
      [Termination (ms): Min: 0.0, Avg: 0.0, Max: 0.0, Diff: 0.0, Sum: 0.0]
         [Termination Attempts: Min: 20, Avg: 21.0, Max: 23, Diff: 3, Sum: 84]
      [GC Worker Other (ms): Min: 0.0, Avg: 0.0, Max: 0.0, Diff: 0.0, Sum: 0.0]
      [GC Worker Total (ms): Min: 54.7, Avg: 54.8, Max: 54.8, Diff: 0.0, Sum: 219.1]
      [GC Worker End (ms): Min: 47575.7, Avg: 47575.7, Max: 47575.7, Diff: 0.0]
   [Code Root Fixup: 0.0 ms]
   [Code Root Purge: 0.0 ms]
   [String Dedup Fixup: 0.1 ms, GC Workers: 4]
      [Queue Fixup (ms): Min: 0.0, Avg: 0.0, Max: 0.0, Diff: 0.0, Sum: 0.0]
      [Table Fixup (ms): Min: 0.1, Avg: 0.1, Max: 0.1, Diff: 0.0, Sum: 0.4]
   [Clear CT: 0.0 ms]
   [Other: 0.3 ms]
      [Choose CSet: 0.0 ms]
      [Ref Proc: 0.0 ms]
      [Ref Enq: 0.0 ms]
      [Redirty Cards: 0.1 ms]
      [Humongous Register: 0.0 ms]
      [Humongous Reclaim: 0.0 ms]
      [Free CSet: 0.1 ms]
   [Eden: 89.0M(89.0M)->0.0B(89.0M) Survivors: 13.0M->13.0M Heap: 1708.5M(2048.0M)->1654.6M(2048.0M)]
 [Times: user=0.25 sys=0.00, real=0.06 secs] 
47.576: [GC concurrent-string-deduplication, 3200.0B->2880.0B(320.0B), avg 9.2%, 0.0001562 secs]
   [Last Exec: 0.0001562 secs, Idle: 0.1540895 secs, Blocked: 0/0.0000000 secs]
      [Inspected:            3072]
         [Skipped:              0(  0.0%)]
         [Hashed:              66(  2.1%)]
         [Known:             3006( 97.9%)]
         [New:                 66(  2.1%)   3200.0B]
      [Deduplicated:            6(  9.1%)    320.0B( 10.0%)]
         [Young:                0(  0.0%)      0.0B(  0.0%)]
         [Old:                  6(100.0%)    320.0B(100.0%)]
   [Total Exec: 115/0.1088900 secs, Idle: 115/47.2456323 secs, Blocked: 0/0.0000000 secs]
      [Inspected:          934695]
         [Skipped:              0(  0.0%)]
         [Hashed:           20650(  2.2%)]
         [Known:           912947( 97.7%)]
         [New:              21748(  2.3%)   1093.4K]
      [Deduplicated:         1892(  8.7%)    101.1K(  9.2%)]
         [Young:                8(  0.4%)    424.0B(  0.4%)]
         [Old:               1884( 99.6%)    100.7K( 99.6%)]
   [Table]
      [Memory Usage: 336.0K]
      [Size: 8192, Min: 1024, Max: 16777216]
      [Entries: 11605, Load: 141.7%, Cached: 0, Added: 24932, Removed: 13327]
      [Resize Count: 3, Shrink Threshold: 5461(66.7%), Grow Threshold: 16384(200.0%)]
      [Rehash Count: 0, Rehash Threshold: 120, Hash Seed: 0x0]
      [Age Threshold: 3]
   [Queue]
      [Dropped: 0]
47.656: [GC pause (G1 Evacuation Pause) (young), 0.0746386 secs]
   [Parallel Time: 74.1 ms, GC Workers: 4]
      [GC Worker Start (ms): Min: 47655.9, Avg: 47655.9, Max: 47655.9, Diff: 0.0]
      [Ext Root Scanning (ms): Min: 0.2, Avg: 0.2, Max: 0.2, Diff: 0.0, Sum: 0.8]
      [Update RS (ms): Min: 17.7, Avg: 17.9, Max: 18.1, Diff: 0.4, Sum: 71.5]
         [Processed Buffers: Min: 31, Avg: 31.5, Max: 33, Diff: 2, Sum: 126]
      [Scan RS (ms): Min: 0.1, Avg: 0.3, Max: 0.5, Diff: 0.4, Sum: 1.3]
      [Code Root Scanning (ms): Min: 0.0, Avg: 0.0, Max: 0.0, Diff: 0.0, Sum: 0.0]
      [Object Copy (ms): Min: 55.7, Avg: 55.7, Max: 55.7, Diff: 0.0, Sum: 222.8]
      [Termination (ms): Min: 0.0, Avg: 0.0, Max: 0.0, Diff: 0.0, Sum: 0.0]
         [Termination Attempts: Min: 14, Avg: 18.8, Max: 24, Diff: 10, Sum: 75]
      [GC Worker Other (ms): Min: 0.0, Avg: 0.0, Max: 0.0, Diff: 0.0, Sum: 0.0]
      [GC Worker Total (ms): Min: 74.1, Avg: 74.1, Max: 74.1, Diff: 0.0, Sum: 296.4]
      [GC Worker End (ms): Min: 47730.0, Avg: 47730.0, Max: 47730.0, Diff: 0.0]
   [Code Root Fixup: 0.0 ms]
   [Code Root Purge: 0.0 ms]
   [String Dedup Fixup: 0.1 ms, GC Workers: 4]
      [Queue Fixup (ms): Min: 0.0, Avg: 0.0, Max: 0.0, Diff: 0.0, Sum: 0.0]
      [Table Fixup (ms): Min: 0.1, Avg: 0.1, Max: 0.1, Diff: 0.0, Sum: 0.5]
   [Clear CT: 0.0 ms]
   [Other: 0.3 ms]
      [Choose CSet: 0.0 ms]
      [Ref Proc: 0.0 ms]
      [Ref Enq: 0.0 ms]
      [Redirty Cards: 0.1 ms]
      [Humongous Register: 0.0 ms]
      [Humongous Reclaim: 0.0 ms]
      [Free CSet: 0.1 ms]
   [Eden: 89.0M(89.0M)->0.0B(89.0M) Survivors: 13.0M->13.0M Heap: 1743.6M(2048.0M)->1686.5M(2048.0M)]
 [Times: user=0.25 sys=0.00, real=0.07 secs] 
47.731: [GC concurrent-string-deduplication, 6000.0B->6000.0B(0.0B), avg 9.2%, 0.0002839 secs]
   [Last Exec: 0.0002839 secs, Idle: 0.1541325 secs, Blocked: 0/0.0000000 secs]
      [Inspected:            5616]
         [Skipped:              0(  0.0%)]
         [Hashed:             125(  2.2%)]
         [Known:             5491( 97.8%)]
         [New:                125(  2.2%)   6000.0B]
      [Deduplicated:            0(  0.0%)      0.0B(  0.0%)]
         [Young:                0(  0.0%)      0.0B(  0.0%)]
         [Old:                  0(  0.0%)      0.0B(  0.0%)]
   [Total Exec: 116/0.1091738 secs, Idle: 116/47.3997647 secs, Blocked: 0/0.0000000 secs]
      [Inspected:          940311]
         [Skipped:              0(  0.0%)]
         [Hashed:           20775(  2.2%)]
         [Known:           918438( 97.7%)]
         [New:              21873(  2.3%)   1099.3K]
      [Deduplicated:         1892(  8.6%)    101.1K(  9.2%)]
         [Young:                8(  0.4%)    424.0B(  0.4%)]
         [Old:               1884( 99.6%)    100.7K( 99.6%)]
   [Table]
      [Memory Usage: 338.9K]
      [Size: 8192, Min: 1024, Max: 16777216]
      [Entries: 11730, Load: 143.2%, Cached: 0, Added: 25057, Removed: 13327]
      [Resize Count: 3, Shrink Threshold: 5461(66.7%), Grow Threshold: 16384(200.0%)]
      [Rehash Count: 0, Rehash Threshold: 120, Hash Seed: 0x0]
      [Age Threshold: 3]
   [Queue]
      [Dropped: 0]
47.810: [GC pause (G1 Evacuation Pause) (young), 0.0808663 secs]
   [Parallel Time: 80.3 ms, GC Workers: 4]
      [GC Worker Start (ms): Min: 47809.6, Avg: 47809.6, Max: 47809.6, Diff: 0.0]
      [Ext Root Scanning (ms): Min: 0.2, Avg: 0.2, Max: 0.2, Diff: 0.0, Sum: 0.8]
      [Update RS (ms): Min: 21.0, Avg: 21.2, Max: 21.6, Diff: 0.6, Sum: 84.8]
         [Processed Buffers: Min: 34, Avg: 34.3, Max: 35, Diff: 1, Sum: 137]
      [Scan RS (ms): Min: 0.2, Avg: 0.6, Max: 0.8, Diff: 0.6, Sum: 2.3]
      [Code Root Scanning (ms): Min: 0.0, Avg: 0.0, Max: 0.0, Diff: 0.0, Sum: 0.0]
      [Object Copy (ms): Min: 58.3, Avg: 58.3, Max: 58.3, Diff: 0.0, Sum: 233.2]
      [Termination (ms): Min: 0.0, Avg: 0.0, Max: 0.0, Diff: 0.0, Sum: 0.0]
         [Termination Attempts: Min: 7, Avg: 10.3, Max: 14, Diff: 7, Sum: 41]
      [GC Worker Other (ms): Min: 0.0, Avg: 0.0, Max: 0.0, Diff: 0.0, Sum: 0.0]
      [GC Worker Total (ms): Min: 80.3, Avg: 80.3, Max: 80.3, Diff: 0.0, Sum: 321.2]
      [GC Worker End (ms): Min: 47889.9, Avg: 47889.9, Max: 47889.9, Diff: 0.0]
   [Code Root Fixup: 0.0 ms]
   [Code Root Purge: 0.0 ms]
   [String Dedup Fixup: 0.1 ms, GC Workers: 4]
      [Queue Fixup (ms): Min: 0.0, Avg: 0.0, Max: 0.0, Diff: 0.0, Sum: 0.0]
      [Table Fixup (ms): Min: 0.1, Avg: 0.1, Max: 0.1, Diff: 0.0, Sum: 0.5]
   [Clear CT: 0.0 ms]
   [Other: 0.4 ms]
      [Choose CSet: 0.0 ms]
      [Ref Proc: 0.0 ms]
      [Ref Enq: 0.0 ms]
      [Redirty Cards: 0.1 ms]
      [Humongous Register: 0.0 ms]
      [Humongous Reclaim: 0.0 ms]
      [Free CSet: 0.1 ms]
   [Eden: 89.0M(89.0M)->0.0B(89.0M) Survivors: 13.0M->13.0M Heap: 1775.5M(2048.0M)->1720.1M(2048.0M)]
 [Times: user=0.31 sys=0.00, real=0.08 secs] 
47.891: [GC concurrent-string-deduplication, 4784.0B->4464.0B(320.0B), avg 9.2%, 0.0002261 secs]
   [Last Exec: 0.0002261 secs, Idle: 0.1596315 secs, Blocked: 0/0.0000000 secs]
      [Inspected:            4396]
         [Skipped:              0(  0.0%)]
         [Hashed:              99(  2.3%)]
         [Known:             4297( 97.7%)]
         [New:                 99(  2.3%)   4784.0B]
      [Deduplicated:            6(  6.1%)    320.0B(  6.7%)]
         [Young:                0(  0.0%)      0.0B(  0.0%)]
         [Old:                  6(100.0%)    320.0B(100.0%)]
   [Total Exec: 117/0.1093999 secs, Idle: 117/47.5593962 secs, Blocked: 0/0.0000000 secs]
      [Inspected:          944707]
         [Skipped:              0(  0.0%)]
         [Hashed:           20874(  2.2%)]
         [Known:           922735( 97.7%)]
         [New:              21972(  2.3%)   1103.9K]
      [Deduplicated:         1898(  8.6%)    101.4K(  9.2%)]
         [Young:                8(  0.4%)    424.0B(  0.4%)]
         [Old:               1890( 99.6%)    101.0K( 99.6%)]
   [Table]
      [Memory Usage: 341.1K]
      [Size: 8192, Min: 1024, Max: 16777216]
      [Entries: 11823, Load: 144.3%, Cached: 0, Added: 25150, Removed: 13327]
      [Resize Count: 3, Shrink Threshold: 5461(66.7%), Grow Threshold: 16384(200.0%)]
      [Rehash Count: 0, Rehash Threshold: 120, Hash Seed: 0x0]
      [Age Threshold: 3]
   [Queue]
      [Dropped: 0]
47.975: [GC pause (G1 Evacuation Pause) (young) (to-space exhausted), 0.0819296 secs]
   [Parallel Time: 80.7 ms, GC Workers: 4]
      [GC Worker Start (ms): Min: 47975.4, Avg: 47975.4, Max: 47975.4, Diff: 0.0]
      [Ext Root Scanning (ms): Min: 0.2, Avg: 0.2, Max: 0.2, Diff: 0.0, Sum: 0.8]
      [Update RS (ms): Min: 19.5, Avg: 19.6, Max: 19.7, Diff: 0.2, Sum: 78.5]
         [Processed Buffers: Min: 30, Avg: 30.8, Max: 32, Diff: 2, Sum: 123]
      [Scan RS (ms): Min: 0.0, Avg: 0.0, Max: 0.1, Diff: 0.1, Sum: 0.1]
      [Code Root Scanning (ms): Min: 0.0, Avg: 0.0, Max: 0.0, Diff: 0.0, Sum: 0.0]
      [Object Copy (ms): Min: 60.7, Avg: 60.8, Max: 60.9, Diff: 0.1, Sum: 243.3]
      [Termination (ms): Min: 0.0, Avg: 0.0, Max: 0.0, Diff: 0.0, Sum: 0.0]
         [Termination Attempts: Min: 8, Avg: 14.0, Max: 19, Diff: 11, Sum: 56]
      [GC Worker Other (ms): Min: 0.0, Avg: 0.0, Max: 0.0, Diff: 0.0, Sum: 0.0]
      [GC Worker Total (ms): Min: 80.7, Avg: 80.7, Max: 80.7, Diff: 0.0, Sum: 322.7]
      [GC Worker End (ms): Min: 48056.1, Avg: 48056.1, Max: 48056.1, Diff: 0.0]
   [Code Root Fixup: 0.0 ms]
   [Code Root Purge: 0.0 ms]
   [String Dedup Fixup: 0.1 ms, GC Workers: 4]
      [Queue Fixup (ms): Min: 0.0, Avg: 0.0, Max: 0.0, Diff: 0.0, Sum: 0.0]
      [Table Fixup (ms): Min: 0.1, Avg: 0.1, Max: 0.1, Diff: 0.0, Sum: 0.4]
   [Clear CT: 0.0 ms]
   [Other: 1.0 ms]
      [Evacuation Failure: 0.7 ms]
      [Choose CSet: 0.0 ms]
      [Ref Proc: 0.0 ms]
      [Ref Enq: 0.0 ms]
      [Redirty Cards: 0.1 ms]
      [Humongous Register: 0.0 ms]
      [Humongous Reclaim: 0.0 ms]
      [Free CSet: 0.1 ms]
   [Eden: 89.0M(89.0M)->0.0B(89.0M) Survivors: 13.0M->13.0M Heap: 1809.1M(2048.0M)->1759.2M(2048.0M)]
 [Times: user=0.31 sys=0.00, real=0.08 secs] 
48.058: [GC concurrent-string-deduplication, 7392.0B->7392.0B(0.0B), avg 9.1%, 0.0003807 secs]
   [Last Exec: 0.0003807 secs, Idle: 0.1666018 secs, Blocked: 0/0.0000000 secs]
      [Inspected:            7665]
         [Skipped:              0(  0.0%)]
         [Hashed:             154(  2.0%)]
         [Known:             7511( 98.0%)]
         [New:                154(  2.0%)   7392.0B]
      [Deduplicated:            0(  0.0%)      0.0B(  0.0%)]
         [Young:                0(  0.0%)      0.0B(  0.0%)]
         [Old:                  0(  0.0%)      0.0B(  0.0%)]
   [Total Exec: 118/0.1097806 secs, Idle: 118/47.7259981 secs, Blocked: 0/0.0000000 secs]
      [Inspected:          952372]
         [Skipped:              0(  0.0%)]
         [Hashed:           21028(  2.2%)]
         [Known:           930246( 97.7%)]
         [New:              22126(  2.3%)   1111.1K]
      [Deduplicated:         1898(  8.6%)    101.4K(  9.1%)]
         [Young:                8(  0.4%)    424.0B(  0.4%)]
         [Old:               1890( 99.6%)    101.0K( 99.6%)]
   [Table]
      [Memory Usage: 344.7K]
      [Size: 8192, Min: 1024, Max: 16777216]
      [Entries: 11977, Load: 146.2%, Cached: 0, Added: 25304, Removed: 13327]
      [Resize Count: 3, Shrink Threshold: 5461(66.7%), Grow Threshold: 16384(200.0%)]
      [Rehash Count: 0, Rehash Threshold: 120, Hash Seed: 0x0]
      [Age Threshold: 3]
   [Queue]
      [Dropped: 0]
48.158: [GC pause (G1 Evacuation Pause) (young) (to-space exhausted), 0.1066284 secs]
   [Parallel Time: 94.1 ms, GC Workers: 4]
      [GC Worker Start (ms): Min: 48158.1, Avg: 48158.1, Max: 48158.1, Diff: 0.0]
      [Ext Root Scanning (ms): Min: 0.2, Avg: 0.2, Max: 0.2, Diff: 0.0, Sum: 0.8]
      [Update RS (ms): Min: 3.1, Avg: 3.1, Max: 3.1, Diff: 0.0, Sum: 12.3]
         [Processed Buffers: Min: 8, Avg: 34.0, Max: 60, Diff: 52, Sum: 136]
      [Scan RS (ms): Min: 6.8, Avg: 6.8, Max: 6.9, Diff: 0.2, Sum: 27.2]
      [Code Root Scanning (ms): Min: 0.0, Avg: 0.0, Max: 0.0, Diff: 0.0, Sum: 0.0]
      [Object Copy (ms): Min: 83.5, Avg: 83.7, Max: 84.0, Diff: 0.5, Sum: 335.0]
      [Termination (ms): Min: 0.0, Avg: 0.2, Max: 0.3, Diff: 0.3, Sum: 1.0]
         [Termination Attempts: Min: 1, Avg: 1.0, Max: 1, Diff: 0, Sum: 4]
      [GC Worker Other (ms): Min: 0.0, Avg: 0.0, Max: 0.0, Diff: 0.0, Sum: 0.0]
      [GC Worker Total (ms): Min: 94.1, Avg: 94.1, Max: 94.1, Diff: 0.0, Sum: 376.4]
      [GC Worker End (ms): Min: 48252.2, Avg: 48252.2, Max: 48252.2, Diff: 0.0]
   [Code Root Fixup: 0.0 ms]
   [Code Root Purge: 0.0 ms]
   [String Dedup Fixup: 0.2 ms, GC Workers: 4]
      [Queue Fixup (ms): Min: 0.0, Avg: 0.0, Max: 0.0, Diff: 0.0, Sum: 0.1]
      [Table Fixup (ms): Min: 0.1, Avg: 0.1, Max: 0.1, Diff: 0.0, Sum: 0.5]
   [Clear CT: 0.1 ms]
   [Other: 12.3 ms]
      [Evacuation Failure: 11.8 ms]
      [Choose CSet: 0.0 ms]
      [Ref Proc: 0.1 ms]
      [Ref Enq: 0.0 ms]
      [Redirty Cards: 0.1 ms]
      [Humongous Register: 0.0 ms]
      [Humongous Reclaim: 0.0 ms]
      [Free CSet: 0.1 ms]
   [Eden: 89.0M(89.0M)->0.0B(101.0M) Survivors: 13.0M->1024.0K Heap: 1848.2M(2048.0M)->1841.2M(2048.0M)]
 [Times: user=0.20 sys=0.00, real=0.11 secs] 
48.265: [GC concurrent-string-deduplication, 4688.0B->4368.0B(320.0B), avg 9.1%, 0.0002556 secs]
   [Last Exec: 0.0002556 secs, Idle: 0.2069874 secs, Blocked: 0/0.0000000 secs]
      [Inspected:            4865]
         [Skipped:              0(  0.0%)]
         [Hashed:              97(  2.0%)]
         [Known:             4768( 98.0%)]
         [New:                 97(  2.0%)   4688.0B]
      [Deduplicated:            6(  6.2%)    320.0B(  6.8%)]
         [Young:                0(  0.0%)      0.0B(  0.0%)]
         [Old:                  6(100.0%)    320.0B(100.0%)]
   [Total Exec: 119/0.1100363 secs, Idle: 119/47.9329854 secs, Blocked: 0/0.0000000 secs]
      [Inspected:          957237]
         [Skipped:              0(  0.0%)]
         [Hashed:           21125(  2.2%)]
         [Known:           935014( 97.7%)]
         [New:              22223(  2.3%)   1115.7K]
      [Deduplicated:         1904(  8.6%)    101.7K(  9.1%)]
         [Young:                8(  0.4%)    424.0B(  0.4%)]
         [Old:               1896( 99.6%)    101.3K( 99.6%)]
   [Table]
      [Memory Usage: 346.8K]
      [Size: 8192, Min: 1024, Max: 16777216]
      [Entries: 12068, Load: 147.3%, Cached: 0, Added: 25395, Removed: 13327]
      [Resize Count: 3, Shrink Threshold: 5461(66.7%), Grow Threshold: 16384(200.0%)]
      [Rehash Count: 0, Rehash Threshold: 120, Hash Seed: 0x0]
      [Age Threshold: 3]
   [Queue]
      [Dropped: 0]
48.305: [GC pause (G1 Evacuation Pause) (young) (to-space exhausted), 0.0317028 secs]
   [Parallel Time: 29.1 ms, GC Workers: 4]
      [GC Worker Start (ms): Min: 48305.4, Avg: 48305.4, Max: 48305.4, Diff: 0.0]
      [Ext Root Scanning (ms): Min: 0.2, Avg: 0.2, Max: 0.2, Diff: 0.0, Sum: 0.8]
      [Update RS (ms): Min: 17.0, Avg: 17.3, Max: 17.6, Diff: 0.6, Sum: 69.2]
         [Processed Buffers: Min: 35, Avg: 40.0, Max: 42, Diff: 7, Sum: 160]
      [Scan RS (ms): Min: 0.5, Avg: 0.6, Max: 0.7, Diff: 0.2, Sum: 2.5]
      [Code Root Scanning (ms): Min: 0.0, Avg: 0.0, Max: 0.0, Diff: 0.0, Sum: 0.0]
      [Object Copy (ms): Min: 9.4, Avg: 9.9, Max: 10.8, Diff: 1.3, Sum: 39.6]
      [Termination (ms): Min: 0.0, Avg: 1.0, Max: 1.9, Diff: 1.9, Sum: 4.0]
         [Termination Attempts: Min: 1, Avg: 1.0, Max: 1, Diff: 0, Sum: 4]
      [GC Worker Other (ms): Min: 0.0, Avg: 0.0, Max: 0.0, Diff: 0.0, Sum: 0.0]
      [GC Worker Total (ms): Min: 29.0, Avg: 29.0, Max: 29.0, Diff: 0.0, Sum: 116.1]
      [GC Worker End (ms): Min: 48334.4, Avg: 48334.4, Max: 48334.4, Diff: 0.0]
   [Code Root Fixup: 0.0 ms]
   [Code Root Purge: 0.0 ms]
   [String Dedup Fixup: 0.1 ms, GC Workers: 4]
      [Queue Fixup (ms): Min: 0.0, Avg: 0.0, Max: 0.0, Diff: 0.0, Sum: 0.0]
      [Table Fixup (ms): Min: 0.1, Avg: 0.1, Max: 0.1, Diff: 0.0, Sum: 0.5]
   [Clear CT: 0.0 ms]
   [Other: 2.5 ms]
      [Evacuation Failure: 2.3 ms]
      [Choose CSet: 0.0 ms]
      [Ref Proc: 0.0 ms]
      [Ref Enq: 0.0 ms]
      [Redirty Cards: 0.0 ms]
      [Humongous Register: 0.0 ms]
      [Humongous Reclaim: 0.0 ms]
      [Free CSet: 0.0 ms]
   [Eden: 14.0M(101.0M)->0.0B(102.0M) Survivors: 1024.0K->0.0B Heap: 1855.2M(2048.0M)->1854.2M(2048.0M)]
 [Times: user=0.09 sys=0.00, real=0.03 secs] 
48.338: [GC pause (G1 Evacuation Pause) (young) (to-space exhausted), 0.0109077 secs]
   [Parallel Time: 9.8 ms, GC Workers: 4]
      [GC Worker Start (ms): Min: 48338.4, Avg: 48338.4, Max: 48338.4, Diff: 0.0]
      [Ext Root Scanning (ms): Min: 0.2, Avg: 0.2, Max: 0.2, Diff: 0.0, Sum: 0.8]
      [Update RS (ms): Min: 8.5, Avg: 8.7, Max: 8.8, Diff: 0.3, Sum: 34.8]
         [Processed Buffers: Min: 20, Avg: 20.8, Max: 21, Diff: 1, Sum: 83]
      [Scan RS (ms): Min: 0.0, Avg: 0.0, Max: 0.0, Diff: 0.0, Sum: 0.0]
      [Code Root Scanning (ms): Min: 0.0, Avg: 0.0, Max: 0.0, Diff: 0.0, Sum: 0.0]
      [Object Copy (ms): Min: 0.0, Avg: 0.3, Max: 1.1, Diff: 1.1, Sum: 1.4]
      [Termination (ms): Min: 0.0, Avg: 0.6, Max: 0.8, Diff: 0.8, Sum: 2.4]
         [Termination Attempts: Min: 1, Avg: 1.0, Max: 1, Diff: 0, Sum: 4]
      [GC Worker Other (ms): Min: 0.0, Avg: 0.0, Max: 0.0, Diff: 0.0, Sum: 0.0]
      [GC Worker Total (ms): Min: 9.8, Avg: 9.8, Max: 9.8, Diff: 0.0, Sum: 39.3]
      [GC Worker End (ms): Min: 48348.3, Avg: 48348.3, Max: 48348.3, Diff: 0.0]
   [Code Root Fixup: 0.0 ms]
   [Code Root Purge: 0.0 ms]
   [String Dedup Fixup: 0.1 ms, GC Workers: 4]
      [Queue Fixup (ms): Min: 0.0, Avg: 0.0, Max: 0.0, Diff: 0.0, Sum: 0.0]
      [Table Fixup (ms): Min: 0.1, Avg: 0.1, Max: 0.1, Diff: 0.0, Sum: 0.4]
   [Clear CT: 0.0 ms]
   [Other: 0.9 ms]
      [Evacuation Failure: 0.8 ms]
      [Choose CSet: 0.0 ms]
      [Ref Proc: 0.0 ms]
      [Ref Enq: 0.0 ms]
      [Redirty Cards: 0.0 ms]
      [Humongous Register: 0.0 ms]
      [Humongous Reclaim: 0.0 ms]
      [Free CSet: 0.0 ms]
   [Eden: 1024.0K(102.0M)->0.0B(102.0M) Survivors: 0.0B->0.0B Heap: 1855.2M(2048.0M)->1855.2M(2048.0M)]
 [Times: user=0.06 sys=0.00, real=0.01 secs] 
48.350: [Full GC (Allocation Failure)  1855M->1172M(2048M), 1.6247362 secs]
   [Eden: 0.0B(102.0M)->0.0B(357.0M) Survivors: 0.0B->0.0B Heap: 1855.2M(2048.0M)->1172.7M(2048.0M)], [Metaspace: 9272K->9272K(1058816K)]
 [Times: user=3.20 sys=0.01, real=1.63 secs] 
49.975: [GC concurrent-mark-abort]
50.282: [GC pause (G1 Evacuation Pause) (young), 0.1579589 secs]
   [Parallel Time: 157.2 ms, GC Workers: 4]
      [GC Worker Start (ms): Min: 50282.3, Avg: 50282.4, Max: 50282.4, Diff: 0.1]
      [Ext Root Scanning (ms): Min: 0.2, Avg: 0.2, Max: 0.2, Diff: 0.1, Sum: 0.8]
      [Update RS (ms): Min: 0.0, Avg: 0.0, Max: 0.1, Diff: 0.1, Sum: 0.2]
         [Processed Buffers: Min: 1, Avg: 1.8, Max: 3, Diff: 2, Sum: 7]
      [Scan RS (ms): Min: 0.0, Avg: 0.0, Max: 0.1, Diff: 0.1, Sum: 0.2]
      [Code Root Scanning (ms): Min: 0.0, Avg: 0.0, Max: 0.0, Diff: 0.0, Sum: 0.0]
      [Object Copy (ms): Min: 156.7, Avg: 156.7, Max: 156.8, Diff: 0.0, Sum: 627.0]
      [Termination (ms): Min: 0.0, Avg: 0.0, Max: 0.0, Diff: 0.0, Sum: 0.0]
         [Termination Attempts: Min: 9, Avg: 12.0, Max: 16, Diff: 7, Sum: 48]
      [GC Worker Other (ms): Min: 0.0, Avg: 0.0, Max: 0.1, Diff: 0.1, Sum: 0.1]
      [GC Worker Total (ms): Min: 157.0, Avg: 157.1, Max: 157.1, Diff: 0.1, Sum: 628.3]
      [GC Worker End (ms): Min: 50439.5, Avg: 50439.5, Max: 50439.5, Diff: 0.0]
   [Code Root Fixup: 0.0 ms]
   [Code Root Purge: 0.0 ms]
   [String Dedup Fixup: 0.1 ms, GC Workers: 4]
      [Queue Fixup (ms): Min: 0.0, Avg: 0.0, Max: 0.0, Diff: 0.0, Sum: 0.1]
      [Table Fixup (ms): Min: 0.1, Avg: 0.1, Max: 0.1, Diff: 0.0, Sum: 0.4]
   [Clear CT: 0.1 ms]
   [Other: 0.6 ms]
      [Choose CSet: 0.0 ms]
      [Ref Proc: 0.0 ms]
      [Ref Enq: 0.0 ms]
      [Redirty Cards: 0.1 ms]
      [Humongous Register: 0.0 ms]
      [Humongous Reclaim: 0.0 ms]
      [Free CSet: 0.2 ms]
   [Eden: 357.0M(357.0M)->0.0B(251.0M) Survivors: 0.0B->45.0M Heap: 1529.7M(2048.0M)->1302.7M(2048.0M)]
 [Times: user=0.61 sys=0.00, real=0.16 secs] 
50.441: [GC concurrent-string-deduplication, 11.6K->11.6K(0.0B), avg 9.0%, 0.0006193 secs]
   [Last Exec: 0.0006193 secs, Idle: 2.1751989 secs, Blocked: 0/0.0000000 secs]
      [Inspected:           12034]
         [Skipped:              0(  0.0%)]
         [Hashed:             248(  2.1%)]
         [Known:            11786( 97.9%)]
         [New:                248(  2.1%)     11.6K]
      [Deduplicated:            0(  0.0%)      0.0B(  0.0%)]
         [Young:                0(  0.0%)      0.0B(  0.0%)]
         [Old:                  0(  0.0%)      0.0B(  0.0%)]
   [Total Exec: 120/0.1106556 secs, Idle: 120/50.1081843 secs, Blocked: 0/0.0000000 secs]
      [Inspected:          969271]
         [Skipped:              0(  0.0%)]
         [Hashed:           21373(  2.2%)]
         [Known:           946800( 97.7%)]
         [New:              22471(  2.3%)   1127.3K]
      [Deduplicated:         1904(  8.5%)    101.7K(  9.0%)]
         [Young:                8(  0.4%)    424.0B(  0.4%)]
         [Old:               1896( 99.6%)    101.3K( 99.6%)]
   [Table]
      [Memory Usage: 324.9K]
      [Size: 8192, Min: 1024, Max: 16777216]
      [Entries: 10311, Load: 125.9%, Cached: 819, Added: 25658, Removed: 15347]
      [Resize Count: 3, Shrink Threshold: 5461(66.7%), Grow Threshold: 16384(200.0%)]
      [Rehash Count: 0, Rehash Threshold: 120, Hash Seed: 0x0]
      [Age Threshold: 3]
   [Queue]
      [Dropped: 0]
50.576: [GC pause (G1 Evacuation Pause) (young) (initial-mark), 0.1739246 secs]
   [Parallel Time: 173.0 ms, GC Workers: 4]
      [GC Worker Start (ms): Min: 50576.1, Avg: 50576.1, Max: 50576.2, Diff: 0.1]
      [Ext Root Scanning (ms): Min: 0.3, Avg: 0.3, Max: 0.3, Diff: 0.0, Sum: 1.1]
      [Update RS (ms): Min: 24.4, Avg: 24.5, Max: 24.6, Diff: 0.2, Sum: 98.1]
         [Processed Buffers: Min: 39, Avg: 41.0, Max: 44, Diff: 5, Sum: 164]
      [Scan RS (ms): Min: 12.8, Avg: 12.9, Max: 13.0, Diff: 0.2, Sum: 51.6]
      [Code Root Scanning (ms): Min: 0.0, Avg: 0.0, Max: 0.0, Diff: 0.0, Sum: 0.0]
      [Object Copy (ms): Min: 135.2, Avg: 135.2, Max: 135.2, Diff: 0.1, Sum: 540.8]
      [Termination (ms): Min: 0.0, Avg: 0.0, Max: 0.0, Diff: 0.0, Sum: 0.0]
         [Termination Attempts: Min: 13, Avg: 16.5, Max: 20, Diff: 7, Sum: 66]
      [GC Worker Other (ms): Min: 0.0, Avg: 0.0, Max: 0.0, Diff: 0.0, Sum: 0.1]
      [GC Worker Total (ms): Min: 172.9, Avg: 172.9, Max: 173.0, Diff: 0.1, Sum: 691.7]
      [GC Worker End (ms): Min: 50749.1, Avg: 50749.1, Max: 50749.1, Diff: 0.0]
   [Code Root Fixup: 0.0 ms]
   [Code Root Purge: 0.0 ms]
   [String Dedup Fixup: 0.1 ms, GC Workers: 4]
      [Queue Fixup (ms): Min: 0.0, Avg: 0.0, Max: 0.0, Diff: 0.0, Sum: 0.1]
      [Table Fixup (ms): Min: 0.1, Avg: 0.1, Max: 0.1, Diff: 0.0, Sum: 0.4]
   [Clear CT: 0.1 ms]
   [Other: 0.7 ms]
      [Choose CSet: 0.0 ms]
      [Ref Proc: 0.0 ms]
      [Ref Enq: 0.0 ms]
      [Redirty Cards: 0.2 ms]
      [Humongous Register: 0.0 ms]
      [Humongous Reclaim: 0.0 ms]
      [Free CSet: 0.2 ms]
   [Eden: 139.0M(57.0M)->0.0B(185.0M) Survivors: 45.0M->13.0M Heap: 1441.7M(2048.0M)->1350.9M(2048.0M)]
 [Times: user=0.67 sys=0.02, real=0.17 secs] 
50.750: [GC concurrent-root-region-scan-start]
50.751: [GC concurrent-string-deduplication, 17.1K->16.5K(624.0B), avg 8.9%, 0.0008416 secs]
   [Last Exec: 0.0008416 secs, Idle: 0.3090302 secs, Blocked: 0/0.0000000 secs]
      [Inspected:           17106]
         [Skipped:              0(  0.0%)]
         [Hashed:             363(  2.1%)]
         [Known:            16743( 97.9%)]
         [New:                363(  2.1%)     17.1K]
      [Deduplicated:           12(  3.3%)    624.0B(  3.6%)]
         [Young:                0(  0.0%)      0.0B(  0.0%)]
         [Old:                 12(100.0%)    624.0B(100.0%)]
   [Total Exec: 121/0.1114972 secs, Idle: 121/50.4172145 secs, Blocked: 0/0.0000000 secs]
      [Inspected:          986377]
         [Skipped:              0(  0.0%)]
         [Hashed:           21736(  2.2%)]
         [Known:           963543( 97.7%)]
         [New:              22834(  2.3%)   1144.4K]
      [Deduplicated:         1916(  8.4%)    102.3K(  8.9%)]
         [Young:                8(  0.4%)    424.0B(  0.4%)]
         [Old:               1908( 99.6%)    101.9K( 99.6%)]
   [Table]
      [Memory Usage: 324.9K]
      [Size: 8192, Min: 1024, Max: 16777216]
      [Entries: 10662, Load: 130.2%, Cached: 468, Added: 26009, Removed: 15347]
      [Resize Count: 3, Shrink Threshold: 5461(66.7%), Grow Threshold: 16384(200.0%)]
      [Rehash Count: 0, Rehash Threshold: 120, Hash Seed: 0x0]
      [Age Threshold: 3]
   [Queue]
      [Dropped: 0]
50.773: [GC concurrent-root-region-scan-end, 0.0226730 secs]
50.773: [GC concurrent-mark-start]
50.956: [GC pause (G1 Evacuation Pause) (young), 0.1176721 secs]
   [Parallel Time: 117.0 ms, GC Workers: 4]
      [GC Worker Start (ms): Min: 50956.3, Avg: 50956.4, Max: 50956.4, Diff: 0.0]
      [Ext Root Scanning (ms): Min: 0.2, Avg: 0.2, Max: 0.2, Diff: 0.0, Sum: 0.8]
      [Update RS (ms): Min: 21.1, Avg: 21.2, Max: 21.3, Diff: 0.2, Sum: 84.7]
         [Processed Buffers: Min: 36, Avg: 36.5, Max: 38, Diff: 2, Sum: 146]
      [Scan RS (ms): Min: 1.5, Avg: 1.6, Max: 1.7, Diff: 0.2, Sum: 6.5]
      [Code Root Scanning (ms): Min: 0.0, Avg: 0.0, Max: 0.0, Diff: 0.0, Sum: 0.0]
      [Object Copy (ms): Min: 93.9, Avg: 93.9, Max: 93.9, Diff: 0.0, Sum: 375.6]
      [Termination (ms): Min: 0.0, Avg: 0.0, Max: 0.0, Diff: 0.0, Sum: 0.0]
         [Termination Attempts: Min: 12, Avg: 55.8, Max: 75, Diff: 63, Sum: 223]
      [GC Worker Other (ms): Min: 0.0, Avg: 0.0, Max: 0.0, Diff: 0.0, Sum: 0.1]
      [GC Worker Total (ms): Min: 116.9, Avg: 116.9, Max: 116.9, Diff: 0.0, Sum: 467.7]
      [GC Worker End (ms): Min: 51073.3, Avg: 51073.3, Max: 51073.3, Diff: 0.0]
   [Code Root Fixup: 0.0 ms]
   [Code Root Purge: 0.0 ms]
   [String Dedup Fixup: 0.1 ms, GC Workers: 4]
      [Queue Fixup (ms): Min: 0.0, Avg: 0.0, Max: 0.0, Diff: 0.0, Sum: 0.0]
      [Table Fixup (ms): Min: 0.1, Avg: 0.1, Max: 0.1, Diff: 0.0, Sum: 0.4]
   [Clear CT: 0.1 ms]
   [Other: 0.5 ms]
      [Choose CSet: 0.0 ms]
      [Ref Proc: 0.0 ms]
      [Ref Enq: 0.0 ms]
      [Redirty Cards: 0.1 ms]
      [Humongous Register: 0.0 ms]
      [Humongous Reclaim: 0.0 ms]
      [Free CSet: 0.1 ms]
   [Eden: 185.0M(185.0M)->0.0B(166.0M) Survivors: 13.0M->25.0M Heap: 1535.9M(2048.0M)->1416.6M(2048.0M)]
 [Times: user=0.44 sys=0.00, real=0.12 secs] 
51.074: [GC concurrent-string-deduplication, 8608.0B->8448.0B(160.0B), avg 8.9%, 0.0004141 secs]
   [Last Exec: 0.0004141 secs, Idle: 0.3231353 secs, Blocked: 0/0.0000000 secs]
      [Inspected:            8510]
         [Skipped:              0(  0.0%)]
         [Hashed:             179(  2.1%)]
         [Known:             8331( 97.9%)]
         [New:                179(  2.1%)   8608.0B]
      [Deduplicated:            3(  1.7%)    160.0B(  1.9%)]
         [Young:                0(  0.0%)      0.0B(  0.0%)]
         [Old:                  3(100.0%)    160.0B(100.0%)]
   [Total Exec: 122/0.1119113 secs, Idle: 122/50.7403498 secs, Blocked: 0/0.0000000 secs]
      [Inspected:          994887]
         [Skipped:              0(  0.0%)]
         [Hashed:           21915(  2.2%)]
         [Known:           971874( 97.7%)]
         [New:              23013(  2.3%)   1152.8K]
      [Deduplicated:         1919(  8.3%)    102.5K(  8.9%)]
         [Young:                8(  0.4%)    424.0B(  0.4%)]
         [Old:               1911( 99.6%)    102.1K( 99.6%)]
   [Table]
      [Memory Usage: 324.9K]
      [Size: 8192, Min: 1024, Max: 16777216]
      [Entries: 10838, Load: 132.3%, Cached: 292, Added: 26185, Removed: 15347]
      [Resize Count: 3, Shrink Threshold: 5461(66.7%), Grow Threshold: 16384(200.0%)]
      [Rehash Count: 0, Rehash Threshold: 120, Hash Seed: 0x0]
      [Age Threshold: 3]
   [Queue]
      [Dropped: 0]
51.243: [GC pause (G1 Evacuation Pause) (young), 0.1575903 secs]
   [Parallel Time: 156.8 ms, GC Workers: 4]
      [GC Worker Start (ms): Min: 51242.7, Avg: 51242.7, Max: 51242.7, Diff: 0.1]
      [Ext Root Scanning (ms): Min: 0.2, Avg: 0.2, Max: 0.2, Diff: 0.1, Sum: 0.8]
      [Update RS (ms): Min: 19.7, Avg: 19.8, Max: 19.9, Diff: 0.1, Sum: 79.2]
         [Processed Buffers: Min: 32, Avg: 32.8, Max: 34, Diff: 2, Sum: 131]
      [Scan RS (ms): Min: 11.5, Avg: 11.5, Max: 11.6, Diff: 0.1, Sum: 46.2]
      [Code Root Scanning (ms): Min: 0.0, Avg: 0.0, Max: 0.0, Diff: 0.0, Sum: 0.0]
      [Object Copy (ms): Min: 125.1, Avg: 125.1, Max: 125.2, Diff: 0.0, Sum: 500.6]
      [Termination (ms): Min: 0.0, Avg: 0.0, Max: 0.0, Diff: 0.0, Sum: 0.0]
         [Termination Attempts: Min: 16, Avg: 18.0, Max: 21, Diff: 5, Sum: 72]
      [GC Worker Other (ms): Min: 0.0, Avg: 0.0, Max: 0.0, Diff: 0.0, Sum: 0.1]
      [GC Worker Total (ms): Min: 156.7, Avg: 156.7, Max: 156.8, Diff: 0.1, Sum: 627.0]
      [GC Worker End (ms): Min: 51399.4, Avg: 51399.4, Max: 51399.5, Diff: 0.0]
   [Code Root Fixup: 0.0 ms]
   [Code Root Purge: 0.0 ms]
   [String Dedup Fixup: 0.1 ms, GC Workers: 4]
      [Queue Fixup (ms): Min: 0.0, Avg: 0.0, Max: 0.0, Diff: 0.0, Sum: 0.1]
      [Table Fixup (ms): Min: 0.1, Avg: 0.1, Max: 0.1, Diff: 0.0, Sum: 0.4]
   [Clear CT: 0.1 ms]
   [Other: 0.6 ms]
      [Choose CSet: 0.0 ms]
      [Ref Proc: 0.0 ms]
      [Ref Enq: 0.0 ms]
      [Redirty Cards: 0.2 ms]
      [Humongous Register: 0.0 ms]
      [Humongous Reclaim: 0.0 ms]
      [Free CSet: 0.2 ms]
   [Eden: 166.0M(166.0M)->0.0B(127.0M) Survivors: 25.0M->24.0M Heap: 1582.6M(2048.0M)->1477.6M(2048.0M)]
 [Times: user=0.59 sys=0.00, real=0.16 secs] 
51.401: [GC concurrent-string-deduplication, 11.3K->11.3K(0.0B), avg 8.8%, 0.0005732 secs]
   [Last Exec: 0.0005732 secs, Idle: 0.3258478 secs, Blocked: 0/0.0000000 secs]
      [Inspected:           11979]
         [Skipped:              0(  0.0%)]
         [Hashed:             240(  2.0%)]
         [Known:            11739( 98.0%)]
         [New:                240(  2.0%)     11.3K]
      [Deduplicated:            0(  0.0%)      0.0B(  0.0%)]
         [Young:                0(  0.0%)      0.0B(  0.0%)]
         [Old:                  0(  0.0%)      0.0B(  0.0%)]
   [Total Exec: 123/0.1124845 secs, Idle: 123/51.0661977 secs, Blocked: 0/0.0000000 secs]
      [Inspected:         1006866]
         [Skipped:              0(  0.0%)]
         [Hashed:           22155(  2.2%)]
         [Known:           983613( 97.7%)]
         [New:              23253(  2.3%)   1164.1K]
      [Deduplicated:         1919(  8.3%)    102.5K(  8.8%)]
         [Young:                8(  0.4%)    424.0B(  0.4%)]
         [Old:               1911( 99.6%)    102.1K( 99.6%)]
   [Table]
      [Memory Usage: 324.9K]
      [Size: 8192, Min: 1024, Max: 16777216]
      [Entries: 11078, Load: 135.2%, Cached: 52, Added: 26425, Removed: 15347]
      [Resize Count: 3, Shrink Threshold: 5461(66.7%), Grow Threshold: 16384(200.0%)]
      [Rehash Count: 0, Rehash Threshold: 120, Hash Seed: 0x0]
      [Age Threshold: 3]
   [Queue]
      [Dropped: 0]
51.574: [GC pause (G1 Evacuation Pause) (young), 0.1439410 secs]
   [Parallel Time: 143.1 ms, GC Workers: 4]
      [GC Worker Start (ms): Min: 51573.9, Avg: 51573.9, Max: 51573.9, Diff: 0.0]
      [Ext Root Scanning (ms): Min: 0.2, Avg: 0.2, Max: 0.2, Diff: 0.0, Sum: 0.8]
      [Update RS (ms): Min: 19.9, Avg: 19.9, Max: 20.0, Diff: 0.2, Sum: 79.7]
         [Processed Buffers: Min: 33, Avg: 36.5, Max: 39, Diff: 6, Sum: 146]
      [Scan RS (ms): Min: 21.7, Avg: 21.7, Max: 21.8, Diff: 0.1, Sum: 86.9]
      [Code Root Scanning (ms): Min: 0.0, Avg: 0.0, Max: 0.0, Diff: 0.0, Sum: 0.0]
      [Object Copy (ms): Min: 101.2, Avg: 101.2, Max: 101.2, Diff: 0.0, Sum: 404.8]
      [Termination (ms): Min: 0.0, Avg: 0.0, Max: 0.0, Diff: 0.0, Sum: 0.0]
         [Termination Attempts: Min: 4, Avg: 10.0, Max: 17, Diff: 13, Sum: 40]
      [GC Worker Other (ms): Min: 0.0, Avg: 0.0, Max: 0.0, Diff: 0.0, Sum: 0.1]
      [GC Worker Total (ms): Min: 143.1, Avg: 143.1, Max: 143.1, Diff: 0.0, Sum: 572.3]
      [GC Worker End (ms): Min: 51717.0, Avg: 51717.0, Max: 51717.0, Diff: 0.0]
   [Code Root Fixup: 0.0 ms]
   [Code Root Purge: 0.0 ms]
   [String Dedup Fixup: 0.2 ms, GC Workers: 4]
      [Queue Fixup (ms): Min: 0.0, Avg: 0.0, Max: 0.0, Diff: 0.0, Sum: 0.0]
      [Table Fixup (ms): Min: 0.1, Avg: 0.1, Max: 0.1, Diff: 0.0, Sum: 0.5]
   [Clear CT: 0.1 ms]
   [Other: 0.6 ms]
      [Choose CSet: 0.0 ms]
      [Ref Proc: 0.0 ms]
      [Ref Enq: 0.0 ms]
      [Redirty Cards: 0.2 ms]
      [Humongous Register: 0.1 ms]
      [Humongous Reclaim: 0.0 ms]
      [Free CSet: 0.2 ms]
   [Eden: 127.0M(127.0M)->0.0B(92.0M) Survivors: 24.0M->19.0M Heap: 1604.6M(2048.0M)->1524.4M(2048.0M)]
 [Times: user=0.61 sys=0.01, real=0.14 secs] 
51.718: [GC concurrent-string-deduplication, 6832.0B->6672.0B(160.0B), avg 8.8%, 0.0003903 secs]
   [Last Exec: 0.0003903 secs, Idle: 0.3169056 secs, Blocked: 0/0.0000000 secs]
      [Inspected:            7442]
         [Skipped:              0(  0.0%)]
         [Hashed:             142(  1.9%)]
         [Known:             7300( 98.1%)]
         [New:                142(  1.9%)   6832.0B]
      [Deduplicated:            3(  2.1%)    160.0B(  2.3%)]
         [Young:                0(  0.0%)      0.0B(  0.0%)]
         [Old:                  3(100.0%)    160.0B(100.0%)]
   [Total Exec: 124/0.1128748 secs, Idle: 124/51.3831033 secs, Blocked: 0/0.0000000 secs]
      [Inspected:         1014308]
         [Skipped:              0(  0.0%)]
         [Hashed:           22297(  2.2%)]
         [Known:           990913( 97.7%)]
         [New:              23395(  2.3%)   1170.7K]
      [Deduplicated:         1922(  8.2%)    102.6K(  8.8%)]
         [Young:                8(  0.4%)    424.0B(  0.4%)]
         [Old:               1914( 99.6%)    102.2K( 99.6%)]
   [Table]
      [Memory Usage: 327.0K]
      [Size: 8192, Min: 1024, Max: 16777216]
      [Entries: 11221, Load: 137.0%, Cached: 0, Added: 26568, Removed: 15347]
      [Resize Count: 3, Shrink Threshold: 5461(66.7%), Grow Threshold: 16384(200.0%)]
      [Rehash Count: 0, Rehash Threshold: 120, Hash Seed: 0x0]
      [Age Threshold: 3]
   [Queue]
      [Dropped: 0]
51.865: [GC pause (G1 Evacuation Pause) (young), 0.0954892 secs]
   [Parallel Time: 94.9 ms, GC Workers: 4]
      [GC Worker Start (ms): Min: 51864.8, Avg: 51864.8, Max: 51864.8, Diff: 0.0]
      [Ext Root Scanning (ms): Min: 0.2, Avg: 0.2, Max: 0.2, Diff: 0.0, Sum: 0.8]
      [Update RS (ms): Min: 23.4, Avg: 23.6, Max: 23.8, Diff: 0.4, Sum: 94.5]
         [Processed Buffers: Min: 34, Avg: 39.0, Max: 41, Diff: 7, Sum: 156]
      [Scan RS (ms): Min: 2.3, Avg: 2.5, Max: 2.8, Diff: 0.4, Sum: 10.1]
      [Code Root Scanning (ms): Min: 0.0, Avg: 0.0, Max: 0.0, Diff: 0.0, Sum: 0.0]
      [Object Copy (ms): Min: 68.5, Avg: 68.5, Max: 68.5, Diff: 0.0, Sum: 274.0]
      [Termination (ms): Min: 0.0, Avg: 0.0, Max: 0.0, Diff: 0.0, Sum: 0.0]
         [Termination Attempts: Min: 21, Avg: 30.5, Max: 40, Diff: 19, Sum: 122]
      [GC Worker Other (ms): Min: 0.0, Avg: 0.0, Max: 0.0, Diff: 0.0, Sum: 0.1]
      [GC Worker Total (ms): Min: 94.9, Avg: 94.9, Max: 94.9, Diff: 0.0, Sum: 379.5]
      [GC Worker End (ms): Min: 51959.6, Avg: 51959.6, Max: 51959.7, Diff: 0.0]
   [Code Root Fixup: 0.0 ms]
   [Code Root Purge: 0.0 ms]
   [String Dedup Fixup: 0.1 ms, GC Workers: 4]
      [Queue Fixup (ms): Min: 0.0, Avg: 0.0, Max: 0.0, Diff: 0.0, Sum: 0.0]
      [Table Fixup (ms): Min: 0.1, Avg: 0.1, Max: 0.1, Diff: 0.0, Sum: 0.5]
   [Clear CT: 0.0 ms]
   [Other: 0.4 ms]
      [Choose CSet: 0.0 ms]
      [Ref Proc: 0.0 ms]
      [Ref Enq: 0.0 ms]
      [Redirty Cards: 0.1 ms]
      [Humongous Register: 0.0 ms]
      [Humongous Reclaim: 0.0 ms]
      [Free CSet: 0.1 ms]
   [Eden: 92.0M(92.0M)->0.0B(88.0M) Survivors: 19.0M->14.0M Heap: 1616.4M(2048.0M)->1557.6M(2048.0M)]
 [Times: user=0.38 sys=0.00, real=0.10 secs] 
51.961: [GC concurrent-string-deduplication, 7168.0B->7008.0B(160.0B), avg 8.7%, 0.0004442 secs]
   [Last Exec: 0.0004442 secs, Idle: 0.2419960 secs, Blocked: 0/0.0000000 secs]
      [Inspected:            6803]
         [Skipped:              0(  0.0%)]
         [Hashed:             149(  2.2%)]
         [Known:             6654( 97.8%)]
         [New:                149(  2.2%)   7168.0B]
      [Deduplicated:            3(  2.0%)    160.0B(  2.2%)]
         [Young:                0(  0.0%)      0.0B(  0.0%)]
         [Old:                  3(100.0%)    160.0B(100.0%)]
   [Total Exec: 125/0.1133190 secs, Idle: 125/51.6250993 secs, Blocked: 0/0.0000000 secs]
      [Inspected:         1021111]
         [Skipped:              0(  0.0%)]
         [Hashed:           22446(  2.2%)]
         [Known:           997567( 97.7%)]
         [New:              23544(  2.3%)   1177.7K]
      [Deduplicated:         1925(  8.2%)    102.8K(  8.7%)]
         [Young:                8(  0.4%)    424.0B(  0.4%)]
         [Old:               1917( 99.6%)    102.4K( 99.6%)]
   [Table]
      [Memory Usage: 330.4K]
      [Size: 8192, Min: 1024, Max: 16777216]
      [Entries: 11367, Load: 138.8%, Cached: 0, Added: 26714, Removed: 15347]
      [Resize Count: 3, Shrink Threshold: 5461(66.7%), Grow Threshold: 16384(200.0%)]
      [Rehash Count: 0, Rehash Threshold: 120, Hash Seed: 0x0]
      [Age Threshold: 3]
   [Queue]
      [Dropped: 0]
52.039: [GC pause (G1 Evacuation Pause) (young), 0.0805495 secs]
   [Parallel Time: 80.1 ms, GC Workers: 4]
      [GC Worker Start (ms): Min: 52039.0, Avg: 52039.0, Max: 52039.0, Diff: 0.0]
      [Ext Root Scanning (ms): Min: 0.2, Avg: 0.2, Max: 0.2, Diff: 0.0, Sum: 0.7]
      [Update RS (ms): Min: 21.1, Avg: 21.5, Max: 22.9, Diff: 1.8, Sum: 86.2]
         [Processed Buffers: Min: 34, Avg: 35.0, Max: 37, Diff: 3, Sum: 140]
      [Scan RS (ms): Min: 0.0, Avg: 0.0, Max: 0.0, Diff: 0.0, Sum: 0.1]
      [Code Root Scanning (ms): Min: 0.0, Avg: 0.0, Max: 0.0, Diff: 0.0, Sum: 0.0]
      [Object Copy (ms): Min: 56.9, Avg: 58.3, Max: 58.7, Diff: 1.8, Sum: 233.0]
      [Termination (ms): Min: 0.0, Avg: 0.0, Max: 0.0, Diff: 0.0, Sum: 0.0]
         [Termination Attempts: Min: 8, Avg: 11.0, Max: 14, Diff: 6, Sum: 44]
      [GC Worker Other (ms): Min: 0.0, Avg: 0.0, Max: 0.0, Diff: 0.0, Sum: 0.0]
      [GC Worker Total (ms): Min: 80.0, Avg: 80.0, Max: 80.0, Diff: 0.0, Sum: 320.1]
      [GC Worker End (ms): Min: 52119.0, Avg: 52119.0, Max: 52119.0, Diff: 0.0]
   [Code Root Fixup: 0.0 ms]
   [Code Root Purge: 0.0 ms]
   [String Dedup Fixup: 0.1 ms, GC Workers: 4]
      [Queue Fixup (ms): Min: 0.0, Avg: 0.0, Max: 0.0, Diff: 0.0, Sum: 0.0]
      [Table Fixup (ms): Min: 0.1, Avg: 0.1, Max: 0.1, Diff: 0.0, Sum: 0.5]
   [Clear CT: 0.0 ms]
   [Other: 0.3 ms]
      [Choose CSet: 0.0 ms]
      [Ref Proc: 0.0 ms]
      [Ref Enq: 0.0 ms]
      [Redirty Cards: 0.1 ms]
      [Humongous Register: 0.0 ms]
      [Humongous Reclaim: 0.0 ms]
      [Free CSet: 0.1 ms]
   [Eden: 88.0M(88.0M)->0.0B(89.0M) Survivors: 14.0M->13.0M Heap: 1645.6M(2048.0M)->1591.4M(2048.0M)]
 [Times: user=0.31 sys=0.00, real=0.08 secs] 
52.120: [GC concurrent-string-deduplication, 6208.0B->6048.0B(160.0B), avg 8.7%, 0.0002912 secs]
   [Last Exec: 0.0002912 secs, Idle: 0.1588390 secs, Blocked: 0/0.0000000 secs]
      [Inspected:            5790]
         [Skipped:              0(  0.0%)]
         [Hashed:             129(  2.2%)]
         [Known:             5661( 97.8%)]
         [New:                129(  2.2%)   6208.0B]
      [Deduplicated:            3(  2.3%)    160.0B(  2.6%)]
         [Young:                0(  0.0%)      0.0B(  0.0%)]
         [Old:                  3(100.0%)    160.0B(100.0%)]
   [Total Exec: 126/0.1136103 secs, Idle: 126/51.7839383 secs, Blocked: 0/0.0000000 secs]
      [Inspected:         1026901]
         [Skipped:              0(  0.0%)]
         [Hashed:           22575(  2.2%)]
         [Known:          1003228( 97.7%)]
         [New:              23673(  2.3%)   1183.8K]
      [Deduplicated:         1928(  8.1%)    102.9K(  8.7%)]
         [Young:                8(  0.4%)    424.0B(  0.4%)]
         [Old:               1920( 99.6%)    102.5K( 99.6%)]
   [Table]
      [Memory Usage: 333.4K]
      [Size: 8192, Min: 1024, Max: 16777216]
      [Entries: 11493, Load: 140.3%, Cached: 0, Added: 26840, Removed: 15347]
      [Resize Count: 3, Shrink Threshold: 5461(66.7%), Grow Threshold: 16384(200.0%)]
      [Rehash Count: 0, Rehash Threshold: 120, Hash Seed: 0x0]
      [Age Threshold: 3]
   [Queue]
      [Dropped: 0]
52.201: [GC pause (G1 Evacuation Pause) (young), 0.0966413 secs]
   [Parallel Time: 96.2 ms, GC Workers: 4]
      [GC Worker Start (ms): Min: 52201.4, Avg: 52201.4, Max: 52201.4, Diff: 0.0]
      [Ext Root Scanning (ms): Min: 0.2, Avg: 0.2, Max: 0.2, Diff: 0.0, Sum: 0.8]
      [Update RS (ms): Min: 25.7, Avg: 25.9, Max: 26.0, Diff: 0.3, Sum: 103.5]
         [Processed Buffers: Min: 46, Avg: 46.5, Max: 48, Diff: 2, Sum: 186]
      [Scan RS (ms): Min: 0.0, Avg: 0.0, Max: 0.0, Diff: 0.0, Sum: 0.1]
      [Code Root Scanning (ms): Min: 0.0, Avg: 0.0, Max: 0.0, Diff: 0.0, Sum: 0.0]
      [Object Copy (ms): Min: 69.9, Avg: 70.0, Max: 70.1, Diff: 0.2, Sum: 280.1]
      [Termination (ms): Min: 0.0, Avg: 0.0, Max: 0.0, Diff: 0.0, Sum: 0.0]
         [Termination Attempts: Min: 17, Avg: 19.3, Max: 21, Diff: 4, Sum: 77]
      [GC Worker Other (ms): Min: 0.0, Avg: 0.0, Max: 0.0, Diff: 0.0, Sum: 0.0]
      [GC Worker Total (ms): Min: 96.1, Avg: 96.1, Max: 96.1, Diff: 0.0, Sum: 384.6]
      [GC Worker End (ms): Min: 52297.5, Avg: 52297.5, Max: 52297.5, Diff: 0.0]
   [Code Root Fixup: 0.0 ms]
   [Code Root Purge: 0.0 ms]
   [String Dedup Fixup: 0.1 ms, GC Workers: 4]
      [Queue Fixup (ms): Min: 0.0, Avg: 0.0, Max: 0.0, Diff: 0.0, Sum: 0.0]
      [Table Fixup (ms): Min: 0.1, Avg: 0.1, Max: 0.1, Diff: 0.0, Sum: 0.4]
   [Clear CT: 0.0 ms]
   [Other: 0.3 ms]
      [Choose CSet: 0.0 ms]
      [Ref Proc: 0.0 ms]
      [Ref Enq: 0.0 ms]
      [Redirty Cards: 0.1 ms]
      [Humongous Register: 0.0 ms]
      [Humongous Reclaim: 0.0 ms]
      [Free CSet: 0.1 ms]
   [Eden: 89.0M(89.0M)->0.0B(89.0M) Survivors: 13.0M->13.0M Heap: 1680.4M(2048.0M)->1623.0M(2048.0M)]
 [Times: user=0.38 sys=0.00, real=0.10 secs] 
52.298: [GC concurrent-string-deduplication, 7424.0B->7104.0B(320.0B), avg 8.7%, 0.0003480 secs]
   [Last Exec: 0.0003480 secs, Idle: 0.1781375 secs, Blocked: 0/0.0000000 secs]
      [Inspected:            7306]
         [Skipped:              0(  0.0%)]
         [Hashed:             154(  2.1%)]
         [Known:             7152( 97.9%)]
         [New:                154(  2.1%)   7424.0B]
      [Deduplicated:            6(  3.9%)    320.0B(  4.3%)]
         [Young:                0(  0.0%)      0.0B(  0.0%)]
         [Old:                  6(100.0%)    320.0B(100.0%)]
   [Total Exec: 127/0.1139583 secs, Idle: 127/51.9620758 secs, Blocked: 0/0.0000000 secs]
      [Inspected:         1034207]
         [Skipped:              0(  0.0%)]
         [Hashed:           22729(  2.2%)]
         [Known:          1010380( 97.7%)]
         [New:              23827(  2.3%)   1191.0K]
      [Deduplicated:         1934(  8.1%)    103.3K(  8.7%)]
         [Young:                8(  0.4%)    424.0B(  0.4%)]
         [Old:               1926( 99.6%)    102.8K( 99.6%)]
   [Table]
      [Memory Usage: 336.8K]
      [Size: 8192, Min: 1024, Max: 16777216]
      [Entries: 11641, Load: 142.1%, Cached: 0, Added: 26988, Removed: 15347]
      [Resize Count: 3, Shrink Threshold: 5461(66.7%), Grow Threshold: 16384(200.0%)]
      [Rehash Count: 0, Rehash Threshold: 120, Hash Seed: 0x0]
      [Age Threshold: 3]
   [Queue]
      [Dropped: 0]
52.389: [GC pause (G1 Evacuation Pause) (young), 0.0714478 secs]
   [Parallel Time: 70.9 ms, GC Workers: 4]
      [GC Worker Start (ms): Min: 52389.6, Avg: 52389.6, Max: 52389.6, Diff: 0.0]
      [Ext Root Scanning (ms): Min: 0.2, Avg: 0.2, Max: 0.2, Diff: 0.0, Sum: 0.8]
      [Update RS (ms): Min: 17.8, Avg: 17.9, Max: 18.2, Diff: 0.4, Sum: 71.7]
         [Processed Buffers: Min: 27, Avg: 28.8, Max: 31, Diff: 4, Sum: 115]
      [Scan RS (ms): Min: 0.1, Avg: 0.4, Max: 0.5, Diff: 0.4, Sum: 1.5]
      [Code Root Scanning (ms): Min: 0.0, Avg: 0.0, Max: 0.0, Diff: 0.0, Sum: 0.0]
      [Object Copy (ms): Min: 52.4, Avg: 52.4, Max: 52.4, Diff: 0.0, Sum: 209.6]
      [Termination (ms): Min: 0.0, Avg: 0.0, Max: 0.0, Diff: 0.0, Sum: 0.0]
         [Termination Attempts: Min: 10, Avg: 16.3, Max: 23, Diff: 13, Sum: 65]
      [GC Worker Other (ms): Min: 0.0, Avg: 0.0, Max: 0.0, Diff: 0.0, Sum: 0.0]
      [GC Worker Total (ms): Min: 70.9, Avg: 70.9, Max: 70.9, Diff: 0.0, Sum: 283.7]
      [GC Worker End (ms): Min: 52460.5, Avg: 52460.5, Max: 52460.5, Diff: 0.0]
   [Code Root Fixup: 0.0 ms]
   [Code Root Purge: 0.0 ms]
   [String Dedup Fixup: 0.1 ms, GC Workers: 4]
      [Queue Fixup (ms): Min: 0.0, Avg: 0.0, Max: 0.0, Diff: 0.0, Sum: 0.0]
      [Table Fixup (ms): Min: 0.1, Avg: 0.1, Max: 0.1, Diff: 0.0, Sum: 0.4]
   [Clear CT: 0.0 ms]
   [Other: 0.3 ms]
      [Choose CSet: 0.0 ms]
      [Ref Proc: 0.0 ms]
      [Ref Enq: 0.0 ms]
      [Redirty Cards: 0.1 ms]
      [Humongous Register: 0.0 ms]
      [Humongous Reclaim: 0.0 ms]
      [Free CSet: 0.1 ms]
   [Eden: 89.0M(89.0M)->0.0B(89.0M) Survivors: 13.0M->13.0M Heap: 1712.0M(2048.0M)->1655.1M(2048.0M)]
 [Times: user=0.25 sys=0.00, real=0.07 secs] 
52.461: [GC concurrent-string-deduplication, 4800.0B->4800.0B(0.0B), avg 8.6%, 0.0002351 secs]
   [Last Exec: 0.0002351 secs, Idle: 0.1625875 secs, Blocked: 0/0.0000000 secs]
      [Inspected:            4577]
         [Skipped:              0(  0.0%)]
         [Hashed:             100(  2.2%)]
         [Known:             4477( 97.8%)]
         [New:                100(  2.2%)   4800.0B]
      [Deduplicated:            0(  0.0%)      0.0B(  0.0%)]
         [Young:                0(  0.0%)      0.0B(  0.0%)]
         [Old:                  0(  0.0%)      0.0B(  0.0%)]
   [Total Exec: 128/0.1141934 secs, Idle: 128/52.1246633 secs, Blocked: 0/0.0000000 secs]
      [Inspected:         1038784]
         [Skipped:              0(  0.0%)]
         [Hashed:           22829(  2.2%)]
         [Known:          1014857( 97.7%)]
         [New:              23927(  2.3%)   1195.7K]
      [Deduplicated:         1934(  8.1%)    103.3K(  8.6%)]
         [Young:                8(  0.4%)    424.0B(  0.4%)]
         [Old:               1926( 99.6%)    102.8K( 99.6%)]
   [Table]
      [Memory Usage: 339.2K]
      [Size: 8192, Min: 1024, Max: 16777216]
      [Entries: 11743, Load: 143.3%, Cached: 0, Added: 27090, Removed: 15347]
      [Resize Count: 3, Shrink Threshold: 5461(66.7%), Grow Threshold: 16384(200.0%)]
      [Rehash Count: 0, Rehash Threshold: 120, Hash Seed: 0x0]
      [Age Threshold: 3]
   [Queue]
      [Dropped: 0]
52.540: [GC pause (G1 Evacuation Pause) (young), 0.0792585 secs]
   [Parallel Time: 78.7 ms, GC Workers: 4]
      [GC Worker Start (ms): Min: 52540.0, Avg: 52540.0, Max: 52540.0, Diff: 0.0]
      [Ext Root Scanning (ms): Min: 0.2, Avg: 0.2, Max: 0.2, Diff: 0.0, Sum: 0.8]
      [Update RS (ms): Min: 19.5, Avg: 19.6, Max: 19.8, Diff: 0.2, Sum: 78.4]
         [Processed Buffers: Min: 29, Avg: 31.0, Max: 33, Diff: 4, Sum: 124]
      [Scan RS (ms): Min: 0.3, Avg: 0.4, Max: 0.5, Diff: 0.2, Sum: 1.7]
      [Code Root Scanning (ms): Min: 0.0, Avg: 0.0, Max: 0.0, Diff: 0.0, Sum: 0.0]
      [Object Copy (ms): Min: 58.5, Avg: 58.5, Max: 58.5, Diff: 0.0, Sum: 233.8]
      [Termination (ms): Min: 0.0, Avg: 0.0, Max: 0.0, Diff: 0.0, Sum: 0.0]
         [Termination Attempts: Min: 19, Avg: 25.5, Max: 30, Diff: 11, Sum: 102]
      [GC Worker Other (ms): Min: 0.0, Avg: 0.0, Max: 0.0, Diff: 0.0, Sum: 0.0]
      [GC Worker Total (ms): Min: 78.7, Avg: 78.7, Max: 78.7, Diff: 0.0, Sum: 314.8]
      [GC Worker End (ms): Min: 52618.7, Avg: 52618.7, Max: 52618.7, Diff: 0.0]
   [Code Root Fixup: 0.0 ms]
   [Code Root Purge: 0.0 ms]
   [String Dedup Fixup: 0.1 ms, GC Workers: 4]
      [Queue Fixup (ms): Min: 0.0, Avg: 0.0, Max: 0.0, Diff: 0.0, Sum: 0.0]
      [Table Fixup (ms): Min: 0.1, Avg: 0.1, Max: 0.1, Diff: 0.0, Sum: 0.5]
   [Clear CT: 0.0 ms]
   [Other: 0.4 ms]
      [Choose CSet: 0.0 ms]
      [Ref Proc: 0.0 ms]
      [Ref Enq: 0.0 ms]
      [Redirty Cards: 0.1 ms]
      [Humongous Register: 0.0 ms]
      [Humongous Reclaim: 0.0 ms]
      [Free CSet: 0.1 ms]
   [Eden: 89.0M(89.0M)->0.0B(89.0M) Survivors: 13.0M->13.0M Heap: 1744.1M(2048.0M)->1689.2M(2048.0M)]
 [Times: user=0.31 sys=0.00, real=0.08 secs] 
52.620: [GC concurrent-string-deduplication, 6208.0B->6048.0B(160.0B), avg 8.6%, 0.0003127 secs]
   [Last Exec: 0.0003127 secs, Idle: 0.1579627 secs, Blocked: 0/0.0000000 secs]
      [Inspected:            6346]
         [Skipped:              0(  0.0%)]
         [Hashed:             129(  2.0%)]
         [Known:             6217( 98.0%)]
         [New:                129(  2.0%)   6208.0B]
      [Deduplicated:            3(  2.3%)    160.0B(  2.6%)]
         [Young:                0(  0.0%)      0.0B(  0.0%)]
         [Old:                  3(100.0%)    160.0B(100.0%)]
   [Total Exec: 129/0.1145061 secs, Idle: 129/52.2826260 secs, Blocked: 0/0.0000000 secs]
      [Inspected:         1045130]
         [Skipped:              0(  0.0%)]
         [Hashed:           22958(  2.2%)]
         [Known:          1021074( 97.7%)]
         [New:              24056(  2.3%)   1201.8K]
      [Deduplicated:         1937(  8.1%)    103.4K(  8.6%)]
         [Young:                8(  0.4%)    424.0B(  0.4%)]
         [Old:               1929( 99.6%)    103.0K( 99.6%)]
   [Table]
      [Memory Usage: 342.2K]
      [Size: 8192, Min: 1024, Max: 16777216]
      [Entries: 11869, Load: 144.9%, Cached: 0, Added: 27216, Removed: 15347]
      [Resize Count: 3, Shrink Threshold: 5461(66.7%), Grow Threshold: 16384(200.0%)]
      [Rehash Count: 0, Rehash Threshold: 120, Hash Seed: 0x0]
      [Age Threshold: 3]
   [Queue]
      [Dropped: 0]
52.701: [GC pause (G1 Evacuation Pause) (young), 0.0758901 secs]
   [Parallel Time: 75.4 ms, GC Workers: 4]
      [GC Worker Start (ms): Min: 52700.8, Avg: 52700.8, Max: 52700.8, Diff: 0.0]
      [Ext Root Scanning (ms): Min: 0.2, Avg: 0.2, Max: 0.2, Diff: 0.0, Sum: 0.8]
      [Update RS (ms): Min: 20.5, Avg: 20.7, Max: 20.9, Diff: 0.4, Sum: 83.0]
         [Processed Buffers: Min: 33, Avg: 34.0, Max: 35, Diff: 2, Sum: 136]
      [Scan RS (ms): Min: 0.0, Avg: 0.0, Max: 0.1, Diff: 0.1, Sum: 0.1]
      [Code Root Scanning (ms): Min: 0.0, Avg: 0.0, Max: 0.0, Diff: 0.0, Sum: 0.0]
      [Object Copy (ms): Min: 54.3, Avg: 54.4, Max: 54.6, Diff: 0.3, Sum: 217.6]
      [Termination (ms): Min: 0.0, Avg: 0.0, Max: 0.0, Diff: 0.0, Sum: 0.0]
         [Termination Attempts: Min: 22, Avg: 28.8, Max: 38, Diff: 16, Sum: 115]
      [GC Worker Other (ms): Min: 0.0, Avg: 0.0, Max: 0.0, Diff: 0.0, Sum: 0.0]
      [GC Worker Total (ms): Min: 75.4, Avg: 75.4, Max: 75.4, Diff: 0.0, Sum: 301.5]
      [GC Worker End (ms): Min: 52776.2, Avg: 52776.2, Max: 52776.2, Diff: 0.0]
   [Code Root Fixup: 0.0 ms]
   [Code Root Purge: 0.0 ms]
   [String Dedup Fixup: 0.1 ms, GC Workers: 4]
      [Queue Fixup (ms): Min: 0.0, Avg: 0.0, Max: 0.0, Diff: 0.0, Sum: 0.0]
      [Table Fixup (ms): Min: 0.1, Avg: 0.1, Max: 0.1, Diff: 0.0, Sum: 0.5]
   [Clear CT: 0.0 ms]
   [Other: 0.3 ms]
      [Choose CSet: 0.0 ms]
      [Ref Proc: 0.0 ms]
      [Ref Enq: 0.0 ms]
      [Redirty Cards: 0.1 ms]
      [Humongous Register: 0.0 ms]
      [Humongous Reclaim: 0.0 ms]
      [Free CSet: 0.1 ms]
   [Eden: 89.0M(89.0M)->0.0B(89.0M) Survivors: 13.0M->13.0M Heap: 1778.2M(2048.0M)->1722.4M(2048.0M)]
 [Times: user=0.25 sys=0.00, real=0.08 secs] 
52.777: [GC concurrent-string-deduplication, 5248.0B->5088.0B(160.0B), avg 8.6%, 0.0002713 secs]
   [Last Exec: 0.0002713 secs, Idle: 0.1570893 secs, Blocked: 0/0.0000000 secs]
      [Inspected:            5349]
         [Skipped:              0(  0.0%)]
         [Hashed:             109(  2.0%)]
         [Known:             5240( 98.0%)]
         [New:                109(  2.0%)   5248.0B]
      [Deduplicated:            3(  2.8%)    160.0B(  3.0%)]
         [Young:                0(  0.0%)      0.0B(  0.0%)]
         [Old:                  3(100.0%)    160.0B(100.0%)]
   [Total Exec: 130/0.1147774 secs, Idle: 130/52.4397153 secs, Blocked: 0/0.0000000 secs]
      [Inspected:         1050479]
         [Skipped:              0(  0.0%)]
         [Hashed:           23067(  2.2%)]
         [Known:          1026314( 97.7%)]
         [New:              24165(  2.3%)   1206.9K]
      [Deduplicated:         1940(  8.0%)    103.6K(  8.6%)]
         [Young:                8(  0.4%)    424.0B(  0.4%)]
         [Old:               1932( 99.6%)    103.1K( 99.6%)]
   [Table]
      [Memory Usage: 344.7K]
      [Size: 8192, Min: 1024, Max: 16777216]
      [Entries: 11975, Load: 146.2%, Cached: 0, Added: 27322, Removed: 15347]
      [Resize Count: 3, Shrink Threshold: 5461(66.7%), Grow Threshold: 16384(200.0%)]
      [Rehash Count: 0, Rehash Threshold: 120, Hash Seed: 0x0]
      [Age Threshold: 3]
   [Queue]
      [Dropped: 0]
52.856: [GC pause (G1 Evacuation Pause) (young) (to-space exhausted), 0.0767477 secs]
   [Parallel Time: 75.3 ms, GC Workers: 4]
      [GC Worker Start (ms): Min: 52856.2, Avg: 52856.2, Max: 52856.2, Diff: 0.0]
      [Ext Root Scanning (ms): Min: 0.2, Avg: 0.2, Max: 0.2, Diff: 0.0, Sum: 0.8]
      [Update RS (ms): Min: 18.3, Avg: 18.4, Max: 18.6, Diff: 0.3, Sum: 73.6]
         [Processed Buffers: Min: 29, Avg: 30.8, Max: 34, Diff: 5, Sum: 123]
      [Scan RS (ms): Min: 0.2, Avg: 0.3, Max: 0.5, Diff: 0.3, Sum: 1.3]
      [Code Root Scanning (ms): Min: 0.0, Avg: 0.0, Max: 0.0, Diff: 0.0, Sum: 0.0]
      [Object Copy (ms): Min: 56.3, Avg: 56.3, Max: 56.4, Diff: 0.0, Sum: 225.4]
      [Termination (ms): Min: 0.0, Avg: 0.0, Max: 0.0, Diff: 0.0, Sum: 0.0]
         [Termination Attempts: Min: 5, Avg: 10.3, Max: 14, Diff: 9, Sum: 41]
      [GC Worker Other (ms): Min: 0.0, Avg: 0.0, Max: 0.0, Diff: 0.0, Sum: 0.0]
      [GC Worker Total (ms): Min: 75.3, Avg: 75.3, Max: 75.3, Diff: 0.0, Sum: 301.1]
      [GC Worker End (ms): Min: 52931.5, Avg: 52931.5, Max: 52931.5, Diff: 0.0]
   [Code Root Fixup: 0.0 ms]
   [Code Root Purge: 0.0 ms]
   [String Dedup Fixup: 0.1 ms, GC Workers: 4]
      [Queue Fixup (ms): Min: 0.0, Avg: 0.0, Max: 0.0, Diff: 0.0, Sum: 0.1]
      [Table Fixup (ms): Min: 0.1, Avg: 0.1, Max: 0.1, Diff: 0.0, Sum: 0.5]
   [Clear CT: 0.0 ms]
   [Other: 1.3 ms]
      [Evacuation Failure: 1.0 ms]
      [Choose CSet: 0.0 ms]
      [Ref Proc: 0.0 ms]
      [Ref Enq: 0.0 ms]
      [Redirty Cards: 0.1 ms]
      [Humongous Register: 0.0 ms]
      [Humongous Reclaim: 0.0 ms]
      [Free CSet: 0.1 ms]
   [Eden: 89.0M(89.0M)->0.0B(89.0M) Survivors: 13.0M->13.0M Heap: 1811.4M(2048.0M)->1761.7M(2048.0M)]
 [Times: user=0.25 sys=0.00, real=0.08 secs] 
52.933: [GC concurrent-string-deduplication, 9200.0B->8880.0B(320.0B), avg 8.5%, 0.0004391 secs]
   [Last Exec: 0.0004391 secs, Idle: 0.1559158 secs, Blocked: 0/0.0000000 secs]
      [Inspected:            8655]
         [Skipped:              0(  0.0%)]
         [Hashed:             191(  2.2%)]
         [Known:             8464( 97.8%)]
         [New:                191(  2.2%)   9200.0B]
      [Deduplicated:            6(  3.1%)    320.0B(  3.5%)]
         [Young:                0(  0.0%)      0.0B(  0.0%)]
         [Old:                  6(100.0%)    320.0B(100.0%)]
   [Total Exec: 131/0.1152165 secs, Idle: 131/52.5956311 secs, Blocked: 0/0.0000000 secs]
      [Inspected:         1059134]
         [Skipped:              0(  0.0%)]
         [Hashed:           23258(  2.2%)]
         [Known:          1034778( 97.7%)]
         [New:              24356(  2.3%)   1215.9K]
      [Deduplicated:         1946(  8.0%)    103.9K(  8.5%)]
         [Young:                8(  0.4%)    424.0B(  0.4%)]
         [Old:               1938( 99.6%)    103.5K( 99.6%)]
   [Table]
      [Memory Usage: 349.0K]
      [Size: 8192, Min: 1024, Max: 16777216]
      [Entries: 12160, Load: 148.4%, Cached: 0, Added: 27507, Removed: 15347]
      [Resize Count: 3, Shrink Threshold: 5461(66.7%), Grow Threshold: 16384(200.0%)]
      [Rehash Count: 0, Rehash Threshold: 120, Hash Seed: 0x0]
      [Age Threshold: 3]
   [Queue]
      [Dropped: 0]
53.012: [GC pause (G1 Evacuation Pause) (young) (to-space exhausted), 0.1240231 secs]
   [Parallel Time: 110.8 ms, GC Workers: 4]
      [GC Worker Start (ms): Min: 53011.7, Avg: 53011.7, Max: 53011.8, Diff: 0.0]
      [Ext Root Scanning (ms): Min: 0.2, Avg: 0.2, Max: 0.2, Diff: 0.0, Sum: 0.8]
      [Update RS (ms): Min: 26.5, Avg: 26.7, Max: 26.9, Diff: 0.4, Sum: 106.6]
         [Processed Buffers: Min: 46, Avg: 49.8, Max: 55, Diff: 9, Sum: 199]
      [Scan RS (ms): Min: 0.0, Avg: 0.0, Max: 0.0, Diff: 0.0, Sum: 0.0]
      [Code Root Scanning (ms): Min: 0.0, Avg: 0.0, Max: 0.0, Diff: 0.0, Sum: 0.0]
      [Object Copy (ms): Min: 82.3, Avg: 83.2, Max: 84.0, Diff: 1.8, Sum: 332.7]
      [Termination (ms): Min: 0.0, Avg: 0.7, Max: 1.4, Diff: 1.4, Sum: 3.0]
         [Termination Attempts: Min: 1, Avg: 1.0, Max: 1, Diff: 0, Sum: 4]
      [GC Worker Other (ms): Min: 0.0, Avg: 0.0, Max: 0.0, Diff: 0.0, Sum: 0.0]
      [GC Worker Total (ms): Min: 110.8, Avg: 110.8, Max: 110.8, Diff: 0.0, Sum: 443.2]
      [GC Worker End (ms): Min: 53122.5, Avg: 53122.5, Max: 53122.5, Diff: 0.0]
   [Code Root Fixup: 0.0 ms]
   [Code Root Purge: 0.0 ms]
   [String Dedup Fixup: 0.2 ms, GC Workers: 4]
      [Queue Fixup (ms): Min: 0.0, Avg: 0.0, Max: 0.0, Diff: 0.0, Sum: 0.0]
      [Table Fixup (ms): Min: 0.1, Avg: 0.1, Max: 0.1, Diff: 0.0, Sum: 0.5]
   [Clear CT: 0.1 ms]
   [Other: 12.8 ms]
      [Evacuation Failure: 12.4 ms]
      [Choose CSet: 0.0 ms]
      [Ref Proc: 0.1 ms]
      [Ref Enq: 0.0 ms]
      [Redirty Cards: 0.2 ms]
      [Humongous Register: 0.0 ms]
      [Humongous Reclaim: 0.0 ms]
      [Free CSet: 0.1 ms]
   [Eden: 89.0M(89.0M)->0.0B(100.0M) Survivors: 13.0M->2048.0K Heap: 1850.7M(2048.0M)->1844.7M(2048.0M)]
 [Times: user=0.25 sys=0.00, real=0.12 secs] 
53.136: [GC concurrent-string-deduplication, 528.0B->528.0B(0.0B), avg 8.5%, 0.0000324 secs]
   [Last Exec: 0.0000324 secs, Idle: 0.2023562 secs, Blocked: 0/0.0000000 secs]
      [Inspected:             477]
         [Skipped:              0(  0.0%)]
         [Hashed:              11(  2.3%)]
         [Known:              466( 97.7%)]
         [New:                 11(  2.3%)    528.0B]
      [Deduplicated:            0(  0.0%)      0.0B(  0.0%)]
         [Young:                0(  0.0%)      0.0B(  0.0%)]
         [Old:                  0(  0.0%)      0.0B(  0.0%)]
   [Total Exec: 132/0.1152489 secs, Idle: 132/52.7979873 secs, Blocked: 0/0.0000000 secs]
      [Inspected:         1059611]
         [Skipped:              0(  0.0%)]
         [Hashed:           23269(  2.2%)]
         [Known:          1035244( 97.7%)]
         [New:              24367(  2.3%)   1216.4K]
      [Deduplicated:         1946(  8.0%)    103.9K(  8.5%)]
         [Young:                8(  0.4%)    424.0B(  0.4%)]
         [Old:               1938( 99.6%)    103.5K( 99.6%)]
   [Table]
      [Memory Usage: 349.3K]
      [Size: 8192, Min: 1024, Max: 16777216]
      [Entries: 12171, Load: 148.6%, Cached: 0, Added: 27518, Removed: 15347]
      [Resize Count: 3, Shrink Threshold: 5461(66.7%), Grow Threshold: 16384(200.0%)]
      [Rehash Count: 0, Rehash Threshold: 120, Hash Seed: 0x0]
      [Age Threshold: 3]
   [Queue]
      [Dropped: 0]
53.162: [GC pause (G1 Evacuation Pause) (young) (to-space exhausted), 0.0323170 secs]
   [Parallel Time: 29.5 ms, GC Workers: 4]
      [GC Worker Start (ms): Min: 53162.6, Avg: 53162.6, Max: 53162.6, Diff: 0.1]
      [Ext Root Scanning (ms): Min: 0.2, Avg: 0.2, Max: 0.2, Diff: 0.1, Sum: 0.8]
      [Update RS (ms): Min: 14.7, Avg: 16.4, Max: 17.0, Diff: 2.3, Sum: 65.7]
         [Processed Buffers: Min: 37, Avg: 40.0, Max: 42, Diff: 5, Sum: 160]
      [Scan RS (ms): Min: 1.9, Avg: 2.0, Max: 2.1, Diff: 0.2, Sum: 8.0]
      [Code Root Scanning (ms): Min: 0.0, Avg: 0.0, Max: 0.0, Diff: 0.0, Sum: 0.0]
      [Object Copy (ms): Min: 9.1, Avg: 10.4, Max: 12.6, Diff: 3.5, Sum: 41.8]
      [Termination (ms): Min: 0.0, Avg: 0.4, Max: 1.1, Diff: 1.1, Sum: 1.4]
         [Termination Attempts: Min: 1, Avg: 1.3, Max: 2, Diff: 1, Sum: 5]
      [GC Worker Other (ms): Min: 0.0, Avg: 0.0, Max: 0.0, Diff: 0.0, Sum: 0.0]
      [GC Worker Total (ms): Min: 29.4, Avg: 29.5, Max: 29.5, Diff: 0.1, Sum: 117.8]
      [GC Worker End (ms): Min: 53192.0, Avg: 53192.0, Max: 53192.0, Diff: 0.0]
   [Code Root Fixup: 0.0 ms]
   [Code Root Purge: 0.0 ms]
   [String Dedup Fixup: 0.2 ms, GC Workers: 4]
      [Queue Fixup (ms): Min: 0.0, Avg: 0.0, Max: 0.0, Diff: 0.0, Sum: 0.0]
      [Table Fixup (ms): Min: 0.1, Avg: 0.1, Max: 0.1, Diff: 0.0, Sum: 0.5]
   [Clear CT: 0.2 ms]
   [Other: 2.4 ms]
      [Evacuation Failure: 2.1 ms]
      [Choose CSet: 0.0 ms]
      [Ref Proc: 0.1 ms]
      [Ref Enq: 0.0 ms]
      [Redirty Cards: 0.1 ms]
      [Humongous Register: 0.0 ms]
      [Humongous Reclaim: 0.0 ms]
      [Free CSet: 0.0 ms]
   [Eden: 10.0M(100.0M)->0.0B(102.0M) Survivors: 2048.0K->0.0B Heap: 1854.7M(2048.0M)->1853.7M(2048.0M)]
 [Times: user=0.08 sys=0.00, real=0.03 secs] 
53.196: [GC pause (G1 Evacuation Pause) (young) (to-space exhausted), 0.0198756 secs]
   [Parallel Time: 18.8 ms, GC Workers: 4]
      [GC Worker Start (ms): Min: 53196.2, Avg: 53196.2, Max: 53196.2, Diff: 0.1]
      [Ext Root Scanning (ms): Min: 0.2, Avg: 0.2, Max: 0.2, Diff: 0.1, Sum: 0.8]
      [Update RS (ms): Min: 17.3, Avg: 17.7, Max: 17.9, Diff: 0.6, Sum: 70.8]
         [Processed Buffers: Min: 38, Avg: 51.0, Max: 77, Diff: 39, Sum: 204]
      [Scan RS (ms): Min: 0.0, Avg: 0.0, Max: 0.0, Diff: 0.0, Sum: 0.0]
      [Code Root Scanning (ms): Min: 0.0, Avg: 0.0, Max: 0.0, Diff: 0.0, Sum: 0.0]
      [Object Copy (ms): Min: 0.0, Avg: 0.5, Max: 1.1, Diff: 1.1, Sum: 1.9]
      [Termination (ms): Min: 0.0, Avg: 0.4, Max: 0.7, Diff: 0.7, Sum: 1.5]
         [Termination Attempts: Min: 1, Avg: 1.0, Max: 1, Diff: 0, Sum: 4]
      [GC Worker Other (ms): Min: 0.0, Avg: 0.0, Max: 0.0, Diff: 0.0, Sum: 0.0]
      [GC Worker Total (ms): Min: 18.7, Avg: 18.8, Max: 18.8, Diff: 0.1, Sum: 75.0]
      [GC Worker End (ms): Min: 53215.0, Avg: 53215.0, Max: 53215.0, Diff: 0.0]
   [Code Root Fixup: 0.0 ms]
   [Code Root Purge: 0.0 ms]
   [String Dedup Fixup: 0.1 ms, GC Workers: 4]
      [Queue Fixup (ms): Min: 0.0, Avg: 0.0, Max: 0.0, Diff: 0.0, Sum: 0.0]
      [Table Fixup (ms): Min: 0.1, Avg: 0.1, Max: 0.1, Diff: 0.0, Sum: 0.4]
   [Clear CT: 0.0 ms]
   [Other: 0.9 ms]
      [Evacuation Failure: 0.8 ms]
      [Choose CSet: 0.0 ms]
      [Ref Proc: 0.0 ms]
      [Ref Enq: 0.0 ms]
      [Redirty Cards: 0.0 ms]
      [Humongous Register: 0.0 ms]
      [Humongous Reclaim: 0.0 ms]
      [Free CSet: 0.0 ms]
   [Eden: 1024.0K(102.0M)->0.0B(102.0M) Survivors: 0.0B->0.0B Heap: 1854.7M(2048.0M)->1854.7M(2048.0M)]
 [Times: user=0.08 sys=0.00, real=0.02 secs] 
53.217: [GC pause (G1 Evacuation Pause) (young), 0.0009189 secs]
   [Parallel Time: 0.7 ms, GC Workers: 4]
      [GC Worker Start (ms): Min: 53216.6, Avg: 53216.6, Max: 53216.6, Diff: 0.0]
      [Ext Root Scanning (ms): Min: 0.2, Avg: 0.2, Max: 0.2, Diff: 0.0, Sum: 0.7]
      [Update RS (ms): Min: 0.4, Avg: 0.5, Max: 0.5, Diff: 0.2, Sum: 1.9]
         [Processed Buffers: Min: 2, Avg: 2.5, Max: 3, Diff: 1, Sum: 10]
      [Scan RS (ms): Min: 0.0, Avg: 0.0, Max: 0.0, Diff: 0.0, Sum: 0.0]
      [Code Root Scanning (ms): Min: 0.0, Avg: 0.0, Max: 0.0, Diff: 0.0, Sum: 0.0]
      [Object Copy (ms): Min: 0.0, Avg: 0.0, Max: 0.0, Diff: 0.0, Sum: 0.0]
      [Termination (ms): Min: 0.0, Avg: 0.1, Max: 0.2, Diff: 0.2, Sum: 0.3]
         [Termination Attempts: Min: 1, Avg: 1.0, Max: 1, Diff: 0, Sum: 4]
      [GC Worker Other (ms): Min: 0.0, Avg: 0.0, Max: 0.0, Diff: 0.0, Sum: 0.0]
      [GC Worker Total (ms): Min: 0.7, Avg: 0.7, Max: 0.7, Diff: 0.0, Sum: 2.9]
      [GC Worker End (ms): Min: 53217.3, Avg: 53217.3, Max: 53217.3, Diff: 0.0]
   [Code Root Fixup: 0.0 ms]
   [Code Root Purge: 0.0 ms]
   [String Dedup Fixup: 0.1 ms, GC Workers: 4]
      [Queue Fixup (ms): Min: 0.0, Avg: 0.0, Max: 0.0, Diff: 0.0, Sum: 0.0]
      [Table Fixup (ms): Min: 0.1, Avg: 0.1, Max: 0.1, Diff: 0.0, Sum: 0.2]
   [Clear CT: 0.0 ms]
   [Other: 0.1 ms]
      [Choose CSet: 0.0 ms]
      [Ref Proc: 0.0 ms]
      [Ref Enq: 0.0 ms]
      [Redirty Cards: 0.0 ms]
      [Humongous Register: 0.0 ms]
      [Humongous Reclaim: 0.0 ms]
      [Free CSet: 0.0 ms]
   [Eden: 0.0B(102.0M)->0.0B(102.0M) Survivors: 0.0B->0.0B Heap: 1854.7M(2048.0M)->1854.7M(2048.0M)]
 [Times: user=0.00 sys=0.00, real=0.00 secs] 
53.218: [GC pause (G1 Evacuation Pause) (young), 0.0003111 secs]
   [Parallel Time: 0.2 ms, GC Workers: 4]
      [GC Worker Start (ms): Min: 53217.7, Avg: 53217.7, Max: 53217.7, Diff: 0.0]
      [Ext Root Scanning (ms): Min: 0.1, Avg: 0.1, Max: 0.1, Diff: 0.0, Sum: 0.5]
      [Update RS (ms): Min: 0.0, Avg: 0.0, Max: 0.0, Diff: 0.0, Sum: 0.0]
         [Processed Buffers: Min: 0, Avg: 0.3, Max: 1, Diff: 1, Sum: 1]
      [Scan RS (ms): Min: 0.0, Avg: 0.0, Max: 0.0, Diff: 0.0, Sum: 0.0]
      [Code Root Scanning (ms): Min: 0.0, Avg: 0.0, Max: 0.0, Diff: 0.0, Sum: 0.0]
      [Object Copy (ms): Min: 0.0, Avg: 0.0, Max: 0.0, Diff: 0.0, Sum: 0.0]
      [Termination (ms): Min: 0.0, Avg: 0.0, Max: 0.0, Diff: 0.0, Sum: 0.0]
         [Termination Attempts: Min: 1, Avg: 1.0, Max: 1, Diff: 0, Sum: 4]
      [GC Worker Other (ms): Min: 0.0, Avg: 0.0, Max: 0.0, Diff: 0.0, Sum: 0.0]
      [GC Worker Total (ms): Min: 0.1, Avg: 0.1, Max: 0.1, Diff: 0.0, Sum: 0.6]
      [GC Worker End (ms): Min: 53217.8, Avg: 53217.8, Max: 53217.8, Diff: 0.0]
   [Code Root Fixup: 0.0 ms]
   [Code Root Purge: 0.0 ms]
   [String Dedup Fixup: 0.1 ms, GC Workers: 4]
      [Queue Fixup (ms): Min: 0.0, Avg: 0.0, Max: 0.0, Diff: 0.0, Sum: 0.0]
      [Table Fixup (ms): Min: 0.0, Avg: 0.0, Max: 0.1, Diff: 0.0, Sum: 0.2]
   [Clear CT: 0.0 ms]
   [Other: 0.1 ms]
      [Choose CSet: 0.0 ms]
      [Ref Proc: 0.0 ms]
      [Ref Enq: 0.0 ms]
      [Redirty Cards: 0.0 ms]
      [Humongous Register: 0.0 ms]
      [Humongous Reclaim: 0.0 ms]
      [Free CSet: 0.0 ms]
   [Eden: 0.0B(102.0M)->0.0B(102.0M) Survivors: 0.0B->0.0B Heap: 1854.7M(2048.0M)->1854.7M(2048.0M)]
 [Times: user=0.00 sys=0.00, real=0.00 secs] 
53.219: [Full GC (Allocation Failure)  1854M->1167M(2048M), 1.6179574 secs]
   [Eden: 0.0B(102.0M)->0.0B(370.0M) Survivors: 0.0B->0.0B Heap: 1854.7M(2048.0M)->1167.5M(2048.0M)], [Metaspace: 9282K->9282K(1058816K)]
 [Times: user=3.17 sys=0.00, real=1.62 secs] 
54.837: [GC concurrent-mark-abort]
55.155: [GC pause (G1 Evacuation Pause) (young), 0.1506758 secs]
   [Parallel Time: 149.9 ms, GC Workers: 4]
      [GC Worker Start (ms): Min: 55155.4, Avg: 55155.5, Max: 55155.5, Diff: 0.1]
      [Ext Root Scanning (ms): Min: 0.2, Avg: 0.2, Max: 0.3, Diff: 0.1, Sum: 0.9]
      [Update RS (ms): Min: 0.0, Avg: 0.1, Max: 0.1, Diff: 0.1, Sum: 0.2]
         [Processed Buffers: Min: 0, Avg: 1.0, Max: 2, Diff: 2, Sum: 4]
      [Scan RS (ms): Min: 0.0, Avg: 0.0, Max: 0.1, Diff: 0.0, Sum: 0.2]
      [Code Root Scanning (ms): Min: 0.0, Avg: 0.0, Max: 0.0, Diff: 0.0, Sum: 0.0]
      [Object Copy (ms): Min: 149.4, Avg: 149.4, Max: 149.5, Diff: 0.1, Sum: 597.8]
      [Termination (ms): Min: 0.0, Avg: 0.0, Max: 0.0, Diff: 0.0, Sum: 0.0]
         [Termination Attempts: Min: 4, Avg: 6.0, Max: 10, Diff: 6, Sum: 24]
      [GC Worker Other (ms): Min: 0.0, Avg: 0.0, Max: 0.0, Diff: 0.0, Sum: 0.1]
      [GC Worker Total (ms): Min: 149.8, Avg: 149.8, Max: 149.8, Diff: 0.1, Sum: 599.2]
      [GC Worker End (ms): Min: 55305.3, Avg: 55305.3, Max: 55305.3, Diff: 0.0]
   [Code Root Fixup: 0.0 ms]
   [Code Root Purge: 0.0 ms]
   [String Dedup Fixup: 0.1 ms, GC Workers: 4]
      [Queue Fixup (ms): Min: 0.0, Avg: 0.0, Max: 0.0, Diff: 0.0, Sum: 0.1]
      [Table Fixup (ms): Min: 0.1, Avg: 0.1, Max: 0.1, Diff: 0.0, Sum: 0.4]
   [Clear CT: 0.1 ms]
   [Other: 0.6 ms]
      [Choose CSet: 0.0 ms]
      [Ref Proc: 0.0 ms]
      [Ref Enq: 0.0 ms]
      [Redirty Cards: 0.2 ms]
      [Humongous Register: 0.0 ms]
      [Humongous Reclaim: 0.0 ms]
      [Free CSet: 0.2 ms]
   [Eden: 370.0M(370.0M)->0.0B(264.0M) Survivors: 0.0B->47.0M Heap: 1537.5M(2048.0M)->1299.0M(2048.0M)]
 [Times: user=0.56 sys=0.00, real=0.15 secs] 
55.307: [GC concurrent-string-deduplication, 10.7K->10.7K(0.0B), avg 8.5%, 0.0006902 secs]
   [Last Exec: 0.0006902 secs, Idle: 2.1702464 secs, Blocked: 0/0.0000000 secs]
      [Inspected:           11974]
         [Skipped:              0(  0.0%)]
         [Hashed:             229(  1.9%)]
         [Known:            11745( 98.1%)]
         [New:                229(  1.9%)     10.7K]
      [Deduplicated:            0(  0.0%)      0.0B(  0.0%)]
         [Young:                0(  0.0%)      0.0B(  0.0%)]
         [Old:                  0(  0.0%)      0.0B(  0.0%)]
   [Total Exec: 133/0.1159392 secs, Idle: 133/54.9682337 secs, Blocked: 0/0.0000000 secs]
      [Inspected:         1071585]
         [Skipped:              0(  0.0%)]
         [Hashed:           23498(  2.2%)]
         [Known:          1046989( 97.7%)]
         [New:              24596(  2.3%)   1227.2K]
      [Deduplicated:         1946(  7.9%)    103.9K(  8.5%)]
         [Young:                8(  0.4%)    424.0B(  0.4%)]
         [Old:               1938( 99.6%)    103.5K( 99.6%)]
   [Table]
      [Memory Usage: 322.3K]
      [Size: 8192, Min: 1024, Max: 16777216]
      [Entries: 10200, Load: 124.5%, Cached: 819, Added: 27760, Removed: 17560]
      [Resize Count: 3, Shrink Threshold: 5461(66.7%), Grow Threshold: 16384(200.0%)]
      [Rehash Count: 0, Rehash Threshold: 120, Hash Seed: 0x0]
      [Age Threshold: 3]
   [Queue]
      [Dropped: 0]
55.437: [GC pause (G1 Evacuation Pause) (young) (initial-mark), 0.1831722 secs]
   [Parallel Time: 182.0 ms, GC Workers: 4]
      [GC Worker Start (ms): Min: 55437.5, Avg: 55437.5, Max: 55437.5, Diff: 0.0]
      [Ext Root Scanning (ms): Min: 0.3, Avg: 0.3, Max: 0.3, Diff: 0.0, Sum: 1.2]
      [Update RS (ms): Min: 32.2, Avg: 32.3, Max: 32.5, Diff: 0.3, Sum: 129.3]
         [Processed Buffers: Min: 35, Avg: 36.8, Max: 40, Diff: 5, Sum: 147]
      [Scan RS (ms): Min: 25.0, Avg: 25.1, Max: 25.1, Diff: 0.2, Sum: 100.2]
      [Code Root Scanning (ms): Min: 0.0, Avg: 0.0, Max: 0.0, Diff: 0.0, Sum: 0.0]
      [Object Copy (ms): Min: 124.2, Avg: 124.3, Max: 124.3, Diff: 0.1, Sum: 497.2]
      [Termination (ms): Min: 0.0, Avg: 0.0, Max: 0.0, Diff: 0.0, Sum: 0.0]
         [Termination Attempts: Min: 17, Avg: 21.8, Max: 27, Diff: 10, Sum: 87]
      [GC Worker Other (ms): Min: 0.0, Avg: 0.0, Max: 0.0, Diff: 0.0, Sum: 0.1]
      [GC Worker Total (ms): Min: 182.0, Avg: 182.0, Max: 182.0, Diff: 0.0, Sum: 728.0]
      [GC Worker End (ms): Min: 55619.5, Avg: 55619.5, Max: 55619.5, Diff: 0.0]
   [Code Root Fixup: 0.0 ms]
   [Code Root Purge: 0.0 ms]
   [String Dedup Fixup: 0.2 ms, GC Workers: 4]
      [Queue Fixup (ms): Min: 0.0, Avg: 0.0, Max: 0.0, Diff: 0.0, Sum: 0.1]
      [Table Fixup (ms): Min: 0.1, Avg: 0.1, Max: 0.1, Diff: 0.0, Sum: 0.5]
   [Clear CT: 0.0 ms]
   [Other: 0.9 ms]
      [Choose CSet: 0.0 ms]
      [Ref Proc: 0.0 ms]
      [Ref Enq: 0.0 ms]
      [Redirty Cards: 0.2 ms]
      [Humongous Register: 0.0 ms]
      [Humongous Reclaim: 0.0 ms]
      [Free CSet: 0.4 ms]
   [Eden: 113.0M(55.0M)->0.0B(89.0M) Survivors: 47.0M->13.0M Heap: 1412.0M(2048.0M)->1340.0M(2048.0M)]
 [Times: user=0.69 sys=0.00, real=0.18 secs] 
55.621: [GC concurrent-root-region-scan-start]
55.622: [GC concurrent-string-deduplication, 15.6K->14.9K(800.0B), avg 8.4%, 0.0008281 secs]
   [Last Exec: 0.0008281 secs, Idle: 0.3137887 secs, Blocked: 0/0.0000000 secs]
      [Inspected:           16712]
         [Skipped:              0(  0.0%)]
         [Hashed:             332(  2.0%)]
         [Known:            16380( 98.0%)]
         [New:                332(  2.0%)     15.6K]
      [Deduplicated:           15(  4.5%)    800.0B(  5.0%)]
         [Young:                0(  0.0%)      0.0B(  0.0%)]
         [Old:                 15(100.0%)    800.0B(100.0%)]
   [Total Exec: 134/0.1167673 secs, Idle: 134/55.2820223 secs, Blocked: 0/0.0000000 secs]
      [Inspected:         1088297]
         [Skipped:              0(  0.0%)]
         [Hashed:           23830(  2.2%)]
         [Known:          1063369( 97.7%)]
         [New:              24928(  2.3%)   1242.8K]
      [Deduplicated:         1961(  7.9%)    104.7K(  8.4%)]
         [Young:                8(  0.4%)    424.0B(  0.4%)]
         [Old:               1953( 99.6%)    104.2K( 99.6%)]
   [Table]
      [Memory Usage: 322.3K]
      [Size: 8192, Min: 1024, Max: 16777216]
      [Entries: 10518, Load: 128.4%, Cached: 501, Added: 28078, Removed: 17560]
      [Resize Count: 3, Shrink Threshold: 5461(66.7%), Grow Threshold: 16384(200.0%)]
      [Rehash Count: 0, Rehash Threshold: 120, Hash Seed: 0x0]
      [Age Threshold: 3]
   [Queue]
      [Dropped: 0]
55.654: [GC concurrent-root-region-scan-end, 0.0332677 secs]
55.654: [GC concurrent-mark-start]
55.771: [GC pause (G1 Evacuation Pause) (young), 0.0804359 secs]
   [Parallel Time: 79.8 ms, GC Workers: 4]
      [GC Worker Start (ms): Min: 55770.9, Avg: 55770.9, Max: 55771.0, Diff: 0.0]
      [Ext Root Scanning (ms): Min: 0.2, Avg: 0.2, Max: 0.2, Diff: 0.0, Sum: 0.8]
      [Update RS (ms): Min: 20.7, Avg: 20.8, Max: 20.9, Diff: 0.2, Sum: 83.0]
         [Processed Buffers: Min: 31, Avg: 32.5, Max: 34, Diff: 3, Sum: 130]
      [Scan RS (ms): Min: 6.4, Avg: 6.4, Max: 6.5, Diff: 0.1, Sum: 25.7]
      [Code Root Scanning (ms): Min: 0.0, Avg: 0.0, Max: 0.0, Diff: 0.0, Sum: 0.0]
      [Object Copy (ms): Min: 52.4, Avg: 52.4, Max: 52.5, Diff: 0.1, Sum: 209.7]
      [Termination (ms): Min: 0.0, Avg: 0.0, Max: 0.0, Diff: 0.0, Sum: 0.0]
         [Termination Attempts: Min: 5, Avg: 6.0, Max: 7, Diff: 2, Sum: 24]
      [GC Worker Other (ms): Min: 0.0, Avg: 0.0, Max: 0.0, Diff: 0.0, Sum: 0.1]
      [GC Worker Total (ms): Min: 79.8, Avg: 79.8, Max: 79.8, Diff: 0.0, Sum: 319.3]
      [GC Worker End (ms): Min: 55850.7, Avg: 55850.7, Max: 55850.8, Diff: 0.0]
   [Code Root Fixup: 0.0 ms]
   [Code Root Purge: 0.0 ms]
   [String Dedup Fixup: 0.1 ms, GC Workers: 4]
      [Queue Fixup (ms): Min: 0.0, Avg: 0.0, Max: 0.0, Diff: 0.0, Sum: 0.0]
      [Table Fixup (ms): Min: 0.1, Avg: 0.1, Max: 0.1, Diff: 0.0, Sum: 0.5]
   [Clear CT: 0.0 ms]
   [Other: 0.4 ms]
      [Choose CSet: 0.0 ms]
      [Ref Proc: 0.0 ms]
      [Ref Enq: 0.0 ms]
      [Redirty Cards: 0.1 ms]
      [Humongous Register: 0.0 ms]
      [Humongous Reclaim: 0.0 ms]
      [Free CSet: 0.1 ms]
   [Eden: 89.0M(89.0M)->0.0B(89.0M) Survivors: 13.0M->13.0M Heap: 1429.0M(2048.0M)->1374.1M(2048.0M)]
 [Times: user=0.31 sys=0.00, real=0.08 secs] 
55.852: [GC concurrent-string-deduplication, 4848.0B->4848.0B(0.0B), avg 8.4%, 0.0002357 secs]
   [Last Exec: 0.0002357 secs, Idle: 0.2298731 secs, Blocked: 0/0.0000000 secs]
      [Inspected:            4851]
         [Skipped:              0(  0.0%)]
         [Hashed:             101(  2.1%)]
         [Known:             4750( 97.9%)]
         [New:                101(  2.1%)   4848.0B]
      [Deduplicated:            0(  0.0%)      0.0B(  0.0%)]
         [Young:                0(  0.0%)      0.0B(  0.0%)]
         [Old:                  0(  0.0%)      0.0B(  0.0%)]
   [Total Exec: 135/0.1170031 secs, Idle: 135/55.5118954 secs, Blocked: 0/0.0000000 secs]
      [Inspected:         1093148]
         [Skipped:              0(  0.0%)]
         [Hashed:           23931(  2.2%)]
         [Known:          1068119( 97.7%)]
         [New:              25029(  2.3%)   1247.5K]
      [Deduplicated:         1961(  7.8%)    104.7K(  8.4%)]
         [Young:                8(  0.4%)    424.0B(  0.4%)]
         [Old:               1953( 99.6%)    104.2K( 99.6%)]
   [Table]
      [Memory Usage: 322.3K]
      [Size: 8192, Min: 1024, Max: 16777216]
      [Entries: 10619, Load: 129.6%, Cached: 400, Added: 28179, Removed: 17560]
      [Resize Count: 3, Shrink Threshold: 5461(66.7%), Grow Threshold: 16384(200.0%)]
      [Rehash Count: 0, Rehash Threshold: 120, Hash Seed: 0x0]
      [Age Threshold: 3]
   [Queue]
      [Dropped: 0]
55.946: [GC pause (G1 Evacuation Pause) (young), 0.0788460 secs]
   [Parallel Time: 78.3 ms, GC Workers: 4]
      [GC Worker Start (ms): Min: 55946.2, Avg: 55946.2, Max: 55946.3, Diff: 0.0]
      [Ext Root Scanning (ms): Min: 0.2, Avg: 0.2, Max: 0.2, Diff: 0.0, Sum: 0.8]
      [Update RS (ms): Min: 17.2, Avg: 17.3, Max: 17.4, Diff: 0.3, Sum: 69.1]
         [Processed Buffers: Min: 28, Avg: 29.5, Max: 31, Diff: 3, Sum: 118]
      [Scan RS (ms): Min: 0.2, Avg: 0.3, Max: 0.5, Diff: 0.3, Sum: 1.3]
      [Code Root Scanning (ms): Min: 0.0, Avg: 0.0, Max: 0.0, Diff: 0.0, Sum: 0.0]
      [Object Copy (ms): Min: 60.4, Avg: 60.4, Max: 60.4, Diff: 0.0, Sum: 241.7]
      [Termination (ms): Min: 0.0, Avg: 0.0, Max: 0.0, Diff: 0.0, Sum: 0.0]
         [Termination Attempts: Min: 10, Avg: 13.5, Max: 18, Diff: 8, Sum: 54]
      [GC Worker Other (ms): Min: 0.0, Avg: 0.0, Max: 0.0, Diff: 0.0, Sum: 0.0]
      [GC Worker Total (ms): Min: 78.2, Avg: 78.2, Max: 78.3, Diff: 0.0, Sum: 313.0]
      [GC Worker End (ms): Min: 56024.5, Avg: 56024.5, Max: 56024.5, Diff: 0.0]
   [Code Root Fixup: 0.0 ms]
   [Code Root Purge: 0.0 ms]
   [String Dedup Fixup: 0.1 ms, GC Workers: 4]
      [Queue Fixup (ms): Min: 0.0, Avg: 0.0, Max: 0.0, Diff: 0.0, Sum: 0.0]
      [Table Fixup (ms): Min: 0.1, Avg: 0.1, Max: 0.1, Diff: 0.0, Sum: 0.4]
   [Clear CT: 0.0 ms]
   [Other: 0.4 ms]
      [Choose CSet: 0.0 ms]
      [Ref Proc: 0.0 ms]
      [Ref Enq: 0.0 ms]
      [Redirty Cards: 0.1 ms]
      [Humongous Register: 0.0 ms]
      [Humongous Reclaim: 0.0 ms]
      [Free CSet: 0.1 ms]
   [Eden: 89.0M(89.0M)->0.0B(144.0M) Survivors: 13.0M->13.0M Heap: 1463.1M(2048.0M)->1408.4M(2048.0M)]
 [Times: user=0.30 sys=0.00, real=0.08 secs] 
56.025: [GC concurrent-string-deduplication, 6928.0B->6768.0B(160.0B), avg 8.4%, 0.0003323 secs]
   [Last Exec: 0.0003323 secs, Idle: 0.1734425 secs, Blocked: 0/0.0000000 secs]
      [Inspected:            6895]
         [Skipped:              0(  0.0%)]
         [Hashed:             144(  2.1%)]
         [Known:             6751( 97.9%)]
         [New:                144(  2.1%)   6928.0B]
      [Deduplicated:            3(  2.1%)    160.0B(  2.3%)]
         [Young:                0(  0.0%)      0.0B(  0.0%)]
         [Old:                  3(100.0%)    160.0B(100.0%)]
   [Total Exec: 136/0.1173353 secs, Idle: 136/55.6853380 secs, Blocked: 0/0.0000000 secs]
      [Inspected:         1100043]
         [Skipped:              0(  0.0%)]
         [Hashed:           24075(  2.2%)]
         [Known:          1074870( 97.7%)]
         [New:              25173(  2.3%)   1254.3K]
      [Deduplicated:         1964(  7.8%)    104.8K(  8.4%)]
         [Young:                8(  0.4%)    424.0B(  0.4%)]
         [Old:               1956( 99.6%)    104.4K( 99.6%)]
   [Table]
      [Memory Usage: 322.3K]
      [Size: 8192, Min: 1024, Max: 16777216]
      [Entries: 10760, Load: 131.3%, Cached: 259, Added: 28320, Removed: 17560]
      [Resize Count: 3, Shrink Threshold: 5461(66.7%), Grow Threshold: 16384(200.0%)]
      [Rehash Count: 0, Rehash Threshold: 120, Hash Seed: 0x0]
      [Age Threshold: 3]
   [Queue]
      [Dropped: 0]
56.154: [GC pause (G1 Evacuation Pause) (young), 0.1110007 secs]
   [Parallel Time: 110.4 ms, GC Workers: 4]
      [GC Worker Start (ms): Min: 56154.3, Avg: 56154.3, Max: 56154.3, Diff: 0.0]
      [Ext Root Scanning (ms): Min: 0.2, Avg: 0.2, Max: 0.2, Diff: 0.0, Sum: 0.8]
      [Update RS (ms): Min: 19.5, Avg: 19.6, Max: 19.9, Diff: 0.4, Sum: 78.6]
         [Processed Buffers: Min: 32, Avg: 32.0, Max: 32, Diff: 0, Sum: 128]
      [Scan RS (ms): Min: 0.0, Avg: 0.1, Max: 0.1, Diff: 0.1, Sum: 0.3]
      [Code Root Scanning (ms): Min: 0.0, Avg: 0.0, Max: 0.0, Diff: 0.0, Sum: 0.0]
      [Object Copy (ms): Min: 90.2, Avg: 90.4, Max: 90.5, Diff: 0.3, Sum: 361.6]
      [Termination (ms): Min: 0.0, Avg: 0.0, Max: 0.0, Diff: 0.0, Sum: 0.1]
         [Termination Attempts: Min: 9, Avg: 281.5, Max: 394, Diff: 385, Sum: 1126]
      [GC Worker Other (ms): Min: 0.0, Avg: 0.0, Max: 0.0, Diff: 0.0, Sum: 0.0]
      [GC Worker Total (ms): Min: 110.3, Avg: 110.3, Max: 110.3, Diff: 0.0, Sum: 441.4]
      [GC Worker End (ms): Min: 56264.6, Avg: 56264.6, Max: 56264.6, Diff: 0.0]
   [Code Root Fixup: 0.0 ms]
   [Code Root Purge: 0.0 ms]
   [String Dedup Fixup: 0.1 ms, GC Workers: 4]
      [Queue Fixup (ms): Min: 0.0, Avg: 0.0, Max: 0.0, Diff: 0.0, Sum: 0.0]
      [Table Fixup (ms): Min: 0.1, Avg: 0.1, Max: 0.1, Diff: 0.0, Sum: 0.4]
   [Clear CT: 0.1 ms]
   [Other: 0.4 ms]
      [Choose CSet: 0.0 ms]
      [Ref Proc: 0.0 ms]
      [Ref Enq: 0.0 ms]
      [Redirty Cards: 0.1 ms]
      [Humongous Register: 0.0 ms]
      [Humongous Reclaim: 0.0 ms]
      [Free CSet: 0.1 ms]
   [Eden: 144.0M(144.0M)->0.0B(123.0M) Survivors: 13.0M->20.0M Heap: 1552.4M(2048.0M)->1462.0M(2048.0M)]
 [Times: user=0.44 sys=0.00, real=0.11 secs] 
56.266: [GC concurrent-string-deduplication, 6560.0B->6240.0B(320.0B), avg 8.3%, 0.0003300 secs]
   [Last Exec: 0.0003300 secs, Idle: 0.2397977 secs, Blocked: 0/0.0000000 secs]
      [Inspected:            6850]
         [Skipped:              0(  0.0%)]
         [Hashed:             136(  2.0%)]
         [Known:             6714( 98.0%)]
         [New:                136(  2.0%)   6560.0B]
      [Deduplicated:            6(  4.4%)    320.0B(  4.9%)]
         [Young:                0(  0.0%)      0.0B(  0.0%)]
         [Old:                  6(100.0%)    320.0B(100.0%)]
   [Total Exec: 137/0.1176654 secs, Idle: 137/55.9251356 secs, Blocked: 0/0.0000000 secs]
      [Inspected:         1106893]
         [Skipped:              0(  0.0%)]
         [Hashed:           24211(  2.2%)]
         [Known:          1081584( 97.7%)]
         [New:              25309(  2.3%)   1260.7K]
      [Deduplicated:         1970(  7.8%)    105.1K(  8.3%)]
         [Young:                8(  0.4%)    424.0B(  0.4%)]
         [Old:               1962( 99.6%)    104.7K( 99.6%)]
   [Table]
      [Memory Usage: 322.3K]
      [Size: 8192, Min: 1024, Max: 16777216]
      [Entries: 10890, Load: 132.9%, Cached: 129, Added: 28450, Removed: 17560]
      [Resize Count: 3, Shrink Threshold: 5461(66.7%), Grow Threshold: 16384(200.0%)]
      [Rehash Count: 0, Rehash Threshold: 120, Hash Seed: 0x0]
      [Age Threshold: 3]
   [Queue]
      [Dropped: 0]
56.391: [GC pause (G1 Evacuation Pause) (young), 0.1214527 secs]
   [Parallel Time: 120.7 ms, GC Workers: 4]
      [GC Worker Start (ms): Min: 56390.6, Avg: 56390.6, Max: 56390.6, Diff: 0.0]
      [Ext Root Scanning (ms): Min: 0.2, Avg: 0.2, Max: 0.2, Diff: 0.0, Sum: 0.8]
      [Update RS (ms): Min: 22.3, Avg: 22.4, Max: 22.5, Diff: 0.2, Sum: 89.6]
         [Processed Buffers: Min: 35, Avg: 35.5, Max: 37, Diff: 2, Sum: 142]
      [Scan RS (ms): Min: 7.3, Avg: 7.4, Max: 7.5, Diff: 0.2, Sum: 29.8]
      [Code Root Scanning (ms): Min: 0.0, Avg: 0.0, Max: 0.0, Diff: 0.0, Sum: 0.0]
      [Object Copy (ms): Min: 90.6, Avg: 90.7, Max: 90.7, Diff: 0.1, Sum: 362.7]
      [Termination (ms): Min: 0.0, Avg: 0.0, Max: 0.0, Diff: 0.0, Sum: 0.0]
         [Termination Attempts: Min: 8, Avg: 10.8, Max: 15, Diff: 7, Sum: 43]
      [GC Worker Other (ms): Min: 0.0, Avg: 0.0, Max: 0.0, Diff: 0.0, Sum: 0.0]
      [GC Worker Total (ms): Min: 120.7, Avg: 120.7, Max: 120.7, Diff: 0.0, Sum: 482.9]
      [GC Worker End (ms): Min: 56511.3, Avg: 56511.3, Max: 56511.3, Diff: 0.0]
   [Code Root Fixup: 0.0 ms]
   [Code Root Purge: 0.0 ms]
   [String Dedup Fixup: 0.2 ms, GC Workers: 4]
      [Queue Fixup (ms): Min: 0.0, Avg: 0.0, Max: 0.0, Diff: 0.0, Sum: 0.1]
      [Table Fixup (ms): Min: 0.1, Avg: 0.1, Max: 0.1, Diff: 0.0, Sum: 0.5]
   [Clear CT: 0.0 ms]
   [Other: 0.5 ms]
      [Choose CSet: 0.0 ms]
      [Ref Proc: 0.0 ms]
      [Ref Enq: 0.0 ms]
      [Redirty Cards: 0.1 ms]
      [Humongous Register: 0.0 ms]
      [Humongous Reclaim: 0.0 ms]
      [Free CSet: 0.2 ms]
   [Eden: 123.0M(123.0M)->0.0B(106.0M) Survivors: 20.0M->18.0M Heap: 1585.0M(2048.0M)->1508.0M(2048.0M)]
 [Times: user=0.45 sys=0.00, real=0.12 secs] 
56.513: [GC concurrent-string-deduplication, 8592.0B->8592.0B(0.0B), avg 8.3%, 0.0004317 secs]
   [Last Exec: 0.0004317 secs, Idle: 0.2464745 secs, Blocked: 0/0.0000000 secs]
      [Inspected:            8589]
         [Skipped:              0(  0.0%)]
         [Hashed:             179(  2.1%)]
         [Known:             8410( 97.9%)]
         [New:                179(  2.1%)   8592.0B]
      [Deduplicated:            0(  0.0%)      0.0B(  0.0%)]
         [Young:                0(  0.0%)      0.0B(  0.0%)]
         [Old:                  0(  0.0%)      0.0B(  0.0%)]
   [Total Exec: 138/0.1180971 secs, Idle: 138/56.1716102 secs, Blocked: 0/0.0000000 secs]
      [Inspected:         1115482]
         [Skipped:              0(  0.0%)]
         [Hashed:           24390(  2.2%)]
         [Known:          1089994( 97.7%)]
         [New:              25488(  2.3%)   1269.1K]
      [Deduplicated:         1970(  7.7%)    105.1K(  8.3%)]
         [Young:                8(  0.4%)    424.0B(  0.4%)]
         [Old:               1962( 99.6%)    104.7K( 99.6%)]
   [Table]
      [Memory Usage: 323.5K]
      [Size: 8192, Min: 1024, Max: 16777216]
      [Entries: 11072, Load: 135.2%, Cached: 0, Added: 28632, Removed: 17560]
      [Resize Count: 3, Shrink Threshold: 5461(66.7%), Grow Threshold: 16384(200.0%)]
      [Rehash Count: 0, Rehash Threshold: 120, Hash Seed: 0x0]
      [Age Threshold: 3]
   [Queue]
      [Dropped: 0]
56.633: [GC pause (G1 Evacuation Pause) (young), 0.0922446 secs]
   [Parallel Time: 91.6 ms, GC Workers: 4]
      [GC Worker Start (ms): Min: 56633.5, Avg: 56633.5, Max: 56633.5, Diff: 0.0]
      [Ext Root Scanning (ms): Min: 0.2, Avg: 0.2, Max: 0.2, Diff: 0.0, Sum: 0.8]
      [Update RS (ms): Min: 19.2, Avg: 19.4, Max: 19.6, Diff: 0.4, Sum: 77.5]
         [Processed Buffers: Min: 31, Avg: 31.3, Max: 32, Diff: 1, Sum: 125]
      [Scan RS (ms): Min: 1.1, Avg: 1.3, Max: 1.6, Diff: 0.4, Sum: 5.4]
      [Code Root Scanning (ms): Min: 0.0, Avg: 0.0, Max: 0.0, Diff: 0.0, Sum: 0.0]
      [Object Copy (ms): Min: 70.6, Avg: 70.7, Max: 70.7, Diff: 0.0, Sum: 282.6]
      [Termination (ms): Min: 0.0, Avg: 0.0, Max: 0.0, Diff: 0.0, Sum: 0.0]
         [Termination Attempts: Min: 4, Avg: 7.5, Max: 11, Diff: 7, Sum: 30]
      [GC Worker Other (ms): Min: 0.0, Avg: 0.0, Max: 0.0, Diff: 0.0, Sum: 0.1]
      [GC Worker Total (ms): Min: 91.6, Avg: 91.6, Max: 91.6, Diff: 0.0, Sum: 366.4]
      [GC Worker End (ms): Min: 56725.1, Avg: 56725.1, Max: 56725.1, Diff: 0.0]
   [Code Root Fixup: 0.0 ms]
   [Code Root Purge: 0.0 ms]
   [String Dedup Fixup: 0.1 ms, GC Workers: 4]
      [Queue Fixup (ms): Min: 0.0, Avg: 0.0, Max: 0.0, Diff: 0.0, Sum: 0.0]
      [Table Fixup (ms): Min: 0.1, Avg: 0.1, Max: 0.1, Diff: 0.0, Sum: 0.4]
   [Clear CT: 0.1 ms]
   [Other: 0.4 ms]
      [Choose CSet: 0.0 ms]
      [Ref Proc: 0.0 ms]
      [Ref Enq: 0.0 ms]
      [Redirty Cards: 0.1 ms]
      [Humongous Register: 0.0 ms]
      [Humongous Reclaim: 0.0 ms]
      [Free CSet: 0.1 ms]
   [Eden: 106.0M(106.0M)->0.0B(86.0M) Survivors: 18.0M->16.0M Heap: 1614.0M(2048.0M)->1548.0M(2048.0M)]
 [Times: user=0.38 sys=0.00, real=0.09 secs] 
56.726: [GC concurrent-string-deduplication, 7648.0B->7488.0B(160.0B), avg 8.2%, 0.0003711 secs]
   [Last Exec: 0.0003711 secs, Idle: 0.2131244 secs, Blocked: 0/0.0000000 secs]
      [Inspected:            7565]
         [Skipped:              0(  0.0%)]
         [Hashed:             159(  2.1%)]
         [Known:             7406( 97.9%)]
         [New:                159(  2.1%)   7648.0B]
      [Deduplicated:            3(  1.9%)    160.0B(  2.1%)]
         [Young:                0(  0.0%)      0.0B(  0.0%)]
         [Old:                  3(100.0%)    160.0B(100.0%)]
   [Total Exec: 139/0.1184682 secs, Idle: 139/56.3847346 secs, Blocked: 0/0.0000000 secs]
      [Inspected:         1123047]
         [Skipped:              0(  0.0%)]
         [Hashed:           24549(  2.2%)]
         [Known:          1097400( 97.7%)]
         [New:              25647(  2.3%)   1276.6K]
      [Deduplicated:         1973(  7.7%)    105.3K(  8.2%)]
         [Young:                8(  0.4%)    424.0B(  0.4%)]
         [Old:               1965( 99.6%)    104.9K( 99.6%)]
   [Table]
      [Memory Usage: 327.2K]
      [Size: 8192, Min: 1024, Max: 16777216]
      [Entries: 11228, Load: 137.1%, Cached: 0, Added: 28788, Removed: 17560]
      [Resize Count: 3, Shrink Threshold: 5461(66.7%), Grow Threshold: 16384(200.0%)]
      [Rehash Count: 0, Rehash Threshold: 120, Hash Seed: 0x0]
      [Age Threshold: 3]
   [Queue]
      [Dropped: 0]
56.818: [GC pause (G1 Evacuation Pause) (young), 0.0881850 secs]
   [Parallel Time: 87.6 ms, GC Workers: 4]
      [GC Worker Start (ms): Min: 56818.3, Avg: 56818.3, Max: 56818.3, Diff: 0.0]
      [Ext Root Scanning (ms): Min: 0.2, Avg: 0.2, Max: 0.2, Diff: 0.0, Sum: 0.8]
      [Update RS (ms): Min: 22.4, Avg: 22.6, Max: 22.9, Diff: 0.5, Sum: 90.6]
         [Processed Buffers: Min: 34, Avg: 34.5, Max: 35, Diff: 1, Sum: 138]
      [Scan RS (ms): Min: 1.5, Avg: 1.8, Max: 2.1, Diff: 0.6, Sum: 7.2]
      [Code Root Scanning (ms): Min: 0.0, Avg: 0.0, Max: 0.0, Diff: 0.0, Sum: 0.0]
      [Object Copy (ms): Min: 63.0, Avg: 63.0, Max: 63.0, Diff: 0.0, Sum: 251.9]
      [Termination (ms): Min: 0.0, Avg: 0.0, Max: 0.0, Diff: 0.0, Sum: 0.0]
         [Termination Attempts: Min: 8, Avg: 11.0, Max: 16, Diff: 8, Sum: 44]
      [GC Worker Other (ms): Min: 0.0, Avg: 0.0, Max: 0.0, Diff: 0.0, Sum: 0.0]
      [GC Worker Total (ms): Min: 87.6, Avg: 87.6, Max: 87.6, Diff: 0.0, Sum: 350.5]
      [GC Worker End (ms): Min: 56906.0, Avg: 56906.0, Max: 56906.0, Diff: 0.0]
   [Code Root Fixup: 0.0 ms]
   [Code Root Purge: 0.0 ms]
   [String Dedup Fixup: 0.1 ms, GC Workers: 4]
      [Queue Fixup (ms): Min: 0.0, Avg: 0.0, Max: 0.0, Diff: 0.0, Sum: 0.0]
      [Table Fixup (ms): Min: 0.1, Avg: 0.1, Max: 0.1, Diff: 0.0, Sum: 0.4]
   [Clear CT: 0.0 ms]
   [Other: 0.3 ms]
      [Choose CSet: 0.0 ms]
      [Ref Proc: 0.0 ms]
      [Ref Enq: 0.0 ms]
      [Redirty Cards: 0.1 ms]
      [Humongous Register: 0.0 ms]
      [Humongous Reclaim: 0.0 ms]
      [Free CSet: 0.1 ms]
   [Eden: 86.0M(86.0M)->0.0B(89.0M) Survivors: 16.0M->13.0M Heap: 1634.0M(2048.0M)->1581.5M(2048.0M)]
 [Times: user=0.38 sys=0.00, real=0.09 secs] 
56.907: [GC concurrent-string-deduplication, 5744.0B->5424.0B(320.0B), avg 8.2%, 0.0002964 secs]
   [Last Exec: 0.0002964 secs, Idle: 0.1804029 secs, Blocked: 0/0.0000000 secs]
      [Inspected:            5719]
         [Skipped:              0(  0.0%)]
         [Hashed:             119(  2.1%)]
         [Known:             5600( 97.9%)]
         [New:                119(  2.1%)   5744.0B]
      [Deduplicated:            6(  5.0%)    320.0B(  5.6%)]
         [Young:                0(  0.0%)      0.0B(  0.0%)]
         [Old:                  6(100.0%)    320.0B(100.0%)]
   [Total Exec: 140/0.1187646 secs, Idle: 140/56.5651375 secs, Blocked: 0/0.0000000 secs]
      [Inspected:         1128766]
         [Skipped:              0(  0.0%)]
         [Hashed:           24668(  2.2%)]
         [Known:          1103000( 97.7%)]
         [New:              25766(  2.3%)   1282.2K]
      [Deduplicated:         1979(  7.7%)    105.6K(  8.2%)]
         [Young:                8(  0.4%)    424.0B(  0.4%)]
         [Old:               1971( 99.6%)    105.2K( 99.6%)]
   [Table]
      [Memory Usage: 329.8K]
      [Size: 8192, Min: 1024, Max: 16777216]
      [Entries: 11341, Load: 138.4%, Cached: 0, Added: 28901, Removed: 17560]
      [Resize Count: 3, Shrink Threshold: 5461(66.7%), Grow Threshold: 16384(200.0%)]
      [Rehash Count: 0, Rehash Threshold: 120, Hash Seed: 0x0]
      [Age Threshold: 3]
   [Queue]
      [Dropped: 0]
56.998: [GC pause (G1 Evacuation Pause) (young), 0.0810787 secs]
   [Parallel Time: 80.5 ms, GC Workers: 4]
      [GC Worker Start (ms): Min: 56997.9, Avg: 56997.9, Max: 56997.9, Diff: 0.0]
      [Ext Root Scanning (ms): Min: 0.2, Avg: 0.2, Max: 0.2, Diff: 0.0, Sum: 0.8]
      [Update RS (ms): Min: 20.2, Avg: 20.4, Max: 20.5, Diff: 0.2, Sum: 81.4]
         [Processed Buffers: Min: 30, Avg: 31.0, Max: 32, Diff: 2, Sum: 124]
      [Scan RS (ms): Min: 0.5, Avg: 0.6, Max: 0.7, Diff: 0.2, Sum: 2.2]
      [Code Root Scanning (ms): Min: 0.0, Avg: 0.0, Max: 0.0, Diff: 0.0, Sum: 0.0]
      [Object Copy (ms): Min: 59.3, Avg: 59.4, Max: 59.4, Diff: 0.0, Sum: 237.4]
      [Termination (ms): Min: 0.0, Avg: 0.0, Max: 0.0, Diff: 0.0, Sum: 0.0]
         [Termination Attempts: Min: 3, Avg: 3.5, Max: 5, Diff: 2, Sum: 14]
      [GC Worker Other (ms): Min: 0.0, Avg: 0.0, Max: 0.0, Diff: 0.0, Sum: 0.1]
      [GC Worker Total (ms): Min: 80.5, Avg: 80.5, Max: 80.5, Diff: 0.0, Sum: 322.0]
      [GC Worker End (ms): Min: 57078.4, Avg: 57078.4, Max: 57078.4, Diff: 0.0]
   [Code Root Fixup: 0.0 ms]
   [Code Root Purge: 0.0 ms]
   [String Dedup Fixup: 0.1 ms, GC Workers: 4]
      [Queue Fixup (ms): Min: 0.0, Avg: 0.0, Max: 0.0, Diff: 0.0, Sum: 0.0]
      [Table Fixup (ms): Min: 0.1, Avg: 0.1, Max: 0.1, Diff: 0.0, Sum: 0.4]
   [Clear CT: 0.0 ms]
   [Other: 0.4 ms]
      [Choose CSet: 0.0 ms]
      [Ref Proc: 0.0 ms]
      [Ref Enq: 0.0 ms]
      [Redirty Cards: 0.1 ms]
      [Humongous Register: 0.0 ms]
      [Humongous Reclaim: 0.0 ms]
      [Free CSet: 0.1 ms]
   [Eden: 89.0M(89.0M)->0.0B(89.0M) Survivors: 13.0M->13.0M Heap: 1670.5M(2048.0M)->1613.5M(2048.0M)]
 [Times: user=0.31 sys=0.00, real=0.08 secs] 
57.079: [GC concurrent-string-deduplication, 6432.0B->6432.0B(0.0B), avg 8.2%, 0.0003586 secs]
   [Last Exec: 0.0003586 secs, Idle: 0.1721339 secs, Blocked: 0/0.0000000 secs]
      [Inspected:            7486]
         [Skipped:              0(  0.0%)]
         [Hashed:             134(  1.8%)]
         [Known:             7352( 98.2%)]
         [New:                134(  1.8%)   6432.0B]
      [Deduplicated:            0(  0.0%)      0.0B(  0.0%)]
         [Young:                0(  0.0%)      0.0B(  0.0%)]
         [Old:                  0(  0.0%)      0.0B(  0.0%)]
   [Total Exec: 141/0.1191231 secs, Idle: 141/56.7372714 secs, Blocked: 0/0.0000000 secs]
      [Inspected:         1136252]
         [Skipped:              0(  0.0%)]
         [Hashed:           24802(  2.2%)]
         [Known:          1110352( 97.7%)]
         [New:              25900(  2.3%)   1288.5K]
      [Deduplicated:         1979(  7.6%)    105.6K(  8.2%)]
         [Young:                8(  0.4%)    424.0B(  0.4%)]
         [Old:               1971( 99.6%)    105.2K( 99.6%)]
   [Table]
      [Memory Usage: 332.9K]
      [Size: 8192, Min: 1024, Max: 16777216]
      [Entries: 11475, Load: 140.1%, Cached: 0, Added: 29035, Removed: 17560]
      [Resize Count: 3, Shrink Threshold: 5461(66.7%), Grow Threshold: 16384(200.0%)]
      [Rehash Count: 0, Rehash Threshold: 120, Hash Seed: 0x0]
      [Age Threshold: 3]
   [Queue]
      [Dropped: 0]
57.179: [GC pause (G1 Evacuation Pause) (young), 0.0698336 secs]
   [Parallel Time: 69.4 ms, GC Workers: 4]
      [GC Worker Start (ms): Min: 57179.1, Avg: 57179.2, Max: 57179.2, Diff: 0.0]
      [Ext Root Scanning (ms): Min: 0.2, Avg: 0.2, Max: 0.2, Diff: 0.0, Sum: 0.9]
      [Update RS (ms): Min: 16.0, Avg: 16.2, Max: 16.5, Diff: 0.6, Sum: 64.9]
         [Processed Buffers: Min: 26, Avg: 27.5, Max: 28, Diff: 2, Sum: 110]
      [Scan RS (ms): Min: 0.0, Avg: 0.0, Max: 0.1, Diff: 0.1, Sum: 0.1]
      [Code Root Scanning (ms): Min: 0.0, Avg: 0.0, Max: 0.0, Diff: 0.0, Sum: 0.0]
      [Object Copy (ms): Min: 52.4, Avg: 52.7, Max: 52.9, Diff: 0.5, Sum: 210.7]
      [Termination (ms): Min: 0.0, Avg: 0.0, Max: 0.0, Diff: 0.0, Sum: 0.0]
         [Termination Attempts: Min: 19, Avg: 21.5, Max: 24, Diff: 5, Sum: 86]
      [GC Worker Other (ms): Min: 0.0, Avg: 0.1, Max: 0.2, Diff: 0.2, Sum: 0.2]
      [GC Worker Total (ms): Min: 69.1, Avg: 69.2, Max: 69.3, Diff: 0.2, Sum: 276.8]
      [GC Worker End (ms): Min: 57248.3, Avg: 57248.3, Max: 57248.5, Diff: 0.2]
   [Code Root Fixup: 0.0 ms]
   [Code Root Purge: 0.0 ms]
   [String Dedup Fixup: 0.1 ms, GC Workers: 4]
      [Queue Fixup (ms): Min: 0.0, Avg: 0.0, Max: 0.0, Diff: 0.0, Sum: 0.0]
      [Table Fixup (ms): Min: 0.1, Avg: 0.1, Max: 0.1, Diff: 0.0, Sum: 0.4]
   [Clear CT: 0.0 ms]
   [Other: 0.3 ms]
      [Choose CSet: 0.0 ms]
      [Ref Proc: 0.0 ms]
      [Ref Enq: 0.0 ms]
      [Redirty Cards: 0.1 ms]
      [Humongous Register: 0.0 ms]
      [Humongous Reclaim: 0.0 ms]
      [Free CSet: 0.1 ms]
   [Eden: 89.0M(89.0M)->0.0B(89.0M) Survivors: 13.0M->13.0M Heap: 1702.5M(2048.0M)->1647.1M(2048.0M)]
 [Times: user=0.31 sys=0.00, real=0.07 secs] 
57.249: [GC concurrent-string-deduplication, 5120.0B->4800.0B(320.0B), avg 8.2%, 0.0002364 secs]
   [Last Exec: 0.0002364 secs, Idle: 0.1695513 secs, Blocked: 0/0.0000000 secs]
      [Inspected:            4883]
         [Skipped:              0(  0.0%)]
         [Hashed:             106(  2.2%)]
         [Known:             4777( 97.8%)]
         [New:                106(  2.2%)   5120.0B]
      [Deduplicated:            6(  5.7%)    320.0B(  6.3%)]
         [Young:                0(  0.0%)      0.0B(  0.0%)]
         [Old:                  6(100.0%)    320.0B(100.0%)]
   [Total Exec: 142/0.1193595 secs, Idle: 142/56.9068227 secs, Blocked: 0/0.0000000 secs]
      [Inspected:         1141135]
         [Skipped:              0(  0.0%)]
         [Hashed:           24908(  2.2%)]
         [Known:          1115129( 97.7%)]
         [New:              26006(  2.3%)   1293.5K]
      [Deduplicated:         1985(  7.6%)    105.9K(  8.2%)]
         [Young:                8(  0.4%)    424.0B(  0.4%)]
         [Old:               1977( 99.6%)    105.5K( 99.6%)]
   [Table]
      [Memory Usage: 335.3K]
      [Size: 8192, Min: 1024, Max: 16777216]
      [Entries: 11575, Load: 141.3%, Cached: 0, Added: 29135, Removed: 17560]
      [Resize Count: 3, Shrink Threshold: 5461(66.7%), Grow Threshold: 16384(200.0%)]
      [Rehash Count: 0, Rehash Threshold: 120, Hash Seed: 0x0]
      [Age Threshold: 3]
   [Queue]
      [Dropped: 0]
57.332: [GC pause (G1 Evacuation Pause) (young), 0.0806437 secs]
   [Parallel Time: 80.2 ms, GC Workers: 4]
      [GC Worker Start (ms): Min: 57332.4, Avg: 57332.4, Max: 57332.4, Diff: 0.0]
      [Ext Root Scanning (ms): Min: 0.2, Avg: 0.2, Max: 0.2, Diff: 0.0, Sum: 0.8]
      [Update RS (ms): Min: 18.3, Avg: 18.5, Max: 18.8, Diff: 0.6, Sum: 74.1]
         [Processed Buffers: Min: 30, Avg: 30.0, Max: 30, Diff: 0, Sum: 120]
      [Scan RS (ms): Min: 0.0, Avg: 0.0, Max: 0.1, Diff: 0.1, Sum: 0.1]
      [Code Root Scanning (ms): Min: 0.0, Avg: 0.0, Max: 0.0, Diff: 0.0, Sum: 0.0]
      [Object Copy (ms): Min: 61.1, Avg: 61.3, Max: 61.5, Diff: 0.5, Sum: 245.3]
      [Termination (ms): Min: 0.0, Avg: 0.0, Max: 0.0, Diff: 0.0, Sum: 0.1]
         [Termination Attempts: Min: 1, Avg: 13.5, Max: 20, Diff: 19, Sum: 54]
      [GC Worker Other (ms): Min: 0.0, Avg: 0.0, Max: 0.0, Diff: 0.0, Sum: 0.0]
      [GC Worker Total (ms): Min: 80.1, Avg: 80.1, Max: 80.1, Diff: 0.0, Sum: 320.5]
      [GC Worker End (ms): Min: 57412.5, Avg: 57412.5, Max: 57412.5, Diff: 0.0]
   [Code Root Fixup: 0.0 ms]
   [Code Root Purge: 0.0 ms]
   [String Dedup Fixup: 0.1 ms, GC Workers: 4]
      [Queue Fixup (ms): Min: 0.0, Avg: 0.0, Max: 0.0, Diff: 0.0, Sum: 0.0]
      [Table Fixup (ms): Min: 0.1, Avg: 0.1, Max: 0.1, Diff: 0.0, Sum: 0.4]
   [Clear CT: 0.0 ms]
   [Other: 0.3 ms]
      [Choose CSet: 0.0 ms]
      [Ref Proc: 0.1 ms]
      [Ref Enq: 0.0 ms]
      [Redirty Cards: 0.1 ms]
      [Humongous Register: 0.0 ms]
      [Humongous Reclaim: 0.0 ms]
      [Free CSet: 0.1 ms]
   [Eden: 89.0M(89.0M)->0.0B(89.0M) Survivors: 13.0M->13.0M Heap: 1736.1M(2048.0M)->1679.5M(2048.0M)]
 [Times: user=0.28 sys=0.00, real=0.08 secs] 
57.413: [GC concurrent-string-deduplication, 7632.0B->7632.0B(0.0B), avg 8.1%, 0.0004035 secs]
   [Last Exec: 0.0004035 secs, Idle: 0.1637668 secs, Blocked: 0/0.0000000 secs]
      [Inspected:            8520]
         [Skipped:              0(  0.0%)]
         [Hashed:             159(  1.9%)]
         [Known:             8361( 98.1%)]
         [New:                159(  1.9%)   7632.0B]
      [Deduplicated:            0(  0.0%)      0.0B(  0.0%)]
         [Young:                0(  0.0%)      0.0B(  0.0%)]
         [Old:                  0(  0.0%)      0.0B(  0.0%)]
   [Total Exec: 143/0.1197630 secs, Idle: 143/57.0705895 secs, Blocked: 0/0.0000000 secs]
      [Inspected:         1149655]
         [Skipped:              0(  0.0%)]
         [Hashed:           25067(  2.2%)]
         [Known:          1123490( 97.7%)]
         [New:              26165(  2.3%)   1300.9K]
      [Deduplicated:         1985(  7.6%)    105.9K(  8.1%)]
         [Young:                8(  0.4%)    424.0B(  0.4%)]
         [Old:               1977( 99.6%)    105.5K( 99.6%)]
   [Table]
      [Memory Usage: 339.0K]
      [Size: 8192, Min: 1024, Max: 16777216]
      [Entries: 11734, Load: 143.2%, Cached: 0, Added: 29294, Removed: 17560]
      [Resize Count: 3, Shrink Threshold: 5461(66.7%), Grow Threshold: 16384(200.0%)]
      [Rehash Count: 0, Rehash Threshold: 120, Hash Seed: 0x0]
      [Age Threshold: 3]
   [Queue]
      [Dropped: 0]
57.499: [GC pause (G1 Evacuation Pause) (young), 0.0743432 secs]
   [Parallel Time: 73.9 ms, GC Workers: 4]
      [GC Worker Start (ms): Min: 57498.8, Avg: 57498.8, Max: 57498.9, Diff: 0.0]
      [Ext Root Scanning (ms): Min: 0.2, Avg: 0.2, Max: 0.2, Diff: 0.0, Sum: 0.8]
      [Update RS (ms): Min: 25.0, Avg: 25.1, Max: 25.2, Diff: 0.2, Sum: 100.3]
         [Processed Buffers: Min: 43, Avg: 45.3, Max: 47, Diff: 4, Sum: 181]
      [Scan RS (ms): Min: 0.0, Avg: 0.0, Max: 0.0, Diff: 0.0, Sum: 0.1]
      [Code Root Scanning (ms): Min: 0.0, Avg: 0.0, Max: 0.0, Diff: 0.0, Sum: 0.0]
      [Object Copy (ms): Min: 48.5, Avg: 48.6, Max: 48.7, Diff: 0.2, Sum: 194.2]
      [Termination (ms): Min: 0.0, Avg: 0.0, Max: 0.0, Diff: 0.0, Sum: 0.0]
         [Termination Attempts: Min: 8, Avg: 11.0, Max: 12, Diff: 4, Sum: 44]
      [GC Worker Other (ms): Min: 0.0, Avg: 0.0, Max: 0.0, Diff: 0.0, Sum: 0.0]
      [GC Worker Total (ms): Min: 73.8, Avg: 73.9, Max: 73.9, Diff: 0.0, Sum: 295.4]
      [GC Worker End (ms): Min: 57572.7, Avg: 57572.7, Max: 57572.7, Diff: 0.0]
   [Code Root Fixup: 0.0 ms]
   [Code Root Purge: 0.0 ms]
   [String Dedup Fixup: 0.1 ms, GC Workers: 4]
      [Queue Fixup (ms): Min: 0.0, Avg: 0.0, Max: 0.0, Diff: 0.0, Sum: 0.0]
      [Table Fixup (ms): Min: 0.1, Avg: 0.1, Max: 0.1, Diff: 0.0, Sum: 0.5]
   [Clear CT: 0.0 ms]
   [Other: 0.3 ms]
      [Choose CSet: 0.0 ms]
      [Ref Proc: 0.0 ms]
      [Ref Enq: 0.0 ms]
      [Redirty Cards: 0.1 ms]
      [Humongous Register: 0.0 ms]
      [Humongous Reclaim: 0.0 ms]
      [Free CSet: 0.1 ms]
   [Eden: 89.0M(89.0M)->0.0B(89.0M) Survivors: 13.0M->13.0M Heap: 1768.5M(2048.0M)->1712.7M(2048.0M)]
 [Times: user=0.25 sys=0.00, real=0.07 secs] 
57.574: [GC concurrent-string-deduplication, 5120.0B->4800.0B(320.0B), avg 8.1%, 0.0002220 secs]
   [Last Exec: 0.0002220 secs, Idle: 0.1597582 secs, Blocked: 0/0.0000000 secs]
      [Inspected:            4404]
         [Skipped:              0(  0.0%)]
         [Hashed:             106(  2.4%)]
         [Known:             4298( 97.6%)]
         [New:                106(  2.4%)   5120.0B]
      [Deduplicated:            6(  5.7%)    320.0B(  6.3%)]
         [Young:                0(  0.0%)      0.0B(  0.0%)]
         [Old:                  6(100.0%)    320.0B(100.0%)]
   [Total Exec: 144/0.1199850 secs, Idle: 144/57.2303478 secs, Blocked: 0/0.0000000 secs]
      [Inspected:         1154059]
         [Skipped:              0(  0.0%)]
         [Hashed:           25173(  2.2%)]
         [Known:          1127788( 97.7%)]
         [New:              26271(  2.3%)   1305.9K]
      [Deduplicated:         1991(  7.6%)    106.2K(  8.1%)]
         [Young:                8(  0.4%)    424.0B(  0.4%)]
         [Old:               1983( 99.6%)    105.8K( 99.6%)]
   [Table]
      [Memory Usage: 341.4K]
      [Size: 8192, Min: 1024, Max: 16777216]
      [Entries: 11834, Load: 144.5%, Cached: 0, Added: 29394, Removed: 17560]
      [Resize Count: 3, Shrink Threshold: 5461(66.7%), Grow Threshold: 16384(200.0%)]
      [Rehash Count: 0, Rehash Threshold: 120, Hash Seed: 0x0]
      [Age Threshold: 3]
   [Queue]
      [Dropped: 0]
57.670: [GC pause (G1 Evacuation Pause) (young), 0.0701755 secs]
   [Parallel Time: 69.6 ms, GC Workers: 4]
      [GC Worker Start (ms): Min: 57669.8, Avg: 57669.8, Max: 57669.8, Diff: 0.0]
      [Ext Root Scanning (ms): Min: 0.2, Avg: 0.2, Max: 0.2, Diff: 0.0, Sum: 0.8]
      [Update RS (ms): Min: 17.1, Avg: 17.1, Max: 17.2, Diff: 0.1, Sum: 68.5]
         [Processed Buffers: Min: 27, Avg: 29.8, Max: 32, Diff: 5, Sum: 119]
      [Scan RS (ms): Min: 0.8, Avg: 0.9, Max: 1.0, Diff: 0.1, Sum: 3.7]
      [Code Root Scanning (ms): Min: 0.0, Avg: 0.0, Max: 0.0, Diff: 0.0, Sum: 0.0]
      [Object Copy (ms): Min: 51.3, Avg: 51.3, Max: 51.3, Diff: 0.0, Sum: 205.3]
      [Termination (ms): Min: 0.0, Avg: 0.0, Max: 0.0, Diff: 0.0, Sum: 0.0]
         [Termination Attempts: Min: 7, Avg: 8.3, Max: 9, Diff: 2, Sum: 33]
      [GC Worker Other (ms): Min: 0.0, Avg: 0.0, Max: 0.0, Diff: 0.0, Sum: 0.0]
      [GC Worker Total (ms): Min: 69.6, Avg: 69.6, Max: 69.6, Diff: 0.0, Sum: 278.3]
      [GC Worker End (ms): Min: 57739.4, Avg: 57739.4, Max: 57739.4, Diff: 0.0]
   [Code Root Fixup: 0.0 ms]
   [Code Root Purge: 0.0 ms]
   [String Dedup Fixup: 0.1 ms, GC Workers: 4]
      [Queue Fixup (ms): Min: 0.0, Avg: 0.0, Max: 0.0, Diff: 0.0, Sum: 0.0]
      [Table Fixup (ms): Min: 0.1, Avg: 0.1, Max: 0.1, Diff: 0.0, Sum: 0.5]
   [Clear CT: 0.0 ms]
   [Other: 0.4 ms]
      [Choose CSet: 0.0 ms]
      [Ref Proc: 0.0 ms]
      [Ref Enq: 0.0 ms]
      [Redirty Cards: 0.1 ms]
      [Humongous Register: 0.0 ms]
      [Humongous Reclaim: 0.0 ms]
      [Free CSet: 0.1 ms]
   [Eden: 89.0M(89.0M)->0.0B(89.0M) Survivors: 13.0M->13.0M Heap: 1801.7M(2048.0M)->1747.2M(2048.0M)]
 [Times: user=0.25 sys=0.00, real=0.07 secs] 
57.740: [GC concurrent-string-deduplication, 5584.0B->5424.0B(160.0B), avg 8.1%, 0.0002967 secs]
   [Last Exec: 0.0002967 secs, Idle: 0.1664530 secs, Blocked: 0/0.0000000 secs]
      [Inspected:            5947]
         [Skipped:              0(  0.0%)]
         [Hashed:             116(  2.0%)]
         [Known:             5831( 98.0%)]
         [New:                116(  2.0%)   5584.0B]
      [Deduplicated:            3(  2.6%)    160.0B(  2.9%)]
         [Young:                0(  0.0%)      0.0B(  0.0%)]
         [Old:                  3(100.0%)    160.0B(100.0%)]
   [Total Exec: 145/0.1202816 secs, Idle: 145/57.3968008 secs, Blocked: 0/0.0000000 secs]
      [Inspected:         1160006]
         [Skipped:              0(  0.0%)]
         [Hashed:           25289(  2.2%)]
         [Known:          1133619( 97.7%)]
         [New:              26387(  2.3%)   1311.4K]
      [Deduplicated:         1994(  7.6%)    106.4K(  8.1%)]
         [Young:                8(  0.4%)    424.0B(  0.4%)]
         [Old:               1986( 99.6%)    106.0K( 99.6%)]
   [Table]
      [Memory Usage: 344.0K]
      [Size: 8192, Min: 1024, Max: 16777216]
      [Entries: 11947, Load: 145.8%, Cached: 0, Added: 29507, Removed: 17560]
      [Resize Count: 3, Shrink Threshold: 5461(66.7%), Grow Threshold: 16384(200.0%)]
      [Rehash Count: 0, Rehash Threshold: 120, Hash Seed: 0x0]
      [Age Threshold: 3]
   [Queue]
      [Dropped: 0]
57.833: [GC pause (G1 Evacuation Pause) (young) (to-space exhausted), 0.0910905 secs]
   [Parallel Time: 83.8 ms, GC Workers: 4]
      [GC Worker Start (ms): Min: 57832.9, Avg: 57832.9, Max: 57832.9, Diff: 0.0]
      [Ext Root Scanning (ms): Min: 0.2, Avg: 0.2, Max: 0.2, Diff: 0.0, Sum: 0.8]
      [Update RS (ms): Min: 20.2, Avg: 20.5, Max: 20.7, Diff: 0.6, Sum: 81.8]
         [Processed Buffers: Min: 31, Avg: 32.3, Max: 33, Diff: 2, Sum: 129]
      [Scan RS (ms): Min: 0.0, Avg: 0.2, Max: 0.5, Diff: 0.5, Sum: 1.0]
      [Code Root Scanning (ms): Min: 0.0, Avg: 0.0, Max: 0.0, Diff: 0.0, Sum: 0.0]
      [Object Copy (ms): Min: 61.7, Avg: 62.0, Max: 62.8, Diff: 1.2, Sum: 248.1]
      [Termination (ms): Min: 0.0, Avg: 0.9, Max: 1.2, Diff: 1.2, Sum: 3.5]
         [Termination Attempts: Min: 1, Avg: 1.0, Max: 1, Diff: 0, Sum: 4]
      [GC Worker Other (ms): Min: 0.0, Avg: 0.0, Max: 0.0, Diff: 0.0, Sum: 0.0]
      [GC Worker Total (ms): Min: 83.8, Avg: 83.8, Max: 83.8, Diff: 0.0, Sum: 335.2]
      [GC Worker End (ms): Min: 57916.7, Avg: 57916.7, Max: 57916.7, Diff: 0.0]
   [Code Root Fixup: 0.0 ms]
   [Code Root Purge: 0.0 ms]
   [String Dedup Fixup: 0.1 ms, GC Workers: 4]
      [Queue Fixup (ms): Min: 0.0, Avg: 0.0, Max: 0.0, Diff: 0.0, Sum: 0.0]
      [Table Fixup (ms): Min: 0.1, Avg: 0.1, Max: 0.1, Diff: 0.0, Sum: 0.4]
   [Clear CT: 0.0 ms]
   [Other: 7.1 ms]
      [Evacuation Failure: 6.8 ms]
      [Choose CSet: 0.0 ms]
      [Ref Proc: 0.0 ms]
      [Ref Enq: 0.0 ms]
      [Redirty Cards: 0.1 ms]
      [Humongous Register: 0.0 ms]
      [Humongous Reclaim: 0.0 ms]
      [Free CSet: 0.1 ms]
   [Eden: 89.0M(89.0M)->0.0B(93.0M) Survivors: 13.0M->9216.0K Heap: 1836.2M(2048.0M)->1817.5M(2048.0M)]
 [Times: user=0.28 sys=0.00, real=0.09 secs] 
57.924: [GC concurrent-string-deduplication, 2160.0B->2160.0B(0.0B), avg 8.1%, 0.0001328 secs]
   [Last Exec: 0.0001328 secs, Idle: 0.1837495 secs, Blocked: 0/0.0000000 secs]
      [Inspected:            2542]
         [Skipped:              0(  0.0%)]
         [Hashed:              45(  1.8%)]
         [Known:             2497( 98.2%)]
         [New:                 45(  1.8%)   2160.0B]
      [Deduplicated:            0(  0.0%)      0.0B(  0.0%)]
         [Young:                0(  0.0%)      0.0B(  0.0%)]
         [Old:                  0(  0.0%)      0.0B(  0.0%)]
   [Total Exec: 146/0.1204144 secs, Idle: 146/57.5805503 secs, Blocked: 0/0.0000000 secs]
      [Inspected:         1162548]
         [Skipped:              0(  0.0%)]
         [Hashed:           25334(  2.2%)]
         [Known:          1136116( 97.7%)]
         [New:              26432(  2.3%)   1313.5K]
      [Deduplicated:         1994(  7.5%)    106.4K(  8.1%)]
         [Young:                8(  0.4%)    424.0B(  0.4%)]
         [Old:               1986( 99.6%)    106.0K( 99.6%)]
   [Table]
      [Memory Usage: 345.1K]
      [Size: 8192, Min: 1024, Max: 16777216]
      [Entries: 11992, Load: 146.4%, Cached: 0, Added: 29552, Removed: 17560]
      [Resize Count: 3, Shrink Threshold: 5461(66.7%), Grow Threshold: 16384(200.0%)]
      [Rehash Count: 0, Rehash Threshold: 120, Hash Seed: 0x0]
      [Age Threshold: 3]
   [Queue]
      [Dropped: 0]
57.978: [GC pause (G1 Evacuation Pause) (young) (to-space exhausted), 0.0623190 secs]
   [Parallel Time: 54.4 ms, GC Workers: 4]
      [GC Worker Start (ms): Min: 57977.7, Avg: 57977.7, Max: 57977.7, Diff: 0.0]
      [Ext Root Scanning (ms): Min: 0.2, Avg: 0.2, Max: 0.2, Diff: 0.0, Sum: 0.8]
      [Update RS (ms): Min: 0.0, Avg: 12.0, Max: 16.0, Diff: 16.0, Sum: 47.8]
         [Processed Buffers: Min: 0, Avg: 29.3, Max: 40, Diff: 40, Sum: 117]
      [Scan RS (ms): Min: 0.0, Avg: 2.4, Max: 3.2, Diff: 3.2, Sum: 9.5]
      [Code Root Scanning (ms): Min: 0.0, Avg: 0.0, Max: 0.0, Diff: 0.0, Sum: 0.0]
      [Object Copy (ms): Min: 35.0, Avg: 39.8, Max: 54.2, Diff: 19.2, Sum: 159.4]
      [Termination (ms): Min: 0.0, Avg: 0.0, Max: 0.0, Diff: 0.0, Sum: 0.1]
         [Termination Attempts: Min: 1, Avg: 220.3, Max: 313, Diff: 312, Sum: 881]
      [GC Worker Other (ms): Min: 0.0, Avg: 0.0, Max: 0.0, Diff: 0.0, Sum: 0.0]
      [GC Worker Total (ms): Min: 54.4, Avg: 54.4, Max: 54.4, Diff: 0.0, Sum: 217.7]
      [GC Worker End (ms): Min: 58032.1, Avg: 58032.1, Max: 58032.1, Diff: 0.0]
   [Code Root Fixup: 0.0 ms]
   [Code Root Purge: 0.0 ms]
   [String Dedup Fixup: 0.1 ms, GC Workers: 4]
      [Queue Fixup (ms): Min: 0.0, Avg: 0.0, Max: 0.0, Diff: 0.0, Sum: 0.0]
      [Table Fixup (ms): Min: 0.1, Avg: 0.1, Max: 0.1, Diff: 0.0, Sum: 0.4]
   [Clear CT: 0.0 ms]
   [Other: 7.7 ms]
      [Evacuation Failure: 7.5 ms]
      [Choose CSet: 0.0 ms]
      [Ref Proc: 0.0 ms]
      [Ref Enq: 0.0 ms]
      [Redirty Cards: 0.1 ms]
      [Humongous Register: 0.0 ms]
      [Humongous Reclaim: 0.0 ms]
      [Free CSet: 0.0 ms]
   [Eden: 41.0M(93.0M)->0.0B(102.0M) Survivors: 9216.0K->0.0B Heap: 1858.5M(2048.0M)->1852.5M(2048.0M)]
 [Times: user=0.20 sys=0.00, real=0.06 secs] 
58.058: [GC pause (G1 Evacuation Pause) (young) (to-space exhausted), 0.0224501 secs]
   [Parallel Time: 21.3 ms, GC Workers: 4]
      [GC Worker Start (ms): Min: 58057.8, Avg: 58057.8, Max: 58057.8, Diff: 0.0]
      [Ext Root Scanning (ms): Min: 0.2, Avg: 0.2, Max: 0.2, Diff: 0.0, Sum: 0.8]
      [Update RS (ms): Min: 16.9, Avg: 17.4, Max: 17.8, Diff: 0.9, Sum: 69.7]
         [Processed Buffers: Min: 30, Avg: 36.0, Max: 45, Diff: 15, Sum: 144]
      [Scan RS (ms): Min: 0.0, Avg: 0.0, Max: 0.0, Diff: 0.0, Sum: 0.0]
      [Code Root Scanning (ms): Min: 0.0, Avg: 0.0, Max: 0.0, Diff: 0.0, Sum: 0.0]
      [Object Copy (ms): Min: 3.0, Avg: 3.2, Max: 3.5, Diff: 0.4, Sum: 12.9]
      [Termination (ms): Min: 0.0, Avg: 0.4, Max: 0.6, Diff: 0.6, Sum: 1.5]
         [Termination Attempts: Min: 1, Avg: 1.0, Max: 1, Diff: 0, Sum: 4]
      [GC Worker Other (ms): Min: 0.0, Avg: 0.0, Max: 0.0, Diff: 0.0, Sum: 0.0]
      [GC Worker Total (ms): Min: 21.2, Avg: 21.2, Max: 21.2, Diff: 0.0, Sum: 85.0]
      [GC Worker End (ms): Min: 58079.0, Avg: 58079.0, Max: 58079.1, Diff: 0.0]
   [Code Root Fixup: 0.0 ms]
   [Code Root Purge: 0.0 ms]
   [String Dedup Fixup: 0.1 ms, GC Workers: 4]
      [Queue Fixup (ms): Min: 0.0, Avg: 0.0, Max: 0.0, Diff: 0.0, Sum: 0.0]
      [Table Fixup (ms): Min: 0.1, Avg: 0.1, Max: 0.1, Diff: 0.0, Sum: 0.4]
   [Clear CT: 0.0 ms]
   [Other: 1.0 ms]
      [Evacuation Failure: 0.9 ms]
      [Choose CSet: 0.0 ms]
      [Ref Proc: 0.0 ms]
      [Ref Enq: 0.0 ms]
      [Redirty Cards: 0.0 ms]
      [Humongous Register: 0.0 ms]
      [Humongous Reclaim: 0.0 ms]
      [Free CSet: 0.0 ms]
   [Eden: 6144.0K(102.0M)->0.0B(102.0M) Survivors: 0.0B->0.0B Heap: 1858.5M(2048.0M)->1857.5M(2048.0M)]
 [Times: user=0.11 sys=0.00, real=0.02 secs] 
58.081: [GC pause (G1 Evacuation Pause) (young) (to-space exhausted), 0.0033322 secs]
   [Parallel Time: 2.5 ms, GC Workers: 4]
      [GC Worker Start (ms): Min: 58081.5, Avg: 58081.5, Max: 58081.5, Diff: 0.0]
      [Ext Root Scanning (ms): Min: 0.2, Avg: 0.2, Max: 0.2, Diff: 0.0, Sum: 0.8]
      [Update RS (ms): Min: 1.3, Avg: 1.7, Max: 1.9, Diff: 0.6, Sum: 6.7]
         [Processed Buffers: Min: 5, Avg: 6.0, Max: 7, Diff: 2, Sum: 24]
      [Scan RS (ms): Min: 0.0, Avg: 0.0, Max: 0.0, Diff: 0.0, Sum: 0.0]
      [Code Root Scanning (ms): Min: 0.0, Avg: 0.0, Max: 0.0, Diff: 0.0, Sum: 0.0]
      [Object Copy (ms): Min: 0.0, Avg: 0.2, Max: 0.9, Diff: 0.9, Sum: 1.0]
      [Termination (ms): Min: 0.0, Avg: 0.3, Max: 0.5, Diff: 0.5, Sum: 1.3]
         [Termination Attempts: Min: 1, Avg: 1.0, Max: 1, Diff: 0, Sum: 4]
      [GC Worker Other (ms): Min: 0.0, Avg: 0.0, Max: 0.0, Diff: 0.0, Sum: 0.0]
      [GC Worker Total (ms): Min: 2.4, Avg: 2.4, Max: 2.4, Diff: 0.0, Sum: 9.8]
      [GC Worker End (ms): Min: 58084.0, Avg: 58084.0, Max: 58084.0, Diff: 0.0]
   [Code Root Fixup: 0.0 ms]
   [Code Root Purge: 0.0 ms]
   [String Dedup Fixup: 0.1 ms, GC Workers: 4]
      [Queue Fixup (ms): Min: 0.0, Avg: 0.0, Max: 0.0, Diff: 0.0, Sum: 0.0]
      [Table Fixup (ms): Min: 0.1, Avg: 0.1, Max: 0.1, Diff: 0.0, Sum: 0.4]
   [Clear CT: 0.0 ms]
   [Other: 0.7 ms]
      [Evacuation Failure: 0.6 ms]
      [Choose CSet: 0.0 ms]
      [Ref Proc: 0.0 ms]
      [Ref Enq: 0.0 ms]
      [Redirty Cards: 0.0 ms]
      [Humongous Register: 0.0 ms]
      [Humongous Reclaim: 0.0 ms]
      [Free CSet: 0.0 ms]
   [Eden: 1024.0K(102.0M)->0.0B(102.0M) Survivors: 0.0B->0.0B Heap: 1858.5M(2048.0M)->1858.5M(2048.0M)]
 [Times: user=0.00 sys=0.00, real=0.00 secs] 
58.085: [Full GC (Allocation Failure)  1858M->1185M(2048M), 1.6787442 secs]
   [Eden: 0.0B(102.0M)->0.0B(340.0M) Survivors: 0.0B->0.0B Heap: 1858.5M(2048.0M)->1185.2M(2048.0M)], [Metaspace: 9298K->9298K(1058816K)]
 [Times: user=3.38 sys=0.02, real=1.68 secs] 
59.764: [GC concurrent-mark-abort]
60.060: [GC pause (G1 Evacuation Pause) (young), 0.1496078 secs]
   [Parallel Time: 148.8 ms, GC Workers: 4]
      [GC Worker Start (ms): Min: 60059.6, Avg: 60060.5, Max: 60062.9, Diff: 3.3]
      [Ext Root Scanning (ms): Min: 0.0, Avg: 0.2, Max: 0.3, Diff: 0.2, Sum: 0.8]
      [Update RS (ms): Min: 0.0, Avg: 0.0, Max: 0.1, Diff: 0.1, Sum: 0.1]
         [Processed Buffers: Min: 0, Avg: 1.0, Max: 2, Diff: 2, Sum: 4]
      [Scan RS (ms): Min: 0.0, Avg: 0.1, Max: 0.1, Diff: 0.1, Sum: 0.2]
      [Code Root Scanning (ms): Min: 0.0, Avg: 0.0, Max: 0.0, Diff: 0.0, Sum: 0.0]
      [Object Copy (ms): Min: 145.3, Avg: 147.6, Max: 148.4, Diff: 3.1, Sum: 590.5]
      [Termination (ms): Min: 0.0, Avg: 0.0, Max: 0.0, Diff: 0.0, Sum: 0.0]
         [Termination Attempts: Min: 12, Avg: 14.3, Max: 19, Diff: 7, Sum: 57]
      [GC Worker Other (ms): Min: 0.0, Avg: 0.0, Max: 0.0, Diff: 0.0, Sum: 0.1]
      [GC Worker Total (ms): Min: 145.5, Avg: 148.0, Max: 148.8, Diff: 3.3, Sum: 591.8]
      [GC Worker End (ms): Min: 60208.4, Avg: 60208.4, Max: 60208.4, Diff: 0.0]
   [Code Root Fixup: 0.0 ms]
   [Code Root Purge: 0.0 ms]
   [String Dedup Fixup: 0.1 ms, GC Workers: 4]
      [Queue Fixup (ms): Min: 0.0, Avg: 0.0, Max: 0.0, Diff: 0.0, Sum: 0.1]
      [Table Fixup (ms): Min: 0.1, Avg: 0.1, Max: 0.1, Diff: 0.0, Sum: 0.4]
   [Clear CT: 0.1 ms]
   [Other: 0.5 ms]
      [Choose CSet: 0.0 ms]
      [Ref Proc: 0.0 ms]
      [Ref Enq: 0.0 ms]
      [Redirty Cards: 0.1 ms]
      [Humongous Register: 0.0 ms]
      [Humongous Reclaim: 0.0 ms]
      [Free CSet: 0.2 ms]
   [Eden: 340.0M(340.0M)->0.0B(248.0M) Survivors: 0.0B->43.0M Heap: 1525.2M(2048.0M)->1308.1M(2048.0M)]
 [Times: user=0.56 sys=0.00, real=0.15 secs] 
60.210: [GC concurrent-string-deduplication, 13.7K->13.7K(0.0B), avg 8.0%, 0.0007201 secs]
   [Last Exec: 0.0007201 secs, Idle: 2.2850296 secs, Blocked: 0/0.0000000 secs]
      [Inspected:           14255]
         [Skipped:              0(  0.0%)]
         [Hashed:             292(  2.0%)]
         [Known:            13963( 98.0%)]
         [New:                292(  2.0%)     13.7K]
      [Deduplicated:            0(  0.0%)      0.0B(  0.0%)]
         [Young:                0(  0.0%)      0.0B(  0.0%)]
         [Old:                  0(  0.0%)      0.0B(  0.0%)]
   [Total Exec: 147/0.1211345 secs, Idle: 147/59.8655799 secs, Blocked: 0/0.0000000 secs]
      [Inspected:         1176803]
         [Skipped:              0(  0.0%)]
         [Hashed:           25626(  2.2%)]
         [Known:          1150079( 97.7%)]
         [New:              26724(  2.3%)   1327.2K]
      [Deduplicated:         1994(  7.5%)    106.4K(  8.0%)]
         [Young:                8(  0.4%)    424.0B(  0.4%)]
         [Old:               1986( 99.6%)    106.0K( 99.6%)]
   [Table]
      [Memory Usage: 325.1K]
      [Size: 8192, Min: 1024, Max: 16777216]
      [Entries: 10323, Load: 126.0%, Cached: 819, Added: 29857, Removed: 19534]
      [Resize Count: 3, Shrink Threshold: 5461(66.7%), Grow Threshold: 16384(200.0%)]
      [Rehash Count: 0, Rehash Threshold: 120, Hash Seed: 0x0]
      [Age Threshold: 3]
   [Queue]
      [Dropped: 0]
60.446: [GC pause (G1 Evacuation Pause) (young) (initial-mark), 0.2022007 secs]
   [Parallel Time: 201.2 ms, GC Workers: 4]
      [GC Worker Start (ms): Min: 60446.2, Avg: 60446.2, Max: 60446.3, Diff: 0.0]
      [Ext Root Scanning (ms): Min: 0.3, Avg: 0.3, Max: 0.3, Diff: 0.0, Sum: 1.1]
      [Update RS (ms): Min: 22.9, Avg: 23.0, Max: 23.2, Diff: 0.3, Sum: 92.0]
         [Processed Buffers: Min: 35, Avg: 35.3, Max: 36, Diff: 1, Sum: 141]
      [Scan RS (ms): Min: 8.4, Avg: 8.5, Max: 8.7, Diff: 0.3, Sum: 34.0]
      [Code Root Scanning (ms): Min: 0.0, Avg: 0.0, Max: 0.0, Diff: 0.0, Sum: 0.0]
      [Object Copy (ms): Min: 169.3, Avg: 169.3, Max: 169.5, Diff: 0.2, Sum: 677.3]
      [Termination (ms): Min: 0.0, Avg: 0.0, Max: 0.0, Diff: 0.0, Sum: 0.0]
         [Termination Attempts: Min: 23, Avg: 25.5, Max: 28, Diff: 5, Sum: 102]
      [GC Worker Other (ms): Min: 0.0, Avg: 0.0, Max: 0.0, Diff: 0.0, Sum: 0.1]
      [GC Worker Total (ms): Min: 201.1, Avg: 201.1, Max: 201.2, Diff: 0.0, Sum: 804.6]
      [GC Worker End (ms): Min: 60647.4, Avg: 60647.4, Max: 60647.4, Diff: 0.0]
   [Code Root Fixup: 0.0 ms]
   [Code Root Purge: 0.0 ms]
   [String Dedup Fixup: 0.1 ms, GC Workers: 4]
      [Queue Fixup (ms): Min: 0.0, Avg: 0.0, Max: 0.0, Diff: 0.0, Sum: 0.1]
      [Table Fixup (ms): Min: 0.1, Avg: 0.1, Max: 0.1, Diff: 0.0, Sum: 0.4]
   [Clear CT: 0.1 ms]
   [Other: 0.8 ms]
      [Choose CSet: 0.0 ms]
      [Ref Proc: 0.1 ms]
      [Ref Enq: 0.0 ms]
      [Redirty Cards: 0.2 ms]
      [Humongous Register: 0.0 ms]
      [Humongous Reclaim: 0.0 ms]
      [Free CSet: 0.2 ms]
   [Eden: 248.0M(248.0M)->0.0B(170.0M) Survivors: 43.0M->37.0M Heap: 1556.1M(2048.0M)->1398.0M(2048.0M)]
 [Times: user=0.81 sys=0.00, real=0.20 secs] 
60.648: [GC concurrent-root-region-scan-start]
60.649: [GC concurrent-string-deduplication, 19.2K->18.9K(320.0B), avg 7.9%, 0.0009077 secs]
   [Last Exec: 0.0009077 secs, Idle: 0.4383240 secs, Blocked: 0/0.0000000 secs]
      [Inspected:           19477]
         [Skipped:              0(  0.0%)]
         [Hashed:             409(  2.1%)]
         [Known:            19068( 97.9%)]
         [New:                409(  2.1%)     19.2K]
      [Deduplicated:            6(  1.5%)    320.0B(  1.6%)]
         [Young:                0(  0.0%)      0.0B(  0.0%)]
         [Old:                  6(100.0%)    320.0B(100.0%)]
   [Total Exec: 148/0.1220422 secs, Idle: 148/60.3039038 secs, Blocked: 0/0.0000000 secs]
      [Inspected:         1196280]
         [Skipped:              0(  0.0%)]
         [Hashed:           26035(  2.2%)]
         [Known:          1169147( 97.7%)]
         [New:              27133(  2.3%)   1346.4K]
      [Deduplicated:         2000(  7.4%)    106.7K(  7.9%)]
         [Young:                8(  0.4%)    424.0B(  0.4%)]
         [Old:               1992( 99.6%)    106.3K( 99.6%)]
   [Table]
      [Memory Usage: 325.1K]
      [Size: 8192, Min: 1024, Max: 16777216]
      [Entries: 10728, Load: 131.0%, Cached: 414, Added: 30262, Removed: 19534]
      [Resize Count: 3, Shrink Threshold: 5461(66.7%), Grow Threshold: 16384(200.0%)]
      [Rehash Count: 0, Rehash Threshold: 120, Hash Seed: 0x0]
      [Age Threshold: 3]
   [Queue]
      [Dropped: 0]
60.711: [GC concurrent-root-region-scan-end, 0.0631160 secs]
60.711: [GC concurrent-mark-start]
60.894: [GC pause (G1 Evacuation Pause) (young), 0.1335914 secs]
   [Parallel Time: 132.9 ms, GC Workers: 4]
      [GC Worker Start (ms): Min: 60893.9, Avg: 60893.9, Max: 60894.0, Diff: 0.0]
      [Ext Root Scanning (ms): Min: 0.2, Avg: 0.2, Max: 0.2, Diff: 0.0, Sum: 0.8]
      [Update RS (ms): Min: 17.2, Avg: 17.4, Max: 17.6, Diff: 0.4, Sum: 69.5]
         [Processed Buffers: Min: 30, Avg: 31.5, Max: 33, Diff: 3, Sum: 126]
      [Scan RS (ms): Min: 6.2, Avg: 6.4, Max: 6.6, Diff: 0.5, Sum: 25.7]
      [Code Root Scanning (ms): Min: 0.0, Avg: 0.0, Max: 0.0, Diff: 0.0, Sum: 0.0]
      [Object Copy (ms): Min: 108.8, Avg: 108.8, Max: 108.8, Diff: 0.1, Sum: 435.2]
      [Termination (ms): Min: 0.0, Avg: 0.0, Max: 0.0, Diff: 0.0, Sum: 0.0]
         [Termination Attempts: Min: 5, Avg: 9.8, Max: 15, Diff: 10, Sum: 39]
      [GC Worker Other (ms): Min: 0.0, Avg: 0.0, Max: 0.0, Diff: 0.0, Sum: 0.1]
      [GC Worker Total (ms): Min: 132.8, Avg: 132.8, Max: 132.8, Diff: 0.0, Sum: 531.3]
      [GC Worker End (ms): Min: 61026.8, Avg: 61026.8, Max: 61026.8, Diff: 0.0]
   [Code Root Fixup: 0.0 ms]
   [Code Root Purge: 0.0 ms]
   [String Dedup Fixup: 0.1 ms, GC Workers: 4]
      [Queue Fixup (ms): Min: 0.0, Avg: 0.0, Max: 0.0, Diff: 0.0, Sum: 0.1]
      [Table Fixup (ms): Min: 0.1, Avg: 0.1, Max: 0.1, Diff: 0.0, Sum: 0.4]
   [Clear CT: 0.1 ms]
   [Other: 0.5 ms]
      [Choose CSet: 0.0 ms]
      [Ref Proc: 0.0 ms]
      [Ref Enq: 0.0 ms]
      [Redirty Cards: 0.2 ms]
      [Humongous Register: 0.0 ms]
      [Humongous Reclaim: 0.0 ms]
      [Free CSet: 0.1 ms]
   [Eden: 170.0M(170.0M)->0.0B(136.0M) Survivors: 37.0M->26.0M Heap: 1568.0M(2048.0M)->1459.5M(2048.0M)]
 [Times: user=0.48 sys=0.00, real=0.13 secs] 
61.028: [GC concurrent-string-deduplication, 11.2K->10.9K(320.0B), avg 7.9%, 0.0005347 secs]
   [Last Exec: 0.0005347 secs, Idle: 0.3783307 secs, Blocked: 0/0.0000000 secs]
      [Inspected:           11664]
         [Skipped:              0(  0.0%)]
         [Hashed:             239(  2.0%)]
         [Known:            11425( 98.0%)]
         [New:                239(  2.0%)     11.2K]
      [Deduplicated:            6(  2.5%)    320.0B(  2.8%)]
         [Young:                0(  0.0%)      0.0B(  0.0%)]
         [Old:                  6(100.0%)    320.0B(100.0%)]
   [Total Exec: 149/0.1225769 secs, Idle: 149/60.6822345 secs, Blocked: 0/0.0000000 secs]
      [Inspected:         1207944]
         [Skipped:              0(  0.0%)]
         [Hashed:           26274(  2.2%)]
         [Known:          1180572( 97.7%)]
         [New:              27372(  2.3%)   1357.6K]
      [Deduplicated:         2006(  7.3%)    107.0K(  7.9%)]
         [Young:                8(  0.4%)    424.0B(  0.4%)]
         [Old:               1998( 99.6%)    106.6K( 99.6%)]
   [Table]
      [Memory Usage: 325.1K]
      [Size: 8192, Min: 1024, Max: 16777216]
      [Entries: 10961, Load: 133.8%, Cached: 181, Added: 30495, Removed: 19534]
      [Resize Count: 3, Shrink Threshold: 5461(66.7%), Grow Threshold: 16384(200.0%)]
      [Rehash Count: 0, Rehash Threshold: 120, Hash Seed: 0x0]
      [Age Threshold: 3]
   [Queue]
      [Dropped: 0]
61.196: [GC pause (G1 Evacuation Pause) (young), 0.1253824 secs]
   [Parallel Time: 124.7 ms, GC Workers: 4]
      [GC Worker Start (ms): Min: 61196.4, Avg: 61196.4, Max: 61196.4, Diff: 0.0]
      [Ext Root Scanning (ms): Min: 0.2, Avg: 0.2, Max: 0.2, Diff: 0.0, Sum: 0.8]
      [Update RS (ms): Min: 21.6, Avg: 21.8, Max: 22.0, Diff: 0.4, Sum: 87.3]
         [Processed Buffers: Min: 33, Avg: 35.0, Max: 38, Diff: 5, Sum: 140]
      [Scan RS (ms): Min: 5.9, Avg: 6.1, Max: 6.4, Diff: 0.5, Sum: 24.4]
      [Code Root Scanning (ms): Min: 0.0, Avg: 0.0, Max: 0.0, Diff: 0.0, Sum: 0.0]
      [Object Copy (ms): Min: 96.4, Avg: 96.5, Max: 96.6, Diff: 0.1, Sum: 385.9]
      [Termination (ms): Min: 0.0, Avg: 0.0, Max: 0.0, Diff: 0.0, Sum: 0.1]
         [Termination Attempts: Min: 3, Avg: 220.8, Max: 306, Diff: 303, Sum: 883]
      [GC Worker Other (ms): Min: 0.0, Avg: 0.0, Max: 0.0, Diff: 0.0, Sum: 0.1]
      [GC Worker Total (ms): Min: 124.6, Avg: 124.7, Max: 124.7, Diff: 0.0, Sum: 498.6]
      [GC Worker End (ms): Min: 61321.1, Avg: 61321.1, Max: 61321.1, Diff: 0.0]
   [Code Root Fixup: 0.0 ms]
   [Code Root Purge: 0.0 ms]
   [String Dedup Fixup: 0.1 ms, GC Workers: 4]
      [Queue Fixup (ms): Min: 0.0, Avg: 0.0, Max: 0.0, Diff: 0.0, Sum: 0.1]
      [Table Fixup (ms): Min: 0.1, Avg: 0.1, Max: 0.1, Diff: 0.0, Sum: 0.4]
   [Clear CT: 0.1 ms]
   [Other: 0.5 ms]
      [Choose CSet: 0.0 ms]
      [Ref Proc: 0.0 ms]
      [Ref Enq: 0.0 ms]
      [Redirty Cards: 0.1 ms]
      [Humongous Register: 0.0 ms]
      [Humongous Reclaim: 0.0 ms]
      [Free CSet: 0.1 ms]
   [Eden: 136.0M(136.0M)->0.0B(99.0M) Survivors: 26.0M->21.0M Heap: 1595.5M(2048.0M)->1509.6M(2048.0M)]
 [Times: user=0.50 sys=0.00, real=0.13 secs] 
61.322: [GC concurrent-string-deduplication, 9408.0B->9408.0B(0.0B), avg 7.8%, 0.0004368 secs]
   [Last Exec: 0.0004368 secs, Idle: 0.2935850 secs, Blocked: 0/0.0000000 secs]
      [Inspected:            9321]
         [Skipped:              0(  0.0%)]
         [Hashed:             196(  2.1%)]
         [Known:             9125( 97.9%)]
         [New:                196(  2.1%)   9408.0B]
      [Deduplicated:            0(  0.0%)      0.0B(  0.0%)]
         [Young:                0(  0.0%)      0.0B(  0.0%)]
         [Old:                  0(  0.0%)      0.0B(  0.0%)]
   [Total Exec: 150/0.1230137 secs, Idle: 150/60.9758195 secs, Blocked: 0/0.0000000 secs]
      [Inspected:         1217265]
         [Skipped:              0(  0.0%)]
         [Hashed:           26470(  2.2%)]
         [Known:          1189697( 97.7%)]
         [New:              27568(  2.3%)   1366.8K]
      [Deduplicated:         2006(  7.3%)    107.0K(  7.8%)]
         [Young:                8(  0.4%)    424.0B(  0.4%)]
         [Old:               1998( 99.6%)    106.6K( 99.6%)]
   [Table]
      [Memory Usage: 325.5K]
      [Size: 8192, Min: 1024, Max: 16777216]
      [Entries: 11159, Load: 136.2%, Cached: 0, Added: 30693, Removed: 19534]
      [Resize Count: 3, Shrink Threshold: 5461(66.7%), Grow Threshold: 16384(200.0%)]
      [Rehash Count: 0, Rehash Threshold: 120, Hash Seed: 0x0]
      [Age Threshold: 3]
   [Queue]
      [Dropped: 0]
61.435: [GC pause (G1 Evacuation Pause) (young), 0.0953801 secs]
   [Parallel Time: 94.8 ms, GC Workers: 4]
      [GC Worker Start (ms): Min: 61434.8, Avg: 61434.8, Max: 61434.8, Diff: 0.0]
      [Ext Root Scanning (ms): Min: 0.2, Avg: 0.2, Max: 0.2, Diff: 0.0, Sum: 0.8]
      [Update RS (ms): Min: 19.8, Avg: 19.9, Max: 20.0, Diff: 0.2, Sum: 79.4]
         [Processed Buffers: Min: 35, Avg: 36.0, Max: 38, Diff: 3, Sum: 144]
      [Scan RS (ms): Min: 3.3, Avg: 3.4, Max: 3.5, Diff: 0.2, Sum: 13.6]
      [Code Root Scanning (ms): Min: 0.0, Avg: 0.0, Max: 0.0, Diff: 0.0, Sum: 0.0]
      [Object Copy (ms): Min: 71.2, Avg: 71.3, Max: 71.3, Diff: 0.1, Sum: 285.1]
      [Termination (ms): Min: 0.0, Avg: 0.0, Max: 0.0, Diff: 0.0, Sum: 0.1]
         [Termination Attempts: Min: 12, Avg: 152.3, Max: 233, Diff: 221, Sum: 609]
      [GC Worker Other (ms): Min: 0.0, Avg: 0.0, Max: 0.0, Diff: 0.0, Sum: 0.1]
      [GC Worker Total (ms): Min: 94.7, Avg: 94.8, Max: 94.8, Diff: 0.0, Sum: 379.0]
      [GC Worker End (ms): Min: 61529.6, Avg: 61529.6, Max: 61529.6, Diff: 0.0]
   [Code Root Fixup: 0.0 ms]
   [Code Root Purge: 0.0 ms]
   [String Dedup Fixup: 0.1 ms, GC Workers: 4]
      [Queue Fixup (ms): Min: 0.0, Avg: 0.0, Max: 0.0, Diff: 0.0, Sum: 0.0]
      [Table Fixup (ms): Min: 0.1, Avg: 0.1, Max: 0.1, Diff: 0.0, Sum: 0.4]
   [Clear CT: 0.0 ms]
   [Other: 0.4 ms]
      [Choose CSet: 0.0 ms]
      [Ref Proc: 0.1 ms]
      [Ref Enq: 0.0 ms]
      [Redirty Cards: 0.1 ms]
      [Humongous Register: 0.0 ms]
      [Humongous Reclaim: 0.0 ms]
      [Free CSet: 0.1 ms]
   [Eden: 99.0M(99.0M)->0.0B(87.0M) Survivors: 21.0M->15.0M Heap: 1608.6M(2048.0M)->1545.6M(2048.0M)]
 [Times: user=0.38 sys=0.00, real=0.10 secs] 
61.530: [GC concurrent-string-deduplication, 4816.0B->4656.0B(160.0B), avg 7.8%, 0.0002319 secs]
   [Last Exec: 0.0002319 secs, Idle: 0.2078992 secs, Blocked: 0/0.0000000 secs]
      [Inspected:            4891]
         [Skipped:              0(  0.0%)]
         [Hashed:             100(  2.0%)]
         [Known:             4791( 98.0%)]
         [New:                100(  2.0%)   4816.0B]
      [Deduplicated:            3(  3.0%)    160.0B(  3.3%)]
         [Young:                0(  0.0%)      0.0B(  0.0%)]
         [Old:                  3(100.0%)    160.0B(100.0%)]
   [Total Exec: 151/0.1232456 secs, Idle: 151/61.1837187 secs, Blocked: 0/0.0000000 secs]
      [Inspected:         1222156]
         [Skipped:              0(  0.0%)]
         [Hashed:           26570(  2.2%)]
         [Known:          1194488( 97.7%)]
         [New:              27668(  2.3%)   1371.5K]
      [Deduplicated:         2009(  7.3%)    107.2K(  7.8%)]
         [Young:                8(  0.4%)    424.0B(  0.4%)]
         [Old:               2001( 99.6%)    106.7K( 99.6%)]
   [Table]
      [Memory Usage: 327.8K]
      [Size: 8192, Min: 1024, Max: 16777216]
      [Entries: 11256, Load: 137.4%, Cached: 0, Added: 30790, Removed: 19534]
      [Resize Count: 3, Shrink Threshold: 5461(66.7%), Grow Threshold: 16384(200.0%)]
      [Rehash Count: 0, Rehash Threshold: 120, Hash Seed: 0x0]
      [Age Threshold: 3]
   [Queue]
      [Dropped: 0]
61.620: [GC pause (G1 Evacuation Pause) (young), 0.0784675 secs]
   [Parallel Time: 78.0 ms, GC Workers: 4]
      [GC Worker Start (ms): Min: 61620.4, Avg: 61620.4, Max: 61620.4, Diff: 0.0]
      [Ext Root Scanning (ms): Min: 0.2, Avg: 0.2, Max: 0.2, Diff: 0.0, Sum: 0.8]
      [Update RS (ms): Min: 20.1, Avg: 20.2, Max: 20.3, Diff: 0.2, Sum: 80.8]
         [Processed Buffers: Min: 32, Avg: 34.0, Max: 35, Diff: 3, Sum: 136]
      [Scan RS (ms): Min: 1.0, Avg: 1.1, Max: 1.2, Diff: 0.2, Sum: 4.4]
      [Code Root Scanning (ms): Min: 0.0, Avg: 0.0, Max: 0.0, Diff: 0.0, Sum: 0.0]
      [Object Copy (ms): Min: 56.4, Avg: 56.4, Max: 56.4, Diff: 0.0, Sum: 225.6]
      [Termination (ms): Min: 0.0, Avg: 0.0, Max: 0.0, Diff: 0.0, Sum: 0.0]
         [Termination Attempts: Min: 13, Avg: 17.5, Max: 24, Diff: 11, Sum: 70]
      [GC Worker Other (ms): Min: 0.0, Avg: 0.0, Max: 0.0, Diff: 0.0, Sum: 0.0]
      [GC Worker Total (ms): Min: 77.9, Avg: 77.9, Max: 77.9, Diff: 0.0, Sum: 311.7]
      [GC Worker End (ms): Min: 61698.4, Avg: 61698.4, Max: 61698.4, Diff: 0.0]
   [Code Root Fixup: 0.0 ms]
   [Code Root Purge: 0.0 ms]
   [String Dedup Fixup: 0.1 ms, GC Workers: 4]
      [Queue Fixup (ms): Min: 0.0, Avg: 0.0, Max: 0.0, Diff: 0.0, Sum: 0.0]
      [Table Fixup (ms): Min: 0.1, Avg: 0.1, Max: 0.1, Diff: 0.0, Sum: 0.4]
   [Clear CT: 0.0 ms]
   [Other: 0.3 ms]
      [Choose CSet: 0.0 ms]
      [Ref Proc: 0.0 ms]
      [Ref Enq: 0.0 ms]
      [Redirty Cards: 0.1 ms]
      [Humongous Register: 0.0 ms]
      [Humongous Reclaim: 0.0 ms]
      [Free CSet: 0.1 ms]
   [Eden: 87.0M(87.0M)->0.0B(89.0M) Survivors: 15.0M->13.0M Heap: 1632.6M(2048.0M)->1578.5M(2048.0M)]
 [Times: user=0.31 sys=0.00, real=0.08 secs] 
61.699: [GC concurrent-string-deduplication, 7664.0B->7344.0B(320.0B), avg 7.8%, 0.0003871 secs]
   [Last Exec: 0.0003871 secs, Idle: 0.1684987 secs, Blocked: 0/0.0000000 secs]
      [Inspected:            8075]
         [Skipped:              0(  0.0%)]
         [Hashed:             159(  2.0%)]
         [Known:             7916( 98.0%)]
         [New:                159(  2.0%)   7664.0B]
      [Deduplicated:            6(  3.8%)    320.0B(  4.2%)]
         [Young:                0(  0.0%)      0.0B(  0.0%)]
         [Old:                  6(100.0%)    320.0B(100.0%)]
   [Total Exec: 152/0.1236327 secs, Idle: 152/61.3522174 secs, Blocked: 0/0.0000000 secs]
      [Inspected:         1230231]
         [Skipped:              0(  0.0%)]
         [Hashed:           26729(  2.2%)]
         [Known:          1202404( 97.7%)]
         [New:              27827(  2.3%)   1379.0K]
      [Deduplicated:         2015(  7.2%)    107.5K(  7.8%)]
         [Young:                8(  0.4%)    424.0B(  0.4%)]
         [Old:               2007( 99.6%)    107.1K( 99.6%)]
   [Table]
      [Memory Usage: 331.4K]
      [Size: 8192, Min: 1024, Max: 16777216]
      [Entries: 11409, Load: 139.3%, Cached: 0, Added: 30943, Removed: 19534]
      [Resize Count: 3, Shrink Threshold: 5461(66.7%), Grow Threshold: 16384(200.0%)]
      [Rehash Count: 0, Rehash Threshold: 120, Hash Seed: 0x0]
      [Age Threshold: 3]
   [Queue]
      [Dropped: 0]
61.779: [GC pause (G1 Evacuation Pause) (young), 0.0885339 secs]
   [Parallel Time: 88.0 ms, GC Workers: 4]
      [GC Worker Start (ms): Min: 61779.0, Avg: 61779.0, Max: 61779.0, Diff: 0.0]
      [Ext Root Scanning (ms): Min: 0.2, Avg: 0.2, Max: 0.2, Diff: 0.0, Sum: 0.8]
      [Update RS (ms): Min: 18.7, Avg: 18.8, Max: 19.1, Diff: 0.4, Sum: 75.4]
         [Processed Buffers: Min: 28, Avg: 30.5, Max: 32, Diff: 4, Sum: 122]
      [Scan RS (ms): Min: 0.1, Avg: 0.3, Max: 0.5, Diff: 0.4, Sum: 1.4]
      [Code Root Scanning (ms): Min: 0.0, Avg: 0.0, Max: 0.0, Diff: 0.0, Sum: 0.0]
      [Object Copy (ms): Min: 68.5, Avg: 68.5, Max: 68.5, Diff: 0.0, Sum: 274.0]
      [Termination (ms): Min: 0.0, Avg: 0.0, Max: 0.0, Diff: 0.0, Sum: 0.1]
         [Termination Attempts: Min: 9, Avg: 276.8, Max: 378, Diff: 369, Sum: 1107]
      [GC Worker Other (ms): Min: 0.0, Avg: 0.0, Max: 0.0, Diff: 0.0, Sum: 0.0]
      [GC Worker Total (ms): Min: 87.9, Avg: 87.9, Max: 88.0, Diff: 0.0, Sum: 351.8]
      [GC Worker End (ms): Min: 61866.9, Avg: 61866.9, Max: 61866.9, Diff: 0.0]
   [Code Root Fixup: 0.0 ms]
   [Code Root Purge: 0.0 ms]
   [String Dedup Fixup: 0.1 ms, GC Workers: 4]
      [Queue Fixup (ms): Min: 0.0, Avg: 0.0, Max: 0.0, Diff: 0.0, Sum: 0.0]
      [Table Fixup (ms): Min: 0.1, Avg: 0.1, Max: 0.1, Diff: 0.0, Sum: 0.5]
   [Clear CT: 0.0 ms]
   [Other: 0.4 ms]
      [Choose CSet: 0.0 ms]
      [Ref Proc: 0.0 ms]
      [Ref Enq: 0.0 ms]
      [Redirty Cards: 0.1 ms]
      [Humongous Register: 0.0 ms]
      [Humongous Reclaim: 0.0 ms]
      [Free CSet: 0.1 ms]
   [Eden: 89.0M(89.0M)->0.0B(89.0M) Survivors: 13.0M->13.0M Heap: 1667.5M(2048.0M)->1611.0M(2048.0M)]
 [Times: user=0.31 sys=0.00, real=0.09 secs] 
61.868: [GC concurrent-string-deduplication, 7296.0B->7296.0B(0.0B), avg 7.8%, 0.0003547 secs]
   [Last Exec: 0.0003547 secs, Idle: 0.1681561 secs, Blocked: 0/0.0000000 secs]
      [Inspected:            7657]
         [Skipped:              0(  0.0%)]
         [Hashed:             152(  2.0%)]
         [Known:             7505( 98.0%)]
         [New:                152(  2.0%)   7296.0B]
      [Deduplicated:            0(  0.0%)      0.0B(  0.0%)]
         [Young:                0(  0.0%)      0.0B(  0.0%)]
         [Old:                  0(  0.0%)      0.0B(  0.0%)]
   [Total Exec: 153/0.1239875 secs, Idle: 153/61.5203735 secs, Blocked: 0/0.0000000 secs]
      [Inspected:         1237888]
         [Skipped:              0(  0.0%)]
         [Hashed:           26881(  2.2%)]
         [Known:          1209909( 97.7%)]
         [New:              27979(  2.3%)   1386.1K]
      [Deduplicated:         2015(  7.2%)    107.5K(  7.8%)]
         [Young:                8(  0.4%)    424.0B(  0.4%)]
         [Old:               2007( 99.6%)    107.1K( 99.6%)]
   [Table]
      [Memory Usage: 335.0K]
      [Size: 8192, Min: 1024, Max: 16777216]
      [Entries: 11561, Load: 141.1%, Cached: 0, Added: 31095, Removed: 19534]
      [Resize Count: 3, Shrink Threshold: 5461(66.7%), Grow Threshold: 16384(200.0%)]
      [Rehash Count: 0, Rehash Threshold: 120, Hash Seed: 0x0]
      [Age Threshold: 3]
   [Queue]
      [Dropped: 0]
61.948: [GC pause (G1 Evacuation Pause) (young), 0.0796661 secs]
   [Parallel Time: 79.2 ms, GC Workers: 4]
      [GC Worker Start (ms): Min: 61948.5, Avg: 61948.6, Max: 61948.6, Diff: 0.0]
      [Ext Root Scanning (ms): Min: 0.2, Avg: 0.2, Max: 0.2, Diff: 0.0, Sum: 0.8]
      [Update RS (ms): Min: 19.5, Avg: 19.6, Max: 19.8, Diff: 0.2, Sum: 78.6]
         [Processed Buffers: Min: 33, Avg: 33.8, Max: 35, Diff: 2, Sum: 135]
      [Scan RS (ms): Min: 0.3, Avg: 0.4, Max: 0.5, Diff: 0.2, Sum: 1.6]
      [Code Root Scanning (ms): Min: 0.0, Avg: 0.0, Max: 0.0, Diff: 0.0, Sum: 0.0]
      [Object Copy (ms): Min: 58.8, Avg: 58.9, Max: 58.9, Diff: 0.0, Sum: 235.5]
      [Termination (ms): Min: 0.0, Avg: 0.0, Max: 0.0, Diff: 0.0, Sum: 0.1]
         [Termination Attempts: Min: 10, Avg: 325.3, Max: 439, Diff: 429, Sum: 1301]
      [GC Worker Other (ms): Min: 0.0, Avg: 0.0, Max: 0.0, Diff: 0.0, Sum: 0.0]
      [GC Worker Total (ms): Min: 79.1, Avg: 79.1, Max: 79.1, Diff: 0.0, Sum: 316.6]
      [GC Worker End (ms): Min: 62027.7, Avg: 62027.7, Max: 62027.7, Diff: 0.0]
   [Code Root Fixup: 0.0 ms]
   [Code Root Purge: 0.0 ms]
   [String Dedup Fixup: 0.1 ms, GC Workers: 4]
      [Queue Fixup (ms): Min: 0.0, Avg: 0.0, Max: 0.0, Diff: 0.0, Sum: 0.0]
      [Table Fixup (ms): Min: 0.1, Avg: 0.1, Max: 0.1, Diff: 0.0, Sum: 0.5]
   [Clear CT: 0.0 ms]
   [Other: 0.3 ms]
      [Choose CSet: 0.0 ms]
      [Ref Proc: 0.0 ms]
      [Ref Enq: 0.0 ms]
      [Redirty Cards: 0.1 ms]
      [Humongous Register: 0.0 ms]
      [Humongous Reclaim: 0.0 ms]
      [Free CSet: 0.1 ms]
   [Eden: 89.0M(89.0M)->0.0B(89.0M) Survivors: 13.0M->13.0M Heap: 1700.0M(2048.0M)->1642.1M(2048.0M)]
 [Times: user=0.36 sys=0.00, real=0.08 secs] 
62.029: [GC concurrent-string-deduplication, 7520.0B->7200.0B(320.0B), avg 7.7%, 0.0003406 secs]
   [Last Exec: 0.0003406 secs, Idle: 0.1603352 secs, Blocked: 0/0.0000000 secs]
      [Inspected:            6997]
         [Skipped:              0(  0.0%)]
         [Hashed:             156(  2.2%)]
         [Known:             6841( 97.8%)]
         [New:                156(  2.2%)   7520.0B]
      [Deduplicated:            6(  3.8%)    320.0B(  4.3%)]
         [Young:                0(  0.0%)      0.0B(  0.0%)]
         [Old:                  6(100.0%)    320.0B(100.0%)]
   [Total Exec: 154/0.1243281 secs, Idle: 154/61.6807087 secs, Blocked: 0/0.0000000 secs]
      [Inspected:         1244885]
         [Skipped:              0(  0.0%)]
         [Hashed:           27037(  2.2%)]
         [Known:          1216750( 97.7%)]
         [New:              28135(  2.3%)   1393.4K]
      [Deduplicated:         2021(  7.2%)    107.8K(  7.7%)]
         [Young:                8(  0.4%)    424.0B(  0.4%)]
         [Old:               2013( 99.6%)    107.4K( 99.6%)]
   [Table]
      [Memory Usage: 338.5K]
      [Size: 8192, Min: 1024, Max: 16777216]
      [Entries: 11711, Load: 143.0%, Cached: 0, Added: 31245, Removed: 19534]
      [Resize Count: 3, Shrink Threshold: 5461(66.7%), Grow Threshold: 16384(200.0%)]
      [Rehash Count: 0, Rehash Threshold: 120, Hash Seed: 0x0]
      [Age Threshold: 3]
   [Queue]
      [Dropped: 0]
62.110: [GC pause (G1 Evacuation Pause) (young), 0.0659818 secs]
   [Parallel Time: 65.5 ms, GC Workers: 4]
      [GC Worker Start (ms): Min: 62109.7, Avg: 62109.7, Max: 62109.7, Diff: 0.0]
      [Ext Root Scanning (ms): Min: 0.2, Avg: 0.2, Max: 0.2, Diff: 0.0, Sum: 0.8]
      [Update RS (ms): Min: 20.2, Avg: 20.3, Max: 20.5, Diff: 0.2, Sum: 81.3]
         [Processed Buffers: Min: 35, Avg: 37.0, Max: 41, Diff: 6, Sum: 148]
      [Scan RS (ms): Min: 0.6, Avg: 0.7, Max: 0.8, Diff: 0.2, Sum: 2.9]
      [Code Root Scanning (ms): Min: 0.0, Avg: 0.0, Max: 0.0, Diff: 0.0, Sum: 0.0]
      [Object Copy (ms): Min: 44.2, Avg: 44.2, Max: 44.2, Diff: 0.0, Sum: 176.8]
      [Termination (ms): Min: 0.0, Avg: 0.0, Max: 0.0, Diff: 0.0, Sum: 0.0]
         [Termination Attempts: Min: 24, Avg: 127.3, Max: 170, Diff: 146, Sum: 509]
      [GC Worker Other (ms): Min: 0.0, Avg: 0.0, Max: 0.0, Diff: 0.0, Sum: 0.0]
      [GC Worker Total (ms): Min: 65.5, Avg: 65.5, Max: 65.5, Diff: 0.0, Sum: 261.9]
      [GC Worker End (ms): Min: 62175.1, Avg: 62175.1, Max: 62175.1, Diff: 0.0]
   [Code Root Fixup: 0.0 ms]
   [Code Root Purge: 0.0 ms]
   [String Dedup Fixup: 0.1 ms, GC Workers: 4]
      [Queue Fixup (ms): Min: 0.0, Avg: 0.0, Max: 0.0, Diff: 0.0, Sum: 0.0]
      [Table Fixup (ms): Min: 0.1, Avg: 0.1, Max: 0.1, Diff: 0.0, Sum: 0.4]
   [Clear CT: 0.0 ms]
   [Other: 0.3 ms]
      [Choose CSet: 0.0 ms]
      [Ref Proc: 0.0 ms]
      [Ref Enq: 0.0 ms]
      [Redirty Cards: 0.1 ms]
      [Humongous Register: 0.1 ms]
      [Humongous Reclaim: 0.0 ms]
      [Free CSet: 0.1 ms]
   [Eden: 89.0M(89.0M)->0.0B(89.0M) Survivors: 13.0M->13.0M Heap: 1731.1M(2048.0M)->1674.6M(2048.0M)]
 [Times: user=0.25 sys=0.00, real=0.07 secs] 
62.176: [GC concurrent-string-deduplication, 2208.0B->2208.0B(0.0B), avg 7.7%, 0.0001049 secs]
   [Last Exec: 0.0001049 secs, Idle: 0.1470210 secs, Blocked: 0/0.0000000 secs]
      [Inspected:            2219]
         [Skipped:              0(  0.0%)]
         [Hashed:              46(  2.1%)]
         [Known:             2173( 97.9%)]
         [New:                 46(  2.1%)   2208.0B]
      [Deduplicated:            0(  0.0%)      0.0B(  0.0%)]
         [Young:                0(  0.0%)      0.0B(  0.0%)]
         [Old:                  0(  0.0%)      0.0B(  0.0%)]
   [Total Exec: 155/0.1244330 secs, Idle: 155/61.8277298 secs, Blocked: 0/0.0000000 secs]
      [Inspected:         1247104]
         [Skipped:              0(  0.0%)]
         [Hashed:           27083(  2.2%)]
         [Known:          1218923( 97.7%)]
         [New:              28181(  2.3%)   1395.6K]
      [Deduplicated:         2021(  7.2%)    107.8K(  7.7%)]
         [Young:                8(  0.4%)    424.0B(  0.4%)]
         [Old:               2013( 99.6%)    107.4K( 99.6%)]
   [Table]
      [Memory Usage: 339.6K]
      [Size: 8192, Min: 1024, Max: 16777216]
      [Entries: 11757, Load: 143.5%, Cached: 0, Added: 31291, Removed: 19534]
      [Resize Count: 3, Shrink Threshold: 5461(66.7%), Grow Threshold: 16384(200.0%)]
      [Rehash Count: 0, Rehash Threshold: 120, Hash Seed: 0x0]
      [Age Threshold: 3]
   [Queue]
      [Dropped: 0]
62.255: [GC pause (G1 Evacuation Pause) (young), 0.0911165 secs]
   [Parallel Time: 90.6 ms, GC Workers: 4]
      [GC Worker Start (ms): Min: 62255.1, Avg: 62255.1, Max: 62255.1, Diff: 0.0]
      [Ext Root Scanning (ms): Min: 0.2, Avg: 0.2, Max: 0.2, Diff: 0.0, Sum: 0.8]
      [Update RS (ms): Min: 17.6, Avg: 17.7, Max: 18.1, Diff: 0.5, Sum: 71.0]
         [Processed Buffers: Min: 32, Avg: 33.3, Max: 35, Diff: 3, Sum: 133]
      [Scan RS (ms): Min: 0.0, Avg: 0.3, Max: 0.4, Diff: 0.4, Sum: 1.2]
      [Code Root Scanning (ms): Min: 0.0, Avg: 0.0, Max: 0.0, Diff: 0.0, Sum: 0.0]
      [Object Copy (ms): Min: 72.3, Avg: 72.3, Max: 72.3, Diff: 0.1, Sum: 289.1]
      [Termination (ms): Min: 0.0, Avg: 0.0, Max: 0.1, Diff: 0.1, Sum: 0.2]
         [Termination Attempts: Min: 9, Avg: 429.5, Max: 708, Diff: 699, Sum: 1718]
      [GC Worker Other (ms): Min: 0.0, Avg: 0.0, Max: 0.0, Diff: 0.0, Sum: 0.0]
      [GC Worker Total (ms): Min: 90.6, Avg: 90.6, Max: 90.6, Diff: 0.0, Sum: 362.4]
      [GC Worker End (ms): Min: 62345.7, Avg: 62345.7, Max: 62345.7, Diff: 0.0]
   [Code Root Fixup: 0.0 ms]
   [Code Root Purge: 0.0 ms]
   [String Dedup Fixup: 0.1 ms, GC Workers: 4]
      [Queue Fixup (ms): Min: 0.0, Avg: 0.0, Max: 0.0, Diff: 0.0, Sum: 0.1]
      [Table Fixup (ms): Min: 0.1, Avg: 0.1, Max: 0.1, Diff: 0.0, Sum: 0.5]
   [Clear CT: 0.0 ms]
   [Other: 0.3 ms]
      [Choose CSet: 0.0 ms]
      [Ref Proc: 0.0 ms]
      [Ref Enq: 0.0 ms]
      [Redirty Cards: 0.1 ms]
      [Humongous Register: 0.0 ms]
      [Humongous Reclaim: 0.0 ms]
      [Free CSet: 0.1 ms]
   [Eden: 89.0M(89.0M)->0.0B(89.0M) Survivors: 13.0M->13.0M Heap: 1763.6M(2048.0M)->1709.2M(2048.0M)]
 [Times: user=0.38 sys=0.00, real=0.09 secs] 
62.347: [GC concurrent-string-deduplication, 9056.0B->8496.0B(560.0B), avg 7.7%, 0.0004561 secs]
   [Last Exec: 0.0004561 secs, Idle: 0.1704218 secs, Blocked: 0/0.0000000 secs]
      [Inspected:            9575]
         [Skipped:              0(  0.0%)]
         [Hashed:             183(  1.9%)]
         [Known:             9391( 98.1%)]
         [New:                184(  1.9%)   9056.0B]
      [Deduplicated:            7(  3.8%)    560.0B(  6.2%)]
         [Young:                0(  0.0%)      0.0B(  0.0%)]
         [Old:                  7(100.0%)    560.0B(100.0%)]
   [Total Exec: 156/0.1248891 secs, Idle: 156/61.9981516 secs, Blocked: 0/0.0000000 secs]
      [Inspected:         1256679]
         [Skipped:              0(  0.0%)]
         [Hashed:           27266(  2.2%)]
         [Known:          1228314( 97.7%)]
         [New:              28365(  2.3%)   1404.4K]
      [Deduplicated:         2028(  7.1%)    108.3K(  7.7%)]
         [Young:                8(  0.4%)    424.0B(  0.4%)]
         [Old:               2020( 99.6%)    107.9K( 99.6%)]
   [Table]
      [Memory Usage: 343.9K]
      [Size: 8192, Min: 1024, Max: 16777216]
      [Entries: 11942, Load: 145.8%, Cached: 0, Added: 31476, Removed: 19534]
      [Resize Count: 3, Shrink Threshold: 5461(66.7%), Grow Threshold: 16384(200.0%)]
      [Rehash Count: 0, Rehash Threshold: 120, Hash Seed: 0x0]
      [Age Threshold: 3]
   [Queue]
      [Dropped: 0]
62.426: [GC pause (G1 Evacuation Pause) (young), 0.0697521 secs]
   [Parallel Time: 69.3 ms, GC Workers: 4]
      [GC Worker Start (ms): Min: 62426.3, Avg: 62426.3, Max: 62426.3, Diff: 0.0]
      [Ext Root Scanning (ms): Min: 0.2, Avg: 0.2, Max: 0.2, Diff: 0.1, Sum: 0.9]
      [Update RS (ms): Min: 28.2, Avg: 28.4, Max: 28.6, Diff: 0.4, Sum: 113.4]
         [Processed Buffers: Min: 50, Avg: 53.3, Max: 55, Diff: 5, Sum: 213]
      [Scan RS (ms): Min: 0.0, Avg: 0.0, Max: 0.0, Diff: 0.0, Sum: 0.1]
      [Code Root Scanning (ms): Min: 0.0, Avg: 0.0, Max: 0.0, Diff: 0.0, Sum: 0.0]
      [Object Copy (ms): Min: 40.5, Avg: 40.6, Max: 40.8, Diff: 0.4, Sum: 162.6]
      [Termination (ms): Min: 0.0, Avg: 0.0, Max: 0.0, Diff: 0.0, Sum: 0.0]
         [Termination Attempts: Min: 2, Avg: 3.5, Max: 6, Diff: 4, Sum: 14]
      [GC Worker Other (ms): Min: 0.0, Avg: 0.0, Max: 0.0, Diff: 0.0, Sum: 0.1]
      [GC Worker Total (ms): Min: 69.2, Avg: 69.3, Max: 69.3, Diff: 0.0, Sum: 277.0]
      [GC Worker End (ms): Min: 62495.6, Avg: 62495.6, Max: 62495.6, Diff: 0.0]
   [Code Root Fixup: 0.0 ms]
   [Code Root Purge: 0.0 ms]
   [String Dedup Fixup: 0.1 ms, GC Workers: 4]
      [Queue Fixup (ms): Min: 0.0, Avg: 0.0, Max: 0.0, Diff: 0.0, Sum: 0.0]
      [Table Fixup (ms): Min: 0.1, Avg: 0.1, Max: 0.1, Diff: 0.0, Sum: 0.5]
   [Clear CT: 0.0 ms]
   [Other: 0.3 ms]
      [Choose CSet: 0.0 ms]
      [Ref Proc: 0.0 ms]
      [Ref Enq: 0.0 ms]
      [Redirty Cards: 0.1 ms]
      [Humongous Register: 0.0 ms]
      [Humongous Reclaim: 0.0 ms]
      [Free CSet: 0.1 ms]
   [Eden: 89.0M(89.0M)->0.0B(89.0M) Survivors: 13.0M->13.0M Heap: 1798.2M(2048.0M)->1741.6M(2048.0M)]
 [Times: user=0.25 sys=0.00, real=0.07 secs] 
62.496: [GC concurrent-string-deduplication, 2896.0B->2736.0B(160.0B), avg 7.7%, 0.0001427 secs]
   [Last Exec: 0.0001427 secs, Idle: 0.1495064 secs, Blocked: 0/0.0000000 secs]
      [Inspected:            2821]
         [Skipped:              0(  0.0%)]
         [Hashed:              60(  2.1%)]
         [Known:             2761( 97.9%)]
         [New:                 60(  2.1%)   2896.0B]
      [Deduplicated:            3(  5.0%)    160.0B(  5.5%)]
         [Young:                0(  0.0%)      0.0B(  0.0%)]
         [Old:                  3(100.0%)    160.0B(100.0%)]
   [Total Exec: 157/0.1250318 secs, Idle: 157/62.1476580 secs, Blocked: 0/0.0000000 secs]
      [Inspected:         1259500]
         [Skipped:              0(  0.0%)]
         [Hashed:           27326(  2.2%)]
         [Known:          1231075( 97.7%)]
         [New:              28425(  2.3%)   1407.3K]
      [Deduplicated:         2031(  7.1%)    108.5K(  7.7%)]
         [Young:                8(  0.4%)    424.0B(  0.4%)]
         [Old:               2023( 99.6%)    108.1K( 99.6%)]
   [Table]
      [Memory Usage: 345.2K]
      [Size: 8192, Min: 1024, Max: 16777216]
      [Entries: 11999, Load: 146.5%, Cached: 0, Added: 31533, Removed: 19534]
      [Resize Count: 3, Shrink Threshold: 5461(66.7%), Grow Threshold: 16384(200.0%)]
      [Rehash Count: 0, Rehash Threshold: 120, Hash Seed: 0x0]
      [Age Threshold: 3]
   [Queue]
      [Dropped: 0]
62.574: [GC pause (G1 Evacuation Pause) (young) (to-space exhausted), 0.0968841 secs]
   [Parallel Time: 88.6 ms, GC Workers: 4]
      [GC Worker Start (ms): Min: 62574.1, Avg: 62574.1, Max: 62574.1, Diff: 0.0]
      [Ext Root Scanning (ms): Min: 0.2, Avg: 0.2, Max: 0.2, Diff: 0.0, Sum: 0.8]
      [Update RS (ms): Min: 18.7, Avg: 18.8, Max: 18.8, Diff: 0.1, Sum: 75.0]
         [Processed Buffers: Min: 30, Avg: 32.3, Max: 33, Diff: 3, Sum: 129]
      [Scan RS (ms): Min: 0.9, Avg: 1.0, Max: 1.0, Diff: 0.1, Sum: 3.9]
      [Code Root Scanning (ms): Min: 0.0, Avg: 0.0, Max: 0.0, Diff: 0.0, Sum: 0.0]
      [Object Copy (ms): Min: 67.6, Avg: 68.4, Max: 68.6, Diff: 1.0, Sum: 273.4]
      [Termination (ms): Min: 0.0, Avg: 0.3, Max: 1.0, Diff: 1.0, Sum: 1.1]
         [Termination Attempts: Min: 1, Avg: 1.0, Max: 1, Diff: 0, Sum: 4]
      [GC Worker Other (ms): Min: 0.0, Avg: 0.0, Max: 0.0, Diff: 0.0, Sum: 0.0]
      [GC Worker Total (ms): Min: 88.6, Avg: 88.6, Max: 88.6, Diff: 0.0, Sum: 354.3]
      [GC Worker End (ms): Min: 62662.7, Avg: 62662.7, Max: 62662.7, Diff: 0.0]
   [Code Root Fixup: 0.0 ms]
   [Code Root Purge: 0.0 ms]
   [String Dedup Fixup: 0.1 ms, GC Workers: 4]
      [Queue Fixup (ms): Min: 0.0, Avg: 0.0, Max: 0.0, Diff: 0.0, Sum: 0.0]
      [Table Fixup (ms): Min: 0.1, Avg: 0.1, Max: 0.1, Diff: 0.0, Sum: 0.4]
   [Clear CT: 0.0 ms]
   [Other: 8.1 ms]
      [Evacuation Failure: 7.8 ms]
      [Choose CSet: 0.0 ms]
      [Ref Proc: 0.0 ms]
      [Ref Enq: 0.0 ms]
      [Redirty Cards: 0.1 ms]
      [Humongous Register: 0.0 ms]
      [Humongous Reclaim: 0.0 ms]
      [Free CSet: 0.1 ms]
   [Eden: 89.0M(89.0M)->0.0B(96.0M) Survivors: 13.0M->6144.0K Heap: 1830.6M(2048.0M)->1812.2M(2048.0M)]
 [Times: user=0.31 sys=0.00, real=0.10 secs] 
62.671: [GC concurrent-string-deduplication, 3744.0B->3744.0B(0.0B), avg 7.7%, 0.0002361 secs]
   [Last Exec: 0.0002361 secs, Idle: 0.1746126 secs, Blocked: 0/0.0000000 secs]
      [Inspected:            4267]
         [Skipped:              0(  0.0%)]
         [Hashed:              78(  1.8%)]
         [Known:             4189( 98.2%)]
         [New:                 78(  1.8%)   3744.0B]
      [Deduplicated:            0(  0.0%)      0.0B(  0.0%)]
         [Young:                0(  0.0%)      0.0B(  0.0%)]
         [Old:                  0(  0.0%)      0.0B(  0.0%)]
   [Total Exec: 158/0.1252679 secs, Idle: 158/62.3222706 secs, Blocked: 0/0.0000000 secs]
      [Inspected:         1263767]
         [Skipped:              0(  0.0%)]
         [Hashed:           27404(  2.2%)]
         [Known:          1235264( 97.7%)]
         [New:              28503(  2.3%)   1410.9K]
      [Deduplicated:         2031(  7.1%)    108.5K(  7.7%)]
         [Young:                8(  0.4%)    424.0B(  0.4%)]
         [Old:               2023( 99.6%)    108.1K( 99.6%)]
   [Table]
      [Memory Usage: 347.1K]
      [Size: 8192, Min: 1024, Max: 16777216]
      [Entries: 12077, Load: 147.4%, Cached: 0, Added: 31611, Removed: 19534]
      [Resize Count: 3, Shrink Threshold: 5461(66.7%), Grow Threshold: 16384(200.0%)]
      [Rehash Count: 0, Rehash Threshold: 120, Hash Seed: 0x0]
      [Age Threshold: 3]
   [Queue]
      [Dropped: 0]
62.722: [GC pause (G1 Evacuation Pause) (young) (to-space exhausted), 0.0486218 secs]
   [Parallel Time: 42.0 ms, GC Workers: 4]
      [GC Worker Start (ms): Min: 62722.2, Avg: 62722.2, Max: 62722.2, Diff: 0.0]
      [Ext Root Scanning (ms): Min: 0.2, Avg: 0.2, Max: 0.2, Diff: 0.0, Sum: 0.8]
      [Update RS (ms): Min: 0.0, Avg: 13.5, Max: 18.1, Diff: 18.1, Sum: 53.9]
         [Processed Buffers: Min: 0, Avg: 35.5, Max: 48, Diff: 48, Sum: 142]
      [Scan RS (ms): Min: 0.2, Avg: 1.1, Max: 1.4, Diff: 1.2, Sum: 4.3]
      [Code Root Scanning (ms): Min: 0.0, Avg: 0.0, Max: 0.0, Diff: 0.0, Sum: 0.0]
      [Object Copy (ms): Min: 20.7, Avg: 26.4, Max: 41.5, Diff: 20.8, Sum: 105.7]
      [Termination (ms): Min: 0.0, Avg: 0.8, Max: 1.7, Diff: 1.7, Sum: 3.1]
         [Termination Attempts: Min: 1, Avg: 2.8, Max: 7, Diff: 6, Sum: 11]
      [GC Worker Other (ms): Min: 0.0, Avg: 0.0, Max: 0.0, Diff: 0.0, Sum: 0.0]
      [GC Worker Total (ms): Min: 42.0, Avg: 42.0, Max: 42.0, Diff: 0.0, Sum: 167.9]
      [GC Worker End (ms): Min: 62764.2, Avg: 62764.2, Max: 62764.2, Diff: 0.0]
   [Code Root Fixup: 0.0 ms]
   [Code Root Purge: 0.0 ms]
   [String Dedup Fixup: 0.1 ms, GC Workers: 4]
      [Queue Fixup (ms): Min: 0.0, Avg: 0.0, Max: 0.0, Diff: 0.0, Sum: 0.0]
      [Table Fixup (ms): Min: 0.1, Avg: 0.1, Max: 0.1, Diff: 0.0, Sum: 0.4]
   [Clear CT: 0.0 ms]
   [Other: 6.5 ms]
      [Evacuation Failure: 6.2 ms]
      [Choose CSet: 0.0 ms]
      [Ref Proc: 0.0 ms]
      [Ref Enq: 0.0 ms]
      [Redirty Cards: 0.1 ms]
      [Humongous Register: 0.0 ms]
      [Humongous Reclaim: 0.0 ms]
      [Free CSet: 0.0 ms]
   [Eden: 37.0M(96.0M)->0.0B(102.0M) Survivors: 6144.0K->0.0B Heap: 1849.2M(2048.0M)->1849.2M(2048.0M)]
 [Times: user=0.13 sys=0.00, real=0.05 secs] 
62.783: [GC pause (G1 Evacuation Pause) (young), 0.0187857 secs]
   [Parallel Time: 18.5 ms, GC Workers: 4]
      [GC Worker Start (ms): Min: 62782.8, Avg: 62782.8, Max: 62782.8, Diff: 0.0]
      [Ext Root Scanning (ms): Min: 0.2, Avg: 0.2, Max: 0.2, Diff: 0.0, Sum: 0.8]
      [Update RS (ms): Min: 17.9, Avg: 18.1, Max: 18.3, Diff: 0.3, Sum: 72.2]
         [Processed Buffers: Min: 47, Avg: 68.5, Max: 96, Diff: 49, Sum: 274]
      [Scan RS (ms): Min: 0.0, Avg: 0.0, Max: 0.0, Diff: 0.0, Sum: 0.0]
      [Code Root Scanning (ms): Min: 0.0, Avg: 0.0, Max: 0.0, Diff: 0.0, Sum: 0.0]
      [Object Copy (ms): Min: 0.0, Avg: 0.0, Max: 0.0, Diff: 0.0, Sum: 0.0]
      [Termination (ms): Min: 0.0, Avg: 0.2, Max: 0.3, Diff: 0.3, Sum: 0.9]
         [Termination Attempts: Min: 1, Avg: 1.0, Max: 1, Diff: 0, Sum: 4]
      [GC Worker Other (ms): Min: 0.0, Avg: 0.0, Max: 0.0, Diff: 0.0, Sum: 0.0]
      [GC Worker Total (ms): Min: 18.5, Avg: 18.5, Max: 18.5, Diff: 0.0, Sum: 73.9]
      [GC Worker End (ms): Min: 62801.3, Avg: 62801.3, Max: 62801.3, Diff: 0.0]
   [Code Root Fixup: 0.0 ms]
   [Code Root Purge: 0.0 ms]
   [String Dedup Fixup: 0.1 ms, GC Workers: 4]
      [Queue Fixup (ms): Min: 0.0, Avg: 0.0, Max: 0.0, Diff: 0.0, Sum: 0.0]
      [Table Fixup (ms): Min: 0.1, Avg: 0.1, Max: 0.1, Diff: 0.0, Sum: 0.4]
   [Clear CT: 0.0 ms]
   [Other: 0.1 ms]
      [Choose CSet: 0.0 ms]
      [Ref Proc: 0.0 ms]
      [Ref Enq: 0.0 ms]
      [Redirty Cards: 0.0 ms]
      [Humongous Register: 0.0 ms]
      [Humongous Reclaim: 0.0 ms]
      [Free CSet: 0.0 ms]
   [Eden: 0.0B(102.0M)->0.0B(102.0M) Survivors: 0.0B->0.0B Heap: 1849.2M(2048.0M)->1849.2M(2048.0M)]
 [Times: user=0.06 sys=0.00, real=0.02 secs] 
62.802: [GC pause (G1 Evacuation Pause) (young), 0.0004583 secs]
   [Parallel Time: 0.2 ms, GC Workers: 4]
      [GC Worker Start (ms): Min: 62802.3, Avg: 62802.3, Max: 62802.3, Diff: 0.0]
      [Ext Root Scanning (ms): Min: 0.2, Avg: 0.2, Max: 0.2, Diff: 0.0, Sum: 0.8]
      [Update RS (ms): Min: 0.0, Avg: 0.0, Max: 0.0, Diff: 0.0, Sum: 0.0]
         [Processed Buffers: Min: 0, Avg: 0.3, Max: 1, Diff: 1, Sum: 1]
      [Scan RS (ms): Min: 0.0, Avg: 0.0, Max: 0.0, Diff: 0.0, Sum: 0.0]
      [Code Root Scanning (ms): Min: 0.0, Avg: 0.0, Max: 0.0, Diff: 0.0, Sum: 0.0]
      [Object Copy (ms): Min: 0.0, Avg: 0.0, Max: 0.0, Diff: 0.0, Sum: 0.0]
      [Termination (ms): Min: 0.0, Avg: 0.0, Max: 0.0, Diff: 0.0, Sum: 0.0]
         [Termination Attempts: Min: 1, Avg: 1.0, Max: 1, Diff: 0, Sum: 4]
      [GC Worker Other (ms): Min: 0.0, Avg: 0.0, Max: 0.0, Diff: 0.0, Sum: 0.0]
      [GC Worker Total (ms): Min: 0.2, Avg: 0.2, Max: 0.2, Diff: 0.0, Sum: 0.8]
      [GC Worker End (ms): Min: 62802.5, Avg: 62802.5, Max: 62802.5, Diff: 0.0]
   [Code Root Fixup: 0.0 ms]
   [Code Root Purge: 0.0 ms]
   [String Dedup Fixup: 0.1 ms, GC Workers: 4]
      [Queue Fixup (ms): Min: 0.0, Avg: 0.0, Max: 0.0, Diff: 0.0, Sum: 0.0]
      [Table Fixup (ms): Min: 0.1, Avg: 0.1, Max: 0.1, Diff: 0.0, Sum: 0.3]
   [Clear CT: 0.0 ms]
   [Other: 0.1 ms]
      [Choose CSet: 0.0 ms]
      [Ref Proc: 0.0 ms]
      [Ref Enq: 0.0 ms]
      [Redirty Cards: 0.0 ms]
      [Humongous Register: 0.0 ms]
      [Humongous Reclaim: 0.0 ms]
      [Free CSet: 0.0 ms]
   [Eden: 0.0B(102.0M)->0.0B(102.0M) Survivors: 0.0B->0.0B Heap: 1849.2M(2048.0M)->1849.2M(2048.0M)]
 [Times: user=0.00 sys=0.00, real=0.00 secs] 
62.803: [Full GC (Allocation Failure)  1849M->1178M(2048M), 1.6619926 secs]
   [Eden: 0.0B(102.0M)->0.0B(346.0M) Survivors: 0.0B->0.0B Heap: 1849.2M(2048.0M)->1178.2M(2048.0M)], [Metaspace: 9329K->9329K(1058816K)]
 [Times: user=3.34 sys=0.00, real=1.66 secs] 
64.465: [GC concurrent-mark-abort]
64.765: [GC pause (G1 Evacuation Pause) (young), 0.1433258 secs]
   [Parallel Time: 142.5 ms, GC Workers: 4]
      [GC Worker Start (ms): Min: 64765.0, Avg: 64765.1, Max: 64765.1, Diff: 0.1]
      [Ext Root Scanning (ms): Min: 0.2, Avg: 0.2, Max: 0.3, Diff: 0.1, Sum: 0.9]
      [Update RS (ms): Min: 0.0, Avg: 0.0, Max: 0.1, Diff: 0.1, Sum: 0.1]
         [Processed Buffers: Min: 0, Avg: 1.3, Max: 2, Diff: 2, Sum: 5]
      [Scan RS (ms): Min: 0.0, Avg: 0.0, Max: 0.1, Diff: 0.0, Sum: 0.2]
      [Code Root Scanning (ms): Min: 0.0, Avg: 0.0, Max: 0.0, Diff: 0.0, Sum: 0.0]
      [Object Copy (ms): Min: 142.0, Avg: 142.0, Max: 142.0, Diff: 0.0, Sum: 568.1]
      [Termination (ms): Min: 0.0, Avg: 0.0, Max: 0.0, Diff: 0.0, Sum: 0.0]
         [Termination Attempts: Min: 9, Avg: 14.3, Max: 18, Diff: 9, Sum: 57]
      [GC Worker Other (ms): Min: 0.1, Avg: 0.1, Max: 0.1, Diff: 0.0, Sum: 0.3]
      [GC Worker Total (ms): Min: 142.3, Avg: 142.4, Max: 142.4, Diff: 0.1, Sum: 569.6]
      [GC Worker End (ms): Min: 64907.4, Avg: 64907.5, Max: 64907.5, Diff: 0.0]
   [Code Root Fixup: 0.0 ms]
   [Code Root Purge: 0.0 ms]
   [String Dedup Fixup: 0.1 ms, GC Workers: 4]
      [Queue Fixup (ms): Min: 0.0, Avg: 0.0, Max: 0.0, Diff: 0.0, Sum: 0.1]
      [Table Fixup (ms): Min: 0.1, Avg: 0.1, Max: 0.1, Diff: 0.0, Sum: 0.4]
   [Clear CT: 0.1 ms]
   [Other: 0.6 ms]
      [Choose CSet: 0.0 ms]
      [Ref Proc: 0.0 ms]
      [Ref Enq: 0.0 ms]
      [Redirty Cards: 0.1 ms]
      [Humongous Register: 0.1 ms]
      [Humongous Reclaim: 0.0 ms]
      [Free CSet: 0.2 ms]
   [Eden: 346.0M(346.0M)->0.0B(252.0M) Survivors: 0.0B->44.0M Heap: 1524.2M(2048.0M)->1302.5M(2048.0M)]
 [Times: user=0.56 sys=0.00, real=0.14 secs] 
64.909: [GC concurrent-string-deduplication, 11.1K->11.1K(0.0B), avg 7.6%, 0.0006309 secs]
   [Last Exec: 0.0006309 secs, Idle: 2.2369806 secs, Blocked: 0/0.0000000 secs]
      [Inspected:           11714]
         [Skipped:              0(  0.0%)]
         [Hashed:             236(  2.0%)]
         [Known:            11478( 98.0%)]
         [New:                236(  2.0%)     11.1K]
      [Deduplicated:            0(  0.0%)      0.0B(  0.0%)]
         [Young:                0(  0.0%)      0.0B(  0.0%)]
         [Old:                  0(  0.0%)      0.0B(  0.0%)]
   [Total Exec: 159/0.1258988 secs, Idle: 159/64.5592513 secs, Blocked: 0/0.0000000 secs]
      [Inspected:         1275481]
         [Skipped:              0(  0.0%)]
         [Hashed:           27640(  2.2%)]
         [Known:          1246742( 97.7%)]
         [New:              28739(  2.3%)   1422.0K]
      [Deduplicated:         2031(  7.1%)    108.5K(  7.6%)]
         [Young:                8(  0.4%)    424.0B(  0.4%)]
         [Old:               2023( 99.6%)    108.1K( 99.6%)]
   [Table]
      [Memory Usage: 322.4K]
      [Size: 8192, Min: 1024, Max: 16777216]
      [Entries: 10205, Load: 124.6%, Cached: 819, Added: 31861, Removed: 21656]
      [Resize Count: 3, Shrink Threshold: 5461(66.7%), Grow Threshold: 16384(200.0%)]
      [Rehash Count: 0, Rehash Threshold: 120, Hash Seed: 0x0]
      [Age Threshold: 3]
   [Queue]
      [Dropped: 0]
65.146: [GC pause (G1 Evacuation Pause) (young) (initial-mark), 0.2338412 secs]
   [Parallel Time: 232.8 ms, GC Workers: 4]
      [GC Worker Start (ms): Min: 65145.7, Avg: 65145.7, Max: 65145.8, Diff: 0.0]
      [Ext Root Scanning (ms): Min: 0.3, Avg: 0.3, Max: 0.3, Diff: 0.0, Sum: 1.1]
      [Update RS (ms): Min: 30.7, Avg: 30.7, Max: 30.8, Diff: 0.0, Sum: 122.9]
         [Processed Buffers: Min: 41, Avg: 42.8, Max: 44, Diff: 3, Sum: 171]
      [Scan RS (ms): Min: 8.9, Avg: 8.9, Max: 8.9, Diff: 0.0, Sum: 35.7]
      [Code Root Scanning (ms): Min: 0.0, Avg: 0.0, Max: 0.0, Diff: 0.0, Sum: 0.0]
      [Object Copy (ms): Min: 192.7, Avg: 192.7, Max: 192.8, Diff: 0.1, Sum: 770.9]
      [Termination (ms): Min: 0.0, Avg: 0.0, Max: 0.0, Diff: 0.0, Sum: 0.1]
         [Termination Attempts: Min: 35, Avg: 320.8, Max: 444, Diff: 409, Sum: 1283]
      [GC Worker Other (ms): Min: 0.0, Avg: 0.0, Max: 0.0, Diff: 0.0, Sum: 0.1]
      [GC Worker Total (ms): Min: 232.7, Avg: 232.7, Max: 232.7, Diff: 0.0, Sum: 930.8]
      [GC Worker End (ms): Min: 65378.4, Avg: 65378.4, Max: 65378.4, Diff: 0.0]
   [Code Root Fixup: 0.0 ms]
   [Code Root Purge: 0.0 ms]
   [String Dedup Fixup: 0.1 ms, GC Workers: 4]
      [Queue Fixup (ms): Min: 0.0, Avg: 0.0, Max: 0.0, Diff: 0.0, Sum: 0.1]
      [Table Fixup (ms): Min: 0.1, Avg: 0.1, Max: 0.1, Diff: 0.0, Sum: 0.4]
   [Clear CT: 0.1 ms]
   [Other: 0.8 ms]
      [Choose CSet: 0.0 ms]
      [Ref Proc: 0.0 ms]
      [Ref Enq: 0.0 ms]
      [Redirty Cards: 0.2 ms]
      [Humongous Register: 0.0 ms]
      [Humongous Reclaim: 0.0 ms]
      [Free CSet: 0.3 ms]
   [Eden: 252.0M(252.0M)->0.0B(136.0M) Survivors: 44.0M->37.0M Heap: 1554.5M(2048.0M)->1395.8M(2048.0M)]
 [Times: user=0.92 sys=0.00, real=0.23 secs] 
65.380: [GC concurrent-root-region-scan-start]
65.380: [GC concurrent-string-deduplication, 16.4K->15.6K(800.0B), avg 7.6%, 0.0008413 secs]
   [Last Exec: 0.0008413 secs, Idle: 0.4705611 secs, Blocked: 0/0.0000000 secs]
      [Inspected:           17469]
         [Skipped:              0(  0.0%)]
         [Hashed:             348(  2.0%)]
         [Known:            17121( 98.0%)]
         [New:                348(  2.0%)     16.4K]
      [Deduplicated:           15(  4.3%)    800.0B(  4.8%)]
         [Young:                0(  0.0%)      0.0B(  0.0%)]
         [Old:                 15(100.0%)    800.0B(100.0%)]
   [Total Exec: 160/0.1267400 secs, Idle: 160/65.0298124 secs, Blocked: 0/0.0000000 secs]
      [Inspected:         1292950]
         [Skipped:              0(  0.0%)]
         [Hashed:           27988(  2.2%)]
         [Known:          1263863( 97.8%)]
         [New:              29087(  2.2%)   1438.4K]
      [Deduplicated:         2046(  7.0%)    109.3K(  7.6%)]
         [Young:                8(  0.4%)    424.0B(  0.4%)]
         [Old:               2038( 99.6%)    108.9K( 99.6%)]
   [Table]
      [Memory Usage: 322.4K]
      [Size: 8192, Min: 1024, Max: 16777216]
      [Entries: 10538, Load: 128.6%, Cached: 486, Added: 32194, Removed: 21656]
      [Resize Count: 3, Shrink Threshold: 5461(66.7%), Grow Threshold: 16384(200.0%)]
      [Rehash Count: 0, Rehash Threshold: 120, Hash Seed: 0x0]
      [Age Threshold: 3]
   [Queue]
      [Dropped: 0]
65.449: [GC concurrent-root-region-scan-end, 0.0695426 secs]
65.449: [GC concurrent-mark-start]
65.568: [GC pause (G1 Evacuation Pause) (young), 0.1817535 secs]
   [Parallel Time: 181.1 ms, GC Workers: 4]
      [GC Worker Start (ms): Min: 65567.9, Avg: 65567.9, Max: 65567.9, Diff: 0.0]
      [Ext Root Scanning (ms): Min: 0.2, Avg: 0.2, Max: 0.2, Diff: 0.0, Sum: 0.8]
      [Update RS (ms): Min: 41.6, Avg: 41.7, Max: 41.9, Diff: 0.4, Sum: 166.8]
         [Processed Buffers: Min: 64, Avg: 65.5, Max: 67, Diff: 3, Sum: 262]
      [Scan RS (ms): Min: 3.6, Avg: 3.9, Max: 4.0, Diff: 0.4, Sum: 15.4]
      [Code Root Scanning (ms): Min: 0.0, Avg: 0.0, Max: 0.0, Diff: 0.0, Sum: 0.0]
      [Object Copy (ms): Min: 131.3, Avg: 132.4, Max: 135.3, Diff: 4.0, Sum: 529.5]
      [Termination (ms): Min: 0.0, Avg: 2.9, Max: 3.8, Diff: 3.8, Sum: 11.5]
         [Termination Attempts: Min: 1, Avg: 9.0, Max: 13, Diff: 12, Sum: 36]
      [GC Worker Other (ms): Min: 0.0, Avg: 0.0, Max: 0.0, Diff: 0.0, Sum: 0.0]
      [GC Worker Total (ms): Min: 181.0, Avg: 181.0, Max: 181.1, Diff: 0.0, Sum: 724.1]
      [GC Worker End (ms): Min: 65748.9, Avg: 65748.9, Max: 65748.9, Diff: 0.0]
   [Code Root Fixup: 0.0 ms]
   [Code Root Purge: 0.0 ms]
   [String Dedup Fixup: 0.1 ms, GC Workers: 4]
      [Queue Fixup (ms): Min: 0.0, Avg: 0.0, Max: 0.0, Diff: 0.0, Sum: 0.1]
      [Table Fixup (ms): Min: 0.1, Avg: 0.1, Max: 0.1, Diff: 0.0, Sum: 0.4]
   [Clear CT: 0.0 ms]
   [Other: 0.5 ms]
      [Choose CSet: 0.0 ms]
      [Ref Proc: 0.0 ms]
      [Ref Enq: 0.0 ms]
      [Redirty Cards: 0.1 ms]
      [Humongous Register: 0.0 ms]
      [Humongous Reclaim: 0.0 ms]
      [Free CSet: 0.1 ms]
   [Eden: 136.0M(136.0M)->0.0B(146.0M) Survivors: 37.0M->22.0M Heap: 1531.8M(2048.0M)->1443.9M(2048.0M)]
 [Times: user=0.75 sys=0.00, real=0.18 secs] 
65.750: [GC concurrent-string-deduplication, 11.6K->11.6K(0.0B), avg 7.5%, 0.0005837 secs]
   [Last Exec: 0.0005837 secs, Idle: 0.3692361 secs, Blocked: 0/0.0000000 secs]
      [Inspected:           12585]
         [Skipped:              0(  0.0%)]
         [Hashed:             248(  2.0%)]
         [Known:            12337( 98.0%)]
         [New:                248(  2.0%)     11.6K]
      [Deduplicated:            0(  0.0%)      0.0B(  0.0%)]
         [Young:                0(  0.0%)      0.0B(  0.0%)]
         [Old:                  0(  0.0%)      0.0B(  0.0%)]
   [Total Exec: 161/0.1273238 secs, Idle: 161/65.3990485 secs, Blocked: 0/0.0000000 secs]
      [Inspected:         1305535]
         [Skipped:              0(  0.0%)]
         [Hashed:           28236(  2.2%)]
         [Known:          1276200( 97.8%)]
         [New:              29335(  2.2%)   1450.0K]
      [Deduplicated:         2046(  7.0%)    109.3K(  7.5%)]
         [Young:                8(  0.4%)    424.0B(  0.4%)]
         [Old:               2038( 99.6%)    108.9K( 99.6%)]
   [Table]
      [Memory Usage: 322.4K]
      [Size: 8192, Min: 1024, Max: 16777216]
      [Entries: 10795, Load: 131.8%, Cached: 229, Added: 32451, Removed: 21656]
      [Resize Count: 3, Shrink Threshold: 5461(66.7%), Grow Threshold: 16384(200.0%)]
      [Rehash Count: 0, Rehash Threshold: 120, Hash Seed: 0x0]
      [Age Threshold: 3]
   [Queue]
      [Dropped: 0]
65.909: [GC pause (G1 Evacuation Pause) (young), 0.1498759 secs]
   [Parallel Time: 149.2 ms, GC Workers: 4]
      [GC Worker Start (ms): Min: 65909.3, Avg: 65909.3, Max: 65909.3, Diff: 0.0]
      [Ext Root Scanning (ms): Min: 0.2, Avg: 0.2, Max: 0.2, Diff: 0.0, Sum: 0.8]
      [Update RS (ms): Min: 20.7, Avg: 20.9, Max: 21.2, Diff: 0.5, Sum: 83.6]
         [Processed Buffers: Min: 34, Avg: 34.5, Max: 36, Diff: 2, Sum: 138]
      [Scan RS (ms): Min: 10.8, Avg: 11.1, Max: 11.3, Diff: 0.6, Sum: 44.4]
      [Code Root Scanning (ms): Min: 0.0, Avg: 0.0, Max: 0.0, Diff: 0.0, Sum: 0.0]
      [Object Copy (ms): Min: 116.8, Avg: 116.9, Max: 117.0, Diff: 0.3, Sum: 467.5]
      [Termination (ms): Min: 0.0, Avg: 0.0, Max: 0.0, Diff: 0.0, Sum: 0.0]
         [Termination Attempts: Min: 11, Avg: 18.0, Max: 23, Diff: 12, Sum: 72]
      [GC Worker Other (ms): Min: 0.0, Avg: 0.0, Max: 0.0, Diff: 0.0, Sum: 0.1]
      [GC Worker Total (ms): Min: 149.1, Avg: 149.1, Max: 149.2, Diff: 0.0, Sum: 596.6]
      [GC Worker End (ms): Min: 66058.4, Avg: 66058.4, Max: 66058.4, Diff: 0.0]
   [Code Root Fixup: 0.0 ms]
   [Code Root Purge: 0.0 ms]
   [String Dedup Fixup: 0.1 ms, GC Workers: 4]
      [Queue Fixup (ms): Min: 0.0, Avg: 0.0, Max: 0.0, Diff: 0.0, Sum: 0.1]
      [Table Fixup (ms): Min: 0.1, Avg: 0.1, Max: 0.1, Diff: 0.0, Sum: 0.4]
   [Clear CT: 0.1 ms]
   [Other: 0.5 ms]
      [Choose CSet: 0.0 ms]
      [Ref Proc: 0.1 ms]
      [Ref Enq: 0.0 ms]
      [Redirty Cards: 0.1 ms]
      [Humongous Register: 0.0 ms]
      [Humongous Reclaim: 0.0 ms]
      [Free CSet: 0.1 ms]
   [Eden: 146.0M(146.0M)->0.0B(105.0M) Survivors: 22.0M->21.0M Heap: 1589.9M(2048.0M)->1497.4M(2048.0M)]
 [Times: user=0.58 sys=0.00, real=0.15 secs] 
66.060: [GC concurrent-string-deduplication, 10.5K->10.4K(160.0B), avg 7.5%, 0.0005914 secs]
   [Last Exec: 0.0005914 secs, Idle: 0.3089227 secs, Blocked: 0/0.0000000 secs]
      [Inspected:           12003]
         [Skipped:              0(  0.0%)]
         [Hashed:             224(  1.9%)]
         [Known:            11779( 98.1%)]
         [New:                224(  1.9%)     10.5K]
      [Deduplicated:            3(  1.3%)    160.0B(  1.5%)]
         [Young:                0(  0.0%)      0.0B(  0.0%)]
         [Old:                  3(100.0%)    160.0B(100.0%)]
   [Total Exec: 162/0.1279152 secs, Idle: 162/65.7079712 secs, Blocked: 0/0.0000000 secs]
      [Inspected:         1317538]
         [Skipped:              0(  0.0%)]
         [Hashed:           28460(  2.2%)]
         [Known:          1287979( 97.8%)]
         [New:              29559(  2.2%)   1460.5K]
      [Deduplicated:         2049(  6.9%)    109.4K(  7.5%)]
         [Young:                8(  0.4%)    424.0B(  0.4%)]
         [Old:               2041( 99.6%)    109.0K( 99.6%)]
   [Table]
      [Memory Usage: 322.4K]
      [Size: 8192, Min: 1024, Max: 16777216]
      [Entries: 11016, Load: 134.5%, Cached: 8, Added: 32672, Removed: 21656]
      [Resize Count: 3, Shrink Threshold: 5461(66.7%), Grow Threshold: 16384(200.0%)]
      [Rehash Count: 0, Rehash Threshold: 120, Hash Seed: 0x0]
      [Age Threshold: 3]
   [Queue]
      [Dropped: 0]
66.183: [GC pause (G1 Evacuation Pause) (young), 0.0878014 secs]
   [Parallel Time: 87.2 ms, GC Workers: 4]
      [GC Worker Start (ms): Min: 66182.9, Avg: 66182.9, Max: 66183.0, Diff: 0.0]
      [Ext Root Scanning (ms): Min: 0.2, Avg: 0.2, Max: 0.2, Diff: 0.0, Sum: 0.8]
      [Update RS (ms): Min: 17.1, Avg: 17.2, Max: 17.4, Diff: 0.3, Sum: 68.7]
         [Processed Buffers: Min: 30, Avg: 31.0, Max: 32, Diff: 2, Sum: 124]
      [Scan RS (ms): Min: 3.5, Avg: 3.7, Max: 3.8, Diff: 0.2, Sum: 14.8]
      [Code Root Scanning (ms): Min: 0.0, Avg: 0.0, Max: 0.0, Diff: 0.0, Sum: 0.0]
      [Object Copy (ms): Min: 66.0, Avg: 66.1, Max: 66.1, Diff: 0.1, Sum: 264.4]
      [Termination (ms): Min: 0.0, Avg: 0.0, Max: 0.0, Diff: 0.0, Sum: 0.0]
         [Termination Attempts: Min: 5, Avg: 6.8, Max: 11, Diff: 6, Sum: 27]
      [GC Worker Other (ms): Min: 0.0, Avg: 0.0, Max: 0.0, Diff: 0.0, Sum: 0.1]
      [GC Worker Total (ms): Min: 87.2, Avg: 87.2, Max: 87.2, Diff: 0.0, Sum: 348.7]
      [GC Worker End (ms): Min: 66270.1, Avg: 66270.1, Max: 66270.1, Diff: 0.0]
   [Code Root Fixup: 0.0 ms]
   [Code Root Purge: 0.0 ms]
   [String Dedup Fixup: 0.1 ms, GC Workers: 4]
      [Queue Fixup (ms): Min: 0.0, Avg: 0.0, Max: 0.0, Diff: 0.0, Sum: 0.0]
      [Table Fixup (ms): Min: 0.1, Avg: 0.1, Max: 0.1, Diff: 0.0, Sum: 0.4]
   [Clear CT: 0.0 ms]
   [Other: 0.4 ms]
      [Choose CSet: 0.0 ms]
      [Ref Proc: 0.0 ms]
      [Ref Enq: 0.0 ms]
      [Redirty Cards: 0.1 ms]
      [Humongous Register: 0.0 ms]
      [Humongous Reclaim: 0.0 ms]
      [Free CSet: 0.1 ms]
   [Eden: 105.0M(105.0M)->0.0B(86.0M) Survivors: 21.0M->16.0M Heap: 1602.4M(2048.0M)->1535.0M(2048.0M)]
 [Times: user=0.38 sys=0.00, real=0.09 secs] 
66.271: [GC concurrent-string-deduplication, 5680.0B->5520.0B(160.0B), avg 7.5%, 0.0002704 secs]
   [Last Exec: 0.0002704 secs, Idle: 0.2109645 secs, Blocked: 0/0.0000000 secs]
      [Inspected:            5294]
         [Skipped:              0(  0.0%)]
         [Hashed:             118(  2.2%)]
         [Known:             5176( 97.8%)]
         [New:                118(  2.2%)   5680.0B]
      [Deduplicated:            3(  2.5%)    160.0B(  2.8%)]
         [Young:                0(  0.0%)      0.0B(  0.0%)]
         [Old:                  3(100.0%)    160.0B(100.0%)]
   [Total Exec: 163/0.1281856 secs, Idle: 163/65.9189358 secs, Blocked: 0/0.0000000 secs]
      [Inspected:         1322832]
         [Skipped:              0(  0.0%)]
         [Hashed:           28578(  2.2%)]
         [Known:          1293155( 97.8%)]
         [New:              29677(  2.2%)   1466.1K]
      [Deduplicated:         2052(  6.9%)    109.6K(  7.5%)]
         [Young:                8(  0.4%)    424.0B(  0.4%)]
         [Old:               2044( 99.6%)    109.2K( 99.6%)]
   [Table]
      [Memory Usage: 324.9K]
      [Size: 8192, Min: 1024, Max: 16777216]
      [Entries: 11131, Load: 135.9%, Cached: 0, Added: 32787, Removed: 21656]
      [Resize Count: 3, Shrink Threshold: 5461(66.7%), Grow Threshold: 16384(200.0%)]
      [Rehash Count: 0, Rehash Threshold: 120, Hash Seed: 0x0]
      [Age Threshold: 3]
   [Queue]
      [Dropped: 0]
66.366: [GC pause (G1 Evacuation Pause) (young), 0.0852868 secs]
   [Parallel Time: 84.8 ms, GC Workers: 4]
      [GC Worker Start (ms): Min: 66365.9, Avg: 66365.9, Max: 66365.9, Diff: 0.0]
      [Ext Root Scanning (ms): Min: 0.2, Avg: 0.2, Max: 0.2, Diff: 0.0, Sum: 0.8]
      [Update RS (ms): Min: 21.2, Avg: 21.2, Max: 21.3, Diff: 0.2, Sum: 85.0]
         [Processed Buffers: Min: 33, Avg: 33.8, Max: 34, Diff: 1, Sum: 135]
      [Scan RS (ms): Min: 0.4, Avg: 0.5, Max: 0.6, Diff: 0.2, Sum: 2.0]
      [Code Root Scanning (ms): Min: 0.0, Avg: 0.0, Max: 0.0, Diff: 0.0, Sum: 0.0]
      [Object Copy (ms): Min: 62.8, Avg: 62.8, Max: 62.8, Diff: 0.0, Sum: 251.1]
      [Termination (ms): Min: 0.0, Avg: 0.0, Max: 0.0, Diff: 0.0, Sum: 0.0]
         [Termination Attempts: Min: 14, Avg: 19.0, Max: 22, Diff: 8, Sum: 76]
      [GC Worker Other (ms): Min: 0.0, Avg: 0.0, Max: 0.0, Diff: 0.0, Sum: 0.0]
      [GC Worker Total (ms): Min: 84.7, Avg: 84.7, Max: 84.8, Diff: 0.0, Sum: 338.9]
      [GC Worker End (ms): Min: 66450.7, Avg: 66450.7, Max: 66450.7, Diff: 0.0]
   [Code Root Fixup: 0.0 ms]
   [Code Root Purge: 0.0 ms]
   [String Dedup Fixup: 0.1 ms, GC Workers: 4]
      [Queue Fixup (ms): Min: 0.0, Avg: 0.0, Max: 0.0, Diff: 0.0, Sum: 0.0]
      [Table Fixup (ms): Min: 0.1, Avg: 0.1, Max: 0.1, Diff: 0.0, Sum: 0.4]
   [Clear CT: 0.0 ms]
   [Other: 0.3 ms]
      [Choose CSet: 0.0 ms]
      [Ref Proc: 0.0 ms]
      [Ref Enq: 0.0 ms]
      [Redirty Cards: 0.1 ms]
      [Humongous Register: 0.0 ms]
      [Humongous Reclaim: 0.0 ms]
      [Free CSet: 0.1 ms]
   [Eden: 86.0M(86.0M)->0.0B(89.0M) Survivors: 16.0M->13.0M Heap: 1621.0M(2048.0M)->1565.7M(2048.0M)]
 [Times: user=0.36 sys=0.00, real=0.09 secs] 
66.452: [GC concurrent-string-deduplication, 5440.0B->5280.0B(160.0B), avg 7.5%, 0.0002656 secs]
   [Last Exec: 0.0002656 secs, Idle: 0.1801755 secs, Blocked: 0/0.0000000 secs]
      [Inspected:            5344]
         [Skipped:              0(  0.0%)]
         [Hashed:             113(  2.1%)]
         [Known:             5231( 97.9%)]
         [New:                113(  2.1%)   5440.0B]
      [Deduplicated:            3(  2.7%)    160.0B(  2.9%)]
         [Young:                0(  0.0%)      0.0B(  0.0%)]
         [Old:                  3(100.0%)    160.0B(100.0%)]
   [Total Exec: 164/0.1284512 secs, Idle: 164/66.0991113 secs, Blocked: 0/0.0000000 secs]
      [Inspected:         1328176]
         [Skipped:              0(  0.0%)]
         [Hashed:           28691(  2.2%)]
         [Known:          1298386( 97.8%)]
         [New:              29790(  2.2%)   1471.4K]
      [Deduplicated:         2055(  6.9%)    109.7K(  7.5%)]
         [Young:                8(  0.4%)    424.0B(  0.4%)]
         [Old:               2047( 99.6%)    109.3K( 99.6%)]
   [Table]
      [Memory Usage: 327.5K]
      [Size: 8192, Min: 1024, Max: 16777216]
      [Entries: 11241, Load: 137.2%, Cached: 0, Added: 32897, Removed: 21656]
      [Resize Count: 3, Shrink Threshold: 5461(66.7%), Grow Threshold: 16384(200.0%)]
      [Rehash Count: 0, Rehash Threshold: 120, Hash Seed: 0x0]
      [Age Threshold: 3]
   [Queue]
      [Dropped: 0]
66.543: [GC pause (G1 Evacuation Pause) (young), 0.0845122 secs]
   [Parallel Time: 84.0 ms, GC Workers: 4]
      [GC Worker Start (ms): Min: 66542.7, Avg: 66542.7, Max: 66542.7, Diff: 0.0]
      [Ext Root Scanning (ms): Min: 0.2, Avg: 0.2, Max: 0.2, Diff: 0.0, Sum: 0.8]
      [Update RS (ms): Min: 19.3, Avg: 19.4, Max: 19.6, Diff: 0.4, Sum: 77.4]
         [Processed Buffers: Min: 30, Avg: 30.5, Max: 31, Diff: 1, Sum: 122]
      [Scan RS (ms): Min: 0.0, Avg: 0.0, Max: 0.0, Diff: 0.0, Sum: 0.1]
      [Code Root Scanning (ms): Min: 0.0, Avg: 0.0, Max: 0.0, Diff: 0.0, Sum: 0.0]
      [Object Copy (ms): Min: 64.1, Avg: 64.4, Max: 64.5, Diff: 0.4, Sum: 257.4]
      [Termination (ms): Min: 0.0, Avg: 0.0, Max: 0.0, Diff: 0.0, Sum: 0.0]
         [Termination Attempts: Min: 8, Avg: 14.8, Max: 19, Diff: 11, Sum: 59]
      [GC Worker Other (ms): Min: 0.0, Avg: 0.0, Max: 0.0, Diff: 0.0, Sum: 0.1]
      [GC Worker Total (ms): Min: 83.9, Avg: 84.0, Max: 84.0, Diff: 0.0, Sum: 335.8]
      [GC Worker End (ms): Min: 66626.7, Avg: 66626.7, Max: 66626.7, Diff: 0.0]
   [Code Root Fixup: 0.0 ms]
   [Code Root Purge: 0.0 ms]
   [String Dedup Fixup: 0.1 ms, GC Workers: 4]
      [Queue Fixup (ms): Min: 0.0, Avg: 0.0, Max: 0.0, Diff: 0.0, Sum: 0.0]
      [Table Fixup (ms): Min: 0.1, Avg: 0.1, Max: 0.1, Diff: 0.0, Sum: 0.4]
   [Clear CT: 0.0 ms]
   [Other: 0.3 ms]
      [Choose CSet: 0.0 ms]
      [Ref Proc: 0.0 ms]
      [Ref Enq: 0.0 ms]
      [Redirty Cards: 0.1 ms]
      [Humongous Register: 0.0 ms]
      [Humongous Reclaim: 0.0 ms]
      [Free CSet: 0.1 ms]
   [Eden: 89.0M(89.0M)->0.0B(89.0M) Survivors: 13.0M->13.0M Heap: 1654.7M(2048.0M)->1599.9M(2048.0M)]
 [Times: user=0.38 sys=0.00, real=0.08 secs] 
66.628: [GC concurrent-string-deduplication, 6736.0B->6576.0B(160.0B), avg 7.4%, 0.0003483 secs]
   [Last Exec: 0.0003483 secs, Idle: 0.1757102 secs, Blocked: 0/0.0000000 secs]
      [Inspected:            7069]
         [Skipped:              0(  0.0%)]
         [Hashed:             140(  2.0%)]
         [Known:             6929( 98.0%)]
         [New:                140(  2.0%)   6736.0B]
      [Deduplicated:            3(  2.1%)    160.0B(  2.4%)]
         [Young:                0(  0.0%)      0.0B(  0.0%)]
         [Old:                  3(100.0%)    160.0B(100.0%)]
   [Total Exec: 165/0.1287995 secs, Idle: 165/66.2748214 secs, Blocked: 0/0.0000000 secs]
      [Inspected:         1335245]
         [Skipped:              0(  0.0%)]
         [Hashed:           28831(  2.2%)]
         [Known:          1305315( 97.8%)]
         [New:              29930(  2.2%)   1478.0K]
      [Deduplicated:         2058(  6.9%)    109.9K(  7.4%)]
         [Young:                8(  0.4%)    424.0B(  0.4%)]
         [Old:               2050( 99.6%)    109.5K( 99.6%)]
   [Table]
      [Memory Usage: 330.7K]
      [Size: 8192, Min: 1024, Max: 16777216]
      [Entries: 11378, Load: 138.9%, Cached: 0, Added: 33034, Removed: 21656]
      [Resize Count: 3, Shrink Threshold: 5461(66.7%), Grow Threshold: 16384(200.0%)]
      [Rehash Count: 0, Rehash Threshold: 120, Hash Seed: 0x0]
      [Age Threshold: 3]
   [Queue]
      [Dropped: 0]
66.713: [GC pause (G1 Evacuation Pause) (young), 0.0717336 secs]
   [Parallel Time: 71.3 ms, GC Workers: 4]
      [GC Worker Start (ms): Min: 66713.4, Avg: 66713.4, Max: 66713.4, Diff: 0.0]
      [Ext Root Scanning (ms): Min: 0.2, Avg: 0.2, Max: 0.2, Diff: 0.0, Sum: 0.8]
      [Update RS (ms): Min: 19.9, Avg: 20.3, Max: 20.4, Diff: 0.5, Sum: 81.1]
         [Processed Buffers: Min: 32, Avg: 33.3, Max: 35, Diff: 3, Sum: 133]
      [Scan RS (ms): Min: 0.0, Avg: 0.0, Max: 0.0, Diff: 0.0, Sum: 0.0]
      [Code Root Scanning (ms): Min: 0.0, Avg: 0.0, Max: 0.0, Diff: 0.0, Sum: 0.0]
      [Object Copy (ms): Min: 50.6, Avg: 50.7, Max: 51.1, Diff: 0.5, Sum: 202.9]
      [Termination (ms): Min: 0.0, Avg: 0.0, Max: 0.0, Diff: 0.0, Sum: 0.0]
         [Termination Attempts: Min: 24, Avg: 29.5, Max: 38, Diff: 14, Sum: 118]
      [GC Worker Other (ms): Min: 0.0, Avg: 0.0, Max: 0.0, Diff: 0.0, Sum: 0.0]
      [GC Worker Total (ms): Min: 71.2, Avg: 71.2, Max: 71.2, Diff: 0.0, Sum: 284.9]
      [GC Worker End (ms): Min: 66784.6, Avg: 66784.6, Max: 66784.6, Diff: 0.0]
   [Code Root Fixup: 0.0 ms]
   [Code Root Purge: 0.0 ms]
   [String Dedup Fixup: 0.1 ms, GC Workers: 4]
      [Queue Fixup (ms): Min: 0.0, Avg: 0.0, Max: 0.0, Diff: 0.0, Sum: 0.0]
      [Table Fixup (ms): Min: 0.1, Avg: 0.1, Max: 0.1, Diff: 0.0, Sum: 0.4]
   [Clear CT: 0.0 ms]
   [Other: 0.3 ms]
      [Choose CSet: 0.0 ms]
      [Ref Proc: 0.0 ms]
      [Ref Enq: 0.0 ms]
      [Redirty Cards: 0.1 ms]
      [Humongous Register: 0.0 ms]
      [Humongous Reclaim: 0.0 ms]
      [Free CSet: 0.1 ms]
   [Eden: 89.0M(89.0M)->0.0B(89.0M) Survivors: 13.0M->13.0M Heap: 1688.9M(2048.0M)->1629.7M(2048.0M)]
 [Times: user=0.31 sys=0.00, real=0.07 secs] 
66.785: [GC concurrent-string-deduplication, 4960.0B->4800.0B(160.0B), avg 7.4%, 0.0002537 secs]
   [Last Exec: 0.0002537 secs, Idle: 0.1574822 secs, Blocked: 0/0.0000000 secs]
      [Inspected:            5094]
         [Skipped:              0(  0.0%)]
         [Hashed:             103(  2.0%)]
         [Known:             4991( 98.0%)]
         [New:                103(  2.0%)   4960.0B]
      [Deduplicated:            3(  2.9%)    160.0B(  3.2%)]
         [Young:                0(  0.0%)      0.0B(  0.0%)]
         [Old:                  3(100.0%)    160.0B(100.0%)]
   [Total Exec: 166/0.1290532 secs, Idle: 166/66.4323037 secs, Blocked: 0/0.0000000 secs]
      [Inspected:         1340339]
         [Skipped:              0(  0.0%)]
         [Hashed:           28934(  2.2%)]
         [Known:          1310306( 97.8%)]
         [New:              30033(  2.2%)   1482.8K]
      [Deduplicated:         2061(  6.9%)    110.0K(  7.4%)]
         [Young:                8(  0.4%)    424.0B(  0.4%)]
         [Old:               2053( 99.6%)    109.6K( 99.6%)]
   [Table]
      [Memory Usage: 333.0K]
      [Size: 8192, Min: 1024, Max: 16777216]
      [Entries: 11478, Load: 140.1%, Cached: 0, Added: 33134, Removed: 21656]
      [Resize Count: 3, Shrink Threshold: 5461(66.7%), Grow Threshold: 16384(200.0%)]
      [Rehash Count: 0, Rehash Threshold: 120, Hash Seed: 0x0]
      [Age Threshold: 3]
   [Queue]
      [Dropped: 0]
66.865: [GC pause (G1 Evacuation Pause) (young), 0.0859578 secs]
   [Parallel Time: 85.5 ms, GC Workers: 4]
      [GC Worker Start (ms): Min: 66865.3, Avg: 66865.3, Max: 66865.3, Diff: 0.0]
      [Ext Root Scanning (ms): Min: 0.2, Avg: 0.2, Max: 0.2, Diff: 0.0, Sum: 0.8]
      [Update RS (ms): Min: 26.5, Avg: 26.8, Max: 27.0, Diff: 0.6, Sum: 107.0]
         [Processed Buffers: Min: 42, Avg: 43.0, Max: 44, Diff: 2, Sum: 172]
      [Scan RS (ms): Min: 0.0, Avg: 0.0, Max: 0.0, Diff: 0.0, Sum: 0.1]
      [Code Root Scanning (ms): Min: 0.0, Avg: 0.0, Max: 0.0, Diff: 0.0, Sum: 0.0]
      [Object Copy (ms): Min: 58.2, Avg: 58.4, Max: 58.7, Diff: 0.5, Sum: 233.8]
      [Termination (ms): Min: 0.0, Avg: 0.0, Max: 0.0, Diff: 0.0, Sum: 0.0]
         [Termination Attempts: Min: 19, Avg: 24.5, Max: 29, Diff: 10, Sum: 98]
      [GC Worker Other (ms): Min: 0.0, Avg: 0.0, Max: 0.0, Diff: 0.0, Sum: 0.0]
      [GC Worker Total (ms): Min: 85.4, Avg: 85.4, Max: 85.5, Diff: 0.0, Sum: 341.7]
      [GC Worker End (ms): Min: 66950.8, Avg: 66950.8, Max: 66950.8, Diff: 0.0]
   [Code Root Fixup: 0.0 ms]
   [Code Root Purge: 0.0 ms]
   [String Dedup Fixup: 0.1 ms, GC Workers: 4]
      [Queue Fixup (ms): Min: 0.0, Avg: 0.0, Max: 0.0, Diff: 0.0, Sum: 0.0]
      [Table Fixup (ms): Min: 0.1, Avg: 0.1, Max: 0.1, Diff: 0.0, Sum: 0.5]
   [Clear CT: 0.0 ms]
   [Other: 0.3 ms]
      [Choose CSet: 0.0 ms]
      [Ref Proc: 0.0 ms]
      [Ref Enq: 0.0 ms]
      [Redirty Cards: 0.1 ms]
      [Humongous Register: 0.0 ms]
      [Humongous Reclaim: 0.0 ms]
      [Free CSet: 0.1 ms]
   [Eden: 89.0M(89.0M)->0.0B(89.0M) Survivors: 13.0M->13.0M Heap: 1718.7M(2048.0M)->1665.4M(2048.0M)]
 [Times: user=0.38 sys=0.00, real=0.09 secs] 
66.952: [GC concurrent-string-deduplication, 6448.0B->6288.0B(160.0B), avg 7.4%, 0.0003089 secs]
   [Last Exec: 0.0003089 secs, Idle: 0.1658782 secs, Blocked: 0/0.0000000 secs]
      [Inspected:            6114]
         [Skipped:              0(  0.0%)]
         [Hashed:             134(  2.2%)]
         [Known:             5980( 97.8%)]
         [New:                134(  2.2%)   6448.0B]
      [Deduplicated:            3(  2.2%)    160.0B(  2.5%)]
         [Young:                0(  0.0%)      0.0B(  0.0%)]
         [Old:                  3(100.0%)    160.0B(100.0%)]
   [Total Exec: 167/0.1293621 secs, Idle: 167/66.5981819 secs, Blocked: 0/0.0000000 secs]
      [Inspected:         1346453]
         [Skipped:              0(  0.0%)]
         [Hashed:           29068(  2.2%)]
         [Known:          1316286( 97.8%)]
         [New:              30167(  2.2%)   1489.1K]
      [Deduplicated:         2064(  6.8%)    110.2K(  7.4%)]
         [Young:                8(  0.4%)    424.0B(  0.4%)]
         [Old:               2056( 99.6%)    109.8K( 99.6%)]
   [Table]
      [Memory Usage: 336.1K]
      [Size: 8192, Min: 1024, Max: 16777216]
      [Entries: 11609, Load: 141.7%, Cached: 0, Added: 33265, Removed: 21656]
      [Resize Count: 3, Shrink Threshold: 5461(66.7%), Grow Threshold: 16384(200.0%)]
      [Rehash Count: 0, Rehash Threshold: 120, Hash Seed: 0x0]
      [Age Threshold: 3]
   [Queue]
      [Dropped: 0]
67.033: [GC pause (G1 Evacuation Pause) (young), 0.0824774 secs]
   [Parallel Time: 82.0 ms, GC Workers: 4]
      [GC Worker Start (ms): Min: 67032.8, Avg: 67032.9, Max: 67032.9, Diff: 0.0]
      [Ext Root Scanning (ms): Min: 0.2, Avg: 0.2, Max: 0.2, Diff: 0.0, Sum: 0.8]
      [Update RS (ms): Min: 16.9, Avg: 17.0, Max: 17.2, Diff: 0.3, Sum: 68.1]
         [Processed Buffers: Min: 26, Avg: 27.0, Max: 28, Diff: 2, Sum: 108]
      [Scan RS (ms): Min: 1.9, Avg: 2.1, Max: 2.2, Diff: 0.2, Sum: 8.4]
      [Code Root Scanning (ms): Min: 0.0, Avg: 0.0, Max: 0.0, Diff: 0.0, Sum: 0.0]
      [Object Copy (ms): Min: 62.6, Avg: 62.6, Max: 62.7, Diff: 0.1, Sum: 250.6]
      [Termination (ms): Min: 0.0, Avg: 0.0, Max: 0.0, Diff: 0.0, Sum: 0.0]
         [Termination Attempts: Min: 13, Avg: 16.5, Max: 22, Diff: 9, Sum: 66]
      [GC Worker Other (ms): Min: 0.0, Avg: 0.0, Max: 0.0, Diff: 0.0, Sum: 0.0]
      [GC Worker Total (ms): Min: 82.0, Avg: 82.0, Max: 82.0, Diff: 0.0, Sum: 327.9]
      [GC Worker End (ms): Min: 67114.8, Avg: 67114.8, Max: 67114.8, Diff: 0.0]
   [Code Root Fixup: 0.0 ms]
   [Code Root Purge: 0.0 ms]
   [String Dedup Fixup: 0.1 ms, GC Workers: 4]
      [Queue Fixup (ms): Min: 0.0, Avg: 0.0, Max: 0.0, Diff: 0.0, Sum: 0.0]
      [Table Fixup (ms): Min: 0.1, Avg: 0.1, Max: 0.1, Diff: 0.0, Sum: 0.5]
   [Clear CT: 0.0 ms]
   [Other: 0.3 ms]
      [Choose CSet: 0.0 ms]
      [Ref Proc: 0.0 ms]
      [Ref Enq: 0.0 ms]
      [Redirty Cards: 0.1 ms]
      [Humongous Register: 0.0 ms]
      [Humongous Reclaim: 0.0 ms]
      [Free CSet: 0.1 ms]
   [Eden: 89.0M(89.0M)->0.0B(89.0M) Survivors: 13.0M->13.0M Heap: 1754.4M(2048.0M)->1697.8M(2048.0M)]
 [Times: user=0.31 sys=0.00, real=0.08 secs] 
67.116: [GC concurrent-string-deduplication, 7472.0B->7152.0B(320.0B), avg 7.4%, 0.0003493 secs]
   [Last Exec: 0.0003493 secs, Idle: 0.1636603 secs, Blocked: 0/0.0000000 secs]
      [Inspected:            7084]
         [Skipped:              0(  0.0%)]
         [Hashed:             155(  2.2%)]
         [Known:             6929( 97.8%)]
         [New:                155(  2.2%)   7472.0B]
      [Deduplicated:            6(  3.9%)    320.0B(  4.3%)]
         [Young:                0(  0.0%)      0.0B(  0.0%)]
         [Old:                  6(100.0%)    320.0B(100.0%)]
   [Total Exec: 168/0.1297114 secs, Idle: 168/66.7618422 secs, Blocked: 0/0.0000000 secs]
      [Inspected:         1353537]
         [Skipped:              0(  0.0%)]
         [Hashed:           29223(  2.2%)]
         [Known:          1323215( 97.8%)]
         [New:              30322(  2.2%)   1496.4K]
      [Deduplicated:         2070(  6.8%)    110.5K(  7.4%)]
         [Young:                8(  0.4%)    424.0B(  0.4%)]
         [Old:               2062( 99.6%)    110.1K( 99.6%)]
   [Table]
      [Memory Usage: 339.6K]
      [Size: 8192, Min: 1024, Max: 16777216]
      [Entries: 11758, Load: 143.5%, Cached: 0, Added: 33414, Removed: 21656]
      [Resize Count: 3, Shrink Threshold: 5461(66.7%), Grow Threshold: 16384(200.0%)]
      [Rehash Count: 0, Rehash Threshold: 120, Hash Seed: 0x0]
      [Age Threshold: 3]
   [Queue]
      [Dropped: 0]
67.197: [GC pause (G1 Evacuation Pause) (young), 0.0696062 secs]
   [Parallel Time: 69.1 ms, GC Workers: 4]
      [GC Worker Start (ms): Min: 67197.2, Avg: 67197.2, Max: 67197.2, Diff: 0.0]
      [Ext Root Scanning (ms): Min: 0.2, Avg: 0.2, Max: 0.2, Diff: 0.0, Sum: 0.8]
      [Update RS (ms): Min: 17.6, Avg: 17.9, Max: 18.2, Diff: 0.6, Sum: 71.7]
         [Processed Buffers: Min: 28, Avg: 29.3, Max: 30, Diff: 2, Sum: 117]
      [Scan RS (ms): Min: 0.0, Avg: 0.3, Max: 0.6, Diff: 0.6, Sum: 1.0]
      [Code Root Scanning (ms): Min: 0.0, Avg: 0.0, Max: 0.0, Diff: 0.0, Sum: 0.0]
      [Object Copy (ms): Min: 50.7, Avg: 50.7, Max: 50.7, Diff: 0.0, Sum: 202.8]
      [Termination (ms): Min: 0.0, Avg: 0.0, Max: 0.0, Diff: 0.0, Sum: 0.0]
         [Termination Attempts: Min: 15, Avg: 17.8, Max: 20, Diff: 5, Sum: 71]
      [GC Worker Other (ms): Min: 0.0, Avg: 0.0, Max: 0.0, Diff: 0.0, Sum: 0.0]
      [GC Worker Total (ms): Min: 69.1, Avg: 69.1, Max: 69.1, Diff: 0.0, Sum: 276.3]
      [GC Worker End (ms): Min: 67266.3, Avg: 67266.3, Max: 67266.3, Diff: 0.0]
   [Code Root Fixup: 0.0 ms]
   [Code Root Purge: 0.0 ms]
   [String Dedup Fixup: 0.1 ms, GC Workers: 4]
      [Queue Fixup (ms): Min: 0.0, Avg: 0.0, Max: 0.0, Diff: 0.0, Sum: 0.0]
      [Table Fixup (ms): Min: 0.1, Avg: 0.1, Max: 0.1, Diff: 0.0, Sum: 0.5]
   [Clear CT: 0.0 ms]
   [Other: 0.3 ms]
      [Choose CSet: 0.0 ms]
      [Ref Proc: 0.0 ms]
      [Ref Enq: 0.0 ms]
      [Redirty Cards: 0.1 ms]
      [Humongous Register: 0.0 ms]
      [Humongous Reclaim: 0.0 ms]
      [Free CSet: 0.1 ms]
   [Eden: 89.0M(89.0M)->0.0B(89.0M) Survivors: 13.0M->13.0M Heap: 1786.8M(2048.0M)->1730.7M(2048.0M)]
 [Times: user=0.31 sys=0.00, real=0.07 secs] 
67.267: [GC concurrent-string-deduplication, 4032.0B->4032.0B(0.0B), avg 7.4%, 0.0001969 secs]
   [Last Exec: 0.0001969 secs, Idle: 0.1511047 secs, Blocked: 0/0.0000000 secs]
      [Inspected:            4006]
         [Skipped:              0(  0.0%)]
         [Hashed:              84(  2.1%)]
         [Known:             3922( 97.9%)]
         [New:                 84(  2.1%)   4032.0B]
      [Deduplicated:            0(  0.0%)      0.0B(  0.0%)]
         [Young:                0(  0.0%)      0.0B(  0.0%)]
         [Old:                  0(  0.0%)      0.0B(  0.0%)]
   [Total Exec: 169/0.1299083 secs, Idle: 169/66.9129469 secs, Blocked: 0/0.0000000 secs]
      [Inspected:         1357543]
         [Skipped:              0(  0.0%)]
         [Hashed:           29307(  2.2%)]
         [Known:          1327137( 97.8%)]
         [New:              30406(  2.2%)   1500.3K]
      [Deduplicated:         2070(  6.8%)    110.5K(  7.4%)]
         [Young:                8(  0.4%)    424.0B(  0.4%)]
         [Old:               2062( 99.6%)    110.1K( 99.6%)]
   [Table]
      [Memory Usage: 341.5K]
      [Size: 8192, Min: 1024, Max: 16777216]
      [Entries: 11842, Load: 144.6%, Cached: 0, Added: 33498, Removed: 21656]
      [Resize Count: 3, Shrink Threshold: 5461(66.7%), Grow Threshold: 16384(200.0%)]
      [Rehash Count: 0, Rehash Threshold: 120, Hash Seed: 0x0]
      [Age Threshold: 3]
   [Queue]
      [Dropped: 0]
67.349: [GC pause (G1 Evacuation Pause) (young) (to-space exhausted), 0.0803705 secs]
   [Parallel Time: 74.3 ms, GC Workers: 4]
      [GC Worker Start (ms): Min: 67348.9, Avg: 67348.9, Max: 67348.9, Diff: 0.0]
      [Ext Root Scanning (ms): Min: 0.2, Avg: 0.2, Max: 0.2, Diff: 0.0, Sum: 0.8]
      [Update RS (ms): Min: 20.5, Avg: 20.6, Max: 21.1, Diff: 0.7, Sum: 82.6]
         [Processed Buffers: Min: 31, Avg: 32.0, Max: 33, Diff: 2, Sum: 128]
      [Scan RS (ms): Min: 0.7, Avg: 1.1, Max: 1.3, Diff: 0.6, Sum: 4.6]
      [Code Root Scanning (ms): Min: 0.0, Avg: 0.0, Max: 0.0, Diff: 0.0, Sum: 0.0]
      [Object Copy (ms): Min: 52.2, Avg: 52.2, Max: 52.3, Diff: 0.0, Sum: 209.0]
      [Termination (ms): Min: 0.0, Avg: 0.0, Max: 0.0, Diff: 0.0, Sum: 0.0]
         [Termination Attempts: Min: 10, Avg: 15.5, Max: 21, Diff: 11, Sum: 62]
      [GC Worker Other (ms): Min: 0.0, Avg: 0.0, Max: 0.0, Diff: 0.0, Sum: 0.0]
      [GC Worker Total (ms): Min: 74.2, Avg: 74.3, Max: 74.3, Diff: 0.0, Sum: 297.0]
      [GC Worker End (ms): Min: 67423.1, Avg: 67423.1, Max: 67423.2, Diff: 0.0]
   [Code Root Fixup: 0.0 ms]
   [Code Root Purge: 0.0 ms]
   [String Dedup Fixup: 0.1 ms, GC Workers: 4]
      [Queue Fixup (ms): Min: 0.0, Avg: 0.0, Max: 0.0, Diff: 0.0, Sum: 0.0]
      [Table Fixup (ms): Min: 0.1, Avg: 0.1, Max: 0.1, Diff: 0.0, Sum: 0.5]
   [Clear CT: 0.0 ms]
   [Other: 5.9 ms]
      [Evacuation Failure: 5.6 ms]
      [Choose CSet: 0.0 ms]
      [Ref Proc: 0.0 ms]
      [Ref Enq: 0.0 ms]
      [Redirty Cards: 0.1 ms]
      [Humongous Register: 0.0 ms]
      [Humongous Reclaim: 0.0 ms]
      [Free CSet: 0.1 ms]
   [Eden: 89.0M(89.0M)->0.0B(89.0M) Survivors: 13.0M->13.0M Heap: 1819.7M(2048.0M)->1796.2M(2048.0M)]
 [Times: user=0.30 sys=0.00, real=0.08 secs] 
67.430: [GC concurrent-string-deduplication, 6656.0B->6336.0B(320.0B), avg 7.4%, 0.0003316 secs]
   [Last Exec: 0.0003316 secs, Idle: 0.1621891 secs, Blocked: 0/0.0000000 secs]
      [Inspected:            6409]
         [Skipped:              0(  0.0%)]
         [Hashed:             138(  2.2%)]
         [Known:             6271( 97.8%)]
         [New:                138(  2.2%)   6656.0B]
      [Deduplicated:            6(  4.3%)    320.0B(  4.8%)]
         [Young:                0(  0.0%)      0.0B(  0.0%)]
         [Old:                  6(100.0%)    320.0B(100.0%)]
   [Total Exec: 170/0.1302400 secs, Idle: 170/67.0751360 secs, Blocked: 0/0.0000000 secs]
      [Inspected:         1363952]
         [Skipped:              0(  0.0%)]
         [Hashed:           29445(  2.2%)]
         [Known:          1333408( 97.8%)]
         [New:              30544(  2.2%)   1506.8K]
      [Deduplicated:         2076(  6.8%)    110.8K(  7.4%)]
         [Young:                8(  0.4%)    424.0B(  0.4%)]
         [Old:               2068( 99.6%)    110.4K( 99.6%)]
   [Table]
      [Memory Usage: 344.6K]
      [Size: 8192, Min: 1024, Max: 16777216]
      [Entries: 11974, Load: 146.2%, Cached: 0, Added: 33630, Removed: 21656]
      [Resize Count: 3, Shrink Threshold: 5461(66.7%), Grow Threshold: 16384(200.0%)]
      [Rehash Count: 0, Rehash Threshold: 120, Hash Seed: 0x0]
      [Age Threshold: 3]
   [Queue]
      [Dropped: 0]
67.496: [GC pause (G1 Evacuation Pause) (young) (to-space exhausted), 0.1053705 secs]
   [Parallel Time: 92.8 ms, GC Workers: 4]
      [GC Worker Start (ms): Min: 67496.5, Avg: 67496.5, Max: 67496.5, Diff: 0.0]
      [Ext Root Scanning (ms): Min: 0.2, Avg: 0.2, Max: 0.2, Diff: 0.0, Sum: 0.8]
      [Update RS (ms): Min: 9.9, Avg: 15.8, Max: 17.9, Diff: 8.0, Sum: 63.2]
         [Processed Buffers: Min: 18, Avg: 31.8, Max: 37, Diff: 19, Sum: 127]
      [Scan RS (ms): Min: 0.6, Avg: 0.7, Max: 0.8, Diff: 0.3, Sum: 2.8]
      [Code Root Scanning (ms): Min: 0.0, Avg: 0.0, Max: 0.0, Diff: 0.0, Sum: 0.0]
      [Object Copy (ms): Min: 59.4, Avg: 71.2, Max: 79.6, Diff: 20.2, Sum: 284.7]
      [Termination (ms): Min: 0.0, Avg: 4.9, Max: 14.7, Diff: 14.7, Sum: 19.5]
         [Termination Attempts: Min: 1, Avg: 8.3, Max: 30, Diff: 29, Sum: 33]
      [GC Worker Other (ms): Min: 0.0, Avg: 0.0, Max: 0.0, Diff: 0.0, Sum: 0.0]
      [GC Worker Total (ms): Min: 92.8, Avg: 92.8, Max: 92.8, Diff: 0.0, Sum: 371.1]
      [GC Worker End (ms): Min: 67589.2, Avg: 67589.2, Max: 67589.3, Diff: 0.0]
   [Code Root Fixup: 0.0 ms]
   [Code Root Purge: 0.0 ms]
   [String Dedup Fixup: 0.2 ms, GC Workers: 4]
      [Queue Fixup (ms): Min: 0.0, Avg: 0.0, Max: 0.0, Diff: 0.0, Sum: 0.0]
      [Table Fixup (ms): Min: 0.1, Avg: 0.1, Max: 0.1, Diff: 0.0, Sum: 0.5]
   [Clear CT: 0.2 ms]
   [Other: 12.2 ms]
      [Evacuation Failure: 11.7 ms]
      [Choose CSet: 0.0 ms]
      [Ref Proc: 0.1 ms]
      [Ref Enq: 0.0 ms]
      [Redirty Cards: 0.2 ms]
      [Humongous Register: 0.0 ms]
      [Humongous Reclaim: 0.0 ms]
      [Free CSet: 0.1 ms]
   [Eden: 50.0M(89.0M)->0.0B(102.0M) Survivors: 13.0M->0.0B Heap: 1846.2M(2048.0M)->1841.2M(2048.0M)]
 [Times: user=0.31 sys=0.00, real=0.11 secs] 
67.615: [GC pause (G1 Evacuation Pause) (young) (to-space exhausted), 0.0266970 secs]
   [Parallel Time: 25.4 ms, GC Workers: 4]
      [GC Worker Start (ms): Min: 67614.6, Avg: 67614.7, Max: 67614.7, Diff: 0.0]
      [Ext Root Scanning (ms): Min: 0.2, Avg: 0.2, Max: 0.2, Diff: 0.0, Sum: 0.8]
      [Update RS (ms): Min: 21.7, Avg: 21.9, Max: 22.0, Diff: 0.3, Sum: 87.6]
         [Processed Buffers: Min: 47, Avg: 47.5, Max: 48, Diff: 1, Sum: 190]
      [Scan RS (ms): Min: 0.0, Avg: 0.0, Max: 0.0, Diff: 0.0, Sum: 0.0]
      [Code Root Scanning (ms): Min: 0.0, Avg: 0.0, Max: 0.0, Diff: 0.0, Sum: 0.0]
      [Object Copy (ms): Min: 2.3, Avg: 2.9, Max: 3.2, Diff: 0.9, Sum: 11.4]
      [Termination (ms): Min: 0.0, Avg: 0.4, Max: 0.9, Diff: 0.9, Sum: 1.5]
         [Termination Attempts: Min: 1, Avg: 1.0, Max: 1, Diff: 0, Sum: 4]
      [GC Worker Other (ms): Min: 0.0, Avg: 0.0, Max: 0.0, Diff: 0.0, Sum: 0.0]
      [GC Worker Total (ms): Min: 25.3, Avg: 25.3, Max: 25.3, Diff: 0.0, Sum: 101.3]
      [GC Worker End (ms): Min: 67640.0, Avg: 67640.0, Max: 67640.0, Diff: 0.0]
   [Code Root Fixup: 0.0 ms]
   [Code Root Purge: 0.0 ms]
   [String Dedup Fixup: 0.1 ms, GC Workers: 4]
      [Queue Fixup (ms): Min: 0.0, Avg: 0.0, Max: 0.0, Diff: 0.0, Sum: 0.0]
      [Table Fixup (ms): Min: 0.1, Avg: 0.1, Max: 0.1, Diff: 0.0, Sum: 0.4]
   [Clear CT: 0.1 ms]
   [Other: 1.1 ms]
      [Evacuation Failure: 0.9 ms]
      [Choose CSet: 0.0 ms]
      [Ref Proc: 0.0 ms]
      [Ref Enq: 0.0 ms]
      [Redirty Cards: 0.1 ms]
      [Humongous Register: 0.0 ms]
      [Humongous Reclaim: 0.0 ms]
      [Free CSet: 0.0 ms]
   [Eden: 5120.0K(102.0M)->0.0B(102.0M) Survivors: 0.0B->0.0B Heap: 1846.2M(2048.0M)->1845.2M(2048.0M)]
 [Times: user=0.08 sys=0.00, real=0.03 secs] 
67.642: [GC pause (G1 Evacuation Pause) (young) (to-space exhausted), 0.0026698 secs]
   [Parallel Time: 1.8 ms, GC Workers: 4]
      [GC Worker Start (ms): Min: 67642.1, Avg: 67642.1, Max: 67642.2, Diff: 0.0]
      [Ext Root Scanning (ms): Min: 0.2, Avg: 0.2, Max: 0.2, Diff: 0.0, Sum: 0.8]
      [Update RS (ms): Min: 0.6, Avg: 1.3, Max: 1.6, Diff: 1.0, Sum: 5.0]
         [Processed Buffers: Min: 4, Avg: 5.3, Max: 6, Diff: 2, Sum: 21]
      [Scan RS (ms): Min: 0.0, Avg: 0.0, Max: 0.0, Diff: 0.0, Sum: 0.0]
      [Code Root Scanning (ms): Min: 0.0, Avg: 0.0, Max: 0.0, Diff: 0.0, Sum: 0.0]
      [Object Copy (ms): Min: 0.0, Avg: 0.2, Max: 0.8, Diff: 0.8, Sum: 0.8]
      [Termination (ms): Min: 0.0, Avg: 0.2, Max: 0.3, Diff: 0.3, Sum: 0.6]
         [Termination Attempts: Min: 1, Avg: 1.0, Max: 1, Diff: 0, Sum: 4]
      [GC Worker Other (ms): Min: 0.0, Avg: 0.0, Max: 0.0, Diff: 0.0, Sum: 0.0]
      [GC Worker Total (ms): Min: 1.8, Avg: 1.8, Max: 1.8, Diff: 0.0, Sum: 7.2]
      [GC Worker End (ms): Min: 67644.0, Avg: 67644.0, Max: 67644.0, Diff: 0.0]
   [Code Root Fixup: 0.0 ms]
   [Code Root Purge: 0.0 ms]
   [String Dedup Fixup: 0.1 ms, GC Workers: 4]
      [Queue Fixup (ms): Min: 0.0, Avg: 0.0, Max: 0.0, Diff: 0.0, Sum: 0.0]
      [Table Fixup (ms): Min: 0.1, Avg: 0.1, Max: 0.1, Diff: 0.0, Sum: 0.3]
   [Clear CT: 0.1 ms]
   [Other: 0.7 ms]
      [Evacuation Failure: 0.5 ms]
      [Choose CSet: 0.0 ms]
      [Ref Proc: 0.1 ms]
      [Ref Enq: 0.0 ms]
      [Redirty Cards: 0.0 ms]
      [Humongous Register: 0.0 ms]
      [Humongous Reclaim: 0.0 ms]
      [Free CSet: 0.0 ms]
   [Eden: 1024.0K(102.0M)->0.0B(102.0M) Survivors: 0.0B->0.0B Heap: 1846.2M(2048.0M)->1846.2M(2048.0M)]
 [Times: user=0.00 sys=0.00, real=0.00 secs] 
67.645: [Full GC (Allocation Failure)  1846M->1209M(2048M), 1.6924580 secs]
   [Eden: 0.0B(102.0M)->0.0B(327.0M) Survivors: 0.0B->0.0B Heap: 1846.2M(2048.0M)->1209.6M(2048.0M)], [Metaspace: 9345K->9345K(1058816K)]
 [Times: user=3.36 sys=0.02, real=1.69 secs] 
69.338: [GC concurrent-mark-abort]
69.625: [GC pause (G1 Evacuation Pause) (young), 0.1445622 secs]
   [Parallel Time: 143.8 ms, GC Workers: 4]
      [GC Worker Start (ms): Min: 69624.7, Avg: 69624.8, Max: 69624.8, Diff: 0.1]
      [Ext Root Scanning (ms): Min: 0.2, Avg: 0.2, Max: 0.3, Diff: 0.1, Sum: 0.9]
      [Update RS (ms): Min: 0.0, Avg: 0.0, Max: 0.1, Diff: 0.1, Sum: 0.1]
         [Processed Buffers: Min: 0, Avg: 1.0, Max: 2, Diff: 2, Sum: 4]
      [Scan RS (ms): Min: 0.0, Avg: 0.0, Max: 0.1, Diff: 0.1, Sum: 0.2]
      [Code Root Scanning (ms): Min: 0.0, Avg: 0.0, Max: 0.0, Diff: 0.0, Sum: 0.0]
      [Object Copy (ms): Min: 143.5, Avg: 143.5, Max: 143.5, Diff: 0.0, Sum: 573.9]
      [Termination (ms): Min: 0.0, Avg: 0.0, Max: 0.0, Diff: 0.0, Sum: 0.0]
         [Termination Attempts: Min: 18, Avg: 23.3, Max: 28, Diff: 10, Sum: 93]
      [GC Worker Other (ms): Min: 0.0, Avg: 0.0, Max: 0.0, Diff: 0.0, Sum: 0.1]
      [GC Worker Total (ms): Min: 143.7, Avg: 143.8, Max: 143.8, Diff: 0.1, Sum: 575.1]
      [GC Worker End (ms): Min: 69768.6, Avg: 69768.6, Max: 69768.6, Diff: 0.0]
   [Code Root Fixup: 0.0 ms]
   [Code Root Purge: 0.0 ms]
   [String Dedup Fixup: 0.1 ms, GC Workers: 4]
      [Queue Fixup (ms): Min: 0.0, Avg: 0.0, Max: 0.0, Diff: 0.0, Sum: 0.1]
      [Table Fixup (ms): Min: 0.1, Avg: 0.1, Max: 0.1, Diff: 0.0, Sum: 0.4]
   [Clear CT: 0.1 ms]
   [Other: 0.5 ms]
      [Choose CSet: 0.0 ms]
      [Ref Proc: 0.0 ms]
      [Ref Enq: 0.0 ms]
      [Redirty Cards: 0.1 ms]
      [Humongous Register: 0.0 ms]
      [Humongous Reclaim: 0.0 ms]
      [Free CSet: 0.2 ms]
   [Eden: 327.0M(327.0M)->0.0B(233.0M) Survivors: 0.0B->41.0M Heap: 1536.6M(2048.0M)->1329.6M(2048.0M)]
 [Times: user=0.56 sys=0.00, real=0.15 secs] 
69.770: [GC concurrent-string-deduplication, 13.5K->13.5K(0.0B), avg 7.3%, 0.0007592 secs]
   [Last Exec: 0.0007592 secs, Idle: 2.3396585 secs, Blocked: 0/0.0000000 secs]
      [Inspected:           15106]
         [Skipped:              0(  0.0%)]
         [Hashed:             287(  1.9%)]
         [Known:            14819( 98.1%)]
         [New:                287(  1.9%)     13.5K]
      [Deduplicated:            0(  0.0%)      0.0B(  0.0%)]
         [Young:                0(  0.0%)      0.0B(  0.0%)]
         [Old:                  0(  0.0%)      0.0B(  0.0%)]
   [Total Exec: 171/0.1309991 secs, Idle: 171/69.4147945 secs, Blocked: 0/0.0000000 secs]
      [Inspected:         1379058]
         [Skipped:              0(  0.0%)]
         [Hashed:           29732(  2.2%)]
         [Known:          1348227( 97.8%)]
         [New:              30831(  2.2%)   1520.3K]
      [Deduplicated:         2076(  6.7%)    110.8K(  7.3%)]
         [Young:                8(  0.4%)    424.0B(  0.4%)]
         [Old:               2068( 99.6%)    110.4K( 99.6%)]
   [Table]
      [Memory Usage: 326.1K]
      [Size: 8192, Min: 1024, Max: 16777216]
      [Entries: 10362, Load: 126.5%, Cached: 819, Added: 33933, Removed: 23571]
      [Resize Count: 3, Shrink Threshold: 5461(66.7%), Grow Threshold: 16384(200.0%)]
      [Rehash Count: 0, Rehash Threshold: 120, Hash Seed: 0x0]
      [Age Threshold: 3]
   [Queue]
      [Dropped: 0]
69.994: [GC pause (G1 Evacuation Pause) (young) (initial-mark), 0.1919027 secs]
   [Parallel Time: 190.8 ms, GC Workers: 4]
      [GC Worker Start (ms): Min: 69994.2, Avg: 69994.2, Max: 69994.3, Diff: 0.0]
      [Ext Root Scanning (ms): Min: 0.3, Avg: 0.3, Max: 0.3, Diff: 0.0, Sum: 1.1]
      [Update RS (ms): Min: 18.5, Avg: 18.7, Max: 18.9, Diff: 0.4, Sum: 74.9]
         [Processed Buffers: Min: 28, Avg: 28.5, Max: 29, Diff: 1, Sum: 114]
      [Scan RS (ms): Min: 10.2, Avg: 10.3, Max: 10.6, Diff: 0.3, Sum: 41.4]
      [Code Root Scanning (ms): Min: 0.0, Avg: 0.0, Max: 0.0, Diff: 0.0, Sum: 0.0]
      [Object Copy (ms): Min: 161.4, Avg: 161.4, Max: 161.4, Diff: 0.0, Sum: 645.6]
      [Termination (ms): Min: 0.0, Avg: 0.0, Max: 0.0, Diff: 0.0, Sum: 0.0]
         [Termination Attempts: Min: 13, Avg: 14.8, Max: 17, Diff: 4, Sum: 59]
      [GC Worker Other (ms): Min: 0.0, Avg: 0.0, Max: 0.0, Diff: 0.0, Sum: 0.1]
      [GC Worker Total (ms): Min: 190.7, Avg: 190.8, Max: 190.8, Diff: 0.0, Sum: 763.0]
      [GC Worker End (ms): Min: 70185.0, Avg: 70185.0, Max: 70185.0, Diff: 0.0]
   [Code Root Fixup: 0.0 ms]
   [Code Root Purge: 0.0 ms]
   [String Dedup Fixup: 0.2 ms, GC Workers: 4]
      [Queue Fixup (ms): Min: 0.0, Avg: 0.0, Max: 0.1, Diff: 0.0, Sum: 0.1]
      [Table Fixup (ms): Min: 0.1, Avg: 0.1, Max: 0.1, Diff: 0.0, Sum: 0.4]
   [Clear CT: 0.1 ms]
   [Other: 0.8 ms]
      [Choose CSet: 0.0 ms]
      [Ref Proc: 0.0 ms]
      [Ref Enq: 0.0 ms]
      [Redirty Cards: 0.2 ms]
      [Humongous Register: 0.0 ms]
      [Humongous Reclaim: 0.0 ms]
      [Free CSet: 0.3 ms]
   [Eden: 233.0M(233.0M)->0.0B(169.0M) Survivors: 41.0M->35.0M Heap: 1562.6M(2048.0M)->1414.3M(2048.0M)]
 [Times: user=0.81 sys=0.00, real=0.19 secs] 
70.186: [GC concurrent-root-region-scan-start]
70.187: [GC concurrent-string-deduplication, 19.1K->18.8K(320.0B), avg 7.2%, 0.0010123 secs]
   [Last Exec: 0.0010123 secs, Idle: 0.4159418 secs, Blocked: 0/0.0000000 secs]
      [Inspected:           21141]
         [Skipped:              0(  0.0%)]
         [Hashed:             406(  1.9%)]
         [Known:            20735( 98.1%)]
         [New:                406(  1.9%)     19.1K]
      [Deduplicated:            6(  1.5%)    320.0B(  1.6%)]
         [Young:                0(  0.0%)      0.0B(  0.0%)]
         [Old:                  6(100.0%)    320.0B(100.0%)]
   [Total Exec: 172/0.1320114 secs, Idle: 172/69.8307364 secs, Blocked: 0/0.0000000 secs]
      [Inspected:         1400199]
         [Skipped:              0(  0.0%)]
         [Hashed:           30138(  2.2%)]
         [Known:          1368962( 97.8%)]
         [New:              31237(  2.2%)   1539.3K]
      [Deduplicated:         2082(  6.7%)    111.1K(  7.2%)]
         [Young:                8(  0.4%)    424.0B(  0.4%)]
         [Old:               2074( 99.6%)    110.7K( 99.6%)]
   [Table]
      [Memory Usage: 326.1K]
      [Size: 8192, Min: 1024, Max: 16777216]
      [Entries: 10762, Load: 131.4%, Cached: 419, Added: 34333, Removed: 23571]
      [Resize Count: 3, Shrink Threshold: 5461(66.7%), Grow Threshold: 16384(200.0%)]
      [Rehash Count: 0, Rehash Threshold: 120, Hash Seed: 0x0]
      [Age Threshold: 3]
   [Queue]
      [Dropped: 0]
70.275: [GC concurrent-root-region-scan-end, 0.0887793 secs]
70.275: [GC concurrent-mark-start]
70.427: [GC pause (G1 Evacuation Pause) (young), 0.1583162 secs]
   [Parallel Time: 157.6 ms, GC Workers: 4]
      [GC Worker Start (ms): Min: 70427.0, Avg: 70427.1, Max: 70427.1, Diff: 0.1]
      [Ext Root Scanning (ms): Min: 0.2, Avg: 0.2, Max: 0.2, Diff: 0.1, Sum: 0.8]
      [Update RS (ms): Min: 19.5, Avg: 19.8, Max: 19.9, Diff: 0.4, Sum: 79.2]
         [Processed Buffers: Min: 31, Avg: 31.5, Max: 32, Diff: 1, Sum: 126]
      [Scan RS (ms): Min: 11.2, Avg: 11.3, Max: 11.6, Diff: 0.4, Sum: 45.3]
      [Code Root Scanning (ms): Min: 0.0, Avg: 0.0, Max: 0.0, Diff: 0.0, Sum: 0.0]
      [Object Copy (ms): Min: 126.2, Avg: 126.2, Max: 126.2, Diff: 0.0, Sum: 504.8]
      [Termination (ms): Min: 0.0, Avg: 0.0, Max: 0.0, Diff: 0.0, Sum: 0.0]
         [Termination Attempts: Min: 23, Avg: 103.3, Max: 146, Diff: 123, Sum: 413]
      [GC Worker Other (ms): Min: 0.0, Avg: 0.0, Max: 0.0, Diff: 0.0, Sum: 0.1]
      [GC Worker Total (ms): Min: 157.5, Avg: 157.6, Max: 157.6, Diff: 0.1, Sum: 630.2]
      [GC Worker End (ms): Min: 70584.6, Avg: 70584.6, Max: 70584.6, Diff: 0.0]
   [Code Root Fixup: 0.0 ms]
   [Code Root Purge: 0.0 ms]
   [String Dedup Fixup: 0.1 ms, GC Workers: 4]
      [Queue Fixup (ms): Min: 0.0, Avg: 0.0, Max: 0.0, Diff: 0.0, Sum: 0.1]
      [Table Fixup (ms): Min: 0.1, Avg: 0.1, Max: 0.1, Diff: 0.0, Sum: 0.4]
   [Clear CT: 0.1 ms]
   [Other: 0.5 ms]
      [Choose CSet: 0.0 ms]
      [Ref Proc: 0.0 ms]
      [Ref Enq: 0.0 ms]
      [Redirty Cards: 0.2 ms]
      [Humongous Register: 0.0 ms]
      [Humongous Reclaim: 0.0 ms]
      [Free CSet: 0.2 ms]
   [Eden: 169.0M(169.0M)->0.0B(120.0M) Survivors: 35.0M->26.0M Heap: 1583.3M(2048.0M)->1479.0M(2048.0M)]
 [Times: user=0.61 sys=0.00, real=0.16 secs] 
70.586: [GC concurrent-string-deduplication, 10.5K->10.2K(320.0B), avg 7.2%, 0.0004911 secs]
   [Last Exec: 0.0004911 secs, Idle: 0.3982505 secs, Blocked: 0/0.0000000 secs]
      [Inspected:           10169]
         [Skipped:              0(  0.0%)]
         [Hashed:             224(  2.2%)]
         [Known:             9945( 97.8%)]
         [New:                224(  2.2%)     10.5K]
      [Deduplicated:            6(  2.7%)    320.0B(  3.0%)]
         [Young:                0(  0.0%)      0.0B(  0.0%)]
         [Old:                  6(100.0%)    320.0B(100.0%)]
   [Total Exec: 173/0.1325024 secs, Idle: 173/70.2289869 secs, Blocked: 0/0.0000000 secs]
      [Inspected:         1410368]
         [Skipped:              0(  0.0%)]
         [Hashed:           30362(  2.2%)]
         [Known:          1378907( 97.8%)]
         [New:              31461(  2.2%)   1549.9K]
      [Deduplicated:         2088(  6.6%)    111.5K(  7.2%)]
         [Young:                8(  0.4%)    424.0B(  0.4%)]
         [Old:               2080( 99.6%)    111.0K( 99.6%)]
   [Table]
      [Memory Usage: 326.1K]
      [Size: 8192, Min: 1024, Max: 16777216]
      [Entries: 10980, Load: 134.0%, Cached: 201, Added: 34551, Removed: 23571]
      [Resize Count: 3, Shrink Threshold: 5461(66.7%), Grow Threshold: 16384(200.0%)]
      [Rehash Count: 0, Rehash Threshold: 120, Hash Seed: 0x0]
      [Age Threshold: 3]
   [Queue]
      [Dropped: 0]
70.725: [GC pause (G1 Evacuation Pause) (young), 0.1039493 secs]
   [Parallel Time: 103.4 ms, GC Workers: 4]
      [GC Worker Start (ms): Min: 70724.6, Avg: 70724.6, Max: 70724.7, Diff: 0.0]
      [Ext Root Scanning (ms): Min: 0.2, Avg: 0.2, Max: 0.2, Diff: 0.0, Sum: 0.8]
      [Update RS (ms): Min: 19.0, Avg: 19.2, Max: 19.4, Diff: 0.4, Sum: 76.9]
         [Processed Buffers: Min: 33, Avg: 34.5, Max: 35, Diff: 2, Sum: 138]
      [Scan RS (ms): Min: 1.9, Avg: 2.2, Max: 2.4, Diff: 0.4, Sum: 8.6]
      [Code Root Scanning (ms): Min: 0.0, Avg: 0.0, Max: 0.0, Diff: 0.0, Sum: 0.0]
      [Object Copy (ms): Min: 81.7, Avg: 81.7, Max: 81.8, Diff: 0.0, Sum: 326.9]
      [Termination (ms): Min: 0.0, Avg: 0.0, Max: 0.0, Diff: 0.0, Sum: 0.0]
         [Termination Attempts: Min: 22, Avg: 29.3, Max: 36, Diff: 14, Sum: 117]
      [GC Worker Other (ms): Min: 0.0, Avg: 0.0, Max: 0.0, Diff: 0.0, Sum: 0.1]
      [GC Worker Total (ms): Min: 103.3, Avg: 103.3, Max: 103.3, Diff: 0.0, Sum: 413.3]
      [GC Worker End (ms): Min: 70828.0, Avg: 70828.0, Max: 70828.0, Diff: 0.0]
   [Code Root Fixup: 0.0 ms]
   [Code Root Purge: 0.0 ms]
   [String Dedup Fixup: 0.1 ms, GC Workers: 4]
      [Queue Fixup (ms): Min: 0.0, Avg: 0.0, Max: 0.0, Diff: 0.0, Sum: 0.1]
      [Table Fixup (ms): Min: 0.1, Avg: 0.1, Max: 0.1, Diff: 0.0, Sum: 0.4]
   [Clear CT: 0.0 ms]
   [Other: 0.4 ms]
      [Choose CSet: 0.0 ms]
      [Ref Proc: 0.0 ms]
      [Ref Enq: 0.0 ms]
      [Redirty Cards: 0.1 ms]
      [Humongous Register: 0.0 ms]
      [Humongous Reclaim: 0.0 ms]
      [Free CSet: 0.1 ms]
   [Eden: 120.0M(120.0M)->0.0B(88.0M) Survivors: 26.0M->19.0M Heap: 1599.0M(2048.0M)->1523.0M(2048.0M)]
 [Times: user=0.44 sys=0.00, real=0.10 secs] 
70.829: [GC concurrent-string-deduplication, 9472.0B->9312.0B(160.0B), avg 7.2%, 0.0004346 secs]
   [Last Exec: 0.0004346 secs, Idle: 0.2426625 secs, Blocked: 0/0.0000000 secs]
      [Inspected:            9250]
         [Skipped:              0(  0.0%)]
         [Hashed:             197(  2.1%)]
         [Known:             9053( 97.9%)]
         [New:                197(  2.1%)   9472.0B]
      [Deduplicated:            3(  1.5%)    160.0B(  1.7%)]
         [Young:                0(  0.0%)      0.0B(  0.0%)]
         [Old:                  3(100.0%)    160.0B(100.0%)]
   [Total Exec: 174/0.1329370 secs, Idle: 174/70.4716494 secs, Blocked: 0/0.0000000 secs]
      [Inspected:         1419618]
         [Skipped:              0(  0.0%)]
         [Hashed:           30559(  2.2%)]
         [Known:          1387960( 97.8%)]
         [New:              31658(  2.2%)   1559.1K]
      [Deduplicated:         2091(  6.6%)    111.6K(  7.2%)]
         [Young:                8(  0.4%)    424.0B(  0.4%)]
         [Old:               2083( 99.6%)    111.2K( 99.6%)]
   [Table]
      [Memory Usage: 326.1K]
      [Size: 8192, Min: 1024, Max: 16777216]
      [Entries: 11174, Load: 136.4%, Cached: 7, Added: 34745, Removed: 23571]
      [Resize Count: 3, Shrink Threshold: 5461(66.7%), Grow Threshold: 16384(200.0%)]
      [Rehash Count: 0, Rehash Threshold: 120, Hash Seed: 0x0]
      [Age Threshold: 3]
   [Queue]
      [Dropped: 0]
70.922: [GC pause (G1 Evacuation Pause) (young), 0.0819498 secs]
   [Parallel Time: 81.4 ms, GC Workers: 4]
      [GC Worker Start (ms): Min: 70922.1, Avg: 70922.1, Max: 70922.1, Diff: 0.0]
      [Ext Root Scanning (ms): Min: 0.2, Avg: 0.2, Max: 0.2, Diff: 0.0, Sum: 0.8]
      [Update RS (ms): Min: 21.5, Avg: 21.5, Max: 21.6, Diff: 0.1, Sum: 86.2]
         [Processed Buffers: Min: 35, Avg: 37.5, Max: 39, Diff: 4, Sum: 150]
      [Scan RS (ms): Min: 3.3, Avg: 3.3, Max: 3.4, Diff: 0.1, Sum: 13.1]
      [Code Root Scanning (ms): Min: 0.0, Avg: 0.0, Max: 0.0, Diff: 0.0, Sum: 0.0]
      [Object Copy (ms): Min: 56.3, Avg: 56.4, Max: 56.4, Diff: 0.1, Sum: 225.4]
      [Termination (ms): Min: 0.0, Avg: 0.0, Max: 0.0, Diff: 0.0, Sum: 0.0]
         [Termination Attempts: Min: 4, Avg: 8.0, Max: 11, Diff: 7, Sum: 32]
      [GC Worker Other (ms): Min: 0.0, Avg: 0.0, Max: 0.0, Diff: 0.0, Sum: 0.0]
      [GC Worker Total (ms): Min: 81.4, Avg: 81.4, Max: 81.4, Diff: 0.0, Sum: 325.6]
      [GC Worker End (ms): Min: 71003.5, Avg: 71003.5, Max: 71003.5, Diff: 0.0]
   [Code Root Fixup: 0.0 ms]
   [Code Root Purge: 0.0 ms]
   [String Dedup Fixup: 0.1 ms, GC Workers: 4]
      [Queue Fixup (ms): Min: 0.0, Avg: 0.0, Max: 0.0, Diff: 0.0, Sum: 0.1]
      [Table Fixup (ms): Min: 0.1, Avg: 0.1, Max: 0.1, Diff: 0.0, Sum: 0.4]
   [Clear CT: 0.0 ms]
   [Other: 0.3 ms]
      [Choose CSet: 0.0 ms]
      [Ref Proc: 0.0 ms]
      [Ref Enq: 0.0 ms]
      [Redirty Cards: 0.1 ms]
      [Humongous Register: 0.0 ms]
      [Humongous Reclaim: 0.0 ms]
      [Free CSet: 0.1 ms]
   [Eden: 88.0M(88.0M)->0.0B(88.0M) Survivors: 19.0M->14.0M Heap: 1611.0M(2048.0M)->1556.5M(2048.0M)]
 [Times: user=0.31 sys=0.00, real=0.08 secs] 
71.005: [GC concurrent-string-deduplication, 9504.0B->9504.0B(0.0B), avg 7.1%, 0.0004814 secs]
   [Last Exec: 0.0004814 secs, Idle: 0.1750414 secs, Blocked: 0/0.0000000 secs]
      [Inspected:           10013]
         [Skipped:              0(  0.0%)]
         [Hashed:             198(  2.0%)]
         [Known:             9815( 98.0%)]
         [New:                198(  2.0%)   9504.0B]
      [Deduplicated:            0(  0.0%)      0.0B(  0.0%)]
         [Young:                0(  0.0%)      0.0B(  0.0%)]
         [Old:                  0(  0.0%)      0.0B(  0.0%)]
   [Total Exec: 175/0.1334185 secs, Idle: 175/70.6466908 secs, Blocked: 0/0.0000000 secs]
      [Inspected:         1429631]
         [Skipped:              0(  0.0%)]
         [Hashed:           30757(  2.2%)]
         [Known:          1397775( 97.8%)]
         [New:              31856(  2.2%)   1568.4K]
      [Deduplicated:         2091(  6.6%)    111.6K(  7.1%)]
         [Young:                8(  0.4%)    424.0B(  0.4%)]
         [Old:               2083( 99.6%)    111.2K( 99.6%)]
   [Table]
      [Memory Usage: 330.5K]
      [Size: 8192, Min: 1024, Max: 16777216]
      [Entries: 11372, Load: 138.8%, Cached: 0, Added: 34943, Removed: 23571]
      [Resize Count: 3, Shrink Threshold: 5461(66.7%), Grow Threshold: 16384(200.0%)]
      [Rehash Count: 0, Rehash Threshold: 120, Hash Seed: 0x0]
      [Age Threshold: 3]
   [Queue]
      [Dropped: 0]
71.090: [GC pause (G1 Evacuation Pause) (young), 0.0512894 secs]
   [Parallel Time: 50.8 ms, GC Workers: 4]
      [GC Worker Start (ms): Min: 71089.6, Avg: 71089.6, Max: 71089.6, Diff: 0.0]
      [Ext Root Scanning (ms): Min: 0.2, Avg: 0.2, Max: 0.2, Diff: 0.0, Sum: 0.8]
      [Update RS (ms): Min: 17.5, Avg: 17.5, Max: 17.5, Diff: 0.1, Sum: 70.0]
         [Processed Buffers: Min: 31, Avg: 33.8, Max: 36, Diff: 5, Sum: 135]
      [Scan RS (ms): Min: 0.0, Avg: 0.0, Max: 0.0, Diff: 0.0, Sum: 0.0]
      [Code Root Scanning (ms): Min: 0.0, Avg: 0.0, Max: 0.0, Diff: 0.0, Sum: 0.0]
      [Object Copy (ms): Min: 33.0, Avg: 33.0, Max: 33.0, Diff: 0.1, Sum: 132.0]
      [Termination (ms): Min: 0.0, Avg: 0.0, Max: 0.0, Diff: 0.0, Sum: 0.0]
         [Termination Attempts: Min: 28, Avg: 32.3, Max: 36, Diff: 8, Sum: 129]
      [GC Worker Other (ms): Min: 0.0, Avg: 0.0, Max: 0.0, Diff: 0.0, Sum: 0.0]
      [GC Worker Total (ms): Min: 50.7, Avg: 50.8, Max: 50.8, Diff: 0.0, Sum: 203.0]
      [GC Worker End (ms): Min: 71140.4, Avg: 71140.4, Max: 71140.4, Diff: 0.0]
   [Code Root Fixup: 0.0 ms]
   [Code Root Purge: 0.0 ms]
   [String Dedup Fixup: 0.1 ms, GC Workers: 4]
      [Queue Fixup (ms): Min: 0.0, Avg: 0.0, Max: 0.0, Diff: 0.0, Sum: 0.0]
      [Table Fixup (ms): Min: 0.1, Avg: 0.1, Max: 0.1, Diff: 0.0, Sum: 0.5]
   [Clear CT: 0.0 ms]
   [Other: 0.3 ms]
      [Choose CSet: 0.0 ms]
      [Ref Proc: 0.0 ms]
      [Ref Enq: 0.0 ms]
      [Redirty Cards: 0.1 ms]
      [Humongous Register: 0.0 ms]
      [Humongous Reclaim: 0.0 ms]
      [Free CSet: 0.1 ms]
   [Eden: 88.0M(88.0M)->0.0B(89.0M) Survivors: 14.0M->13.0M Heap: 1644.5M(2048.0M)->1590.5M(2048.0M)]
 [Times: user=0.25 sys=0.00, real=0.05 secs] 
71.141: [GC concurrent-string-deduplication, 1472.0B->1152.0B(320.0B), avg 7.1%, 0.0000577 secs]
   [Last Exec: 0.0000577 secs, Idle: 0.1363298 secs, Blocked: 0/0.0000000 secs]
      [Inspected:            1011]
         [Skipped:              0(  0.0%)]
         [Hashed:              30(  3.0%)]
         [Known:              981( 97.0%)]
         [New:                 30(  3.0%)   1472.0B]
      [Deduplicated:            6( 20.0%)    320.0B( 21.7%)]
         [Young:                0(  0.0%)      0.0B(  0.0%)]
         [Old:                  6(100.0%)    320.0B(100.0%)]
   [Total Exec: 176/0.1334762 secs, Idle: 176/70.7830207 secs, Blocked: 0/0.0000000 secs]
      [Inspected:         1430642]
         [Skipped:              0(  0.0%)]
         [Hashed:           30787(  2.2%)]
         [Known:          1398756( 97.8%)]
         [New:              31886(  2.2%)   1569.8K]
      [Deduplicated:         2097(  6.6%)    111.9K(  7.1%)]
         [Young:                8(  0.4%)    424.0B(  0.4%)]
         [Old:               2089( 99.6%)    111.5K( 99.6%)]
   [Table]
      [Memory Usage: 331.1K]
      [Size: 8192, Min: 1024, Max: 16777216]
      [Entries: 11396, Load: 139.1%, Cached: 0, Added: 34967, Removed: 23571]
      [Resize Count: 3, Shrink Threshold: 5461(66.7%), Grow Threshold: 16384(200.0%)]
      [Rehash Count: 0, Rehash Threshold: 120, Hash Seed: 0x0]
      [Age Threshold: 3]
   [Queue]
      [Dropped: 0]
71.220: [GC pause (G1 Evacuation Pause) (young), 0.0793807 secs]
   [Parallel Time: 78.9 ms, GC Workers: 4]
      [GC Worker Start (ms): Min: 71219.8, Avg: 71219.8, Max: 71219.9, Diff: 0.1]
      [Ext Root Scanning (ms): Min: 0.2, Avg: 0.2, Max: 0.3, Diff: 0.1, Sum: 0.9]
      [Update RS (ms): Min: 19.2, Avg: 19.4, Max: 19.5, Diff: 0.3, Sum: 77.6]
         [Processed Buffers: Min: 35, Avg: 37.0, Max: 39, Diff: 4, Sum: 148]
      [Scan RS (ms): Min: 0.2, Avg: 0.3, Max: 0.5, Diff: 0.3, Sum: 1.2]
      [Code Root Scanning (ms): Min: 0.0, Avg: 0.0, Max: 0.0, Diff: 0.0, Sum: 0.0]
      [Object Copy (ms): Min: 58.9, Avg: 58.9, Max: 58.9, Diff: 0.0, Sum: 235.6]
      [Termination (ms): Min: 0.0, Avg: 0.0, Max: 0.0, Diff: 0.0, Sum: 0.0]
         [Termination Attempts: Min: 6, Avg: 7.8, Max: 11, Diff: 5, Sum: 31]
      [GC Worker Other (ms): Min: 0.0, Avg: 0.0, Max: 0.0, Diff: 0.0, Sum: 0.1]
      [GC Worker Total (ms): Min: 78.8, Avg: 78.8, Max: 78.9, Diff: 0.1, Sum: 315.3]
      [GC Worker End (ms): Min: 71298.6, Avg: 71298.6, Max: 71298.6, Diff: 0.0]
   [Code Root Fixup: 0.0 ms]
   [Code Root Purge: 0.0 ms]
   [String Dedup Fixup: 0.1 ms, GC Workers: 4]
      [Queue Fixup (ms): Min: 0.0, Avg: 0.0, Max: 0.0, Diff: 0.0, Sum: 0.1]
      [Table Fixup (ms): Min: 0.1, Avg: 0.1, Max: 0.1, Diff: 0.0, Sum: 0.4]
   [Clear CT: 0.0 ms]
   [Other: 0.3 ms]
      [Choose CSet: 0.0 ms]
      [Ref Proc: 0.0 ms]
      [Ref Enq: 0.0 ms]
      [Redirty Cards: 0.1 ms]
      [Humongous Register: 0.0 ms]
      [Humongous Reclaim: 0.0 ms]
      [Free CSet: 0.1 ms]
   [Eden: 89.0M(89.0M)->0.0B(89.0M) Survivors: 13.0M->13.0M Heap: 1679.5M(2048.0M)->1623.8M(2048.0M)]
 [Times: user=0.31 sys=0.00, real=0.08 secs] 
71.300: [GC concurrent-string-deduplication, 8592.0B->8592.0B(0.0B), avg 7.1%, 0.0004667 secs]
   [Last Exec: 0.0004667 secs, Idle: 0.1581468 secs, Blocked: 0/0.0000000 secs]
      [Inspected:            9315]
         [Skipped:              0(  0.0%)]
         [Hashed:             179(  1.9%)]
         [Known:             9136( 98.1%)]
         [New:                179(  1.9%)   8592.0B]
      [Deduplicated:            0(  0.0%)      0.0B(  0.0%)]
         [Young:                0(  0.0%)      0.0B(  0.0%)]
         [Old:                  0(  0.0%)      0.0B(  0.0%)]
   [Total Exec: 177/0.1339429 secs, Idle: 177/70.9411675 secs, Blocked: 0/0.0000000 secs]
      [Inspected:         1439957]
         [Skipped:              0(  0.0%)]
         [Hashed:           30966(  2.2%)]
         [Known:          1407892( 97.8%)]
         [New:              32065(  2.2%)   1578.2K]
      [Deduplicated:         2097(  6.5%)    111.9K(  7.1%)]
         [Young:                8(  0.4%)    424.0B(  0.4%)]
         [Old:               2089( 99.6%)    111.5K( 99.6%)]
   [Table]
      [Memory Usage: 335.3K]
      [Size: 8192, Min: 1024, Max: 16777216]
      [Entries: 11575, Load: 141.3%, Cached: 0, Added: 35146, Removed: 23571]
      [Resize Count: 3, Shrink Threshold: 5461(66.7%), Grow Threshold: 16384(200.0%)]
      [Rehash Count: 0, Rehash Threshold: 120, Hash Seed: 0x0]
      [Age Threshold: 3]
   [Queue]
      [Dropped: 0]
71.378: [GC pause (G1 Evacuation Pause) (young), 0.0738412 secs]
   [Parallel Time: 73.4 ms, GC Workers: 4]
      [GC Worker Start (ms): Min: 71378.1, Avg: 71378.1, Max: 71378.1, Diff: 0.0]
      [Ext Root Scanning (ms): Min: 0.2, Avg: 0.2, Max: 0.2, Diff: 0.0, Sum: 0.8]
      [Update RS (ms): Min: 28.5, Avg: 28.6, Max: 28.8, Diff: 0.3, Sum: 114.2]
         [Processed Buffers: Min: 50, Avg: 52.0, Max: 54, Diff: 4, Sum: 208]
      [Scan RS (ms): Min: 0.0, Avg: 0.0, Max: 0.0, Diff: 0.0, Sum: 0.1]
      [Code Root Scanning (ms): Min: 0.0, Avg: 0.0, Max: 0.0, Diff: 0.0, Sum: 0.0]
      [Object Copy (ms): Min: 44.3, Avg: 44.5, Max: 44.6, Diff: 0.3, Sum: 178.1]
      [Termination (ms): Min: 0.0, Avg: 0.0, Max: 0.0, Diff: 0.0, Sum: 0.0]
         [Termination Attempts: Min: 11, Avg: 19.0, Max: 22, Diff: 11, Sum: 76]
      [GC Worker Other (ms): Min: 0.0, Avg: 0.0, Max: 0.0, Diff: 0.0, Sum: 0.0]
      [GC Worker Total (ms): Min: 73.3, Avg: 73.3, Max: 73.3, Diff: 0.0, Sum: 293.3]
      [GC Worker End (ms): Min: 71451.4, Avg: 71451.4, Max: 71451.4, Diff: 0.0]
   [Code Root Fixup: 0.0 ms]
   [Code Root Purge: 0.0 ms]
   [String Dedup Fixup: 0.1 ms, GC Workers: 4]
      [Queue Fixup (ms): Min: 0.0, Avg: 0.0, Max: 0.0, Diff: 0.0, Sum: 0.0]
      [Table Fixup (ms): Min: 0.1, Avg: 0.1, Max: 0.1, Diff: 0.0, Sum: 0.5]
   [Clear CT: 0.0 ms]
   [Other: 0.3 ms]
      [Choose CSet: 0.0 ms]
      [Ref Proc: 0.0 ms]
      [Ref Enq: 0.0 ms]
      [Redirty Cards: 0.1 ms]
      [Humongous Register: 0.0 ms]
      [Humongous Reclaim: 0.0 ms]
      [Free CSet: 0.1 ms]
   [Eden: 89.0M(89.0M)->0.0B(89.0M) Survivors: 13.0M->13.0M Heap: 1712.8M(2048.0M)->1656.0M(2048.0M)]
 [Times: user=0.31 sys=0.00, real=0.07 secs] 
71.452: [GC concurrent-string-deduplication, 2896.0B->2736.0B(160.0B), avg 7.1%, 0.0001767 secs]
   [Last Exec: 0.0001767 secs, Idle: 0.1522131 secs, Blocked: 0/0.0000000 secs]
      [Inspected:            2783]
         [Skipped:              0(  0.0%)]
         [Hashed:              60(  2.2%)]
         [Known:             2723( 97.8%)]
         [New:                 60(  2.2%)   2896.0B]
      [Deduplicated:            3(  5.0%)    160.0B(  5.5%)]
         [Young:                0(  0.0%)      0.0B(  0.0%)]
         [Old:                  3(100.0%)    160.0B(100.0%)]
   [Total Exec: 178/0.1341196 secs, Idle: 178/71.0933806 secs, Blocked: 0/0.0000000 secs]
      [Inspected:         1442740]
         [Skipped:              0(  0.0%)]
         [Hashed:           31026(  2.2%)]
         [Known:          1410615( 97.8%)]
         [New:              32125(  2.2%)   1581.1K]
      [Deduplicated:         2100(  6.5%)    112.1K(  7.1%)]
         [Young:                8(  0.4%)    424.0B(  0.4%)]
         [Old:               2092( 99.6%)    111.7K( 99.6%)]
   [Table]
      [Memory Usage: 336.6K]
      [Size: 8192, Min: 1024, Max: 16777216]
      [Entries: 11632, Load: 142.0%, Cached: 0, Added: 35203, Removed: 23571]
      [Resize Count: 3, Shrink Threshold: 5461(66.7%), Grow Threshold: 16384(200.0%)]
      [Rehash Count: 0, Rehash Threshold: 120, Hash Seed: 0x0]
      [Age Threshold: 3]
   [Queue]
      [Dropped: 0]
71.533: [GC pause (G1 Evacuation Pause) (young), 0.0952140 secs]
   [Parallel Time: 94.7 ms, GC Workers: 4]
      [GC Worker Start (ms): Min: 71532.9, Avg: 71532.9, Max: 71533.0, Diff: 0.0]
      [Ext Root Scanning (ms): Min: 0.2, Avg: 0.2, Max: 0.2, Diff: 0.0, Sum: 0.8]
      [Update RS (ms): Min: 38.1, Avg: 38.2, Max: 38.3, Diff: 0.2, Sum: 152.8]
         [Processed Buffers: Min: 63, Avg: 64.5, Max: 66, Diff: 3, Sum: 258]
      [Scan RS (ms): Min: 0.0, Avg: 0.0, Max: 0.0, Diff: 0.0, Sum: 0.0]
      [Code Root Scanning (ms): Min: 0.0, Avg: 0.0, Max: 0.0, Diff: 0.0, Sum: 0.0]
      [Object Copy (ms): Min: 56.1, Avg: 56.2, Max: 56.3, Diff: 0.1, Sum: 224.8]
      [Termination (ms): Min: 0.0, Avg: 0.0, Max: 0.0, Diff: 0.0, Sum: 0.0]
         [Termination Attempts: Min: 16, Avg: 19.3, Max: 24, Diff: 8, Sum: 77]
      [GC Worker Other (ms): Min: 0.0, Avg: 0.0, Max: 0.0, Diff: 0.0, Sum: 0.0]
      [GC Worker Total (ms): Min: 94.6, Avg: 94.6, Max: 94.6, Diff: 0.0, Sum: 378.5]
      [GC Worker End (ms): Min: 71627.6, Avg: 71627.6, Max: 71627.6, Diff: 0.0]
   [Code Root Fixup: 0.0 ms]
   [Code Root Purge: 0.0 ms]
   [String Dedup Fixup: 0.1 ms, GC Workers: 4]
      [Queue Fixup (ms): Min: 0.0, Avg: 0.0, Max: 0.0, Diff: 0.0, Sum: 0.0]
      [Table Fixup (ms): Min: 0.1, Avg: 0.1, Max: 0.1, Diff: 0.0, Sum: 0.5]
   [Clear CT: 0.0 ms]
   [Other: 0.3 ms]
      [Choose CSet: 0.0 ms]
      [Ref Proc: 0.0 ms]
      [Ref Enq: 0.0 ms]
      [Redirty Cards: 0.1 ms]
      [Humongous Register: 0.0 ms]
      [Humongous Reclaim: 0.0 ms]
      [Free CSet: 0.1 ms]
   [Eden: 89.0M(89.0M)->0.0B(89.0M) Survivors: 13.0M->13.0M Heap: 1745.0M(2048.0M)->1689.1M(2048.0M)]
 [Times: user=0.38 sys=0.00, real=0.10 secs] 
71.628: [GC concurrent-string-deduplication, 5056.0B->4896.0B(160.0B), avg 7.1%, 0.0002624 secs]
   [Last Exec: 0.0002624 secs, Idle: 0.1760181 secs, Blocked: 0/0.0000000 secs]
      [Inspected:            5214]
         [Skipped:              0(  0.0%)]
         [Hashed:             105(  2.0%)]
         [Known:             5109( 98.0%)]
         [New:                105(  2.0%)   5056.0B]
      [Deduplicated:            3(  2.9%)    160.0B(  3.2%)]
         [Young:                0(  0.0%)      0.0B(  0.0%)]
         [Old:                  3(100.0%)    160.0B(100.0%)]
   [Total Exec: 179/0.1343820 secs, Idle: 179/71.2693987 secs, Blocked: 0/0.0000000 secs]
      [Inspected:         1447954]
         [Skipped:              0(  0.0%)]
         [Hashed:           31131(  2.1%)]
         [Known:          1415724( 97.8%)]
         [New:              32230(  2.2%)   1586.0K]
      [Deduplicated:         2103(  6.5%)    112.2K(  7.1%)]
         [Young:                8(  0.4%)    424.0B(  0.4%)]
         [Old:               2095( 99.6%)    111.8K( 99.6%)]
   [Table]
      [Memory Usage: 339.0K]
      [Size: 8192, Min: 1024, Max: 16777216]
      [Entries: 11734, Load: 143.2%, Cached: 0, Added: 35305, Removed: 23571]
      [Resize Count: 3, Shrink Threshold: 5461(66.7%), Grow Threshold: 16384(200.0%)]
      [Rehash Count: 0, Rehash Threshold: 120, Hash Seed: 0x0]
      [Age Threshold: 3]
   [Queue]
      [Dropped: 0]
71.709: [GC pause (G1 Evacuation Pause) (young), 0.0848012 secs]
   [Parallel Time: 84.3 ms, GC Workers: 4]
      [GC Worker Start (ms): Min: 71708.9, Avg: 71708.9, Max: 71708.9, Diff: 0.0]
      [Ext Root Scanning (ms): Min: 0.2, Avg: 0.2, Max: 0.2, Diff: 0.0, Sum: 0.8]
      [Update RS (ms): Min: 20.5, Avg: 20.6, Max: 21.0, Diff: 0.6, Sum: 82.6]
         [Processed Buffers: Min: 32, Avg: 32.5, Max: 34, Diff: 2, Sum: 130]
      [Scan RS (ms): Min: 0.0, Avg: 0.0, Max: 0.0, Diff: 0.0, Sum: 0.1]
      [Code Root Scanning (ms): Min: 0.0, Avg: 0.0, Max: 0.0, Diff: 0.0, Sum: 0.0]
      [Object Copy (ms): Min: 63.0, Avg: 63.3, Max: 63.5, Diff: 0.5, Sum: 253.4]
      [Termination (ms): Min: 0.0, Avg: 0.0, Max: 0.0, Diff: 0.0, Sum: 0.0]
         [Termination Attempts: Min: 5, Avg: 8.8, Max: 12, Diff: 7, Sum: 35]
      [GC Worker Other (ms): Min: 0.0, Avg: 0.0, Max: 0.0, Diff: 0.0, Sum: 0.1]
      [GC Worker Total (ms): Min: 84.2, Avg: 84.2, Max: 84.3, Diff: 0.0, Sum: 337.0]
      [GC Worker End (ms): Min: 71793.1, Avg: 71793.1, Max: 71793.1, Diff: 0.0]
   [Code Root Fixup: 0.0 ms]
   [Code Root Purge: 0.0 ms]
   [String Dedup Fixup: 0.1 ms, GC Workers: 4]
      [Queue Fixup (ms): Min: 0.0, Avg: 0.0, Max: 0.0, Diff: 0.0, Sum: 0.0]
      [Table Fixup (ms): Min: 0.1, Avg: 0.1, Max: 0.1, Diff: 0.0, Sum: 0.5]
   [Clear CT: 0.0 ms]
   [Other: 0.3 ms]
      [Choose CSet: 0.0 ms]
      [Ref Proc: 0.0 ms]
      [Ref Enq: 0.0 ms]
      [Redirty Cards: 0.1 ms]
      [Humongous Register: 0.0 ms]
      [Humongous Reclaim: 0.0 ms]
      [Free CSet: 0.1 ms]
   [Eden: 89.0M(89.0M)->0.0B(89.0M) Survivors: 13.0M->13.0M Heap: 1778.1M(2048.0M)->1721.7M(2048.0M)]
 [Times: user=0.38 sys=0.00, real=0.09 secs] 
71.794: [GC concurrent-string-deduplication, 5576.0B->5416.0B(160.0B), avg 7.1%, 0.0002973 secs]
   [Last Exec: 0.0002973 secs, Idle: 0.1652862 secs, Blocked: 0/0.0000000 secs]
      [Inspected:            5911]
         [Skipped:              0(  0.0%)]
         [Hashed:             116(  2.0%)]
         [Known:             5795( 98.0%)]
         [New:                116(  2.0%)   5576.0B]
      [Deduplicated:            3(  2.6%)    160.0B(  2.9%)]
         [Young:                0(  0.0%)      0.0B(  0.0%)]
         [Old:                  3(100.0%)    160.0B(100.0%)]
   [Total Exec: 180/0.1346793 secs, Idle: 180/71.4346849 secs, Blocked: 0/0.0000000 secs]
      [Inspected:         1453865]
         [Skipped:              0(  0.0%)]
         [Hashed:           31247(  2.1%)]
         [Known:          1421519( 97.8%)]
         [New:              32346(  2.2%)   1591.4K]
      [Deduplicated:         2106(  6.5%)    112.4K(  7.1%)]
         [Young:                8(  0.4%)    424.0B(  0.4%)]
         [Old:               2098( 99.6%)    112.0K( 99.6%)]
   [Table]
      [Memory Usage: 341.7K]
      [Size: 8192, Min: 1024, Max: 16777216]
      [Entries: 11847, Load: 144.6%, Cached: 0, Added: 35418, Removed: 23571]
      [Resize Count: 3, Shrink Threshold: 5461(66.7%), Grow Threshold: 16384(200.0%)]
      [Rehash Count: 0, Rehash Threshold: 120, Hash Seed: 0x0]
      [Age Threshold: 3]
   [Queue]
      [Dropped: 0]
71.883: [GC pause (G1 Evacuation Pause) (young) (to-space exhausted), 0.0782000 secs]
   [Parallel Time: 74.6 ms, GC Workers: 4]
      [GC Worker Start (ms): Min: 71882.8, Avg: 71882.8, Max: 71882.8, Diff: 0.0]
      [Ext Root Scanning (ms): Min: 0.2, Avg: 0.2, Max: 0.2, Diff: 0.0, Sum: 0.8]
      [Update RS (ms): Min: 19.8, Avg: 20.1, Max: 20.4, Diff: 0.6, Sum: 80.4]
         [Processed Buffers: Min: 28, Avg: 29.3, Max: 30, Diff: 2, Sum: 117]
      [Scan RS (ms): Min: 0.4, Avg: 0.7, Max: 1.0, Diff: 0.5, Sum: 2.9]
      [Code Root Scanning (ms): Min: 0.0, Avg: 0.0, Max: 0.0, Diff: 0.0, Sum: 0.0]
      [Object Copy (ms): Min: 53.4, Avg: 53.4, Max: 53.5, Diff: 0.0, Sum: 213.8]
      [Termination (ms): Min: 0.0, Avg: 0.0, Max: 0.0, Diff: 0.0, Sum: 0.0]
         [Termination Attempts: Min: 14, Avg: 112.8, Max: 153, Diff: 139, Sum: 451]
      [GC Worker Other (ms): Min: 0.0, Avg: 0.0, Max: 0.0, Diff: 0.0, Sum: 0.0]
      [GC Worker Total (ms): Min: 74.5, Avg: 74.5, Max: 74.5, Diff: 0.0, Sum: 298.0]
      [GC Worker End (ms): Min: 71957.3, Avg: 71957.3, Max: 71957.3, Diff: 0.0]
   [Code Root Fixup: 0.0 ms]
   [Code Root Purge: 0.0 ms]
   [String Dedup Fixup: 0.1 ms, GC Workers: 4]
      [Queue Fixup (ms): Min: 0.0, Avg: 0.0, Max: 0.0, Diff: 0.0, Sum: 0.0]
      [Table Fixup (ms): Min: 0.1, Avg: 0.1, Max: 0.1, Diff: 0.0, Sum: 0.5]
   [Clear CT: 0.0 ms]
   [Other: 3.5 ms]
      [Evacuation Failure: 3.1 ms]
      [Choose CSet: 0.0 ms]
      [Ref Proc: 0.0 ms]
      [Ref Enq: 0.0 ms]
      [Redirty Cards: 0.1 ms]
      [Humongous Register: 0.0 ms]
      [Humongous Reclaim: 0.0 ms]
      [Free CSet: 0.1 ms]
   [Eden: 89.0M(89.0M)->0.0B(89.0M) Survivors: 13.0M->13.0M Heap: 1810.7M(2048.0M)->1774.6M(2048.0M)]
 [Times: user=0.31 sys=0.00, real=0.08 secs] 
71.961: [GC concurrent-string-deduplication, 5920.0B->5760.0B(160.0B), avg 7.0%, 0.0003486 secs]
   [Last Exec: 0.0003486 secs, Idle: 0.1669059 secs, Blocked: 0/0.0000000 secs]
      [Inspected:            6437]
         [Skipped:              0(  0.0%)]
         [Hashed:             123(  1.9%)]
         [Known:             6314( 98.1%)]
         [New:                123(  1.9%)   5920.0B]
      [Deduplicated:            3(  2.4%)    160.0B(  2.7%)]
         [Young:                0(  0.0%)      0.0B(  0.0%)]
         [Old:                  3(100.0%)    160.0B(100.0%)]
   [Total Exec: 181/0.1350279 secs, Idle: 181/71.6015907 secs, Blocked: 0/0.0000000 secs]
      [Inspected:         1460302]
         [Skipped:              0(  0.0%)]
         [Hashed:           31370(  2.1%)]
         [Known:          1427833( 97.8%)]
         [New:              32469(  2.2%)   1597.2K]
      [Deduplicated:         2109(  6.5%)    112.5K(  7.0%)]
         [Young:                8(  0.4%)    424.0B(  0.4%)]
         [Old:               2101( 99.6%)    112.1K( 99.6%)]
   [Table]
      [Memory Usage: 344.5K]
      [Size: 8192, Min: 1024, Max: 16777216]
      [Entries: 11967, Load: 146.1%, Cached: 0, Added: 35538, Removed: 23571]
      [Resize Count: 3, Shrink Threshold: 5461(66.7%), Grow Threshold: 16384(200.0%)]
      [Rehash Count: 0, Rehash Threshold: 120, Hash Seed: 0x0]
      [Age Threshold: 3]
   [Queue]
      [Dropped: 0]
72.054: [GC pause (G1 Evacuation Pause) (young) (to-space exhausted), 0.1034563 secs]
   [Parallel Time: 89.4 ms, GC Workers: 4]
      [GC Worker Start (ms): Min: 72054.4, Avg: 72054.4, Max: 72054.4, Diff: 0.0]
      [Ext Root Scanning (ms): Min: 0.2, Avg: 0.2, Max: 0.2, Diff: 0.0, Sum: 0.8]
      [Update RS (ms): Min: 0.0, Avg: 7.1, Max: 9.6, Diff: 9.6, Sum: 28.6]
         [Processed Buffers: Min: 0, Avg: 26.3, Max: 41, Diff: 41, Sum: 105]
      [Scan RS (ms): Min: 0.0, Avg: 0.0, Max: 0.1, Diff: 0.0, Sum: 0.1]
      [Code Root Scanning (ms): Min: 0.0, Avg: 0.0, Max: 0.0, Diff: 0.0, Sum: 0.0]
      [Object Copy (ms): Min: 21.3, Avg: 67.3, Max: 89.1, Diff: 67.9, Sum: 269.1]
      [Termination (ms): Min: 0.0, Avg: 14.7, Max: 58.3, Diff: 58.3, Sum: 58.8]
         [Termination Attempts: Min: 1, Avg: 1.0, Max: 1, Diff: 0, Sum: 4]
      [GC Worker Other (ms): Min: 0.0, Avg: 0.0, Max: 0.0, Diff: 0.0, Sum: 0.0]
      [GC Worker Total (ms): Min: 89.3, Avg: 89.3, Max: 89.4, Diff: 0.0, Sum: 357.4]
      [GC Worker End (ms): Min: 72143.7, Avg: 72143.7, Max: 72143.7, Diff: 0.0]
   [Code Root Fixup: 0.0 ms]
   [Code Root Purge: 0.0 ms]
   [String Dedup Fixup: 0.2 ms, GC Workers: 4]
      [Queue Fixup (ms): Min: 0.0, Avg: 0.0, Max: 0.0, Diff: 0.0, Sum: 0.0]
      [Table Fixup (ms): Min: 0.1, Avg: 0.1, Max: 0.1, Diff: 0.0, Sum: 0.5]
   [Clear CT: 0.1 ms]
   [Other: 13.8 ms]
      [Evacuation Failure: 13.4 ms]
      [Choose CSet: 0.0 ms]
      [Ref Proc: 0.1 ms]
      [Ref Enq: 0.0 ms]
      [Redirty Cards: 0.1 ms]
      [Humongous Register: 0.0 ms]
      [Humongous Reclaim: 0.0 ms]
      [Free CSet: 0.0 ms]
   [Eden: 73.0M(89.0M)->0.0B(102.0M) Survivors: 13.0M->0.0B Heap: 1847.6M(2048.0M)->1836.6M(2048.0M)]
 [Times: user=0.25 sys=0.00, real=0.10 secs] 
72.179: [GC pause (G1 Evacuation Pause) (young) (to-space exhausted), 0.0240747 secs]
   [Parallel Time: 22.2 ms, GC Workers: 4]
      [GC Worker Start (ms): Min: 72178.9, Avg: 72178.9, Max: 72179.0, Diff: 0.0]
      [Ext Root Scanning (ms): Min: 0.2, Avg: 0.2, Max: 0.2, Diff: 0.0, Sum: 0.8]
      [Update RS (ms): Min: 14.5, Avg: 14.6, Max: 14.7, Diff: 0.2, Sum: 58.3]
         [Processed Buffers: Min: 29, Avg: 33.3, Max: 37, Diff: 8, Sum: 133]
      [Scan RS (ms): Min: 0.0, Avg: 0.0, Max: 0.0, Diff: 0.0, Sum: 0.0]
      [Code Root Scanning (ms): Min: 0.0, Avg: 0.0, Max: 0.0, Diff: 0.0, Sum: 0.0]
      [Object Copy (ms): Min: 5.6, Avg: 6.6, Max: 7.3, Diff: 1.8, Sum: 26.6]
      [Termination (ms): Min: 0.0, Avg: 0.7, Max: 1.8, Diff: 1.8, Sum: 2.8]
         [Termination Attempts: Min: 1, Avg: 1.0, Max: 1, Diff: 0, Sum: 4]
      [GC Worker Other (ms): Min: 0.0, Avg: 0.0, Max: 0.0, Diff: 0.0, Sum: 0.0]
      [GC Worker Total (ms): Min: 22.1, Avg: 22.1, Max: 22.1, Diff: 0.0, Sum: 88.5]
      [GC Worker End (ms): Min: 72201.1, Avg: 72201.1, Max: 72201.1, Diff: 0.0]
   [Code Root Fixup: 0.0 ms]
   [Code Root Purge: 0.0 ms]
   [String Dedup Fixup: 0.2 ms, GC Workers: 4]
      [Queue Fixup (ms): Min: 0.0, Avg: 0.0, Max: 0.0, Diff: 0.0, Sum: 0.0]
      [Table Fixup (ms): Min: 0.1, Avg: 0.1, Max: 0.1, Diff: 0.0, Sum: 0.4]
   [Clear CT: 0.0 ms]
   [Other: 1.7 ms]
      [Evacuation Failure: 1.5 ms]
      [Choose CSet: 0.0 ms]
      [Ref Proc: 0.1 ms]
      [Ref Enq: 0.0 ms]
      [Redirty Cards: 0.0 ms]
      [Humongous Register: 0.0 ms]
      [Humongous Reclaim: 0.0 ms]
      [Free CSet: 0.0 ms]
   [Eden: 11.0M(102.0M)->0.0B(102.0M) Survivors: 0.0B->0.0B Heap: 1847.6M(2048.0M)->1846.6M(2048.0M)]
 [Times: user=0.09 sys=0.00, real=0.02 secs] 
72.204: [GC pause (G1 Evacuation Pause) (young) (to-space exhausted), 0.0048916 secs]
   [Parallel Time: 3.9 ms, GC Workers: 4]
      [GC Worker Start (ms): Min: 72204.2, Avg: 72204.2, Max: 72204.2, Diff: 0.0]
      [Ext Root Scanning (ms): Min: 0.2, Avg: 0.2, Max: 0.2, Diff: 0.0, Sum: 0.7]
      [Update RS (ms): Min: 2.9, Avg: 3.0, Max: 3.1, Diff: 0.3, Sum: 12.1]
         [Processed Buffers: Min: 7, Avg: 9.5, Max: 12, Diff: 5, Sum: 38]
      [Scan RS (ms): Min: 0.0, Avg: 0.0, Max: 0.0, Diff: 0.0, Sum: 0.0]
      [Code Root Scanning (ms): Min: 0.0, Avg: 0.0, Max: 0.0, Diff: 0.0, Sum: 0.0]
      [Object Copy (ms): Min: 0.0, Avg: 0.3, Max: 0.6, Diff: 0.6, Sum: 1.4]
      [Termination (ms): Min: 0.0, Avg: 0.3, Max: 0.5, Diff: 0.5, Sum: 1.1]
         [Termination Attempts: Min: 1, Avg: 1.0, Max: 1, Diff: 0, Sum: 4]
      [GC Worker Other (ms): Min: 0.0, Avg: 0.0, Max: 0.0, Diff: 0.0, Sum: 0.0]
      [GC Worker Total (ms): Min: 3.8, Avg: 3.8, Max: 3.8, Diff: 0.0, Sum: 15.3]
      [GC Worker End (ms): Min: 72208.0, Avg: 72208.0, Max: 72208.0, Diff: 0.0]
   [Code Root Fixup: 0.0 ms]
   [Code Root Purge: 0.0 ms]
   [String Dedup Fixup: 0.1 ms, GC Workers: 4]
      [Queue Fixup (ms): Min: 0.0, Avg: 0.0, Max: 0.0, Diff: 0.0, Sum: 0.0]
      [Table Fixup (ms): Min: 0.1, Avg: 0.1, Max: 0.1, Diff: 0.0, Sum: 0.4]
   [Clear CT: 0.1 ms]
   [Other: 0.8 ms]
      [Evacuation Failure: 0.7 ms]
      [Choose CSet: 0.0 ms]
      [Ref Proc: 0.1 ms]
      [Ref Enq: 0.0 ms]
      [Redirty Cards: 0.0 ms]
      [Humongous Register: 0.0 ms]
      [Humongous Reclaim: 0.0 ms]
      [Free CSet: 0.0 ms]
   [Eden: 1024.0K(102.0M)->0.0B(102.0M) Survivors: 0.0B->0.0B Heap: 1847.6M(2048.0M)->1847.6M(2048.0M)]
 [Times: user=0.00 sys=0.00, real=0.01 secs] 
72.209: [Full GC (Allocation Failure)  1847M->1197M(2048M), 1.6771505 secs]
   [Eden: 0.0B(102.0M)->0.0B(330.0M) Survivors: 0.0B->0.0B Heap: 1847.6M(2048.0M)->1197.6M(2048.0M)], [Metaspace: 9348K->9348K(1058816K)]
 [Times: user=3.33 sys=0.00, real=1.68 secs] 
73.886: [GC concurrent-mark-abort]
74.174: [GC pause (G1 Evacuation Pause) (young), 0.1450251 secs]
   [Parallel Time: 144.3 ms, GC Workers: 4]
      [GC Worker Start (ms): Min: 74174.4, Avg: 74174.5, Max: 74174.5, Diff: 0.1]
      [Ext Root Scanning (ms): Min: 0.2, Avg: 0.2, Max: 0.3, Diff: 0.1, Sum: 0.9]
      [Update RS (ms): Min: 0.0, Avg: 0.0, Max: 0.1, Diff: 0.1, Sum: 0.1]
         [Processed Buffers: Min: 0, Avg: 1.0, Max: 2, Diff: 2, Sum: 4]
      [Scan RS (ms): Min: 0.0, Avg: 0.0, Max: 0.1, Diff: 0.1, Sum: 0.2]
      [Code Root Scanning (ms): Min: 0.0, Avg: 0.0, Max: 0.0, Diff: 0.0, Sum: 0.0]
      [Object Copy (ms): Min: 143.9, Avg: 143.9, Max: 143.9, Diff: 0.0, Sum: 575.5]
      [Termination (ms): Min: 0.0, Avg: 0.0, Max: 0.0, Diff: 0.0, Sum: 0.0]
         [Termination Attempts: Min: 5, Avg: 9.8, Max: 13, Diff: 8, Sum: 39]
      [GC Worker Other (ms): Min: 0.0, Avg: 0.0, Max: 0.0, Diff: 0.0, Sum: 0.1]
      [GC Worker Total (ms): Min: 144.2, Avg: 144.2, Max: 144.3, Diff: 0.1, Sum: 576.9]
      [GC Worker End (ms): Min: 74318.7, Avg: 74318.7, Max: 74318.7, Diff: 0.0]
   [Code Root Fixup: 0.0 ms]
   [Code Root Purge: 0.0 ms]
   [String Dedup Fixup: 0.1 ms, GC Workers: 4]
      [Queue Fixup (ms): Min: 0.0, Avg: 0.0, Max: 0.0, Diff: 0.0, Sum: 0.1]
      [Table Fixup (ms): Min: 0.1, Avg: 0.1, Max: 0.1, Diff: 0.0, Sum: 0.4]
   [Clear CT: 0.1 ms]
   [Other: 0.5 ms]
      [Choose CSet: 0.0 ms]
      [Ref Proc: 0.0 ms]
      [Ref Enq: 0.0 ms]
      [Redirty Cards: 0.1 ms]
      [Humongous Register: 0.0 ms]
      [Humongous Reclaim: 0.0 ms]
      [Free CSet: 0.2 ms]
   [Eden: 330.0M(330.0M)->0.0B(241.0M) Survivors: 0.0B->42.0M Heap: 1527.6M(2048.0M)->1317.8M(2048.0M)]
 [Times: user=0.56 sys=0.00, real=0.14 secs] 
74.320: [GC concurrent-string-deduplication, 11.8K->11.8K(0.0B), avg 7.0%, 0.0006726 secs]
   [Last Exec: 0.0006726 secs, Idle: 2.3580513 secs, Blocked: 0/0.0000000 secs]
      [Inspected:           13006]
         [Skipped:              0(  0.0%)]
         [Hashed:             251(  1.9%)]
         [Known:            12755( 98.1%)]
         [New:                251(  1.9%)     11.8K]
      [Deduplicated:            0(  0.0%)      0.0B(  0.0%)]
         [Young:                0(  0.0%)      0.0B(  0.0%)]
         [Old:                  0(  0.0%)      0.0B(  0.0%)]
   [Total Exec: 182/0.1357005 secs, Idle: 182/73.9596420 secs, Blocked: 0/0.0000000 secs]
      [Inspected:         1473308]
         [Skipped:              0(  0.0%)]
         [Hashed:           31621(  2.1%)]
         [Known:          1440588( 97.8%)]
         [New:              32720(  2.2%)   1609.0K]
      [Deduplicated:         2109(  6.4%)    112.5K(  7.0%)]
         [Young:                8(  0.4%)    424.0B(  0.4%)]
         [Old:               2101( 99.6%)    112.1K( 99.6%)]
   [Table]
      [Memory Usage: 324.6K]
      [Size: 8192, Min: 1024, Max: 16777216]
      [Entries: 10299, Load: 125.7%, Cached: 819, Added: 35802, Removed: 25503]
      [Resize Count: 3, Shrink Threshold: 5461(66.7%), Grow Threshold: 16384(200.0%)]
      [Rehash Count: 0, Rehash Threshold: 120, Hash Seed: 0x0]
      [Age Threshold: 3]
   [Queue]
      [Dropped: 0]
74.552: [GC pause (G1 Evacuation Pause) (young) (initial-mark), 0.2237376 secs]
   [Parallel Time: 222.6 ms, GC Workers: 4]
      [GC Worker Start (ms): Min: 74552.0, Avg: 74552.0, Max: 74552.1, Diff: 0.0]
      [Ext Root Scanning (ms): Min: 0.3, Avg: 0.3, Max: 0.3, Diff: 0.0, Sum: 1.1]
      [Update RS (ms): Min: 22.3, Avg: 22.5, Max: 22.8, Diff: 0.6, Sum: 90.2]
         [Processed Buffers: Min: 31, Avg: 32.0, Max: 33, Diff: 2, Sum: 128]
      [Scan RS (ms): Min: 25.3, Avg: 25.6, Max: 26.1, Diff: 0.8, Sum: 102.6]
      [Code Root Scanning (ms): Min: 0.0, Avg: 0.0, Max: 0.0, Diff: 0.0, Sum: 0.0]
      [Object Copy (ms): Min: 173.8, Avg: 174.0, Max: 174.1, Diff: 0.4, Sum: 695.8]
      [Termination (ms): Min: 0.0, Avg: 0.0, Max: 0.0, Diff: 0.0, Sum: 0.1]
         [Termination Attempts: Min: 34, Avg: 247.3, Max: 426, Diff: 392, Sum: 989]
      [GC Worker Other (ms): Min: 0.0, Avg: 0.0, Max: 0.0, Diff: 0.0, Sum: 0.1]
      [GC Worker Total (ms): Min: 222.5, Avg: 222.5, Max: 222.5, Diff: 0.1, Sum: 890.0]
      [GC Worker End (ms): Min: 74774.5, Avg: 74774.5, Max: 74774.5, Diff: 0.0]
   [Code Root Fixup: 0.0 ms]
   [Code Root Purge: 0.0 ms]
   [String Dedup Fixup: 0.1 ms, GC Workers: 4]
      [Queue Fixup (ms): Min: 0.0, Avg: 0.0, Max: 0.0, Diff: 0.0, Sum: 0.1]
      [Table Fixup (ms): Min: 0.1, Avg: 0.1, Max: 0.1, Diff: 0.0, Sum: 0.4]
   [Clear CT: 0.1 ms]
   [Other: 0.9 ms]
      [Choose CSet: 0.0 ms]
      [Ref Proc: 0.0 ms]
      [Ref Enq: 0.0 ms]
      [Redirty Cards: 0.2 ms]
      [Humongous Register: 0.0 ms]
      [Humongous Reclaim: 0.0 ms]
      [Free CSet: 0.4 ms]
   [Eden: 241.0M(241.0M)->0.0B(66.0M) Survivors: 42.0M->36.0M Heap: 1558.8M(2048.0M)->1404.6M(2048.0M)]
 [Times: user=0.88 sys=0.00, real=0.22 secs] 
74.776: [GC concurrent-root-region-scan-start]
74.777: [GC concurrent-string-deduplication, 15.9K->15.6K(320.0B), avg 6.9%, 0.0008426 secs]
   [Last Exec: 0.0008426 secs, Idle: 0.4555018 secs, Blocked: 0/0.0000000 secs]
      [Inspected:           17007]
         [Skipped:              0(  0.0%)]
         [Hashed:             339(  2.0%)]
         [Known:            16668( 98.0%)]
         [New:                339(  2.0%)     15.9K]
      [Deduplicated:            6(  1.8%)    320.0B(  2.0%)]
         [Young:                0(  0.0%)      0.0B(  0.0%)]
         [Old:                  6(100.0%)    320.0B(100.0%)]
   [Total Exec: 183/0.1365431 secs, Idle: 183/74.4151438 secs, Blocked: 0/0.0000000 secs]
      [Inspected:         1490315]
         [Skipped:              0(  0.0%)]
         [Hashed:           31960(  2.1%)]
         [Known:          1457256( 97.8%)]
         [New:              33059(  2.2%)   1624.9K]
      [Deduplicated:         2115(  6.4%)    112.9K(  6.9%)]
         [Young:                8(  0.4%)    424.0B(  0.4%)]
         [Old:               2107( 99.6%)    112.4K( 99.6%)]
   [Table]
      [Memory Usage: 324.6K]
      [Size: 8192, Min: 1024, Max: 16777216]
      [Entries: 10632, Load: 129.8%, Cached: 486, Added: 36135, Removed: 25503]
      [Resize Count: 3, Shrink Threshold: 5461(66.7%), Grow Threshold: 16384(200.0%)]
      [Rehash Count: 0, Rehash Threshold: 120, Hash Seed: 0x0]
      [Age Threshold: 3]
   [Queue]
      [Dropped: 0]
74.832: [GC concurrent-root-region-scan-end, 0.0559876 secs]
74.832: [GC concurrent-mark-start]
74.912: [GC pause (G1 Evacuation Pause) (young), 0.1131978 secs]
   [Parallel Time: 112.5 ms, GC Workers: 4]
      [GC Worker Start (ms): Min: 74912.3, Avg: 74912.3, Max: 74912.3, Diff: 0.0]
      [Ext Root Scanning (ms): Min: 0.2, Avg: 0.2, Max: 0.2, Diff: 0.0, Sum: 0.8]
      [Update RS (ms): Min: 16.8, Avg: 16.9, Max: 17.0, Diff: 0.2, Sum: 67.5]
         [Processed Buffers: Min: 28, Avg: 28.5, Max: 30, Diff: 2, Sum: 114]
      [Scan RS (ms): Min: 7.3, Avg: 7.4, Max: 7.4, Diff: 0.2, Sum: 29.4]
      [Code Root Scanning (ms): Min: 0.0, Avg: 0.0, Max: 0.0, Diff: 0.0, Sum: 0.0]
      [Object Copy (ms): Min: 88.0, Avg: 88.0, Max: 88.1, Diff: 0.0, Sum: 352.2]
      [Termination (ms): Min: 0.0, Avg: 0.0, Max: 0.0, Diff: 0.0, Sum: 0.1]
         [Termination Attempts: Min: 9, Avg: 284.8, Max: 400, Diff: 391, Sum: 1139]
      [GC Worker Other (ms): Min: 0.0, Avg: 0.0, Max: 0.0, Diff: 0.0, Sum: 0.0]
      [GC Worker Total (ms): Min: 112.5, Avg: 112.5, Max: 112.5, Diff: 0.0, Sum: 450.1]
      [GC Worker End (ms): Min: 75024.8, Avg: 75024.8, Max: 75024.8, Diff: 0.0]
   [Code Root Fixup: 0.0 ms]
   [Code Root Purge: 0.0 ms]
   [String Dedup Fixup: 0.1 ms, GC Workers: 4]
      [Queue Fixup (ms): Min: 0.0, Avg: 0.0, Max: 0.0, Diff: 0.0, Sum: 0.1]
      [Table Fixup (ms): Min: 0.1, Avg: 0.1, Max: 0.1, Diff: 0.0, Sum: 0.4]
   [Clear CT: 0.0 ms]
   [Other: 0.5 ms]
      [Choose CSet: 0.0 ms]
      [Ref Proc: 0.0 ms]
      [Ref Enq: 0.0 ms]
      [Redirty Cards: 0.2 ms]
      [Humongous Register: 0.0 ms]
      [Humongous Reclaim: 0.0 ms]
      [Free CSet: 0.1 ms]
   [Eden: 66.0M(66.0M)->0.0B(89.0M) Survivors: 36.0M->13.0M Heap: 1470.6M(2048.0M)->1428.0M(2048.0M)]
 [Times: user=0.44 sys=0.00, real=0.11 secs] 
75.026: [GC concurrent-string-deduplication, 10.4K->10.1K(320.0B), avg 6.9%, 0.0005106 secs]
   [Last Exec: 0.0005106 secs, Idle: 0.2490221 secs, Blocked: 0/0.0000000 secs]
      [Inspected:           10410]
         [Skipped:              0(  0.0%)]
         [Hashed:             222(  2.1%)]
         [Known:            10188( 97.9%)]
         [New:                222(  2.1%)     10.4K]
      [Deduplicated:            6(  2.7%)    320.0B(  3.0%)]
         [Young:                0(  0.0%)      0.0B(  0.0%)]
         [Old:                  6(100.0%)    320.0B(100.0%)]
   [Total Exec: 184/0.1370537 secs, Idle: 184/74.6641660 secs, Blocked: 0/0.0000000 secs]
      [Inspected:         1500725]
         [Skipped:              0(  0.0%)]
         [Hashed:           32182(  2.1%)]
         [Known:          1467444( 97.8%)]
         [New:              33281(  2.2%)   1635.4K]
      [Deduplicated:         2121(  6.4%)    113.2K(  6.9%)]
         [Young:                8(  0.4%)    424.0B(  0.4%)]
         [Old:               2113( 99.6%)    112.8K( 99.6%)]
   [Table]
      [Memory Usage: 324.6K]
      [Size: 8192, Min: 1024, Max: 16777216]
      [Entries: 10848, Load: 132.4%, Cached: 270, Added: 36351, Removed: 25503]
      [Resize Count: 3, Shrink Threshold: 5461(66.7%), Grow Threshold: 16384(200.0%)]
      [Rehash Count: 0, Rehash Threshold: 120, Hash Seed: 0x0]
      [Age Threshold: 3]
   [Queue]
      [Dropped: 0]
75.143: [GC pause (G1 Evacuation Pause) (young), 0.0663263 secs]
   [Parallel Time: 65.8 ms, GC Workers: 4]
      [GC Worker Start (ms): Min: 75142.7, Avg: 75142.7, Max: 75142.7, Diff: 0.0]
      [Ext Root Scanning (ms): Min: 0.2, Avg: 0.2, Max: 0.2, Diff: 0.0, Sum: 0.8]
      [Update RS (ms): Min: 18.1, Avg: 18.1, Max: 18.3, Diff: 0.2, Sum: 72.6]
         [Processed Buffers: Min: 30, Avg: 31.3, Max: 32, Diff: 2, Sum: 125]
      [Scan RS (ms): Min: 0.0, Avg: 0.0, Max: 0.1, Diff: 0.1, Sum: 0.1]
      [Code Root Scanning (ms): Min: 0.0, Avg: 0.0, Max: 0.0, Diff: 0.0, Sum: 0.0]
      [Object Copy (ms): Min: 47.3, Avg: 47.4, Max: 47.5, Diff: 0.2, Sum: 189.6]
      [Termination (ms): Min: 0.0, Avg: 0.0, Max: 0.0, Diff: 0.0, Sum: 0.0]
         [Termination Attempts: Min: 13, Avg: 14.8, Max: 16, Diff: 3, Sum: 59]
      [GC Worker Other (ms): Min: 0.0, Avg: 0.0, Max: 0.0, Diff: 0.0, Sum: 0.0]
      [GC Worker Total (ms): Min: 65.8, Avg: 65.8, Max: 65.8, Diff: 0.0, Sum: 263.2]
      [GC Worker End (ms): Min: 75208.5, Avg: 75208.5, Max: 75208.5, Diff: 0.0]
   [Code Root Fixup: 0.0 ms]
   [Code Root Purge: 0.0 ms]
   [String Dedup Fixup: 0.1 ms, GC Workers: 4]
      [Queue Fixup (ms): Min: 0.0, Avg: 0.0, Max: 0.0, Diff: 0.0, Sum: 0.0]
      [Table Fixup (ms): Min: 0.1, Avg: 0.1, Max: 0.1, Diff: 0.0, Sum: 0.4]
   [Clear CT: 0.0 ms]
   [Other: 0.3 ms]
      [Choose CSet: 0.0 ms]
      [Ref Proc: 0.0 ms]
      [Ref Enq: 0.0 ms]
      [Redirty Cards: 0.1 ms]
      [Humongous Register: 0.0 ms]
      [Humongous Reclaim: 0.0 ms]
      [Free CSet: 0.1 ms]
   [Eden: 89.0M(89.0M)->0.0B(89.0M) Survivors: 13.0M->13.0M Heap: 1517.0M(2048.0M)->1461.5M(2048.0M)]
 [Times: user=0.25 sys=0.00, real=0.07 secs] 
75.209: [GC concurrent-string-deduplication, 6784.0B->6624.0B(160.0B), avg 6.9%, 0.0003361 secs]
   [Last Exec: 0.0003361 secs, Idle: 0.1829303 secs, Blocked: 0/0.0000000 secs]
      [Inspected:            7058]
         [Skipped:              0(  0.0%)]
         [Hashed:             141(  2.0%)]
         [Known:             6917( 98.0%)]
         [New:                141(  2.0%)   6784.0B]
      [Deduplicated:            3(  2.1%)    160.0B(  2.4%)]
         [Young:                0(  0.0%)      0.0B(  0.0%)]
         [Old:                  3(100.0%)    160.0B(100.0%)]
   [Total Exec: 185/0.1373899 secs, Idle: 185/74.8470963 secs, Blocked: 0/0.0000000 secs]
      [Inspected:         1507783]
         [Skipped:              0(  0.0%)]
         [Hashed:           32323(  2.1%)]
         [Known:          1474361( 97.8%)]
         [New:              33422(  2.2%)   1642.0K]
      [Deduplicated:         2124(  6.4%)    113.3K(  6.9%)]
         [Young:                8(  0.4%)    424.0B(  0.4%)]
         [Old:               2116( 99.6%)    112.9K( 99.6%)]
   [Table]
      [Memory Usage: 324.6K]
      [Size: 8192, Min: 1024, Max: 16777216]
      [Entries: 10986, Load: 134.1%, Cached: 132, Added: 36489, Removed: 25503]
      [Resize Count: 3, Shrink Threshold: 5461(66.7%), Grow Threshold: 16384(200.0%)]
      [Rehash Count: 0, Rehash Threshold: 120, Hash Seed: 0x0]
      [Age Threshold: 3]
   [Queue]
      [Dropped: 0]
75.289: [GC pause (G1 Evacuation Pause) (young), 0.0765162 secs]
   [Parallel Time: 76.0 ms, GC Workers: 4]
      [GC Worker Start (ms): Min: 75288.6, Avg: 75288.6, Max: 75288.6, Diff: 0.0]
      [Ext Root Scanning (ms): Min: 0.2, Avg: 0.2, Max: 0.2, Diff: 0.0, Sum: 0.8]
      [Update RS (ms): Min: 28.8, Avg: 29.0, Max: 29.2, Diff: 0.3, Sum: 115.9]
         [Processed Buffers: Min: 47, Avg: 48.5, Max: 50, Diff: 3, Sum: 194]
      [Scan RS (ms): Min: 0.0, Avg: 0.0, Max: 0.0, Diff: 0.0, Sum: 0.1]
      [Code Root Scanning (ms): Min: 0.0, Avg: 0.0, Max: 0.0, Diff: 0.0, Sum: 0.0]
      [Object Copy (ms): Min: 46.6, Avg: 46.7, Max: 46.9, Diff: 0.3, Sum: 187.0]
      [Termination (ms): Min: 0.0, Avg: 0.0, Max: 0.0, Diff: 0.0, Sum: 0.0]
         [Termination Attempts: Min: 15, Avg: 15.5, Max: 16, Diff: 1, Sum: 62]
      [GC Worker Other (ms): Min: 0.0, Avg: 0.0, Max: 0.0, Diff: 0.0, Sum: 0.1]
      [GC Worker Total (ms): Min: 76.0, Avg: 76.0, Max: 76.0, Diff: 0.0, Sum: 303.9]
      [GC Worker End (ms): Min: 75364.6, Avg: 75364.6, Max: 75364.6, Diff: 0.0]
   [Code Root Fixup: 0.0 ms]
   [Code Root Purge: 0.0 ms]
   [String Dedup Fixup: 0.1 ms, GC Workers: 4]
      [Queue Fixup (ms): Min: 0.0, Avg: 0.0, Max: 0.0, Diff: 0.0, Sum: 0.0]
      [Table Fixup (ms): Min: 0.1, Avg: 0.1, Max: 0.1, Diff: 0.0, Sum: 0.4]
   [Clear CT: 0.0 ms]
   [Other: 0.4 ms]
      [Choose CSet: 0.0 ms]
      [Ref Proc: 0.0 ms]
      [Ref Enq: 0.0 ms]
      [Redirty Cards: 0.1 ms]
      [Humongous Register: 0.0 ms]
      [Humongous Reclaim: 0.0 ms]
      [Free CSet: 0.1 ms]
   [Eden: 89.0M(89.0M)->0.0B(89.0M) Survivors: 13.0M->13.0M Heap: 1550.5M(2048.0M)->1493.3M(2048.0M)]
 [Times: user=0.30 sys=0.00, real=0.08 secs] 
75.365: [GC concurrent-string-deduplication, 4128.0B->4128.0B(0.0B), avg 6.9%, 0.0002066 secs]
   [Last Exec: 0.0002066 secs, Idle: 0.1557464 secs, Blocked: 0/0.0000000 secs]
      [Inspected:            4205]
         [Skipped:              0(  0.0%)]
         [Hashed:              86(  2.0%)]
         [Known:             4119( 98.0%)]
         [New:                 86(  2.0%)   4128.0B]
      [Deduplicated:            0(  0.0%)      0.0B(  0.0%)]
         [Young:                0(  0.0%)      0.0B(  0.0%)]
         [Old:                  0(  0.0%)      0.0B(  0.0%)]
   [Total Exec: 186/0.1375964 secs, Idle: 186/75.0028427 secs, Blocked: 0/0.0000000 secs]
      [Inspected:         1511988]
         [Skipped:              0(  0.0%)]
         [Hashed:           32409(  2.1%)]
         [Known:          1478480( 97.8%)]
         [New:              33508(  2.2%)   1646.0K]
      [Deduplicated:         2124(  6.3%)    113.3K(  6.9%)]
         [Young:                8(  0.4%)    424.0B(  0.4%)]
         [Old:               2116( 99.6%)    112.9K( 99.6%)]
   [Table]
      [Memory Usage: 324.6K]
      [Size: 8192, Min: 1024, Max: 16777216]
      [Entries: 11072, Load: 135.2%, Cached: 46, Added: 36575, Removed: 25503]
      [Resize Count: 3, Shrink Threshold: 5461(66.7%), Grow Threshold: 16384(200.0%)]
      [Rehash Count: 0, Rehash Threshold: 120, Hash Seed: 0x0]
      [Age Threshold: 3]
   [Queue]
      [Dropped: 0]
75.454: [GC pause (G1 Evacuation Pause) (young), 0.0753333 secs]
   [Parallel Time: 74.8 ms, GC Workers: 4]
      [GC Worker Start (ms): Min: 75454.2, Avg: 75454.2, Max: 75454.2, Diff: 0.0]
      [Ext Root Scanning (ms): Min: 0.2, Avg: 0.2, Max: 0.2, Diff: 0.0, Sum: 0.8]
      [Update RS (ms): Min: 15.8, Avg: 15.9, Max: 16.0, Diff: 0.2, Sum: 63.6]
         [Processed Buffers: Min: 30, Avg: 31.0, Max: 32, Diff: 2, Sum: 124]
      [Scan RS (ms): Min: 0.0, Avg: 0.0, Max: 0.0, Diff: 0.0, Sum: 0.1]
      [Code Root Scanning (ms): Min: 0.0, Avg: 0.0, Max: 0.0, Diff: 0.0, Sum: 0.0]
      [Object Copy (ms): Min: 58.5, Avg: 58.7, Max: 58.7, Diff: 0.2, Sum: 234.6]
      [Termination (ms): Min: 0.0, Avg: 0.0, Max: 0.0, Diff: 0.0, Sum: 0.1]
         [Termination Attempts: Min: 13, Avg: 262.5, Max: 353, Diff: 340, Sum: 1050]
      [GC Worker Other (ms): Min: 0.0, Avg: 0.0, Max: 0.0, Diff: 0.0, Sum: 0.0]
      [GC Worker Total (ms): Min: 74.8, Avg: 74.8, Max: 74.8, Diff: 0.0, Sum: 299.3]
      [GC Worker End (ms): Min: 75529.0, Avg: 75529.0, Max: 75529.0, Diff: 0.0]
   [Code Root Fixup: 0.0 ms]
   [Code Root Purge: 0.0 ms]
   [String Dedup Fixup: 0.1 ms, GC Workers: 4]
      [Queue Fixup (ms): Min: 0.0, Avg: 0.0, Max: 0.0, Diff: 0.0, Sum: 0.0]
      [Table Fixup (ms): Min: 0.1, Avg: 0.1, Max: 0.1, Diff: 0.0, Sum: 0.4]
   [Clear CT: 0.0 ms]
   [Other: 0.3 ms]
      [Choose CSet: 0.0 ms]
      [Ref Proc: 0.0 ms]
      [Ref Enq: 0.0 ms]
      [Redirty Cards: 0.1 ms]
      [Humongous Register: 0.0 ms]
      [Humongous Reclaim: 0.0 ms]
      [Free CSet: 0.1 ms]
   [Eden: 89.0M(89.0M)->0.0B(89.0M) Survivors: 13.0M->13.0M Heap: 1582.3M(2048.0M)->1527.4M(2048.0M)]
 [Times: user=0.31 sys=0.00, real=0.08 secs] 
75.530: [GC concurrent-string-deduplication, 8480.0B->8160.0B(320.0B), avg 6.9%, 0.0004291 secs]
   [Last Exec: 0.0004291 secs, Idle: 0.1641139 secs, Blocked: 0/0.0000000 secs]
      [Inspected:            8682]
         [Skipped:              0(  0.0%)]
         [Hashed:             176(  2.0%)]
         [Known:             8506( 98.0%)]
         [New:                176(  2.0%)   8480.0B]
      [Deduplicated:            6(  3.4%)    320.0B(  3.8%)]
         [Young:                0(  0.0%)      0.0B(  0.0%)]
         [Old:                  6(100.0%)    320.0B(100.0%)]
   [Total Exec: 187/0.1380256 secs, Idle: 187/75.1669566 secs, Blocked: 0/0.0000000 secs]
      [Inspected:         1520670]
         [Skipped:              0(  0.0%)]
         [Hashed:           32585(  2.1%)]
         [Known:          1486986( 97.8%)]
         [New:              33684(  2.2%)   1654.3K]
      [Deduplicated:         2130(  6.3%)    113.6K(  6.9%)]
         [Young:                8(  0.4%)    424.0B(  0.4%)]
         [Old:               2122( 99.6%)    113.2K( 99.6%)]
   [Table]
      [Memory Usage: 327.6K]
      [Size: 8192, Min: 1024, Max: 16777216]
      [Entries: 11245, Load: 137.3%, Cached: 0, Added: 36748, Removed: 25503]
      [Resize Count: 3, Shrink Threshold: 5461(66.7%), Grow Threshold: 16384(200.0%)]
      [Rehash Count: 0, Rehash Threshold: 120, Hash Seed: 0x0]
      [Age Threshold: 3]
   [Queue]
      [Dropped: 0]
75.609: [GC pause (G1 Evacuation Pause) (young), 0.0548820 secs]
   [Parallel Time: 54.4 ms, GC Workers: 4]
      [GC Worker Start (ms): Min: 75609.3, Avg: 75609.3, Max: 75609.3, Diff: 0.0]
      [Ext Root Scanning (ms): Min: 0.2, Avg: 0.2, Max: 0.2, Diff: 0.0, Sum: 0.8]
      [Update RS (ms): Min: 17.9, Avg: 18.0, Max: 18.2, Diff: 0.3, Sum: 71.9]
         [Processed Buffers: Min: 32, Avg: 34.0, Max: 36, Diff: 4, Sum: 136]
      [Scan RS (ms): Min: 0.0, Avg: 0.1, Max: 0.1, Diff: 0.1, Sum: 0.2]
      [Code Root Scanning (ms): Min: 0.0, Avg: 0.0, Max: 0.0, Diff: 0.0, Sum: 0.0]
      [Object Copy (ms): Min: 35.9, Avg: 36.1, Max: 36.2, Diff: 0.2, Sum: 144.4]
      [Termination (ms): Min: 0.0, Avg: 0.0, Max: 0.0, Diff: 0.0, Sum: 0.0]
         [Termination Attempts: Min: 1, Avg: 2.0, Max: 3, Diff: 2, Sum: 8]
      [GC Worker Other (ms): Min: 0.0, Avg: 0.0, Max: 0.0, Diff: 0.0, Sum: 0.0]
      [GC Worker Total (ms): Min: 54.3, Avg: 54.3, Max: 54.3, Diff: 0.0, Sum: 217.4]
      [GC Worker End (ms): Min: 75663.7, Avg: 75663.7, Max: 75663.7, Diff: 0.0]
   [Code Root Fixup: 0.0 ms]
   [Code Root Purge: 0.0 ms]
   [String Dedup Fixup: 0.1 ms, GC Workers: 4]
      [Queue Fixup (ms): Min: 0.0, Avg: 0.0, Max: 0.0, Diff: 0.0, Sum: 0.0]
      [Table Fixup (ms): Min: 0.1, Avg: 0.1, Max: 0.1, Diff: 0.0, Sum: 0.4]
   [Clear CT: 0.0 ms]
   [Other: 0.3 ms]
      [Choose CSet: 0.0 ms]
      [Ref Proc: 0.0 ms]
      [Ref Enq: 0.0 ms]
      [Redirty Cards: 0.1 ms]
      [Humongous Register: 0.0 ms]
      [Humongous Reclaim: 0.0 ms]
      [Free CSet: 0.1 ms]
   [Eden: 89.0M(89.0M)->0.0B(89.0M) Survivors: 13.0M->13.0M Heap: 1616.4M(2048.0M)->1559.1M(2048.0M)]
 [Times: user=0.19 sys=0.00, real=0.06 secs] 
75.664: [GC concurrent-string-deduplication, 1776.0B->1776.0B(0.0B), avg 6.9%, 0.0000921 secs]
   [Last Exec: 0.0000921 secs, Idle: 0.1341889 secs, Blocked: 0/0.0000000 secs]
      [Inspected:            1736]
         [Skipped:              0(  0.0%)]
         [Hashed:              37(  2.1%)]
         [Known:             1699( 97.9%)]
         [New:                 37(  2.1%)   1776.0B]
      [Deduplicated:            0(  0.0%)      0.0B(  0.0%)]
         [Young:                0(  0.0%)      0.0B(  0.0%)]
         [Old:                  0(  0.0%)      0.0B(  0.0%)]
   [Total Exec: 188/0.1381176 secs, Idle: 188/75.3011455 secs, Blocked: 0/0.0000000 secs]
      [Inspected:         1522406]
         [Skipped:              0(  0.0%)]
         [Hashed:           32622(  2.1%)]
         [Known:          1488685( 97.8%)]
         [New:              33721(  2.2%)   1656.0K]
      [Deduplicated:         2130(  6.3%)    113.6K(  6.9%)]
         [Young:                8(  0.4%)    424.0B(  0.4%)]
         [Old:               2122( 99.6%)    113.2K( 99.6%)]
   [Table]
      [Memory Usage: 328.4K]
      [Size: 8192, Min: 1024, Max: 16777216]
      [Entries: 11282, Load: 137.7%, Cached: 0, Added: 36785, Removed: 25503]
      [Resize Count: 3, Shrink Threshold: 5461(66.7%), Grow Threshold: 16384(200.0%)]
      [Rehash Count: 0, Rehash Threshold: 120, Hash Seed: 0x0]
      [Age Threshold: 3]
   [Queue]
      [Dropped: 0]
75.744: [GC pause (G1 Evacuation Pause) (young), 0.0978097 secs]
   [Parallel Time: 97.3 ms, GC Workers: 4]
      [GC Worker Start (ms): Min: 75744.0, Avg: 75744.0, Max: 75744.0, Diff: 0.0]
      [Ext Root Scanning (ms): Min: 0.2, Avg: 0.2, Max: 0.2, Diff: 0.0, Sum: 0.8]
      [Update RS (ms): Min: 20.1, Avg: 20.2, Max: 20.3, Diff: 0.2, Sum: 80.8]
         [Processed Buffers: Min: 36, Avg: 37.0, Max: 38, Diff: 2, Sum: 148]
      [Scan RS (ms): Min: 1.6, Avg: 1.7, Max: 1.8, Diff: 0.2, Sum: 6.7]
      [Code Root Scanning (ms): Min: 0.0, Avg: 0.0, Max: 0.0, Diff: 0.0, Sum: 0.0]
      [Object Copy (ms): Min: 75.1, Avg: 75.1, Max: 75.1, Diff: 0.0, Sum: 300.4]
      [Termination (ms): Min: 0.0, Avg: 0.0, Max: 0.0, Diff: 0.0, Sum: 0.0]
         [Termination Attempts: Min: 5, Avg: 8.8, Max: 12, Diff: 7, Sum: 35]
      [GC Worker Other (ms): Min: 0.0, Avg: 0.0, Max: 0.0, Diff: 0.0, Sum: 0.0]
      [GC Worker Total (ms): Min: 97.2, Avg: 97.2, Max: 97.2, Diff: 0.0, Sum: 388.8]
      [GC Worker End (ms): Min: 75841.2, Avg: 75841.2, Max: 75841.2, Diff: 0.0]
   [Code Root Fixup: 0.0 ms]
   [Code Root Purge: 0.0 ms]
   [String Dedup Fixup: 0.2 ms, GC Workers: 4]
      [Queue Fixup (ms): Min: 0.0, Avg: 0.0, Max: 0.0, Diff: 0.0, Sum: 0.0]
      [Table Fixup (ms): Min: 0.1, Avg: 0.1, Max: 0.1, Diff: 0.0, Sum: 0.5]
   [Clear CT: 0.0 ms]
   [Other: 0.3 ms]
      [Choose CSet: 0.0 ms]
      [Ref Proc: 0.0 ms]
      [Ref Enq: 0.0 ms]
      [Redirty Cards: 0.1 ms]
      [Humongous Register: 0.0 ms]
      [Humongous Reclaim: 0.0 ms]
      [Free CSet: 0.1 ms]
   [Eden: 89.0M(89.0M)->0.0B(89.0M) Survivors: 13.0M->13.0M Heap: 1648.1M(2048.0M)->1592.0M(2048.0M)]
 [Times: user=0.44 sys=0.00, real=0.10 secs] 
75.842: [GC concurrent-string-deduplication, 6944.0B->6624.0B(320.0B), avg 6.9%, 0.0003425 secs]
   [Last Exec: 0.0003425 secs, Idle: 0.1774980 secs, Blocked: 0/0.0000000 secs]
      [Inspected:            6966]
         [Skipped:              0(  0.0%)]
         [Hashed:             144(  2.1%)]
         [Known:             6822( 97.9%)]
         [New:                144(  2.1%)   6944.0B]
      [Deduplicated:            6(  4.2%)    320.0B(  4.6%)]
         [Young:                0(  0.0%)      0.0B(  0.0%)]
         [Old:                  6(100.0%)    320.0B(100.0%)]
   [Total Exec: 189/0.1384602 secs, Idle: 189/75.4786434 secs, Blocked: 0/0.0000000 secs]
      [Inspected:         1529372]
         [Skipped:              0(  0.0%)]
         [Hashed:           32766(  2.1%)]
         [Known:          1495507( 97.8%)]
         [New:              33865(  2.2%)   1662.8K]
      [Deduplicated:         2136(  6.3%)    114.0K(  6.9%)]
         [Young:                8(  0.4%)    424.0B(  0.4%)]
         [Old:               2128( 99.6%)    113.5K( 99.6%)]
   [Table]
      [Memory Usage: 331.7K]
      [Size: 8192, Min: 1024, Max: 16777216]
      [Entries: 11421, Load: 139.4%, Cached: 0, Added: 36924, Removed: 25503]
      [Resize Count: 3, Shrink Threshold: 5461(66.7%), Grow Threshold: 16384(200.0%)]
      [Rehash Count: 0, Rehash Threshold: 120, Hash Seed: 0x0]
      [Age Threshold: 3]
   [Queue]
      [Dropped: 0]
75.923: [GC pause (G1 Evacuation Pause) (young), 0.0732366 secs]
   [Parallel Time: 72.7 ms, GC Workers: 4]
      [GC Worker Start (ms): Min: 75922.9, Avg: 75923.0, Max: 75923.0, Diff: 0.0]
      [Ext Root Scanning (ms): Min: 0.2, Avg: 0.2, Max: 0.2, Diff: 0.0, Sum: 0.8]
      [Update RS (ms): Min: 21.0, Avg: 21.1, Max: 21.3, Diff: 0.3, Sum: 84.3]
         [Processed Buffers: Min: 33, Avg: 33.5, Max: 34, Diff: 1, Sum: 134]
      [Scan RS (ms): Min: 0.4, Avg: 0.6, Max: 0.7, Diff: 0.4, Sum: 2.4]
      [Code Root Scanning (ms): Min: 0.0, Avg: 0.0, Max: 0.0, Diff: 0.0, Sum: 0.0]
      [Object Copy (ms): Min: 50.8, Avg: 50.8, Max: 50.8, Diff: 0.0, Sum: 203.1]
      [Termination (ms): Min: 0.0, Avg: 0.0, Max: 0.0, Diff: 0.0, Sum: 0.0]
         [Termination Attempts: Min: 6, Avg: 9.0, Max: 13, Diff: 7, Sum: 36]
      [GC Worker Other (ms): Min: 0.0, Avg: 0.0, Max: 0.0, Diff: 0.0, Sum: 0.0]
      [GC Worker Total (ms): Min: 72.7, Avg: 72.7, Max: 72.7, Diff: 0.0, Sum: 290.7]
      [GC Worker End (ms): Min: 75995.6, Avg: 75995.6, Max: 75995.6, Diff: 0.0]
   [Code Root Fixup: 0.0 ms]
   [Code Root Purge: 0.0 ms]
   [String Dedup Fixup: 0.1 ms, GC Workers: 4]
      [Queue Fixup (ms): Min: 0.0, Avg: 0.0, Max: 0.0, Diff: 0.0, Sum: 0.0]
      [Table Fixup (ms): Min: 0.1, Avg: 0.1, Max: 0.1, Diff: 0.0, Sum: 0.4]
   [Clear CT: 0.0 ms]
   [Other: 0.4 ms]
      [Choose CSet: 0.0 ms]
      [Ref Proc: 0.0 ms]
      [Ref Enq: 0.0 ms]
      [Redirty Cards: 0.1 ms]
      [Humongous Register: 0.0 ms]
      [Humongous Reclaim: 0.0 ms]
      [Free CSet: 0.1 ms]
   [Eden: 89.0M(89.0M)->0.0B(89.0M) Survivors: 13.0M->13.0M Heap: 1681.0M(2048.0M)->1624.3M(2048.0M)]
 [Times: user=0.25 sys=0.00, real=0.07 secs] 
75.997: [GC concurrent-string-deduplication, 4992.0B->4992.0B(0.0B), avg 6.8%, 0.0002874 secs]
   [Last Exec: 0.0002874 secs, Idle: 0.1539551 secs, Blocked: 0/0.0000000 secs]
      [Inspected:            5832]
         [Skipped:              0(  0.0%)]
         [Hashed:             104(  1.8%)]
         [Known:             5728( 98.2%)]
         [New:                104(  1.8%)   4992.0B]
      [Deduplicated:            0(  0.0%)      0.0B(  0.0%)]
         [Young:                0(  0.0%)      0.0B(  0.0%)]
         [Old:                  0(  0.0%)      0.0B(  0.0%)]
   [Total Exec: 190/0.1387476 secs, Idle: 190/75.6325985 secs, Blocked: 0/0.0000000 secs]
      [Inspected:         1535204]
         [Skipped:              0(  0.0%)]
         [Hashed:           32870(  2.1%)]
         [Known:          1501235( 97.8%)]
         [New:              33969(  2.2%)   1667.7K]
      [Deduplicated:         2136(  6.3%)    114.0K(  6.8%)]
         [Young:                8(  0.4%)    424.0B(  0.4%)]
         [Old:               2128( 99.6%)    113.5K( 99.6%)]
   [Table]
      [Memory Usage: 334.1K]
      [Size: 8192, Min: 1024, Max: 16777216]
      [Entries: 11525, Load: 140.7%, Cached: 0, Added: 37028, Removed: 25503]
      [Resize Count: 3, Shrink Threshold: 5461(66.7%), Grow Threshold: 16384(200.0%)]
      [Rehash Count: 0, Rehash Threshold: 120, Hash Seed: 0x0]
      [Age Threshold: 3]
   [Queue]
      [Dropped: 0]
76.084: [GC pause (G1 Evacuation Pause) (young), 0.0909026 secs]
   [Parallel Time: 90.4 ms, GC Workers: 4]
      [GC Worker Start (ms): Min: 76083.8, Avg: 76083.8, Max: 76083.8, Diff: 0.0]
      [Ext Root Scanning (ms): Min: 0.2, Avg: 0.2, Max: 0.2, Diff: 0.0, Sum: 0.8]
      [Update RS (ms): Min: 18.7, Avg: 18.8, Max: 19.1, Diff: 0.4, Sum: 75.2]
         [Processed Buffers: Min: 28, Avg: 29.8, Max: 32, Diff: 4, Sum: 119]
      [Scan RS (ms): Min: 0.6, Avg: 0.9, Max: 1.0, Diff: 0.4, Sum: 3.6]
      [Code Root Scanning (ms): Min: 0.0, Avg: 0.0, Max: 0.0, Diff: 0.0, Sum: 0.0]
      [Object Copy (ms): Min: 70.4, Avg: 70.4, Max: 70.4, Diff: 0.0, Sum: 281.6]
      [Termination (ms): Min: 0.0, Avg: 0.0, Max: 0.0, Diff: 0.0, Sum: 0.0]
         [Termination Attempts: Min: 23, Avg: 31.5, Max: 39, Diff: 16, Sum: 126]
      [GC Worker Other (ms): Min: 0.0, Avg: 0.0, Max: 0.0, Diff: 0.0, Sum: 0.0]
      [GC Worker Total (ms): Min: 90.3, Avg: 90.3, Max: 90.3, Diff: 0.0, Sum: 361.3]
      [GC Worker End (ms): Min: 76174.1, Avg: 76174.1, Max: 76174.1, Diff: 0.0]
   [Code Root Fixup: 0.0 ms]
   [Code Root Purge: 0.0 ms]
   [String Dedup Fixup: 0.1 ms, GC Workers: 4]
      [Queue Fixup (ms): Min: 0.0, Avg: 0.0, Max: 0.0, Diff: 0.0, Sum: 0.1]
      [Table Fixup (ms): Min: 0.1, Avg: 0.1, Max: 0.1, Diff: 0.0, Sum: 0.5]
   [Clear CT: 0.0 ms]
   [Other: 0.3 ms]
      [Choose CSet: 0.0 ms]
      [Ref Proc: 0.0 ms]
      [Ref Enq: 0.0 ms]
      [Redirty Cards: 0.1 ms]
      [Humongous Register: 0.0 ms]
      [Humongous Reclaim: 0.0 ms]
      [Free CSet: 0.1 ms]
   [Eden: 89.0M(89.0M)->0.0B(89.0M) Survivors: 13.0M->13.0M Heap: 1713.3M(2048.0M)->1657.4M(2048.0M)]
 [Times: user=0.38 sys=0.00, real=0.09 secs] 
76.175: [GC concurrent-string-deduplication, 9728.0B->9408.0B(320.0B), avg 6.8%, 0.0004801 secs]
   [Last Exec: 0.0004801 secs, Idle: 0.1781757 secs, Blocked: 0/0.0000000 secs]
      [Inspected:            9901]
         [Skipped:              0(  0.0%)]
         [Hashed:             202(  2.0%)]
         [Known:             9699( 98.0%)]
         [New:                202(  2.0%)   9728.0B]
      [Deduplicated:            6(  3.0%)    320.0B(  3.3%)]
         [Young:                0(  0.0%)      0.0B(  0.0%)]
         [Old:                  6(100.0%)    320.0B(100.0%)]
   [Total Exec: 191/0.1392277 secs, Idle: 191/75.8107742 secs, Blocked: 0/0.0000000 secs]
      [Inspected:         1545105]
         [Skipped:              0(  0.0%)]
         [Hashed:           33072(  2.1%)]
         [Known:          1510934( 97.8%)]
         [New:              34171(  2.2%)   1677.2K]
      [Deduplicated:         2142(  6.3%)    114.3K(  6.8%)]
         [Young:                8(  0.4%)    424.0B(  0.4%)]
         [Old:               2134( 99.6%)    113.9K( 99.6%)]
   [Table]
      [Memory Usage: 338.7K]
      [Size: 8192, Min: 1024, Max: 16777216]
      [Entries: 11721, Load: 143.1%, Cached: 0, Added: 37224, Removed: 25503]
      [Resize Count: 3, Shrink Threshold: 5461(66.7%), Grow Threshold: 16384(200.0%)]
      [Rehash Count: 0, Rehash Threshold: 120, Hash Seed: 0x0]
      [Age Threshold: 3]
   [Queue]
      [Dropped: 0]
76.252: [GC pause (G1 Evacuation Pause) (young), 0.0641796 secs]
   [Parallel Time: 63.7 ms, GC Workers: 4]
      [GC Worker Start (ms): Min: 76252.1, Avg: 76252.1, Max: 76252.1, Diff: 0.0]
      [Ext Root Scanning (ms): Min: 0.2, Avg: 0.2, Max: 0.2, Diff: 0.0, Sum: 0.8]
      [Update RS (ms): Min: 21.6, Avg: 21.7, Max: 22.0, Diff: 0.4, Sum: 86.7]
         [Processed Buffers: Min: 32, Avg: 32.5, Max: 33, Diff: 1, Sum: 130]
      [Scan RS (ms): Min: 0.4, Avg: 0.7, Max: 0.9, Diff: 0.4, Sum: 3.0]
      [Code Root Scanning (ms): Min: 0.0, Avg: 0.0, Max: 0.0, Diff: 0.0, Sum: 0.0]
      [Object Copy (ms): Min: 40.9, Avg: 40.9, Max: 41.0, Diff: 0.1, Sum: 163.6]
      [Termination (ms): Min: 0.0, Avg: 0.1, Max: 0.1, Diff: 0.1, Sum: 0.3]
         [Termination Attempts: Min: 1, Avg: 256.5, Max: 347, Diff: 346, Sum: 1026]
      [GC Worker Other (ms): Min: 0.0, Avg: 0.0, Max: 0.0, Diff: 0.0, Sum: 0.0]
      [GC Worker Total (ms): Min: 63.6, Avg: 63.6, Max: 63.6, Diff: 0.0, Sum: 254.5]
      [GC Worker End (ms): Min: 76315.7, Avg: 76315.7, Max: 76315.7, Diff: 0.0]
   [Code Root Fixup: 0.0 ms]
   [Code Root Purge: 0.0 ms]
   [String Dedup Fixup: 0.1 ms, GC Workers: 4]
      [Queue Fixup (ms): Min: 0.0, Avg: 0.0, Max: 0.0, Diff: 0.0, Sum: 0.0]
      [Table Fixup (ms): Min: 0.1, Avg: 0.1, Max: 0.1, Diff: 0.0, Sum: 0.4]
   [Clear CT: 0.0 ms]
   [Other: 0.3 ms]
      [Choose CSet: 0.0 ms]
      [Ref Proc: 0.0 ms]
      [Ref Enq: 0.0 ms]
      [Redirty Cards: 0.1 ms]
      [Humongous Register: 0.0 ms]
      [Humongous Reclaim: 0.0 ms]
      [Free CSet: 0.1 ms]
   [Eden: 89.0M(89.0M)->0.0B(89.0M) Survivors: 13.0M->13.0M Heap: 1746.4M(2048.0M)->1690.1M(2048.0M)]
 [Times: user=0.25 sys=0.00, real=0.07 secs] 
76.317: [GC concurrent-string-deduplication, 6000.0B->6000.0B(0.0B), avg 6.8%, 0.0004231 secs]
   [Last Exec: 0.0004231 secs, Idle: 0.1411460 secs, Blocked: 0/0.0000000 secs]
      [Inspected:            6154]
         [Skipped:              0(  0.0%)]
         [Hashed:             125(  2.0%)]
         [Known:             6029( 98.0%)]
         [New:                125(  2.0%)   6000.0B]
      [Deduplicated:            0(  0.0%)      0.0B(  0.0%)]
         [Young:                0(  0.0%)      0.0B(  0.0%)]
         [Old:                  0(  0.0%)      0.0B(  0.0%)]
   [Total Exec: 192/0.1396508 secs, Idle: 192/75.9519202 secs, Blocked: 0/0.0000000 secs]
      [Inspected:         1551259]
         [Skipped:              0(  0.0%)]
         [Hashed:           33197(  2.1%)]
         [Known:          1516963( 97.8%)]
         [New:              34296(  2.2%)   1683.0K]
      [Deduplicated:         2142(  6.2%)    114.3K(  6.8%)]
         [Young:                8(  0.4%)    424.0B(  0.4%)]
         [Old:               2134( 99.6%)    113.9K( 99.6%)]
   [Table]
      [Memory Usage: 341.6K]
      [Size: 8192, Min: 1024, Max: 16777216]
      [Entries: 11846, Load: 144.6%, Cached: 0, Added: 37349, Removed: 25503]
      [Resize Count: 3, Shrink Threshold: 5461(66.7%), Grow Threshold: 16384(200.0%)]
      [Rehash Count: 0, Rehash Threshold: 120, Hash Seed: 0x0]
      [Age Threshold: 3]
   [Queue]
      [Dropped: 0]
76.406: [GC pause (G1 Evacuation Pause) (young), 0.0476961 secs]
   [Parallel Time: 47.2 ms, GC Workers: 4]
      [GC Worker Start (ms): Min: 76406.1, Avg: 76406.1, Max: 76406.1, Diff: 0.0]
      [Ext Root Scanning (ms): Min: 0.2, Avg: 0.2, Max: 0.2, Diff: 0.0, Sum: 0.8]
      [Update RS (ms): Min: 15.4, Avg: 15.5, Max: 15.6, Diff: 0.1, Sum: 61.9]
         [Processed Buffers: Min: 29, Avg: 29.3, Max: 30, Diff: 1, Sum: 117]
      [Scan RS (ms): Min: 0.1, Avg: 0.2, Max: 0.3, Diff: 0.1, Sum: 0.8]
      [Code Root Scanning (ms): Min: 0.0, Avg: 0.0, Max: 0.0, Diff: 0.0, Sum: 0.0]
      [Object Copy (ms): Min: 31.3, Avg: 31.3, Max: 31.3, Diff: 0.0, Sum: 125.3]
      [Termination (ms): Min: 0.0, Avg: 0.0, Max: 0.0, Diff: 0.0, Sum: 0.0]
         [Termination Attempts: Min: 12, Avg: 16.3, Max: 21, Diff: 9, Sum: 65]
      [GC Worker Other (ms): Min: 0.0, Avg: 0.0, Max: 0.0, Diff: 0.0, Sum: 0.0]
      [GC Worker Total (ms): Min: 47.2, Avg: 47.2, Max: 47.2, Diff: 0.0, Sum: 188.8]
      [GC Worker End (ms): Min: 76453.3, Avg: 76453.3, Max: 76453.3, Diff: 0.0]
   [Code Root Fixup: 0.0 ms]
   [Code Root Purge: 0.0 ms]
   [String Dedup Fixup: 0.1 ms, GC Workers: 4]
      [Queue Fixup (ms): Min: 0.0, Avg: 0.0, Max: 0.0, Diff: 0.0, Sum: 0.0]
      [Table Fixup (ms): Min: 0.1, Avg: 0.1, Max: 0.1, Diff: 0.0, Sum: 0.4]
   [Clear CT: 0.0 ms]
   [Other: 0.3 ms]
      [Choose CSet: 0.0 ms]
      [Ref Proc: 0.0 ms]
      [Ref Enq: 0.0 ms]
      [Redirty Cards: 0.1 ms]
      [Humongous Register: 0.0 ms]
      [Humongous Reclaim: 0.0 ms]
      [Free CSet: 0.1 ms]
   [Eden: 89.0M(89.0M)->0.0B(89.0M) Survivors: 13.0M->13.0M Heap: 1779.1M(2048.0M)->1721.9M(2048.0M)]
 [Times: user=0.19 sys=0.00, real=0.05 secs] 
76.454: [GC concurrent-string-deduplication, 448.0B->288.0B(160.0B), avg 6.8%, 0.0000279 secs]
   [Last Exec: 0.0000279 secs, Idle: 0.1369889 secs, Blocked: 0/0.0000000 secs]
      [Inspected:             416]
         [Skipped:              0(  0.0%)]
         [Hashed:               9(  2.2%)]
         [Known:              407( 97.8%)]
         [New:                  9(  2.2%)    448.0B]
      [Deduplicated:            3( 33.3%)    160.0B( 35.7%)]
         [Young:                0(  0.0%)      0.0B(  0.0%)]
         [Old:                  3(100.0%)    160.0B(100.0%)]
   [Total Exec: 193/0.1396787 secs, Idle: 193/76.0889092 secs, Blocked: 0/0.0000000 secs]
      [Inspected:         1551675]
         [Skipped:              0(  0.0%)]
         [Hashed:           33206(  2.1%)]
         [Known:          1517370( 97.8%)]
         [New:              34305(  2.2%)   1683.5K]
      [Deduplicated:         2145(  6.3%)    114.4K(  6.8%)]
         [Young:                8(  0.4%)    424.0B(  0.4%)]
         [Old:               2137( 99.6%)    114.0K( 99.6%)]
   [Table]
      [Memory Usage: 341.8K]
      [Size: 8192, Min: 1024, Max: 16777216]
      [Entries: 11852, Load: 144.7%, Cached: 0, Added: 37355, Removed: 25503]
      [Resize Count: 3, Shrink Threshold: 5461(66.7%), Grow Threshold: 16384(200.0%)]
      [Rehash Count: 0, Rehash Threshold: 120, Hash Seed: 0x0]
      [Age Threshold: 3]
   [Queue]
      [Dropped: 0]
76.536: [GC pause (G1 Evacuation Pause) (young) (to-space exhausted), 0.0791048 secs]
   [Parallel Time: 75.6 ms, GC Workers: 4]
      [GC Worker Start (ms): Min: 76536.1, Avg: 76536.1, Max: 76536.1, Diff: 0.0]
      [Ext Root Scanning (ms): Min: 0.2, Avg: 0.2, Max: 0.2, Diff: 0.0, Sum: 0.8]
      [Update RS (ms): Min: 27.1, Avg: 27.3, Max: 27.4, Diff: 0.3, Sum: 109.0]
         [Processed Buffers: Min: 48, Avg: 50.8, Max: 53, Diff: 5, Sum: 203]
      [Scan RS (ms): Min: 0.0, Avg: 0.0, Max: 0.0, Diff: 0.0, Sum: 0.0]
      [Code Root Scanning (ms): Min: 0.0, Avg: 0.0, Max: 0.0, Diff: 0.0, Sum: 0.0]
      [Object Copy (ms): Min: 47.9, Avg: 48.1, Max: 48.2, Diff: 0.2, Sum: 192.2]
      [Termination (ms): Min: 0.0, Avg: 0.0, Max: 0.0, Diff: 0.0, Sum: 0.0]
         [Termination Attempts: Min: 24, Avg: 32.5, Max: 42, Diff: 18, Sum: 130]
      [GC Worker Other (ms): Min: 0.0, Avg: 0.0, Max: 0.0, Diff: 0.0, Sum: 0.0]
      [GC Worker Total (ms): Min: 75.5, Avg: 75.5, Max: 75.6, Diff: 0.0, Sum: 302.2]
      [GC Worker End (ms): Min: 76611.7, Avg: 76611.7, Max: 76611.7, Diff: 0.0]
   [Code Root Fixup: 0.0 ms]
   [Code Root Purge: 0.0 ms]
   [String Dedup Fixup: 0.1 ms, GC Workers: 4]
      [Queue Fixup (ms): Min: 0.0, Avg: 0.0, Max: 0.0, Diff: 0.0, Sum: 0.0]
      [Table Fixup (ms): Min: 0.1, Avg: 0.1, Max: 0.1, Diff: 0.0, Sum: 0.5]
   [Clear CT: 0.0 ms]
   [Other: 3.3 ms]
      [Evacuation Failure: 3.1 ms]
      [Choose CSet: 0.0 ms]
      [Ref Proc: 0.0 ms]
      [Ref Enq: 0.0 ms]
      [Redirty Cards: 0.1 ms]
      [Humongous Register: 0.0 ms]
      [Humongous Reclaim: 0.0 ms]
      [Free CSet: 0.1 ms]
   [Eden: 89.0M(89.0M)->0.0B(89.0M) Survivors: 13.0M->13.0M Heap: 1810.9M(2048.0M)->1776.6M(2048.0M)]
 [Times: user=0.31 sys=0.00, real=0.08 secs] 
76.615: [GC concurrent-string-deduplication, 3376.0B->3216.0B(160.0B), avg 6.8%, 0.0001799 secs]
   [Last Exec: 0.0001799 secs, Idle: 0.1613523 secs, Blocked: 0/0.0000000 secs]
      [Inspected:            3265]
         [Skipped:              0(  0.0%)]
         [Hashed:              70(  2.1%)]
         [Known:             3195( 97.9%)]
         [New:                 70(  2.1%)   3376.0B]
      [Deduplicated:            3(  4.3%)    160.0B(  4.7%)]
         [Young:                0(  0.0%)      0.0B(  0.0%)]
         [Old:                  3(100.0%)    160.0B(100.0%)]
   [Total Exec: 194/0.1398586 secs, Idle: 194/76.2502615 secs, Blocked: 0/0.0000000 secs]
      [Inspected:         1554940]
         [Skipped:              0(  0.0%)]
         [Hashed:           33276(  2.1%)]
         [Known:          1520565( 97.8%)]
         [New:              34375(  2.2%)   1686.8K]
      [Deduplicated:         2148(  6.2%)    114.6K(  6.8%)]
         [Young:                8(  0.4%)    424.0B(  0.4%)]
         [Old:               2140( 99.6%)    114.2K( 99.6%)]
   [Table]
      [Memory Usage: 343.4K]
      [Size: 8192, Min: 1024, Max: 16777216]
      [Entries: 11919, Load: 145.5%, Cached: 0, Added: 37422, Removed: 25503]
      [Resize Count: 3, Shrink Threshold: 5461(66.7%), Grow Threshold: 16384(200.0%)]
      [Rehash Count: 0, Rehash Threshold: 120, Hash Seed: 0x0]
      [Age Threshold: 3]
   [Queue]
      [Dropped: 0]
76.679: [GC pause (G1 Evacuation Pause) (young) (to-space exhausted), 0.0970358 secs]
   [Parallel Time: 84.0 ms, GC Workers: 4]
      [GC Worker Start (ms): Min: 76679.2, Avg: 76679.2, Max: 76679.2, Diff: 0.0]
      [Ext Root Scanning (ms): Min: 0.2, Avg: 0.2, Max: 0.2, Diff: 0.0, Sum: 0.8]
      [Update RS (ms): Min: 0.0, Avg: 13.6, Max: 18.2, Diff: 18.2, Sum: 54.3]
         [Processed Buffers: Min: 0, Avg: 28.5, Max: 40, Diff: 40, Sum: 114]
      [Scan RS (ms): Min: 0.0, Avg: 0.0, Max: 0.0, Diff: 0.0, Sum: 0.0]
      [Code Root Scanning (ms): Min: 0.0, Avg: 0.0, Max: 0.0, Diff: 0.0, Sum: 0.0]
      [Object Copy (ms): Min: 4.7, Avg: 24.8, Max: 83.8, Diff: 79.1, Sum: 99.0]
      [Termination (ms): Min: 0.0, Avg: 45.4, Max: 60.9, Diff: 60.9, Sum: 181.8]
         [Termination Attempts: Min: 1, Avg: 1.0, Max: 1, Diff: 0, Sum: 4]
      [GC Worker Other (ms): Min: 0.0, Avg: 0.0, Max: 0.0, Diff: 0.0, Sum: 0.0]
      [GC Worker Total (ms): Min: 84.0, Avg: 84.0, Max: 84.0, Diff: 0.1, Sum: 336.0]
      [GC Worker End (ms): Min: 76763.2, Avg: 76763.2, Max: 76763.2, Diff: 0.0]
   [Code Root Fixup: 0.0 ms]
   [Code Root Purge: 0.0 ms]
   [String Dedup Fixup: 0.1 ms, GC Workers: 4]
      [Queue Fixup (ms): Min: 0.0, Avg: 0.0, Max: 0.0, Diff: 0.0, Sum: 0.0]
      [Table Fixup (ms): Min: 0.1, Avg: 0.1, Max: 0.1, Diff: 0.0, Sum: 0.5]
   [Clear CT: 0.0 ms]
   [Other: 12.9 ms]
      [Evacuation Failure: 12.6 ms]
      [Choose CSet: 0.0 ms]
      [Ref Proc: 0.0 ms]
      [Ref Enq: 0.0 ms]
      [Redirty Cards: 0.1 ms]
      [Humongous Register: 0.0 ms]
      [Humongous Reclaim: 0.0 ms]
      [Free CSet: 0.0 ms]
   [Eden: 72.0M(89.0M)->0.0B(102.0M) Survivors: 13.0M->0.0B Heap: 1848.6M(2048.0M)->1841.6M(2048.0M)]
 [Times: user=0.31 sys=0.00, real=0.10 secs] 
76.783: [GC pause (G1 Evacuation Pause) (young) (to-space exhausted), 0.0296020 secs]
   [Parallel Time: 28.5 ms, GC Workers: 4]
      [GC Worker Start (ms): Min: 76782.9, Avg: 76782.9, Max: 76783.0, Diff: 0.0]
      [Ext Root Scanning (ms): Min: 0.2, Avg: 0.2, Max: 0.2, Diff: 0.0, Sum: 0.8]
      [Update RS (ms): Min: 23.7, Avg: 23.9, Max: 24.1, Diff: 0.4, Sum: 95.7]
         [Processed Buffers: Min: 49, Avg: 55.5, Max: 59, Diff: 10, Sum: 222]
      [Scan RS (ms): Min: 0.0, Avg: 0.0, Max: 0.0, Diff: 0.0, Sum: 0.0]
      [Code Root Scanning (ms): Min: 0.0, Avg: 0.0, Max: 0.0, Diff: 0.0, Sum: 0.0]
      [Object Copy (ms): Min: 2.4, Avg: 3.2, Max: 4.5, Diff: 2.1, Sum: 12.6]
      [Termination (ms): Min: 0.0, Avg: 1.2, Max: 2.1, Diff: 2.1, Sum: 4.7]
         [Termination Attempts: Min: 1, Avg: 1.0, Max: 1, Diff: 0, Sum: 4]
      [GC Worker Other (ms): Min: 0.0, Avg: 0.0, Max: 0.0, Diff: 0.0, Sum: 0.0]
      [GC Worker Total (ms): Min: 28.5, Avg: 28.5, Max: 28.5, Diff: 0.0, Sum: 113.9]
      [GC Worker End (ms): Min: 76811.4, Avg: 76811.4, Max: 76811.4, Diff: 0.0]
   [Code Root Fixup: 0.0 ms]
   [Code Root Purge: 0.0 ms]
   [String Dedup Fixup: 0.1 ms, GC Workers: 4]
      [Queue Fixup (ms): Min: 0.0, Avg: 0.0, Max: 0.0, Diff: 0.0, Sum: 0.0]
      [Table Fixup (ms): Min: 0.1, Avg: 0.1, Max: 0.1, Diff: 0.0, Sum: 0.4]
   [Clear CT: 0.0 ms]
   [Other: 1.0 ms]
      [Evacuation Failure: 0.8 ms]
      [Choose CSet: 0.0 ms]
      [Ref Proc: 0.0 ms]
      [Ref Enq: 0.0 ms]
      [Redirty Cards: 0.0 ms]
      [Humongous Register: 0.0 ms]
      [Humongous Reclaim: 0.0 ms]
      [Free CSet: 0.0 ms]
   [Eden: 7168.0K(102.0M)->0.0B(102.0M) Survivors: 0.0B->0.0B Heap: 1848.6M(2048.0M)->1848.6M(2048.0M)]
 [Times: user=0.08 sys=0.00, real=0.03 secs] 
76.813: [Full GC (Allocation Failure)  1848M->1194M(2048M), 1.6601721 secs]
   [Eden: 0.0B(102.0M)->0.0B(323.0M) Survivors: 0.0B->0.0B Heap: 1848.6M(2048.0M)->1194.1M(2048.0M)], [Metaspace: 9350K->9350K(1058816K)]
 [Times: user=3.30 sys=0.00, real=1.66 secs] 
78.473: [GC concurrent-mark-abort]
78.759: [GC pause (G1 Evacuation Pause) (young), 0.1351813 secs]
   [Parallel Time: 134.4 ms, GC Workers: 4]
      [GC Worker Start (ms): Min: 78759.1, Avg: 78759.1, Max: 78759.2, Diff: 0.0]
      [Ext Root Scanning (ms): Min: 0.2, Avg: 0.3, Max: 0.3, Diff: 0.0, Sum: 1.0]
      [Update RS (ms): Min: 0.0, Avg: 0.0, Max: 0.1, Diff: 0.1, Sum: 0.2]
         [Processed Buffers: Min: 0, Avg: 1.3, Max: 2, Diff: 2, Sum: 5]
      [Scan RS (ms): Min: 0.0, Avg: 0.0, Max: 0.1, Diff: 0.1, Sum: 0.2]
      [Code Root Scanning (ms): Min: 0.0, Avg: 0.0, Max: 0.0, Diff: 0.0, Sum: 0.0]
      [Object Copy (ms): Min: 134.0, Avg: 134.0, Max: 134.1, Diff: 0.1, Sum: 536.1]
      [Termination (ms): Min: 0.0, Avg: 0.0, Max: 0.0, Diff: 0.0, Sum: 0.0]
         [Termination Attempts: Min: 10, Avg: 12.0, Max: 15, Diff: 5, Sum: 48]
      [GC Worker Other (ms): Min: 0.0, Avg: 0.0, Max: 0.0, Diff: 0.0, Sum: 0.1]
      [GC Worker Total (ms): Min: 134.3, Avg: 134.4, Max: 134.4, Diff: 0.0, Sum: 537.5]
      [GC Worker End (ms): Min: 78893.5, Avg: 78893.5, Max: 78893.5, Diff: 0.0]
   [Code Root Fixup: 0.0 ms]
   [Code Root Purge: 0.0 ms]
   [String Dedup Fixup: 0.1 ms, GC Workers: 4]
      [Queue Fixup (ms): Min: 0.0, Avg: 0.0, Max: 0.0, Diff: 0.0, Sum: 0.1]
      [Table Fixup (ms): Min: 0.1, Avg: 0.1, Max: 0.1, Diff: 0.0, Sum: 0.4]
   [Clear CT: 0.1 ms]
   [Other: 0.5 ms]
      [Choose CSet: 0.0 ms]
      [Ref Proc: 0.0 ms]
      [Ref Enq: 0.0 ms]
      [Redirty Cards: 0.1 ms]
      [Humongous Register: 0.0 ms]
      [Humongous Reclaim: 0.0 ms]
      [Free CSet: 0.2 ms]
   [Eden: 323.0M(323.0M)->0.0B(248.0M) Survivors: 0.0B->41.0M Heap: 1517.1M(2048.0M)->1311.0M(2048.0M)]
 [Times: user=0.56 sys=0.00, real=0.13 secs] 
78.895: [GC concurrent-string-deduplication, 13.3K->13.3K(0.0B), avg 6.7%, 0.0007547 secs]
   [Last Exec: 0.0007547 secs, Idle: 2.2788348 secs, Blocked: 0/0.0000000 secs]
      [Inspected:           14801]
         [Skipped:              0(  0.0%)]
         [Hashed:             283(  1.9%)]
         [Known:            14518( 98.1%)]
         [New:                283(  1.9%)     13.3K]
      [Deduplicated:            0(  0.0%)      0.0B(  0.0%)]
         [Young:                0(  0.0%)      0.0B(  0.0%)]
         [Old:                  0(  0.0%)      0.0B(  0.0%)]
   [Total Exec: 195/0.1406133 secs, Idle: 195/78.5290963 secs, Blocked: 0/0.0000000 secs]
      [Inspected:         1569741]
         [Skipped:              0(  0.0%)]
         [Hashed:           33559(  2.1%)]
         [Known:          1535083( 97.8%)]
         [New:              34658(  2.2%)   1700.0K]
      [Deduplicated:         2148(  6.2%)    114.6K(  6.7%)]
         [Young:                8(  0.4%)    424.0B(  0.4%)]
         [Old:               2140( 99.6%)    114.2K( 99.6%)]
   [Table]
      [Memory Usage: 324.0K]
      [Size: 8192, Min: 1024, Max: 16777216]
      [Entries: 10276, Load: 125.4%, Cached: 819, Added: 37728, Removed: 27452]
      [Resize Count: 3, Shrink Threshold: 5461(66.7%), Grow Threshold: 16384(200.0%)]
      [Rehash Count: 0, Rehash Threshold: 120, Hash Seed: 0x0]
      [Age Threshold: 3]
   [Queue]
      [Dropped: 0]
79.122: [GC pause (G1 Evacuation Pause) (young) (initial-mark), 0.2023549 secs]
   [Parallel Time: 201.4 ms, GC Workers: 4]
      [GC Worker Start (ms): Min: 79122.4, Avg: 79122.5, Max: 79122.5, Diff: 0.1]
      [Ext Root Scanning (ms): Min: 0.3, Avg: 0.3, Max: 0.3, Diff: 0.1, Sum: 1.2]
      [Update RS (ms): Min: 16.3, Avg: 16.4, Max: 16.6, Diff: 0.2, Sum: 65.8]
         [Processed Buffers: Min: 27, Avg: 28.3, Max: 30, Diff: 3, Sum: 113]
      [Scan RS (ms): Min: 9.8, Avg: 9.9, Max: 10.0, Diff: 0.2, Sum: 39.6]
      [Code Root Scanning (ms): Min: 0.0, Avg: 0.0, Max: 0.0, Diff: 0.0, Sum: 0.0]
      [Object Copy (ms): Min: 174.6, Avg: 174.7, Max: 174.7, Diff: 0.1, Sum: 698.7]
      [Termination (ms): Min: 0.0, Avg: 0.0, Max: 0.0, Diff: 0.0, Sum: 0.0]
         [Termination Attempts: Min: 17, Avg: 18.0, Max: 20, Diff: 3, Sum: 72]
      [GC Worker Other (ms): Min: 0.0, Avg: 0.0, Max: 0.0, Diff: 0.0, Sum: 0.1]
      [GC Worker Total (ms): Min: 201.3, Avg: 201.3, Max: 201.4, Diff: 0.1, Sum: 805.3]
      [GC Worker End (ms): Min: 79323.8, Avg: 79323.8, Max: 79323.8, Diff: 0.0]
   [Code Root Fixup: 0.0 ms]
   [Code Root Purge: 0.0 ms]
   [String Dedup Fixup: 0.1 ms, GC Workers: 4]
      [Queue Fixup (ms): Min: 0.0, Avg: 0.0, Max: 0.0, Diff: 0.0, Sum: 0.1]
      [Table Fixup (ms): Min: 0.1, Avg: 0.1, Max: 0.1, Diff: 0.0, Sum: 0.4]
   [Clear CT: 0.1 ms]
   [Other: 0.7 ms]
      [Choose CSet: 0.0 ms]
      [Ref Proc: 0.0 ms]
      [Ref Enq: 0.0 ms]
      [Redirty Cards: 0.2 ms]
      [Humongous Register: 0.0 ms]
      [Humongous Reclaim: 0.0 ms]
      [Free CSet: 0.2 ms]
   [Eden: 248.0M(248.0M)->0.0B(180.0M) Survivors: 41.0M->37.0M Heap: 1559.0M(2048.0M)->1401.9M(2048.0M)]
 [Times: user=0.75 sys=0.00, real=0.20 secs] 
79.325: [GC concurrent-root-region-scan-start]
79.326: [GC concurrent-string-deduplication, 14.4K->14.0K(480.0B), avg 6.7%, 0.0007534 secs]
   [Last Exec: 0.0007534 secs, Idle: 0.4296284 secs, Blocked: 0/0.0000000 secs]
      [Inspected:           15199]
         [Skipped:              0(  0.0%)]
         [Hashed:             307(  2.0%)]
         [Known:            14892( 98.0%)]
         [New:                307(  2.0%)     14.4K]
      [Deduplicated:            9(  2.9%)    480.0B(  3.2%)]
         [Young:                0(  0.0%)      0.0B(  0.0%)]
         [Old:                  9(100.0%)    480.0B(100.0%)]
   [Total Exec: 196/0.1413667 secs, Idle: 196/78.9587247 secs, Blocked: 0/0.0000000 secs]
      [Inspected:         1584940]
         [Skipped:              0(  0.0%)]
         [Hashed:           33866(  2.1%)]
         [Known:          1549975( 97.8%)]
         [New:              34965(  2.2%)   1714.5K]
      [Deduplicated:         2157(  6.2%)    115.0K(  6.7%)]
         [Young:                8(  0.4%)    424.0B(  0.4%)]
         [Old:               2149( 99.6%)    114.6K( 99.6%)]
   [Table]
      [Memory Usage: 324.0K]
      [Size: 8192, Min: 1024, Max: 16777216]
      [Entries: 10574, Load: 129.1%, Cached: 521, Added: 38026, Removed: 27452]
      [Resize Count: 3, Shrink Threshold: 5461(66.7%), Grow Threshold: 16384(200.0%)]
      [Rehash Count: 0, Rehash Threshold: 120, Hash Seed: 0x0]
      [Age Threshold: 3]
   [Queue]
      [Dropped: 0]
79.418: [GC concurrent-root-region-scan-end, 0.0931243 secs]
79.418: [GC concurrent-mark-start]
79.569: [GC pause (G1 Evacuation Pause) (young), 0.1687437 secs]
   [Parallel Time: 167.9 ms, GC Workers: 4]
      [GC Worker Start (ms): Min: 79568.6, Avg: 79568.6, Max: 79568.6, Diff: 0.0]
      [Ext Root Scanning (ms): Min: 0.2, Avg: 0.2, Max: 0.2, Diff: 0.0, Sum: 0.8]
      [Update RS (ms): Min: 18.7, Avg: 18.9, Max: 19.2, Diff: 0.5, Sum: 75.7]
         [Processed Buffers: Min: 30, Avg: 31.5, Max: 35, Diff: 5, Sum: 126]
      [Scan RS (ms): Min: 11.5, Avg: 11.7, Max: 11.9, Diff: 0.5, Sum: 46.7]
      [Code Root Scanning (ms): Min: 0.0, Avg: 0.0, Max: 0.0, Diff: 0.0, Sum: 0.0]
      [Object Copy (ms): Min: 137.1, Avg: 137.1, Max: 137.1, Diff: 0.0, Sum: 548.3]
      [Termination (ms): Min: 0.0, Avg: 0.0, Max: 0.0, Diff: 0.0, Sum: 0.0]
         [Termination Attempts: Min: 24, Avg: 31.5, Max: 37, Diff: 13, Sum: 126]
      [GC Worker Other (ms): Min: 0.0, Avg: 0.0, Max: 0.0, Diff: 0.0, Sum: 0.1]
      [GC Worker Total (ms): Min: 167.9, Avg: 167.9, Max: 167.9, Diff: 0.0, Sum: 671.6]
      [GC Worker End (ms): Min: 79736.5, Avg: 79736.5, Max: 79736.5, Diff: 0.0]
   [Code Root Fixup: 0.0 ms]
   [Code Root Purge: 0.0 ms]
   [String Dedup Fixup: 0.1 ms, GC Workers: 4]
      [Queue Fixup (ms): Min: 0.0, Avg: 0.0, Max: 0.0, Diff: 0.0, Sum: 0.1]
      [Table Fixup (ms): Min: 0.1, Avg: 0.1, Max: 0.1, Diff: 0.0, Sum: 0.4]
   [Clear CT: 0.1 ms]
   [Other: 0.6 ms]
      [Choose CSet: 0.0 ms]
      [Ref Proc: 0.0 ms]
      [Ref Enq: 0.0 ms]
      [Redirty Cards: 0.2 ms]
      [Humongous Register: 0.0 ms]
      [Humongous Reclaim: 0.0 ms]
      [Free CSet: 0.2 ms]
   [Eden: 180.0M(180.0M)->0.0B(130.0M) Survivors: 37.0M->28.0M Heap: 1581.9M(2048.0M)->1468.9M(2048.0M)]
 [Times: user=0.69 sys=0.00, real=0.17 secs] 
79.738: [GC concurrent-string-deduplication, 13.5K->13.4K(160.0B), avg 6.7%, 0.0007027 secs]
   [Last Exec: 0.0007027 secs, Idle: 0.4118790 secs, Blocked: 0/0.0000000 secs]
      [Inspected:           14395]
         [Skipped:              0(  0.0%)]
         [Hashed:             288(  2.0%)]
         [Known:            14107( 98.0%)]
         [New:                288(  2.0%)     13.5K]
      [Deduplicated:            3(  1.0%)    160.0B(  1.2%)]
         [Young:                0(  0.0%)      0.0B(  0.0%)]
         [Old:                  3(100.0%)    160.0B(100.0%)]
   [Total Exec: 197/0.1420695 secs, Idle: 197/79.3706037 secs, Blocked: 0/0.0000000 secs]
      [Inspected:         1599335]
         [Skipped:              0(  0.0%)]
         [Hashed:           34154(  2.1%)]
         [Known:          1564082( 97.8%)]
         [New:              35253(  2.2%)   1728.0K]
      [Deduplicated:         2160(  6.1%)    115.2K(  6.7%)]
         [Young:                8(  0.4%)    424.0B(  0.4%)]
         [Old:               2152( 99.6%)    114.8K( 99.6%)]
   [Table]
      [Memory Usage: 324.0K]
      [Size: 8192, Min: 1024, Max: 16777216]
      [Entries: 10859, Load: 132.6%, Cached: 236, Added: 38311, Removed: 27452]
      [Resize Count: 3, Shrink Threshold: 5461(66.7%), Grow Threshold: 16384(200.0%)]
      [Rehash Count: 0, Rehash Threshold: 120, Hash Seed: 0x0]
      [Age Threshold: 3]
   [Queue]
      [Dropped: 0]
79.902: [GC pause (G1 Evacuation Pause) (young), 0.1212172 secs]
   [Parallel Time: 120.5 ms, GC Workers: 4]
      [GC Worker Start (ms): Min: 79902.4, Avg: 79902.4, Max: 79902.5, Diff: 0.1]
      [Ext Root Scanning (ms): Min: 0.2, Avg: 0.2, Max: 0.3, Diff: 0.1, Sum: 0.8]
      [Update RS (ms): Min: 21.9, Avg: 21.9, Max: 21.9, Diff: 0.1, Sum: 87.7]
         [Processed Buffers: Min: 33, Avg: 34.0, Max: 36, Diff: 3, Sum: 136]
      [Scan RS (ms): Min: 2.0, Avg: 2.0, Max: 2.1, Diff: 0.0, Sum: 8.1]
      [Code Root Scanning (ms): Min: 0.0, Avg: 0.0, Max: 0.0, Diff: 0.0, Sum: 0.0]
      [Object Copy (ms): Min: 96.3, Avg: 96.3, Max: 96.3, Diff: 0.0, Sum: 385.1]
      [Termination (ms): Min: 0.0, Avg: 0.0, Max: 0.0, Diff: 0.0, Sum: 0.0]
         [Termination Attempts: Min: 7, Avg: 71.5, Max: 95, Diff: 88, Sum: 286]
      [GC Worker Other (ms): Min: 0.0, Avg: 0.0, Max: 0.0, Diff: 0.0, Sum: 0.1]
      [GC Worker Total (ms): Min: 120.4, Avg: 120.5, Max: 120.5, Diff: 0.1, Sum: 481.8]
      [GC Worker End (ms): Min: 80022.9, Avg: 80022.9, Max: 80022.9, Diff: 0.0]
   [Code Root Fixup: 0.0 ms]
   [Code Root Purge: 0.0 ms]
   [String Dedup Fixup: 0.2 ms, GC Workers: 4]
      [Queue Fixup (ms): Min: 0.0, Avg: 0.1, Max: 0.2, Diff: 0.2, Sum: 0.2]
      [Table Fixup (ms): Min: 0.0, Avg: 0.1, Max: 0.2, Diff: 0.2, Sum: 0.4]
   [Clear CT: 0.1 ms]
   [Other: 0.4 ms]
      [Choose CSet: 0.0 ms]
      [Ref Proc: 0.1 ms]
      [Ref Enq: 0.0 ms]
      [Redirty Cards: 0.1 ms]
      [Humongous Register: 0.0 ms]
      [Humongous Reclaim: 0.0 ms]
      [Free CSet: 0.1 ms]
   [Eden: 130.0M(130.0M)->0.0B(95.0M) Survivors: 28.0M->20.0M Heap: 1598.9M(2048.0M)->1515.4M(2048.0M)]
 [Times: user=0.50 sys=0.00, real=0.12 secs] 
80.024: [GC concurrent-string-deduplication, 12.9K->12.9K(0.0B), avg 6.6%, 0.0007072 secs]
   [Last Exec: 0.0007072 secs, Idle: 0.2854575 secs, Blocked: 0/0.0000000 secs]
      [Inspected:           14843]
         [Skipped:              0(  0.0%)]
         [Hashed:             276(  1.9%)]
         [Known:            14567( 98.1%)]
         [New:                276(  1.9%)     12.9K]
      [Deduplicated:            0(  0.0%)      0.0B(  0.0%)]
         [Young:                0(  0.0%)      0.0B(  0.0%)]
         [Old:                  0(  0.0%)      0.0B(  0.0%)]
   [Total Exec: 198/0.1427767 secs, Idle: 198/79.6560612 secs, Blocked: 0/0.0000000 secs]
      [Inspected:         1614178]
         [Skipped:              0(  0.0%)]
         [Hashed:           34430(  2.1%)]
         [Known:          1578649( 97.8%)]
         [New:              35529(  2.2%)   1740.9K]
      [Deduplicated:         2160(  6.1%)    115.2K(  6.6%)]
         [Young:                8(  0.4%)    424.0B(  0.4%)]
         [Old:               2152( 99.6%)    114.8K( 99.6%)]
   [Table]
      [Memory Usage: 325.0K]
      [Size: 8192, Min: 1024, Max: 16777216]
      [Entries: 11135, Load: 135.9%, Cached: 0, Added: 38587, Removed: 27452]
      [Resize Count: 3, Shrink Threshold: 5461(66.7%), Grow Threshold: 16384(200.0%)]
      [Rehash Count: 0, Rehash Threshold: 120, Hash Seed: 0x0]
      [Age Threshold: 3]
   [Queue]
      [Dropped: 0]
80.123: [GC pause (G1 Evacuation Pause) (young), 0.0746289 secs]
   [Parallel Time: 74.1 ms, GC Workers: 4]
      [GC Worker Start (ms): Min: 80123.3, Avg: 80123.3, Max: 80123.4, Diff: 0.0]
      [Ext Root Scanning (ms): Min: 0.2, Avg: 0.2, Max: 0.2, Diff: 0.0, Sum: 0.8]
      [Update RS (ms): Min: 17.3, Avg: 17.4, Max: 17.4, Diff: 0.1, Sum: 69.5]
         [Processed Buffers: Min: 30, Avg: 30.5, Max: 31, Diff: 1, Sum: 122]
      [Scan RS (ms): Min: 4.3, Avg: 4.4, Max: 4.6, Diff: 0.3, Sum: 17.7]
      [Code Root Scanning (ms): Min: 0.0, Avg: 0.0, Max: 0.0, Diff: 0.0, Sum: 0.0]
      [Object Copy (ms): Min: 51.7, Avg: 52.0, Max: 52.1, Diff: 0.3, Sum: 208.0]
      [Termination (ms): Min: 0.0, Avg: 0.0, Max: 0.0, Diff: 0.0, Sum: 0.1]
         [Termination Attempts: Min: 33, Avg: 305.3, Max: 422, Diff: 389, Sum: 1221]
      [GC Worker Other (ms): Min: 0.0, Avg: 0.0, Max: 0.0, Diff: 0.0, Sum: 0.0]
      [GC Worker Total (ms): Min: 74.0, Avg: 74.0, Max: 74.1, Diff: 0.0, Sum: 296.2]
      [GC Worker End (ms): Min: 80197.4, Avg: 80197.4, Max: 80197.4, Diff: 0.0]
   [Code Root Fixup: 0.0 ms]
   [Code Root Purge: 0.0 ms]
   [String Dedup Fixup: 0.1 ms, GC Workers: 4]
      [Queue Fixup (ms): Min: 0.0, Avg: 0.0, Max: 0.0, Diff: 0.0, Sum: 0.0]
      [Table Fixup (ms): Min: 0.1, Avg: 0.1, Max: 0.1, Diff: 0.0, Sum: 0.4]
   [Clear CT: 0.0 ms]
   [Other: 0.3 ms]
      [Choose CSet: 0.0 ms]
      [Ref Proc: 0.0 ms]
      [Ref Enq: 0.0 ms]
      [Redirty Cards: 0.1 ms]
      [Humongous Register: 0.0 ms]
      [Humongous Reclaim: 0.0 ms]
      [Free CSet: 0.1 ms]
   [Eden: 95.0M(95.0M)->0.0B(87.0M) Survivors: 20.0M->15.0M Heap: 1610.4M(2048.0M)->1552.0M(2048.0M)]
 [Times: user=0.23 sys=0.00, real=0.07 secs] 
80.198: [GC concurrent-string-deduplication, 2944.0B->2784.0B(160.0B), avg 6.6%, 0.0001389 secs]
   [Last Exec: 0.0001389 secs, Idle: 0.1735782 secs, Blocked: 0/0.0000000 secs]
      [Inspected:            2547]
         [Skipped:              0(  0.0%)]
         [Hashed:              61(  2.4%)]
         [Known:             2486( 97.6%)]
         [New:                 61(  2.4%)   2944.0B]
      [Deduplicated:            3(  4.9%)    160.0B(  5.4%)]
         [Young:                0(  0.0%)      0.0B(  0.0%)]
         [Old:                  3(100.0%)    160.0B(100.0%)]
   [Total Exec: 199/0.1429156 secs, Idle: 199/79.8296394 secs, Blocked: 0/0.0000000 secs]
      [Inspected:         1616725]
         [Skipped:              0(  0.0%)]
         [Hashed:           34491(  2.1%)]
         [Known:          1581135( 97.8%)]
         [New:              35590(  2.2%)   1743.8K]
      [Deduplicated:         2163(  6.1%)    115.4K(  6.6%)]
         [Young:                8(  0.4%)    424.0B(  0.4%)]
         [Old:               2155( 99.6%)    114.9K( 99.6%)]
   [Table]
      [Memory Usage: 326.3K]
      [Size: 8192, Min: 1024, Max: 16777216]
      [Entries: 11193, Load: 136.6%, Cached: 0, Added: 38645, Removed: 27452]
      [Resize Count: 3, Shrink Threshold: 5461(66.7%), Grow Threshold: 16384(200.0%)]
      [Rehash Count: 0, Rehash Threshold: 120, Hash Seed: 0x0]
      [Age Threshold: 3]
   [Queue]
      [Dropped: 0]
80.285: [GC pause (G1 Evacuation Pause) (young), 0.0711762 secs]
   [Parallel Time: 70.7 ms, GC Workers: 4]
      [GC Worker Start (ms): Min: 80284.7, Avg: 80284.7, Max: 80284.8, Diff: 0.0]
      [Ext Root Scanning (ms): Min: 0.2, Avg: 0.2, Max: 0.2, Diff: 0.0, Sum: 0.8]
      [Update RS (ms): Min: 17.3, Avg: 17.4, Max: 17.4, Diff: 0.2, Sum: 69.4]
         [Processed Buffers: Min: 32, Avg: 33.3, Max: 34, Diff: 2, Sum: 133]
      [Scan RS (ms): Min: 0.0, Avg: 0.0, Max: 0.1, Diff: 0.0, Sum: 0.1]
      [Code Root Scanning (ms): Min: 0.0, Avg: 0.0, Max: 0.0, Diff: 0.0, Sum: 0.0]
      [Object Copy (ms): Min: 53.0, Avg: 53.1, Max: 53.1, Diff: 0.1, Sum: 212.4]
      [Termination (ms): Min: 0.0, Avg: 0.0, Max: 0.0, Diff: 0.0, Sum: 0.0]
         [Termination Attempts: Min: 7, Avg: 8.5, Max: 13, Diff: 6, Sum: 34]
      [GC Worker Other (ms): Min: 0.0, Avg: 0.0, Max: 0.0, Diff: 0.0, Sum: 0.0]
      [GC Worker Total (ms): Min: 70.7, Avg: 70.7, Max: 70.7, Diff: 0.0, Sum: 282.7]
      [GC Worker End (ms): Min: 80355.4, Avg: 80355.4, Max: 80355.4, Diff: 0.0]
   [Code Root Fixup: 0.0 ms]
   [Code Root Purge: 0.0 ms]
   [String Dedup Fixup: 0.1 ms, GC Workers: 4]
      [Queue Fixup (ms): Min: 0.0, Avg: 0.0, Max: 0.0, Diff: 0.0, Sum: 0.0]
      [Table Fixup (ms): Min: 0.1, Avg: 0.1, Max: 0.1, Diff: 0.0, Sum: 0.4]
   [Clear CT: 0.0 ms]
   [Other: 0.3 ms]
      [Choose CSet: 0.0 ms]
      [Ref Proc: 0.0 ms]
      [Ref Enq: 0.0 ms]
      [Redirty Cards: 0.1 ms]
      [Humongous Register: 0.0 ms]
      [Humongous Reclaim: 0.0 ms]
      [Free CSet: 0.1 ms]
   [Eden: 87.0M(87.0M)->0.0B(89.0M) Survivors: 15.0M->13.0M Heap: 1639.0M(2048.0M)->1581.4M(2048.0M)]
 [Times: user=0.30 sys=0.00, real=0.07 secs] 
80.356: [GC concurrent-string-deduplication, 4960.0B->4800.0B(160.0B), avg 6.6%, 0.0002422 secs]
   [Last Exec: 0.0002422 secs, Idle: 0.1578383 secs, Blocked: 0/0.0000000 secs]
      [Inspected:            4836]
         [Skipped:              0(  0.0%)]
         [Hashed:             103(  2.1%)]
         [Known:             4733( 97.9%)]
         [New:                103(  2.1%)   4960.0B]
      [Deduplicated:            3(  2.9%)    160.0B(  3.2%)]
         [Young:                0(  0.0%)      0.0B(  0.0%)]
         [Old:                  3(100.0%)    160.0B(100.0%)]
   [Total Exec: 200/0.1431577 secs, Idle: 200/79.9874777 secs, Blocked: 0/0.0000000 secs]
      [Inspected:         1621561]
         [Skipped:              0(  0.0%)]
         [Hashed:           34594(  2.1%)]
         [Known:          1585868( 97.8%)]
         [New:              35693(  2.2%)   1748.6K]
      [Deduplicated:         2166(  6.1%)    115.5K(  6.6%)]
         [Young:                8(  0.4%)    424.0B(  0.4%)]
         [Old:               2158( 99.6%)    115.1K( 99.6%)]
   [Table]
      [Memory Usage: 328.7K]
      [Size: 8192, Min: 1024, Max: 16777216]
      [Entries: 11293, Load: 137.9%, Cached: 0, Added: 38745, Removed: 27452]
      [Resize Count: 3, Shrink Threshold: 5461(66.7%), Grow Threshold: 16384(200.0%)]
      [Rehash Count: 0, Rehash Threshold: 120, Hash Seed: 0x0]
      [Age Threshold: 3]
   [Queue]
      [Dropped: 0]
80.436: [GC pause (G1 Evacuation Pause) (young), 0.0875056 secs]
   [Parallel Time: 87.0 ms, GC Workers: 4]
      [GC Worker Start (ms): Min: 80436.1, Avg: 80436.1, Max: 80436.1, Diff: 0.0]
      [Ext Root Scanning (ms): Min: 0.2, Avg: 0.2, Max: 0.2, Diff: 0.0, Sum: 0.8]
      [Update RS (ms): Min: 24.7, Avg: 25.0, Max: 25.3, Diff: 0.6, Sum: 100.0]
         [Processed Buffers: Min: 45, Avg: 46.3, Max: 47, Diff: 2, Sum: 185]
      [Scan RS (ms): Min: 0.0, Avg: 0.0, Max: 0.0, Diff: 0.0, Sum: 0.0]
      [Code Root Scanning (ms): Min: 0.0, Avg: 0.0, Max: 0.0, Diff: 0.0, Sum: 0.0]
      [Object Copy (ms): Min: 61.5, Avg: 61.8, Max: 62.0, Diff: 0.5, Sum: 247.2]
      [Termination (ms): Min: 0.0, Avg: 0.0, Max: 0.0, Diff: 0.0, Sum: 0.0]
         [Termination Attempts: Min: 1, Avg: 1.0, Max: 1, Diff: 0, Sum: 4]
      [GC Worker Other (ms): Min: 0.0, Avg: 0.0, Max: 0.0, Diff: 0.0, Sum: 0.0]
      [GC Worker Total (ms): Min: 87.0, Avg: 87.0, Max: 87.0, Diff: 0.0, Sum: 348.0]
      [GC Worker End (ms): Min: 80523.1, Avg: 80523.1, Max: 80523.1, Diff: 0.0]
   [Code Root Fixup: 0.0 ms]
   [Code Root Purge: 0.0 ms]
   [String Dedup Fixup: 0.1 ms, GC Workers: 4]
      [Queue Fixup (ms): Min: 0.0, Avg: 0.0, Max: 0.0, Diff: 0.0, Sum: 0.0]
      [Table Fixup (ms): Min: 0.1, Avg: 0.1, Max: 0.1, Diff: 0.0, Sum: 0.4]
   [Clear CT: 0.0 ms]
   [Other: 0.3 ms]
      [Choose CSet: 0.0 ms]
      [Ref Proc: 0.0 ms]
      [Ref Enq: 0.0 ms]
      [Redirty Cards: 0.1 ms]
      [Humongous Register: 0.0 ms]
      [Humongous Reclaim: 0.0 ms]
      [Free CSet: 0.1 ms]
   [Eden: 89.0M(89.0M)->0.0B(89.0M) Survivors: 13.0M->13.0M Heap: 1670.4M(2048.0M)->1614.5M(2048.0M)]
 [Times: user=0.31 sys=0.00, real=0.09 secs] 
80.524: [GC concurrent-string-deduplication, 6320.0B->6000.0B(320.0B), avg 6.6%, 0.0003169 secs]
   [Last Exec: 0.0003169 secs, Idle: 0.1673703 secs, Blocked: 0/0.0000000 secs]
      [Inspected:            6234]
         [Skipped:              0(  0.0%)]
         [Hashed:             131(  2.1%)]
         [Known:             6103( 97.9%)]
         [New:                131(  2.1%)   6320.0B]
      [Deduplicated:            6(  4.6%)    320.0B(  5.1%)]
         [Young:                0(  0.0%)      0.0B(  0.0%)]
         [Old:                  6(100.0%)    320.0B(100.0%)]
   [Total Exec: 201/0.1434746 secs, Idle: 201/80.1548480 secs, Blocked: 0/0.0000000 secs]
      [Inspected:         1627795]
         [Skipped:              0(  0.0%)]
         [Hashed:           34725(  2.1%)]
         [Known:          1591971( 97.8%)]
         [New:              35824(  2.2%)   1754.8K]
      [Deduplicated:         2172(  6.1%)    115.8K(  6.6%)]
         [Young:                8(  0.4%)    424.0B(  0.4%)]
         [Old:               2164( 99.6%)    115.4K( 99.6%)]
   [Table]
      [Memory Usage: 331.6K]
      [Size: 8192, Min: 1024, Max: 16777216]
      [Entries: 11418, Load: 139.4%, Cached: 0, Added: 38870, Removed: 27452]
      [Resize Count: 3, Shrink Threshold: 5461(66.7%), Grow Threshold: 16384(200.0%)]
      [Rehash Count: 0, Rehash Threshold: 120, Hash Seed: 0x0]
      [Age Threshold: 3]
   [Queue]
      [Dropped: 0]
80.602: [GC pause (G1 Evacuation Pause) (young), 0.0863430 secs]
   [Parallel Time: 85.9 ms, GC Workers: 4]
      [GC Worker Start (ms): Min: 80602.4, Avg: 80602.5, Max: 80602.5, Diff: 0.1]
      [Ext Root Scanning (ms): Min: 0.2, Avg: 0.2, Max: 0.2, Diff: 0.1, Sum: 0.8]
      [Update RS (ms): Min: 27.4, Avg: 27.6, Max: 27.6, Diff: 0.2, Sum: 110.2]
         [Processed Buffers: Min: 44, Avg: 46.5, Max: 51, Diff: 7, Sum: 186]
      [Scan RS (ms): Min: 0.0, Avg: 0.0, Max: 0.0, Diff: 0.0, Sum: 0.1]
      [Code Root Scanning (ms): Min: 0.0, Avg: 0.0, Max: 0.0, Diff: 0.0, Sum: 0.0]
      [Object Copy (ms): Min: 57.9, Avg: 58.0, Max: 58.1, Diff: 0.2, Sum: 232.1]
      [Termination (ms): Min: 0.0, Avg: 0.0, Max: 0.0, Diff: 0.0, Sum: 0.0]
         [Termination Attempts: Min: 20, Avg: 24.3, Max: 31, Diff: 11, Sum: 97]
      [GC Worker Other (ms): Min: 0.0, Avg: 0.0, Max: 0.0, Diff: 0.0, Sum: 0.1]
      [GC Worker Total (ms): Min: 85.8, Avg: 85.8, Max: 85.8, Diff: 0.1, Sum: 343.2]
      [GC Worker End (ms): Min: 80688.3, Avg: 80688.3, Max: 80688.3, Diff: 0.0]
   [Code Root Fixup: 0.0 ms]
   [Code Root Purge: 0.0 ms]
   [String Dedup Fixup: 0.1 ms, GC Workers: 4]
      [Queue Fixup (ms): Min: 0.0, Avg: 0.0, Max: 0.0, Diff: 0.0, Sum: 0.0]
      [Table Fixup (ms): Min: 0.1, Avg: 0.1, Max: 0.1, Diff: 0.0, Sum: 0.5]
   [Clear CT: 0.0 ms]
   [Other: 0.3 ms]
      [Choose CSet: 0.0 ms]
      [Ref Proc: 0.0 ms]
      [Ref Enq: 0.0 ms]
      [Redirty Cards: 0.1 ms]
      [Humongous Register: 0.0 ms]
      [Humongous Reclaim: 0.0 ms]
      [Free CSet: 0.1 ms]
   [Eden: 89.0M(89.0M)->0.0B(89.0M) Survivors: 13.0M->13.0M Heap: 1703.5M(2048.0M)->1648.3M(2048.0M)]
 [Times: user=0.38 sys=0.00, real=0.09 secs] 
80.689: [GC concurrent-string-deduplication, 7888.0B->7728.0B(160.0B), avg 6.6%, 0.0003862 secs]
   [Last Exec: 0.0003862 secs, Idle: 0.1648179 secs, Blocked: 0/0.0000000 secs]
      [Inspected:            7928]
         [Skipped:              0(  0.0%)]
         [Hashed:             164(  2.1%)]
         [Known:             7764( 97.9%)]
         [New:                164(  2.1%)   7888.0B]
      [Deduplicated:            3(  1.8%)    160.0B(  2.0%)]
         [Young:                0(  0.0%)      0.0B(  0.0%)]
         [Old:                  3(100.0%)    160.0B(100.0%)]
   [Total Exec: 202/0.1438608 secs, Idle: 202/80.3196659 secs, Blocked: 0/0.0000000 secs]
      [Inspected:         1635723]
         [Skipped:              0(  0.0%)]
         [Hashed:           34889(  2.1%)]
         [Known:          1599735( 97.8%)]
         [New:              35988(  2.2%)   1762.5K]
      [Deduplicated:         2175(  6.0%)    116.0K(  6.6%)]
         [Young:                8(  0.4%)    424.0B(  0.4%)]
         [Old:               2167( 99.6%)    115.6K( 99.6%)]
   [Table]
      [Memory Usage: 335.4K]
      [Size: 8192, Min: 1024, Max: 16777216]
      [Entries: 11579, Load: 141.3%, Cached: 0, Added: 39031, Removed: 27452]
      [Resize Count: 3, Shrink Threshold: 5461(66.7%), Grow Threshold: 16384(200.0%)]
      [Rehash Count: 0, Rehash Threshold: 120, Hash Seed: 0x0]
      [Age Threshold: 3]
   [Queue]
      [Dropped: 0]
80.769: [GC pause (G1 Evacuation Pause) (young), 0.0647566 secs]
   [Parallel Time: 64.2 ms, GC Workers: 4]
      [GC Worker Start (ms): Min: 80768.7, Avg: 80768.7, Max: 80768.7, Diff: 0.0]
      [Ext Root Scanning (ms): Min: 0.2, Avg: 0.2, Max: 0.2, Diff: 0.0, Sum: 0.8]
      [Update RS (ms): Min: 17.0, Avg: 17.1, Max: 17.5, Diff: 0.5, Sum: 68.5]
         [Processed Buffers: Min: 28, Avg: 29.8, Max: 31, Diff: 3, Sum: 119]
      [Scan RS (ms): Min: 0.0, Avg: 0.2, Max: 0.2, Diff: 0.2, Sum: 0.6]
      [Code Root Scanning (ms): Min: 0.0, Avg: 0.0, Max: 0.0, Diff: 0.0, Sum: 0.0]
      [Object Copy (ms): Min: 46.5, Avg: 46.7, Max: 46.7, Diff: 0.2, Sum: 186.7]
      [Termination (ms): Min: 0.0, Avg: 0.0, Max: 0.0, Diff: 0.0, Sum: 0.0]
         [Termination Attempts: Min: 26, Avg: 30.0, Max: 35, Diff: 9, Sum: 120]
      [GC Worker Other (ms): Min: 0.0, Avg: 0.0, Max: 0.0, Diff: 0.0, Sum: 0.0]
      [GC Worker Total (ms): Min: 64.2, Avg: 64.2, Max: 64.2, Diff: 0.0, Sum: 256.7]
      [GC Worker End (ms): Min: 80832.9, Avg: 80832.9, Max: 80832.9, Diff: 0.0]
   [Code Root Fixup: 0.0 ms]
   [Code Root Purge: 0.0 ms]
   [String Dedup Fixup: 0.1 ms, GC Workers: 4]
      [Queue Fixup (ms): Min: 0.0, Avg: 0.0, Max: 0.0, Diff: 0.0, Sum: 0.0]
      [Table Fixup (ms): Min: 0.1, Avg: 0.1, Max: 0.1, Diff: 0.0, Sum: 0.5]
   [Clear CT: 0.0 ms]
   [Other: 0.4 ms]
      [Choose CSet: 0.0 ms]
      [Ref Proc: 0.0 ms]
      [Ref Enq: 0.0 ms]
      [Redirty Cards: 0.1 ms]
      [Humongous Register: 0.0 ms]
      [Humongous Reclaim: 0.0 ms]
      [Free CSet: 0.1 ms]
   [Eden: 89.0M(89.0M)->0.0B(89.0M) Survivors: 13.0M->13.0M Heap: 1737.3M(2048.0M)->1681.6M(2048.0M)]
 [Times: user=0.25 sys=0.00, real=0.07 secs] 
80.835: [GC concurrent-string-deduplication, 2832.0B->2832.0B(0.0B), avg 6.6%, 0.0001559 secs]
   [Last Exec: 0.0001559 secs, Idle: 0.1452092 secs, Blocked: 0/0.0000000 secs]
      [Inspected:            2902]
         [Skipped:              0(  0.0%)]
         [Hashed:              59(  2.0%)]
         [Known:             2843( 98.0%)]
         [New:                 59(  2.0%)   2832.0B]
      [Deduplicated:            0(  0.0%)      0.0B(  0.0%)]
         [Young:                0(  0.0%)      0.0B(  0.0%)]
         [Old:                  0(  0.0%)      0.0B(  0.0%)]
   [Total Exec: 203/0.1440167 secs, Idle: 203/80.4648751 secs, Blocked: 0/0.0000000 secs]
      [Inspected:         1638625]
         [Skipped:              0(  0.0%)]
         [Hashed:           34948(  2.1%)]
         [Known:          1602578( 97.8%)]
         [New:              36047(  2.2%)   1765.3K]
      [Deduplicated:         2175(  6.0%)    116.0K(  6.6%)]
         [Young:                8(  0.4%)    424.0B(  0.4%)]
         [Old:               2167( 99.6%)    115.6K( 99.6%)]
   [Table]
      [Memory Usage: 336.8K]
      [Size: 8192, Min: 1024, Max: 16777216]
      [Entries: 11638, Load: 142.1%, Cached: 0, Added: 39090, Removed: 27452]
      [Resize Count: 3, Shrink Threshold: 5461(66.7%), Grow Threshold: 16384(200.0%)]
      [Rehash Count: 0, Rehash Threshold: 120, Hash Seed: 0x0]
      [Age Threshold: 3]
   [Queue]
      [Dropped: 0]
80.914: [GC pause (G1 Evacuation Pause) (young), 0.0886074 secs]
   [Parallel Time: 88.1 ms, GC Workers: 4]
      [GC Worker Start (ms): Min: 80913.7, Avg: 80913.7, Max: 80913.7, Diff: 0.0]
      [Ext Root Scanning (ms): Min: 0.2, Avg: 0.2, Max: 0.2, Diff: 0.0, Sum: 0.8]
      [Update RS (ms): Min: 19.8, Avg: 20.0, Max: 20.1, Diff: 0.3, Sum: 79.8]
         [Processed Buffers: Min: 31, Avg: 32.3, Max: 35, Diff: 4, Sum: 129]
      [Scan RS (ms): Min: 0.7, Avg: 0.8, Max: 1.0, Diff: 0.3, Sum: 3.1]
      [Code Root Scanning (ms): Min: 0.0, Avg: 0.0, Max: 0.0, Diff: 0.0, Sum: 0.0]
      [Object Copy (ms): Min: 67.1, Avg: 67.1, Max: 67.1, Diff: 0.0, Sum: 268.5]
      [Termination (ms): Min: 0.0, Avg: 0.0, Max: 0.0, Diff: 0.0, Sum: 0.0]
         [Termination Attempts: Min: 3, Avg: 4.0, Max: 5, Diff: 2, Sum: 16]
      [GC Worker Other (ms): Min: 0.0, Avg: 0.0, Max: 0.0, Diff: 0.0, Sum: 0.0]
      [GC Worker Total (ms): Min: 88.1, Avg: 88.1, Max: 88.1, Diff: 0.0, Sum: 352.3]
      [GC Worker End (ms): Min: 81001.8, Avg: 81001.8, Max: 81001.8, Diff: 0.0]
   [Code Root Fixup: 0.0 ms]
   [Code Root Purge: 0.0 ms]
   [String Dedup Fixup: 0.1 ms, GC Workers: 4]
      [Queue Fixup (ms): Min: 0.0, Avg: 0.0, Max: 0.0, Diff: 0.0, Sum: 0.0]
      [Table Fixup (ms): Min: 0.1, Avg: 0.1, Max: 0.1, Diff: 0.0, Sum: 0.5]
   [Clear CT: 0.0 ms]
   [Other: 0.3 ms]
      [Choose CSet: 0.0 ms]
      [Ref Proc: 0.0 ms]
      [Ref Enq: 0.0 ms]
      [Redirty Cards: 0.1 ms]
      [Humongous Register: 0.0 ms]
      [Humongous Reclaim: 0.0 ms]
      [Free CSet: 0.1 ms]
   [Eden: 89.0M(89.0M)->0.0B(89.0M) Survivors: 13.0M->13.0M Heap: 1770.6M(2048.0M)->1715.8M(2048.0M)]
 [Times: user=0.38 sys=0.00, real=0.09 secs] 
81.003: [GC concurrent-string-deduplication, 6352.0B->6192.0B(160.0B), avg 6.6%, 0.0003326 secs]
   [Last Exec: 0.0003326 secs, Idle: 0.1676686 secs, Blocked: 0/0.0000000 secs]
      [Inspected:            6556]
         [Skipped:              0(  0.0%)]
         [Hashed:             132(  2.0%)]
         [Known:             6424( 98.0%)]
         [New:                132(  2.0%)   6352.0B]
      [Deduplicated:            3(  2.3%)    160.0B(  2.5%)]
         [Young:                0(  0.0%)      0.0B(  0.0%)]
         [Old:                  3(100.0%)    160.0B(100.0%)]
   [Total Exec: 204/0.1443493 secs, Idle: 204/80.6325437 secs, Blocked: 0/0.0000000 secs]
      [Inspected:         1645181]
         [Skipped:              0(  0.0%)]
         [Hashed:           35080(  2.1%)]
         [Known:          1609002( 97.8%)]
         [New:              36179(  2.2%)   1771.5K]
      [Deduplicated:         2178(  6.0%)    116.1K(  6.6%)]
         [Young:                8(  0.4%)    424.0B(  0.4%)]
         [Old:               2170( 99.6%)    115.7K( 99.6%)]
   [Table]
      [Memory Usage: 339.8K]
      [Size: 8192, Min: 1024, Max: 16777216]
      [Entries: 11767, Load: 143.6%, Cached: 0, Added: 39219, Removed: 27452]
      [Resize Count: 3, Shrink Threshold: 5461(66.7%), Grow Threshold: 16384(200.0%)]
      [Rehash Count: 0, Rehash Threshold: 120, Hash Seed: 0x0]
      [Age Threshold: 3]
   [Queue]
      [Dropped: 0]
81.081: [GC pause (G1 Evacuation Pause) (young) (to-space exhausted), 0.0779861 secs]
   [Parallel Time: 76.8 ms, GC Workers: 4]
      [GC Worker Start (ms): Min: 81081.3, Avg: 81081.3, Max: 81081.3, Diff: 0.0]
      [Ext Root Scanning (ms): Min: 0.2, Avg: 0.2, Max: 0.2, Diff: 0.0, Sum: 0.8]
      [Update RS (ms): Min: 21.8, Avg: 21.9, Max: 22.1, Diff: 0.4, Sum: 87.7]
         [Processed Buffers: Min: 35, Avg: 35.3, Max: 36, Diff: 1, Sum: 141]
      [Scan RS (ms): Min: 0.0, Avg: 0.0, Max: 0.1, Diff: 0.1, Sum: 0.1]
      [Code Root Scanning (ms): Min: 0.0, Avg: 0.0, Max: 0.0, Diff: 0.0, Sum: 0.0]
      [Object Copy (ms): Min: 54.4, Avg: 54.6, Max: 54.7, Diff: 0.3, Sum: 218.4]
      [Termination (ms): Min: 0.0, Avg: 0.0, Max: 0.0, Diff: 0.0, Sum: 0.0]
         [Termination Attempts: Min: 1, Avg: 5.5, Max: 9, Diff: 8, Sum: 22]
      [GC Worker Other (ms): Min: 0.0, Avg: 0.0, Max: 0.0, Diff: 0.0, Sum: 0.1]
      [GC Worker Total (ms): Min: 76.7, Avg: 76.8, Max: 76.8, Diff: 0.0, Sum: 307.0]
      [GC Worker End (ms): Min: 81158.1, Avg: 81158.1, Max: 81158.1, Diff: 0.0]
   [Code Root Fixup: 0.0 ms]
   [Code Root Purge: 0.0 ms]
   [String Dedup Fixup: 0.1 ms, GC Workers: 4]
      [Queue Fixup (ms): Min: 0.0, Avg: 0.0, Max: 0.0, Diff: 0.0, Sum: 0.1]
      [Table Fixup (ms): Min: 0.1, Avg: 0.1, Max: 0.1, Diff: 0.0, Sum: 0.5]
   [Clear CT: 0.0 ms]
   [Other: 1.0 ms]
      [Evacuation Failure: 0.7 ms]
      [Choose CSet: 0.0 ms]
      [Ref Proc: 0.0 ms]
      [Ref Enq: 0.0 ms]
      [Redirty Cards: 0.1 ms]
      [Humongous Register: 0.0 ms]
      [Humongous Reclaim: 0.0 ms]
      [Free CSet: 0.1 ms]
   [Eden: 89.0M(89.0M)->0.0B(89.0M) Survivors: 13.0M->13.0M Heap: 1804.8M(2048.0M)->1753.1M(2048.0M)]
 [Times: user=0.31 sys=0.00, real=0.08 secs] 
81.160: [GC concurrent-string-deduplication, 10000.0B->9840.0B(160.0B), avg 6.5%, 0.0009375 secs]
   [Last Exec: 0.0009375 secs, Idle: 0.1566814 secs, Blocked: 0/0.0000000 secs]
      [Inspected:           10126]
         [Skipped:              0(  0.0%)]
         [Hashed:             208(  2.1%)]
         [Known:             9918( 97.9%)]
         [New:                208(  2.1%)  10000.0B]
      [Deduplicated:            3(  1.4%)    160.0B(  1.6%)]
         [Young:                0(  0.0%)      0.0B(  0.0%)]
         [Old:                  3(100.0%)    160.0B(100.0%)]
   [Total Exec: 205/0.1452868 secs, Idle: 205/80.7892250 secs, Blocked: 0/0.0000000 secs]
      [Inspected:         1655307]
         [Skipped:              0(  0.0%)]
         [Hashed:           35288(  2.1%)]
         [Known:          1618920( 97.8%)]
         [New:              36387(  2.2%)   1781.3K]
      [Deduplicated:         2181(  6.0%)    116.3K(  6.5%)]
         [Young:                8(  0.4%)    424.0B(  0.4%)]
         [Old:               2173( 99.6%)    115.9K( 99.6%)]
   [Table]
      [Memory Usage: 344.6K]
      [Size: 8192, Min: 1024, Max: 16777216]
      [Entries: 11972, Load: 146.1%, Cached: 0, Added: 39424, Removed: 27452]
      [Resize Count: 3, Shrink Threshold: 5461(66.7%), Grow Threshold: 16384(200.0%)]
      [Rehash Count: 0, Rehash Threshold: 120, Hash Seed: 0x0]
      [Age Threshold: 3]
   [Queue]
      [Dropped: 0]
81.261: [GC pause (G1 Evacuation Pause) (young) (to-space exhausted), 0.0994294 secs]
   [Parallel Time: 87.4 ms, GC Workers: 4]
      [GC Worker Start (ms): Min: 81260.8, Avg: 81260.8, Max: 81260.8, Diff: 0.0]
      [Ext Root Scanning (ms): Min: 0.2, Avg: 0.2, Max: 0.2, Diff: 0.0, Sum: 0.8]
      [Update RS (ms): Min: 1.3, Avg: 1.4, Max: 1.5, Diff: 0.3, Sum: 5.6]
         [Processed Buffers: Min: 28, Avg: 32.3, Max: 38, Diff: 10, Sum: 129]
      [Scan RS (ms): Min: 0.6, Avg: 0.8, Max: 0.9, Diff: 0.3, Sum: 3.1]
      [Code Root Scanning (ms): Min: 0.0, Avg: 0.0, Max: 0.0, Diff: 0.0, Sum: 0.0]
      [Object Copy (ms): Min: 83.7, Avg: 84.4, Max: 85.0, Diff: 1.3, Sum: 337.5]
      [Termination (ms): Min: 0.0, Avg: 0.7, Max: 1.3, Diff: 1.3, Sum: 2.7]
         [Termination Attempts: Min: 1, Avg: 1.0, Max: 1, Diff: 0, Sum: 4]
      [GC Worker Other (ms): Min: 0.0, Avg: 0.0, Max: 0.0, Diff: 0.0, Sum: 0.0]
      [GC Worker Total (ms): Min: 87.4, Avg: 87.4, Max: 87.4, Diff: 0.0, Sum: 349.6]
      [GC Worker End (ms): Min: 81348.2, Avg: 81348.2, Max: 81348.2, Diff: 0.0]
   [Code Root Fixup: 0.0 ms]
   [Code Root Purge: 0.0 ms]
   [String Dedup Fixup: 0.2 ms, GC Workers: 4]
      [Queue Fixup (ms): Min: 0.0, Avg: 0.0, Max: 0.0, Diff: 0.0, Sum: 0.0]
      [Table Fixup (ms): Min: 0.1, Avg: 0.1, Max: 0.1, Diff: 0.0, Sum: 0.5]
   [Clear CT: 0.1 ms]
   [Other: 11.6 ms]
      [Evacuation Failure: 11.2 ms]
      [Choose CSet: 0.0 ms]
      [Ref Proc: 0.1 ms]
      [Ref Enq: 0.0 ms]
      [Redirty Cards: 0.1 ms]
      [Humongous Register: 0.0 ms]
      [Humongous Reclaim: 0.0 ms]
      [Free CSet: 0.1 ms]
   [Eden: 89.0M(89.0M)->0.0B(97.0M) Survivors: 13.0M->5120.0K Heap: 1842.1M(2048.0M)->1833.1M(2048.0M)]
 [Times: user=0.20 sys=0.00, real=0.10 secs] 
81.360: [GC concurrent-string-deduplication, 2896.0B->2736.0B(160.0B), avg 6.5%, 0.0001581 secs]
   [Last Exec: 0.0001581 secs, Idle: 0.1998917 secs, Blocked: 0/0.0000000 secs]
      [Inspected:            2832]
         [Skipped:              0(  0.0%)]
         [Hashed:              60(  2.1%)]
         [Known:             2772( 97.9%)]
         [New:                 60(  2.1%)   2896.0B]
      [Deduplicated:            3(  5.0%)    160.0B(  5.5%)]
         [Young:                0(  0.0%)      0.0B(  0.0%)]
         [Old:                  3(100.0%)    160.0B(100.0%)]
   [Total Exec: 206/0.1454449 secs, Idle: 206/80.9891167 secs, Blocked: 0/0.0000000 secs]
      [Inspected:         1658139]
         [Skipped:              0(  0.0%)]
         [Hashed:           35348(  2.1%)]
         [Known:          1621692( 97.8%)]
         [New:              36447(  2.2%)   1784.1K]
      [Deduplicated:         2184(  6.0%)    116.5K(  6.5%)]
         [Young:                8(  0.4%)    424.0B(  0.4%)]
         [Old:               2176( 99.6%)    116.0K( 99.6%)]
   [Table]
      [Memory Usage: 346.0K]
      [Size: 8192, Min: 1024, Max: 16777216]
      [Entries: 12030, Load: 146.9%, Cached: 0, Added: 39482, Removed: 27452]
      [Resize Count: 3, Shrink Threshold: 5461(66.7%), Grow Threshold: 16384(200.0%)]
      [Rehash Count: 0, Rehash Threshold: 120, Hash Seed: 0x0]
      [Age Threshold: 3]
   [Queue]
      [Dropped: 0]
81.377: [GC pause (G1 Evacuation Pause) (young) (to-space exhausted), 0.0418221 secs]
   [Parallel Time: 37.6 ms, GC Workers: 4]
      [GC Worker Start (ms): Min: 81377.0, Avg: 81377.1, Max: 81377.1, Diff: 0.1]
      [Ext Root Scanning (ms): Min: 0.2, Avg: 0.2, Max: 0.3, Diff: 0.1, Sum: 0.9]
      [Update RS (ms): Min: 8.3, Avg: 20.9, Max: 25.2, Diff: 16.9, Sum: 83.7]
         [Processed Buffers: Min: 21, Avg: 48.0, Max: 62, Diff: 41, Sum: 192]
      [Scan RS (ms): Min: 1.7, Avg: 1.7, Max: 1.8, Diff: 0.1, Sum: 6.9]
      [Code Root Scanning (ms): Min: 0.0, Avg: 0.0, Max: 0.0, Diff: 0.0, Sum: 0.0]
      [Object Copy (ms): Min: 9.7, Avg: 14.0, Max: 26.0, Diff: 16.2, Sum: 56.1]
      [Termination (ms): Min: 0.0, Avg: 0.7, Max: 1.3, Diff: 1.3, Sum: 2.6]
         [Termination Attempts: Min: 1, Avg: 1.0, Max: 1, Diff: 0, Sum: 4]
      [GC Worker Other (ms): Min: 0.0, Avg: 0.0, Max: 0.0, Diff: 0.0, Sum: 0.0]
      [GC Worker Total (ms): Min: 37.5, Avg: 37.5, Max: 37.6, Diff: 0.1, Sum: 150.2]
      [GC Worker End (ms): Min: 81414.6, Avg: 81414.6, Max: 81414.6, Diff: 0.0]
   [Code Root Fixup: 0.0 ms]
   [Code Root Purge: 0.0 ms]
   [String Dedup Fixup: 0.2 ms, GC Workers: 4]
      [Queue Fixup (ms): Min: 0.0, Avg: 0.0, Max: 0.0, Diff: 0.0, Sum: 0.0]
      [Table Fixup (ms): Min: 0.1, Avg: 0.1, Max: 0.1, Diff: 0.0, Sum: 0.5]
   [Clear CT: 0.1 ms]
   [Other: 4.0 ms]
      [Evacuation Failure: 3.6 ms]
      [Choose CSet: 0.0 ms]
      [Ref Proc: 0.1 ms]
      [Ref Enq: 0.0 ms]
      [Redirty Cards: 0.1 ms]
      [Humongous Register: 0.0 ms]
      [Humongous Reclaim: 0.0 ms]
      [Free CSet: 0.0 ms]
   [Eden: 17.0M(97.0M)->0.0B(102.0M) Survivors: 5120.0K->0.0B Heap: 1850.1M(2048.0M)->1849.1M(2048.0M)]
 [Times: user=0.13 sys=0.00, real=0.04 secs] 
81.420: [GC pause (G1 Evacuation Pause) (young) (to-space exhausted), 0.0166964 secs]
   [Parallel Time: 15.7 ms, GC Workers: 4]
      [GC Worker Start (ms): Min: 81420.4, Avg: 81420.4, Max: 81420.5, Diff: 0.0]
      [Ext Root Scanning (ms): Min: 0.2, Avg: 0.2, Max: 0.2, Diff: 0.0, Sum: 0.8]
      [Update RS (ms): Min: 14.3, Avg: 14.7, Max: 15.0, Diff: 0.6, Sum: 58.9]
         [Processed Buffers: Min: 30, Avg: 32.3, Max: 33, Diff: 3, Sum: 129]
      [Scan RS (ms): Min: 0.0, Avg: 0.0, Max: 0.0, Diff: 0.0, Sum: 0.0]
      [Code Root Scanning (ms): Min: 0.0, Avg: 0.0, Max: 0.0, Diff: 0.0, Sum: 0.0]
      [Object Copy (ms): Min: 0.0, Avg: 0.5, Max: 1.1, Diff: 1.1, Sum: 1.8]
      [Termination (ms): Min: 0.0, Avg: 0.3, Max: 0.6, Diff: 0.6, Sum: 1.2]
         [Termination Attempts: Min: 1, Avg: 1.0, Max: 1, Diff: 0, Sum: 4]
      [GC Worker Other (ms): Min: 0.0, Avg: 0.0, Max: 0.0, Diff: 0.0, Sum: 0.0]
      [GC Worker Total (ms): Min: 15.7, Avg: 15.7, Max: 15.7, Diff: 0.0, Sum: 62.7]
      [GC Worker End (ms): Min: 81436.1, Avg: 81436.1, Max: 81436.1, Diff: 0.0]
   [Code Root Fixup: 0.0 ms]
   [Code Root Purge: 0.0 ms]
   [String Dedup Fixup: 0.1 ms, GC Workers: 4]
      [Queue Fixup (ms): Min: 0.0, Avg: 0.0, Max: 0.0, Diff: 0.0, Sum: 0.0]
      [Table Fixup (ms): Min: 0.1, Avg: 0.1, Max: 0.1, Diff: 0.0, Sum: 0.4]
   [Clear CT: 0.0 ms]
   [Other: 0.8 ms]
      [Evacuation Failure: 0.7 ms]
      [Choose CSet: 0.0 ms]
      [Ref Proc: 0.0 ms]
      [Ref Enq: 0.0 ms]
      [Redirty Cards: 0.0 ms]
      [Humongous Register: 0.0 ms]
      [Humongous Reclaim: 0.0 ms]
      [Free CSet: 0.0 ms]
   [Eden: 1024.0K(102.0M)->0.0B(102.0M) Survivors: 0.0B->0.0B Heap: 1850.1M(2048.0M)->1850.1M(2048.0M)]
 [Times: user=0.06 sys=0.00, real=0.02 secs] 
81.438: [Full GC (Allocation Failure)  1850M->1201M(2048M), 1.6732329 secs]
   [Eden: 0.0B(102.0M)->0.0B(330.0M) Survivors: 0.0B->0.0B Heap: 1850.1M(2048.0M)->1201.7M(2048.0M)], [Metaspace: 9368K->9368K(1058816K)]
 [Times: user=3.36 sys=0.00, real=1.67 secs] 
83.111: [GC concurrent-mark-abort]
83.397: [GC pause (G1 Evacuation Pause) (young), 0.1439339 secs]
   [Parallel Time: 143.2 ms, GC Workers: 4]
      [GC Worker Start (ms): Min: 83397.0, Avg: 83397.0, Max: 83397.0, Diff: 0.1]
      [Ext Root Scanning (ms): Min: 0.2, Avg: 0.2, Max: 0.2, Diff: 0.1, Sum: 0.9]
      [Update RS (ms): Min: 0.0, Avg: 0.0, Max: 0.1, Diff: 0.1, Sum: 0.1]
         [Processed Buffers: Min: 0, Avg: 1.0, Max: 2, Diff: 2, Sum: 4]
      [Scan RS (ms): Min: 0.0, Avg: 0.0, Max: 0.1, Diff: 0.0, Sum: 0.2]
      [Code Root Scanning (ms): Min: 0.0, Avg: 0.0, Max: 0.0, Diff: 0.0, Sum: 0.0]
      [Object Copy (ms): Min: 142.8, Avg: 142.8, Max: 142.9, Diff: 0.0, Sum: 571.4]
      [Termination (ms): Min: 0.0, Avg: 0.0, Max: 0.0, Diff: 0.0, Sum: 0.0]
         [Termination Attempts: Min: 10, Avg: 12.0, Max: 13, Diff: 3, Sum: 48]
      [GC Worker Other (ms): Min: 0.0, Avg: 0.0, Max: 0.0, Diff: 0.0, Sum: 0.0]
      [GC Worker Total (ms): Min: 143.1, Avg: 143.1, Max: 143.2, Diff: 0.1, Sum: 572.6]
      [GC Worker End (ms): Min: 83540.1, Avg: 83540.1, Max: 83540.1, Diff: 0.0]
   [Code Root Fixup: 0.0 ms]
   [Code Root Purge: 0.0 ms]
   [String Dedup Fixup: 0.1 ms, GC Workers: 4]
      [Queue Fixup (ms): Min: 0.0, Avg: 0.0, Max: 0.0, Diff: 0.0, Sum: 0.1]
      [Table Fixup (ms): Min: 0.1, Avg: 0.1, Max: 0.1, Diff: 0.0, Sum: 0.4]
   [Clear CT: 0.1 ms]
   [Other: 0.5 ms]
      [Choose CSet: 0.0 ms]
      [Ref Proc: 0.0 ms]
      [Ref Enq: 0.0 ms]
      [Redirty Cards: 0.1 ms]
      [Humongous Register: 0.0 ms]
      [Humongous Reclaim: 0.0 ms]
      [Free CSet: 0.2 ms]
   [Eden: 330.0M(330.0M)->0.0B(241.0M) Survivors: 0.0B->42.0M Heap: 1531.7M(2048.0M)->1322.1M(2048.0M)]
 [Times: user=0.55 sys=0.00, real=0.14 secs] 
83.542: [GC concurrent-string-deduplication, 11.5K->11.5K(0.0B), avg 6.5%, 0.0006206 secs]
   [Last Exec: 0.0006206 secs, Idle: 2.1804994 secs, Blocked: 0/0.0000000 secs]
      [Inspected:           11864]
         [Skipped:              0(  0.0%)]
         [Hashed:             246(  2.1%)]
         [Known:            11618( 97.9%)]
         [New:                246(  2.1%)     11.5K]
      [Deduplicated:            0(  0.0%)      0.0B(  0.0%)]
         [Young:                0(  0.0%)      0.0B(  0.0%)]
         [Old:                  0(  0.0%)      0.0B(  0.0%)]
   [Total Exec: 207/0.1460655 secs, Idle: 207/83.1696161 secs, Blocked: 0/0.0000000 secs]
      [Inspected:         1670003]
         [Skipped:              0(  0.0%)]
         [Hashed:           35594(  2.1%)]
         [Known:          1633310( 97.8%)]
         [New:              36693(  2.2%)   1795.6K]
      [Deduplicated:         2184(  6.0%)    116.5K(  6.5%)]
         [Young:                8(  0.4%)    424.0B(  0.4%)]
         [Old:               2176( 99.6%)    116.0K( 99.6%)]
   [Table]
      [Memory Usage: 324.1K]
      [Size: 8192, Min: 1024, Max: 16777216]
      [Entries: 10280, Load: 125.5%, Cached: 819, Added: 39741, Removed: 29461]
      [Resize Count: 3, Shrink Threshold: 5461(66.7%), Grow Threshold: 16384(200.0%)]
      [Rehash Count: 0, Rehash Threshold: 120, Hash Seed: 0x0]
      [Age Threshold: 3]
   [Queue]
      [Dropped: 0]
83.771: [GC pause (G1 Evacuation Pause) (young) (initial-mark), 0.2164617 secs]
   [Parallel Time: 215.3 ms, GC Workers: 4]
      [GC Worker Start (ms): Min: 83771.5, Avg: 83771.5, Max: 83771.5, Diff: 0.0]
      [Ext Root Scanning (ms): Min: 0.3, Avg: 0.3, Max: 0.3, Diff: 0.1, Sum: 1.2]
      [Update RS (ms): Min: 22.3, Avg: 22.5, Max: 22.7, Diff: 0.4, Sum: 89.9]
         [Processed Buffers: Min: 33, Avg: 34.8, Max: 36, Diff: 3, Sum: 139]
      [Scan RS (ms): Min: 23.1, Avg: 23.4, Max: 23.5, Diff: 0.3, Sum: 93.4]
      [Code Root Scanning (ms): Min: 0.0, Avg: 0.0, Max: 0.0, Diff: 0.0, Sum: 0.0]
      [Object Copy (ms): Min: 169.0, Avg: 169.1, Max: 169.1, Diff: 0.1, Sum: 676.2]
      [Termination (ms): Min: 0.0, Avg: 0.0, Max: 0.0, Diff: 0.0, Sum: 0.1]
         [Termination Attempts: Min: 36, Avg: 166.8, Max: 227, Diff: 191, Sum: 667]
      [GC Worker Other (ms): Min: 0.0, Avg: 0.0, Max: 0.0, Diff: 0.0, Sum: 0.1]
      [GC Worker Total (ms): Min: 215.2, Avg: 215.2, Max: 215.2, Diff: 0.0, Sum: 860.9]
      [GC Worker End (ms): Min: 83986.7, Avg: 83986.7, Max: 83986.7, Diff: 0.0]
   [Code Root Fixup: 0.0 ms]
   [Code Root Purge: 0.0 ms]
   [String Dedup Fixup: 0.1 ms, GC Workers: 4]
      [Queue Fixup (ms): Min: 0.0, Avg: 0.0, Max: 0.0, Diff: 0.0, Sum: 0.1]
      [Table Fixup (ms): Min: 0.1, Avg: 0.1, Max: 0.1, Diff: 0.0, Sum: 0.4]
   [Clear CT: 0.1 ms]
   [Other: 0.9 ms]
      [Choose CSet: 0.0 ms]
      [Ref Proc: 0.0 ms]
      [Ref Enq: 0.0 ms]
      [Redirty Cards: 0.2 ms]
      [Humongous Register: 0.0 ms]
      [Humongous Reclaim: 0.0 ms]
      [Free CSet: 0.4 ms]
   [Eden: 241.0M(241.0M)->0.0B(66.0M) Survivors: 42.0M->36.0M Heap: 1563.1M(2048.0M)->1407.6M(2048.0M)]
 [Times: user=0.88 sys=0.00, real=0.22 secs] 
83.988: [GC concurrent-root-region-scan-start]
83.989: [GC concurrent-string-deduplication, 15.9K->15.6K(320.0B), avg 6.4%, 0.0008294 secs]
   [Last Exec: 0.0008294 secs, Idle: 0.4462825 secs, Blocked: 0/0.0000000 secs]
      [Inspected:           16639]
         [Skipped:              0(  0.0%)]
         [Hashed:             338(  2.0%)]
         [Known:            16301( 98.0%)]
         [New:                338(  2.0%)     15.9K]
      [Deduplicated:            6(  1.8%)    320.0B(  2.0%)]
         [Young:                0(  0.0%)      0.0B(  0.0%)]
         [Old:                  6(100.0%)    320.0B(100.0%)]
   [Total Exec: 208/0.1468950 secs, Idle: 208/83.6158986 secs, Blocked: 0/0.0000000 secs]
      [Inspected:         1686642]
         [Skipped:              0(  0.0%)]
         [Hashed:           35932(  2.1%)]
         [Known:          1649611( 97.8%)]
         [New:              37031(  2.2%)   1811.5K]
      [Deduplicated:         2190(  5.9%)    116.8K(  6.4%)]
         [Young:                8(  0.4%)    424.0B(  0.4%)]
         [Old:               2182( 99.6%)    116.4K( 99.6%)]
   [Table]
      [Memory Usage: 324.1K]
      [Size: 8192, Min: 1024, Max: 16777216]
      [Entries: 10612, Load: 129.5%, Cached: 487, Added: 40073, Removed: 29461]
      [Resize Count: 3, Shrink Threshold: 5461(66.7%), Grow Threshold: 16384(200.0%)]
      [Rehash Count: 0, Rehash Threshold: 120, Hash Seed: 0x0]
      [Age Threshold: 3]
   [Queue]
      [Dropped: 0]
84.047: [GC concurrent-root-region-scan-end, 0.0590125 secs]
84.047: [GC concurrent-mark-start]
84.121: [GC pause (G1 Evacuation Pause) (young), 0.1188457 secs]
   [Parallel Time: 118.2 ms, GC Workers: 4]
      [GC Worker Start (ms): Min: 84120.9, Avg: 84120.9, Max: 84120.9, Diff: 0.0]
      [Ext Root Scanning (ms): Min: 0.2, Avg: 0.2, Max: 0.2, Diff: 0.0, Sum: 0.8]
      [Update RS (ms): Min: 18.6, Avg: 18.7, Max: 18.8, Diff: 0.2, Sum: 74.9]
         [Processed Buffers: Min: 29, Avg: 31.0, Max: 34, Diff: 5, Sum: 124]
      [Scan RS (ms): Min: 5.2, Avg: 5.3, Max: 5.4, Diff: 0.2, Sum: 21.3]
      [Code Root Scanning (ms): Min: 0.0, Avg: 0.0, Max: 0.0, Diff: 0.0, Sum: 0.0]
      [Object Copy (ms): Min: 93.7, Avg: 93.8, Max: 93.9, Diff: 0.1, Sum: 375.2]
      [Termination (ms): Min: 0.0, Avg: 0.1, Max: 0.1, Diff: 0.1, Sum: 0.3]
         [Termination Attempts: Min: 16, Avg: 805.3, Max: 1283, Diff: 1267, Sum: 3221]
      [GC Worker Other (ms): Min: 0.0, Avg: 0.0, Max: 0.0, Diff: 0.0, Sum: 0.1]
      [GC Worker Total (ms): Min: 118.1, Avg: 118.1, Max: 118.1, Diff: 0.0, Sum: 472.5]
      [GC Worker End (ms): Min: 84239.0, Avg: 84239.0, Max: 84239.0, Diff: 0.0]
   [Code Root Fixup: 0.0 ms]
   [Code Root Purge: 0.0 ms]
   [String Dedup Fixup: 0.2 ms, GC Workers: 4]
      [Queue Fixup (ms): Min: 0.0, Avg: 0.0, Max: 0.0, Diff: 0.0, Sum: 0.1]
      [Table Fixup (ms): Min: 0.1, Avg: 0.1, Max: 0.1, Diff: 0.0, Sum: 0.5]
   [Clear CT: 0.1 ms]
   [Other: 0.4 ms]
      [Choose CSet: 0.0 ms]
      [Ref Proc: 0.0 ms]
      [Ref Enq: 0.0 ms]
      [Redirty Cards: 0.1 ms]
      [Humongous Register: 0.0 ms]
      [Humongous Reclaim: 0.0 ms]
      [Free CSet: 0.1 ms]
   [Eden: 66.0M(66.0M)->0.0B(89.0M) Survivors: 36.0M->13.0M Heap: 1473.6M(2048.0M)->1434.1M(2048.0M)]
 [Times: user=0.50 sys=0.00, real=0.12 secs] 
84.240: [GC concurrent-string-deduplication, 10.6K->10.4K(160.0B), avg 6.4%, 0.0004971 secs]
   [Last Exec: 0.0004971 secs, Idle: 0.2509796 secs, Blocked: 0/0.0000000 secs]
      [Inspected:           10477]
         [Skipped:              0(  0.0%)]
         [Hashed:             225(  2.1%)]
         [Known:            10252( 97.9%)]
         [New:                225(  2.1%)     10.6K]
      [Deduplicated:            3(  1.3%)    160.0B(  1.5%)]
         [Young:                0(  0.0%)      0.0B(  0.0%)]
         [Old:                  3(100.0%)    160.0B(100.0%)]
   [Total Exec: 209/0.1473921 secs, Idle: 209/83.8668782 secs, Blocked: 0/0.0000000 secs]
      [Inspected:         1697119]
         [Skipped:              0(  0.0%)]
         [Hashed:           36157(  2.1%)]
         [Known:          1659863( 97.8%)]
         [New:              37256(  2.2%)   1822.1K]
      [Deduplicated:         2193(  5.9%)    116.9K(  6.4%)]
         [Young:                8(  0.4%)    424.0B(  0.4%)]
         [Old:               2185( 99.6%)    116.5K( 99.6%)]
   [Table]
      [Memory Usage: 324.1K]
      [Size: 8192, Min: 1024, Max: 16777216]
      [Entries: 10845, Load: 132.4%, Cached: 254, Added: 40306, Removed: 29461]
      [Resize Count: 3, Shrink Threshold: 5461(66.7%), Grow Threshold: 16384(200.0%)]
      [Rehash Count: 0, Rehash Threshold: 120, Hash Seed: 0x0]
      [Age Threshold: 3]
   [Queue]
      [Dropped: 0]
84.349: [GC pause (G1 Evacuation Pause) (young), 0.0661752 secs]
   [Parallel Time: 65.7 ms, GC Workers: 4]
      [GC Worker Start (ms): Min: 84349.4, Avg: 84349.5, Max: 84349.5, Diff: 0.0]
      [Ext Root Scanning (ms): Min: 0.2, Avg: 0.2, Max: 0.2, Diff: 0.0, Sum: 0.8]
      [Update RS (ms): Min: 20.9, Avg: 21.0, Max: 21.1, Diff: 0.3, Sum: 83.8]
         [Processed Buffers: Min: 33, Avg: 34.0, Max: 36, Diff: 3, Sum: 136]
      [Scan RS (ms): Min: 0.0, Avg: 0.0, Max: 0.1, Diff: 0.1, Sum: 0.1]
      [Code Root Scanning (ms): Min: 0.0, Avg: 0.0, Max: 0.0, Diff: 0.0, Sum: 0.0]
      [Object Copy (ms): Min: 44.3, Avg: 44.4, Max: 44.5, Diff: 0.2, Sum: 177.7]
      [Termination (ms): Min: 0.0, Avg: 0.0, Max: 0.0, Diff: 0.0, Sum: 0.0]
         [Termination Attempts: Min: 12, Avg: 13.0, Max: 14, Diff: 2, Sum: 52]
      [GC Worker Other (ms): Min: 0.0, Avg: 0.0, Max: 0.0, Diff: 0.0, Sum: 0.0]
      [GC Worker Total (ms): Min: 65.6, Avg: 65.6, Max: 65.6, Diff: 0.0, Sum: 262.6]
      [GC Worker End (ms): Min: 84415.1, Avg: 84415.1, Max: 84415.1, Diff: 0.0]
   [Code Root Fixup: 0.0 ms]
   [Code Root Purge: 0.0 ms]
   [String Dedup Fixup: 0.1 ms, GC Workers: 4]
      [Queue Fixup (ms): Min: 0.0, Avg: 0.0, Max: 0.0, Diff: 0.0, Sum: 0.0]
      [Table Fixup (ms): Min: 0.1, Avg: 0.1, Max: 0.1, Diff: 0.0, Sum: 0.4]
   [Clear CT: 0.0 ms]
   [Other: 0.3 ms]
      [Choose CSet: 0.0 ms]
      [Ref Proc: 0.0 ms]
      [Ref Enq: 0.0 ms]
      [Redirty Cards: 0.1 ms]
      [Humongous Register: 0.0 ms]
      [Humongous Reclaim: 0.0 ms]
      [Free CSet: 0.1 ms]
   [Eden: 89.0M(89.0M)->0.0B(89.0M) Survivors: 13.0M->13.0M Heap: 1523.1M(2048.0M)->1466.6M(2048.0M)]
 [Times: user=0.25 sys=0.00, real=0.07 secs] 
84.416: [GC concurrent-string-deduplication, 6704.0B->6384.0B(320.0B), avg 6.4%, 0.0003146 secs]
   [Last Exec: 0.0003146 secs, Idle: 0.1753593 secs, Blocked: 0/0.0000000 secs]
      [Inspected:            6453]
         [Skipped:              0(  0.0%)]
         [Hashed:             139(  2.2%)]
         [Known:             6314( 97.8%)]
         [New:                139(  2.2%)   6704.0B]
      [Deduplicated:            6(  4.3%)    320.0B(  4.8%)]
         [Young:                0(  0.0%)      0.0B(  0.0%)]
         [Old:                  6(100.0%)    320.0B(100.0%)]
   [Total Exec: 210/0.1477068 secs, Idle: 210/84.0422375 secs, Blocked: 0/0.0000000 secs]
      [Inspected:         1703572]
         [Skipped:              0(  0.0%)]
         [Hashed:           36296(  2.1%)]
         [Known:          1666177( 97.8%)]
         [New:              37395(  2.2%)   1828.6K]
      [Deduplicated:         2199(  5.9%)    117.2K(  6.4%)]
         [Young:                8(  0.4%)    424.0B(  0.4%)]
         [Old:               2191( 99.6%)    116.8K( 99.6%)]
   [Table]
      [Memory Usage: 324.1K]
      [Size: 8192, Min: 1024, Max: 16777216]
      [Entries: 10978, Load: 134.0%, Cached: 121, Added: 40439, Removed: 29461]
      [Resize Count: 3, Shrink Threshold: 5461(66.7%), Grow Threshold: 16384(200.0%)]
      [Rehash Count: 0, Rehash Threshold: 120, Hash Seed: 0x0]
      [Age Threshold: 3]
   [Queue]
      [Dropped: 0]
84.495: [GC pause (G1 Evacuation Pause) (young), 0.0784820 secs]
   [Parallel Time: 77.9 ms, GC Workers: 4]
      [GC Worker Start (ms): Min: 84494.8, Avg: 84494.8, Max: 84494.8, Diff: 0.0]
      [Ext Root Scanning (ms): Min: 0.2, Avg: 0.2, Max: 0.2, Diff: 0.0, Sum: 0.8]
      [Update RS (ms): Min: 18.5, Avg: 18.5, Max: 18.6, Diff: 0.0, Sum: 74.2]
         [Processed Buffers: Min: 28, Avg: 30.8, Max: 33, Diff: 5, Sum: 123]
      [Scan RS (ms): Min: 0.9, Avg: 0.9, Max: 0.9, Diff: 0.0, Sum: 3.7]
      [Code Root Scanning (ms): Min: 0.0, Avg: 0.0, Max: 0.0, Diff: 0.0, Sum: 0.0]
      [Object Copy (ms): Min: 58.2, Avg: 58.2, Max: 58.2, Diff: 0.1, Sum: 232.8]
      [Termination (ms): Min: 0.0, Avg: 0.0, Max: 0.0, Diff: 0.0, Sum: 0.1]
         [Termination Attempts: Min: 6, Avg: 324.5, Max: 467, Diff: 461, Sum: 1298]
      [GC Worker Other (ms): Min: 0.0, Avg: 0.0, Max: 0.0, Diff: 0.0, Sum: 0.0]
      [GC Worker Total (ms): Min: 77.9, Avg: 77.9, Max: 77.9, Diff: 0.0, Sum: 311.6]
      [GC Worker End (ms): Min: 84572.7, Avg: 84572.7, Max: 84572.7, Diff: 0.0]
   [Code Root Fixup: 0.0 ms]
   [Code Root Purge: 0.0 ms]
   [String Dedup Fixup: 0.1 ms, GC Workers: 4]
      [Queue Fixup (ms): Min: 0.0, Avg: 0.0, Max: 0.0, Diff: 0.0, Sum: 0.0]
      [Table Fixup (ms): Min: 0.1, Avg: 0.1, Max: 0.1, Diff: 0.0, Sum: 0.4]
   [Clear CT: 0.0 ms]
   [Other: 0.4 ms]
      [Choose CSet: 0.0 ms]
      [Ref Proc: 0.0 ms]
      [Ref Enq: 0.0 ms]
      [Redirty Cards: 0.1 ms]
      [Humongous Register: 0.0 ms]
      [Humongous Reclaim: 0.0 ms]
      [Free CSet: 0.1 ms]
   [Eden: 89.0M(89.0M)->0.0B(89.0M) Survivors: 13.0M->13.0M Heap: 1555.6M(2048.0M)->1499.5M(2048.0M)]
 [Times: user=0.30 sys=0.00, real=0.08 secs] 
84.574: [GC concurrent-string-deduplication, 4704.0B->4704.0B(0.0B), avg 6.4%, 0.0002364 secs]
   [Last Exec: 0.0002364 secs, Idle: 0.1573196 secs, Blocked: 0/0.0000000 secs]
      [Inspected:            4905]
         [Skipped:              0(  0.0%)]
         [Hashed:              98(  2.0%)]
         [Known:             4807( 98.0%)]
         [New:                 98(  2.0%)   4704.0B]
      [Deduplicated:            0(  0.0%)      0.0B(  0.0%)]
         [Young:                0(  0.0%)      0.0B(  0.0%)]
         [Old:                  0(  0.0%)      0.0B(  0.0%)]
   [Total Exec: 211/0.1479431 secs, Idle: 211/84.1995571 secs, Blocked: 0/0.0000000 secs]
      [Inspected:         1708477]
         [Skipped:              0(  0.0%)]
         [Hashed:           36394(  2.1%)]
         [Known:          1670984( 97.8%)]
         [New:              37493(  2.2%)   1833.2K]
      [Deduplicated:         2199(  5.9%)    117.2K(  6.4%)]
         [Young:                8(  0.4%)    424.0B(  0.4%)]
         [Old:               2191( 99.6%)    116.8K( 99.6%)]
   [Table]
      [Memory Usage: 324.1K]
      [Size: 8192, Min: 1024, Max: 16777216]
      [Entries: 11076, Load: 135.2%, Cached: 23, Added: 40537, Removed: 29461]
      [Resize Count: 3, Shrink Threshold: 5461(66.7%), Grow Threshold: 16384(200.0%)]
      [Rehash Count: 0, Rehash Threshold: 120, Hash Seed: 0x0]
      [Age Threshold: 3]
   [Queue]
      [Dropped: 0]
84.651: [GC pause (G1 Evacuation Pause) (young), 0.0715967 secs]
   [Parallel Time: 71.1 ms, GC Workers: 4]
      [GC Worker Start (ms): Min: 84651.1, Avg: 84651.1, Max: 84651.1, Diff: 0.0]
      [Ext Root Scanning (ms): Min: 0.2, Avg: 0.2, Max: 0.2, Diff: 0.0, Sum: 0.8]
      [Update RS (ms): Min: 17.7, Avg: 17.8, Max: 17.9, Diff: 0.2, Sum: 71.1]
         [Processed Buffers: Min: 33, Avg: 33.5, Max: 34, Diff: 1, Sum: 134]
      [Scan RS (ms): Min: 0.6, Avg: 0.8, Max: 0.8, Diff: 0.2, Sum: 3.0]
      [Code Root Scanning (ms): Min: 0.0, Avg: 0.0, Max: 0.0, Diff: 0.0, Sum: 0.0]
      [Object Copy (ms): Min: 52.3, Avg: 52.3, Max: 52.3, Diff: 0.0, Sum: 209.3]
      [Termination (ms): Min: 0.0, Avg: 0.0, Max: 0.0, Diff: 0.0, Sum: 0.1]
         [Termination Attempts: Min: 4, Avg: 211.8, Max: 295, Diff: 291, Sum: 847]
      [GC Worker Other (ms): Min: 0.0, Avg: 0.0, Max: 0.0, Diff: 0.0, Sum: 0.0]
      [GC Worker Total (ms): Min: 71.1, Avg: 71.1, Max: 71.1, Diff: 0.0, Sum: 284.3]
      [GC Worker End (ms): Min: 84722.2, Avg: 84722.2, Max: 84722.2, Diff: 0.0]
   [Code Root Fixup: 0.0 ms]
   [Code Root Purge: 0.0 ms]
   [String Dedup Fixup: 0.1 ms, GC Workers: 4]
      [Queue Fixup (ms): Min: 0.0, Avg: 0.0, Max: 0.0, Diff: 0.0, Sum: 0.0]
      [Table Fixup (ms): Min: 0.1, Avg: 0.1, Max: 0.1, Diff: 0.0, Sum: 0.4]
   [Clear CT: 0.0 ms]
   [Other: 0.3 ms]
      [Choose CSet: 0.0 ms]
      [Ref Proc: 0.0 ms]
      [Ref Enq: 0.0 ms]
      [Redirty Cards: 0.1 ms]
      [Humongous Register: 0.0 ms]
      [Humongous Reclaim: 0.0 ms]
      [Free CSet: 0.1 ms]
   [Eden: 89.0M(89.0M)->0.0B(89.0M) Survivors: 13.0M->13.0M Heap: 1588.5M(2048.0M)->1532.1M(2048.0M)]
 [Times: user=0.31 sys=0.00, real=0.07 secs] 
84.723: [GC concurrent-string-deduplication, 8432.0B->8112.0B(320.0B), avg 6.4%, 0.0003932 secs]
   [Last Exec: 0.0003932 secs, Idle: 0.1491472 secs, Blocked: 0/0.0000000 secs]
      [Inspected:            8128]
         [Skipped:              0(  0.0%)]
         [Hashed:             175(  2.2%)]
         [Known:             7953( 97.8%)]
         [New:                175(  2.2%)   8432.0B]
      [Deduplicated:            6(  3.4%)    320.0B(  3.8%)]
         [Young:                0(  0.0%)      0.0B(  0.0%)]
         [Old:                  6(100.0%)    320.0B(100.0%)]
   [Total Exec: 212/0.1483364 secs, Idle: 212/84.3487043 secs, Blocked: 0/0.0000000 secs]
      [Inspected:         1716605]
         [Skipped:              0(  0.0%)]
         [Hashed:           36569(  2.1%)]
         [Known:          1678937( 97.8%)]
         [New:              37668(  2.2%)   1841.4K]
      [Deduplicated:         2205(  5.9%)    117.5K(  6.4%)]
         [Young:                8(  0.4%)    424.0B(  0.4%)]
         [Old:               2197( 99.6%)    117.1K( 99.6%)]
   [Table]
      [Memory Usage: 327.6K]
      [Size: 8192, Min: 1024, Max: 16777216]
      [Entries: 11245, Load: 137.3%, Cached: 0, Added: 40706, Removed: 29461]
      [Resize Count: 3, Shrink Threshold: 5461(66.7%), Grow Threshold: 16384(200.0%)]
      [Rehash Count: 0, Rehash Threshold: 120, Hash Seed: 0x0]
      [Age Threshold: 3]
   [Queue]
      [Dropped: 0]
84.802: [GC pause (G1 Evacuation Pause) (young), 0.0570883 secs]
   [Parallel Time: 56.6 ms, GC Workers: 4]
      [GC Worker Start (ms): Min: 84802.6, Avg: 84802.6, Max: 84802.6, Diff: 0.0]
      [Ext Root Scanning (ms): Min: 0.2, Avg: 0.2, Max: 0.2, Diff: 0.0, Sum: 0.8]
      [Update RS (ms): Min: 24.6, Avg: 24.7, Max: 24.7, Diff: 0.1, Sum: 98.8]
         [Processed Buffers: Min: 46, Avg: 47.5, Max: 49, Diff: 3, Sum: 190]
      [Scan RS (ms): Min: 0.0, Avg: 0.0, Max: 0.0, Diff: 0.0, Sum: 0.0]
      [Code Root Scanning (ms): Min: 0.0, Avg: 0.0, Max: 0.0, Diff: 0.0, Sum: 0.0]
      [Object Copy (ms): Min: 31.6, Avg: 31.6, Max: 31.7, Diff: 0.1, Sum: 126.4]
      [Termination (ms): Min: 0.0, Avg: 0.0, Max: 0.0, Diff: 0.0, Sum: 0.0]
         [Termination Attempts: Min: 32, Avg: 34.0, Max: 37, Diff: 5, Sum: 136]
      [GC Worker Other (ms): Min: 0.0, Avg: 0.0, Max: 0.0, Diff: 0.0, Sum: 0.0]
      [GC Worker Total (ms): Min: 56.5, Avg: 56.5, Max: 56.5, Diff: 0.0, Sum: 226.1]
      [GC Worker End (ms): Min: 84859.1, Avg: 84859.1, Max: 84859.1, Diff: 0.0]
   [Code Root Fixup: 0.0 ms]
   [Code Root Purge: 0.0 ms]
   [String Dedup Fixup: 0.1 ms, GC Workers: 4]
      [Queue Fixup (ms): Min: 0.0, Avg: 0.0, Max: 0.0, Diff: 0.0, Sum: 0.0]
      [Table Fixup (ms): Min: 0.1, Avg: 0.1, Max: 0.1, Diff: 0.0, Sum: 0.4]
   [Clear CT: 0.0 ms]
   [Other: 0.3 ms]
      [Choose CSet: 0.0 ms]
      [Ref Proc: 0.0 ms]
      [Ref Enq: 0.0 ms]
      [Redirty Cards: 0.1 ms]
      [Humongous Register: 0.0 ms]
      [Humongous Reclaim: 0.0 ms]
      [Free CSet: 0.1 ms]
   [Eden: 89.0M(89.0M)->0.0B(89.0M) Survivors: 13.0M->13.0M Heap: 1621.1M(2048.0M)->1563.4M(2048.0M)]
 [Times: user=0.25 sys=0.00, real=0.06 secs] 
84.860: [GC concurrent-string-deduplication, 1168.0B->1008.0B(160.0B), avg 6.4%, 0.0000690 secs]
   [Last Exec: 0.0000690 secs, Idle: 0.1364998 secs, Blocked: 0/0.0000000 secs]
      [Inspected:            1260]
         [Skipped:              0(  0.0%)]
         [Hashed:              24(  1.9%)]
         [Known:             1236( 98.1%)]
         [New:                 24(  1.9%)   1168.0B]
      [Deduplicated:            3( 12.5%)    160.0B( 13.7%)]
         [Young:                0(  0.0%)      0.0B(  0.0%)]
         [Old:                  3(100.0%)    160.0B(100.0%)]
   [Total Exec: 213/0.1484053 secs, Idle: 213/84.4852041 secs, Blocked: 0/0.0000000 secs]
      [Inspected:         1717865]
         [Skipped:              0(  0.0%)]
         [Hashed:           36593(  2.1%)]
         [Known:          1680173( 97.8%)]
         [New:              37692(  2.2%)   1842.6K]
      [Deduplicated:         2208(  5.9%)    117.7K(  6.4%)]
         [Young:                8(  0.4%)    424.0B(  0.4%)]
         [Old:               2200( 99.6%)    117.3K( 99.6%)]
   [Table]
      [Memory Usage: 328.0K]
      [Size: 8192, Min: 1024, Max: 16777216]
      [Entries: 11266, Load: 137.5%, Cached: 0, Added: 40727, Removed: 29461]
      [Resize Count: 3, Shrink Threshold: 5461(66.7%), Grow Threshold: 16384(200.0%)]
      [Rehash Count: 0, Rehash Threshold: 120, Hash Seed: 0x0]
      [Age Threshold: 3]
   [Queue]
      [Dropped: 0]
84.938: [GC pause (G1 Evacuation Pause) (young), 0.0870582 secs]
   [Parallel Time: 86.6 ms, GC Workers: 4]
      [GC Worker Start (ms): Min: 84938.2, Avg: 84938.2, Max: 84938.2, Diff: 0.0]
      [Ext Root Scanning (ms): Min: 0.2, Avg: 0.2, Max: 0.2, Diff: 0.0, Sum: 0.8]
      [Update RS (ms): Min: 17.0, Avg: 17.1, Max: 17.2, Diff: 0.3, Sum: 68.2]
         [Processed Buffers: Min: 31, Avg: 33.0, Max: 35, Diff: 4, Sum: 132]
      [Scan RS (ms): Min: 0.3, Avg: 0.4, Max: 0.5, Diff: 0.3, Sum: 1.7]
      [Code Root Scanning (ms): Min: 0.0, Avg: 0.0, Max: 0.0, Diff: 0.0, Sum: 0.0]
      [Object Copy (ms): Min: 68.8, Avg: 68.9, Max: 68.9, Diff: 0.0, Sum: 275.4]
      [Termination (ms): Min: 0.0, Avg: 0.0, Max: 0.0, Diff: 0.0, Sum: 0.0]
         [Termination Attempts: Min: 8, Avg: 9.8, Max: 12, Diff: 4, Sum: 39]
      [GC Worker Other (ms): Min: 0.0, Avg: 0.0, Max: 0.0, Diff: 0.0, Sum: 0.0]
      [GC Worker Total (ms): Min: 86.5, Avg: 86.5, Max: 86.5, Diff: 0.0, Sum: 346.2]
      [GC Worker End (ms): Min: 85024.7, Avg: 85024.7, Max: 85024.7, Diff: 0.0]
   [Code Root Fixup: 0.0 ms]
   [Code Root Purge: 0.0 ms]
   [String Dedup Fixup: 0.1 ms, GC Workers: 4]
      [Queue Fixup (ms): Min: 0.0, Avg: 0.0, Max: 0.0, Diff: 0.0, Sum: 0.1]
      [Table Fixup (ms): Min: 0.1, Avg: 0.1, Max: 0.1, Diff: 0.0, Sum: 0.4]
   [Clear CT: 0.0 ms]
   [Other: 0.3 ms]
      [Choose CSet: 0.0 ms]
      [Ref Proc: 0.0 ms]
      [Ref Enq: 0.0 ms]
      [Redirty Cards: 0.1 ms]
      [Humongous Register: 0.0 ms]
      [Humongous Reclaim: 0.0 ms]
      [Free CSet: 0.1 ms]
   [Eden: 89.0M(89.0M)->0.0B(89.0M) Survivors: 13.0M->13.0M Heap: 1652.4M(2048.0M)->1596.3M(2048.0M)]
 [Times: user=0.31 sys=0.00, real=0.09 secs] 
85.026: [GC concurrent-string-deduplication, 8752.0B->8592.0B(160.0B), avg 6.4%, 0.0004670 secs]
   [Last Exec: 0.0004670 secs, Idle: 0.1654821 secs, Blocked: 0/0.0000000 secs]
      [Inspected:            9564]
         [Skipped:              0(  0.0%)]
         [Hashed:             182(  1.9%)]
         [Known:             9382( 98.1%)]
         [New:                182(  1.9%)   8752.0B]
      [Deduplicated:            3(  1.6%)    160.0B(  1.8%)]
         [Young:                0(  0.0%)      0.0B(  0.0%)]
         [Old:                  3(100.0%)    160.0B(100.0%)]
   [Total Exec: 214/0.1488723 secs, Idle: 214/84.6506863 secs, Blocked: 0/0.0000000 secs]
      [Inspected:         1727429]
         [Skipped:              0(  0.0%)]
         [Hashed:           36775(  2.1%)]
         [Known:          1689555( 97.8%)]
         [New:              37874(  2.2%)   1851.1K]
      [Deduplicated:         2211(  5.8%)    117.9K(  6.4%)]
         [Young:                8(  0.4%)    424.0B(  0.4%)]
         [Old:               2203( 99.6%)    117.4K( 99.6%)]
   [Table]
      [Memory Usage: 332.2K]
      [Size: 8192, Min: 1024, Max: 16777216]
      [Entries: 11445, Load: 139.7%, Cached: 0, Added: 40906, Removed: 29461]
      [Resize Count: 3, Shrink Threshold: 5461(66.7%), Grow Threshold: 16384(200.0%)]
      [Rehash Count: 0, Rehash Threshold: 120, Hash Seed: 0x0]
      [Age Threshold: 3]
   [Queue]
      [Dropped: 0]
85.103: [GC pause (G1 Evacuation Pause) (young), 0.0692261 secs]
   [Parallel Time: 68.7 ms, GC Workers: 4]
      [GC Worker Start (ms): Min: 85102.8, Avg: 85102.8, Max: 85102.8, Diff: 0.0]
      [Ext Root Scanning (ms): Min: 0.2, Avg: 0.2, Max: 0.2, Diff: 0.0, Sum: 0.8]
      [Update RS (ms): Min: 27.9, Avg: 28.0, Max: 28.0, Diff: 0.1, Sum: 111.9]
         [Processed Buffers: Min: 48, Avg: 51.0, Max: 53, Diff: 5, Sum: 204]
      [Scan RS (ms): Min: 0.0, Avg: 0.0, Max: 0.0, Diff: 0.0, Sum: 0.0]
      [Code Root Scanning (ms): Min: 0.0, Avg: 0.0, Max: 0.0, Diff: 0.0, Sum: 0.0]
      [Object Copy (ms): Min: 40.4, Avg: 40.5, Max: 40.5, Diff: 0.1, Sum: 161.8]
      [Termination (ms): Min: 0.0, Avg: 0.0, Max: 0.0, Diff: 0.0, Sum: 0.0]
         [Termination Attempts: Min: 14, Avg: 17.0, Max: 20, Diff: 6, Sum: 68]
      [GC Worker Other (ms): Min: 0.0, Avg: 0.0, Max: 0.0, Diff: 0.0, Sum: 0.0]
      [GC Worker Total (ms): Min: 68.7, Avg: 68.7, Max: 68.7, Diff: 0.0, Sum: 274.7]
      [GC Worker End (ms): Min: 85171.4, Avg: 85171.4, Max: 85171.4, Diff: 0.0]
   [Code Root Fixup: 0.0 ms]
   [Code Root Purge: 0.0 ms]
   [String Dedup Fixup: 0.1 ms, GC Workers: 4]
      [Queue Fixup (ms): Min: 0.0, Avg: 0.0, Max: 0.0, Diff: 0.0, Sum: 0.0]
      [Table Fixup (ms): Min: 0.1, Avg: 0.1, Max: 0.1, Diff: 0.0, Sum: 0.4]
   [Clear CT: 0.0 ms]
   [Other: 0.3 ms]
      [Choose CSet: 0.0 ms]
      [Ref Proc: 0.0 ms]
      [Ref Enq: 0.0 ms]
      [Redirty Cards: 0.1 ms]
      [Humongous Register: 0.0 ms]
      [Humongous Reclaim: 0.0 ms]
      [Free CSet: 0.1 ms]
   [Eden: 89.0M(89.0M)->0.0B(89.0M) Survivors: 13.0M->13.0M Heap: 1685.3M(2048.0M)->1628.5M(2048.0M)]
 [Times: user=0.30 sys=0.00, real=0.07 secs] 
85.172: [GC concurrent-string-deduplication, 3120.0B->3120.0B(0.0B), avg 6.4%, 0.0001770 secs]
   [Last Exec: 0.0001770 secs, Idle: 0.1462224 secs, Blocked: 0/0.0000000 secs]
      [Inspected:            3403]
         [Skipped:              0(  0.0%)]
         [Hashed:              65(  1.9%)]
         [Known:             3338( 98.1%)]
         [New:                 65(  1.9%)   3120.0B]
      [Deduplicated:            0(  0.0%)      0.0B(  0.0%)]
         [Young:                0(  0.0%)      0.0B(  0.0%)]
         [Old:                  0(  0.0%)      0.0B(  0.0%)]
   [Total Exec: 215/0.1490494 secs, Idle: 215/84.7969087 secs, Blocked: 0/0.0000000 secs]
      [Inspected:         1730832]
         [Skipped:              0(  0.0%)]
         [Hashed:           36840(  2.1%)]
         [Known:          1692893( 97.8%)]
         [New:              37939(  2.2%)   1854.2K]
      [Deduplicated:         2211(  5.8%)    117.9K(  6.4%)]
         [Young:                8(  0.4%)    424.0B(  0.4%)]
         [Old:               2203( 99.6%)    117.4K( 99.6%)]
   [Table]
      [Memory Usage: 333.8K]
      [Size: 8192, Min: 1024, Max: 16777216]
      [Entries: 11510, Load: 140.5%, Cached: 0, Added: 40971, Removed: 29461]
      [Resize Count: 3, Shrink Threshold: 5461(66.7%), Grow Threshold: 16384(200.0%)]
      [Rehash Count: 0, Rehash Threshold: 120, Hash Seed: 0x0]
      [Age Threshold: 3]
   [Queue]
      [Dropped: 0]
85.251: [GC pause (G1 Evacuation Pause) (young), 0.0702672 secs]
   [Parallel Time: 69.7 ms, GC Workers: 4]
      [GC Worker Start (ms): Min: 85250.9, Avg: 85251.0, Max: 85251.0, Diff: 0.0]
      [Ext Root Scanning (ms): Min: 0.2, Avg: 0.2, Max: 0.2, Diff: 0.0, Sum: 0.8]
      [Update RS (ms): Min: 19.3, Avg: 19.4, Max: 19.4, Diff: 0.1, Sum: 77.4]
         [Processed Buffers: Min: 30, Avg: 32.5, Max: 36, Diff: 6, Sum: 130]
      [Scan RS (ms): Min: 0.4, Avg: 0.4, Max: 0.5, Diff: 0.1, Sum: 1.7]
      [Code Root Scanning (ms): Min: 0.0, Avg: 0.0, Max: 0.0, Diff: 0.0, Sum: 0.0]
      [Object Copy (ms): Min: 49.7, Avg: 49.7, Max: 49.7, Diff: 0.0, Sum: 198.7]
      [Termination (ms): Min: 0.0, Avg: 0.0, Max: 0.0, Diff: 0.0, Sum: 0.0]
         [Termination Attempts: Min: 17, Avg: 20.0, Max: 24, Diff: 7, Sum: 80]
      [GC Worker Other (ms): Min: 0.0, Avg: 0.0, Max: 0.0, Diff: 0.0, Sum: 0.0]
      [GC Worker Total (ms): Min: 69.7, Avg: 69.7, Max: 69.7, Diff: 0.0, Sum: 278.8]
      [GC Worker End (ms): Min: 85320.6, Avg: 85320.6, Max: 85320.6, Diff: 0.0]
   [Code Root Fixup: 0.0 ms]
   [Code Root Purge: 0.0 ms]
   [String Dedup Fixup: 0.1 ms, GC Workers: 4]
      [Queue Fixup (ms): Min: 0.0, Avg: 0.0, Max: 0.0, Diff: 0.0, Sum: 0.0]
      [Table Fixup (ms): Min: 0.1, Avg: 0.1, Max: 0.1, Diff: 0.0, Sum: 0.5]
   [Clear CT: 0.0 ms]
   [Other: 0.4 ms]
      [Choose CSet: 0.0 ms]
      [Ref Proc: 0.0 ms]
      [Ref Enq: 0.0 ms]
      [Redirty Cards: 0.1 ms]
      [Humongous Register: 0.0 ms]
      [Humongous Reclaim: 0.0 ms]
      [Free CSet: 0.1 ms]
   [Eden: 89.0M(89.0M)->0.0B(89.0M) Survivors: 13.0M->13.0M Heap: 1717.5M(2048.0M)->1661.4M(2048.0M)]
 [Times: user=0.25 sys=0.00, real=0.07 secs] 
85.322: [GC concurrent-string-deduplication, 4672.0B->4512.0B(160.0B), avg 6.3%, 0.0002540 secs]
   [Last Exec: 0.0002540 secs, Idle: 0.1490019 secs, Blocked: 0/0.0000000 secs]
      [Inspected:            4959]
         [Skipped:              0(  0.0%)]
         [Hashed:              97(  2.0%)]
         [Known:             4862( 98.0%)]
         [New:                 97(  2.0%)   4672.0B]
      [Deduplicated:            3(  3.1%)    160.0B(  3.4%)]
         [Young:                0(  0.0%)      0.0B(  0.0%)]
         [Old:                  3(100.0%)    160.0B(100.0%)]
   [Total Exec: 216/0.1493034 secs, Idle: 216/84.9459106 secs, Blocked: 0/0.0000000 secs]
      [Inspected:         1735791]
         [Skipped:              0(  0.0%)]
         [Hashed:           36937(  2.1%)]
         [Known:          1697755( 97.8%)]
         [New:              38036(  2.2%)   1858.7K]
      [Deduplicated:         2214(  5.8%)    118.0K(  6.3%)]
         [Young:                8(  0.4%)    424.0B(  0.4%)]
         [Old:               2206( 99.6%)    117.6K( 99.6%)]
   [Table]
      [Memory Usage: 336.0K]
      [Size: 8192, Min: 1024, Max: 16777216]
      [Entries: 11604, Load: 141.7%, Cached: 0, Added: 41065, Removed: 29461]
      [Resize Count: 3, Shrink Threshold: 5461(66.7%), Grow Threshold: 16384(200.0%)]
      [Rehash Count: 0, Rehash Threshold: 120, Hash Seed: 0x0]
      [Age Threshold: 3]
   [Queue]
      [Dropped: 0]
85.402: [GC pause (G1 Evacuation Pause) (young), 0.0849603 secs]
   [Parallel Time: 84.4 ms, GC Workers: 4]
      [GC Worker Start (ms): Min: 85402.3, Avg: 85402.3, Max: 85402.3, Diff: 0.0]
      [Ext Root Scanning (ms): Min: 0.2, Avg: 0.2, Max: 0.3, Diff: 0.1, Sum: 0.9]
      [Update RS (ms): Min: 21.4, Avg: 21.5, Max: 21.8, Diff: 0.4, Sum: 86.0]
         [Processed Buffers: Min: 34, Avg: 35.3, Max: 36, Diff: 2, Sum: 141]
      [Scan RS (ms): Min: 0.5, Avg: 0.7, Max: 0.8, Diff: 0.4, Sum: 2.8]
      [Code Root Scanning (ms): Min: 0.0, Avg: 0.0, Max: 0.0, Diff: 0.0, Sum: 0.0]
      [Object Copy (ms): Min: 62.0, Avg: 62.0, Max: 62.0, Diff: 0.0, Sum: 247.9]
      [Termination (ms): Min: 0.0, Avg: 0.0, Max: 0.0, Diff: 0.0, Sum: 0.0]
         [Termination Attempts: Min: 4, Avg: 8.8, Max: 14, Diff: 10, Sum: 35]
      [GC Worker Other (ms): Min: 0.0, Avg: 0.0, Max: 0.0, Diff: 0.0, Sum: 0.0]
      [GC Worker Total (ms): Min: 84.4, Avg: 84.4, Max: 84.4, Diff: 0.0, Sum: 337.6]
      [GC Worker End (ms): Min: 85486.7, Avg: 85486.7, Max: 85486.7, Diff: 0.0]
   [Code Root Fixup: 0.0 ms]
   [Code Root Purge: 0.0 ms]
   [String Dedup Fixup: 0.1 ms, GC Workers: 4]
      [Queue Fixup (ms): Min: 0.0, Avg: 0.0, Max: 0.0, Diff: 0.0, Sum: 0.0]
      [Table Fixup (ms): Min: 0.1, Avg: 0.1, Max: 0.1, Diff: 0.0, Sum: 0.4]
   [Clear CT: 0.0 ms]
   [Other: 0.3 ms]
      [Choose CSet: 0.0 ms]
      [Ref Proc: 0.0 ms]
      [Ref Enq: 0.0 ms]
      [Redirty Cards: 0.1 ms]
      [Humongous Register: 0.0 ms]
      [Humongous Reclaim: 0.0 ms]
      [Free CSet: 0.1 ms]
   [Eden: 89.0M(89.0M)->0.0B(89.0M) Survivors: 13.0M->13.0M Heap: 1750.4M(2048.0M)->1693.3M(2048.0M)]
 [Times: user=0.38 sys=0.00, real=0.08 secs] 
85.488: [GC concurrent-string-deduplication, 5680.0B->5520.0B(160.0B), avg 6.3%, 0.0004295 secs]
   [Last Exec: 0.0004295 secs, Idle: 0.1657814 secs, Blocked: 0/0.0000000 secs]
      [Inspected:            5828]
         [Skipped:              0(  0.0%)]
         [Hashed:             118(  2.0%)]
         [Known:             5710( 98.0%)]
         [New:                118(  2.0%)   5680.0B]
      [Deduplicated:            3(  2.5%)    160.0B(  2.8%)]
         [Young:                0(  0.0%)      0.0B(  0.0%)]
         [Old:                  3(100.0%)    160.0B(100.0%)]
   [Total Exec: 217/0.1497329 secs, Idle: 217/85.1116919 secs, Blocked: 0/0.0000000 secs]
      [Inspected:         1741619]
         [Skipped:              0(  0.0%)]
         [Hashed:           37055(  2.1%)]
         [Known:          1703465( 97.8%)]
         [New:              38154(  2.2%)   1864.3K]
      [Deduplicated:         2217(  5.8%)    118.2K(  6.3%)]
         [Young:                8(  0.4%)    424.0B(  0.4%)]
         [Old:               2209( 99.6%)    117.8K( 99.6%)]
   [Table]
      [Memory Usage: 338.7K]
      [Size: 8192, Min: 1024, Max: 16777216]
      [Entries: 11719, Load: 143.1%, Cached: 0, Added: 41180, Removed: 29461]
      [Resize Count: 3, Shrink Threshold: 5461(66.7%), Grow Threshold: 16384(200.0%)]
      [Rehash Count: 0, Rehash Threshold: 120, Hash Seed: 0x0]
      [Age Threshold: 3]
   [Queue]
      [Dropped: 0]
85.576: [GC pause (G1 Evacuation Pause) (young), 0.0916239 secs]
   [Parallel Time: 91.1 ms, GC Workers: 4]
      [GC Worker Start (ms): Min: 85575.6, Avg: 85575.6, Max: 85575.6, Diff: 0.0]
      [Ext Root Scanning (ms): Min: 0.2, Avg: 0.2, Max: 0.2, Diff: 0.0, Sum: 0.8]
      [Update RS (ms): Min: 34.6, Avg: 34.7, Max: 34.8, Diff: 0.2, Sum: 138.8]
         [Processed Buffers: Min: 53, Avg: 55.8, Max: 58, Diff: 5, Sum: 223]
      [Scan RS (ms): Min: 0.0, Avg: 0.0, Max: 0.1, Diff: 0.1, Sum: 0.1]
      [Code Root Scanning (ms): Min: 0.0, Avg: 0.0, Max: 0.0, Diff: 0.0, Sum: 0.0]
      [Object Copy (ms): Min: 56.1, Avg: 56.2, Max: 56.2, Diff: 0.1, Sum: 224.7]
      [Termination (ms): Min: 0.0, Avg: 0.0, Max: 0.0, Diff: 0.0, Sum: 0.0]
         [Termination Attempts: Min: 9, Avg: 11.5, Max: 17, Diff: 8, Sum: 46]
      [GC Worker Other (ms): Min: 0.0, Avg: 0.0, Max: 0.0, Diff: 0.0, Sum: 0.0]
      [GC Worker Total (ms): Min: 91.1, Avg: 91.1, Max: 91.1, Diff: 0.0, Sum: 364.4]
      [GC Worker End (ms): Min: 85666.7, Avg: 85666.7, Max: 85666.7, Diff: 0.0]
   [Code Root Fixup: 0.0 ms]
   [Code Root Purge: 0.0 ms]
   [String Dedup Fixup: 0.1 ms, GC Workers: 4]
      [Queue Fixup (ms): Min: 0.0, Avg: 0.0, Max: 0.0, Diff: 0.0, Sum: 0.0]
      [Table Fixup (ms): Min: 0.1, Avg: 0.1, Max: 0.1, Diff: 0.0, Sum: 0.4]
   [Clear CT: 0.0 ms]
   [Other: 0.3 ms]
      [Choose CSet: 0.0 ms]
      [Ref Proc: 0.0 ms]
      [Ref Enq: 0.0 ms]
      [Redirty Cards: 0.1 ms]
      [Humongous Register: 0.0 ms]
      [Humongous Reclaim: 0.0 ms]
      [Free CSet: 0.1 ms]
   [Eden: 89.0M(89.0M)->0.0B(89.0M) Survivors: 13.0M->13.0M Heap: 1782.3M(2048.0M)->1726.2M(2048.0M)]
 [Times: user=0.31 sys=0.00, real=0.09 secs] 
85.668: [GC concurrent-string-deduplication, 6208.0B->6048.0B(160.0B), avg 6.3%, 0.0003166 secs]
   [Last Exec: 0.0003166 secs, Idle: 0.1794638 secs, Blocked: 0/0.0000000 secs]
      [Inspected:            6209]
         [Skipped:              0(  0.0%)]
         [Hashed:             129(  2.1%)]
         [Known:             6080( 97.9%)]
         [New:                129(  2.1%)   6208.0B]
      [Deduplicated:            3(  2.3%)    160.0B(  2.6%)]
         [Young:                0(  0.0%)      0.0B(  0.0%)]
         [Old:                  3(100.0%)    160.0B(100.0%)]
   [Total Exec: 218/0.1500494 secs, Idle: 218/85.2911557 secs, Blocked: 0/0.0000000 secs]
      [Inspected:         1747828]
         [Skipped:              0(  0.0%)]
         [Hashed:           37184(  2.1%)]
         [Known:          1709545( 97.8%)]
         [New:              38283(  2.2%)   1870.3K]
      [Deduplicated:         2220(  5.8%)    118.3K(  6.3%)]
         [Young:                8(  0.4%)    424.0B(  0.3%)]
         [Old:               2212( 99.6%)    117.9K( 99.7%)]
   [Table]
      [Memory Usage: 341.7K]
      [Size: 8192, Min: 1024, Max: 16777216]
      [Entries: 11847, Load: 144.6%, Cached: 0, Added: 41308, Removed: 29461]
      [Resize Count: 3, Shrink Threshold: 5461(66.7%), Grow Threshold: 16384(200.0%)]
      [Rehash Count: 0, Rehash Threshold: 120, Hash Seed: 0x0]
      [Age Threshold: 3]
   [Queue]
      [Dropped: 0]
85.757: [GC pause (G1 Evacuation Pause) (young) (to-space exhausted), 0.0725666 secs]
   [Parallel Time: 69.5 ms, GC Workers: 4]
      [GC Worker Start (ms): Min: 85757.5, Avg: 85757.5, Max: 85757.5, Diff: 0.0]
      [Ext Root Scanning (ms): Min: 0.2, Avg: 0.2, Max: 0.2, Diff: 0.0, Sum: 0.8]
      [Update RS (ms): Min: 17.2, Avg: 17.4, Max: 17.6, Diff: 0.3, Sum: 69.5]
         [Processed Buffers: Min: 28, Avg: 28.5, Max: 29, Diff: 1, Sum: 114]
      [Scan RS (ms): Min: 0.0, Avg: 0.0, Max: 0.1, Diff: 0.1, Sum: 0.1]
      [Code Root Scanning (ms): Min: 0.0, Avg: 0.0, Max: 0.0, Diff: 0.0, Sum: 0.0]
      [Object Copy (ms): Min: 51.6, Avg: 51.8, Max: 51.9, Diff: 0.3, Sum: 207.2]
      [Termination (ms): Min: 0.0, Avg: 0.0, Max: 0.0, Diff: 0.0, Sum: 0.0]
         [Termination Attempts: Min: 5, Avg: 12.3, Max: 17, Diff: 12, Sum: 49]
      [GC Worker Other (ms): Min: 0.0, Avg: 0.0, Max: 0.0, Diff: 0.0, Sum: 0.0]
      [GC Worker Total (ms): Min: 69.4, Avg: 69.4, Max: 69.4, Diff: 0.0, Sum: 277.6]
      [GC Worker End (ms): Min: 85826.9, Avg: 85826.9, Max: 85826.9, Diff: 0.0]
   [Code Root Fixup: 0.0 ms]
   [Code Root Purge: 0.0 ms]
   [String Dedup Fixup: 0.1 ms, GC Workers: 4]
      [Queue Fixup (ms): Min: 0.0, Avg: 0.0, Max: 0.0, Diff: 0.0, Sum: 0.0]
      [Table Fixup (ms): Min: 0.1, Avg: 0.1, Max: 0.1, Diff: 0.0, Sum: 0.5]
   [Clear CT: 0.0 ms]
   [Other: 2.9 ms]
      [Evacuation Failure: 2.7 ms]
      [Choose CSet: 0.0 ms]
      [Ref Proc: 0.0 ms]
      [Ref Enq: 0.0 ms]
      [Redirty Cards: 0.1 ms]
      [Humongous Register: 0.0 ms]
      [Humongous Reclaim: 0.0 ms]
      [Free CSet: 0.1 ms]
   [Eden: 89.0M(89.0M)->0.0B(89.0M) Survivors: 13.0M->13.0M Heap: 1815.2M(2048.0M)->1775.7M(2048.0M)]
 [Times: user=0.31 sys=0.00, real=0.07 secs] 
85.830: [GC concurrent-string-deduplication, 4624.0B->4464.0B(160.0B), avg 6.3%, 0.0002704 secs]
   [Last Exec: 0.0002704 secs, Idle: 0.1624656 secs, Blocked: 0/0.0000000 secs]
      [Inspected:            4904]
         [Skipped:              0(  0.0%)]
         [Hashed:              96(  2.0%)]
         [Known:             4808( 98.0%)]
         [New:                 96(  2.0%)   4624.0B]
      [Deduplicated:            3(  3.1%)    160.0B(  3.5%)]
         [Young:                0(  0.0%)      0.0B(  0.0%)]
         [Old:                  3(100.0%)    160.0B(100.0%)]
   [Total Exec: 219/0.1503198 secs, Idle: 219/85.4536213 secs, Blocked: 0/0.0000000 secs]
      [Inspected:         1752732]
         [Skipped:              0(  0.0%)]
         [Hashed:           37280(  2.1%)]
         [Known:          1714353( 97.8%)]
         [New:              38379(  2.2%)   1874.9K]
      [Deduplicated:         2223(  5.8%)    118.5K(  6.3%)]
         [Young:                8(  0.4%)    424.0B(  0.3%)]
         [Old:               2215( 99.6%)    118.1K( 99.7%)]
   [Table]
      [Memory Usage: 343.8K]
      [Size: 8192, Min: 1024, Max: 16777216]
      [Entries: 11940, Load: 145.8%, Cached: 0, Added: 41401, Removed: 29461]
      [Resize Count: 3, Shrink Threshold: 5461(66.7%), Grow Threshold: 16384(200.0%)]
      [Rehash Count: 0, Rehash Threshold: 120, Hash Seed: 0x0]
      [Age Threshold: 3]
   [Queue]
      [Dropped: 0]
85.899: [GC pause (G1 Evacuation Pause) (young) (to-space exhausted), 0.1056848 secs]
   [Parallel Time: 91.4 ms, GC Workers: 4]
      [GC Worker Start (ms): Min: 85899.5, Avg: 85899.5, Max: 85899.5, Diff: 0.1]
      [Ext Root Scanning (ms): Min: 0.2, Avg: 0.2, Max: 0.2, Diff: 0.1, Sum: 0.8]
      [Update RS (ms): Min: 0.5, Avg: 15.6, Max: 20.8, Diff: 20.3, Sum: 62.4]
         [Processed Buffers: Min: 5, Avg: 31.5, Max: 45, Diff: 40, Sum: 126]
      [Scan RS (ms): Min: 0.2, Avg: 0.4, Max: 0.6, Diff: 0.5, Sum: 1.6]
      [Code Root Scanning (ms): Min: 0.0, Avg: 0.0, Max: 0.0, Diff: 0.0, Sum: 0.0]
      [Object Copy (ms): Min: 69.0, Avg: 74.4, Max: 89.1, Diff: 20.1, Sum: 297.8]
      [Termination (ms): Min: 0.0, Avg: 0.7, Max: 1.2, Diff: 1.2, Sum: 2.7]
         [Termination Attempts: Min: 1, Avg: 1.0, Max: 1, Diff: 0, Sum: 4]
      [GC Worker Other (ms): Min: 0.0, Avg: 0.0, Max: 0.0, Diff: 0.0, Sum: 0.0]
      [GC Worker Total (ms): Min: 91.3, Avg: 91.3, Max: 91.4, Diff: 0.1, Sum: 365.4]
      [GC Worker End (ms): Min: 85990.8, Avg: 85990.8, Max: 85990.8, Diff: 0.0]
   [Code Root Fixup: 0.0 ms]
   [Code Root Purge: 0.0 ms]
   [String Dedup Fixup: 0.1 ms, GC Workers: 4]
      [Queue Fixup (ms): Min: 0.0, Avg: 0.0, Max: 0.0, Diff: 0.0, Sum: 0.0]
      [Table Fixup (ms): Min: 0.1, Avg: 0.1, Max: 0.1, Diff: 0.0, Sum: 0.4]
   [Clear CT: 0.1 ms]
   [Other: 14.0 ms]
      [Evacuation Failure: 13.5 ms]
      [Choose CSet: 0.0 ms]
      [Ref Proc: 0.1 ms]
      [Ref Enq: 0.0 ms]
      [Redirty Cards: 0.2 ms]
      [Humongous Register: 0.0 ms]
      [Humongous Reclaim: 0.0 ms]
      [Free CSet: 0.1 ms]
   [Eden: 77.0M(89.0M)->0.0B(102.0M) Survivors: 13.0M->0.0B Heap: 1852.7M(2048.0M)->1847.7M(2048.0M)]
 [Times: user=0.25 sys=0.00, real=0.11 secs] 
86.010: [GC pause (G1 Evacuation Pause) (young) (to-space exhausted), 0.0334560 secs]
   [Parallel Time: 32.0 ms, GC Workers: 4]
      [GC Worker Start (ms): Min: 86010.1, Avg: 86010.1, Max: 86010.1, Diff: 0.1]
      [Ext Root Scanning (ms): Min: 0.2, Avg: 0.2, Max: 0.3, Diff: 0.1, Sum: 0.9]
      [Update RS (ms): Min: 27.9, Avg: 28.3, Max: 28.5, Diff: 0.5, Sum: 113.1]
         [Processed Buffers: Min: 58, Avg: 65.0, Max: 71, Diff: 13, Sum: 260]
      [Scan RS (ms): Min: 0.0, Avg: 0.0, Max: 0.0, Diff: 0.0, Sum: 0.0]
      [Code Root Scanning (ms): Min: 0.0, Avg: 0.0, Max: 0.0, Diff: 0.0, Sum: 0.0]
      [Object Copy (ms): Min: 2.3, Avg: 2.8, Max: 3.5, Diff: 1.2, Sum: 11.3]
      [Termination (ms): Min: 0.0, Avg: 0.6, Max: 1.2, Diff: 1.2, Sum: 2.3]
         [Termination Attempts: Min: 1, Avg: 1.0, Max: 1, Diff: 0, Sum: 4]
      [GC Worker Other (ms): Min: 0.0, Avg: 0.0, Max: 0.0, Diff: 0.0, Sum: 0.0]
      [GC Worker Total (ms): Min: 31.9, Avg: 31.9, Max: 32.0, Diff: 0.1, Sum: 127.6]
      [GC Worker End (ms): Min: 86042.0, Avg: 86042.0, Max: 86042.0, Diff: 0.0]
   [Code Root Fixup: 0.0 ms]
   [Code Root Purge: 0.0 ms]
   [String Dedup Fixup: 0.1 ms, GC Workers: 4]
      [Queue Fixup (ms): Min: 0.0, Avg: 0.0, Max: 0.0, Diff: 0.0, Sum: 0.0]
      [Table Fixup (ms): Min: 0.1, Avg: 0.1, Max: 0.1, Diff: 0.0, Sum: 0.4]
   [Clear CT: 0.0 ms]
   [Other: 1.3 ms]
      [Evacuation Failure: 1.0 ms]
      [Choose CSet: 0.0 ms]
      [Ref Proc: 0.1 ms]
      [Ref Enq: 0.0 ms]
      [Redirty Cards: 0.0 ms]
      [Humongous Register: 0.0 ms]
      [Humongous Reclaim: 0.0 ms]
      [Free CSet: 0.0 ms]
   [Eden: 5120.0K(102.0M)->0.0B(102.0M) Survivors: 0.0B->0.0B Heap: 1852.7M(2048.0M)->1852.7M(2048.0M)]
 [Times: user=0.13 sys=0.00, real=0.03 secs] 
86.044: [Full GC (Allocation Failure)  1852M->1205M(2048M), 1.6610474 secs]
   [Eden: 0.0B(102.0M)->0.0B(325.0M) Survivors: 0.0B->0.0B Heap: 1852.7M(2048.0M)->1205.3M(2048.0M)], [Metaspace: 9369K->9369K(1058816K)]
 [Times: user=3.33 sys=0.00, real=1.66 secs] 
87.705: [GC concurrent-mark-abort]
87.984: [GC pause (G1 Evacuation Pause) (young), 0.1405350 secs]
   [Parallel Time: 139.8 ms, GC Workers: 4]
      [GC Worker Start (ms): Min: 87984.2, Avg: 87984.2, Max: 87984.3, Diff: 0.1]
      [Ext Root Scanning (ms): Min: 0.2, Avg: 0.2, Max: 0.3, Diff: 0.1, Sum: 0.9]
      [Update RS (ms): Min: 0.0, Avg: 0.0, Max: 0.1, Diff: 0.1, Sum: 0.2]
         [Processed Buffers: Min: 0, Avg: 1.0, Max: 2, Diff: 2, Sum: 4]
      [Scan RS (ms): Min: 0.0, Avg: 0.0, Max: 0.1, Diff: 0.1, Sum: 0.2]
      [Code Root Scanning (ms): Min: 0.0, Avg: 0.0, Max: 0.0, Diff: 0.0, Sum: 0.0]
      [Object Copy (ms): Min: 139.2, Avg: 139.2, Max: 139.3, Diff: 0.1, Sum: 556.9]
      [Termination (ms): Min: 0.0, Avg: 0.0, Max: 0.0, Diff: 0.0, Sum: 0.0]
         [Termination Attempts: Min: 5, Avg: 9.5, Max: 16, Diff: 11, Sum: 38]
      [GC Worker Other (ms): Min: 0.0, Avg: 0.0, Max: 0.0, Diff: 0.0, Sum: 0.1]
      [GC Worker Total (ms): Min: 139.5, Avg: 139.6, Max: 139.6, Diff: 0.1, Sum: 558.3]
      [GC Worker End (ms): Min: 88123.8, Avg: 88123.8, Max: 88123.8, Diff: 0.0]
   [Code Root Fixup: 0.0 ms]
   [Code Root Purge: 0.0 ms]
   [String Dedup Fixup: 0.1 ms, GC Workers: 4]
      [Queue Fixup (ms): Min: 0.0, Avg: 0.0, Max: 0.0, Diff: 0.0, Sum: 0.1]
      [Table Fixup (ms): Min: 0.1, Avg: 0.1, Max: 0.1, Diff: 0.0, Sum: 0.4]
   [Clear CT: 0.1 ms]
   [Other: 0.5 ms]
      [Choose CSet: 0.0 ms]
      [Ref Proc: 0.0 ms]
      [Ref Enq: 0.0 ms]
      [Redirty Cards: 0.1 ms]
      [Humongous Register: 0.0 ms]
      [Humongous Reclaim: 0.0 ms]
      [Free CSet: 0.2 ms]
   [Eden: 325.0M(325.0M)->0.0B(241.0M) Survivors: 0.0B->41.0M Heap: 1530.3M(2048.0M)->1322.8M(2048.0M)]
 [Times: user=0.56 sys=0.00, real=0.14 secs] 
88.125: [GC concurrent-string-deduplication, 11.1K->11.1K(0.0B), avg 6.3%, 0.0005857 secs]
   [Last Exec: 0.0005857 secs, Idle: 2.2943339 secs, Blocked: 0/0.0000000 secs]
      [Inspected:           10999]
         [Skipped:              0(  0.0%)]
         [Hashed:             237(  2.2%)]
         [Known:            10762( 97.8%)]
         [New:                237(  2.2%)     11.1K]
      [Deduplicated:            0(  0.0%)      0.0B(  0.0%)]
         [Young:                0(  0.0%)      0.0B(  0.0%)]
         [Old:                  0(  0.0%)      0.0B(  0.0%)]
   [Total Exec: 220/0.1509055 secs, Idle: 220/87.7479552 secs, Blocked: 0/0.0000000 secs]
      [Inspected:         1763731]
         [Skipped:              0(  0.0%)]
         [Hashed:           37517(  2.1%)]
         [Known:          1725115( 97.8%)]
         [New:              38616(  2.2%)   1886.0K]
      [Deduplicated:         2223(  5.8%)    118.5K(  6.3%)]
         [Young:                8(  0.4%)    424.0B(  0.3%)]
         [Old:               2215( 99.6%)    118.1K( 99.7%)]
   [Table]
      [Memory Usage: 324.2K]
      [Size: 8192, Min: 1024, Max: 16777216]
      [Entries: 10283, Load: 125.5%, Cached: 819, Added: 41651, Removed: 31368]
      [Resize Count: 3, Shrink Threshold: 5461(66.7%), Grow Threshold: 16384(200.0%)]
      [Rehash Count: 0, Rehash Threshold: 120, Hash Seed: 0x0]
      [Age Threshold: 3]
   [Queue]
      [Dropped: 0]
88.351: [GC pause (G1 Evacuation Pause) (young) (initial-mark), 0.2188714 secs]
   [Parallel Time: 217.7 ms, GC Workers: 4]
      [GC Worker Start (ms): Min: 88351.5, Avg: 88351.6, Max: 88351.6, Diff: 0.1]
      [Ext Root Scanning (ms): Min: 0.3, Avg: 0.3, Max: 0.3, Diff: 0.1, Sum: 1.2]
      [Update RS (ms): Min: 19.1, Avg: 19.2, Max: 19.4, Diff: 0.3, Sum: 76.7]
         [Processed Buffers: Min: 29, Avg: 31.0, Max: 33, Diff: 4, Sum: 124]
      [Scan RS (ms): Min: 21.2, Avg: 21.4, Max: 21.6, Diff: 0.4, Sum: 85.7]
      [Code Root Scanning (ms): Min: 0.0, Avg: 0.0, Max: 0.0, Diff: 0.0, Sum: 0.0]
      [Object Copy (ms): Min: 176.7, Avg: 176.7, Max: 176.8, Diff: 0.2, Sum: 706.9]
      [Termination (ms): Min: 0.0, Avg: 0.0, Max: 0.0, Diff: 0.0, Sum: 0.0]
         [Termination Attempts: Min: 10, Avg: 13.3, Max: 16, Diff: 6, Sum: 53]
      [GC Worker Other (ms): Min: 0.0, Avg: 0.0, Max: 0.0, Diff: 0.0, Sum: 0.1]
      [GC Worker Total (ms): Min: 217.6, Avg: 217.6, Max: 217.7, Diff: 0.1, Sum: 870.6]
      [GC Worker End (ms): Min: 88569.2, Avg: 88569.2, Max: 88569.2, Diff: 0.0]
   [Code Root Fixup: 0.0 ms]
   [Code Root Purge: 0.0 ms]
   [String Dedup Fixup: 0.1 ms, GC Workers: 4]
      [Queue Fixup (ms): Min: 0.0, Avg: 0.0, Max: 0.0, Diff: 0.0, Sum: 0.1]
      [Table Fixup (ms): Min: 0.1, Avg: 0.1, Max: 0.1, Diff: 0.0, Sum: 0.4]
   [Clear CT: 0.1 ms]
   [Other: 0.9 ms]
      [Choose CSet: 0.0 ms]
      [Ref Proc: 0.1 ms]
      [Ref Enq: 0.0 ms]
      [Redirty Cards: 0.2 ms]
      [Humongous Register: 0.0 ms]
      [Humongous Reclaim: 0.0 ms]
      [Free CSet: 0.4 ms]
   [Eden: 241.0M(241.0M)->0.0B(66.0M) Survivors: 41.0M->36.0M Heap: 1563.8M(2048.0M)->1415.1M(2048.0M)]
 [Times: user=0.86 sys=0.00, real=0.22 secs] 
88.570: [GC concurrent-root-region-scan-start]
88.572: [GC concurrent-string-deduplication, 17.2K->16.7K(480.0B), avg 6.3%, 0.0011120 secs]
   [Last Exec: 0.0011120 secs, Idle: 0.4450970 secs, Blocked: 0/0.0000000 secs]
      [Inspected:           18356]
         [Skipped:              0(  0.0%)]
         [Hashed:             366(  2.0%)]
         [Known:            17990( 98.0%)]
         [New:                366(  2.0%)     17.2K]
      [Deduplicated:            9(  2.5%)    480.0B(  2.7%)]
         [Young:                0(  0.0%)      0.0B(  0.0%)]
         [Old:                  9(100.0%)    480.0B(100.0%)]
   [Total Exec: 221/0.1520175 secs, Idle: 221/88.1930522 secs, Blocked: 0/0.0000000 secs]
      [Inspected:         1782087]
         [Skipped:              0(  0.0%)]
         [Hashed:           37883(  2.1%)]
         [Known:          1743105( 97.8%)]
         [New:              38982(  2.2%)   1903.2K]
      [Deduplicated:         2232(  5.7%)    119.0K(  6.3%)]
         [Young:                8(  0.4%)    424.0B(  0.3%)]
         [Old:               2224( 99.6%)    118.5K( 99.7%)]
   [Table]
      [Memory Usage: 324.2K]
      [Size: 8192, Min: 1024, Max: 16777216]
      [Entries: 10640, Load: 129.9%, Cached: 462, Added: 42008, Removed: 31368]
      [Resize Count: 3, Shrink Threshold: 5461(66.7%), Grow Threshold: 16384(200.0%)]
      [Rehash Count: 0, Rehash Threshold: 120, Hash Seed: 0x0]
      [Age Threshold: 3]
   [Queue]
      [Dropped: 0]
88.626: [GC concurrent-root-region-scan-end, 0.0555642 secs]
88.626: [GC concurrent-mark-start]
88.698: [GC pause (G1 Evacuation Pause) (young), 0.1235169 secs]
   [Parallel Time: 122.9 ms, GC Workers: 4]
      [GC Worker Start (ms): Min: 88698.3, Avg: 88698.4, Max: 88698.6, Diff: 0.2]
      [Ext Root Scanning (ms): Min: 0.0, Avg: 0.2, Max: 0.2, Diff: 0.2, Sum: 0.7]
      [Update RS (ms): Min: 36.0, Avg: 36.9, Max: 39.4, Diff: 3.4, Sum: 147.8]
         [Processed Buffers: Min: 51, Avg: 59.8, Max: 65, Diff: 14, Sum: 239]
      [Scan RS (ms): Min: 0.0, Avg: 2.5, Max: 3.5, Diff: 3.5, Sum: 9.9]
      [Code Root Scanning (ms): Min: 0.0, Avg: 0.0, Max: 0.0, Diff: 0.0, Sum: 0.0]
      [Object Copy (ms): Min: 83.1, Avg: 83.2, Max: 83.2, Diff: 0.1, Sum: 332.6]
      [Termination (ms): Min: 0.0, Avg: 0.0, Max: 0.0, Diff: 0.0, Sum: 0.1]
         [Termination Attempts: Min: 16, Avg: 195.8, Max: 270, Diff: 254, Sum: 783]
      [GC Worker Other (ms): Min: 0.0, Avg: 0.0, Max: 0.0, Diff: 0.0, Sum: 0.1]
      [GC Worker Total (ms): Min: 122.6, Avg: 122.8, Max: 122.8, Diff: 0.2, Sum: 491.1]
      [GC Worker End (ms): Min: 88821.2, Avg: 88821.2, Max: 88821.2, Diff: 0.0]
   [Code Root Fixup: 0.0 ms]
   [Code Root Purge: 0.0 ms]
   [String Dedup Fixup: 0.1 ms, GC Workers: 4]
      [Queue Fixup (ms): Min: 0.0, Avg: 0.0, Max: 0.0, Diff: 0.0, Sum: 0.0]
      [Table Fixup (ms): Min: 0.1, Avg: 0.1, Max: 0.1, Diff: 0.0, Sum: 0.4]
   [Clear CT: 0.0 ms]
   [Other: 0.5 ms]
      [Choose CSet: 0.0 ms]
      [Ref Proc: 0.0 ms]
      [Ref Enq: 0.0 ms]
      [Redirty Cards: 0.1 ms]
      [Humongous Register: 0.0 ms]
      [Humongous Reclaim: 0.0 ms]
      [Free CSet: 0.1 ms]
   [Eden: 66.0M(66.0M)->0.0B(89.0M) Survivors: 36.0M->13.0M Heap: 1481.1M(2048.0M)->1440.3M(2048.0M)]
 [Times: user=0.47 sys=0.00, real=0.12 secs] 
88.822: [GC concurrent-string-deduplication, 7584.0B->7584.0B(0.0B), avg 6.2%, 0.0003939 secs]
   [Last Exec: 0.0003939 secs, Idle: 0.2502442 secs, Blocked: 0/0.0000000 secs]
      [Inspected:            7591]
         [Skipped:              0(  0.0%)]
         [Hashed:             158(  2.1%)]
         [Known:             7433( 97.9%)]
         [New:                158(  2.1%)   7584.0B]
      [Deduplicated:            0(  0.0%)      0.0B(  0.0%)]
         [Young:                0(  0.0%)      0.0B(  0.0%)]
         [Old:                  0(  0.0%)      0.0B(  0.0%)]
   [Total Exec: 222/0.1524114 secs, Idle: 222/88.4432964 secs, Blocked: 0/0.0000000 secs]
      [Inspected:         1789678]
         [Skipped:              0(  0.0%)]
         [Hashed:           38041(  2.1%)]
         [Known:          1750538( 97.8%)]
         [New:              39140(  2.2%)   1910.6K]
      [Deduplicated:         2232(  5.7%)    119.0K(  6.2%)]
         [Young:                8(  0.4%)    424.0B(  0.3%)]
         [Old:               2224( 99.6%)    118.5K( 99.7%)]
   [Table]
      [Memory Usage: 324.2K]
      [Size: 8192, Min: 1024, Max: 16777216]
      [Entries: 10800, Load: 131.8%, Cached: 302, Added: 42168, Removed: 31368]
      [Resize Count: 3, Shrink Threshold: 5461(66.7%), Grow Threshold: 16384(200.0%)]
      [Rehash Count: 0, Rehash Threshold: 120, Hash Seed: 0x0]
      [Age Threshold: 3]
   [Queue]
      [Dropped: 0]
88.940: [GC pause (G1 Evacuation Pause) (young), 0.0849346 secs]
   [Parallel Time: 84.4 ms, GC Workers: 4]
      [GC Worker Start (ms): Min: 88940.0, Avg: 88940.0, Max: 88940.0, Diff: 0.0]
      [Ext Root Scanning (ms): Min: 0.2, Avg: 0.2, Max: 0.2, Diff: 0.0, Sum: 0.8]
      [Update RS (ms): Min: 17.9, Avg: 17.9, Max: 17.9, Diff: 0.1, Sum: 71.6]
         [Processed Buffers: Min: 30, Avg: 30.8, Max: 32, Diff: 2, Sum: 123]
      [Scan RS (ms): Min: 5.8, Avg: 5.8, Max: 5.9, Diff: 0.1, Sum: 23.4]
      [Code Root Scanning (ms): Min: 0.0, Avg: 0.0, Max: 0.0, Diff: 0.0, Sum: 0.0]
      [Object Copy (ms): Min: 60.3, Avg: 60.4, Max: 60.5, Diff: 0.2, Sum: 241.7]
      [Termination (ms): Min: 0.0, Avg: 0.0, Max: 0.0, Diff: 0.0, Sum: 0.0]
         [Termination Attempts: Min: 15, Avg: 20.5, Max: 25, Diff: 10, Sum: 82]
      [GC Worker Other (ms): Min: 0.0, Avg: 0.0, Max: 0.0, Diff: 0.0, Sum: 0.0]
      [GC Worker Total (ms): Min: 84.4, Avg: 84.4, Max: 84.4, Diff: 0.0, Sum: 337.5]
      [GC Worker End (ms): Min: 89024.4, Avg: 89024.4, Max: 89024.4, Diff: 0.0]
   [Code Root Fixup: 0.0 ms]
   [Code Root Purge: 0.0 ms]
   [String Dedup Fixup: 0.1 ms, GC Workers: 4]
      [Queue Fixup (ms): Min: 0.0, Avg: 0.0, Max: 0.0, Diff: 0.0, Sum: 0.0]
      [Table Fixup (ms): Min: 0.1, Avg: 0.1, Max: 0.1, Diff: 0.0, Sum: 0.4]
   [Clear CT: 0.0 ms]
   [Other: 0.3 ms]
      [Choose CSet: 0.0 ms]
      [Ref Proc: 0.0 ms]
      [Ref Enq: 0.0 ms]
      [Redirty Cards: 0.1 ms]
      [Humongous Register: 0.0 ms]
      [Humongous Reclaim: 0.0 ms]
      [Free CSet: 0.1 ms]
   [Eden: 89.0M(89.0M)->0.0B(89.0M) Survivors: 13.0M->13.0M Heap: 1529.3M(2048.0M)->1471.2M(2048.0M)]
 [Times: user=0.31 sys=0.00, real=0.09 secs] 
89.025: [GC concurrent-string-deduplication, 5312.0B->4992.0B(320.0B), avg 6.2%, 0.0003708 secs]
   [Last Exec: 0.0003708 secs, Idle: 0.2026359 secs, Blocked: 0/0.0000000 secs]
      [Inspected:            5601]
         [Skipped:              0(  0.0%)]
         [Hashed:             110(  2.0%)]
         [Known:             5491( 98.0%)]
         [New:                110(  2.0%)   5312.0B]
      [Deduplicated:            6(  5.5%)    320.0B(  6.0%)]
         [Young:                0(  0.0%)      0.0B(  0.0%)]
         [Old:                  6(100.0%)    320.0B(100.0%)]
   [Total Exec: 223/0.1527821 secs, Idle: 223/88.6459323 secs, Blocked: 0/0.0000000 secs]
      [Inspected:         1795279]
         [Skipped:              0(  0.0%)]
         [Hashed:           38151(  2.1%)]
         [Known:          1756029( 97.8%)]
         [New:              39250(  2.2%)   1915.8K]
      [Deduplicated:         2238(  5.7%)    119.3K(  6.2%)]
         [Young:                8(  0.4%)    424.0B(  0.3%)]
         [Old:               2230( 99.6%)    118.9K( 99.7%)]
   [Table]
      [Memory Usage: 324.2K]
      [Size: 8192, Min: 1024, Max: 16777216]
      [Entries: 10904, Load: 133.1%, Cached: 198, Added: 42272, Removed: 31368]
      [Resize Count: 3, Shrink Threshold: 5461(66.7%), Grow Threshold: 16384(200.0%)]
      [Rehash Count: 0, Rehash Threshold: 120, Hash Seed: 0x0]
      [Age Threshold: 3]
   [Queue]
      [Dropped: 0]
89.112: [GC pause (G1 Evacuation Pause) (young), 0.0839204 secs]
   [Parallel Time: 83.4 ms, GC Workers: 4]
      [GC Worker Start (ms): Min: 89112.3, Avg: 89112.3, Max: 89112.3, Diff: 0.0]
      [Ext Root Scanning (ms): Min: 0.2, Avg: 0.2, Max: 0.2, Diff: 0.0, Sum: 0.8]
      [Update RS (ms): Min: 21.3, Avg: 21.6, Max: 21.9, Diff: 0.6, Sum: 86.6]
         [Processed Buffers: Min: 32, Avg: 33.3, Max: 34, Diff: 2, Sum: 133]
      [Scan RS (ms): Min: 0.0, Avg: 0.0, Max: 0.0, Diff: 0.0, Sum: 0.1]
      [Code Root Scanning (ms): Min: 0.0, Avg: 0.0, Max: 0.0, Diff: 0.0, Sum: 0.0]
      [Object Copy (ms): Min: 61.3, Avg: 61.5, Max: 61.8, Diff: 0.5, Sum: 245.9]
      [Termination (ms): Min: 0.0, Avg: 0.0, Max: 0.0, Diff: 0.0, Sum: 0.0]
         [Termination Attempts: Min: 6, Avg: 8.5, Max: 14, Diff: 8, Sum: 34]
      [GC Worker Other (ms): Min: 0.0, Avg: 0.0, Max: 0.0, Diff: 0.0, Sum: 0.0]
      [GC Worker Total (ms): Min: 83.3, Avg: 83.3, Max: 83.4, Diff: 0.0, Sum: 333.4]
      [GC Worker End (ms): Min: 89195.7, Avg: 89195.7, Max: 89195.7, Diff: 0.0]
   [Code Root Fixup: 0.0 ms]
   [Code Root Purge: 0.0 ms]
   [String Dedup Fixup: 0.1 ms, GC Workers: 4]
      [Queue Fixup (ms): Min: 0.0, Avg: 0.0, Max: 0.0, Diff: 0.0, Sum: 0.0]
      [Table Fixup (ms): Min: 0.1, Avg: 0.1, Max: 0.1, Diff: 0.0, Sum: 0.4]
   [Clear CT: 0.0 ms]
   [Other: 0.4 ms]
      [Choose CSet: 0.0 ms]
      [Ref Proc: 0.0 ms]
      [Ref Enq: 0.0 ms]
      [Redirty Cards: 0.1 ms]
      [Humongous Register: 0.0 ms]
      [Humongous Reclaim: 0.0 ms]
      [Free CSet: 0.1 ms]
   [Eden: 89.0M(89.0M)->0.0B(89.0M) Survivors: 13.0M->13.0M Heap: 1560.2M(2048.0M)->1504.8M(2048.0M)]
 [Times: user=0.30 sys=0.02, real=0.08 secs] 
89.197: [GC concurrent-string-deduplication, 6912.0B->6912.0B(0.0B), avg 6.2%, 0.0004086 secs]
   [Last Exec: 0.0004086 secs, Idle: 0.1709382 secs, Blocked: 0/0.0000000 secs]
      [Inspected:            7796]
         [Skipped:              0(  0.0%)]
         [Hashed:             144(  1.8%)]
         [Known:             7652( 98.2%)]
         [New:                144(  1.8%)   6912.0B]
      [Deduplicated:            0(  0.0%)      0.0B(  0.0%)]
         [Young:                0(  0.0%)      0.0B(  0.0%)]
         [Old:                  0(  0.0%)      0.0B(  0.0%)]
   [Total Exec: 224/0.1531908 secs, Idle: 224/88.8168705 secs, Blocked: 0/0.0000000 secs]
      [Inspected:         1803075]
         [Skipped:              0(  0.0%)]
         [Hashed:           38295(  2.1%)]
         [Known:          1763681( 97.8%)]
         [New:              39394(  2.2%)   1922.5K]
      [Deduplicated:         2238(  5.7%)    119.3K(  6.2%)]
         [Young:                8(  0.4%)    424.0B(  0.3%)]
         [Old:               2230( 99.6%)    118.9K( 99.7%)]
   [Table]
      [Memory Usage: 324.2K]
      [Size: 8192, Min: 1024, Max: 16777216]
      [Entries: 11048, Load: 134.9%, Cached: 54, Added: 42416, Removed: 31368]
      [Resize Count: 3, Shrink Threshold: 5461(66.7%), Grow Threshold: 16384(200.0%)]
      [Rehash Count: 0, Rehash Threshold: 120, Hash Seed: 0x0]
      [Age Threshold: 3]
   [Queue]
      [Dropped: 0]
89.288: [GC pause (G1 Evacuation Pause) (young), 0.0739692 secs]
   [Parallel Time: 73.5 ms, GC Workers: 4]
      [GC Worker Start (ms): Min: 89288.5, Avg: 89288.5, Max: 89288.5, Diff: 0.0]
      [Ext Root Scanning (ms): Min: 0.2, Avg: 0.2, Max: 0.2, Diff: 0.0, Sum: 0.8]
      [Update RS (ms): Min: 19.3, Avg: 19.4, Max: 19.6, Diff: 0.3, Sum: 77.7]
         [Processed Buffers: Min: 29, Avg: 30.3, Max: 32, Diff: 3, Sum: 121]
      [Scan RS (ms): Min: 0.0, Avg: 0.0, Max: 0.1, Diff: 0.1, Sum: 0.1]
      [Code Root Scanning (ms): Min: 0.0, Avg: 0.0, Max: 0.0, Diff: 0.0, Sum: 0.0]
      [Object Copy (ms): Min: 53.6, Avg: 53.8, Max: 53.8, Diff: 0.2, Sum: 215.0]
      [Termination (ms): Min: 0.0, Avg: 0.0, Max: 0.0, Diff: 0.0, Sum: 0.0]
         [Termination Attempts: Min: 16, Avg: 18.5, Max: 22, Diff: 6, Sum: 74]
      [GC Worker Other (ms): Min: 0.0, Avg: 0.0, Max: 0.0, Diff: 0.0, Sum: 0.0]
      [GC Worker Total (ms): Min: 73.4, Avg: 73.4, Max: 73.4, Diff: 0.0, Sum: 293.7]
      [GC Worker End (ms): Min: 89361.9, Avg: 89361.9, Max: 89361.9, Diff: 0.0]
   [Code Root Fixup: 0.0 ms]
   [Code Root Purge: 0.0 ms]
   [String Dedup Fixup: 0.1 ms, GC Workers: 4]
      [Queue Fixup (ms): Min: 0.0, Avg: 0.0, Max: 0.0, Diff: 0.0, Sum: 0.0]
      [Table Fixup (ms): Min: 0.1, Avg: 0.1, Max: 0.1, Diff: 0.0, Sum: 0.4]
   [Clear CT: 0.0 ms]
   [Other: 0.3 ms]
      [Choose CSet: 0.0 ms]
      [Ref Proc: 0.0 ms]
      [Ref Enq: 0.0 ms]
      [Redirty Cards: 0.1 ms]
      [Humongous Register: 0.0 ms]
      [Humongous Reclaim: 0.0 ms]
      [Free CSet: 0.1 ms]
   [Eden: 89.0M(89.0M)->0.0B(89.0M) Survivors: 13.0M->13.0M Heap: 1593.8M(2048.0M)->1536.3M(2048.0M)]
 [Times: user=0.31 sys=0.00, real=0.07 secs] 
89.363: [GC concurrent-string-deduplication, 5584.0B->5424.0B(160.0B), avg 6.2%, 0.0002887 secs]
   [Last Exec: 0.0002887 secs, Idle: 0.1657714 secs, Blocked: 0/0.0000000 secs]
      [Inspected:            5641]
         [Skipped:              0(  0.0%)]
         [Hashed:             116(  2.1%)]
         [Known:             5525( 97.9%)]
         [New:                116(  2.1%)   5584.0B]
      [Deduplicated:            3(  2.6%)    160.0B(  2.9%)]
         [Young:                0(  0.0%)      0.0B(  0.0%)]
         [Old:                  3(100.0%)    160.0B(100.0%)]
   [Total Exec: 225/0.1534794 secs, Idle: 225/88.9826419 secs, Blocked: 0/0.0000000 secs]
      [Inspected:         1808716]
         [Skipped:              0(  0.0%)]
         [Hashed:           38411(  2.1%)]
         [Known:          1769206( 97.8%)]
         [New:              39510(  2.2%)   1928.0K]
      [Deduplicated:         2241(  5.7%)    119.4K(  6.2%)]
         [Young:                8(  0.4%)    424.0B(  0.3%)]
         [Old:               2233( 99.6%)    119.0K( 99.7%)]
   [Table]
      [Memory Usage: 325.6K]
      [Size: 8192, Min: 1024, Max: 16777216]
      [Entries: 11162, Load: 136.3%, Cached: 0, Added: 42530, Removed: 31368]
      [Resize Count: 3, Shrink Threshold: 5461(66.7%), Grow Threshold: 16384(200.0%)]
      [Rehash Count: 0, Rehash Threshold: 120, Hash Seed: 0x0]
      [Age Threshold: 3]
   [Queue]
      [Dropped: 0]
89.441: [GC pause (G1 Evacuation Pause) (young), 0.0887655 secs]
   [Parallel Time: 88.3 ms, GC Workers: 4]
      [GC Worker Start (ms): Min: 89441.4, Avg: 89441.5, Max: 89441.5, Diff: 0.0]
      [Ext Root Scanning (ms): Min: 0.2, Avg: 0.2, Max: 0.2, Diff: 0.0, Sum: 0.8]
      [Update RS (ms): Min: 27.2, Avg: 27.4, Max: 27.6, Diff: 0.5, Sum: 109.5]
         [Processed Buffers: Min: 46, Avg: 46.5, Max: 47, Diff: 1, Sum: 186]
      [Scan RS (ms): Min: 0.0, Avg: 0.0, Max: 0.0, Diff: 0.0, Sum: 0.1]
      [Code Root Scanning (ms): Min: 0.0, Avg: 0.0, Max: 0.0, Diff: 0.0, Sum: 0.0]
      [Object Copy (ms): Min: 60.4, Avg: 60.6, Max: 60.8, Diff: 0.4, Sum: 242.6]
      [Termination (ms): Min: 0.0, Avg: 0.0, Max: 0.0, Diff: 0.0, Sum: 0.0]
         [Termination Attempts: Min: 12, Avg: 16.3, Max: 20, Diff: 8, Sum: 65]
      [GC Worker Other (ms): Min: 0.0, Avg: 0.0, Max: 0.0, Diff: 0.0, Sum: 0.0]
      [GC Worker Total (ms): Min: 88.2, Avg: 88.2, Max: 88.3, Diff: 0.0, Sum: 353.0]
      [GC Worker End (ms): Min: 89529.7, Avg: 89529.7, Max: 89529.7, Diff: 0.0]
   [Code Root Fixup: 0.0 ms]
   [Code Root Purge: 0.0 ms]
   [String Dedup Fixup: 0.1 ms, GC Workers: 4]
      [Queue Fixup (ms): Min: 0.0, Avg: 0.0, Max: 0.0, Diff: 0.0, Sum: 0.1]
      [Table Fixup (ms): Min: 0.1, Avg: 0.1, Max: 0.1, Diff: 0.0, Sum: 0.4]
   [Clear CT: 0.0 ms]
   [Other: 0.3 ms]
      [Choose CSet: 0.0 ms]
      [Ref Proc: 0.0 ms]
      [Ref Enq: 0.0 ms]
      [Redirty Cards: 0.1 ms]
      [Humongous Register: 0.0 ms]
      [Humongous Reclaim: 0.0 ms]
      [Free CSet: 0.1 ms]
   [Eden: 89.0M(89.0M)->0.0B(89.0M) Survivors: 13.0M->13.0M Heap: 1625.3M(2048.0M)->1568.3M(2048.0M)]
 [Times: user=0.36 sys=0.00, real=0.09 secs] 
89.531: [GC concurrent-string-deduplication, 9296.0B->8976.0B(320.0B), avg 6.2%, 0.0004955 secs]
   [Last Exec: 0.0004955 secs, Idle: 0.1675371 secs, Blocked: 0/0.0000000 secs]
      [Inspected:            9741]
         [Skipped:              0(  0.0%)]
         [Hashed:             193(  2.0%)]
         [Known:             9548( 98.0%)]
         [New:                193(  2.0%)   9296.0B]
      [Deduplicated:            6(  3.1%)    320.0B(  3.4%)]
         [Young:                0(  0.0%)      0.0B(  0.0%)]
         [Old:                  6(100.0%)    320.0B(100.0%)]
   [Total Exec: 226/0.1539750 secs, Idle: 226/89.1501790 secs, Blocked: 0/0.0000000 secs]
      [Inspected:         1818457]
         [Skipped:              0(  0.0%)]
         [Hashed:           38604(  2.1%)]
         [Known:          1778754( 97.8%)]
         [New:              39703(  2.2%)   1937.0K]
      [Deduplicated:         2247(  5.7%)    119.7K(  6.2%)]
         [Young:                8(  0.4%)    424.0B(  0.3%)]
         [Old:               2239( 99.6%)    119.3K( 99.7%)]
   [Table]
      [Memory Usage: 330.0K]
      [Size: 8192, Min: 1024, Max: 16777216]
      [Entries: 11349, Load: 138.5%, Cached: 0, Added: 42717, Removed: 31368]
      [Resize Count: 3, Shrink Threshold: 5461(66.7%), Grow Threshold: 16384(200.0%)]
      [Rehash Count: 0, Rehash Threshold: 120, Hash Seed: 0x0]
      [Age Threshold: 3]
   [Queue]
      [Dropped: 0]
89.609: [GC pause (G1 Evacuation Pause) (young), 0.0675303 secs]
   [Parallel Time: 67.0 ms, GC Workers: 4]
      [GC Worker Start (ms): Min: 89608.8, Avg: 89608.8, Max: 89608.8, Diff: 0.0]
      [Ext Root Scanning (ms): Min: 0.2, Avg: 0.2, Max: 0.2, Diff: 0.0, Sum: 0.8]
      [Update RS (ms): Min: 25.5, Avg: 25.5, Max: 25.6, Diff: 0.2, Sum: 102.1]
         [Processed Buffers: Min: 44, Avg: 46.5, Max: 50, Diff: 6, Sum: 186]
      [Scan RS (ms): Min: 0.0, Avg: 0.0, Max: 0.1, Diff: 0.0, Sum: 0.1]
      [Code Root Scanning (ms): Min: 0.0, Avg: 0.0, Max: 0.0, Diff: 0.0, Sum: 0.0]
      [Object Copy (ms): Min: 41.1, Avg: 41.2, Max: 41.3, Diff: 0.1, Sum: 164.9]
      [Termination (ms): Min: 0.0, Avg: 0.0, Max: 0.0, Diff: 0.0, Sum: 0.0]
         [Termination Attempts: Min: 30, Avg: 35.3, Max: 39, Diff: 9, Sum: 141]
      [GC Worker Other (ms): Min: 0.0, Avg: 0.0, Max: 0.0, Diff: 0.0, Sum: 0.0]
      [GC Worker Total (ms): Min: 67.0, Avg: 67.0, Max: 67.0, Diff: 0.0, Sum: 268.0]
      [GC Worker End (ms): Min: 89675.8, Avg: 89675.8, Max: 89675.8, Diff: 0.0]
   [Code Root Fixup: 0.0 ms]
   [Code Root Purge: 0.0 ms]
   [String Dedup Fixup: 0.1 ms, GC Workers: 4]
      [Queue Fixup (ms): Min: 0.0, Avg: 0.0, Max: 0.0, Diff: 0.0, Sum: 0.0]
      [Table Fixup (ms): Min: 0.1, Avg: 0.1, Max: 0.1, Diff: 0.0, Sum: 0.5]
   [Clear CT: 0.0 ms]
   [Other: 0.3 ms]
      [Choose CSet: 0.0 ms]
      [Ref Proc: 0.0 ms]
      [Ref Enq: 0.0 ms]
      [Redirty Cards: 0.1 ms]
      [Humongous Register: 0.0 ms]
      [Humongous Reclaim: 0.0 ms]
      [Free CSet: 0.1 ms]
   [Eden: 89.0M(89.0M)->0.0B(89.0M) Survivors: 13.0M->13.0M Heap: 1657.3M(2048.0M)->1601.8M(2048.0M)]
 [Times: user=0.25 sys=0.00, real=0.07 secs] 
89.677: [GC concurrent-string-deduplication, 2304.0B->2304.0B(0.0B), avg 6.2%, 0.0001184 secs]
   [Last Exec: 0.0001184 secs, Idle: 0.1454500 secs, Blocked: 0/0.0000000 secs]
      [Inspected:            2278]
         [Skipped:              0(  0.0%)]
         [Hashed:              48(  2.1%)]
         [Known:             2230( 97.9%)]
         [New:                 48(  2.1%)   2304.0B]
      [Deduplicated:            0(  0.0%)      0.0B(  0.0%)]
         [Young:                0(  0.0%)      0.0B(  0.0%)]
         [Old:                  0(  0.0%)      0.0B(  0.0%)]
   [Total Exec: 227/0.1540933 secs, Idle: 227/89.2956291 secs, Blocked: 0/0.0000000 secs]
      [Inspected:         1820735]
         [Skipped:              0(  0.0%)]
         [Hashed:           38652(  2.1%)]
         [Known:          1780984( 97.8%)]
         [New:              39751(  2.2%)   1939.3K]
      [Deduplicated:         2247(  5.7%)    119.7K(  6.2%)]
         [Young:                8(  0.4%)    424.0B(  0.3%)]
         [Old:               2239( 99.6%)    119.3K( 99.7%)]
   [Table]
      [Memory Usage: 331.5K]
      [Size: 8192, Min: 1024, Max: 16777216]
      [Entries: 11413, Load: 139.3%, Cached: 0, Added: 42781, Removed: 31368]
      [Resize Count: 3, Shrink Threshold: 5461(66.7%), Grow Threshold: 16384(200.0%)]
      [Rehash Count: 0, Rehash Threshold: 120, Hash Seed: 0x0]
      [Age Threshold: 3]
   [Queue]
      [Dropped: 0]
89.766: [GC pause (G1 Evacuation Pause) (young), 0.0744118 secs]
   [Parallel Time: 73.9 ms, GC Workers: 4]
      [GC Worker Start (ms): Min: 89766.1, Avg: 89766.1, Max: 89766.1, Diff: 0.0]
      [Ext Root Scanning (ms): Min: 0.2, Avg: 0.2, Max: 0.2, Diff: 0.0, Sum: 0.8]
      [Update RS (ms): Min: 15.9, Avg: 16.1, Max: 16.4, Diff: 0.5, Sum: 64.5]
         [Processed Buffers: Min: 25, Avg: 27.0, Max: 30, Diff: 5, Sum: 108]
      [Scan RS (ms): Min: 0.2, Avg: 0.4, Max: 0.7, Diff: 0.5, Sum: 1.8]
      [Code Root Scanning (ms): Min: 0.0, Avg: 0.0, Max: 0.0, Diff: 0.0, Sum: 0.0]
      [Object Copy (ms): Min: 57.1, Avg: 57.1, Max: 57.1, Diff: 0.0, Sum: 228.2]
      [Termination (ms): Min: 0.0, Avg: 0.0, Max: 0.0, Diff: 0.0, Sum: 0.0]
         [Termination Attempts: Min: 20, Avg: 26.0, Max: 35, Diff: 15, Sum: 104]
      [GC Worker Other (ms): Min: 0.0, Avg: 0.0, Max: 0.0, Diff: 0.0, Sum: 0.0]
      [GC Worker Total (ms): Min: 73.8, Avg: 73.8, Max: 73.8, Diff: 0.0, Sum: 295.4]
      [GC Worker End (ms): Min: 89840.0, Avg: 89840.0, Max: 89840.0, Diff: 0.0]
   [Code Root Fixup: 0.0 ms]
   [Code Root Purge: 0.0 ms]
   [String Dedup Fixup: 0.1 ms, GC Workers: 4]
      [Queue Fixup (ms): Min: 0.0, Avg: 0.0, Max: 0.0, Diff: 0.0, Sum: 0.0]
      [Table Fixup (ms): Min: 0.1, Avg: 0.1, Max: 0.1, Diff: 0.0, Sum: 0.5]
   [Clear CT: 0.0 ms]
   [Other: 0.3 ms]
      [Choose CSet: 0.0 ms]
      [Ref Proc: 0.0 ms]
      [Ref Enq: 0.0 ms]
      [Redirty Cards: 0.1 ms]
      [Humongous Register: 0.0 ms]
      [Humongous Reclaim: 0.0 ms]
      [Free CSet: 0.1 ms]
   [Eden: 89.0M(89.0M)->0.0B(89.0M) Survivors: 13.0M->13.0M Heap: 1690.8M(2048.0M)->1633.2M(2048.0M)]
 [Times: user=0.31 sys=0.00, real=0.07 secs] 
89.841: [GC concurrent-string-deduplication, 6016.0B->5856.0B(160.0B), avg 6.2%, 0.0003442 secs]
   [Last Exec: 0.0003442 secs, Idle: 0.1640558 secs, Blocked: 0/0.0000000 secs]
      [Inspected:            6140]
         [Skipped:              0(  0.0%)]
         [Hashed:             125(  2.0%)]
         [Known:             6015( 98.0%)]
         [New:                125(  2.0%)   6016.0B]
      [Deduplicated:            3(  2.4%)    160.0B(  2.7%)]
         [Young:                0(  0.0%)      0.0B(  0.0%)]
         [Old:                  3(100.0%)    160.0B(100.0%)]
   [Total Exec: 228/0.1544375 secs, Idle: 228/89.4596849 secs, Blocked: 0/0.0000000 secs]
      [Inspected:         1826875]
         [Skipped:              0(  0.0%)]
         [Hashed:           38777(  2.1%)]
         [Known:          1786999( 97.8%)]
         [New:              39876(  2.2%)   1945.2K]
      [Deduplicated:         2250(  5.6%)    119.9K(  6.2%)]
         [Young:                8(  0.4%)    424.0B(  0.3%)]
         [Old:               2242( 99.6%)    119.5K( 99.7%)]
   [Table]
      [Memory Usage: 334.6K]
      [Size: 8192, Min: 1024, Max: 16777216]
      [Entries: 11545, Load: 140.9%, Cached: 0, Added: 42913, Removed: 31368]
      [Resize Count: 3, Shrink Threshold: 5461(66.7%), Grow Threshold: 16384(200.0%)]
      [Rehash Count: 0, Rehash Threshold: 120, Hash Seed: 0x0]
      [Age Threshold: 3]
   [Queue]
      [Dropped: 0]
89.920: [GC pause (G1 Evacuation Pause) (young), 0.0765540 secs]
   [Parallel Time: 76.0 ms, GC Workers: 4]
      [GC Worker Start (ms): Min: 89920.0, Avg: 89920.0, Max: 89920.0, Diff: 0.0]
      [Ext Root Scanning (ms): Min: 0.2, Avg: 0.2, Max: 0.2, Diff: 0.0, Sum: 0.8]
      [Update RS (ms): Min: 18.5, Avg: 18.8, Max: 19.1, Diff: 0.6, Sum: 75.2]
         [Processed Buffers: Min: 28, Avg: 28.8, Max: 30, Diff: 2, Sum: 115]
      [Scan RS (ms): Min: 0.0, Avg: 0.3, Max: 0.5, Diff: 0.5, Sum: 1.2]
      [Code Root Scanning (ms): Min: 0.0, Avg: 0.0, Max: 0.0, Diff: 0.0, Sum: 0.0]
      [Object Copy (ms): Min: 56.6, Avg: 56.7, Max: 56.7, Diff: 0.1, Sum: 226.7]
      [Termination (ms): Min: 0.0, Avg: 0.0, Max: 0.0, Diff: 0.0, Sum: 0.0]
         [Termination Attempts: Min: 12, Avg: 20.3, Max: 29, Diff: 17, Sum: 81]
      [GC Worker Other (ms): Min: 0.0, Avg: 0.0, Max: 0.0, Diff: 0.0, Sum: 0.0]
      [GC Worker Total (ms): Min: 76.0, Avg: 76.0, Max: 76.0, Diff: 0.0, Sum: 304.0]
      [GC Worker End (ms): Min: 89996.0, Avg: 89996.0, Max: 89996.0, Diff: 0.0]
   [Code Root Fixup: 0.0 ms]
   [Code Root Purge: 0.0 ms]
   [String Dedup Fixup: 0.1 ms, GC Workers: 4]
      [Queue Fixup (ms): Min: 0.0, Avg: 0.0, Max: 0.0, Diff: 0.0, Sum: 0.1]
      [Table Fixup (ms): Min: 0.1, Avg: 0.1, Max: 0.1, Diff: 0.0, Sum: 0.5]
   [Clear CT: 0.0 ms]
   [Other: 0.3 ms]
      [Choose CSet: 0.0 ms]
      [Ref Proc: 0.0 ms]
      [Ref Enq: 0.0 ms]
      [Redirty Cards: 0.1 ms]
      [Humongous Register: 0.0 ms]
      [Humongous Reclaim: 0.0 ms]
      [Free CSet: 0.1 ms]
   [Eden: 89.0M(89.0M)->0.0B(89.0M) Survivors: 13.0M->13.0M Heap: 1722.2M(2048.0M)->1667.0M(2048.0M)]
 [Times: user=0.25 sys=0.00, real=0.08 secs] 
89.997: [GC concurrent-string-deduplication, 9616.0B->9456.0B(160.0B), avg 6.1%, 0.0005157 secs]
   [Last Exec: 0.0005157 secs, Idle: 0.1556704 secs, Blocked: 0/0.0000000 secs]
      [Inspected:           10260]
         [Skipped:              0(  0.0%)]
         [Hashed:             200(  1.9%)]
         [Known:            10060( 98.1%)]
         [New:                200(  1.9%)   9616.0B]
      [Deduplicated:            3(  1.5%)    160.0B(  1.7%)]
         [Young:                0(  0.0%)      0.0B(  0.0%)]
         [Old:                  3(100.0%)    160.0B(100.0%)]
   [Total Exec: 229/0.1549532 secs, Idle: 229/89.6153553 secs, Blocked: 0/0.0000000 secs]
      [Inspected:         1837135]
         [Skipped:              0(  0.0%)]
         [Hashed:           38977(  2.1%)]
         [Known:          1797059( 97.8%)]
         [New:              40076(  2.2%)   1954.6K]
      [Deduplicated:         2253(  5.6%)    120.0K(  6.1%)]
         [Young:                8(  0.4%)    424.0B(  0.3%)]
         [Old:               2245( 99.6%)    119.6K( 99.7%)]
   [Table]
      [Memory Usage: 339.2K]
      [Size: 8192, Min: 1024, Max: 16777216]
      [Entries: 11742, Load: 143.3%, Cached: 0, Added: 43110, Removed: 31368]
      [Resize Count: 3, Shrink Threshold: 5461(66.7%), Grow Threshold: 16384(200.0%)]
      [Rehash Count: 0, Rehash Threshold: 120, Hash Seed: 0x0]
      [Age Threshold: 3]
   [Queue]
      [Dropped: 0]
90.085: [GC pause (G1 Evacuation Pause) (young), 0.0578674 secs]
   [Parallel Time: 57.3 ms, GC Workers: 4]
      [GC Worker Start (ms): Min: 90085.0, Avg: 90085.0, Max: 90085.0, Diff: 0.0]
      [Ext Root Scanning (ms): Min: 0.2, Avg: 0.2, Max: 0.2, Diff: 0.0, Sum: 0.8]
      [Update RS (ms): Min: 21.2, Avg: 21.4, Max: 21.5, Diff: 0.3, Sum: 85.5]
         [Processed Buffers: Min: 30, Avg: 31.8, Max: 33, Diff: 3, Sum: 127]
      [Scan RS (ms): Min: 0.0, Avg: 0.2, Max: 0.3, Diff: 0.2, Sum: 0.7]
      [Code Root Scanning (ms): Min: 0.0, Avg: 0.0, Max: 0.0, Diff: 0.0, Sum: 0.0]
      [Object Copy (ms): Min: 35.5, Avg: 35.5, Max: 35.6, Diff: 0.0, Sum: 142.2]
      [Termination (ms): Min: 0.0, Avg: 0.0, Max: 0.0, Diff: 0.0, Sum: 0.0]
         [Termination Attempts: Min: 5, Avg: 7.3, Max: 10, Diff: 5, Sum: 29]
      [GC Worker Other (ms): Min: 0.0, Avg: 0.0, Max: 0.0, Diff: 0.0, Sum: 0.0]
      [GC Worker Total (ms): Min: 57.3, Avg: 57.3, Max: 57.3, Diff: 0.0, Sum: 229.2]
      [GC Worker End (ms): Min: 90142.3, Avg: 90142.3, Max: 90142.3, Diff: 0.0]
   [Code Root Fixup: 0.0 ms]
   [Code Root Purge: 0.0 ms]
   [String Dedup Fixup: 0.1 ms, GC Workers: 4]
      [Queue Fixup (ms): Min: 0.0, Avg: 0.0, Max: 0.0, Diff: 0.0, Sum: 0.0]
      [Table Fixup (ms): Min: 0.1, Avg: 0.1, Max: 0.1, Diff: 0.0, Sum: 0.4]
   [Clear CT: 0.0 ms]
   [Other: 0.3 ms]
      [Choose CSet: 0.0 ms]
      [Ref Proc: 0.0 ms]
      [Ref Enq: 0.0 ms]
      [Redirty Cards: 0.1 ms]
      [Humongous Register: 0.0 ms]
      [Humongous Reclaim: 0.0 ms]
      [Free CSet: 0.1 ms]
   [Eden: 89.0M(89.0M)->0.0B(89.0M) Survivors: 13.0M->13.0M Heap: 1756.0M(2048.0M)->1700.1M(2048.0M)]
 [Times: user=0.24 sys=0.01, real=0.06 secs] 
90.143: [GC concurrent-string-deduplication, 4736.0B->4416.0B(320.0B), avg 6.1%, 0.0002678 secs]
   [Last Exec: 0.0002678 secs, Idle: 0.1456576 secs, Blocked: 0/0.0000000 secs]
      [Inspected:            5116]
         [Skipped:              0(  0.0%)]
         [Hashed:              98(  1.9%)]
         [Known:             5018( 98.1%)]
         [New:                 98(  1.9%)   4736.0B]
      [Deduplicated:            6(  6.1%)    320.0B(  6.8%)]
         [Young:                0(  0.0%)      0.0B(  0.0%)]
         [Old:                  6(100.0%)    320.0B(100.0%)]
   [Total Exec: 230/0.1552210 secs, Idle: 230/89.7610128 secs, Blocked: 0/0.0000000 secs]
      [Inspected:         1842251]
         [Skipped:              0(  0.0%)]
         [Hashed:           39075(  2.1%)]
         [Known:          1802077( 97.8%)]
         [New:              40174(  2.2%)   1959.2K]
      [Deduplicated:         2259(  5.6%)    120.4K(  6.1%)]
         [Young:                8(  0.4%)    424.0B(  0.3%)]
         [Old:               2251( 99.6%)    119.9K( 99.7%)]
   [Table]
      [Memory Usage: 341.4K]
      [Size: 8192, Min: 1024, Max: 16777216]
      [Entries: 11834, Load: 144.5%, Cached: 0, Added: 43202, Removed: 31368]
      [Resize Count: 3, Shrink Threshold: 5461(66.7%), Grow Threshold: 16384(200.0%)]
      [Rehash Count: 0, Rehash Threshold: 120, Hash Seed: 0x0]
      [Age Threshold: 3]
   [Queue]
      [Dropped: 0]
90.233: [GC pause (G1 Evacuation Pause) (young), 0.0668176 secs]
   [Parallel Time: 66.4 ms, GC Workers: 4]
      [GC Worker Start (ms): Min: 90233.0, Avg: 90233.0, Max: 90233.0, Diff: 0.0]
      [Ext Root Scanning (ms): Min: 0.2, Avg: 0.2, Max: 0.2, Diff: 0.0, Sum: 0.8]
      [Update RS (ms): Min: 15.5, Avg: 15.6, Max: 15.7, Diff: 0.2, Sum: 62.4]
         [Processed Buffers: Min: 26, Avg: 28.5, Max: 31, Diff: 5, Sum: 114]
      [Scan RS (ms): Min: 0.7, Avg: 0.8, Max: 1.0, Diff: 0.2, Sum: 3.3]
      [Code Root Scanning (ms): Min: 0.0, Avg: 0.0, Max: 0.0, Diff: 0.0, Sum: 0.0]
      [Object Copy (ms): Min: 49.7, Avg: 49.7, Max: 49.7, Diff: 0.0, Sum: 198.9]
      [Termination (ms): Min: 0.0, Avg: 0.0, Max: 0.0, Diff: 0.0, Sum: 0.1]
         [Termination Attempts: Min: 22, Avg: 208.5, Max: 303, Diff: 281, Sum: 834]
      [GC Worker Other (ms): Min: 0.0, Avg: 0.0, Max: 0.0, Diff: 0.0, Sum: 0.0]
      [GC Worker Total (ms): Min: 66.3, Avg: 66.4, Max: 66.4, Diff: 0.0, Sum: 265.4]
      [GC Worker End (ms): Min: 90299.4, Avg: 90299.4, Max: 90299.4, Diff: 0.0]
   [Code Root Fixup: 0.0 ms]
   [Code Root Purge: 0.0 ms]
   [String Dedup Fixup: 0.1 ms, GC Workers: 4]
      [Queue Fixup (ms): Min: 0.0, Avg: 0.0, Max: 0.0, Diff: 0.0, Sum: 0.0]
      [Table Fixup (ms): Min: 0.1, Avg: 0.1, Max: 0.1, Diff: 0.0, Sum: 0.4]
   [Clear CT: 0.0 ms]
   [Other: 0.3 ms]
      [Choose CSet: 0.0 ms]
      [Ref Proc: 0.0 ms]
      [Ref Enq: 0.0 ms]
      [Redirty Cards: 0.1 ms]
      [Humongous Register: 0.0 ms]
      [Humongous Reclaim: 0.0 ms]
      [Free CSet: 0.1 ms]
   [Eden: 89.0M(89.0M)->0.0B(89.0M) Survivors: 13.0M->13.0M Heap: 1789.1M(2048.0M)->1734.8M(2048.0M)]
 [Times: user=0.25 sys=0.00, real=0.07 secs] 
90.300: [GC concurrent-string-deduplication, 5040.0B->5040.0B(0.0B), avg 6.1%, 0.0002614 secs]
   [Last Exec: 0.0002614 secs, Idle: 0.1566913 secs, Blocked: 0/0.0000000 secs]
      [Inspected:            5084]
         [Skipped:              0(  0.0%)]
         [Hashed:             105(  2.1%)]
         [Known:             4979( 97.9%)]
         [New:                105(  2.1%)   5040.0B]
      [Deduplicated:            0(  0.0%)      0.0B(  0.0%)]
         [Young:                0(  0.0%)      0.0B(  0.0%)]
         [Old:                  0(  0.0%)      0.0B(  0.0%)]
   [Total Exec: 231/0.1554824 secs, Idle: 231/89.9177041 secs, Blocked: 0/0.0000000 secs]
      [Inspected:         1847335]
         [Skipped:              0(  0.0%)]
         [Hashed:           39180(  2.1%)]
         [Known:          1807056( 97.8%)]
         [New:              40279(  2.2%)   1964.1K]
      [Deduplicated:         2259(  5.6%)    120.4K(  6.1%)]
         [Young:                8(  0.4%)    424.0B(  0.3%)]
         [Old:               2251( 99.6%)    119.9K( 99.7%)]
   [Table]
      [Memory Usage: 343.8K]
      [Size: 8192, Min: 1024, Max: 16777216]
      [Entries: 11939, Load: 145.7%, Cached: 0, Added: 43307, Removed: 31368]
      [Resize Count: 3, Shrink Threshold: 5461(66.7%), Grow Threshold: 16384(200.0%)]
      [Rehash Count: 0, Rehash Threshold: 120, Hash Seed: 0x0]
      [Age Threshold: 3]
   [Queue]
      [Dropped: 0]
90.380: [GC pause (G1 Evacuation Pause) (young) (to-space exhausted), 0.0825249 secs]
   [Parallel Time: 77.1 ms, GC Workers: 4]
      [GC Worker Start (ms): Min: 90380.0, Avg: 90380.0, Max: 90380.0, Diff: 0.0]
      [Ext Root Scanning (ms): Min: 0.2, Avg: 0.2, Max: 0.2, Diff: 0.0, Sum: 0.8]
      [Update RS (ms): Min: 16.9, Avg: 17.0, Max: 17.1, Diff: 0.2, Sum: 68.0]
         [Processed Buffers: Min: 29, Avg: 31.3, Max: 33, Diff: 4, Sum: 125]
      [Scan RS (ms): Min: 0.8, Avg: 0.9, Max: 1.0, Diff: 0.2, Sum: 3.5]
      [Code Root Scanning (ms): Min: 0.0, Avg: 0.0, Max: 0.0, Diff: 0.0, Sum: 0.0]
      [Object Copy (ms): Min: 58.9, Avg: 58.9, Max: 58.9, Diff: 0.0, Sum: 235.6]
      [Termination (ms): Min: 0.0, Avg: 0.0, Max: 0.0, Diff: 0.0, Sum: 0.1]
         [Termination Attempts: Min: 10, Avg: 342.8, Max: 466, Diff: 456, Sum: 1371]
      [GC Worker Other (ms): Min: 0.0, Avg: 0.0, Max: 0.0, Diff: 0.0, Sum: 0.0]
      [GC Worker Total (ms): Min: 77.0, Avg: 77.0, Max: 77.0, Diff: 0.0, Sum: 308.1]
      [GC Worker End (ms): Min: 90457.0, Avg: 90457.0, Max: 90457.0, Diff: 0.0]
   [Code Root Fixup: 0.0 ms]
   [Code Root Purge: 0.0 ms]
   [String Dedup Fixup: 0.1 ms, GC Workers: 4]
      [Queue Fixup (ms): Min: 0.0, Avg: 0.0, Max: 0.0, Diff: 0.0, Sum: 0.0]
      [Table Fixup (ms): Min: 0.1, Avg: 0.1, Max: 0.1, Diff: 0.0, Sum: 0.5]
   [Clear CT: 0.0 ms]
   [Other: 5.3 ms]
      [Evacuation Failure: 5.0 ms]
      [Choose CSet: 0.0 ms]
      [Ref Proc: 0.0 ms]
      [Ref Enq: 0.0 ms]
      [Redirty Cards: 0.1 ms]
      [Humongous Register: 0.0 ms]
      [Humongous Reclaim: 0.0 ms]
      [Free CSet: 0.1 ms]
   [Eden: 89.0M(89.0M)->0.0B(89.0M) Survivors: 13.0M->13.0M Heap: 1823.8M(2048.0M)->1797.3M(2048.0M)]
 [Times: user=0.28 sys=0.00, real=0.08 secs] 
90.463: [GC concurrent-string-deduplication, 3248.0B->2928.0B(320.0B), avg 6.1%, 0.0001835 secs]
   [Last Exec: 0.0001835 secs, Idle: 0.1623905 secs, Blocked: 0/0.0000000 secs]
      [Inspected:            3273]
         [Skipped:              0(  0.0%)]
         [Hashed:              67(  2.0%)]
         [Known:             3206( 98.0%)]
         [New:                 67(  2.0%)   3248.0B]
      [Deduplicated:            6(  9.0%)    320.0B(  9.9%)]
         [Young:                0(  0.0%)      0.0B(  0.0%)]
         [Old:                  6(100.0%)    320.0B(100.0%)]
   [Total Exec: 232/0.1556659 secs, Idle: 232/90.0800946 secs, Blocked: 0/0.0000000 secs]
      [Inspected:         1850608]
         [Skipped:              0(  0.0%)]
         [Hashed:           39247(  2.1%)]
         [Known:          1810262( 97.8%)]
         [New:              40346(  2.2%)   1967.3K]
      [Deduplicated:         2265(  5.6%)    120.7K(  6.1%)]
         [Young:                8(  0.4%)    424.0B(  0.3%)]
         [Old:               2257( 99.6%)    120.3K( 99.7%)]
   [Table]
      [Memory Usage: 345.3K]
      [Size: 8192, Min: 1024, Max: 16777216]
      [Entries: 12000, Load: 146.5%, Cached: 0, Added: 43368, Removed: 31368]
      [Resize Count: 3, Shrink Threshold: 5461(66.7%), Grow Threshold: 16384(200.0%)]
      [Rehash Count: 0, Rehash Threshold: 120, Hash Seed: 0x0]
      [Age Threshold: 3]
   [Queue]
      [Dropped: 0]
90.528: [GC pause (G1 Evacuation Pause) (young) (to-space exhausted), 0.0931413 secs]
   [Parallel Time: 81.5 ms, GC Workers: 4]
      [GC Worker Start (ms): Min: 90527.9, Avg: 90527.9, Max: 90527.9, Diff: 0.0]
      [Ext Root Scanning (ms): Min: 0.2, Avg: 0.2, Max: 0.2, Diff: 0.0, Sum: 0.8]
      [Update RS (ms): Min: 0.0, Avg: 16.9, Max: 22.6, Diff: 22.6, Sum: 67.7]
         [Processed Buffers: Min: 0, Avg: 47.5, Max: 95, Diff: 95, Sum: 190]
      [Scan RS (ms): Min: 0.0, Avg: 0.7, Max: 1.0, Diff: 1.0, Sum: 2.7]
      [Code Root Scanning (ms): Min: 0.0, Avg: 0.0, Max: 0.0, Diff: 0.0, Sum: 0.0]
      [Object Copy (ms): Min: 56.9, Avg: 63.1, Max: 80.8, Diff: 23.9, Sum: 252.4]
      [Termination (ms): Min: 0.0, Avg: 0.6, Max: 0.9, Diff: 0.9, Sum: 2.2]
         [Termination Attempts: Min: 1, Avg: 2.0, Max: 5, Diff: 4, Sum: 8]
      [GC Worker Other (ms): Min: 0.0, Avg: 0.0, Max: 0.0, Diff: 0.0, Sum: 0.0]
      [GC Worker Total (ms): Min: 81.5, Avg: 81.5, Max: 81.5, Diff: 0.0, Sum: 325.8]
      [GC Worker End (ms): Min: 90609.4, Avg: 90609.4, Max: 90609.4, Diff: 0.0]
   [Code Root Fixup: 0.0 ms]
   [Code Root Purge: 0.0 ms]
   [String Dedup Fixup: 0.1 ms, GC Workers: 4]
      [Queue Fixup (ms): Min: 0.0, Avg: 0.0, Max: 0.0, Diff: 0.0, Sum: 0.0]
      [Table Fixup (ms): Min: 0.1, Avg: 0.1, Max: 0.1, Diff: 0.0, Sum: 0.4]
   [Clear CT: 0.0 ms]
   [Other: 11.5 ms]
      [Evacuation Failure: 11.2 ms]
      [Choose CSet: 0.0 ms]
      [Ref Proc: 0.1 ms]
      [Ref Enq: 0.0 ms]
      [Redirty Cards: 0.1 ms]
      [Humongous Register: 0.0 ms]
      [Humongous Reclaim: 0.0 ms]
      [Free CSet: 0.0 ms]
   [Eden: 56.0M(89.0M)->0.0B(102.0M) Survivors: 13.0M->0.0B Heap: 1853.3M(2048.0M)->1848.3M(2048.0M)]
 [Times: user=0.14 sys=0.00, real=0.09 secs] 
90.635: [GC pause (G1 Evacuation Pause) (young) (to-space exhausted), 0.0268901 secs]
   [Parallel Time: 25.8 ms, GC Workers: 4]
      [GC Worker Start (ms): Min: 90635.1, Avg: 90635.1, Max: 90635.1, Diff: 0.0]
      [Ext Root Scanning (ms): Min: 0.2, Avg: 0.2, Max: 0.2, Diff: 0.0, Sum: 0.8]
      [Update RS (ms): Min: 21.8, Avg: 21.9, Max: 22.1, Diff: 0.3, Sum: 87.6]
         [Processed Buffers: Min: 49, Avg: 50.0, Max: 51, Diff: 2, Sum: 200]
      [Scan RS (ms): Min: 0.0, Avg: 0.0, Max: 0.0, Diff: 0.0, Sum: 0.0]
      [Code Root Scanning (ms): Min: 0.0, Avg: 0.0, Max: 0.0, Diff: 0.0, Sum: 0.0]
      [Object Copy (ms): Min: 2.0, Avg: 3.0, Max: 3.7, Diff: 1.6, Sum: 11.9]
      [Termination (ms): Min: 0.0, Avg: 0.7, Max: 1.7, Diff: 1.7, Sum: 2.7]
         [Termination Attempts: Min: 1, Avg: 1.0, Max: 1, Diff: 0, Sum: 4]
      [GC Worker Other (ms): Min: 0.0, Avg: 0.0, Max: 0.0, Diff: 0.0, Sum: 0.0]
      [GC Worker Total (ms): Min: 25.7, Avg: 25.7, Max: 25.7, Diff: 0.0, Sum: 102.9]
      [GC Worker End (ms): Min: 90660.8, Avg: 90660.8, Max: 90660.8, Diff: 0.0]
   [Code Root Fixup: 0.0 ms]
   [Code Root Purge: 0.0 ms]
   [String Dedup Fixup: 0.1 ms, GC Workers: 4]
      [Queue Fixup (ms): Min: 0.0, Avg: 0.0, Max: 0.0, Diff: 0.0, Sum: 0.0]
      [Table Fixup (ms): Min: 0.1, Avg: 0.1, Max: 0.1, Diff: 0.0, Sum: 0.4]
   [Clear CT: 0.0 ms]
   [Other: 1.0 ms]
      [Evacuation Failure: 0.8 ms]
      [Choose CSet: 0.0 ms]
      [Ref Proc: 0.1 ms]
      [Ref Enq: 0.0 ms]
      [Redirty Cards: 0.0 ms]
      [Humongous Register: 0.0 ms]
      [Humongous Reclaim: 0.0 ms]
      [Free CSet: 0.0 ms]
   [Eden: 5120.0K(102.0M)->0.0B(102.0M) Survivors: 0.0B->0.0B Heap: 1853.3M(2048.0M)->1853.3M(2048.0M)]
 [Times: user=0.13 sys=0.00, real=0.03 secs] 
90.662: [Full GC (Allocation Failure)  1853M->1197M(2048M), 1.6507344 secs]
   [Eden: 0.0B(102.0M)->0.0B(331.0M) Survivors: 0.0B->0.0B Heap: 1853.3M(2048.0M)->1197.3M(2048.0M)], [Metaspace: 9378K->9378K(1058816K)]
 [Times: user=3.30 sys=0.00, real=1.65 secs] 
92.313: [GC concurrent-mark-abort]
92.596: [GC pause (G1 Evacuation Pause) (young), 0.1407878 secs]
   [Parallel Time: 140.0 ms, GC Workers: 4]
      [GC Worker Start (ms): Min: 92595.8, Avg: 92595.8, Max: 92595.8, Diff: 0.0]
      [Ext Root Scanning (ms): Min: 0.2, Avg: 0.2, Max: 0.2, Diff: 0.0, Sum: 0.8]
      [Update RS (ms): Min: 0.0, Avg: 0.0, Max: 0.1, Diff: 0.1, Sum: 0.1]
         [Processed Buffers: Min: 0, Avg: 1.3, Max: 2, Diff: 2, Sum: 5]
      [Scan RS (ms): Min: 0.0, Avg: 0.0, Max: 0.1, Diff: 0.1, Sum: 0.2]
      [Code Root Scanning (ms): Min: 0.0, Avg: 0.0, Max: 0.0, Diff: 0.0, Sum: 0.0]
      [Object Copy (ms): Min: 139.6, Avg: 139.7, Max: 139.7, Diff: 0.0, Sum: 558.7]
      [Termination (ms): Min: 0.0, Avg: 0.0, Max: 0.0, Diff: 0.0, Sum: 0.0]
         [Termination Attempts: Min: 25, Avg: 31.3, Max: 37, Diff: 12, Sum: 125]
      [GC Worker Other (ms): Min: 0.0, Avg: 0.0, Max: 0.0, Diff: 0.0, Sum: 0.1]
      [GC Worker Total (ms): Min: 140.0, Avg: 140.0, Max: 140.0, Diff: 0.0, Sum: 559.9]
      [GC Worker End (ms): Min: 92735.8, Avg: 92735.8, Max: 92735.8, Diff: 0.0]
   [Code Root Fixup: 0.0 ms]
   [Code Root Purge: 0.0 ms]
   [String Dedup Fixup: 0.1 ms, GC Workers: 4]
      [Queue Fixup (ms): Min: 0.0, Avg: 0.0, Max: 0.0, Diff: 0.0, Sum: 0.1]
      [Table Fixup (ms): Min: 0.1, Avg: 0.1, Max: 0.1, Diff: 0.0, Sum: 0.4]
   [Clear CT: 0.1 ms]
   [Other: 0.5 ms]
      [Choose CSet: 0.0 ms]
      [Ref Proc: 0.0 ms]
      [Ref Enq: 0.0 ms]
      [Redirty Cards: 0.1 ms]
      [Humongous Register: 0.0 ms]
      [Humongous Reclaim: 0.0 ms]
      [Free CSet: 0.2 ms]
   [Eden: 331.0M(331.0M)->0.0B(242.0M) Survivors: 0.0B->42.0M Heap: 1528.3M(2048.0M)->1316.7M(2048.0M)]
 [Times: user=0.56 sys=0.00, real=0.14 secs] 
92.737: [GC concurrent-string-deduplication, 11.8K->11.8K(0.0B), avg 6.1%, 0.0006877 secs]
   [Last Exec: 0.0006877 secs, Idle: 2.2737822 secs, Blocked: 0/0.0000000 secs]
      [Inspected:           13526]
         [Skipped:              0(  0.0%)]
         [Hashed:             251(  1.9%)]
         [Known:            13275( 98.1%)]
         [New:                251(  1.9%)     11.8K]
      [Deduplicated:            0(  0.0%)      0.0B(  0.0%)]
         [Young:                0(  0.0%)      0.0B(  0.0%)]
         [Old:                  0(  0.0%)      0.0B(  0.0%)]
   [Total Exec: 233/0.1563536 secs, Idle: 233/92.3538769 secs, Blocked: 0/0.0000000 secs]
      [Inspected:         1864134]
         [Skipped:              0(  0.0%)]
         [Hashed:           39498(  2.1%)]
         [Known:          1823537( 97.8%)]
         [New:              40597(  2.2%)   1979.0K]
      [Deduplicated:         2265(  5.6%)    120.7K(  6.1%)]
         [Young:                8(  0.4%)    424.0B(  0.3%)]
         [Old:               2257( 99.6%)    120.3K( 99.7%)]
   [Table]
      [Memory Usage: 326.6K]
      [Size: 8192, Min: 1024, Max: 16777216]
      [Entries: 10386, Load: 126.8%, Cached: 819, Added: 43636, Removed: 33250]
      [Resize Count: 3, Shrink Threshold: 5461(66.7%), Grow Threshold: 16384(200.0%)]
      [Rehash Count: 0, Rehash Threshold: 120, Hash Seed: 0x0]
      [Age Threshold: 3]
   [Queue]
      [Dropped: 0]
Heap
 garbage-first heap   total 2097152K, used 1595064K [0x0000000080000000, 0x0000000080104000, 0x0000000100000000)
  region size 1024K, 284 young (290816K), 42 survivors (43008K)
 Metaspace       used 9395K, capacity 9734K, committed 9984K, reserved 1058816K
  class space    used 1094K, capacity 1172K, committed 1280K, reserved 1048576K
