Java HotSpot(TM) 64-Bit Server VM (25.101-b13) for windows-amd64 JRE (1.8.0_101-b13), built on Jun 22 2016 01:21:29 by "java_re" with MS VC++ 10.0 (VS2010)
Memory: 4k page, physical 16664920k(10609532k free), swap 18872148k(10565632k free)
CommandLine flags: -XX:InitialHeapSize=266638720 -XX:MaxHeapSize=2147483648 -XX:+PrintGC -XX:+PrintGCDetails -XX:+PrintGCTimeStamps -XX:+UseCompressedClassPointers -XX:+UseCompressedOops -XX:-UseLargePagesIndividualAllocation -XX:+UseParallelGC 
10.183: [GC (Allocation Failure) [PSYoungGen: 65536K->10746K(76288K)] 65536K->18219K(251392K), 0.0110158 secs] [Times: user=0.00 sys=0.00, real=0.00 secs] 
10.333: [GC (Allocation Failure) [PSYoungGen: 76282K->10734K(76288K)] 83755K->39332K(251392K), 0.0184784 secs] [Times: user=0.06 sys=0.00, real=0.02 secs] 
10.409: [GC (Allocation Failure) [PSYoungGen: 76270K->10751K(76288K)] 104868K->60958K(251392K), 0.0169177 secs] [Times: user=0.06 sys=0.00, real=0.02 secs] 
10.480: [GC (Allocation Failure) [PSYoungGen: 76287K->10734K(141824K)] 126494K->82877K(316928K), 0.0204359 secs] [Times: user=0.03 sys=0.03, real=0.01 secs] 
10.614: [GC (Allocation Failure) [PSYoungGen: 141806K->10743K(141824K)] 213949K->126274K(316928K), 0.0411835 secs] [Times: user=0.19 sys=0.00, real=0.05 secs] 
10.761: [GC (Allocation Failure) [PSYoungGen: 141815K->54054K(310272K)] 257346K->169586K(485376K), 0.0490397 secs] [Times: user=0.14 sys=0.00, real=0.05 secs] 
11.041: [GC (Allocation Failure) [PSYoungGen: 308518K->63477K(317952K)] 424050K->252207K(506880K), 0.0827363 secs] [Times: user=0.31 sys=0.05, real=0.09 secs] 
11.124: [Full GC (Ergonomics) [PSYoungGen: 63477K->62901K(317952K)] [ParOldGen: 188730K->188657K(355840K)] 252207K->251558K(673792K), [Metaspace: 9036K->9036K(1058816K)], 4.2926006 secs] [Times: user=4.86 sys=0.00, real=4.28 secs] 
15.658: [GC (Allocation Failure) [PSYoungGen: 317365K->110063K(462848K)] 506022K->333997K(818688K), 0.0924652 secs] [Times: user=0.36 sys=0.01, real=0.09 secs] 
16.029: [GC (Allocation Failure) [PSYoungGen: 462831K->143865K(555008K)] 686765K->450876K(910848K), 0.1274903 secs] [Times: user=0.39 sys=0.08, real=0.13 secs] 
16.157: [Full GC (Ergonomics) [PSYoungGen: 143865K->95051K(555008K)] [ParOldGen: 307010K->355777K(614912K)] 450876K->450829K(1169920K), [Metaspace: 9038K->9038K(1058816K)], 4.2890728 secs] [Times: user=7.22 sys=0.01, real=4.30 secs] 
20.785: [GC (Allocation Failure) [PSYoungGen: 506187K->143846K(376832K)] 861965K->585180K(991744K), 0.1150263 secs] [Times: user=0.41 sys=0.01, real=0.12 secs] 
21.101: [GC (Allocation Failure) [PSYoungGen: 376806K->77136K(465920K)] 818140K->662138K(1080832K), 0.1147335 secs] [Times: user=0.45 sys=0.05, real=0.13 secs] 
21.216: [Full GC (Ergonomics) [PSYoungGen: 77136K->47193K(465920K)] [ParOldGen: 585002K->614856K(1001472K)] 662138K->662050K(1467392K), [Metaspace: 9074K->9074K(1058816K)], 5.2644898 secs] [Times: user=6.08 sys=0.00, real=5.27 secs] 
26.684: [GC (Allocation Failure) [PSYoungGen: 280153K->122883K(459776K)] 895010K->737748K(1461248K), 0.0741741 secs] [Times: user=0.25 sys=0.00, real=0.06 secs] 
26.955: [GC (Allocation Failure) [PSYoungGen: 355843K->200112K(462848K)] 970708K->814977K(1464320K), 0.0978254 secs] [Times: user=0.38 sys=0.00, real=0.09 secs] 
27.255: [GC (Allocation Failure) [PSYoungGen: 433072K->154344K(465920K)] 1047937K->891912K(1467392K), 0.1267320 secs] [Times: user=0.47 sys=0.03, real=0.13 secs] 
27.568: [GC (Allocation Failure) [PSYoungGen: 387304K->77286K(465920K)] 1124872K->968949K(1467392K), 0.1089114 secs] [Times: user=0.31 sys=0.11, real=0.11 secs] 
27.677: [Full GC (Ergonomics) [PSYoungGen: 77286K->0K(465920K)] [ParOldGen: 891662K->968542K(1398272K)] 968949K->968542K(1864192K), [Metaspace: 9095K->9095K(1058816K)], 5.4603029 secs] [Times: user=8.66 sys=0.03, real=5.46 secs] 
33.326: [GC (Allocation Failure) [PSYoungGen: 232710K->77036K(465920K)] 1201253K->1045586K(1864192K), 0.0270569 secs] [Times: user=0.13 sys=0.00, real=0.03 secs] 
33.536: [GC (Allocation Failure) [PSYoungGen: 309996K->77617K(310784K)] 1278546K->1122913K(1709056K), 0.0541019 secs] [Times: user=0.16 sys=0.03, real=0.05 secs] 
33.777: [GC (Allocation Failure) [PSYoungGen: 310577K->154861K(462848K)] 1355873K->1200158K(1861120K), 0.0498525 secs] [Times: user=0.25 sys=0.00, real=0.06 secs] 
34.013: [GC (Allocation Failure) [PSYoungGen: 386285K->76758K(464384K)] 1431582K->1276782K(1862656K), 0.0785917 secs] [Times: user=0.30 sys=0.02, real=0.08 secs] 
34.292: [GC (Allocation Failure) [PSYoungGen: 308182K->153508K(461312K)] 1508206K->1353540K(1859584K), 0.0492120 secs] [Times: user=0.19 sys=0.00, real=0.05 secs] 
34.523: [GC (Allocation Failure) [PSYoungGen: 384932K->76956K(464384K)] 1584964K->1430242K(1862656K), 0.0873151 secs] [Times: user=0.27 sys=0.11, real=0.09 secs] 
34.610: [Full GC (Ergonomics) [PSYoungGen: 76956K->0K(464384K)] [ParOldGen: 1353285K->1217982K(1398272K)] 1430242K->1217982K(1862656K), [Metaspace: 9125K->9125K(1058816K)], 6.6214246 secs] [Times: user=10.03 sys=0.00, real=6.62 secs] 
41.421: [Full GC (Ergonomics) [PSYoungGen: 231424K->0K(464384K)] [ParOldGen: 1217982K->1203101K(1398272K)] 1449406K->1203101K(1862656K), [Metaspace: 9134K->9134K(1058816K)], 2.3904969 secs] [Times: user=3.92 sys=0.00, real=2.39 secs] 
43.999: [Full GC (Ergonomics) [PSYoungGen: 231424K->0K(464384K)] [ParOldGen: 1203101K->1209039K(1398272K)] 1434525K->1209039K(1862656K), [Metaspace: 9157K->9157K(1058816K)], 2.5131280 secs] [Times: user=4.19 sys=0.00, real=2.52 secs] 
46.706: [Full GC (Ergonomics) [PSYoungGen: 231424K->0K(464384K)] [ParOldGen: 1209039K->1213307K(1398272K)] 1440463K->1213307K(1862656K), [Metaspace: 9164K->9164K(1058816K)], 2.2879374 secs] [Times: user=3.78 sys=0.00, real=2.29 secs] 
49.182: [Full GC (Ergonomics) [PSYoungGen: 231424K->0K(464384K)] [ParOldGen: 1213307K->1214259K(1398272K)] 1444731K->1214259K(1862656K), [Metaspace: 9173K->9173K(1058816K)], 2.3115461 secs] [Times: user=3.86 sys=0.00, real=2.31 secs] 
51.683: [Full GC (Ergonomics) [PSYoungGen: 231424K->0K(464384K)] [ParOldGen: 1214259K->1218272K(1398272K)] 1445683K->1218272K(1862656K), [Metaspace: 9176K->9176K(1058816K)], 2.3410130 secs] [Times: user=3.89 sys=0.00, real=2.35 secs] 
54.210: [Full GC (Ergonomics) [PSYoungGen: 231424K->0K(464384K)] [ParOldGen: 1218272K->1220966K(1398272K)] 1449696K->1220966K(1862656K), [Metaspace: 9180K->9180K(1058816K)], 2.1340956 secs] [Times: user=3.67 sys=0.00, real=2.14 secs] 
56.528: [Full GC (Ergonomics) [PSYoungGen: 231424K->0K(464384K)] [ParOldGen: 1220966K->1203660K(1398272K)] 1452390K->1203660K(1862656K), [Metaspace: 9192K->9192K(1058816K)], 2.1509562 secs] [Times: user=3.55 sys=0.00, real=2.15 secs] 
58.874: [Full GC (Ergonomics) [PSYoungGen: 231424K->0K(464384K)] [ParOldGen: 1203660K->1207646K(1398272K)] 1435084K->1207646K(1862656K), [Metaspace: 9203K->9203K(1058816K)], 2.0836125 secs] [Times: user=3.41 sys=0.00, real=2.09 secs] 
61.154: [Full GC (Ergonomics) [PSYoungGen: 231424K->0K(464384K)] [ParOldGen: 1207646K->1214741K(1398272K)] 1439070K->1214741K(1862656K), [Metaspace: 9210K->9210K(1058816K)], 2.1488175 secs] [Times: user=3.63 sys=0.00, real=2.15 secs] 
63.485: [Full GC (Ergonomics) [PSYoungGen: 231424K->0K(464384K)] [ParOldGen: 1214741K->1217579K(1398272K)] 1446165K->1217579K(1862656K), [Metaspace: 9231K->9231K(1058816K)], 2.2707541 secs] [Times: user=3.83 sys=0.00, real=2.28 secs] 
65.945: [Full GC (Ergonomics) [PSYoungGen: 231424K->0K(464384K)] [ParOldGen: 1217579K->1224808K(1398272K)] 1449003K->1224808K(1862656K), [Metaspace: 9239K->9239K(1058816K)], 2.0643326 secs] [Times: user=3.47 sys=0.00, real=2.06 secs] 
68.191: [Full GC (Ergonomics) [PSYoungGen: 231424K->0K(464384K)] [ParOldGen: 1224808K->1204457K(1398272K)] 1456232K->1204457K(1862656K), [Metaspace: 9242K->9242K(1058816K)], 1.9198989 secs] [Times: user=3.27 sys=0.00, real=1.92 secs] 
70.295: [Full GC (Ergonomics) [PSYoungGen: 231424K->0K(464384K)] [ParOldGen: 1204457K->1209655K(1398272K)] 1435881K->1209655K(1862656K), [Metaspace: 9248K->9248K(1058816K)], 1.8625213 secs] [Times: user=3.14 sys=0.00, real=1.87 secs] 
72.350: [Full GC (Ergonomics) [PSYoungGen: 231424K->0K(464384K)] [ParOldGen: 1209655K->1213325K(1398272K)] 1441079K->1213325K(1862656K), [Metaspace: 9252K->9252K(1058816K)], 2.0280525 secs] [Times: user=3.55 sys=0.00, real=2.03 secs] 
74.563: [Full GC (Ergonomics) [PSYoungGen: 231424K->0K(464384K)] [ParOldGen: 1213325K->1215724K(1398272K)] 1444749K->1215724K(1862656K), [Metaspace: 9267K->9267K(1058816K)], 2.0803423 secs] [Times: user=3.59 sys=0.00, real=2.09 secs] 
76.831: [Full GC (Ergonomics) [PSYoungGen: 231424K->0K(464384K)] [ParOldGen: 1215724K->1200533K(1398272K)] 1447148K->1200533K(1862656K), [Metaspace: 9290K->9290K(1058816K)], 2.1951726 secs] [Times: user=3.73 sys=0.00, real=2.19 secs] 
79.217: [Full GC (Ergonomics) [PSYoungGen: 231424K->0K(464384K)] [ParOldGen: 1200533K->1205617K(1398272K)] 1431957K->1205617K(1862656K), [Metaspace: 9305K->9305K(1058816K)], 1.8299079 secs] [Times: user=3.20 sys=0.00, real=1.84 secs] 
81.238: [Full GC (Ergonomics) [PSYoungGen: 231424K->0K(464384K)] [ParOldGen: 1205617K->1205023K(1398272K)] 1437041K->1205023K(1862656K), [Metaspace: 9316K->9316K(1058816K)], 2.1021740 secs] [Times: user=3.55 sys=0.00, real=2.10 secs] 
83.538: [Full GC (Ergonomics) [PSYoungGen: 231424K->0K(464384K)] [ParOldGen: 1205023K->1209203K(1398272K)] 1436447K->1209203K(1862656K), [Metaspace: 9323K->9323K(1058816K)], 2.0981134 secs] [Times: user=3.53 sys=0.00, real=2.10 secs] 
85.825: [Full GC (Ergonomics) [PSYoungGen: 231424K->0K(464384K)] [ParOldGen: 1209203K->1212223K(1398272K)] 1440627K->1212223K(1862656K), [Metaspace: 9328K->9328K(1058816K)], 2.0636276 secs] [Times: user=3.44 sys=0.00, real=2.06 secs] 
88.079: [Full GC (Ergonomics) [PSYoungGen: 231424K->0K(464384K)] [ParOldGen: 1212223K->1215771K(1398272K)] 1443647K->1215771K(1862656K), [Metaspace: 9328K->9328K(1058816K)], 2.1535593 secs] [Times: user=3.63 sys=0.00, real=2.15 secs] 
90.422: [Full GC (Ergonomics) [PSYoungGen: 231424K->0K(464384K)] [ParOldGen: 1215771K->1200353K(1398272K)] 1447195K->1200353K(1862656K), [Metaspace: 9331K->9331K(1058816K)], 2.0880602 secs] [Times: user=3.55 sys=0.00, real=2.09 secs] 
92.695: [Full GC (Ergonomics) [PSYoungGen: 231424K->0K(464384K)] [ParOldGen: 1200353K->1205926K(1398272K)] 1431777K->1205926K(1862656K), [Metaspace: 9337K->9337K(1058816K)], 2.0930272 secs] [Times: user=3.64 sys=0.00, real=2.09 secs] 
94.978: [Full GC (Ergonomics) [PSYoungGen: 231424K->0K(464384K)] [ParOldGen: 1205926K->1209601K(1398272K)] 1437350K->1209601K(1862656K), [Metaspace: 9338K->9338K(1058816K)], 2.1147746 secs] [Times: user=3.73 sys=0.00, real=2.10 secs] 
97.276: [Full GC (Ergonomics) [PSYoungGen: 231424K->0K(464384K)] [ParOldGen: 1209601K->1215609K(1398272K)] 1441025K->1215609K(1862656K), [Metaspace: 9340K->9340K(1058816K)], 2.2069733 secs] [Times: user=3.66 sys=0.00, real=2.21 secs] 
99.672: [Full GC (Ergonomics) [PSYoungGen: 231171K->0K(464384K)] [ParOldGen: 1215609K->1220325K(1398272K)] 1446780K->1220325K(1862656K), [Metaspace: 9343K->9343K(1058816K)], 2.0907140 secs] [Times: user=3.58 sys=0.00, real=2.09 secs] 
101.953: [Full GC (Ergonomics) [PSYoungGen: 231424K->0K(464384K)] [ParOldGen: 1220325K->1226311K(1398272K)] 1451749K->1226311K(1862656K), [Metaspace: 9352K->9352K(1058816K)], 2.2167673 secs] [Times: user=3.67 sys=0.00, real=2.22 secs] 
104.361: [Full GC (Ergonomics) [PSYoungGen: 231190K->0K(464384K)] [ParOldGen: 1226311K->1228758K(1398272K)] 1457501K->1228758K(1862656K), [Metaspace: 9353K->9353K(1058816K)], 2.2877966 secs] [Times: user=3.73 sys=0.00, real=2.29 secs] 
106.839: [Full GC (Ergonomics) [PSYoungGen: 231424K->0K(464384K)] [ParOldGen: 1228758K->1213188K(1398272K)] 1460182K->1213188K(1862656K), [Metaspace: 9367K->9367K(1058816K)], 2.2356951 secs] [Times: user=3.67 sys=0.00, real=2.24 secs] 
109.267: [Full GC (Ergonomics) [PSYoungGen: 231424K->0K(464384K)] [ParOldGen: 1213188K->1223162K(1398272K)] 1444612K->1223162K(1862656K), [Metaspace: 9371K->9371K(1058816K)], 2.1696123 secs] [Times: user=3.58 sys=0.00, real=2.18 secs] 
111.622: [Full GC (Ergonomics) [PSYoungGen: 231192K->0K(464384K)] [ParOldGen: 1223162K->1225160K(1398272K)] 1454354K->1225160K(1862656K), [Metaspace: 9378K->9378K(1058816K)], 1.9648881 secs] [Times: user=3.36 sys=0.00, real=1.97 secs] 
113.770: [Full GC (Ergonomics) [PSYoungGen: 231279K->0K(464384K)] [ParOldGen: 1225160K->1229077K(1398272K)] 1456440K->1229077K(1862656K), [Metaspace: 9382K->9382K(1058816K)], 2.0688960 secs] [Times: user=3.55 sys=0.00, real=2.08 secs] 
116.031: [Full GC (Ergonomics) [PSYoungGen: 231424K->0K(464384K)] [ParOldGen: 1229077K->1231320K(1398272K)] 1460501K->1231320K(1862656K), [Metaspace: 9385K->9385K(1058816K)], 2.0930063 secs] [Times: user=3.56 sys=0.00, real=2.09 secs] 
118.313: [Full GC (Ergonomics) [PSYoungGen: 231424K->0K(464384K)] [ParOldGen: 1231320K->1212384K(1398272K)] 1462744K->1212384K(1862656K), [Metaspace: 9386K->9386K(1058816K)], 2.1751216 secs] [Times: user=3.66 sys=0.00, real=2.17 secs] 
120.691: [Full GC (Ergonomics) [PSYoungGen: 231424K->0K(464384K)] [ParOldGen: 1212384K->1217071K(1398272K)] 1443808K->1217071K(1862656K), [Metaspace: 9391K->9391K(1058816K)], 2.1115389 secs] [Times: user=3.59 sys=0.00, real=2.12 secs] 
122.987: [Full GC (Ergonomics) [PSYoungGen: 231424K->0K(464384K)] [ParOldGen: 1217071K->1219504K(1398272K)] 1448495K->1219504K(1862656K), [Metaspace: 9391K->9391K(1058816K)], 1.9805600 secs] [Times: user=3.34 sys=0.00, real=1.98 secs] 
125.163: [Full GC (Ergonomics) [PSYoungGen: 231424K->0K(464384K)] [ParOldGen: 1219504K->1228376K(1398272K)] 1450928K->1228376K(1862656K), [Metaspace: 9391K->9391K(1058816K)], 1.8704394 secs] [Times: user=3.28 sys=0.00, real=1.88 secs] 
127.219: [Full GC (Ergonomics) [PSYoungGen: 231424K->0K(464384K)] [ParOldGen: 1228376K->1233074K(1398272K)] 1459800K->1233074K(1862656K), [Metaspace: 9396K->9396K(1058816K)], 2.1652640 secs] [Times: user=3.53 sys=0.00, real=2.17 secs] 
129.567: [Full GC (Ergonomics) [PSYoungGen: 231424K->0K(464384K)] [ParOldGen: 1233074K->1237545K(1398272K)] 1464498K->1237545K(1862656K), [Metaspace: 9397K->9397K(1058816K)], 2.3340449 secs] [Times: user=3.78 sys=0.00, real=2.32 secs] 
132.099: [Full GC (Ergonomics) [PSYoungGen: 231424K->0K(464384K)] [ParOldGen: 1237545K->1216877K(1398272K)] 1468969K->1216877K(1862656K), [Metaspace: 9397K->9397K(1058816K)], 2.2831998 secs] [Times: user=3.72 sys=0.00, real=2.29 secs] 
134.566: [Full GC (Ergonomics) [PSYoungGen: 231424K->0K(464384K)] [ParOldGen: 1216877K->1216878K(1398272K)] 1448301K->1216878K(1862656K), [Metaspace: 9397K->9397K(1058816K)], 1.9058900 secs] [Times: user=3.25 sys=0.00, real=1.91 secs] 
136.664: [Full GC (Ergonomics) [PSYoungGen: 231424K->0K(464384K)] [ParOldGen: 1216878K->1222676K(1398272K)] 1448302K->1222676K(1862656K), [Metaspace: 9406K->9406K(1058816K)], 2.2575227 secs] [Times: user=3.56 sys=0.00, real=2.26 secs] 
139.117: [Full GC (Ergonomics) [PSYoungGen: 231424K->0K(464384K)] [ParOldGen: 1222676K->1227336K(1398272K)] 1454100K->1227336K(1862656K), [Metaspace: 9406K->9406K(1058816K)], 2.2632036 secs] [Times: user=3.61 sys=0.00, real=2.26 secs] 
141.575: [Full GC (Ergonomics) [PSYoungGen: 231424K->0K(464384K)] [ParOldGen: 1227336K->1226550K(1398272K)] 1458760K->1226550K(1862656K), [Metaspace: 9406K->9406K(1058816K)], 2.1118218 secs] [Times: user=3.53 sys=0.00, real=2.11 secs] 
143.885: [Full GC (Ergonomics) [PSYoungGen: 231424K->0K(464384K)] [ParOldGen: 1226550K->1231070K(1398272K)] 1457974K->1231070K(1862656K), [Metaspace: 9407K->9407K(1058816K)], 2.3020871 secs] [Times: user=3.88 sys=0.02, real=2.30 secs] 
146.374: [Full GC (Ergonomics) [PSYoungGen: 231424K->0K(464384K)] [ParOldGen: 1231070K->1207086K(1398272K)] 1462494K->1207086K(1862656K), [Metaspace: 9407K->9407K(1058816K)], 2.3046720 secs] [Times: user=3.73 sys=0.00, real=2.30 secs] 
148.872: [Full GC (Ergonomics) [PSYoungGen: 231424K->0K(464384K)] [ParOldGen: 1207086K->1213164K(1398272K)] 1438510K->1213164K(1862656K), [Metaspace: 9407K->9407K(1058816K)], 2.1247255 secs] [Times: user=3.47 sys=0.00, real=2.13 secs] 
151.190: [Full GC (Ergonomics) [PSYoungGen: 231424K->0K(464384K)] [ParOldGen: 1213164K->1213279K(1398272K)] 1444588K->1213279K(1862656K), [Metaspace: 9407K->9407K(1058816K)], 1.9907175 secs] [Times: user=3.31 sys=0.00, real=1.99 secs] 
153.374: [Full GC (Ergonomics) [PSYoungGen: 231424K->0K(464384K)] [ParOldGen: 1213279K->1223208K(1398272K)] 1444703K->1223208K(1862656K), [Metaspace: 9407K->9407K(1058816K)], 2.0911326 secs] [Times: user=3.55 sys=0.00, real=2.09 secs] 
155.653: [Full GC (Ergonomics) [PSYoungGen: 231424K->0K(464384K)] [ParOldGen: 1223208K->1227606K(1398272K)] 1454632K->1227606K(1862656K), [Metaspace: 9407K->9407K(1058816K)], 2.0103358 secs] [Times: user=3.39 sys=0.00, real=2.01 secs] 
157.857: [Full GC (Ergonomics) [PSYoungGen: 231424K->0K(464384K)] [ParOldGen: 1227606K->1228765K(1398272K)] 1459030K->1228765K(1862656K), [Metaspace: 9407K->9407K(1058816K)], 2.2119521 secs] [Times: user=3.67 sys=0.00, real=2.21 secs] 
160.259: [Full GC (Ergonomics) [PSYoungGen: 231424K->0K(464384K)] [ParOldGen: 1228765K->1209635K(1398272K)] 1460189K->1209635K(1862656K), [Metaspace: 9407K->9407K(1058816K)], 2.1450241 secs] [Times: user=3.63 sys=0.00, real=2.14 secs] 
162.595: [Full GC (Ergonomics) [PSYoungGen: 231079K->0K(464384K)] [ParOldGen: 1209635K->1217168K(1398272K)] 1440714K->1217168K(1862656K), [Metaspace: 9407K->9407K(1058816K)], 2.0960174 secs] [Times: user=3.61 sys=0.00, real=2.10 secs] 
164.881: [Full GC (Ergonomics) [PSYoungGen: 231424K->0K(464384K)] [ParOldGen: 1217168K->1221995K(1398272K)] 1448592K->1221995K(1862656K), [Metaspace: 9408K->9408K(1058816K)], 2.1480516 secs] [Times: user=3.77 sys=0.00, real=2.15 secs] 
167.218: [Full GC (Ergonomics) [PSYoungGen: 231424K->0K(464384K)] [ParOldGen: 1221995K->1227369K(1398272K)] 1453419K->1227369K(1862656K), [Metaspace: 9408K->9408K(1058816K)], 2.1258192 secs] [Times: user=3.58 sys=0.00, real=2.13 secs] 
169.539: [Full GC (Ergonomics) [PSYoungGen: 231424K->0K(464384K)] [ParOldGen: 1227369K->1209373K(1398272K)] 1458793K->1209373K(1862656K), [Metaspace: 9410K->9410K(1058816K)], 2.2896867 secs] [Times: user=3.61 sys=0.00, real=2.29 secs] 
172.053: [Full GC (Ergonomics) [PSYoungGen: 231424K->0K(464384K)] [ParOldGen: 1209373K->1211946K(1398272K)] 1440797K->1211946K(1862656K), [Metaspace: 9412K->9412K(1058816K)], 2.2398420 secs] [Times: user=3.24 sys=0.00, real=2.24 secs] 
174.495: [Full GC (Ergonomics) [PSYoungGen: 231424K->0K(464384K)] [ParOldGen: 1211946K->1216858K(1398272K)] 1443370K->1216858K(1862656K), [Metaspace: 9412K->9412K(1058816K)], 2.2267856 secs] [Times: user=3.50 sys=0.00, real=2.23 secs] 
176.922: [Full GC (Ergonomics) [PSYoungGen: 231424K->0K(464384K)] [ParOldGen: 1216858K->1221271K(1398272K)] 1448282K->1221271K(1862656K), [Metaspace: 9412K->9412K(1058816K)], 2.3177883 secs] [Times: user=3.78 sys=0.00, real=2.32 secs] 
179.435: [Full GC (Ergonomics) [PSYoungGen: 231424K->0K(464384K)] [ParOldGen: 1221271K->1197232K(1398272K)] 1452695K->1197232K(1862656K), [Metaspace: 9412K->9412K(1058816K)], 2.1882405 secs] [Times: user=3.69 sys=0.00, real=2.19 secs] 
181.827: [Full GC (Ergonomics) [PSYoungGen: 231424K->0K(464384K)] [ParOldGen: 1197232K->1200824K(1398272K)] 1428656K->1200824K(1862656K), [Metaspace: 9422K->9422K(1058816K)], 2.1801928 secs] [Times: user=3.67 sys=0.00, real=2.18 secs] 
184.204: [Full GC (Ergonomics) [PSYoungGen: 231424K->0K(464384K)] [ParOldGen: 1200824K->1206475K(1398272K)] 1432248K->1206475K(1862656K), [Metaspace: 9434K->9434K(1058816K)], 2.1051995 secs] [Times: user=3.47 sys=0.00, real=2.11 secs] 
186.501: [Full GC (Ergonomics) [PSYoungGen: 231424K->0K(464384K)] [ParOldGen: 1206475K->1207494K(1398272K)] 1437899K->1207494K(1862656K), [Metaspace: 9434K->9434K(1058816K)], 2.1895578 secs] [Times: user=3.64 sys=0.00, real=2.19 secs] 
188.887: [Full GC (Ergonomics) [PSYoungGen: 231424K->0K(464384K)] [ParOldGen: 1207494K->1213242K(1398272K)] 1438918K->1213242K(1862656K), [Metaspace: 9434K->9434K(1058816K)], 2.1507188 secs] [Times: user=3.69 sys=0.00, real=2.15 secs] 
191.229: [Full GC (Ergonomics) [PSYoungGen: 231424K->0K(464384K)] [ParOldGen: 1213242K->1221146K(1398272K)] 1444666K->1221146K(1862656K), [Metaspace: 9434K->9434K(1058816K)], 2.2927344 secs] [Times: user=3.72 sys=0.00, real=2.29 secs] 
193.716: [Full GC (Ergonomics) [PSYoungGen: 231424K->0K(464384K)] [ParOldGen: 1221146K->1202565K(1398272K)] 1452570K->1202565K(1862656K), [Metaspace: 9434K->9434K(1058816K)], 2.3194196 secs] [Times: user=3.77 sys=0.00, real=2.32 secs] 
196.228: [Full GC (Ergonomics) [PSYoungGen: 231424K->0K(464384K)] [ParOldGen: 1202565K->1204539K(1398272K)] 1433989K->1204539K(1862656K), [Metaspace: 9434K->9434K(1058816K)], 1.9861707 secs] [Times: user=3.44 sys=0.00, real=1.99 secs] 
198.404: [Full GC (Ergonomics) [PSYoungGen: 231424K->0K(464384K)] [ParOldGen: 1204539K->1208471K(1398272K)] 1435963K->1208471K(1862656K), [Metaspace: 9434K->9434K(1058816K)], 2.0660655 secs] [Times: user=3.47 sys=0.00, real=2.07 secs] 
200.662: [Full GC (Ergonomics) [PSYoungGen: 231424K->0K(464384K)] [ParOldGen: 1208471K->1212975K(1398272K)] 1439895K->1212975K(1862656K), [Metaspace: 9434K->9434K(1058816K)], 2.1499276 secs] [Times: user=3.50 sys=0.00, real=2.15 secs] 
203.002: [Full GC (Ergonomics) [PSYoungGen: 231424K->0K(464384K)] [ParOldGen: 1212975K->1217861K(1398272K)] 1444399K->1217861K(1862656K), [Metaspace: 9434K->9434K(1058816K)], 2.1262811 secs] [Times: user=3.70 sys=0.00, real=2.13 secs] 
205.321: [Full GC (Ergonomics) [PSYoungGen: 231424K->0K(464384K)] [ParOldGen: 1217861K->1198756K(1398272K)] 1449285K->1198756K(1862656K), [Metaspace: 9435K->9435K(1058816K)], 2.1872828 secs] [Times: user=3.58 sys=0.02, real=2.19 secs] 
207.703: [Full GC (Ergonomics) [PSYoungGen: 231424K->0K(464384K)] [ParOldGen: 1198756K->1205271K(1398272K)] 1430180K->1205271K(1862656K), [Metaspace: 9435K->9435K(1058816K)], 2.0288020 secs] [Times: user=3.48 sys=0.01, real=2.03 secs] 
209.923: [Full GC (Ergonomics) [PSYoungGen: 231424K->0K(464384K)] [ParOldGen: 1205271K->1214880K(1398272K)] 1436695K->1214880K(1862656K), [Metaspace: 9435K->9435K(1058816K)], 2.1498455 secs] [Times: user=3.66 sys=0.00, real=2.15 secs] 
212.266: [Full GC (Ergonomics) [PSYoungGen: 231424K->0K(464384K)] [ParOldGen: 1214880K->1220100K(1398272K)] 1446304K->1220100K(1862656K), [Metaspace: 9435K->9435K(1058816K)], 2.1232863 secs] [Times: user=3.56 sys=0.00, real=2.12 secs] 
214.584: [Full GC (Ergonomics) [PSYoungGen: 231424K->0K(464384K)] [ParOldGen: 1220100K->1201804K(1398272K)] 1451524K->1201804K(1862656K), [Metaspace: 9435K->9435K(1058816K)], 2.1846806 secs] [Times: user=3.63 sys=0.00, real=2.18 secs] 
216.962: [Full GC (Ergonomics) [PSYoungGen: 231424K->0K(464384K)] [ParOldGen: 1201804K->1202991K(1398272K)] 1433228K->1202991K(1862656K), [Metaspace: 9437K->9437K(1058816K)], 2.0686285 secs] [Times: user=3.53 sys=0.00, real=2.07 secs] 
219.226: [Full GC (Ergonomics) [PSYoungGen: 231370K->0K(464384K)] [ParOldGen: 1202991K->1206124K(1398272K)] 1434361K->1206124K(1862656K), [Metaspace: 9437K->9437K(1058816K)], 2.1695478 secs] [Times: user=3.59 sys=0.00, real=2.17 secs] 
221.586: [Full GC (Ergonomics) [PSYoungGen: 231424K->0K(464384K)] [ParOldGen: 1206124K->1211472K(1398272K)] 1437548K->1211472K(1862656K), [Metaspace: 9437K->9437K(1058816K)], 2.2869091 secs] [Times: user=3.88 sys=0.00, real=2.29 secs] 
224.066: [Full GC (Ergonomics) [PSYoungGen: 231424K->0K(464384K)] [ParOldGen: 1211472K->1193881K(1398272K)] 1442896K->1193881K(1862656K), [Metaspace: 9437K->9437K(1058816K)], 2.0650905 secs] [Times: user=3.53 sys=0.00, real=2.06 secs] 
226.319: [Full GC (Ergonomics) [PSYoungGen: 231313K->0K(464384K)] [ParOldGen: 1193881K->1197806K(1398272K)] 1425194K->1197806K(1862656K), [Metaspace: 9437K->9437K(1058816K)], 2.1312381 secs] [Times: user=3.51 sys=0.00, real=2.13 secs] 
228.641: [Full GC (Ergonomics) [PSYoungGen: 231424K->0K(464384K)] [ParOldGen: 1197806K->1202800K(1398272K)] 1429230K->1202800K(1862656K), [Metaspace: 9438K->9438K(1058816K)], 2.0952345 secs] [Times: user=3.48 sys=0.00, real=2.10 secs] 
230.927: [Full GC (Ergonomics) [PSYoungGen: 231424K->0K(464384K)] [ParOldGen: 1202800K->1206815K(1398272K)] 1434224K->1206815K(1862656K), [Metaspace: 9439K->9439K(1058816K)], 2.1174361 secs] [Times: user=3.64 sys=0.00, real=2.12 secs] 
233.239: [Full GC (Ergonomics) [PSYoungGen: 231424K->0K(464384K)] [ParOldGen: 1206815K->1210058K(1398272K)] 1438239K->1210058K(1862656K), [Metaspace: 9439K->9439K(1058816K)], 2.1988711 secs] [Times: user=3.67 sys=0.00, real=2.20 secs] 
235.631: [Full GC (Ergonomics) [PSYoungGen: 231424K->0K(464384K)] [ParOldGen: 1210058K->1189788K(1398272K)] 1441482K->1189788K(1862656K), [Metaspace: 9439K->9439K(1058816K)], 2.3034060 secs] [Times: user=3.88 sys=0.00, real=2.30 secs] 
238.130: [Full GC (Ergonomics) [PSYoungGen: 231424K->0K(464384K)] [ParOldGen: 1189788K->1196253K(1398272K)] 1421212K->1196253K(1862656K), [Metaspace: 9439K->9439K(1058816K)], 2.2149904 secs] [Times: user=3.64 sys=0.00, real=2.21 secs] 
240.539: [Full GC (Ergonomics) [PSYoungGen: 231424K->0K(464384K)] [ParOldGen: 1196253K->1202632K(1398272K)] 1427677K->1202632K(1862656K), [Metaspace: 9439K->9439K(1058816K)], 2.2130936 secs] [Times: user=3.59 sys=0.00, real=2.21 secs] 
242.946: [Full GC (Ergonomics) [PSYoungGen: 231424K->0K(464384K)] [ParOldGen: 1202632K->1207667K(1398272K)] 1434056K->1207667K(1862656K), [Metaspace: 9439K->9439K(1058816K)], 2.2242829 secs] [Times: user=3.73 sys=0.00, real=2.22 secs] 
245.367: [Full GC (Ergonomics) [PSYoungGen: 231424K->0K(464384K)] [ParOldGen: 1207667K->1185431K(1398272K)] 1439091K->1185431K(1862656K), [Metaspace: 9439K->9439K(1058816K)], 2.2550838 secs] [Times: user=3.78 sys=0.00, real=2.26 secs] 
247.817: [Full GC (Ergonomics) [PSYoungGen: 231424K->0K(464384K)] [ParOldGen: 1185431K->1190930K(1398272K)] 1416855K->1190930K(1862656K), [Metaspace: 9439K->9439K(1058816K)], 2.1262358 secs] [Times: user=3.47 sys=0.00, real=2.13 secs] 
250.141: [Full GC (Ergonomics) [PSYoungGen: 231424K->0K(464384K)] [ParOldGen: 1190930K->1197881K(1398272K)] 1422354K->1197881K(1862656K), [Metaspace: 9441K->9441K(1058816K)], 2.1668186 secs] [Times: user=3.53 sys=0.00, real=2.17 secs] 
252.502: [Full GC (Ergonomics) [PSYoungGen: 231424K->0K(464384K)] [ParOldGen: 1197881K->1205777K(1398272K)] 1429305K->1205777K(1862656K), [Metaspace: 9441K->9441K(1058816K)], 2.1225919 secs] [Times: user=3.67 sys=0.00, real=2.12 secs] 
254.821: [Full GC (Ergonomics) [PSYoungGen: 231424K->0K(464384K)] [ParOldGen: 1205777K->1192291K(1398272K)] 1437201K->1192291K(1862656K), [Metaspace: 9441K->9441K(1058816K)], 2.1808167 secs] [Times: user=3.72 sys=0.00, real=2.18 secs] 
257.196: [Full GC (Ergonomics) [PSYoungGen: 231424K->0K(464384K)] [ParOldGen: 1192291K->1197118K(1398272K)] 1423715K->1197118K(1862656K), [Metaspace: 9441K->9441K(1058816K)], 2.0660267 secs] [Times: user=3.50 sys=0.00, real=2.07 secs] 
259.457: [Full GC (Ergonomics) [PSYoungGen: 231424K->0K(464384K)] [ParOldGen: 1197118K->1201141K(1398272K)] 1428542K->1201141K(1862656K), [Metaspace: 9442K->9442K(1058816K)], 2.1597707 secs] [Times: user=3.61 sys=0.00, real=2.16 secs] 
261.810: [Full GC (Ergonomics) [PSYoungGen: 231424K->0K(464384K)] [ParOldGen: 1201141K->1206211K(1398272K)] 1432565K->1206211K(1862656K), [Metaspace: 9442K->9442K(1058816K)], 2.1264334 secs] [Times: user=3.64 sys=0.02, real=2.13 secs] 
264.134: [Full GC (Ergonomics) [PSYoungGen: 231424K->0K(464384K)] [ParOldGen: 1206211K->1185742K(1398272K)] 1437635K->1185742K(1862656K), [Metaspace: 9442K->9442K(1058816K)], 2.0225617 secs] [Times: user=3.42 sys=0.00, real=2.02 secs] 
266.358: [Full GC (Ergonomics) [PSYoungGen: 231424K->0K(464384K)] [ParOldGen: 1185742K->1192583K(1398272K)] 1417166K->1192583K(1862656K), [Metaspace: 9442K->9442K(1058816K)], 1.9073994 secs] [Times: user=3.23 sys=0.00, real=1.91 secs] 
268.458: [Full GC (Ergonomics) [PSYoungGen: 231424K->0K(464384K)] [ParOldGen: 1192583K->1201543K(1398272K)] 1424007K->1201543K(1862656K), [Metaspace: 9443K->9443K(1058816K)], 2.2033101 secs] [Times: user=3.70 sys=0.00, real=2.20 secs] 
270.854: [Full GC (Ergonomics) [PSYoungGen: 231424K->0K(464384K)] [ParOldGen: 1201543K->1206518K(1398272K)] 1432967K->1206518K(1862656K), [Metaspace: 9443K->9443K(1058816K)], 2.1454497 secs] [Times: user=3.56 sys=0.00, real=2.14 secs] 
273.194: [Full GC (Ergonomics) [PSYoungGen: 231424K->0K(464384K)] [ParOldGen: 1206518K->1214098K(1398272K)] 1437942K->1214098K(1862656K), [Metaspace: 9444K->9444K(1058816K)], 2.2535138 secs] [Times: user=3.84 sys=0.00, real=2.25 secs] 
275.640: [Full GC (Ergonomics) [PSYoungGen: 231424K->0K(464384K)] [ParOldGen: 1214098K->1195199K(1398272K)] 1445522K->1195199K(1862656K), [Metaspace: 9445K->9445K(1058816K)], 2.1414447 secs] [Times: user=3.59 sys=0.00, real=2.14 secs] 
277.973: [Full GC (Ergonomics) [PSYoungGen: 231424K->0K(464384K)] [ParOldGen: 1195199K->1201997K(1398272K)] 1426623K->1201997K(1862656K), [Metaspace: 9446K->9446K(1058816K)], 2.1168863 secs] [Times: user=3.64 sys=0.00, real=2.12 secs] 
280.283: [Full GC (Ergonomics) [PSYoungGen: 231424K->0K(464384K)] [ParOldGen: 1201997K->1202488K(1398272K)] 1433421K->1202488K(1862656K), [Metaspace: 9446K->9446K(1058816K)], 2.0983607 secs] [Times: user=3.58 sys=0.00, real=2.10 secs] 
282.572: [Full GC (Ergonomics) [PSYoungGen: 231424K->0K(464384K)] [ParOldGen: 1202488K->1210136K(1398272K)] 1433912K->1210136K(1862656K), [Metaspace: 9446K->9446K(1058816K)], 2.1599959 secs] [Times: user=3.67 sys=0.00, real=2.16 secs] 
284.926: [Full GC (Ergonomics) [PSYoungGen: 231424K->0K(464384K)] [ParOldGen: 1210136K->1216983K(1398272K)] 1441560K->1216983K(1862656K), [Metaspace: 9446K->9446K(1058816K)], 2.0745253 secs] [Times: user=3.45 sys=0.00, real=2.07 secs] 
287.192: [Full GC (Ergonomics) [PSYoungGen: 231200K->0K(464384K)] [ParOldGen: 1216983K->1195782K(1398272K)] 1448183K->1195782K(1862656K), [Metaspace: 9446K->9446K(1058816K)], 2.2623104 secs] [Times: user=3.73 sys=0.00, real=2.26 secs] 
Heap
 PSYoungGen      total 464384K, used 67722K [0x00000000d5580000, 0x00000000ffa00000, 0x0000000100000000)
  eden space 231424K, 29% used [0x00000000d5580000,0x00000000d97a2b88,0x00000000e3780000)
  from space 232960K, 0% used [0x00000000e3780000,0x00000000e3780000,0x00000000f1b00000)
  to   space 228352K, 0% used [0x00000000f1b00000,0x00000000f1b00000,0x00000000ffa00000)
 ParOldGen       total 1398272K, used 1195782K [0x0000000080000000, 0x00000000d5580000, 0x00000000d5580000)
  object space 1398272K, 85% used [0x0000000080000000,0x00000000c8fc1910,0x00000000d5580000)
 Metaspace       used 9459K, capacity 9864K, committed 9984K, reserved 1058816K
  class space    used 1108K, capacity 1197K, committed 1280K, reserved 1048576K
