Java HotSpot(TM) 64-Bit Server VM (25.101-b13) for windows-amd64 JRE (1.8.0_101-b13), built on Jun 22 2016 01:21:29 by "java_re" with MS VC++ 10.0 (VS2010)
Memory: 4k page, physical 16664920k(10418128k free), swap 18872148k(10436252k free)
CommandLine flags: -XX:InitialHeapSize=266638720 -XX:MaxHeapSize=2147483648 -XX:+PrintGC -XX:+PrintGCDetails -XX:+PrintGCTimeStamps -XX:+UseCompressedClassPointers -XX:+UseCompressedOops -XX:-UseLargePagesIndividualAllocation -XX:+UseParallelGC 
10.163: [GC (Allocation Failure) [PSYoungGen: 65498K->10746K(76288K)] 65498K->18368K(251392K), 0.0104535 secs] [Times: user=0.00 sys=0.00, real=0.01 secs] 
10.240: [GC (Allocation Failure) [PSYoungGen: 76080K->10738K(76288K)] 83702K->39480K(251392K), 0.0202332 secs] [Times: user=0.06 sys=0.00, real=0.02 secs] 
10.319: [GC (Allocation Failure) [PSYoungGen: 76078K->10749K(76288K)] 104820K->61329K(251392K), 0.0176102 secs] [Times: user=0.03 sys=0.03, real=0.02 secs] 
10.392: [GC (Allocation Failure) [PSYoungGen: 76285K->10745K(141824K)] 126865K->82770K(316928K), 0.0316319 secs] [Times: user=0.08 sys=0.05, real=0.03 secs] 
10.539: [GC (Allocation Failure) [PSYoungGen: 141817K->10751K(141824K)] 213842K->126324K(316928K), 0.0394647 secs] [Times: user=0.13 sys=0.00, real=0.04 secs] 
10.686: [GC (Allocation Failure) [PSYoungGen: 141823K->54251K(309248K)] 257396K->169824K(484352K), 0.0394551 secs] [Times: user=0.19 sys=0.00, real=0.04 secs] 
10.964: [GC (Allocation Failure) [PSYoungGen: 308203K->63473K(317440K)] 423776K->254075K(508416K), 0.0761996 secs] [Times: user=0.23 sys=0.03, real=0.08 secs] 
11.040: [Full GC (Ergonomics) [PSYoungGen: 63473K->62281K(317440K)] [ParOldGen: 190602K->190921K(363520K)] 254075K->253202K(680960K), [Metaspace: 9054K->9054K(1058816K)], 6.8294043 secs] [Times: user=12.33 sys=0.03, real=6.83 secs] 
18.086: [GC (Allocation Failure) [PSYoungGen: 316233K->110574K(445440K)] 507154K->335427K(808960K), 0.0847021 secs] [Times: user=0.26 sys=0.02, real=0.08 secs] 
18.446: [GC (Allocation Failure) [PSYoungGen: 445422K->144376K(550400K)] 670275K->446703K(913920K), 0.1167583 secs] [Times: user=0.39 sys=0.03, real=0.12 secs] 
18.563: [Full GC (Ergonomics) [PSYoungGen: 144376K->83310K(550400K)] [ParOldGen: 302327K->363336K(630784K)] 446703K->446646K(1181184K), [Metaspace: 9073K->9073K(1058816K)], 6.0889265 secs] [Times: user=9.67 sys=0.02, real=6.09 secs] 
24.992: [GC (Allocation Failure) [PSYoungGen: 489326K->144383K(377344K)] 852662K->579439K(1008128K), 0.1191129 secs] [Times: user=0.39 sys=0.03, real=0.12 secs] 
25.302: [GC (Allocation Failure) [PSYoungGen: 377343K->77407K(465920K)] 812399K->656734K(1096704K), 0.1156980 secs] [Times: user=0.41 sys=0.03, real=0.12 secs] 
25.418: [Full GC (Ergonomics) [PSYoungGen: 77407K->25892K(465920K)] [ParOldGen: 579326K->630679K(1029120K)] 656734K->656571K(1495040K), [Metaspace: 9084K->9084K(1058816K)], 7.5468816 secs] [Times: user=13.77 sys=0.06, real=7.55 secs] 
33.173: [GC (Allocation Failure) [PSYoungGen: 258852K->102860K(440832K)] 889531K->733539K(1469952K), 0.0890279 secs] [Times: user=0.27 sys=0.00, real=0.09 secs] 
33.462: [GC (Allocation Failure) [PSYoungGen: 342476K->182600K(456704K)] 973155K->813279K(1485824K), 0.0925246 secs] [Times: user=0.38 sys=0.00, real=0.09 secs] 
33.751: [GC (Allocation Failure) [PSYoungGen: 422216K->159506K(465920K)] 1052895K->892815K(1495040K), 0.1207252 secs] [Times: user=0.47 sys=0.03, real=0.12 secs] 
34.066: [GC (Allocation Failure) [PSYoungGen: 392466K->77621K(465920K)] 1125775K->970083K(1495040K), 0.1183162 secs] [Times: user=0.39 sys=0.05, real=0.12 secs] 
34.184: [Full GC (Ergonomics) [PSYoungGen: 77621K->0K(465920K)] [ParOldGen: 892462K->969888K(1398272K)] 970083K->969888K(1864192K), [Metaspace: 9103K->9103K(1058816K)], 9.3031026 secs] [Times: user=17.42 sys=0.03, real=9.30 secs] 
43.691: [GC (Allocation Failure) [PSYoungGen: 232960K->77454K(456704K)] 1202848K->1047351K(1854976K), 0.0250116 secs] [Times: user=0.06 sys=0.00, real=0.03 secs] 
43.907: [GC (Allocation Failure) [PSYoungGen: 310414K->154948K(461312K)] 1280311K->1124844K(1859584K), 0.0497242 secs] [Times: user=0.25 sys=0.00, real=0.05 secs] 
44.146: [GC (Allocation Failure) [PSYoungGen: 387908K->77535K(464896K)] 1357804K->1202216K(1863168K), 0.0901822 secs] [Times: user=0.27 sys=0.05, real=0.09 secs] 
44.431: [GC (Allocation Failure) [PSYoungGen: 315103K->156620K(465408K)] 1439784K->1281308K(1863680K), 0.0515335 secs] [Times: user=0.17 sys=0.00, real=0.05 secs] 
44.677: [GC (Allocation Failure) [PSYoungGen: 394188K->79028K(464896K)] 1518876K->1360195K(1863168K), 0.0953698 secs] [Times: user=0.30 sys=0.03, real=0.10 secs] 
44.773: [Full GC (Ergonomics) [PSYoungGen: 79028K->0K(464896K)] [ParOldGen: 1281167K->1210902K(1398272K)] 1360195K->1210902K(1863168K), [Metaspace: 9146K->9146K(1058816K)], 9.1209020 secs] [Times: user=13.61 sys=0.03, real=9.12 secs] 
54.096: [Full GC (Ergonomics) [PSYoungGen: 238080K->0K(464896K)] [ParOldGen: 1210902K->1218454K(1398272K)] 1448982K->1218454K(1863168K), [Metaspace: 9163K->9163K(1058816K)], 2.6301433 secs] [Times: user=4.42 sys=0.00, real=2.63 secs] 
56.923: [Full GC (Ergonomics) [PSYoungGen: 238080K->0K(464896K)] [ParOldGen: 1218454K->1201582K(1398272K)] 1456534K->1201582K(1863168K), [Metaspace: 9165K->9165K(1058816K)], 3.4956731 secs] [Times: user=5.44 sys=0.00, real=3.50 secs] 
60.623: [Full GC (Ergonomics) [PSYoungGen: 238080K->0K(464896K)] [ParOldGen: 1201582K->1208247K(1398272K)] 1439662K->1208247K(1863168K), [Metaspace: 9172K->9172K(1058816K)], 3.8657733 secs] [Times: user=6.14 sys=0.00, real=3.87 secs] 
64.687: [Full GC (Ergonomics) [PSYoungGen: 238080K->0K(464896K)] [ParOldGen: 1208247K->1212628K(1398272K)] 1446327K->1212628K(1863168K), [Metaspace: 9180K->9180K(1058816K)], 2.4924750 secs] [Times: user=4.17 sys=0.00, real=2.49 secs] 
67.380: [Full GC (Ergonomics) [PSYoungGen: 238080K->0K(464896K)] [ParOldGen: 1212628K->1196838K(1398272K)] 1450708K->1196838K(1863168K), [Metaspace: 9182K->9182K(1058816K)], 3.4183727 secs] [Times: user=5.36 sys=0.01, real=3.42 secs] 
70.992: [Full GC (Ergonomics) [PSYoungGen: 238080K->0K(464896K)] [ParOldGen: 1196838K->1207200K(1398272K)] 1434918K->1207200K(1863168K), [Metaspace: 9197K->9197K(1058816K)], 3.0192216 secs] [Times: user=4.78 sys=0.00, real=3.02 secs] 
74.226: [Full GC (Ergonomics) [PSYoungGen: 238080K->0K(464896K)] [ParOldGen: 1207200K->1212974K(1398272K)] 1445280K->1212974K(1863168K), [Metaspace: 9208K->9208K(1058816K)], 2.7052703 secs] [Times: user=4.47 sys=0.00, real=2.71 secs] 
77.132: [Full GC (Ergonomics) [PSYoungGen: 238080K->0K(464896K)] [ParOldGen: 1212974K->1219312K(1398272K)] 1451054K->1219312K(1863168K), [Metaspace: 9218K->9218K(1058816K)], 2.7640281 secs] [Times: user=4.55 sys=0.00, real=2.76 secs] 
80.095: [Full GC (Ergonomics) [PSYoungGen: 238080K->0K(464896K)] [ParOldGen: 1219312K->1201584K(1398272K)] 1457392K->1201584K(1863168K), [Metaspace: 9220K->9220K(1058816K)], 2.9306042 secs] [Times: user=4.75 sys=0.00, real=2.93 secs] 
83.223: [Full GC (Ergonomics) [PSYoungGen: 238080K->0K(464896K)] [ParOldGen: 1201584K->1209709K(1398272K)] 1439664K->1209709K(1863168K), [Metaspace: 9233K->9233K(1058816K)], 2.6056436 secs] [Times: user=4.23 sys=0.00, real=2.61 secs] 
86.030: [Full GC (Ergonomics) [PSYoungGen: 238080K->0K(464896K)] [ParOldGen: 1209709K->1219703K(1398272K)] 1447789K->1219703K(1863168K), [Metaspace: 9238K->9238K(1058816K)], 2.7924978 secs] [Times: user=4.61 sys=0.00, real=2.79 secs] 
89.018: [Full GC (Ergonomics) [PSYoungGen: 238080K->0K(464896K)] [ParOldGen: 1219703K->1201921K(1398272K)] 1457783K->1201921K(1863168K), [Metaspace: 9258K->9258K(1058816K)], 2.5774054 secs] [Times: user=4.33 sys=0.00, real=2.58 secs] 
91.792: [Full GC (Ergonomics) [PSYoungGen: 238080K->0K(464896K)] [ParOldGen: 1201921K->1208796K(1398272K)] 1440001K->1208796K(1863168K), [Metaspace: 9281K->9281K(1058816K)], 2.7396400 secs] [Times: user=4.47 sys=0.00, real=2.74 secs] 
94.732: [Full GC (Ergonomics) [PSYoungGen: 238080K->0K(464896K)] [ParOldGen: 1208796K->1219177K(1398272K)] 1446876K->1219177K(1863168K), [Metaspace: 9293K->9293K(1058816K)], 3.1371410 secs] [Times: user=4.94 sys=0.00, real=3.14 secs] 
98.069: [Full GC (Ergonomics) [PSYoungGen: 238080K->0K(464896K)] [ParOldGen: 1219177K->1222885K(1398272K)] 1457257K->1222885K(1863168K), [Metaspace: 9298K->9298K(1058816K)], 2.5732980 secs] [Times: user=4.14 sys=0.00, real=2.57 secs] 
100.837: [Full GC (Ergonomics) [PSYoungGen: 238080K->0K(464896K)] [ParOldGen: 1222885K->1232154K(1398272K)] 1460965K->1232154K(1863168K), [Metaspace: 9299K->9299K(1058816K)], 3.2764485 secs] [Times: user=5.26 sys=0.00, real=3.28 secs] 
104.309: [Full GC (Ergonomics) [PSYoungGen: 237923K->0K(464896K)] [ParOldGen: 1232154K->1216648K(1398272K)] 1470077K->1216648K(1863168K), [Metaspace: 9309K->9309K(1058816K)], 3.3632652 secs] [Times: user=5.38 sys=0.00, real=3.36 secs] 
107.867: [Full GC (Ergonomics) [PSYoungGen: 238080K->0K(464896K)] [ParOldGen: 1216648K->1221370K(1398272K)] 1454728K->1221370K(1863168K), [Metaspace: 9313K->9313K(1058816K)], 2.9809423 secs] [Times: user=4.88 sys=0.00, real=2.98 secs] 
111.044: [Full GC (Ergonomics) [PSYoungGen: 238080K->0K(464896K)] [ParOldGen: 1221370K->1229089K(1398272K)] 1459450K->1229089K(1863168K), [Metaspace: 9326K->9326K(1058816K)], 2.7853017 secs] [Times: user=4.50 sys=0.00, real=2.79 secs] 
114.030: [Full GC (Ergonomics) [PSYoungGen: 238080K->0K(464896K)] [ParOldGen: 1229089K->1214078K(1398272K)] 1467169K->1214078K(1863168K), [Metaspace: 9330K->9330K(1058816K)], 3.1010225 secs] [Times: user=4.95 sys=0.00, real=3.10 secs] 
117.329: [Full GC (Ergonomics) [PSYoungGen: 238080K->0K(464896K)] [ParOldGen: 1214078K->1222977K(1398272K)] 1452158K->1222977K(1863168K), [Metaspace: 9332K->9332K(1058816K)], 2.9124857 secs] [Times: user=4.78 sys=0.00, real=2.91 secs] 
120.443: [Full GC (Ergonomics) [PSYoungGen: 238080K->0K(464896K)] [ParOldGen: 1222977K->1229836K(1398272K)] 1461057K->1229836K(1863168K), [Metaspace: 9333K->9333K(1058816K)], 3.1086472 secs] [Times: user=4.89 sys=0.00, real=3.11 secs] 
123.749: [Full GC (Ergonomics) [PSYoungGen: 238080K->0K(464896K)] [ParOldGen: 1229836K->1211093K(1398272K)] 1467916K->1211093K(1863168K), [Metaspace: 9340K->9340K(1058816K)], 3.3001034 secs] [Times: user=5.19 sys=0.00, real=3.30 secs] 
127.246: [Full GC (Ergonomics) [PSYoungGen: 238080K->0K(464896K)] [ParOldGen: 1211093K->1218342K(1398272K)] 1449173K->1218342K(1863168K), [Metaspace: 9350K->9350K(1058816K)], 2.9883382 secs] [Times: user=4.76 sys=0.00, real=2.99 secs] 
130.432: [Full GC (Ergonomics) [PSYoungGen: 238080K->0K(464896K)] [ParOldGen: 1218342K->1225650K(1398272K)] 1456422K->1225650K(1863168K), [Metaspace: 9356K->9356K(1058816K)], 3.0839108 secs] [Times: user=4.88 sys=0.00, real=3.08 secs] 
133.713: [Full GC (Ergonomics) [PSYoungGen: 238080K->0K(464896K)] [ParOldGen: 1225650K->1230137K(1398272K)] 1463730K->1230137K(1863168K), [Metaspace: 9365K->9365K(1058816K)], 2.7231342 secs] [Times: user=4.45 sys=0.00, real=2.72 secs] 
136.633: [Full GC (Ergonomics) [PSYoungGen: 238080K->0K(464896K)] [ParOldGen: 1230137K->1212502K(1398272K)] 1468217K->1212502K(1863168K), [Metaspace: 9369K->9369K(1058816K)], 3.2618456 secs] [Times: user=5.19 sys=0.00, real=3.26 secs] 
140.096: [Full GC (Ergonomics) [PSYoungGen: 238080K->0K(464896K)] [ParOldGen: 1212502K->1219237K(1398272K)] 1450582K->1219237K(1863168K), [Metaspace: 9371K->9371K(1058816K)], 2.9561716 secs] [Times: user=4.83 sys=0.00, real=2.96 secs] 
143.253: [Full GC (Ergonomics) [PSYoungGen: 238080K->0K(464896K)] [ParOldGen: 1219237K->1222117K(1398272K)] 1457317K->1222117K(1863168K), [Metaspace: 9373K->9373K(1058816K)], 3.1104414 secs] [Times: user=4.95 sys=0.00, real=3.11 secs] 
146.569: [Full GC (Ergonomics) [PSYoungGen: 238080K->0K(464896K)] [ParOldGen: 1222117K->1205217K(1398272K)] 1460197K->1205217K(1863168K), [Metaspace: 9374K->9374K(1058816K)], 3.2090548 secs] [Times: user=5.08 sys=0.00, real=3.21 secs] 
149.980: [Full GC (Ergonomics) [PSYoungGen: 238080K->0K(464896K)] [ParOldGen: 1205217K->1210908K(1398272K)] 1443297K->1210908K(1863168K), [Metaspace: 9375K->9375K(1058816K)], 2.7376008 secs] [Times: user=4.42 sys=0.00, real=2.74 secs] 
152.917: [Full GC (Ergonomics) [PSYoungGen: 238080K->0K(464896K)] [ParOldGen: 1210908K->1216632K(1398272K)] 1448988K->1216632K(1863168K), [Metaspace: 9375K->9375K(1058816K)], 2.9416797 secs] [Times: user=4.66 sys=0.00, real=2.94 secs] 
156.063: [Full GC (Ergonomics) [PSYoungGen: 238080K->0K(464896K)] [ParOldGen: 1216632K->1223306K(1398272K)] 1454712K->1223306K(1863168K), [Metaspace: 9380K->9380K(1058816K)], 3.0837867 secs] [Times: user=4.83 sys=0.00, real=3.08 secs] 
159.348: [Full GC (Ergonomics) [PSYoungGen: 238080K->0K(464896K)] [ParOldGen: 1223306K->1203584K(1398272K)] 1461386K->1203584K(1863168K), [Metaspace: 9386K->9386K(1058816K)], 3.1913039 secs] [Times: user=5.00 sys=0.00, real=3.19 secs] 
162.735: [Full GC (Ergonomics) [PSYoungGen: 238080K->0K(464896K)] [ParOldGen: 1203584K->1212494K(1398272K)] 1441664K->1212494K(1863168K), [Metaspace: 9386K->9386K(1058816K)], 2.8042805 secs] [Times: user=4.61 sys=0.00, real=2.80 secs] 
165.735: [Full GC (Ergonomics) [PSYoungGen: 238080K->0K(464896K)] [ParOldGen: 1212494K->1224808K(1398272K)] 1450574K->1224808K(1863168K), [Metaspace: 9386K->9386K(1058816K)], 2.9404878 secs] [Times: user=4.72 sys=0.00, real=2.94 secs] 
168.868: [Full GC (Ergonomics) [PSYoungGen: 238080K->0K(464896K)] [ParOldGen: 1224808K->1234267K(1398272K)] 1462888K->1234267K(1863168K), [Metaspace: 9387K->9387K(1058816K)], 3.0027718 secs] [Times: user=4.86 sys=0.00, real=3.00 secs] 
172.070: [Full GC (Ergonomics) [PSYoungGen: 238080K->0K(464896K)] [ParOldGen: 1234267K->1214651K(1398272K)] 1472347K->1214651K(1863168K), [Metaspace: 9388K->9388K(1058816K)], 3.3255553 secs] [Times: user=5.16 sys=0.00, real=3.33 secs] 
175.594: [Full GC (Ergonomics) [PSYoungGen: 238080K->0K(464896K)] [ParOldGen: 1214651K->1218714K(1398272K)] 1452731K->1218714K(1863168K), [Metaspace: 9397K->9397K(1058816K)], 2.9764109 secs] [Times: user=4.72 sys=0.00, real=2.98 secs] 
178.770: [Full GC (Ergonomics) [PSYoungGen: 238080K->0K(464896K)] [ParOldGen: 1218714K->1225920K(1398272K)] 1456794K->1225920K(1863168K), [Metaspace: 9399K->9399K(1058816K)], 3.0901931 secs] [Times: user=4.78 sys=0.00, real=3.09 secs] 
182.057: [Full GC (Ergonomics) [PSYoungGen: 238080K->0K(464896K)] [ParOldGen: 1225920K->1212406K(1398272K)] 1464000K->1212406K(1863168K), [Metaspace: 9400K->9400K(1058816K)], 2.9903698 secs] [Times: user=4.69 sys=0.00, real=2.99 secs] 
185.247: [Full GC (Ergonomics) [PSYoungGen: 238080K->0K(464896K)] [ParOldGen: 1212406K->1217328K(1398272K)] 1450486K->1217328K(1863168K), [Metaspace: 9400K->9400K(1058816K)], 2.8354532 secs] [Times: user=4.67 sys=0.00, real=2.84 secs] 
188.278: [Full GC (Ergonomics) [PSYoungGen: 238080K->0K(464896K)] [ParOldGen: 1217328K->1223081K(1398272K)] 1455408K->1223081K(1863168K), [Metaspace: 9401K->9401K(1058816K)], 2.6937583 secs] [Times: user=4.38 sys=0.00, real=2.69 secs] 
191.170: [Full GC (Ergonomics) [PSYoungGen: 238080K->0K(464896K)] [ParOldGen: 1223081K->1209455K(1398272K)] 1461161K->1209455K(1863168K), [Metaspace: 9401K->9401K(1058816K)], 2.9022105 secs] [Times: user=4.63 sys=0.00, real=2.90 secs] 
194.270: [Full GC (Ergonomics) [PSYoungGen: 238080K->0K(464896K)] [ParOldGen: 1209455K->1215115K(1398272K)] 1447535K->1215115K(1863168K), [Metaspace: 9401K->9401K(1058816K)], 2.6386884 secs] [Times: user=4.23 sys=0.00, real=2.64 secs] 
197.105: [Full GC (Ergonomics) [PSYoungGen: 238080K->0K(464896K)] [ParOldGen: 1215115K->1217866K(1398272K)] 1453195K->1217866K(1863168K), [Metaspace: 9401K->9401K(1058816K)], 2.5050406 secs] [Times: user=4.23 sys=0.00, real=2.51 secs] 
199.813: [Full GC (Ergonomics) [PSYoungGen: 238080K->0K(464896K)] [ParOldGen: 1217866K->1199001K(1398272K)] 1455946K->1199001K(1863168K), [Metaspace: 9401K->9401K(1058816K)], 2.8918000 secs] [Times: user=4.69 sys=0.00, real=2.89 secs] 
202.900: [Full GC (Ergonomics) [PSYoungGen: 238080K->0K(464896K)] [ParOldGen: 1199001K->1208364K(1398272K)] 1437081K->1208364K(1863168K), [Metaspace: 9401K->9401K(1058816K)], 3.1381577 secs] [Times: user=4.83 sys=0.00, real=3.14 secs] 
206.240: [Full GC (Ergonomics) [PSYoungGen: 237986K->0K(464896K)] [ParOldGen: 1208364K->1213328K(1398272K)] 1446351K->1213328K(1863168K), [Metaspace: 9401K->9401K(1058816K)], 3.0803143 secs] [Times: user=4.91 sys=0.00, real=3.08 secs] 
209.515: [Full GC (Ergonomics) [PSYoungGen: 238080K->0K(464896K)] [ParOldGen: 1213328K->1220772K(1398272K)] 1451408K->1220772K(1863168K), [Metaspace: 9401K->9401K(1058816K)], 2.8389575 secs] [Times: user=4.56 sys=0.00, real=2.84 secs] 
212.555: [Full GC (Ergonomics) [PSYoungGen: 238080K->0K(464896K)] [ParOldGen: 1220772K->1200715K(1398272K)] 1458852K->1200715K(1863168K), [Metaspace: 9401K->9401K(1058816K)], 2.8698255 secs] [Times: user=4.61 sys=0.00, real=2.87 secs] 
215.621: [Full GC (Ergonomics) [PSYoungGen: 238080K->0K(464896K)] [ParOldGen: 1200715K->1210322K(1398272K)] 1438795K->1210322K(1863168K), [Metaspace: 9401K->9401K(1058816K)], 2.9375653 secs] [Times: user=4.72 sys=0.00, real=2.94 secs] 
218.756: [Full GC (Ergonomics) [PSYoungGen: 238080K->0K(464896K)] [ParOldGen: 1210322K->1219319K(1398272K)] 1448402K->1219319K(1863168K), [Metaspace: 9401K->9401K(1058816K)], 2.8368028 secs] [Times: user=4.42 sys=0.00, real=2.84 secs] 
221.796: [Full GC (Ergonomics) [PSYoungGen: 238080K->0K(464896K)] [ParOldGen: 1219319K->1223543K(1398272K)] 1457399K->1223543K(1863168K), [Metaspace: 9401K->9401K(1058816K)], 3.1348759 secs] [Times: user=4.81 sys=0.02, real=3.13 secs] 
225.132: [Full GC (Ergonomics) [PSYoungGen: 238080K->0K(464896K)] [ParOldGen: 1223543K->1230982K(1398272K)] 1461623K->1230982K(1863168K), [Metaspace: 9402K->9402K(1058816K)], 3.1535381 secs] [Times: user=4.94 sys=0.00, real=3.15 secs] 
228.489: [Full GC (Ergonomics) [PSYoungGen: 238080K->0K(464896K)] [ParOldGen: 1230982K->1217945K(1398272K)] 1469062K->1217945K(1863168K), [Metaspace: 9406K->9406K(1058816K)], 3.4092579 secs] [Times: user=5.25 sys=0.00, real=3.41 secs] 
232.095: [Full GC (Ergonomics) [PSYoungGen: 238080K->0K(464896K)] [ParOldGen: 1217945K->1224582K(1398272K)] 1456025K->1224582K(1863168K), [Metaspace: 9409K->9409K(1058816K)], 2.7794390 secs] [Times: user=4.53 sys=0.00, real=2.78 secs] 
235.077: [Full GC (Ergonomics) [PSYoungGen: 238080K->0K(464896K)] [ParOldGen: 1224582K->1209311K(1398272K)] 1462662K->1209311K(1863168K), [Metaspace: 9409K->9409K(1058816K)], 3.2992512 secs] [Times: user=5.14 sys=0.00, real=3.30 secs] 
238.576: [Full GC (Ergonomics) [PSYoungGen: 238080K->0K(464896K)] [ParOldGen: 1209311K->1217596K(1398272K)] 1447391K->1217596K(1863168K), [Metaspace: 9409K->9409K(1058816K)], 2.7739970 secs] [Times: user=4.50 sys=0.00, real=2.77 secs] 
241.550: [Full GC (Ergonomics) [PSYoungGen: 238080K->0K(464896K)] [ParOldGen: 1217596K->1222513K(1398272K)] 1455676K->1222513K(1863168K), [Metaspace: 9409K->9409K(1058816K)], 2.9060382 secs] [Times: user=4.66 sys=0.02, real=2.91 secs] 
244.661: [Full GC (Ergonomics) [PSYoungGen: 238080K->0K(464896K)] [ParOldGen: 1222513K->1207788K(1398272K)] 1460593K->1207788K(1863168K), [Metaspace: 9423K->9423K(1058816K)], 3.1935452 secs] [Times: user=5.05 sys=0.00, real=3.19 secs] 
248.054: [Full GC (Ergonomics) [PSYoungGen: 238080K->0K(464896K)] [ParOldGen: 1207788K->1214215K(1398272K)] 1445868K->1214215K(1863168K), [Metaspace: 9427K->9427K(1058816K)], 2.6875539 secs] [Times: user=4.31 sys=0.00, real=2.69 secs] 
250.941: [Full GC (Ergonomics) [PSYoungGen: 238080K->0K(464896K)] [ParOldGen: 1214215K->1220829K(1398272K)] 1452295K->1220829K(1863168K), [Metaspace: 9427K->9427K(1058816K)], 3.1736789 secs] [Times: user=4.95 sys=0.00, real=3.17 secs] 
254.315: [Full GC (Ergonomics) [PSYoungGen: 237669K->0K(464896K)] [ParOldGen: 1220829K->1227059K(1398272K)] 1458499K->1227059K(1863168K), [Metaspace: 9427K->9427K(1058816K)], 3.0380461 secs] [Times: user=4.84 sys=0.00, real=3.04 secs] 
257.554: [Full GC (Ergonomics) [PSYoungGen: 238080K->0K(464896K)] [ParOldGen: 1227059K->1209639K(1398272K)] 1465139K->1209639K(1863168K), [Metaspace: 9427K->9427K(1058816K)], 3.2602756 secs] [Times: user=5.19 sys=0.00, real=3.26 secs] 
261.016: [Full GC (Ergonomics) [PSYoungGen: 238080K->0K(464896K)] [ParOldGen: 1209639K->1216596K(1398272K)] 1447719K->1216596K(1863168K), [Metaspace: 9427K->9427K(1058816K)], 2.2482120 secs] [Times: user=3.80 sys=0.00, real=2.25 secs] 
263.460: [Full GC (Ergonomics) [PSYoungGen: 238080K->0K(464896K)] [ParOldGen: 1216596K->1220779K(1398272K)] 1454676K->1220779K(1863168K), [Metaspace: 9427K->9427K(1058816K)], 3.2214553 secs] [Times: user=5.17 sys=0.00, real=3.22 secs] 
266.880: [Full GC (Ergonomics) [PSYoungGen: 238080K->0K(464896K)] [ParOldGen: 1220779K->1199572K(1398272K)] 1458859K->1199572K(1863168K), [Metaspace: 9427K->9427K(1058816K)], 2.9912737 secs] [Times: user=4.75 sys=0.00, real=2.99 secs] 
270.068: [Full GC (Ergonomics) [PSYoungGen: 238080K->0K(464896K)] [ParOldGen: 1199572K->1201370K(1398272K)] 1437652K->1201370K(1863168K), [Metaspace: 9427K->9427K(1058816K)], 2.8348919 secs] [Times: user=4.66 sys=0.00, real=2.84 secs] 
273.101: [Full GC (Ergonomics) [PSYoungGen: 238080K->0K(464896K)] [ParOldGen: 1201370K->1207863K(1398272K)] 1439450K->1207863K(1863168K), [Metaspace: 9427K->9427K(1058816K)], 2.7432785 secs] [Times: user=4.47 sys=0.00, real=2.74 secs] 
276.044: [Full GC (Ergonomics) [PSYoungGen: 238080K->0K(464896K)] [ParOldGen: 1207863K->1194483K(1398272K)] 1445943K->1194483K(1863168K), [Metaspace: 9427K->9427K(1058816K)], 3.0629909 secs] [Times: user=4.97 sys=0.00, real=3.06 secs] 
279.304: [Full GC (Ergonomics) [PSYoungGen: 237828K->0K(464896K)] [ParOldGen: 1194483K->1207479K(1398272K)] 1432311K->1207479K(1863168K), [Metaspace: 9428K->9428K(1058816K)], 2.6153909 secs] [Times: user=4.19 sys=0.00, real=2.62 secs] 
282.115: [Full GC (Ergonomics) [PSYoungGen: 238080K->0K(464896K)] [ParOldGen: 1207479K->1213836K(1398272K)] 1445559K->1213836K(1863168K), [Metaspace: 9428K->9428K(1058816K)], 3.0343345 secs] [Times: user=4.86 sys=0.00, real=3.03 secs] 
285.348: [Full GC (Ergonomics) [PSYoungGen: 237906K->0K(464896K)] [ParOldGen: 1213836K->1223199K(1398272K)] 1451743K->1223199K(1863168K), [Metaspace: 9428K->9428K(1058816K)], 3.1725977 secs] [Times: user=5.03 sys=0.00, real=3.17 secs] 
288.714: [Full GC (Ergonomics) [PSYoungGen: 238080K->0K(464896K)] [ParOldGen: 1223199K->1209887K(1398272K)] 1461279K->1209887K(1863168K), [Metaspace: 9430K->9430K(1058816K)], 2.8059429 secs] [Times: user=4.55 sys=0.00, real=2.81 secs] 
291.722: [Full GC (Ergonomics) [PSYoungGen: 238080K->0K(464896K)] [ParOldGen: 1209887K->1221084K(1398272K)] 1447967K->1221084K(1863168K), [Metaspace: 9430K->9430K(1058816K)], 2.6002103 secs] [Times: user=4.16 sys=0.00, real=2.60 secs] 
294.520: [Full GC (Ergonomics) [PSYoungGen: 237962K->0K(464896K)] [ParOldGen: 1221084K->1226834K(1398272K)] 1459046K->1226834K(1863168K), [Metaspace: 9430K->9430K(1058816K)], 2.6848469 secs] [Times: user=4.41 sys=0.00, real=2.68 secs] 
297.401: [Full GC (Ergonomics) [PSYoungGen: 238080K->0K(464896K)] [ParOldGen: 1226834K->1205904K(1398272K)] 1464914K->1205904K(1863168K), [Metaspace: 9430K->9430K(1058816K)], 3.2639048 secs] [Times: user=5.16 sys=0.00, real=3.26 secs] 
300.862: [Full GC (Ergonomics) [PSYoungGen: 238080K->0K(464896K)] [ParOldGen: 1205904K->1209731K(1398272K)] 1443984K->1209731K(1863168K), [Metaspace: 9430K->9430K(1058816K)], 2.6012661 secs] [Times: user=4.23 sys=0.00, real=2.60 secs] 
303.663: [Full GC (Ergonomics) [PSYoungGen: 238080K->0K(464896K)] [ParOldGen: 1209731K->1219864K(1398272K)] 1447811K->1219864K(1863168K), [Metaspace: 9432K->9432K(1058816K)], 2.6164169 secs] [Times: user=4.23 sys=0.00, real=2.62 secs] 
306.476: [Full GC (Ergonomics) [PSYoungGen: 238080K->0K(464896K)] [ParOldGen: 1219864K->1227882K(1398272K)] 1457944K->1227882K(1863168K), [Metaspace: 9432K->9432K(1058816K)], 3.0348108 secs] [Times: user=4.72 sys=0.03, real=3.04 secs] 
309.707: [Full GC (Ergonomics) [PSYoungGen: 238080K->0K(464896K)] [ParOldGen: 1227882K->1234863K(1398272K)] 1465962K->1234863K(1863168K), [Metaspace: 9433K->9433K(1058816K)], 3.0021512 secs] [Times: user=4.86 sys=0.00, real=3.00 secs] 
312.907: [Full GC (Ergonomics) [PSYoungGen: 238080K->0K(464896K)] [ParOldGen: 1234863K->1215169K(1398272K)] 1472943K->1215169K(1863168K), [Metaspace: 9433K->9433K(1058816K)], 3.0782895 secs] [Times: user=4.91 sys=0.00, real=3.08 secs] 
316.181: [Full GC (Ergonomics) [PSYoungGen: 238080K->0K(464896K)] [ParOldGen: 1215169K->1222302K(1398272K)] 1453249K->1222302K(1863168K), [Metaspace: 9433K->9433K(1058816K)], 2.7588302 secs] [Times: user=4.49 sys=0.00, real=2.76 secs] 
319.138: [Full GC (Ergonomics) [PSYoungGen: 238080K->0K(464896K)] [ParOldGen: 1222302K->1231905K(1398272K)] 1460382K->1231905K(1863168K), [Metaspace: 9433K->9433K(1058816K)], 2.7336887 secs] [Times: user=4.48 sys=0.00, real=2.73 secs] 
322.070: [Full GC (Ergonomics) [PSYoungGen: 238080K->0K(464896K)] [ParOldGen: 1231905K->1240245K(1398272K)] 1469985K->1240245K(1863168K), [Metaspace: 9433K->9433K(1058816K)], 3.3267366 secs] [Times: user=5.24 sys=0.00, real=3.33 secs] 
325.595: [Full GC (Ergonomics) [PSYoungGen: 238080K->0K(464896K)] [ParOldGen: 1240245K->1220981K(1398272K)] 1478325K->1220981K(1863168K), [Metaspace: 9433K->9433K(1058816K)], 2.9480226 secs] [Times: user=4.84 sys=0.00, real=2.95 secs] 
328.740: [Full GC (Ergonomics) [PSYoungGen: 238080K->0K(464896K)] [ParOldGen: 1220981K->1230464K(1398272K)] 1459061K->1230464K(1863168K), [Metaspace: 9434K->9434K(1058816K)], 2.9259939 secs] [Times: user=4.73 sys=0.00, real=2.93 secs] 
331.862: [Full GC (Ergonomics) [PSYoungGen: 238080K->0K(464896K)] [ParOldGen: 1230464K->1235597K(1398272K)] 1468544K->1235597K(1863168K), [Metaspace: 9434K->9434K(1058816K)], 2.5550804 secs] [Times: user=4.23 sys=0.00, real=2.56 secs] 
334.620: [Full GC (Ergonomics) [PSYoungGen: 238080K->0K(464896K)] [ParOldGen: 1235597K->1216490K(1398272K)] 1473677K->1216490K(1863168K), [Metaspace: 9434K->9434K(1058816K)], 3.0984477 secs] [Times: user=4.94 sys=0.00, real=3.10 secs] 
337.917: [Full GC (Ergonomics) [PSYoungGen: 238080K->0K(464896K)] [ParOldGen: 1216490K->1222696K(1398272K)] 1454570K->1222696K(1863168K), [Metaspace: 9435K->9435K(1058816K)], 2.7083783 secs] [Times: user=4.38 sys=0.00, real=2.71 secs] 
340.824: [Full GC (Ergonomics) [PSYoungGen: 238080K->0K(464896K)] [ParOldGen: 1222696K->1226147K(1398272K)] 1460776K->1226147K(1863168K), [Metaspace: 9436K->9436K(1058816K)], 3.1379781 secs] [Times: user=5.08 sys=0.00, real=3.14 secs] 
344.159: [Full GC (Ergonomics) [PSYoungGen: 238080K->0K(464896K)] [ParOldGen: 1226147K->1213323K(1398272K)] 1464227K->1213323K(1863168K), [Metaspace: 9436K->9436K(1058816K)], 3.3344247 secs] [Times: user=5.20 sys=0.00, real=3.33 secs] 
347.689: [Full GC (Ergonomics) [PSYoungGen: 238080K->0K(464896K)] [ParOldGen: 1213323K->1220302K(1398272K)] 1451403K->1220302K(1863168K), [Metaspace: 9437K->9437K(1058816K)], 2.8436929 secs] [Times: user=4.70 sys=0.00, real=2.84 secs] 
350.732: [Full GC (Ergonomics) [PSYoungGen: 237992K->0K(464896K)] [ParOldGen: 1220302K->1225262K(1398272K)] 1458294K->1225262K(1863168K), [Metaspace: 9437K->9437K(1058816K)], 3.0373199 secs] [Times: user=4.92 sys=0.00, real=3.04 secs] 
353.970: [Full GC (Ergonomics) [PSYoungGen: 238080K->0K(464896K)] [ParOldGen: 1225262K->1230821K(1398272K)] 1463342K->1230821K(1863168K), [Metaspace: 9437K->9437K(1058816K)], 3.2000110 secs] [Times: user=5.03 sys=0.00, real=3.20 secs] 
357.369: [Full GC (Ergonomics) [PSYoungGen: 238080K->0K(464896K)] [ParOldGen: 1230821K->1211445K(1398272K)] 1468901K->1211445K(1863168K), [Metaspace: 9437K->9437K(1058816K)], 3.0481580 secs] [Times: user=4.89 sys=0.00, real=3.05 secs] 
360.622: [Full GC (Ergonomics) [PSYoungGen: 238080K->0K(464896K)] [ParOldGen: 1211445K->1219156K(1398272K)] 1449525K->1219156K(1863168K), [Metaspace: 9437K->9437K(1058816K)], 2.6016215 secs] [Times: user=4.31 sys=0.00, real=2.60 secs] 
363.424: [Full GC (Ergonomics) [PSYoungGen: 238080K->0K(464896K)] [ParOldGen: 1219156K->1226114K(1398272K)] 1457236K->1226114K(1863168K), [Metaspace: 9437K->9437K(1058816K)], 3.0867304 secs] [Times: user=4.91 sys=0.00, real=3.09 secs] 
366.706: [Full GC (Ergonomics) [PSYoungGen: 238080K->0K(464896K)] [ParOldGen: 1226114K->1233043K(1398272K)] 1464194K->1233043K(1863168K), [Metaspace: 9438K->9438K(1058816K)], 3.1105408 secs] [Times: user=4.99 sys=0.00, real=3.11 secs] 
370.013: [Full GC (Ergonomics) [PSYoungGen: 238080K->0K(464896K)] [ParOldGen: 1233043K->1212511K(1398272K)] 1471123K->1212511K(1863168K), [Metaspace: 9439K->9439K(1058816K)], 3.2845405 secs] [Times: user=5.13 sys=0.00, real=3.29 secs] 
373.496: [Full GC (Ergonomics) [PSYoungGen: 238080K->0K(464896K)] [ParOldGen: 1212511K->1217947K(1398272K)] 1450591K->1217947K(1863168K), [Metaspace: 9440K->9440K(1058816K)], 3.1756245 secs] [Times: user=5.03 sys=0.00, real=3.17 secs] 
376.870: [Full GC (Ergonomics) [PSYoungGen: 238080K->0K(464896K)] [ParOldGen: 1217947K->1225551K(1398272K)] 1456027K->1225551K(1863168K), [Metaspace: 9441K->9441K(1058816K)], 2.9212816 secs] [Times: user=4.73 sys=0.00, real=2.92 secs] 
379.989: [Full GC (Ergonomics) [PSYoungGen: 238080K->0K(464896K)] [ParOldGen: 1225551K->1210343K(1398272K)] 1463631K->1210343K(1863168K), [Metaspace: 9441K->9441K(1058816K)], 2.7080758 secs] [Times: user=4.30 sys=0.00, real=2.71 secs] 
Heap
 PSYoungGen      total 464896K, used 137170K [0x00000000d5580000, 0x00000000ffa00000, 0x0000000100000000)
  eden space 238080K, 57% used [0x00000000d5580000,0x00000000ddb74828,0x00000000e3e00000)
  from space 226816K, 0% used [0x00000000f1c80000,0x00000000f1c80000,0x00000000ffa00000)
  to   space 227328K, 0% used [0x00000000e3e00000,0x00000000e3e00000,0x00000000f1c00000)
 ParOldGen       total 1398272K, used 1210343K [0x0000000080000000, 0x00000000d5580000, 0x00000000d5580000)
  object space 1398272K, 86% used [0x0000000080000000,0x00000000c9df9d68,0x00000000d5580000)
 Metaspace       used 9454K, capacity 9864K, committed 9984K, reserved 1058816K
  class space    used 1108K, capacity 1197K, committed 1280K, reserved 1048576K
