Java HotSpot(TM) 64-Bit Server VM (25.101-b13) for windows-amd64 JRE (1.8.0_101-b13), built on Jun 22 2016 01:21:29 by "java_re" with MS VC++ 10.0 (VS2010)
Memory: 4k page, physical 16664920k(10394920k free), swap 18872148k(10424816k free)
CommandLine flags: -XX:InitialHeapSize=266638720 -XX:MaxHeapSize=2147483648 -XX:+PrintGC -XX:+PrintGCDetails -XX:+PrintGCTimeStamps -XX:+UseCompressedClassPointers -XX:+UseCompressedOops -XX:-UseLargePagesIndividualAllocation -XX:+UseSerialGC 
10.197: [GC (Allocation Failure) 10.197: [DefNew: 69952K->8703K(78656K), 0.0310559 secs] 69952K->19736K(253440K), 0.0311855 secs] [Times: user=0.03 sys=0.00, real=0.03 secs] 
10.302: [GC (Allocation Failure) 10.302: [DefNew: 78655K->8703K(78656K), 0.0600930 secs] 89688K->42285K(253440K), 0.0601665 secs] [Times: user=0.05 sys=0.01, real=0.06 secs] 
10.426: [GC (Allocation Failure) 10.426: [DefNew: 78655K->8703K(78656K), 0.0542460 secs] 112237K->65266K(253440K), 0.0543114 secs] [Times: user=0.05 sys=0.00, real=0.05 secs] 
10.541: [GC (Allocation Failure) 10.541: [DefNew: 78615K->8702K(78656K), 0.0531308 secs] 135178K->87468K(253440K), 0.0531968 secs] [Times: user=0.08 sys=0.00, real=0.05 secs] 
10.651: [GC (Allocation Failure) 10.651: [DefNew: 78654K->8700K(78656K), 0.0535798 secs] 157420K->110363K(253440K), 0.0536715 secs] [Times: user=0.05 sys=0.02, real=0.05 secs] 
10.763: [GC (Allocation Failure) 10.763: [DefNew: 78652K->8704K(78656K), 0.0521554 secs] 180315K->133514K(253440K), 0.0522170 secs] [Times: user=0.05 sys=0.00, real=0.05 secs] 
10.875: [GC (Allocation Failure) 10.875: [DefNew: 78656K->8704K(78656K), 0.0493111 secs] 203466K->156626K(253440K), 0.0493714 secs] [Times: user=0.05 sys=0.00, real=0.05 secs] 
10.982: [GC (Allocation Failure) 10.982: [DefNew: 78656K->8697K(78656K), 0.0492075 secs] 226578K->179822K(253440K), 0.0492723 secs] [Times: user=0.06 sys=0.00, real=0.05 secs] 
11.089: [GC (Allocation Failure) 11.089: [DefNew: 78649K->8697K(78656K), 0.0458910 secs]11.135: [Tenured: 194314K->194328K(194480K), 0.1259728 secs] 249774K->203012K(273136K), [Metaspace: 9084K->9084K(1058816K)], 0.1724438 secs] [Times: user=0.16 sys=0.02, real=0.17 secs] 
11.369: [GC (Allocation Failure) 11.369: [DefNew: 129600K->16191K(145792K), 0.1015017 secs] 323928K->243053K(469676K), 0.1015649 secs] [Times: user=0.11 sys=0.00, real=0.10 secs] 
11.581: [GC (Allocation Failure) 11.581: [DefNew: 145791K->16192K(145792K), 0.0893056 secs] 372653K->285596K(469676K), 0.0893704 secs] [Times: user=0.08 sys=0.02, real=0.09 secs] 
11.779: [GC (Allocation Failure) 11.779: [DefNew: 145792K->16192K(145792K), 0.0978482 secs] 415196K->328467K(469676K), 0.0979095 secs] [Times: user=0.09 sys=0.00, real=0.10 secs] 
11.986: [GC (Allocation Failure) 11.986: [DefNew: 145792K->16191K(145792K), 0.1130352 secs]12.099: [Tenured: 355204K->355204K(355316K), 0.2200158 secs] 458067K->371396K(501108K), [Metaspace: 9084K->9084K(1058816K)], 0.3335042 secs] [Times: user=0.33 sys=0.00, real=0.33 secs] 
12.515: [GC (Allocation Failure) 12.515: [DefNew: 236928K->29568K(266496K), 0.2281128 secs] 592132K->443755K(858504K), 0.2281818 secs] [Times: user=0.20 sys=0.01, real=0.23 secs] 
12.938: [GC (Allocation Failure) 12.938: [DefNew: 266496K->29568K(266496K), 0.2498083 secs] 680683K->522116K(858504K), 0.2498699 secs] [Times: user=0.22 sys=0.03, real=0.25 secs] 
13.384: [GC (Allocation Failure) 13.384: [DefNew: 266496K->29567K(266496K), 0.1945895 secs] 759044K->600617K(858504K), 0.1946736 secs] [Times: user=0.20 sys=0.00, real=0.19 secs] 
13.774: [GC (Allocation Failure) 13.774: [DefNew: 266495K->29568K(266496K), 0.1996684 secs]13.973: [Tenured: 649203K->649306K(649384K), 0.4091393 secs] 837545K->678769K(915880K), [Metaspace: 9096K->9096K(1058816K)], 0.6096602 secs] [Times: user=0.59 sys=0.02, real=0.61 secs] 
14.753: [GC (Allocation Failure) 14.753: [DefNew: 432960K->54080K(487040K), 0.3645084 secs] 1082266K->812283K(1569220K), 0.3645963 secs] [Times: user=0.31 sys=0.05, real=0.37 secs] 
15.481: [GC (Allocation Failure) 15.481: [DefNew: 487040K->54080K(487040K), 0.4020817 secs] 1245243K->955649K(1569220K), 0.4021658 secs] [Times: user=0.36 sys=0.05, real=0.40 secs] 
16.236: [GC (Allocation Failure) 16.236: [DefNew: 487040K->54080K(487040K), 0.3801063 secs] 1388609K->1099055K(1569220K), 0.3801650 secs] [Times: user=0.34 sys=0.03, real=0.38 secs] 
16.971: [GC (Allocation Failure) 16.971: [DefNew: 487040K->54080K(487040K), 0.3848503 secs]17.356: [Tenured: 1188310K->1188318K(1188468K), 1.0474829 secs] 1532015K->1217393K(1675508K), [Metaspace: 9123K->9123K(1058816K)], 1.4327851 secs] [Times: user=1.42 sys=0.02, real=1.43 secs] 
18.851: [GC (Allocation Failure) 18.851: [DefNew: 559232K->69888K(629120K), 0.5526771 secs] 1747550K->1393391K(2027264K), 0.5527460 secs] [Times: user=0.53 sys=0.02, real=0.55 secs] 
19.873: [GC (Allocation Failure) 19.873: [DefNew: 629120K->629120K(629120K), 0.0000148 secs]19.873: [Tenured: 1323503K->1274538K(1398144K), 1.0552752 secs] 1952623K->1274538K(2027264K), [Metaspace: 9178K->9178K(1058816K)], 1.0553682 secs] [Times: user=1.05 sys=0.00, real=1.06 secs] 
21.386: [GC (Allocation Failure) 21.386: [DefNew: 559232K->559232K(629120K), 0.0000164 secs]21.386: [Tenured: 1274538K->1266449K(1398144K), 1.0424158 secs] 1833770K->1266449K(2027264K), [Metaspace: 9182K->9182K(1058816K)], 1.0425108 secs] [Times: user=1.03 sys=0.00, real=1.04 secs] 
22.887: [GC (Allocation Failure) 22.887: [DefNew: 559232K->559232K(629120K), 0.0000154 secs]22.887: [Tenured: 1266449K->1262468K(1398144K), 1.0334678 secs] 1825681K->1262468K(2027264K), [Metaspace: 9186K->9186K(1058816K)], 1.0335573 secs] [Times: user=1.05 sys=0.00, real=1.03 secs] 
24.378: [GC (Allocation Failure) 24.378: [DefNew: 559232K->559232K(629120K), 0.0000173 secs]24.378: [Tenured: 1262468K->1223397K(1398144K), 1.0609449 secs] 1821700K->1223397K(2027264K), [Metaspace: 9192K->9192K(1058816K)], 1.0610421 secs] [Times: user=1.06 sys=0.00, real=1.06 secs] 
25.918: [GC (Allocation Failure) 25.918: [DefNew: 559232K->69888K(629120K), 0.2581902 secs] 1782629K->1409041K(2027264K), 0.2582652 secs] [Times: user=0.22 sys=0.05, real=0.26 secs] 
26.637: [GC (Allocation Failure) 26.637: [DefNew: 629120K->629120K(629120K), 0.0000160 secs]26.637: [Tenured: 1339153K->1213356K(1398144K), 1.0501328 secs] 1968273K->1213356K(2027264K), [Metaspace: 9195K->9195K(1058816K)], 1.0502396 secs] [Times: user=1.06 sys=0.00, real=1.05 secs] 
28.153: [GC (Allocation Failure) 28.153: [DefNew: 559232K->69887K(629120K), 0.2306650 secs] 1772588K->1398925K(2027264K), 0.2307464 secs] [Times: user=0.23 sys=0.00, real=0.23 secs] 
28.844: [GC (Allocation Failure) 28.844: [DefNew: 629119K->629119K(629120K), 0.0000170 secs]28.844: [Tenured: 1329037K->1199131K(1398144K), 1.0465120 secs] 1958157K->1199131K(2027264K), [Metaspace: 9202K->9202K(1058816K)], 1.0466201 secs] [Times: user=1.05 sys=0.00, real=1.05 secs] 
30.353: [GC (Allocation Failure) 30.353: [DefNew: 559232K->69888K(629120K), 0.2298625 secs] 1758363K->1384604K(2027264K), 0.2299292 secs] [Times: user=0.23 sys=0.00, real=0.23 secs] 
31.047: [GC (Allocation Failure) 31.047: [DefNew: 629120K->629120K(629120K), 0.0000167 secs]31.047: [Tenured: 1314716K->1208746K(1398144K), 1.0459023 secs] 1943836K->1208746K(2027264K), [Metaspace: 9228K->9228K(1058816K)], 1.0460010 secs] [Times: user=1.05 sys=0.00, real=1.05 secs] 
32.557: [GC (Allocation Failure) 32.557: [DefNew: 559232K->69887K(629120K), 0.2323761 secs] 1767978K->1394099K(2027264K), 0.2324464 secs] [Times: user=0.23 sys=0.00, real=0.23 secs] 
33.250: [GC (Allocation Failure) 33.250: [DefNew: 629119K->629119K(629120K), 0.0000167 secs]33.250: [Tenured: 1324211K->1203068K(1398144K), 1.0376493 secs] 1953331K->1203068K(2027264K), [Metaspace: 9248K->9248K(1058816K)], 1.0377526 secs] [Times: user=1.03 sys=0.00, real=1.04 secs] 
34.750: [GC (Allocation Failure) 34.750: [DefNew: 559232K->69888K(629120K), 0.2387697 secs] 1762300K->1388828K(2027264K), 0.2388278 secs] [Times: user=0.24 sys=0.00, real=0.24 secs] 
35.442: [GC (Allocation Failure) 35.442: [DefNew: 629120K->629120K(629120K), 0.0000164 secs]35.442: [Tenured: 1318940K->1191374K(1398144K), 1.0348961 secs] 1948060K->1191374K(2027264K), [Metaspace: 9252K->9252K(1058816K)], 1.0350282 secs] [Times: user=1.03 sys=0.00, real=1.03 secs] 
36.937: [GC (Allocation Failure) 36.937: [DefNew: 559232K->69888K(629120K), 0.2251890 secs] 1750606K->1377091K(2027264K), 0.2252711 secs] [Times: user=0.22 sys=0.00, real=0.22 secs] 
37.622: [GC (Allocation Failure) 37.622: [DefNew: 629120K->629120K(629120K), 0.0000160 secs]37.622: [Tenured: 1307203K->1201179K(1398144K), 1.0442986 secs] 1936323K->1201179K(2027264K), [Metaspace: 9264K->9264K(1058816K)], 1.0444236 secs] [Times: user=1.05 sys=0.00, real=1.04 secs] 
39.126: [GC (Allocation Failure) 39.126: [DefNew: 559232K->69888K(629120K), 0.2320746 secs] 1760411K->1386830K(2027264K), 0.2321564 secs] [Times: user=0.23 sys=0.00, real=0.23 secs] 
39.824: [GC (Allocation Failure) 39.824: [DefNew: 629120K->629120K(629120K), 0.0000157 secs]39.824: [Tenured: 1316942K->1199509K(1398144K), 1.0548935 secs] 1946062K->1199509K(2027264K), [Metaspace: 9267K->9267K(1058816K)], 1.0549788 secs] [Times: user=1.06 sys=0.00, real=1.05 secs] 
41.342: [GC (Allocation Failure) 41.342: [DefNew: 559232K->69888K(629120K), 0.2256127 secs] 1758741K->1385024K(2027264K), 0.2256762 secs] [Times: user=0.22 sys=0.00, real=0.22 secs] 
42.029: [GC (Allocation Failure) 42.029: [DefNew: 629120K->629120K(629120K), 0.0000160 secs]42.029: [Tenured: 1315136K->1215421K(1398144K), 1.0515396 secs] 1944256K->1215421K(2027264K), [Metaspace: 9286K->9286K(1058816K)], 1.0516351 secs] [Times: user=1.06 sys=0.00, real=1.05 secs] 
43.539: [GC (Allocation Failure) 43.539: [DefNew: 559232K->559232K(629120K), 0.0000151 secs]43.539: [Tenured: 1215421K->1209238K(1398144K), 1.0472494 secs] 1774653K->1209238K(2027264K), [Metaspace: 9311K->9311K(1058816K)], 1.0473417 secs] [Times: user=1.05 sys=0.00, real=1.05 secs] 
45.049: [GC (Allocation Failure) 45.049: [DefNew: 559232K->559232K(629120K), 0.0000176 secs]45.049: [Tenured: 1209238K->1202802K(1398144K), 1.0467121 secs] 1768470K->1202802K(2027264K), [Metaspace: 9312K->9312K(1058816K)], 1.0468010 secs] [Times: user=1.03 sys=0.00, real=1.05 secs] 
46.556: [GC (Allocation Failure) 46.556: [DefNew: 559232K->69888K(629120K), 0.2254687 secs] 1762034K->1388318K(2027264K), 0.2255752 secs] [Times: user=0.23 sys=0.00, real=0.23 secs] 
47.235: [GC (Allocation Failure) 47.235: [DefNew: 629120K->629120K(629120K), 0.0000164 secs]47.235: [Tenured: 1318430K->1238822K(1398144K), 1.0545436 secs] 1947550K->1238822K(2027264K), [Metaspace: 9319K->9319K(1058816K)], 1.0546475 secs] [Times: user=1.05 sys=0.00, real=1.06 secs] 
48.751: [GC (Allocation Failure) 48.751: [DefNew: 559232K->559232K(629120K), 0.0000157 secs]48.751: [Tenured: 1238822K->1211872K(1398144K), 1.0601511 secs] 1798054K->1211872K(2027264K), [Metaspace: 9321K->9321K(1058816K)], 1.0602528 secs] [Times: user=1.06 sys=0.00, real=1.06 secs] 
50.272: [GC (Allocation Failure) 50.272: [DefNew: 559232K->559232K(629120K), 0.0000167 secs]50.272: [Tenured: 1211872K->1203303K(1398144K), 1.0537658 secs] 1771104K->1203303K(2027264K), [Metaspace: 9336K->9336K(1058816K)], 1.0538688 secs] [Times: user=1.06 sys=0.00, real=1.05 secs] 
51.786: [GC (Allocation Failure) 51.786: [DefNew: 559232K->69887K(629120K), 0.2298564 secs] 1762535K->1388492K(2027264K), 0.2299273 secs] [Times: user=0.24 sys=0.00, real=0.23 secs] 
52.468: [GC (Allocation Failure) 52.468: [DefNew: 629119K->629119K(629120K), 0.0000173 secs]52.468: [Tenured: 1318604K->1213949K(1398144K), 1.0679082 secs] 1947724K->1213949K(2027264K), [Metaspace: 9343K->9343K(1058816K)], 1.0680130 secs] [Times: user=1.06 sys=0.00, real=1.07 secs] 
53.998: [GC (Allocation Failure) 53.998: [DefNew: 559232K->559232K(629120K), 0.0000167 secs]53.998: [Tenured: 1213949K->1209568K(1398144K), 1.0582690 secs] 1773181K->1209568K(2027264K), [Metaspace: 9351K->9351K(1058816K)], 1.0583691 secs] [Times: user=1.05 sys=0.00, real=1.06 secs] 
55.519: [GC (Allocation Failure) 55.519: [DefNew: 559232K->559232K(629120K), 0.0000167 secs]55.519: [Tenured: 1209568K->1206036K(1398144K), 1.0646809 secs] 1768800K->1206036K(2027264K), [Metaspace: 9358K->9358K(1058816K)], 1.0647880 secs] [Times: user=1.05 sys=0.00, real=1.07 secs] 
57.042: [GC (Allocation Failure) 57.042: [DefNew: 559232K->69887K(629120K), 0.2258802 secs] 1765268K->1391818K(2027264K), 0.2259674 secs] [Times: user=0.23 sys=0.00, real=0.22 secs] 
57.729: [GC (Allocation Failure) 57.729: [DefNew: 629119K->629119K(629120K), 0.0000160 secs]57.729: [Tenured: 1321930K->1215113K(1398144K), 1.0574944 secs] 1951050K->1215113K(2027264K), [Metaspace: 9372K->9372K(1058816K)], 1.0576214 secs] [Times: user=1.06 sys=0.00, real=1.06 secs] 
59.248: [GC (Allocation Failure) 59.248: [DefNew: 559232K->559232K(629120K), 0.0000157 secs]59.249: [Tenured: 1215113K->1206103K(1398144K), 1.0394734 secs] 1774345K->1206103K(2027264K), [Metaspace: 9374K->9374K(1058816K)], 1.0395683 secs] [Times: user=1.03 sys=0.00, real=1.04 secs] 
60.758: [GC (Allocation Failure) 60.758: [DefNew: 559232K->559232K(629120K), 0.0000160 secs]60.758: [Tenured: 1206103K->1222281K(1398144K), 1.0635747 secs] 1765335K->1222281K(2027264K), [Metaspace: 9377K->9377K(1058816K)], 1.0636763 secs] [Times: user=1.06 sys=0.00, real=1.06 secs] 
62.284: [GC (Allocation Failure) 62.284: [DefNew: 559232K->559232K(629120K), 0.0000160 secs]62.284: [Tenured: 1222281K->1210351K(1398144K), 1.0530172 secs] 1781513K->1210351K(2027264K), [Metaspace: 9377K->9377K(1058816K)], 1.0531083 secs] [Times: user=1.05 sys=0.00, real=1.05 secs] 
63.793: [GC (Allocation Failure) 63.793: [DefNew: 559232K->559232K(629120K), 0.0000167 secs]63.793: [Tenured: 1210351K->1205870K(1398144K), 1.0426416 secs] 1769583K->1205870K(2027264K), [Metaspace: 9410K->9410K(1058816K)], 1.0427346 secs] [Times: user=1.05 sys=0.00, real=1.04 secs] 
65.294: [GC (Allocation Failure) 65.294: [DefNew: 559232K->69888K(629120K), 0.2358789 secs] 1765102K->1391332K(2027264K), 0.2359376 secs] [Times: user=0.25 sys=0.00, real=0.24 secs] 
65.989: [GC (Allocation Failure) 65.989: [DefNew: 629120K->629120K(629120K), 0.0000170 secs]65.989: [Tenured: 1321444K->1216865K(1398144K), 1.0569841 secs] 1950564K->1216865K(2027264K), [Metaspace: 9414K->9414K(1058816K)], 1.0571031 secs] [Times: user=1.06 sys=0.00, real=1.06 secs] 
67.506: [GC (Allocation Failure) 67.506: [DefNew: 559232K->559232K(629120K), 0.0000154 secs]67.506: [Tenured: 1216865K->1269797K(1398144K), 1.0535544 secs] 1776097K->1269797K(2027264K), [Metaspace: 9414K->9414K(1058816K)], 1.0536783 secs] [Times: user=1.06 sys=0.00, real=1.05 secs] 
69.020: [GC (Allocation Failure) 69.020: [DefNew: 559232K->559232K(629120K), 0.0000157 secs]69.020: [Tenured: 1269797K->1208754K(1398144K), 1.0482571 secs] 1829029K->1208754K(2027264K), [Metaspace: 9414K->9414K(1058816K)], 1.0483469 secs] [Times: user=1.05 sys=0.00, real=1.05 secs] 
70.531: [GC (Allocation Failure) 70.531: [DefNew: 559232K->559232K(629120K), 0.0000164 secs]70.531: [Tenured: 1208754K->1225329K(1398144K), 1.0696847 secs] 1767986K->1225329K(2027264K), [Metaspace: 9415K->9415K(1058816K)], 1.0697813 secs] [Times: user=1.06 sys=0.00, real=1.07 secs] 
72.065: [GC (Allocation Failure) 72.065: [DefNew: 559232K->559232K(629120K), 0.0000154 secs]72.065: [Tenured: 1225329K->1220975K(1398144K), 1.0546751 secs] 1784561K->1220975K(2027264K), [Metaspace: 9417K->9417K(1058816K)], 1.0547774 secs] [Times: user=1.05 sys=0.00, real=1.05 secs] 
73.587: [GC (Allocation Failure) 73.587: [DefNew: 559232K->559232K(629120K), 0.0000154 secs]73.588: [Tenured: 1220975K->1213156K(1398144K), 1.0497235 secs] 1780207K->1213156K(2027264K), [Metaspace: 9417K->9417K(1058816K)], 1.0498156 secs] [Times: user=1.05 sys=0.00, real=1.05 secs] 
75.101: [GC (Allocation Failure) 75.101: [DefNew: 559232K->559232K(629120K), 0.0000266 secs]75.101: [Tenured: 1213156K->1228415K(1398144K), 1.0670758 secs] 1772388K->1228415K(2027264K), [Metaspace: 9417K->9417K(1058816K)], 1.0671746 secs] [Times: user=1.06 sys=0.00, real=1.07 secs] 
Heap
 def new generation   total 629120K, used 28310K [0x0000000080000000, 0x00000000aaaa0000, 0x00000000aaaa0000)
  eden space 559232K,   5% used [0x0000000080000000, 0x0000000081ba5948, 0x00000000a2220000)
  from space 69888K,   0% used [0x00000000a6660000, 0x00000000a6660000, 0x00000000aaaa0000)
  to   space 69888K,   0% used [0x00000000a2220000, 0x00000000a2220000, 0x00000000a6660000)
 tenured generation   total 1398144K, used 1228415K [0x00000000aaaa0000, 0x0000000100000000, 0x0000000100000000)
   the space 1398144K,  87% used [0x00000000aaaa0000, 0x00000000f5a3fda8, 0x00000000f5a3fe00, 0x0000000100000000)
 Metaspace       used 9430K, capacity 9800K, committed 9984K, reserved 1058816K
  class space    used 1107K, capacity 1197K, committed 1280K, reserved 1048576K
